Command line invocation:
    /Applications/Xcode.app/Contents/Developer/usr/bin/xcodebuild -scheme OPS -workspace OPS.xcodeproj/project.xcworkspace -destination "platform=iOS Simulator,name=iPhone 16,OS=18.3.1" clean build

User defaults from command line:
    IDEPackageSupportUseBuiltinSCM = YES

--- xcodebuild: WARNING: Using the first of multiple matching destinations:
{ platform:iOS Simulator, id:1DEAA998-DC9A-4C25-9946-48C8D48C08FA, OS:18.3.1, name:iPhone 16 }
{ platform:iOS Simulator, id:1DEAA998-DC9A-4C25-9946-48C8D48C08FA, OS:18.3.1, name:iPhone 16 }

** CLEAN SUCCEEDED **

--- xcodebuild: WARNING: Using the first of multiple matching destinations:
{ platform:iOS Simulator, id:1DEAA998-DC9A-4C25-9946-48C8D48C08FA, OS:18.3.1, name:iPhone 16 }
{ platform:iOS Simulator, id:1DEAA998-DC9A-4C25-9946-48C8D48C08FA, OS:18.3.1, name:iPhone 16 }
Prepare packages

ComputeTargetDependencyGraph
note: Building targets in dependency order
note: Target dependency graph (1 target)
    Target 'OPS' in project 'OPS' (no dependencies)

GatherProvisioningInputs

CreateBuildDescription

ExecuteExternalTool /Applications/Xcode.app/Contents/Developer/Toolchains/XcodeDefault.xctoolchain/usr/bin/clang -v -E -dM -isysroot /Applications/Xcode.app/Contents/Developer/Platforms/iPhoneSimulator.platform/Developer/SDKs/iPhoneSimulator18.2.sdk -x c -c /dev/null

ExecuteExternalTool /Applications/Xcode.app/Contents/Developer/usr/bin/actool --print-asset-tag-combinations --output-format xml1 /Users/jacksonsweet/Desktop/OPS APP/OPS/OPS/Preview Content/Preview Assets.xcassets /Users/jacksonsweet/Desktop/OPS APP/OPS/OPS/Assets.xcassets

ExecuteExternalTool /Applications/Xcode.app/Contents/Developer/usr/bin/actool --version --output-format xml1

ExecuteExternalTool /Applications/Xcode.app/Contents/Developer/Toolchains/XcodeDefault.xctoolchain/usr/bin/swiftc --version

ExecuteExternalTool /Applications/Xcode.app/Contents/Developer/Toolchains/XcodeDefault.xctoolchain/usr/bin/ld -version_details

Build description signature: bc851f7bd44e25d3bf61f5fa4b3e4389
Build description path: /Users/jacksonsweet/Library/Developer/Xcode/DerivedData/OPS-czavgtmnvamasvcjgszzuulfcsxj/Build/Intermediates.noindex/XCBuildData/bc851f7bd44e25d3bf61f5fa4b3e4389.xcbuilddata
ClangStatCache /Applications/Xcode.app/Contents/Developer/Toolchains/XcodeDefault.xctoolchain/usr/bin/clang-stat-cache /Applications/Xcode.app/Contents/Developer/Platforms/iPhoneSimulator.platform/Developer/SDKs/iPhoneSimulator18.2.sdk /Users/jacksonsweet/Library/Developer/Xcode/DerivedData/SDKStatCaches.noindex/iphonesimulator18.2-22C146-07b28473f605e47e75261259d3ef3b5a.sdkstatcache
    cd /Users/jacksonsweet/Desktop/OPS\ APP/OPS/OPS.xcodeproj
    /Applications/Xcode.app/Contents/Developer/Toolchains/XcodeDefault.xctoolchain/usr/bin/clang-stat-cache /Applications/Xcode.app/Contents/Developer/Platforms/iPhoneSimulator.platform/Developer/SDKs/iPhoneSimulator18.2.sdk -o /Users/jacksonsweet/Library/Developer/Xcode/DerivedData/SDKStatCaches.noindex/iphonesimulator18.2-22C146-07b28473f605e47e75261259d3ef3b5a.sdkstatcache

CreateBuildDirectory /Users/jacksonsweet/Library/Developer/Xcode/DerivedData/OPS-czavgtmnvamasvcjgszzuulfcsxj/Build/Products
    cd /Users/jacksonsweet/Desktop/OPS\ APP/OPS/OPS.xcodeproj
    builtin-create-build-directory /Users/jacksonsweet/Library/Developer/Xcode/DerivedData/OPS-czavgtmnvamasvcjgszzuulfcsxj/Build/Products

CreateBuildDirectory /Users/jacksonsweet/Library/Developer/Xcode/DerivedData/OPS-czavgtmnvamasvcjgszzuulfcsxj/Build/Intermediates.noindex
    cd /Users/jacksonsweet/Desktop/OPS\ APP/OPS/OPS.xcodeproj
    builtin-create-build-directory /Users/jacksonsweet/Library/Developer/Xcode/DerivedData/OPS-czavgtmnvamasvcjgszzuulfcsxj/Build/Intermediates.noindex

CreateBuildDirectory /Users/jacksonsweet/Library/Developer/Xcode/DerivedData/OPS-czavgtmnvamasvcjgszzuulfcsxj/Build/Products/Debug-iphonesimulator
    cd /Users/jacksonsweet/Desktop/OPS\ APP/OPS/OPS.xcodeproj
    builtin-create-build-directory /Users/jacksonsweet/Library/Developer/Xcode/DerivedData/OPS-czavgtmnvamasvcjgszzuulfcsxj/Build/Products/Debug-iphonesimulator

WriteAuxiliaryFile /Users/jacksonsweet/Library/Developer/Xcode/DerivedData/OPS-czavgtmnvamasvcjgszzuulfcsxj/Build/Intermediates.noindex/OPS.build/Debug-iphonesimulator/OPS-c3cc2abb764fabbf8cef7b77dc6f4524-VFS-iphonesimulator/all-product-headers.yaml
    cd /Users/jacksonsweet/Desktop/OPS\ APP/OPS/OPS.xcodeproj
    write-file /Users/jacksonsweet/Library/Developer/Xcode/DerivedData/OPS-czavgtmnvamasvcjgszzuulfcsxj/Build/Intermediates.noindex/OPS.build/Debug-iphonesimulator/OPS-c3cc2abb764fabbf8cef7b77dc6f4524-VFS-iphonesimulator/all-product-headers.yaml

CreateBuildDirectory /Users/jacksonsweet/Library/Developer/Xcode/DerivedData/OPS-czavgtmnvamasvcjgszzuulfcsxj/Build/Intermediates.noindex/EagerLinkingTBDs/Debug-iphonesimulator
    cd /Users/jacksonsweet/Desktop/OPS\ APP/OPS/OPS.xcodeproj
    builtin-create-build-directory /Users/jacksonsweet/Library/Developer/Xcode/DerivedData/OPS-czavgtmnvamasvcjgszzuulfcsxj/Build/Intermediates.noindex/EagerLinkingTBDs/Debug-iphonesimulator

WriteAuxiliaryFile /Users/jacksonsweet/Library/Developer/Xcode/DerivedData/OPS-czavgtmnvamasvcjgszzuulfcsxj/Build/Intermediates.noindex/OPS.build/Debug-iphonesimulator/OPS.build/OPS.hmap (in target 'OPS' from project 'OPS')
    cd /Users/jacksonsweet/Desktop/OPS\ APP/OPS
    write-file /Users/jacksonsweet/Library/Developer/Xcode/DerivedData/OPS-czavgtmnvamasvcjgszzuulfcsxj/Build/Intermediates.noindex/OPS.build/Debug-iphonesimulator/OPS.build/OPS.hmap

WriteAuxiliaryFile /Users/jacksonsweet/Library/Developer/Xcode/DerivedData/OPS-czavgtmnvamasvcjgszzuulfcsxj/Build/Intermediates.noindex/OPS.build/Debug-iphonesimulator/OPS.build/OPS-own-target-headers.hmap (in target 'OPS' from project 'OPS')
    cd /Users/jacksonsweet/Desktop/OPS\ APP/OPS
    write-file /Users/jacksonsweet/Library/Developer/Xcode/DerivedData/OPS-czavgtmnvamasvcjgszzuulfcsxj/Build/Intermediates.noindex/OPS.build/Debug-iphonesimulator/OPS.build/OPS-own-target-headers.hmap

WriteAuxiliaryFile /Users/jacksonsweet/Library/Developer/Xcode/DerivedData/OPS-czavgtmnvamasvcjgszzuulfcsxj/Build/Intermediates.noindex/OPS.build/Debug-iphonesimulator/OPS.build/OPS-project-headers.hmap (in target 'OPS' from project 'OPS')
    cd /Users/jacksonsweet/Desktop/OPS\ APP/OPS
    write-file /Users/jacksonsweet/Library/Developer/Xcode/DerivedData/OPS-czavgtmnvamasvcjgszzuulfcsxj/Build/Intermediates.noindex/OPS.build/Debug-iphonesimulator/OPS.build/OPS-project-headers.hmap

WriteAuxiliaryFile /Users/jacksonsweet/Library/Developer/Xcode/DerivedData/OPS-czavgtmnvamasvcjgszzuulfcsxj/Build/Intermediates.noindex/OPS.build/Debug-iphonesimulator/OPS.build/Objects-normal/arm64/OPS_const_extract_protocols.json (in target 'OPS' from project 'OPS')
    cd /Users/jacksonsweet/Desktop/OPS\ APP/OPS
    write-file /Users/jacksonsweet/Library/Developer/Xcode/DerivedData/OPS-czavgtmnvamasvcjgszzuulfcsxj/Build/Intermediates.noindex/OPS.build/Debug-iphonesimulator/OPS.build/Objects-normal/arm64/OPS_const_extract_protocols.json

WriteAuxiliaryFile /Users/jacksonsweet/Library/Developer/Xcode/DerivedData/OPS-czavgtmnvamasvcjgszzuulfcsxj/Build/Intermediates.noindex/OPS.build/Debug-iphonesimulator/OPS.build/Objects-normal/arm64/OPS-OutputFileMap.json (in target 'OPS' from project 'OPS')
    cd /Users/jacksonsweet/Desktop/OPS\ APP/OPS
    write-file /Users/jacksonsweet/Library/Developer/Xcode/DerivedData/OPS-czavgtmnvamasvcjgszzuulfcsxj/Build/Intermediates.noindex/OPS.build/Debug-iphonesimulator/OPS.build/Objects-normal/arm64/OPS-OutputFileMap.json

WriteAuxiliaryFile /Users/jacksonsweet/Library/Developer/Xcode/DerivedData/OPS-czavgtmnvamasvcjgszzuulfcsxj/Build/Intermediates.noindex/OPS.build/Debug-iphonesimulator/OPS.build/OPS-generated-files.hmap (in target 'OPS' from project 'OPS')
    cd /Users/jacksonsweet/Desktop/OPS\ APP/OPS
    write-file /Users/jacksonsweet/Library/Developer/Xcode/DerivedData/OPS-czavgtmnvamasvcjgszzuulfcsxj/Build/Intermediates.noindex/OPS.build/Debug-iphonesimulator/OPS.build/OPS-generated-files.hmap

WriteAuxiliaryFile /Users/jacksonsweet/Library/Developer/Xcode/DerivedData/OPS-czavgtmnvamasvcjgszzuulfcsxj/Build/Intermediates.noindex/OPS.build/Debug-iphonesimulator/OPS.build/OPS-all-non-framework-target-headers.hmap (in target 'OPS' from project 'OPS')
    cd /Users/jacksonsweet/Desktop/OPS\ APP/OPS
    write-file /Users/jacksonsweet/Library/Developer/Xcode/DerivedData/OPS-czavgtmnvamasvcjgszzuulfcsxj/Build/Intermediates.noindex/OPS.build/Debug-iphonesimulator/OPS.build/OPS-all-non-framework-target-headers.hmap

WriteAuxiliaryFile /Users/jacksonsweet/Library/Developer/Xcode/DerivedData/OPS-czavgtmnvamasvcjgszzuulfcsxj/Build/Intermediates.noindex/OPS.build/Debug-iphonesimulator/OPS.build/OPS-all-target-headers.hmap (in target 'OPS' from project 'OPS')
    cd /Users/jacksonsweet/Desktop/OPS\ APP/OPS
    write-file /Users/jacksonsweet/Library/Developer/Xcode/DerivedData/OPS-czavgtmnvamasvcjgszzuulfcsxj/Build/Intermediates.noindex/OPS.build/Debug-iphonesimulator/OPS.build/OPS-all-target-headers.hmap

WriteAuxiliaryFile /Users/jacksonsweet/Library/Developer/Xcode/DerivedData/OPS-czavgtmnvamasvcjgszzuulfcsxj/Build/Intermediates.noindex/OPS.build/Debug-iphonesimulator/OPS.build/OPS-DebugDylibPath-normal-arm64.txt (in target 'OPS' from project 'OPS')
    cd /Users/jacksonsweet/Desktop/OPS\ APP/OPS
    write-file /Users/jacksonsweet/Library/Developer/Xcode/DerivedData/OPS-czavgtmnvamasvcjgszzuulfcsxj/Build/Intermediates.noindex/OPS.build/Debug-iphonesimulator/OPS.build/OPS-DebugDylibPath-normal-arm64.txt

WriteAuxiliaryFile /Users/jacksonsweet/Library/Developer/Xcode/DerivedData/OPS-czavgtmnvamasvcjgszzuulfcsxj/Build/Intermediates.noindex/OPS.build/Debug-iphonesimulator/OPS.build/Objects-normal/arm64/OPS.SwiftFileList (in target 'OPS' from project 'OPS')
    cd /Users/jacksonsweet/Desktop/OPS\ APP/OPS
    write-file /Users/jacksonsweet/Library/Developer/Xcode/DerivedData/OPS-czavgtmnvamasvcjgszzuulfcsxj/Build/Intermediates.noindex/OPS.build/Debug-iphonesimulator/OPS.build/Objects-normal/arm64/OPS.SwiftFileList

WriteAuxiliaryFile /Users/jacksonsweet/Library/Developer/Xcode/DerivedData/OPS-czavgtmnvamasvcjgszzuulfcsxj/Build/Intermediates.noindex/OPS.build/Debug-iphonesimulator/OPS.build/Objects-normal/arm64/OPS.LinkFileList (in target 'OPS' from project 'OPS')
    cd /Users/jacksonsweet/Desktop/OPS\ APP/OPS
    write-file /Users/jacksonsweet/Library/Developer/Xcode/DerivedData/OPS-czavgtmnvamasvcjgszzuulfcsxj/Build/Intermediates.noindex/OPS.build/Debug-iphonesimulator/OPS.build/Objects-normal/arm64/OPS.LinkFileList

WriteAuxiliaryFile /Users/jacksonsweet/Library/Developer/Xcode/DerivedData/OPS-czavgtmnvamasvcjgszzuulfcsxj/Build/Intermediates.noindex/OPS.build/Debug-iphonesimulator/OPS.build/Objects-normal/arm64/OPS.SwiftConstValuesFileList (in target 'OPS' from project 'OPS')
    cd /Users/jacksonsweet/Desktop/OPS\ APP/OPS
    write-file /Users/jacksonsweet/Library/Developer/Xcode/DerivedData/OPS-czavgtmnvamasvcjgszzuulfcsxj/Build/Intermediates.noindex/OPS.build/Debug-iphonesimulator/OPS.build/Objects-normal/arm64/OPS.SwiftConstValuesFileList

WriteAuxiliaryFile /Users/jacksonsweet/Library/Developer/Xcode/DerivedData/OPS-czavgtmnvamasvcjgszzuulfcsxj/Build/Intermediates.noindex/OPS.build/Debug-iphonesimulator/OPS.build/OPS.DependencyMetadataFileList (in target 'OPS' from project 'OPS')
    cd /Users/jacksonsweet/Desktop/OPS\ APP/OPS
    write-file /Users/jacksonsweet/Library/Developer/Xcode/DerivedData/OPS-czavgtmnvamasvcjgszzuulfcsxj/Build/Intermediates.noindex/OPS.build/Debug-iphonesimulator/OPS.build/OPS.DependencyMetadataFileList

WriteAuxiliaryFile /Users/jacksonsweet/Library/Developer/Xcode/DerivedData/OPS-czavgtmnvamasvcjgszzuulfcsxj/Build/Intermediates.noindex/OPS.build/Debug-iphonesimulator/OPS.build/OPS-DebugDylibInstallName-normal-arm64.txt (in target 'OPS' from project 'OPS')
    cd /Users/jacksonsweet/Desktop/OPS\ APP/OPS
    write-file /Users/jacksonsweet/Library/Developer/Xcode/DerivedData/OPS-czavgtmnvamasvcjgszzuulfcsxj/Build/Intermediates.noindex/OPS.build/Debug-iphonesimulator/OPS.build/OPS-DebugDylibInstallName-normal-arm64.txt

MkDir /Users/jacksonsweet/Library/Developer/Xcode/DerivedData/OPS-czavgtmnvamasvcjgszzuulfcsxj/Build/Products/Debug-iphonesimulator/OPS.app (in target 'OPS' from project 'OPS')
    cd /Users/jacksonsweet/Desktop/OPS\ APP/OPS
    /bin/mkdir -p /Users/jacksonsweet/Library/Developer/Xcode/DerivedData/OPS-czavgtmnvamasvcjgszzuulfcsxj/Build/Products/Debug-iphonesimulator/OPS.app

WriteAuxiliaryFile /Users/jacksonsweet/Library/Developer/Xcode/DerivedData/OPS-czavgtmnvamasvcjgszzuulfcsxj/Build/Intermediates.noindex/OPS.build/Debug-iphonesimulator/OPS.build/DerivedSources/Entitlements-Simulated.plist (in target 'OPS' from project 'OPS')
    cd /Users/jacksonsweet/Desktop/OPS\ APP/OPS
    write-file /Users/jacksonsweet/Library/Developer/Xcode/DerivedData/OPS-czavgtmnvamasvcjgszzuulfcsxj/Build/Intermediates.noindex/OPS.build/Debug-iphonesimulator/OPS.build/DerivedSources/Entitlements-Simulated.plist

ValidateDevelopmentAssets /Users/jacksonsweet/Library/Developer/Xcode/DerivedData/OPS-czavgtmnvamasvcjgszzuulfcsxj/Build/Intermediates.noindex/OPS.build/Debug-iphonesimulator/OPS.build (in target 'OPS' from project 'OPS')
    cd /Users/jacksonsweet/Desktop/OPS\ APP/OPS
    builtin-validate-development-assets --validate YES_ERROR /Users/jacksonsweet/Desktop/OPS\ APP/OPS/OPS/Preview\ Content

ProcessProductPackaging "" /Users/jacksonsweet/Library/Developer/Xcode/DerivedData/OPS-czavgtmnvamasvcjgszzuulfcsxj/Build/Intermediates.noindex/OPS.build/Debug-iphonesimulator/OPS.build/OPS.app-Simulated.xcent (in target 'OPS' from project 'OPS')
    cd /Users/jacksonsweet/Desktop/OPS\ APP/OPS
    
    Entitlements:
    
    {
    "application-identifier" = "X47H96M34K.co.opsapp.ops.OPS";
}
    
    builtin-productPackagingUtility -entitlements -format xml -o /Users/jacksonsweet/Library/Developer/Xcode/DerivedData/OPS-czavgtmnvamasvcjgszzuulfcsxj/Build/Intermediates.noindex/OPS.build/Debug-iphonesimulator/OPS.build/OPS.app-Simulated.xcent

ProcessProductPackagingDER /Users/jacksonsweet/Library/Developer/Xcode/DerivedData/OPS-czavgtmnvamasvcjgszzuulfcsxj/Build/Intermediates.noindex/OPS.build/Debug-iphonesimulator/OPS.build/OPS.app-Simulated.xcent /Users/jacksonsweet/Library/Developer/Xcode/DerivedData/OPS-czavgtmnvamasvcjgszzuulfcsxj/Build/Intermediates.noindex/OPS.build/Debug-iphonesimulator/OPS.build/OPS.app-Simulated.xcent.der (in target 'OPS' from project 'OPS')
    cd /Users/jacksonsweet/Desktop/OPS\ APP/OPS
    /usr/bin/derq query -f xml -i /Users/jacksonsweet/Library/Developer/Xcode/DerivedData/OPS-czavgtmnvamasvcjgszzuulfcsxj/Build/Intermediates.noindex/OPS.build/Debug-iphonesimulator/OPS.build/OPS.app-Simulated.xcent -o /Users/jacksonsweet/Library/Developer/Xcode/DerivedData/OPS-czavgtmnvamasvcjgszzuulfcsxj/Build/Intermediates.noindex/OPS.build/Debug-iphonesimulator/OPS.build/OPS.app-Simulated.xcent.der --raw

Ld /Users/jacksonsweet/Library/Developer/Xcode/DerivedData/OPS-czavgtmnvamasvcjgszzuulfcsxj/Build/Products/Debug-iphonesimulator/OPS.app/__preview.dylib normal (in target 'OPS' from project 'OPS')
    cd /Users/jacksonsweet/Desktop/OPS\ APP/OPS
    /Applications/Xcode.app/Contents/Developer/Toolchains/XcodeDefault.xctoolchain/usr/bin/clang -Xlinker -reproducible -target arm64-apple-ios18.2-simulator -dynamiclib -isysroot /Applications/Xcode.app/Contents/Developer/Platforms/iPhoneSimulator.platform/Developer/SDKs/iPhoneSimulator18.2.sdk -O0 -L/Users/jacksonsweet/Library/Developer/Xcode/DerivedData/OPS-czavgtmnvamasvcjgszzuulfcsxj/Build/Products/Debug-iphonesimulator -F/Users/jacksonsweet/Library/Developer/Xcode/DerivedData/OPS-czavgtmnvamasvcjgszzuulfcsxj/Build/Products/Debug-iphonesimulator -install_name @rpath/OPS.debug.dylib -dead_strip -Xlinker -export_dynamic -Xlinker -no_deduplicate -Xlinker -objc_abi_version -Xlinker 2 -Xlinker -debug_variant -Xlinker -sectcreate -Xlinker __TEXT -Xlinker __entitlements -Xlinker /Users/jacksonsweet/Library/Developer/Xcode/DerivedData/OPS-czavgtmnvamasvcjgszzuulfcsxj/Build/Intermediates.noindex/OPS.build/Debug-iphonesimulator/OPS.build/OPS.app-Simulated.xcent -Xlinker -sectcreate -Xlinker __TEXT -Xlinker __ents_der -Xlinker /Users/jacksonsweet/Library/Developer/Xcode/DerivedData/OPS-czavgtmnvamasvcjgszzuulfcsxj/Build/Intermediates.noindex/OPS.build/Debug-iphonesimulator/OPS.build/OPS.app-Simulated.xcent.der -o /Users/jacksonsweet/Library/Developer/Xcode/DerivedData/OPS-czavgtmnvamasvcjgszzuulfcsxj/Build/Products/Debug-iphonesimulator/OPS.app/__preview.dylib

MkDir /Users/jacksonsweet/Library/Developer/Xcode/DerivedData/OPS-czavgtmnvamasvcjgszzuulfcsxj/Build/Intermediates.noindex/OPS.build/Debug-iphonesimulator/OPS.build/assetcatalog_output/thinned (in target 'OPS' from project 'OPS')
    cd /Users/jacksonsweet/Desktop/OPS\ APP/OPS
    /bin/mkdir -p /Users/jacksonsweet/Library/Developer/Xcode/DerivedData/OPS-czavgtmnvamasvcjgszzuulfcsxj/Build/Intermediates.noindex/OPS.build/Debug-iphonesimulator/OPS.build/assetcatalog_output/thinned

MkDir /Users/jacksonsweet/Library/Developer/Xcode/DerivedData/OPS-czavgtmnvamasvcjgszzuulfcsxj/Build/Intermediates.noindex/OPS.build/Debug-iphonesimulator/OPS.build/assetcatalog_output/unthinned (in target 'OPS' from project 'OPS')
    cd /Users/jacksonsweet/Desktop/OPS\ APP/OPS
    /bin/mkdir -p /Users/jacksonsweet/Library/Developer/Xcode/DerivedData/OPS-czavgtmnvamasvcjgszzuulfcsxj/Build/Intermediates.noindex/OPS.build/Debug-iphonesimulator/OPS.build/assetcatalog_output/unthinned

GenerateAssetSymbols /Users/jacksonsweet/Desktop/OPS\ APP/OPS/OPS/Preview\ Content/Preview\ Assets.xcassets /Users/jacksonsweet/Desktop/OPS\ APP/OPS/OPS/Assets.xcassets (in target 'OPS' from project 'OPS')
    cd /Users/jacksonsweet/Desktop/OPS\ APP/OPS
    /Applications/Xcode.app/Contents/Developer/usr/bin/actool --output-format human-readable-text --notices --warnings --export-dependency-info /Users/jacksonsweet/Library/Developer/Xcode/DerivedData/OPS-czavgtmnvamasvcjgszzuulfcsxj/Build/Intermediates.noindex/OPS.build/Debug-iphonesimulator/OPS.build/assetcatalog_dependencies --output-partial-info-plist /Users/jacksonsweet/Library/Developer/Xcode/DerivedData/OPS-czavgtmnvamasvcjgszzuulfcsxj/Build/Intermediates.noindex/OPS.build/Debug-iphonesimulator/OPS.build/assetcatalog_generated_info.plist --app-icon AppIcon --accent-color AccentColor --compress-pngs --enable-on-demand-resources YES --development-region en --target-device iphone --target-device ipad --minimum-deployment-target 18.2 --platform iphonesimulator --compile /Users/jacksonsweet/Library/Developer/Xcode/DerivedData/OPS-czavgtmnvamasvcjgszzuulfcsxj/Build/Products/Debug-iphonesimulator/OPS.app /Users/jacksonsweet/Desktop/OPS\ APP/OPS/OPS/Preview\ Content/Preview\ Assets.xcassets /Users/jacksonsweet/Desktop/OPS\ APP/OPS/OPS/Assets.xcassets --bundle-identifier co.opsapp.ops.OPS --generate-swift-asset-symbols /Users/jacksonsweet/Library/Developer/Xcode/DerivedData/OPS-czavgtmnvamasvcjgszzuulfcsxj/Build/Intermediates.noindex/OPS.build/Debug-iphonesimulator/OPS.build/DerivedSources/GeneratedAssetSymbols.swift --generate-objc-asset-symbols /Users/jacksonsweet/Library/Developer/Xcode/DerivedData/OPS-czavgtmnvamasvcjgszzuulfcsxj/Build/Intermediates.noindex/OPS.build/Debug-iphonesimulator/OPS.build/DerivedSources/GeneratedAssetSymbols.h --generate-asset-symbol-index /Users/jacksonsweet/Library/Developer/Xcode/DerivedData/OPS-czavgtmnvamasvcjgszzuulfcsxj/Build/Intermediates.noindex/OPS.build/Debug-iphonesimulator/OPS.build/DerivedSources/GeneratedAssetSymbols-Index.plist
/* com.apple.actool.compilation-results */
/Users/jacksonsweet/Library/Developer/Xcode/DerivedData/OPS-czavgtmnvamasvcjgszzuulfcsxj/Build/Intermediates.noindex/OPS.build/Debug-iphonesimulator/OPS.build/DerivedSources/GeneratedAssetSymbols-Index.plist
/Users/jacksonsweet/Library/Developer/Xcode/DerivedData/OPS-czavgtmnvamasvcjgszzuulfcsxj/Build/Intermediates.noindex/OPS.build/Debug-iphonesimulator/OPS.build/DerivedSources/GeneratedAssetSymbols.h
/Users/jacksonsweet/Library/Developer/Xcode/DerivedData/OPS-czavgtmnvamasvcjgszzuulfcsxj/Build/Intermediates.noindex/OPS.build/Debug-iphonesimulator/OPS.build/DerivedSources/GeneratedAssetSymbols.swift


CpResource /Users/jacksonsweet/Library/Developer/Xcode/DerivedData/OPS-czavgtmnvamasvcjgszzuulfcsxj/Build/Products/Debug-iphonesimulator/OPS.app/VIEWS_REORGANIZATION_PLAN.txt /Users/jacksonsweet/Desktop/OPS\ APP/OPS/OPS/Views/VIEWS_REORGANIZATION_PLAN.txt (in target 'OPS' from project 'OPS')
    cd /Users/jacksonsweet/Desktop/OPS\ APP/OPS
    builtin-copy -exclude .DS_Store -exclude CVS -exclude .svn -exclude .git -exclude .hg -resolve-src-symlinks /Users/jacksonsweet/Desktop/OPS\ APP/OPS/OPS/Views/VIEWS_REORGANIZATION_PLAN.txt /Users/jacksonsweet/Library/Developer/Xcode/DerivedData/OPS-czavgtmnvamasvcjgszzuulfcsxj/Build/Products/Debug-iphonesimulator/OPS.app

CpResource /Users/jacksonsweet/Library/Developer/Xcode/DerivedData/OPS-czavgtmnvamasvcjgszzuulfcsxj/Build/Products/Debug-iphonesimulator/OPS.app/VIEWS_README.txt /Users/jacksonsweet/Desktop/OPS\ APP/OPS/OPS/Views/VIEWS_README.txt (in target 'OPS' from project 'OPS')
    cd /Users/jacksonsweet/Desktop/OPS\ APP/OPS
    builtin-copy -exclude .DS_Store -exclude CVS -exclude .svn -exclude .git -exclude .hg -resolve-src-symlinks /Users/jacksonsweet/Desktop/OPS\ APP/OPS/OPS/Views/VIEWS_README.txt /Users/jacksonsweet/Library/Developer/Xcode/DerivedData/OPS-czavgtmnvamasvcjgszzuulfcsxj/Build/Products/Debug-iphonesimulator/OPS.app

CpResource /Users/jacksonsweet/Library/Developer/Xcode/DerivedData/OPS-czavgtmnvamasvcjgszzuulfcsxj/Build/Products/Debug-iphonesimulator/OPS.app/VIEWS_ORGANIZATION_TRANSITION.txt /Users/jacksonsweet/Desktop/OPS\ APP/OPS/OPS/Views/VIEWS_ORGANIZATION_TRANSITION.txt (in target 'OPS' from project 'OPS')
    cd /Users/jacksonsweet/Desktop/OPS\ APP/OPS
    builtin-copy -exclude .DS_Store -exclude CVS -exclude .svn -exclude .git -exclude .hg -resolve-src-symlinks /Users/jacksonsweet/Desktop/OPS\ APP/OPS/OPS/Views/VIEWS_ORGANIZATION_TRANSITION.txt /Users/jacksonsweet/Library/Developer/Xcode/DerivedData/OPS-czavgtmnvamasvcjgszzuulfcsxj/Build/Products/Debug-iphonesimulator/OPS.app

CpResource /Users/jacksonsweet/Library/Developer/Xcode/DerivedData/OPS-czavgtmnvamasvcjgszzuulfcsxj/Build/Products/Debug-iphonesimulator/OPS.app/Steve\ Jobs.rtf /Users/jacksonsweet/Desktop/OPS\ APP/OPS/OPS/References/Steve\ Jobs.rtf (in target 'OPS' from project 'OPS')
    cd /Users/jacksonsweet/Desktop/OPS\ APP/OPS
    builtin-copy -exclude .DS_Store -exclude CVS -exclude .svn -exclude .git -exclude .hg -resolve-src-symlinks /Users/jacksonsweet/Desktop/OPS\ APP/OPS/OPS/References/Steve\ Jobs.rtf /Users/jacksonsweet/Library/Developer/Xcode/DerivedData/OPS-czavgtmnvamasvcjgszzuulfcsxj/Build/Products/Debug-iphonesimulator/OPS.app

CpResource /Users/jacksonsweet/Library/Developer/Xcode/DerivedData/OPS-czavgtmnvamasvcjgszzuulfcsxj/Build/Products/Debug-iphonesimulator/OPS.app/README.txt /Users/jacksonsweet/Desktop/OPS\ APP/OPS/OPS/V2/README.txt (in target 'OPS' from project 'OPS')
    cd /Users/jacksonsweet/Desktop/OPS\ APP/OPS
    builtin-copy -exclude .DS_Store -exclude CVS -exclude .svn -exclude .git -exclude .hg -resolve-src-symlinks /Users/jacksonsweet/Desktop/OPS\ APP/OPS/OPS/V2/README.txt /Users/jacksonsweet/Library/Developer/Xcode/DerivedData/OPS-czavgtmnvamasvcjgszzuulfcsxj/Build/Products/Debug-iphonesimulator/OPS.app

CpResource /Users/jacksonsweet/Library/Developer/Xcode/DerivedData/OPS-czavgtmnvamasvcjgszzuulfcsxj/Build/Products/Debug-iphonesimulator/OPS.app/README.md /Users/jacksonsweet/Desktop/OPS\ APP/OPS/OPS/Onboarding/README.md (in target 'OPS' from project 'OPS')
    cd /Users/jacksonsweet/Desktop/OPS\ APP/OPS
    builtin-copy -exclude .DS_Store -exclude CVS -exclude .svn -exclude .git -exclude .hg -resolve-src-symlinks /Users/jacksonsweet/Desktop/OPS\ APP/OPS/OPS/Onboarding/README.md /Users/jacksonsweet/Library/Developer/Xcode/DerivedData/OPS-czavgtmnvamasvcjgszzuulfcsxj/Build/Products/Debug-iphonesimulator/OPS.app

CpResource /Users/jacksonsweet/Library/Developer/Xcode/DerivedData/OPS-czavgtmnvamasvcjgszzuulfcsxj/Build/Products/Debug-iphonesimulator/OPS.app/Mohave-SemiBoldItalic.ttf /Users/jacksonsweet/Desktop/OPS\ APP/OPS/OPS/Styles/Fonts/Mohave-SemiBoldItalic.ttf (in target 'OPS' from project 'OPS')
    cd /Users/jacksonsweet/Desktop/OPS\ APP/OPS
    builtin-copy -exclude .DS_Store -exclude CVS -exclude .svn -exclude .git -exclude .hg -resolve-src-symlinks /Users/jacksonsweet/Desktop/OPS\ APP/OPS/OPS/Styles/Fonts/Mohave-SemiBoldItalic.ttf /Users/jacksonsweet/Library/Developer/Xcode/DerivedData/OPS-czavgtmnvamasvcjgszzuulfcsxj/Build/Products/Debug-iphonesimulator/OPS.app

CpResource /Users/jacksonsweet/Library/Developer/Xcode/DerivedData/OPS-czavgtmnvamasvcjgszzuulfcsxj/Build/Products/Debug-iphonesimulator/OPS.app/Mohave-SemiBold.ttf /Users/jacksonsweet/Desktop/OPS\ APP/OPS/OPS/Styles/Fonts/Mohave-SemiBold.ttf (in target 'OPS' from project 'OPS')
    cd /Users/jacksonsweet/Desktop/OPS\ APP/OPS
    builtin-copy -exclude .DS_Store -exclude CVS -exclude .svn -exclude .git -exclude .hg -resolve-src-symlinks /Users/jacksonsweet/Desktop/OPS\ APP/OPS/OPS/Styles/Fonts/Mohave-SemiBold.ttf /Users/jacksonsweet/Library/Developer/Xcode/DerivedData/OPS-czavgtmnvamasvcjgszzuulfcsxj/Build/Products/Debug-iphonesimulator/OPS.app

CpResource /Users/jacksonsweet/Library/Developer/Xcode/DerivedData/OPS-czavgtmnvamasvcjgszzuulfcsxj/Build/Products/Debug-iphonesimulator/OPS.app/Mohave-Regular.ttf /Users/jacksonsweet/Desktop/OPS\ APP/OPS/OPS/Styles/Fonts/Mohave-Regular.ttf (in target 'OPS' from project 'OPS')
    cd /Users/jacksonsweet/Desktop/OPS\ APP/OPS
    builtin-copy -exclude .DS_Store -exclude CVS -exclude .svn -exclude .git -exclude .hg -resolve-src-symlinks /Users/jacksonsweet/Desktop/OPS\ APP/OPS/OPS/Styles/Fonts/Mohave-Regular.ttf /Users/jacksonsweet/Library/Developer/Xcode/DerivedData/OPS-czavgtmnvamasvcjgszzuulfcsxj/Build/Products/Debug-iphonesimulator/OPS.app

CpResource /Users/jacksonsweet/Library/Developer/Xcode/DerivedData/OPS-czavgtmnvamasvcjgszzuulfcsxj/Build/Products/Debug-iphonesimulator/OPS.app/Mohave-MediumItalic.ttf /Users/jacksonsweet/Desktop/OPS\ APP/OPS/OPS/Styles/Fonts/Mohave-MediumItalic.ttf (in target 'OPS' from project 'OPS')
    cd /Users/jacksonsweet/Desktop/OPS\ APP/OPS
    builtin-copy -exclude .DS_Store -exclude CVS -exclude .svn -exclude .git -exclude .hg -resolve-src-symlinks /Users/jacksonsweet/Desktop/OPS\ APP/OPS/OPS/Styles/Fonts/Mohave-MediumItalic.ttf /Users/jacksonsweet/Library/Developer/Xcode/DerivedData/OPS-czavgtmnvamasvcjgszzuulfcsxj/Build/Products/Debug-iphonesimulator/OPS.app

CpResource /Users/jacksonsweet/Library/Developer/Xcode/DerivedData/OPS-czavgtmnvamasvcjgszzuulfcsxj/Build/Products/Debug-iphonesimulator/OPS.app/Mohave-Medium.ttf /Users/jacksonsweet/Desktop/OPS\ APP/OPS/OPS/Styles/Fonts/Mohave-Medium.ttf (in target 'OPS' from project 'OPS')
    cd /Users/jacksonsweet/Desktop/OPS\ APP/OPS
    builtin-copy -exclude .DS_Store -exclude CVS -exclude .svn -exclude .git -exclude .hg -resolve-src-symlinks /Users/jacksonsweet/Desktop/OPS\ APP/OPS/OPS/Styles/Fonts/Mohave-Medium.ttf /Users/jacksonsweet/Library/Developer/Xcode/DerivedData/OPS-czavgtmnvamasvcjgszzuulfcsxj/Build/Products/Debug-iphonesimulator/OPS.app

CpResource /Users/jacksonsweet/Library/Developer/Xcode/DerivedData/OPS-czavgtmnvamasvcjgszzuulfcsxj/Build/Products/Debug-iphonesimulator/OPS.app/Mohave-LightItalic.ttf /Users/jacksonsweet/Desktop/OPS\ APP/OPS/OPS/Styles/Fonts/Mohave-LightItalic.ttf (in target 'OPS' from project 'OPS')
    cd /Users/jacksonsweet/Desktop/OPS\ APP/OPS
    builtin-copy -exclude .DS_Store -exclude CVS -exclude .svn -exclude .git -exclude .hg -resolve-src-symlinks /Users/jacksonsweet/Desktop/OPS\ APP/OPS/OPS/Styles/Fonts/Mohave-LightItalic.ttf /Users/jacksonsweet/Library/Developer/Xcode/DerivedData/OPS-czavgtmnvamasvcjgszzuulfcsxj/Build/Products/Debug-iphonesimulator/OPS.app

CpResource /Users/jacksonsweet/Library/Developer/Xcode/DerivedData/OPS-czavgtmnvamasvcjgszzuulfcsxj/Build/Products/Debug-iphonesimulator/OPS.app/Mohave-Light.ttf /Users/jacksonsweet/Desktop/OPS\ APP/OPS/OPS/Styles/Fonts/Mohave-Light.ttf (in target 'OPS' from project 'OPS')
    cd /Users/jacksonsweet/Desktop/OPS\ APP/OPS
    builtin-copy -exclude .DS_Store -exclude CVS -exclude .svn -exclude .git -exclude .hg -resolve-src-symlinks /Users/jacksonsweet/Desktop/OPS\ APP/OPS/OPS/Styles/Fonts/Mohave-Light.ttf /Users/jacksonsweet/Library/Developer/Xcode/DerivedData/OPS-czavgtmnvamasvcjgszzuulfcsxj/Build/Products/Debug-iphonesimulator/OPS.app

CpResource /Users/jacksonsweet/Library/Developer/Xcode/DerivedData/OPS-czavgtmnvamasvcjgszzuulfcsxj/Build/Products/Debug-iphonesimulator/OPS.app/Mohave-BoldItalic.ttf /Users/jacksonsweet/Desktop/OPS\ APP/OPS/OPS/Styles/Fonts/Mohave-BoldItalic.ttf (in target 'OPS' from project 'OPS')
    cd /Users/jacksonsweet/Desktop/OPS\ APP/OPS
    builtin-copy -exclude .DS_Store -exclude CVS -exclude .svn -exclude .git -exclude .hg -resolve-src-symlinks /Users/jacksonsweet/Desktop/OPS\ APP/OPS/OPS/Styles/Fonts/Mohave-BoldItalic.ttf /Users/jacksonsweet/Library/Developer/Xcode/DerivedData/OPS-czavgtmnvamasvcjgszzuulfcsxj/Build/Products/Debug-iphonesimulator/OPS.app

CpResource /Users/jacksonsweet/Library/Developer/Xcode/DerivedData/OPS-czavgtmnvamasvcjgszzuulfcsxj/Build/Products/Debug-iphonesimulator/OPS.app/Mohave-Italic.ttf /Users/jacksonsweet/Desktop/OPS\ APP/OPS/OPS/Styles/Fonts/Mohave-Italic.ttf (in target 'OPS' from project 'OPS')
    cd /Users/jacksonsweet/Desktop/OPS\ APP/OPS
    builtin-copy -exclude .DS_Store -exclude CVS -exclude .svn -exclude .git -exclude .hg -resolve-src-symlinks /Users/jacksonsweet/Desktop/OPS\ APP/OPS/OPS/Styles/Fonts/Mohave-Italic.ttf /Users/jacksonsweet/Library/Developer/Xcode/DerivedData/OPS-czavgtmnvamasvcjgszzuulfcsxj/Build/Products/Debug-iphonesimulator/OPS.app

CpResource /Users/jacksonsweet/Library/Developer/Xcode/DerivedData/OPS-czavgtmnvamasvcjgszzuulfcsxj/Build/Products/Debug-iphonesimulator/OPS.app/Mohave-Bold.ttf /Users/jacksonsweet/Desktop/OPS\ APP/OPS/OPS/Styles/Fonts/Mohave-Bold.ttf (in target 'OPS' from project 'OPS')
    cd /Users/jacksonsweet/Desktop/OPS\ APP/OPS
    builtin-copy -exclude .DS_Store -exclude CVS -exclude .svn -exclude .git -exclude .hg -resolve-src-symlinks /Users/jacksonsweet/Desktop/OPS\ APP/OPS/OPS/Styles/Fonts/Mohave-Bold.ttf /Users/jacksonsweet/Library/Developer/Xcode/DerivedData/OPS-czavgtmnvamasvcjgszzuulfcsxj/Build/Products/Debug-iphonesimulator/OPS.app

CpResource /Users/jacksonsweet/Library/Developer/Xcode/DerivedData/OPS-czavgtmnvamasvcjgszzuulfcsxj/Build/Products/Debug-iphonesimulator/OPS.app/Kosugi-Regular.ttf /Users/jacksonsweet/Desktop/OPS\ APP/OPS/OPS/Styles/Fonts/Kosugi-Regular.ttf (in target 'OPS' from project 'OPS')
    cd /Users/jacksonsweet/Desktop/OPS\ APP/OPS
    builtin-copy -exclude .DS_Store -exclude CVS -exclude .svn -exclude .git -exclude .hg -resolve-src-symlinks /Users/jacksonsweet/Desktop/OPS\ APP/OPS/OPS/Styles/Fonts/Kosugi-Regular.ttf /Users/jacksonsweet/Library/Developer/Xcode/DerivedData/OPS-czavgtmnvamasvcjgszzuulfcsxj/Build/Products/Debug-iphonesimulator/OPS.app

CpResource /Users/jacksonsweet/Library/Developer/Xcode/DerivedData/OPS-czavgtmnvamasvcjgszzuulfcsxj/Build/Products/Debug-iphonesimulator/OPS.app/IMPORT_GUIDELINES.txt /Users/jacksonsweet/Desktop/OPS\ APP/OPS/OPS/Views/IMPORT_GUIDELINES.txt (in target 'OPS' from project 'OPS')
    cd /Users/jacksonsweet/Desktop/OPS\ APP/OPS
    builtin-copy -exclude .DS_Store -exclude CVS -exclude .svn -exclude .git -exclude .hg -resolve-src-symlinks /Users/jacksonsweet/Desktop/OPS\ APP/OPS/OPS/Views/IMPORT_GUIDELINES.txt /Users/jacksonsweet/Library/Developer/Xcode/DerivedData/OPS-czavgtmnvamasvcjgszzuulfcsxj/Build/Products/Debug-iphonesimulator/OPS.app

CpResource /Users/jacksonsweet/Library/Developer/Xcode/DerivedData/OPS-czavgtmnvamasvcjgszzuulfcsxj/Build/Products/Debug-iphonesimulator/OPS.app/Hierarchy.txt /Users/jacksonsweet/Desktop/OPS\ APP/OPS/OPS/Hierarchy.txt (in target 'OPS' from project 'OPS')
    cd /Users/jacksonsweet/Desktop/OPS\ APP/OPS
    builtin-copy -exclude .DS_Store -exclude CVS -exclude .svn -exclude .git -exclude .hg -resolve-src-symlinks /Users/jacksonsweet/Desktop/OPS\ APP/OPS/OPS/Hierarchy.txt /Users/jacksonsweet/Library/Developer/Xcode/DerivedData/OPS-czavgtmnvamasvcjgszzuulfcsxj/Build/Products/Debug-iphonesimulator/OPS.app

CpResource /Users/jacksonsweet/Library/Developer/Xcode/DerivedData/OPS-czavgtmnvamasvcjgszzuulfcsxj/Build/Products/Debug-iphonesimulator/OPS.app/FieldSetupView.swift.bak /Users/jacksonsweet/Desktop/OPS\ APP/OPS/OPS/Onboarding/Views/Screens/FieldSetupView.swift.bak (in target 'OPS' from project 'OPS')
    cd /Users/jacksonsweet/Desktop/OPS\ APP/OPS
    builtin-copy -exclude .DS_Store -exclude CVS -exclude .svn -exclude .git -exclude .hg -resolve-src-symlinks /Users/jacksonsweet/Desktop/OPS\ APP/OPS/OPS/Onboarding/Views/Screens/FieldSetupView.swift.bak /Users/jacksonsweet/Library/Developer/Xcode/DerivedData/OPS-czavgtmnvamasvcjgszzuulfcsxj/Build/Products/Debug-iphonesimulator/OPS.app

CpResource /Users/jacksonsweet/Library/Developer/Xcode/DerivedData/OPS-czavgtmnvamasvcjgszzuulfcsxj/Build/Products/Debug-iphonesimulator/OPS.app/FILE_ORGANIZATION_NOTES.txt /Users/jacksonsweet/Desktop/OPS\ APP/OPS/OPS/Views/FILE_ORGANIZATION_NOTES.txt (in target 'OPS' from project 'OPS')
    cd /Users/jacksonsweet/Desktop/OPS\ APP/OPS
    builtin-copy -exclude .DS_Store -exclude CVS -exclude .svn -exclude .git -exclude .hg -resolve-src-symlinks /Users/jacksonsweet/Desktop/OPS\ APP/OPS/OPS/Views/FILE_ORGANIZATION_NOTES.txt /Users/jacksonsweet/Library/Developer/Xcode/DerivedData/OPS-czavgtmnvamasvcjgszzuulfcsxj/Build/Products/Debug-iphonesimulator/OPS.app

CpResource /Users/jacksonsweet/Library/Developer/Xcode/DerivedData/OPS-czavgtmnvamasvcjgszzuulfcsxj/Build/Products/Debug-iphonesimulator/OPS.app/DesignIntentions.rtf /Users/jacksonsweet/Desktop/OPS\ APP/OPS/OPS/References/DesignIntentions.rtf (in target 'OPS' from project 'OPS')
    cd /Users/jacksonsweet/Desktop/OPS\ APP/OPS
    builtin-copy -exclude .DS_Store -exclude CVS -exclude .svn -exclude .git -exclude .hg -resolve-src-symlinks /Users/jacksonsweet/Desktop/OPS\ APP/OPS/OPS/References/DesignIntentions.rtf /Users/jacksonsweet/Library/Developer/Xcode/DerivedData/OPS-czavgtmnvamasvcjgszzuulfcsxj/Build/Products/Debug-iphonesimulator/OPS.app

CpResource /Users/jacksonsweet/Library/Developer/Xcode/DerivedData/OPS-czavgtmnvamasvcjgszzuulfcsxj/Build/Products/Debug-iphonesimulator/OPS.app/BebasNeue-Regular.ttf /Users/jacksonsweet/Desktop/OPS\ APP/OPS/OPS/Styles/Fonts/BebasNeue-Regular.ttf (in target 'OPS' from project 'OPS')
    cd /Users/jacksonsweet/Desktop/OPS\ APP/OPS
    builtin-copy -exclude .DS_Store -exclude CVS -exclude .svn -exclude .git -exclude .hg -resolve-src-symlinks /Users/jacksonsweet/Desktop/OPS\ APP/OPS/OPS/Styles/Fonts/BebasNeue-Regular.ttf /Users/jacksonsweet/Library/Developer/Xcode/DerivedData/OPS-czavgtmnvamasvcjgszzuulfcsxj/Build/Products/Debug-iphonesimulator/OPS.app

CpResource /Users/jacksonsweet/Library/Developer/Xcode/DerivedData/OPS-czavgtmnvamasvcjgszzuulfcsxj/Build/Products/Debug-iphonesimulator/OPS.app/.gitattributes /Users/jacksonsweet/Desktop/OPS\ APP/OPS/OPS/Views/.gitattributes (in target 'OPS' from project 'OPS')
    cd /Users/jacksonsweet/Desktop/OPS\ APP/OPS
    builtin-copy -exclude .DS_Store -exclude CVS -exclude .svn -exclude .git -exclude .hg -resolve-src-symlinks /Users/jacksonsweet/Desktop/OPS\ APP/OPS/OPS/Views/.gitattributes /Users/jacksonsweet/Library/Developer/Xcode/DerivedData/OPS-czavgtmnvamasvcjgszzuulfcsxj/Build/Products/Debug-iphonesimulator/OPS.app

CompileAssetCatalogVariant thinned /Users/jacksonsweet/Library/Developer/Xcode/DerivedData/OPS-czavgtmnvamasvcjgszzuulfcsxj/Build/Products/Debug-iphonesimulator/OPS.app /Users/jacksonsweet/Desktop/OPS\ APP/OPS/OPS/Preview\ Content/Preview\ Assets.xcassets /Users/jacksonsweet/Desktop/OPS\ APP/OPS/OPS/Assets.xcassets (in target 'OPS' from project 'OPS')
    cd /Users/jacksonsweet/Desktop/OPS\ APP/OPS
    /Applications/Xcode.app/Contents/Developer/usr/bin/actool --output-format human-readable-text --notices --warnings --export-dependency-info /Users/jacksonsweet/Library/Developer/Xcode/DerivedData/OPS-czavgtmnvamasvcjgszzuulfcsxj/Build/Intermediates.noindex/OPS.build/Debug-iphonesimulator/OPS.build/assetcatalog_dependencies_thinned --output-partial-info-plist /Users/jacksonsweet/Library/Developer/Xcode/DerivedData/OPS-czavgtmnvamasvcjgszzuulfcsxj/Build/Intermediates.noindex/OPS.build/Debug-iphonesimulator/OPS.build/assetcatalog_generated_info.plist --app-icon AppIcon --accent-color AccentColor --compress-pngs --enable-on-demand-resources YES --filter-for-thinning-device-configuration iPhone17,3 --filter-for-device-os-version 18.3.1 --development-region en --target-device iphone --target-device ipad --minimum-deployment-target 18.2 --platform iphonesimulator --compile /Users/jacksonsweet/Library/Developer/Xcode/DerivedData/OPS-czavgtmnvamasvcjgszzuulfcsxj/Build/Intermediates.noindex/OPS.build/Debug-iphonesimulator/OPS.build/assetcatalog_output/thinned /Users/jacksonsweet/Desktop/OPS\ APP/OPS/OPS/Preview\ Content/Preview\ Assets.xcassets /Users/jacksonsweet/Desktop/OPS\ APP/OPS/OPS/Assets.xcassets
/* com.apple.actool.compilation-results */
/Users/jacksonsweet/Library/Developer/Xcode/DerivedData/OPS-czavgtmnvamasvcjgszzuulfcsxj/Build/Intermediates.noindex/OPS.build/Debug-iphonesimulator/OPS.build/assetcatalog_generated_info.plist
/Users/jacksonsweet/Library/Developer/Xcode/DerivedData/OPS-czavgtmnvamasvcjgszzuulfcsxj/Build/Intermediates.noindex/OPS.build/Debug-iphonesimulator/OPS.build/assetcatalog_output/thinned/Assets.car


SwiftDriver OPS normal arm64 com.apple.xcode.tools.swift.compiler (in target 'OPS' from project 'OPS')
    cd /Users/jacksonsweet/Desktop/OPS\ APP/OPS
    builtin-SwiftDriver -- /Applications/Xcode.app/Contents/Developer/Toolchains/XcodeDefault.xctoolchain/usr/bin/swiftc -module-name OPS -Onone -enforce-exclusivity\=checked @/Users/jacksonsweet/Library/Developer/Xcode/DerivedData/OPS-czavgtmnvamasvcjgszzuulfcsxj/Build/Intermediates.noindex/OPS.build/Debug-iphonesimulator/OPS.build/Objects-normal/arm64/OPS.SwiftFileList -DDEBUG -enable-bare-slash-regex -enable-experimental-feature DebugDescriptionMacro -sdk /Applications/Xcode.app/Contents/Developer/Platforms/iPhoneSimulator.platform/Developer/SDKs/iPhoneSimulator18.2.sdk -target arm64-apple-ios18.2-simulator -g -module-cache-path /Users/jacksonsweet/Library/Developer/Xcode/DerivedData/ModuleCache.noindex -Xfrontend -serialize-debugging-options -profile-coverage-mapping -profile-generate -enable-testing -index-store-path /Users/jacksonsweet/Library/Developer/Xcode/DerivedData/OPS-czavgtmnvamasvcjgszzuulfcsxj/Index.noindex/DataStore -enable-experimental-feature OpaqueTypeErasure -Xcc -D_LIBCPP_HARDENING_MODE\=_LIBCPP_HARDENING_MODE_DEBUG -swift-version 5 -I /Users/jacksonsweet/Library/Developer/Xcode/DerivedData/OPS-czavgtmnvamasvcjgszzuulfcsxj/Build/Products/Debug-iphonesimulator -F /Users/jacksonsweet/Library/Developer/Xcode/DerivedData/OPS-czavgtmnvamasvcjgszzuulfcsxj/Build/Products/Debug-iphonesimulator -emit-localized-strings -emit-localized-strings-path /Users/jacksonsweet/Library/Developer/Xcode/DerivedData/OPS-czavgtmnvamasvcjgszzuulfcsxj/Build/Intermediates.noindex/OPS.build/Debug-iphonesimulator/OPS.build/Objects-normal/arm64 -c -j10 -enable-batch-mode -incremental -Xcc -ivfsstatcache -Xcc /Users/jacksonsweet/Library/Developer/Xcode/DerivedData/SDKStatCaches.noindex/iphonesimulator18.2-22C146-07b28473f605e47e75261259d3ef3b5a.sdkstatcache -output-file-map /Users/jacksonsweet/Library/Developer/Xcode/DerivedData/OPS-czavgtmnvamasvcjgszzuulfcsxj/Build/Intermediates.noindex/OPS.build/Debug-iphonesimulator/OPS.build/Objects-normal/arm64/OPS-OutputFileMap.json -use-frontend-parseable-output -save-temps -no-color-diagnostics -serialize-diagnostics -emit-dependencies -emit-module -emit-module-path /Users/jacksonsweet/Library/Developer/Xcode/DerivedData/OPS-czavgtmnvamasvcjgszzuulfcsxj/Build/Intermediates.noindex/OPS.build/Debug-iphonesimulator/OPS.build/Objects-normal/arm64/OPS.swiftmodule -validate-clang-modules-once -clang-build-session-file /Users/jacksonsweet/Library/Developer/Xcode/DerivedData/ModuleCache.noindex/Session.modulevalidation -Xcc -I/Users/jacksonsweet/Library/Developer/Xcode/DerivedData/OPS-czavgtmnvamasvcjgszzuulfcsxj/Build/Intermediates.noindex/OPS.build/Debug-iphonesimulator/OPS.build/swift-overrides.hmap -emit-const-values -Xfrontend -const-gather-protocols-file -Xfrontend /Users/jacksonsweet/Library/Developer/Xcode/DerivedData/OPS-czavgtmnvamasvcjgszzuulfcsxj/Build/Intermediates.noindex/OPS.build/Debug-iphonesimulator/OPS.build/Objects-normal/arm64/OPS_const_extract_protocols.json -Xcc -iquote -Xcc /Users/jacksonsweet/Library/Developer/Xcode/DerivedData/OPS-czavgtmnvamasvcjgszzuulfcsxj/Build/Intermediates.noindex/OPS.build/Debug-iphonesimulator/OPS.build/OPS-generated-files.hmap -Xcc -I/Users/jacksonsweet/Library/Developer/Xcode/DerivedData/OPS-czavgtmnvamasvcjgszzuulfcsxj/Build/Intermediates.noindex/OPS.build/Debug-iphonesimulator/OPS.build/OPS-own-target-headers.hmap -Xcc -I/Users/jacksonsweet/Library/Developer/Xcode/DerivedData/OPS-czavgtmnvamasvcjgszzuulfcsxj/Build/Intermediates.noindex/OPS.build/Debug-iphonesimulator/OPS.build/OPS-all-target-headers.hmap -Xcc -iquote -Xcc /Users/jacksonsweet/Library/Developer/Xcode/DerivedData/OPS-czavgtmnvamasvcjgszzuulfcsxj/Build/Intermediates.noindex/OPS.build/Debug-iphonesimulator/OPS.build/OPS-project-headers.hmap -Xcc -I/Users/jacksonsweet/Library/Developer/Xcode/DerivedData/OPS-czavgtmnvamasvcjgszzuulfcsxj/Build/Products/Debug-iphonesimulator/include -Xcc -I/Users/jacksonsweet/Library/Developer/Xcode/DerivedData/OPS-czavgtmnvamasvcjgszzuulfcsxj/Build/Intermediates.noindex/OPS.build/Debug-iphonesimulator/OPS.build/DerivedSources-normal/arm64 -Xcc -I/Users/jacksonsweet/Library/Developer/Xcode/DerivedData/OPS-czavgtmnvamasvcjgszzuulfcsxj/Build/Intermediates.noindex/OPS.build/Debug-iphonesimulator/OPS.build/DerivedSources/arm64 -Xcc -I/Users/jacksonsweet/Library/Developer/Xcode/DerivedData/OPS-czavgtmnvamasvcjgszzuulfcsxj/Build/Intermediates.noindex/OPS.build/Debug-iphonesimulator/OPS.build/DerivedSources -Xcc -DDEBUG\=1 -emit-objc-header -emit-objc-header-path /Users/jacksonsweet/Library/Developer/Xcode/DerivedData/OPS-czavgtmnvamasvcjgszzuulfcsxj/Build/Intermediates.noindex/OPS.build/Debug-iphonesimulator/OPS.build/Objects-normal/arm64/OPS-Swift.h -working-directory /Users/jacksonsweet/Desktop/OPS\ APP/OPS -experimental-emit-module-separately -disable-cmo

SwiftEmitModule normal arm64 Emitting\ module\ for\ OPS (in target 'OPS' from project 'OPS')
    cd /Users/jacksonsweet/Desktop/OPS\ APP/OPS
    builtin-swiftTaskExecution -- /Applications/Xcode.app/Contents/Developer/Toolchains/XcodeDefault.xctoolchain/usr/bin/swift-frontend -frontend -emit-module -experimental-skip-non-inlinable-function-bodies-without-types /Users/jacksonsweet/Desktop/OPS\ APP/OPS/OPS/DataModels/BubbleImage.swift /Users/jacksonsweet/Desktop/OPS\ APP/OPS/OPS/DataModels/BubbleTypes.swift /Users/jacksonsweet/Desktop/OPS\ APP/OPS/OPS/DataModels/Company.swift /Users/jacksonsweet/Desktop/OPS\ APP/OPS/OPS/DataModels/Project.swift /Users/jacksonsweet/Desktop/OPS\ APP/OPS/OPS/DataModels/Status.swift /Users/jacksonsweet/Desktop/OPS\ APP/OPS/OPS/DataModels/User.swift /Users/jacksonsweet/Desktop/OPS\ APP/OPS/OPS/DataModels/UserRole.swift /Users/jacksonsweet/Desktop/OPS\ APP/OPS/OPS/Extensions/UIImage+Extensions.swift /Users/jacksonsweet/Desktop/OPS\ APP/OPS/OPS/Network/API/APIError.swift /Users/jacksonsweet/Desktop/OPS\ APP/OPS/OPS/Network/API/APIService.swift /Users/jacksonsweet/Desktop/OPS\ APP/OPS/OPS/Network/API/BubbleFields.swift /Users/jacksonsweet/Desktop/OPS\ APP/OPS/OPS/Network/Auth/AuthError.swift /Users/jacksonsweet/Desktop/OPS\ APP/OPS/OPS/Network/Auth/AuthManager.swift /Users/jacksonsweet/Desktop/OPS\ APP/OPS/OPS/Network/Auth/KeychainManager.swift /Users/jacksonsweet/Desktop/OPS\ APP/OPS/OPS/Network/DTOs/CompanyDTO.swift /Users/jacksonsweet/Desktop/OPS\ APP/OPS/OPS/Network/DTOs/ProjectDTO.swift /Users/jacksonsweet/Desktop/OPS\ APP/OPS/OPS/Network/DTOs/UserDTO.swift /Users/jacksonsweet/Desktop/OPS\ APP/OPS/OPS/Network/Endpoints/CompanyEndpoints.swift /Users/jacksonsweet/Desktop/OPS\ APP/OPS/OPS/Network/Endpoints/ProjectEndpoints.swift /Users/jacksonsweet/Desktop/OPS\ APP/OPS/OPS/Network/Endpoints/UserEndpoints.swift /Users/jacksonsweet/Desktop/OPS\ APP/OPS/OPS/Network/Sync/BackgroundTaskManager.swift /Users/jacksonsweet/Desktop/OPS\ APP/OPS/OPS/Network/Sync/SyncManager.swift /Users/jacksonsweet/Desktop/OPS\ APP/OPS/OPS/Network/ConnectivityMonitor.swift /Users/jacksonsweet/Desktop/OPS\ APP/OPS/OPS/Network/ImageSyncManager.swift /Users/jacksonsweet/Desktop/OPS\ APP/OPS/OPS/Onboarding/Coordinators/OnboardingCoordinator.swift /Users/jacksonsweet/Desktop/OPS\ APP/OPS/OPS/Onboarding/Models/OnboardingModels.swift /Users/jacksonsweet/Desktop/OPS\ APP/OPS/OPS/Onboarding/Services/OnboardingService.swift /Users/jacksonsweet/Desktop/OPS\ APP/OPS/OPS/Onboarding/ViewModels/OnboardingViewModel.swift /Users/jacksonsweet/Desktop/OPS\ APP/OPS/OPS/Onboarding/Views/Components/OnboardingComponents.swift /Users/jacksonsweet/Desktop/OPS\ APP/OPS/OPS/Onboarding/Views/Screens/AccountCreatedView.swift /Users/jacksonsweet/Desktop/OPS\ APP/OPS/OPS/Onboarding/Views/Screens/CompanyCodeView.swift /Users/jacksonsweet/Desktop/OPS\ APP/OPS/OPS/Onboarding/Views/Screens/CompanyCodeViewPreview.swift /Users/jacksonsweet/Desktop/OPS\ APP/OPS/OPS/Onboarding/Views/Screens/CompletionView.swift /Users/jacksonsweet/Desktop/OPS\ APP/OPS/OPS/Onboarding/Views/Screens/CompletionViewPreview.swift /Users/jacksonsweet/Desktop/OPS\ APP/OPS/OPS/Onboarding/Views/Screens/EmailView.swift /Users/jacksonsweet/Desktop/OPS\ APP/OPS/OPS/Onboarding/Views/Screens/FieldSetupView.swift /Users/jacksonsweet/Desktop/OPS\ APP/OPS/OPS/Onboarding/Views/Screens/NotificationsView.swift /Users/jacksonsweet/Desktop/OPS\ APP/OPS/OPS/Onboarding/Views/Screens/NotificationsViewPreview.swift /Users/jacksonsweet/Desktop/OPS\ APP/OPS/OPS/Onboarding/Views/Screens/OrganizationJoinView.swift /Users/jacksonsweet/Desktop/OPS\ APP/OPS/OPS/Onboarding/Views/Screens/PasswordView.swift /Users/jacksonsweet/Desktop/OPS\ APP/OPS/OPS/Onboarding/Views/Screens/PasswordViewPreview.swift /Users/jacksonsweet/Desktop/OPS\ APP/OPS/OPS/Onboarding/Views/Screens/PermissionsView.swift /Users/jacksonsweet/Desktop/OPS\ APP/OPS/OPS/Onboarding/Views/Screens/PermissionsViewPreview.swift /Users/jacksonsweet/Desktop/OPS\ APP/OPS/OPS/Onboarding/Views/Screens/PhoneNumberView.swift /Users/jacksonsweet/Desktop/OPS\ APP/OPS/OPS/Onboarding/Views/Screens/PhoneNumberViewPreview.swift /Users/jacksonsweet/Desktop/OPS\ APP/OPS/OPS/Onboarding/Views/Screens/UserInfoView.swift /Users/jacksonsweet/Desktop/OPS\ APP/OPS/OPS/Onboarding/Views/Screens/UserInfoViewPreview.swift /Users/jacksonsweet/Desktop/OPS\ APP/OPS/OPS/Onboarding/Views/Screens/VerifyPhoneView.swift /Users/jacksonsweet/Desktop/OPS\ APP/OPS/OPS/Onboarding/Views/Screens/WelcomeCompanyView.swift /Users/jacksonsweet/Desktop/OPS\ APP/OPS/OPS/Onboarding/Views/Screens/WelcomeCompanyViewPreview.swift /Users/jacksonsweet/Desktop/OPS\ APP/OPS/OPS/Onboarding/Views/Screens/WelcomeView.swift /Users/jacksonsweet/Desktop/OPS\ APP/OPS/OPS/Onboarding/Views/Screens/WelcomeViewPreview.swift /Users/jacksonsweet/Desktop/OPS\ APP/OPS/OPS/Onboarding/Views/OnboardingContainerView.swift /Users/jacksonsweet/Desktop/OPS\ APP/OPS/OPS/Onboarding/Views/OnboardingFlowPreview.swift /Users/jacksonsweet/Desktop/OPS\ APP/OPS/OPS/Onboarding/Views/OnboardingPresenter.swift /Users/jacksonsweet/Desktop/OPS\ APP/OPS/OPS/Onboarding/Views/OnboardingPreviewHelpers.swift /Users/jacksonsweet/Desktop/OPS\ APP/OPS/OPS/Styles/OPSStyle.swift /Users/jacksonsweet/Desktop/OPS\ APP/OPS/OPS/Utilities/AppConfiguration.swift /Users/jacksonsweet/Desktop/OPS\ APP/OPS/OPS/Utilities/ArrayTransformer.swift /Users/jacksonsweet/Desktop/OPS\ APP/OPS/OPS/Utilities/DataController.swift /Users/jacksonsweet/Desktop/OPS\ APP/OPS/OPS/Utilities/Dateformatter\ +Bubble.swift /Users/jacksonsweet/Desktop/OPS\ APP/OPS/OPS/Utilities/DateHelper.swift /Users/jacksonsweet/Desktop/OPS\ APP/OPS/OPS/Utilities/FieldErrorHandler.swift /Users/jacksonsweet/Desktop/OPS\ APP/OPS/OPS/Utilities/ImageCache.swift /Users/jacksonsweet/Desktop/OPS\ APP/OPS/OPS/Utilities/ImageFileManager.swift /Users/jacksonsweet/Desktop/OPS\ APP/OPS/OPS/Utilities/InProgressManager.swift /Users/jacksonsweet/Desktop/OPS\ APP/OPS/OPS/Utilities/KeyboardDismissalModifier.swift /Users/jacksonsweet/Desktop/OPS\ APP/OPS/OPS/Utilities/LocationManager.swift /Users/jacksonsweet/Desktop/OPS\ APP/OPS/OPS/Utilities/OnboardingEnvironmentKey.swift /Users/jacksonsweet/Desktop/OPS\ APP/OPS/OPS/Utilities/SwiftDataHelper.swift /Users/jacksonsweet/Desktop/OPS\ APP/OPS/OPS/Utilities/UIComponents.swift /Users/jacksonsweet/Desktop/OPS\ APP/OPS/OPS/V2/CertificationsSettingsView.swift /Users/jacksonsweet/Desktop/OPS\ APP/OPS/OPS/ViewModels/CalendarViewModel.swift /Users/jacksonsweet/Desktop/OPS\ APP/OPS/OPS/ViewModels/ProjectsViewModel.swift /Users/jacksonsweet/Desktop/OPS\ APP/OPS/OPS/Views/Calendar\ Tab/Components/CalendarDaySelector.swift /Users/jacksonsweet/Desktop/OPS\ APP/OPS/OPS/Views/Calendar\ Tab/Components/CalendarHeaderView.swift /Users/jacksonsweet/Desktop/OPS\ APP/OPS/OPS/Views/Calendar\ Tab/Components/CalendarProjectCard.swift /Users/jacksonsweet/Desktop/OPS\ APP/OPS/OPS/Views/Calendar\ Tab/Components/CalendarToggleView.swift /Users/jacksonsweet/Desktop/OPS\ APP/OPS/OPS/Views/Calendar\ Tab/Components/DatePickerPopover.swift /Users/jacksonsweet/Desktop/OPS\ APP/OPS/OPS/Views/Calendar\ Tab/Components/DayCell.swift /Users/jacksonsweet/Desktop/OPS\ APP/OPS/OPS/Views/Calendar\ Tab/ProjectViews/DayProjectSheet.swift /Users/jacksonsweet/Desktop/OPS\ APP/OPS/OPS/Views/Calendar\ Tab/ProjectViews/ProjectListView.swift /Users/jacksonsweet/Desktop/OPS\ APP/OPS/OPS/Views/Calendar\ Tab/MonthGridView.swift /Users/jacksonsweet/Desktop/OPS\ APP/OPS/OPS/Views/Components/Common/AppHeader.swift /Users/jacksonsweet/Desktop/OPS\ APP/OPS/OPS/Views/Components/Common/ExpandableNotesView.swift /Users/jacksonsweet/Desktop/OPS\ APP/OPS/OPS/Views/Components/Common/LocationPermissionView.swift /Users/jacksonsweet/Desktop/OPS\ APP/OPS/OPS/Views/Components/Common/NavigationBanner.swift /Users/jacksonsweet/Desktop/OPS\ APP/OPS/OPS/Views/Components/Common/NavigationControlsView.swift /Users/jacksonsweet/Desktop/OPS\ APP/OPS/OPS/Views/Components/Common/TabBarBackground.swift /Users/jacksonsweet/Desktop/OPS\ APP/OPS/OPS/Views/Components/Images/ImagePicker.swift /Users/jacksonsweet/Desktop/OPS\ APP/OPS/OPS/Views/Components/Images/ImagePickerView.swift /Users/jacksonsweet/Desktop/OPS\ APP/OPS/OPS/Views/Components/Images/ProjectImagesSection.swift /Users/jacksonsweet/Desktop/OPS\ APP/OPS/OPS/Views/Components/Images/ProjectImagesSimple.swift /Users/jacksonsweet/Desktop/OPS\ APP/OPS/OPS/Views/Components/Images/ProjectImageView.swift /Users/jacksonsweet/Desktop/OPS\ APP/OPS/OPS/Views/Components/Images/ProjectPhotosGrid.swift /Users/jacksonsweet/Desktop/OPS\ APP/OPS/OPS/Views/Components/Map/MiniMapView.swift /Users/jacksonsweet/Desktop/OPS\ APP/OPS/OPS/Views/Components/Map/ProjectMapAnnotation.swift /Users/jacksonsweet/Desktop/OPS\ APP/OPS/OPS/Views/Components/Map/ProjectMapView.swift /Users/jacksonsweet/Desktop/OPS\ APP/OPS/OPS/Views/Components/Map/ProjectMarkerPopup.swift /Users/jacksonsweet/Desktop/OPS\ APP/OPS/OPS/Views/Components/Map/RouteDirectionsView.swift /Users/jacksonsweet/Desktop/OPS\ APP/OPS/OPS/Views/Components/Project/ProjectActionBar.swift /Users/jacksonsweet/Desktop/OPS\ APP/OPS/OPS/Views/Components/Project/ProjectCard.swift /Users/jacksonsweet/Desktop/OPS\ APP/OPS/OPS/Views/Components/Project/ProjectCarousel.swift /Users/jacksonsweet/Desktop/OPS\ APP/OPS/OPS/Views/Components/Project/ProjectDetailsView.swift /Users/jacksonsweet/Desktop/OPS\ APP/OPS/OPS/Views/Components/Project/ProjectHeader.swift /Users/jacksonsweet/Desktop/OPS\ APP/OPS/OPS/Views/Components/Project/ProjectSheetContainer.swift /Users/jacksonsweet/Desktop/OPS\ APP/OPS/OPS/Views/Components/User/TeamMemberListView.swift /Users/jacksonsweet/Desktop/OPS\ APP/OPS/OPS/Views/Components/User/UserProfileCard.swift /Users/jacksonsweet/Desktop/OPS\ APP/OPS/OPS/Views/Home/HomeContentView.swift /Users/jacksonsweet/Desktop/OPS\ APP/OPS/OPS/Views/Home/HomeView.swift /Users/jacksonsweet/Desktop/OPS\ APP/OPS/OPS/Views/Settings/OrganizationSettingsView.swift /Users/jacksonsweet/Desktop/OPS\ APP/OPS/OPS/Views/Settings/ProfileSettingsView.swift /Users/jacksonsweet/Desktop/OPS\ APP/OPS/OPS/Views/Settings/ProjectHistorySettingsView.swift /Users/jacksonsweet/Desktop/OPS\ APP/OPS/OPS/Views/LoginView.swift /Users/jacksonsweet/Desktop/OPS\ APP/OPS/OPS/Views/LoginViewPreview.swift /Users/jacksonsweet/Desktop/OPS\ APP/OPS/OPS/Views/MainTabView.swift /Users/jacksonsweet/Desktop/OPS\ APP/OPS/OPS/Views/NetworkStatusIndicator.swift /Users/jacksonsweet/Desktop/OPS\ APP/OPS/OPS/Views/ScheduleView.swift /Users/jacksonsweet/Desktop/OPS\ APP/OPS/OPS/Views/SettingsView.swift /Users/jacksonsweet/Desktop/OPS\ APP/OPS/OPS/Views/SplashScreen.swift /Users/jacksonsweet/Desktop/OPS\ APP/OPS/OPS/AppState.swift /Users/jacksonsweet/Desktop/OPS\ APP/OPS/OPS/ContentView.swift /Users/jacksonsweet/Desktop/OPS\ APP/OPS/OPS/Item.swift /Users/jacksonsweet/Desktop/OPS\ APP/OPS/OPS/OPSApp.swift /Users/jacksonsweet/Library/Developer/Xcode/DerivedData/OPS-czavgtmnvamasvcjgszzuulfcsxj/Build/Intermediates.noindex/OPS.build/Debug-iphonesimulator/OPS.build/DerivedSources/GeneratedAssetSymbols.swift -target arm64-apple-ios18.2-simulator -Xllvm -aarch64-use-tbi -enable-objc-interop -sdk /Applications/Xcode.app/Contents/Developer/Platforms/iPhoneSimulator.platform/Developer/SDKs/iPhoneSimulator18.2.sdk -I /Users/jacksonsweet/Library/Developer/Xcode/DerivedData/OPS-czavgtmnvamasvcjgszzuulfcsxj/Build/Products/Debug-iphonesimulator -F /Users/jacksonsweet/Library/Developer/Xcode/DerivedData/OPS-czavgtmnvamasvcjgszzuulfcsxj/Build/Products/Debug-iphonesimulator -no-color-diagnostics -enable-testing -g -debug-info-format\=dwarf -dwarf-version\=5 -module-cache-path /Users/jacksonsweet/Library/Developer/Xcode/DerivedData/ModuleCache.noindex -profile-generate -profile-coverage-mapping -swift-version 5 -enforce-exclusivity\=checked -Onone -D DEBUG -serialize-debugging-options -const-gather-protocols-file /Users/jacksonsweet/Library/Developer/Xcode/DerivedData/OPS-czavgtmnvamasvcjgszzuulfcsxj/Build/Intermediates.noindex/OPS.build/Debug-iphonesimulator/OPS.build/Objects-normal/arm64/OPS_const_extract_protocols.json -enable-experimental-feature DebugDescriptionMacro -enable-experimental-feature OpaqueTypeErasure -enable-bare-slash-regex -empty-abi-descriptor -validate-clang-modules-once -clang-build-session-file /Users/jacksonsweet/Library/Developer/Xcode/DerivedData/ModuleCache.noindex/Session.modulevalidation -Xcc -working-directory -Xcc /Users/jacksonsweet/Desktop/OPS\ APP/OPS -resource-dir /Applications/Xcode.app/Contents/Developer/Toolchains/XcodeDefault.xctoolchain/usr/lib/swift -enable-anonymous-context-mangled-names -file-compilation-dir /Users/jacksonsweet/Desktop/OPS\ APP/OPS -Xcc -D_LIBCPP_HARDENING_MODE\=_LIBCPP_HARDENING_MODE_DEBUG -Xcc -ivfsstatcache -Xcc /Users/jacksonsweet/Library/Developer/Xcode/DerivedData/SDKStatCaches.noindex/iphonesimulator18.2-22C146-07b28473f605e47e75261259d3ef3b5a.sdkstatcache -Xcc -I/Users/jacksonsweet/Library/Developer/Xcode/DerivedData/OPS-czavgtmnvamasvcjgszzuulfcsxj/Build/Intermediates.noindex/OPS.build/Debug-iphonesimulator/OPS.build/swift-overrides.hmap -Xcc -iquote -Xcc /Users/jacksonsweet/Library/Developer/Xcode/DerivedData/OPS-czavgtmnvamasvcjgszzuulfcsxj/Build/Intermediates.noindex/OPS.build/Debug-iphonesimulator/OPS.build/OPS-generated-files.hmap -Xcc -I/Users/jacksonsweet/Library/Developer/Xcode/DerivedData/OPS-czavgtmnvamasvcjgszzuulfcsxj/Build/Intermediates.noindex/OPS.build/Debug-iphonesimulator/OPS.build/OPS-own-target-headers.hmap -Xcc -I/Users/jacksonsweet/Library/Developer/Xcode/DerivedData/OPS-czavgtmnvamasvcjgszzuulfcsxj/Build/Intermediates.noindex/OPS.build/Debug-iphonesimulator/OPS.build/OPS-all-target-headers.hmap -Xcc -iquote -Xcc /Users/jacksonsweet/Library/Developer/Xcode/DerivedData/OPS-czavgtmnvamasvcjgszzuulfcsxj/Build/Intermediates.noindex/OPS.build/Debug-iphonesimulator/OPS.build/OPS-project-headers.hmap -Xcc -I/Users/jacksonsweet/Library/Developer/Xcode/DerivedData/OPS-czavgtmnvamasvcjgszzuulfcsxj/Build/Products/Debug-iphonesimulator/include -Xcc -I/Users/jacksonsweet/Library/Developer/Xcode/DerivedData/OPS-czavgtmnvamasvcjgszzuulfcsxj/Build/Intermediates.noindex/OPS.build/Debug-iphonesimulator/OPS.build/DerivedSources-normal/arm64 -Xcc -I/Users/jacksonsweet/Library/Developer/Xcode/DerivedData/OPS-czavgtmnvamasvcjgszzuulfcsxj/Build/Intermediates.noindex/OPS.build/Debug-iphonesimulator/OPS.build/DerivedSources/arm64 -Xcc -I/Users/jacksonsweet/Library/Developer/Xcode/DerivedData/OPS-czavgtmnvamasvcjgszzuulfcsxj/Build/Intermediates.noindex/OPS.build/Debug-iphonesimulator/OPS.build/DerivedSources -Xcc -DDEBUG\=1 -module-name OPS -frontend-parseable-output -disable-clang-spi -target-sdk-version 18.2 -target-sdk-name iphonesimulator18.2 -external-plugin-path /Applications/Xcode.app/Contents/Developer/Platforms/iPhoneOS.platform/Developer/usr/lib/swift/host/plugins\#/Applications/Xcode.app/Contents/Developer/Platforms/iPhoneOS.platform/Developer/usr/bin/swift-plugin-server -external-plugin-path /Applications/Xcode.app/Contents/Developer/Platforms/iPhoneOS.platform/Developer/usr/local/lib/swift/host/plugins\#/Applications/Xcode.app/Contents/Developer/Platforms/iPhoneOS.platform/Developer/usr/bin/swift-plugin-server -plugin-path /Applications/Xcode.app/Contents/Developer/Toolchains/XcodeDefault.xctoolchain/usr/lib/swift/host/plugins -plugin-path /Applications/Xcode.app/Contents/Developer/Toolchains/XcodeDefault.xctoolchain/usr/local/lib/swift/host/plugins -emit-module-doc-path /Users/jacksonsweet/Library/Developer/Xcode/DerivedData/OPS-czavgtmnvamasvcjgszzuulfcsxj/Build/Intermediates.noindex/OPS.build/Debug-iphonesimulator/OPS.build/Objects-normal/arm64/OPS.swiftdoc -emit-module-source-info-path /Users/jacksonsweet/Library/Developer/Xcode/DerivedData/OPS-czavgtmnvamasvcjgszzuulfcsxj/Build/Intermediates.noindex/OPS.build/Debug-iphonesimulator/OPS.build/Objects-normal/arm64/OPS.swiftsourceinfo -emit-objc-header-path /Users/jacksonsweet/Library/Developer/Xcode/DerivedData/OPS-czavgtmnvamasvcjgszzuulfcsxj/Build/Intermediates.noindex/OPS.build/Debug-iphonesimulator/OPS.build/Objects-normal/arm64/OPS-Swift.h -serialize-diagnostics-path /Users/jacksonsweet/Library/Developer/Xcode/DerivedData/OPS-czavgtmnvamasvcjgszzuulfcsxj/Build/Intermediates.noindex/OPS.build/Debug-iphonesimulator/OPS.build/Objects-normal/arm64/OPS-master-emit-module.dia -emit-dependencies-path /Users/jacksonsweet/Library/Developer/Xcode/DerivedData/OPS-czavgtmnvamasvcjgszzuulfcsxj/Build/Intermediates.noindex/OPS.build/Debug-iphonesimulator/OPS.build/Objects-normal/arm64/OPS-master-emit-module.d -o /Users/jacksonsweet/Library/Developer/Xcode/DerivedData/OPS-czavgtmnvamasvcjgszzuulfcsxj/Build/Intermediates.noindex/OPS.build/Debug-iphonesimulator/OPS.build/Objects-normal/arm64/OPS.swiftmodule -emit-abi-descriptor-path /Users/jacksonsweet/Library/Developer/Xcode/DerivedData/OPS-czavgtmnvamasvcjgszzuulfcsxj/Build/Intermediates.noindex/OPS.build/Debug-iphonesimulator/OPS.build/Objects-normal/arm64/OPS.abi.json

EmitSwiftModule normal arm64 (in target 'OPS' from project 'OPS')
    cd /Users/jacksonsweet/Desktop/OPS\ APP/OPS
    /Applications/Xcode.app/Contents/Developer/Toolchains/XcodeDefault.xctoolchain/usr/bin/swift-frontend -emit-module -experimental-skip-non-inlinable-function-bodies-without-types /Users/jacksonsweet/Desktop/OPS\ APP/OPS/OPS/DataModels/BubbleImage.swift /Users/jacksonsweet/Desktop/OPS\ APP/OPS/OPS/DataModels/BubbleTypes.swift /Users/jacksonsweet/Desktop/OPS\ APP/OPS/OPS/DataModels/Company.swift /Users/jacksonsweet/Desktop/OPS\ APP/OPS/OPS/DataModels/Project.swift /Users/jacksonsweet/Desktop/OPS\ APP/OPS/OPS/DataModels/Status.swift /Users/jacksonsweet/Desktop/OPS\ APP/OPS/OPS/DataModels/User.swift /Users/jacksonsweet/Desktop/OPS\ APP/OPS/OPS/DataModels/UserRole.swift /Users/jacksonsweet/Desktop/OPS\ APP/OPS/OPS/Extensions/UIImage+Extensions.swift /Users/jacksonsweet/Desktop/OPS\ APP/OPS/OPS/Network/API/APIError.swift /Users/jacksonsweet/Desktop/OPS\ APP/OPS/OPS/Network/API/APIService.swift /Users/jacksonsweet/Desktop/OPS\ APP/OPS/OPS/Network/API/BubbleFields.swift /Users/jacksonsweet/Desktop/OPS\ APP/OPS/OPS/Network/Auth/AuthError.swift /Users/jacksonsweet/Desktop/OPS\ APP/OPS/OPS/Network/Auth/AuthManager.swift /Users/jacksonsweet/Desktop/OPS\ APP/OPS/OPS/Network/Auth/KeychainManager.swift /Users/jacksonsweet/Desktop/OPS\ APP/OPS/OPS/Network/DTOs/CompanyDTO.swift /Users/jacksonsweet/Desktop/OPS\ APP/OPS/OPS/Network/DTOs/ProjectDTO.swift /Users/jacksonsweet/Desktop/OPS\ APP/OPS/OPS/Network/DTOs/UserDTO.swift /Users/jacksonsweet/Desktop/OPS\ APP/OPS/OPS/Network/Endpoints/CompanyEndpoints.swift /Users/jacksonsweet/Desktop/OPS\ APP/OPS/OPS/Network/Endpoints/ProjectEndpoints.swift /Users/jacksonsweet/Desktop/OPS\ APP/OPS/OPS/Network/Endpoints/UserEndpoints.swift /Users/jacksonsweet/Desktop/OPS\ APP/OPS/OPS/Network/Sync/BackgroundTaskManager.swift /Users/jacksonsweet/Desktop/OPS\ APP/OPS/OPS/Network/Sync/SyncManager.swift /Users/jacksonsweet/Desktop/OPS\ APP/OPS/OPS/Network/ConnectivityMonitor.swift /Users/jacksonsweet/Desktop/OPS\ APP/OPS/OPS/Network/ImageSyncManager.swift /Users/jacksonsweet/Desktop/OPS\ APP/OPS/OPS/Onboarding/Coordinators/OnboardingCoordinator.swift /Users/jacksonsweet/Desktop/OPS\ APP/OPS/OPS/Onboarding/Models/OnboardingModels.swift /Users/jacksonsweet/Desktop/OPS\ APP/OPS/OPS/Onboarding/Services/OnboardingService.swift /Users/jacksonsweet/Desktop/OPS\ APP/OPS/OPS/Onboarding/ViewModels/OnboardingViewModel.swift /Users/jacksonsweet/Desktop/OPS\ APP/OPS/OPS/Onboarding/Views/Components/OnboardingComponents.swift /Users/jacksonsweet/Desktop/OPS\ APP/OPS/OPS/Onboarding/Views/Screens/AccountCreatedView.swift /Users/jacksonsweet/Desktop/OPS\ APP/OPS/OPS/Onboarding/Views/Screens/CompanyCodeView.swift /Users/jacksonsweet/Desktop/OPS\ APP/OPS/OPS/Onboarding/Views/Screens/CompanyCodeViewPreview.swift /Users/jacksonsweet/Desktop/OPS\ APP/OPS/OPS/Onboarding/Views/Screens/CompletionView.swift /Users/jacksonsweet/Desktop/OPS\ APP/OPS/OPS/Onboarding/Views/Screens/CompletionViewPreview.swift /Users/jacksonsweet/Desktop/OPS\ APP/OPS/OPS/Onboarding/Views/Screens/EmailView.swift /Users/jacksonsweet/Desktop/OPS\ APP/OPS/OPS/Onboarding/Views/Screens/FieldSetupView.swift /Users/jacksonsweet/Desktop/OPS\ APP/OPS/OPS/Onboarding/Views/Screens/NotificationsView.swift /Users/jacksonsweet/Desktop/OPS\ APP/OPS/OPS/Onboarding/Views/Screens/NotificationsViewPreview.swift /Users/jacksonsweet/Desktop/OPS\ APP/OPS/OPS/Onboarding/Views/Screens/OrganizationJoinView.swift /Users/jacksonsweet/Desktop/OPS\ APP/OPS/OPS/Onboarding/Views/Screens/PasswordView.swift /Users/jacksonsweet/Desktop/OPS\ APP/OPS/OPS/Onboarding/Views/Screens/PasswordViewPreview.swift /Users/jacksonsweet/Desktop/OPS\ APP/OPS/OPS/Onboarding/Views/Screens/PermissionsView.swift /Users/jacksonsweet/Desktop/OPS\ APP/OPS/OPS/Onboarding/Views/Screens/PermissionsViewPreview.swift /Users/jacksonsweet/Desktop/OPS\ APP/OPS/OPS/Onboarding/Views/Screens/PhoneNumberView.swift /Users/jacksonsweet/Desktop/OPS\ APP/OPS/OPS/Onboarding/Views/Screens/PhoneNumberViewPreview.swift /Users/jacksonsweet/Desktop/OPS\ APP/OPS/OPS/Onboarding/Views/Screens/UserInfoView.swift /Users/jacksonsweet/Desktop/OPS\ APP/OPS/OPS/Onboarding/Views/Screens/UserInfoViewPreview.swift /Users/jacksonsweet/Desktop/OPS\ APP/OPS/OPS/Onboarding/Views/Screens/VerifyPhoneView.swift /Users/jacksonsweet/Desktop/OPS\ APP/OPS/OPS/Onboarding/Views/Screens/WelcomeCompanyView.swift /Users/jacksonsweet/Desktop/OPS\ APP/OPS/OPS/Onboarding/Views/Screens/WelcomeCompanyViewPreview.swift /Users/jacksonsweet/Desktop/OPS\ APP/OPS/OPS/Onboarding/Views/Screens/WelcomeView.swift /Users/jacksonsweet/Desktop/OPS\ APP/OPS/OPS/Onboarding/Views/Screens/WelcomeViewPreview.swift /Users/jacksonsweet/Desktop/OPS\ APP/OPS/OPS/Onboarding/Views/OnboardingContainerView.swift /Users/jacksonsweet/Desktop/OPS\ APP/OPS/OPS/Onboarding/Views/OnboardingFlowPreview.swift /Users/jacksonsweet/Desktop/OPS\ APP/OPS/OPS/Onboarding/Views/OnboardingPresenter.swift /Users/jacksonsweet/Desktop/OPS\ APP/OPS/OPS/Onboarding/Views/OnboardingPreviewHelpers.swift /Users/jacksonsweet/Desktop/OPS\ APP/OPS/OPS/Styles/OPSStyle.swift /Users/jacksonsweet/Desktop/OPS\ APP/OPS/OPS/Utilities/AppConfiguration.swift /Users/jacksonsweet/Desktop/OPS\ APP/OPS/OPS/Utilities/ArrayTransformer.swift /Users/jacksonsweet/Desktop/OPS\ APP/OPS/OPS/Utilities/DataController.swift /Users/jacksonsweet/Desktop/OPS\ APP/OPS/OPS/Utilities/Dateformatter\ +Bubble.swift /Users/jacksonsweet/Desktop/OPS\ APP/OPS/OPS/Utilities/DateHelper.swift /Users/jacksonsweet/Desktop/OPS\ APP/OPS/OPS/Utilities/FieldErrorHandler.swift /Users/jacksonsweet/Desktop/OPS\ APP/OPS/OPS/Utilities/ImageCache.swift /Users/jacksonsweet/Desktop/OPS\ APP/OPS/OPS/Utilities/ImageFileManager.swift /Users/jacksonsweet/Desktop/OPS\ APP/OPS/OPS/Utilities/InProgressManager.swift /Users/jacksonsweet/Desktop/OPS\ APP/OPS/OPS/Utilities/KeyboardDismissalModifier.swift /Users/jacksonsweet/Desktop/OPS\ APP/OPS/OPS/Utilities/LocationManager.swift /Users/jacksonsweet/Desktop/OPS\ APP/OPS/OPS/Utilities/OnboardingEnvironmentKey.swift /Users/jacksonsweet/Desktop/OPS\ APP/OPS/OPS/Utilities/SwiftDataHelper.swift /Users/jacksonsweet/Desktop/OPS\ APP/OPS/OPS/Utilities/UIComponents.swift /Users/jacksonsweet/Desktop/OPS\ APP/OPS/OPS/V2/CertificationsSettingsView.swift /Users/jacksonsweet/Desktop/OPS\ APP/OPS/OPS/ViewModels/CalendarViewModel.swift /Users/jacksonsweet/Desktop/OPS\ APP/OPS/OPS/ViewModels/ProjectsViewModel.swift /Users/jacksonsweet/Desktop/OPS\ APP/OPS/OPS/Views/Calendar\ Tab/Components/CalendarDaySelector.swift /Users/jacksonsweet/Desktop/OPS\ APP/OPS/OPS/Views/Calendar\ Tab/Components/CalendarHeaderView.swift /Users/jacksonsweet/Desktop/OPS\ APP/OPS/OPS/Views/Calendar\ Tab/Components/CalendarProjectCard.swift /Users/jacksonsweet/Desktop/OPS\ APP/OPS/OPS/Views/Calendar\ Tab/Components/CalendarToggleView.swift /Users/jacksonsweet/Desktop/OPS\ APP/OPS/OPS/Views/Calendar\ Tab/Components/DatePickerPopover.swift /Users/jacksonsweet/Desktop/OPS\ APP/OPS/OPS/Views/Calendar\ Tab/Components/DayCell.swift /Users/jacksonsweet/Desktop/OPS\ APP/OPS/OPS/Views/Calendar\ Tab/ProjectViews/DayProjectSheet.swift /Users/jacksonsweet/Desktop/OPS\ APP/OPS/OPS/Views/Calendar\ Tab/ProjectViews/ProjectListView.swift /Users/jacksonsweet/Desktop/OPS\ APP/OPS/OPS/Views/Calendar\ Tab/MonthGridView.swift /Users/jacksonsweet/Desktop/OPS\ APP/OPS/OPS/Views/Components/Common/AppHeader.swift /Users/jacksonsweet/Desktop/OPS\ APP/OPS/OPS/Views/Components/Common/ExpandableNotesView.swift /Users/jacksonsweet/Desktop/OPS\ APP/OPS/OPS/Views/Components/Common/LocationPermissionView.swift /Users/jacksonsweet/Desktop/OPS\ APP/OPS/OPS/Views/Components/Common/NavigationBanner.swift /Users/jacksonsweet/Desktop/OPS\ APP/OPS/OPS/Views/Components/Common/NavigationControlsView.swift /Users/jacksonsweet/Desktop/OPS\ APP/OPS/OPS/Views/Components/Common/TabBarBackground.swift /Users/jacksonsweet/Desktop/OPS\ APP/OPS/OPS/Views/Components/Images/ImagePicker.swift /Users/jacksonsweet/Desktop/OPS\ APP/OPS/OPS/Views/Components/Images/ImagePickerView.swift /Users/jacksonsweet/Desktop/OPS\ APP/OPS/OPS/Views/Components/Images/ProjectImagesSection.swift /Users/jacksonsweet/Desktop/OPS\ APP/OPS/OPS/Views/Components/Images/ProjectImagesSimple.swift /Users/jacksonsweet/Desktop/OPS\ APP/OPS/OPS/Views/Components/Images/ProjectImageView.swift /Users/jacksonsweet/Desktop/OPS\ APP/OPS/OPS/Views/Components/Images/ProjectPhotosGrid.swift /Users/jacksonsweet/Desktop/OPS\ APP/OPS/OPS/Views/Components/Map/MiniMapView.swift /Users/jacksonsweet/Desktop/OPS\ APP/OPS/OPS/Views/Components/Map/ProjectMapAnnotation.swift /Users/jacksonsweet/Desktop/OPS\ APP/OPS/OPS/Views/Components/Map/ProjectMapView.swift /Users/jacksonsweet/Desktop/OPS\ APP/OPS/OPS/Views/Components/Map/ProjectMarkerPopup.swift /Users/jacksonsweet/Desktop/OPS\ APP/OPS/OPS/Views/Components/Map/RouteDirectionsView.swift /Users/jacksonsweet/Desktop/OPS\ APP/OPS/OPS/Views/Components/Project/ProjectActionBar.swift /Users/jacksonsweet/Desktop/OPS\ APP/OPS/OPS/Views/Components/Project/ProjectCard.swift /Users/jacksonsweet/Desktop/OPS\ APP/OPS/OPS/Views/Components/Project/ProjectCarousel.swift /Users/jacksonsweet/Desktop/OPS\ APP/OPS/OPS/Views/Components/Project/ProjectDetailsView.swift /Users/jacksonsweet/Desktop/OPS\ APP/OPS/OPS/Views/Components/Project/ProjectHeader.swift /Users/jacksonsweet/Desktop/OPS\ APP/OPS/OPS/Views/Components/Project/ProjectSheetContainer.swift /Users/jacksonsweet/Desktop/OPS\ APP/OPS/OPS/Views/Components/User/TeamMemberListView.swift /Users/jacksonsweet/Desktop/OPS\ APP/OPS/OPS/Views/Components/User/UserProfileCard.swift /Users/jacksonsweet/Desktop/OPS\ APP/OPS/OPS/Views/Home/HomeContentView.swift /Users/jacksonsweet/Desktop/OPS\ APP/OPS/OPS/Views/Home/HomeView.swift /Users/jacksonsweet/Desktop/OPS\ APP/OPS/OPS/Views/Settings/OrganizationSettingsView.swift /Users/jacksonsweet/Desktop/OPS\ APP/OPS/OPS/Views/Settings/ProfileSettingsView.swift /Users/jacksonsweet/Desktop/OPS\ APP/OPS/OPS/Views/Settings/ProjectHistorySettingsView.swift /Users/jacksonsweet/Desktop/OPS\ APP/OPS/OPS/Views/LoginView.swift /Users/jacksonsweet/Desktop/OPS\ APP/OPS/OPS/Views/LoginViewPreview.swift /Users/jacksonsweet/Desktop/OPS\ APP/OPS/OPS/Views/MainTabView.swift /Users/jacksonsweet/Desktop/OPS\ APP/OPS/OPS/Views/NetworkStatusIndicator.swift /Users/jacksonsweet/Desktop/OPS\ APP/OPS/OPS/Views/ScheduleView.swift /Users/jacksonsweet/Desktop/OPS\ APP/OPS/OPS/Views/SettingsView.swift /Users/jacksonsweet/Desktop/OPS\ APP/OPS/OPS/Views/SplashScreen.swift /Users/jacksonsweet/Desktop/OPS\ APP/OPS/OPS/AppState.swift /Users/jacksonsweet/Desktop/OPS\ APP/OPS/OPS/ContentView.swift /Users/jacksonsweet/Desktop/OPS\ APP/OPS/OPS/Item.swift /Users/jacksonsweet/Desktop/OPS\ APP/OPS/OPS/OPSApp.swift /Users/jacksonsweet/Library/Developer/Xcode/DerivedData/OPS-czavgtmnvamasvcjgszzuulfcsxj/Build/Intermediates.noindex/OPS.build/Debug-iphonesimulator/OPS.build/DerivedSources/GeneratedAssetSymbols.swift -target arm64-apple-ios18.2-simulator -Xllvm -aarch64-use-tbi -enable-objc-interop -sdk /Applications/Xcode.app/Contents/Developer/Platforms/iPhoneSimulator.platform/Developer/SDKs/iPhoneSimulator18.2.sdk -I /Users/jacksonsweet/Library/Developer/Xcode/DerivedData/OPS-czavgtmnvamasvcjgszzuulfcsxj/Build/Products/Debug-iphonesimulator -F /Users/jacksonsweet/Library/Developer/Xcode/DerivedData/OPS-czavgtmnvamasvcjgszzuulfcsxj/Build/Products/Debug-iphonesimulator -no-color-diagnostics -enable-testing -g -debug-info-format\=dwarf -dwarf-version\=5 -module-cache-path /Users/jacksonsweet/Library/Developer/Xcode/DerivedData/ModuleCache.noindex -profile-generate -profile-coverage-mapping -swift-version 5 -enforce-exclusivity\=checked -Onone -D DEBUG -serialize-debugging-options -const-gather-protocols-file /Users/jacksonsweet/Library/Developer/Xcode/DerivedData/OPS-czavgtmnvamasvcjgszzuulfcsxj/Build/Intermediates.noindex/OPS.build/Debug-iphonesimulator/OPS.build/Objects-normal/arm64/OPS_const_extract_protocols.json -enable-experimental-feature DebugDescriptionMacro -enable-experimental-feature OpaqueTypeErasure -enable-bare-slash-regex -empty-abi-descriptor -validate-clang-modules-once -clang-build-session-file /Users/jacksonsweet/Library/Developer/Xcode/DerivedData/ModuleCache.noindex/Session.modulevalidation -Xcc -working-directory -Xcc /Users/jacksonsweet/Desktop/OPS\ APP/OPS -resource-dir /Applications/Xcode.app/Contents/Developer/Toolchains/XcodeDefault.xctoolchain/usr/lib/swift -enable-anonymous-context-mangled-names -file-compilation-dir /Users/jacksonsweet/Desktop/OPS\ APP/OPS -Xcc -D_LIBCPP_HARDENING_MODE\=_LIBCPP_HARDENING_MODE_DEBUG -Xcc -ivfsstatcache -Xcc /Users/jacksonsweet/Library/Developer/Xcode/DerivedData/SDKStatCaches.noindex/iphonesimulator18.2-22C146-07b28473f605e47e75261259d3ef3b5a.sdkstatcache -Xcc -I/Users/jacksonsweet/Library/Developer/Xcode/DerivedData/OPS-czavgtmnvamasvcjgszzuulfcsxj/Build/Intermediates.noindex/OPS.build/Debug-iphonesimulator/OPS.build/swift-overrides.hmap -Xcc -iquote -Xcc /Users/jacksonsweet/Library/Developer/Xcode/DerivedData/OPS-czavgtmnvamasvcjgszzuulfcsxj/Build/Intermediates.noindex/OPS.build/Debug-iphonesimulator/OPS.build/OPS-generated-files.hmap -Xcc -I/Users/jacksonsweet/Library/Developer/Xcode/DerivedData/OPS-czavgtmnvamasvcjgszzuulfcsxj/Build/Intermediates.noindex/OPS.build/Debug-iphonesimulator/OPS.build/OPS-own-target-headers.hmap -Xcc -I/Users/jacksonsweet/Library/Developer/Xcode/DerivedData/OPS-czavgtmnvamasvcjgszzuulfcsxj/Build/Intermediates.noindex/OPS.build/Debug-iphonesimulator/OPS.build/OPS-all-target-headers.hmap -Xcc -iquote -Xcc /Users/jacksonsweet/Library/Developer/Xcode/DerivedData/OPS-czavgtmnvamasvcjgszzuulfcsxj/Build/Intermediates.noindex/OPS.build/Debug-iphonesimulator/OPS.build/OPS-project-headers.hmap -Xcc -I/Users/jacksonsweet/Library/Developer/Xcode/DerivedData/OPS-czavgtmnvamasvcjgszzuulfcsxj/Build/Products/Debug-iphonesimulator/include -Xcc -I/Users/jacksonsweet/Library/Developer/Xcode/DerivedData/OPS-czavgtmnvamasvcjgszzuulfcsxj/Build/Intermediates.noindex/OPS.build/Debug-iphonesimulator/OPS.build/DerivedSources-normal/arm64 -Xcc -I/Users/jacksonsweet/Library/Developer/Xcode/DerivedData/OPS-czavgtmnvamasvcjgszzuulfcsxj/Build/Intermediates.noindex/OPS.build/Debug-iphonesimulator/OPS.build/DerivedSources/arm64 -Xcc -I/Users/jacksonsweet/Library/Developer/Xcode/DerivedData/OPS-czavgtmnvamasvcjgszzuulfcsxj/Build/Intermediates.noindex/OPS.build/Debug-iphonesimulator/OPS.build/DerivedSources -Xcc -DDEBUG\=1 -module-name OPS -frontend-parseable-output -disable-clang-spi -target-sdk-version 18.2 -target-sdk-name iphonesimulator18.2 -external-plugin-path /Applications/Xcode.app/Contents/Developer/Platforms/iPhoneOS.platform/Developer/usr/lib/swift/host/plugins\#/Applications/Xcode.app/Contents/Developer/Platforms/iPhoneOS.platform/Developer/usr/bin/swift-plugin-server -external-plugin-path /Applications/Xcode.app/Contents/Developer/Platforms/iPhoneOS.platform/Developer/usr/local/lib/swift/host/plugins\#/Applications/Xcode.app/Contents/Developer/Platforms/iPhoneOS.platform/Developer/usr/bin/swift-plugin-server -plugin-path /Applications/Xcode.app/Contents/Developer/Toolchains/XcodeDefault.xctoolchain/usr/lib/swift/host/plugins -plugin-path /Applications/Xcode.app/Contents/Developer/Toolchains/XcodeDefault.xctoolchain/usr/local/lib/swift/host/plugins -emit-module-doc-path /Users/jacksonsweet/Library/Developer/Xcode/DerivedData/OPS-czavgtmnvamasvcjgszzuulfcsxj/Build/Intermediates.noindex/OPS.build/Debug-iphonesimulator/OPS.build/Objects-normal/arm64/OPS.swiftdoc -emit-module-source-info-path /Users/jacksonsweet/Library/Developer/Xcode/DerivedData/OPS-czavgtmnvamasvcjgszzuulfcsxj/Build/Intermediates.noindex/OPS.build/Debug-iphonesimulator/OPS.build/Objects-normal/arm64/OPS.swiftsourceinfo -emit-objc-header-path /Users/jacksonsweet/Library/Developer/Xcode/DerivedData/OPS-czavgtmnvamasvcjgszzuulfcsxj/Build/Intermediates.noindex/OPS.build/Debug-iphonesimulator/OPS.build/Objects-normal/arm64/OPS-Swift.h -serialize-diagnostics-path /Users/jacksonsweet/Library/Developer/Xcode/DerivedData/OPS-czavgtmnvamasvcjgszzuulfcsxj/Build/Intermediates.noindex/OPS.build/Debug-iphonesimulator/OPS.build/Objects-normal/arm64/OPS-master-emit-module.dia -emit-dependencies-path /Users/jacksonsweet/Library/Developer/Xcode/DerivedData/OPS-czavgtmnvamasvcjgszzuulfcsxj/Build/Intermediates.noindex/OPS.build/Debug-iphonesimulator/OPS.build/Objects-normal/arm64/OPS-master-emit-module.d -o /Users/jacksonsweet/Library/Developer/Xcode/DerivedData/OPS-czavgtmnvamasvcjgszzuulfcsxj/Build/Intermediates.noindex/OPS.build/Debug-iphonesimulator/OPS.build/Objects-normal/arm64/OPS.swiftmodule -emit-abi-descriptor-path /Users/jacksonsweet/Library/Developer/Xcode/DerivedData/OPS-czavgtmnvamasvcjgszzuulfcsxj/Build/Intermediates.noindex/OPS.build/Debug-iphonesimulator/OPS.build/Objects-normal/arm64/OPS.abi.json

SwiftCompile normal arm64 Compiling\ ImagePicker.swift,\ ImagePickerView.swift,\ ProjectImagesSection.swift,\ ProjectImagesSimple.swift,\ ProjectImageView.swift,\ ProjectPhotosGrid.swift,\ MiniMapView.swift,\ ProjectMapAnnotation.swift,\ ProjectMapView.swift,\ ProjectMarkerPopup.swift,\ RouteDirectionsView.swift,\ ProjectActionBar.swift /Users/jacksonsweet/Desktop/OPS\ APP/OPS/OPS/Views/Components/Images/ImagePicker.swift /Users/jacksonsweet/Desktop/OPS\ APP/OPS/OPS/Views/Components/Images/ImagePickerView.swift /Users/jacksonsweet/Desktop/OPS\ APP/OPS/OPS/Views/Components/Images/ProjectImagesSection.swift /Users/jacksonsweet/Desktop/OPS\ APP/OPS/OPS/Views/Components/Images/ProjectImagesSimple.swift /Users/jacksonsweet/Desktop/OPS\ APP/OPS/OPS/Views/Components/Images/ProjectImageView.swift /Users/jacksonsweet/Desktop/OPS\ APP/OPS/OPS/Views/Components/Images/ProjectPhotosGrid.swift /Users/jacksonsweet/Desktop/OPS\ APP/OPS/OPS/Views/Components/Map/MiniMapView.swift /Users/jacksonsweet/Desktop/OPS\ APP/OPS/OPS/Views/Components/Map/ProjectMapAnnotation.swift /Users/jacksonsweet/Desktop/OPS\ APP/OPS/OPS/Views/Components/Map/ProjectMapView.swift /Users/jacksonsweet/Desktop/OPS\ APP/OPS/OPS/Views/Components/Map/ProjectMarkerPopup.swift /Users/jacksonsweet/Desktop/OPS\ APP/OPS/OPS/Views/Components/Map/RouteDirectionsView.swift /Users/jacksonsweet/Desktop/OPS\ APP/OPS/OPS/Views/Components/Project/ProjectActionBar.swift (in target 'OPS' from project 'OPS')
    cd /Users/jacksonsweet/Desktop/OPS\ APP/OPS
    builtin-swiftTaskExecution -- /Applications/Xcode.app/Contents/Developer/Toolchains/XcodeDefault.xctoolchain/usr/bin/swift-frontend -frontend -c /Users/jacksonsweet/Desktop/OPS\ APP/OPS/OPS/DataModels/BubbleImage.swift /Users/jacksonsweet/Desktop/OPS\ APP/OPS/OPS/DataModels/BubbleTypes.swift /Users/jacksonsweet/Desktop/OPS\ APP/OPS/OPS/DataModels/Company.swift /Users/jacksonsweet/Desktop/OPS\ APP/OPS/OPS/DataModels/Project.swift /Users/jacksonsweet/Desktop/OPS\ APP/OPS/OPS/DataModels/Status.swift /Users/jacksonsweet/Desktop/OPS\ APP/OPS/OPS/DataModels/User.swift /Users/jacksonsweet/Desktop/OPS\ APP/OPS/OPS/DataModels/UserRole.swift /Users/jacksonsweet/Desktop/OPS\ APP/OPS/OPS/Extensions/UIImage+Extensions.swift /Users/jacksonsweet/Desktop/OPS\ APP/OPS/OPS/Network/API/APIError.swift /Users/jacksonsweet/Desktop/OPS\ APP/OPS/OPS/Network/API/APIService.swift /Users/jacksonsweet/Desktop/OPS\ APP/OPS/OPS/Network/API/BubbleFields.swift /Users/jacksonsweet/Desktop/OPS\ APP/OPS/OPS/Network/Auth/AuthError.swift /Users/jacksonsweet/Desktop/OPS\ APP/OPS/OPS/Network/Auth/AuthManager.swift /Users/jacksonsweet/Desktop/OPS\ APP/OPS/OPS/Network/Auth/KeychainManager.swift /Users/jacksonsweet/Desktop/OPS\ APP/OPS/OPS/Network/DTOs/CompanyDTO.swift /Users/jacksonsweet/Desktop/OPS\ APP/OPS/OPS/Network/DTOs/ProjectDTO.swift /Users/jacksonsweet/Desktop/OPS\ APP/OPS/OPS/Network/DTOs/UserDTO.swift /Users/jacksonsweet/Desktop/OPS\ APP/OPS/OPS/Network/Endpoints/CompanyEndpoints.swift /Users/jacksonsweet/Desktop/OPS\ APP/OPS/OPS/Network/Endpoints/ProjectEndpoints.swift /Users/jacksonsweet/Desktop/OPS\ APP/OPS/OPS/Network/Endpoints/UserEndpoints.swift /Users/jacksonsweet/Desktop/OPS\ APP/OPS/OPS/Network/Sync/BackgroundTaskManager.swift /Users/jacksonsweet/Desktop/OPS\ APP/OPS/OPS/Network/Sync/SyncManager.swift /Users/jacksonsweet/Desktop/OPS\ APP/OPS/OPS/Network/ConnectivityMonitor.swift /Users/jacksonsweet/Desktop/OPS\ APP/OPS/OPS/Network/ImageSyncManager.swift /Users/jacksonsweet/Desktop/OPS\ APP/OPS/OPS/Onboarding/Coordinators/OnboardingCoordinator.swift /Users/jacksonsweet/Desktop/OPS\ APP/OPS/OPS/Onboarding/Models/OnboardingModels.swift /Users/jacksonsweet/Desktop/OPS\ APP/OPS/OPS/Onboarding/Services/OnboardingService.swift /Users/jacksonsweet/Desktop/OPS\ APP/OPS/OPS/Onboarding/ViewModels/OnboardingViewModel.swift /Users/jacksonsweet/Desktop/OPS\ APP/OPS/OPS/Onboarding/Views/Components/OnboardingComponents.swift /Users/jacksonsweet/Desktop/OPS\ APP/OPS/OPS/Onboarding/Views/Screens/AccountCreatedView.swift /Users/jacksonsweet/Desktop/OPS\ APP/OPS/OPS/Onboarding/Views/Screens/CompanyCodeView.swift /Users/jacksonsweet/Desktop/OPS\ APP/OPS/OPS/Onboarding/Views/Screens/CompanyCodeViewPreview.swift /Users/jacksonsweet/Desktop/OPS\ APP/OPS/OPS/Onboarding/Views/Screens/CompletionView.swift /Users/jacksonsweet/Desktop/OPS\ APP/OPS/OPS/Onboarding/Views/Screens/CompletionViewPreview.swift /Users/jacksonsweet/Desktop/OPS\ APP/OPS/OPS/Onboarding/Views/Screens/EmailView.swift /Users/jacksonsweet/Desktop/OPS\ APP/OPS/OPS/Onboarding/Views/Screens/FieldSetupView.swift /Users/jacksonsweet/Desktop/OPS\ APP/OPS/OPS/Onboarding/Views/Screens/NotificationsView.swift /Users/jacksonsweet/Desktop/OPS\ APP/OPS/OPS/Onboarding/Views/Screens/NotificationsViewPreview.swift /Users/jacksonsweet/Desktop/OPS\ APP/OPS/OPS/Onboarding/Views/Screens/OrganizationJoinView.swift /Users/jacksonsweet/Desktop/OPS\ APP/OPS/OPS/Onboarding/Views/Screens/PasswordView.swift /Users/jacksonsweet/Desktop/OPS\ APP/OPS/OPS/Onboarding/Views/Screens/PasswordViewPreview.swift /Users/jacksonsweet/Desktop/OPS\ APP/OPS/OPS/Onboarding/Views/Screens/PermissionsView.swift /Users/jacksonsweet/Desktop/OPS\ APP/OPS/OPS/Onboarding/Views/Screens/PermissionsViewPreview.swift /Users/jacksonsweet/Desktop/OPS\ APP/OPS/OPS/Onboarding/Views/Screens/PhoneNumberView.swift /Users/jacksonsweet/Desktop/OPS\ APP/OPS/OPS/Onboarding/Views/Screens/PhoneNumberViewPreview.swift /Users/jacksonsweet/Desktop/OPS\ APP/OPS/OPS/Onboarding/Views/Screens/UserInfoView.swift /Users/jacksonsweet/Desktop/OPS\ APP/OPS/OPS/Onboarding/Views/Screens/UserInfoViewPreview.swift /Users/jacksonsweet/Desktop/OPS\ APP/OPS/OPS/Onboarding/Views/Screens/VerifyPhoneView.swift /Users/jacksonsweet/Desktop/OPS\ APP/OPS/OPS/Onboarding/Views/Screens/WelcomeCompanyView.swift /Users/jacksonsweet/Desktop/OPS\ APP/OPS/OPS/Onboarding/Views/Screens/WelcomeCompanyViewPreview.swift /Users/jacksonsweet/Desktop/OPS\ APP/OPS/OPS/Onboarding/Views/Screens/WelcomeView.swift /Users/jacksonsweet/Desktop/OPS\ APP/OPS/OPS/Onboarding/Views/Screens/WelcomeViewPreview.swift /Users/jacksonsweet/Desktop/OPS\ APP/OPS/OPS/Onboarding/Views/OnboardingContainerView.swift /Users/jacksonsweet/Desktop/OPS\ APP/OPS/OPS/Onboarding/Views/OnboardingFlowPreview.swift /Users/jacksonsweet/Desktop/OPS\ APP/OPS/OPS/Onboarding/Views/OnboardingPresenter.swift /Users/jacksonsweet/Desktop/OPS\ APP/OPS/OPS/Onboarding/Views/OnboardingPreviewHelpers.swift /Users/jacksonsweet/Desktop/OPS\ APP/OPS/OPS/Styles/OPSStyle.swift /Users/jacksonsweet/Desktop/OPS\ APP/OPS/OPS/Utilities/AppConfiguration.swift /Users/jacksonsweet/Desktop/OPS\ APP/OPS/OPS/Utilities/ArrayTransformer.swift /Users/jacksonsweet/Desktop/OPS\ APP/OPS/OPS/Utilities/DataController.swift /Users/jacksonsweet/Desktop/OPS\ APP/OPS/OPS/Utilities/Dateformatter\ +Bubble.swift /Users/jacksonsweet/Desktop/OPS\ APP/OPS/OPS/Utilities/DateHelper.swift /Users/jacksonsweet/Desktop/OPS\ APP/OPS/OPS/Utilities/FieldErrorHandler.swift /Users/jacksonsweet/Desktop/OPS\ APP/OPS/OPS/Utilities/ImageCache.swift /Users/jacksonsweet/Desktop/OPS\ APP/OPS/OPS/Utilities/ImageFileManager.swift /Users/jacksonsweet/Desktop/OPS\ APP/OPS/OPS/Utilities/InProgressManager.swift /Users/jacksonsweet/Desktop/OPS\ APP/OPS/OPS/Utilities/KeyboardDismissalModifier.swift /Users/jacksonsweet/Desktop/OPS\ APP/OPS/OPS/Utilities/LocationManager.swift /Users/jacksonsweet/Desktop/OPS\ APP/OPS/OPS/Utilities/OnboardingEnvironmentKey.swift /Users/jacksonsweet/Desktop/OPS\ APP/OPS/OPS/Utilities/SwiftDataHelper.swift /Users/jacksonsweet/Desktop/OPS\ APP/OPS/OPS/Utilities/UIComponents.swift /Users/jacksonsweet/Desktop/OPS\ APP/OPS/OPS/V2/CertificationsSettingsView.swift /Users/jacksonsweet/Desktop/OPS\ APP/OPS/OPS/ViewModels/CalendarViewModel.swift /Users/jacksonsweet/Desktop/OPS\ APP/OPS/OPS/ViewModels/ProjectsViewModel.swift /Users/jacksonsweet/Desktop/OPS\ APP/OPS/OPS/Views/Calendar\ Tab/Components/CalendarDaySelector.swift /Users/jacksonsweet/Desktop/OPS\ APP/OPS/OPS/Views/Calendar\ Tab/Components/CalendarHeaderView.swift /Users/jacksonsweet/Desktop/OPS\ APP/OPS/OPS/Views/Calendar\ Tab/Components/CalendarProjectCard.swift /Users/jacksonsweet/Desktop/OPS\ APP/OPS/OPS/Views/Calendar\ Tab/Components/CalendarToggleView.swift /Users/jacksonsweet/Desktop/OPS\ APP/OPS/OPS/Views/Calendar\ Tab/Components/DatePickerPopover.swift /Users/jacksonsweet/Desktop/OPS\ APP/OPS/OPS/Views/Calendar\ Tab/Components/DayCell.swift /Users/jacksonsweet/Desktop/OPS\ APP/OPS/OPS/Views/Calendar\ Tab/ProjectViews/DayProjectSheet.swift /Users/jacksonsweet/Desktop/OPS\ APP/OPS/OPS/Views/Calendar\ Tab/ProjectViews/ProjectListView.swift /Users/jacksonsweet/Desktop/OPS\ APP/OPS/OPS/Views/Calendar\ Tab/MonthGridView.swift /Users/jacksonsweet/Desktop/OPS\ APP/OPS/OPS/Views/Components/Common/AppHeader.swift /Users/jacksonsweet/Desktop/OPS\ APP/OPS/OPS/Views/Components/Common/ExpandableNotesView.swift /Users/jacksonsweet/Desktop/OPS\ APP/OPS/OPS/Views/Components/Common/LocationPermissionView.swift /Users/jacksonsweet/Desktop/OPS\ APP/OPS/OPS/Views/Components/Common/NavigationBanner.swift /Users/jacksonsweet/Desktop/OPS\ APP/OPS/OPS/Views/Components/Common/NavigationControlsView.swift /Users/jacksonsweet/Desktop/OPS\ APP/OPS/OPS/Views/Components/Common/TabBarBackground.swift -primary-file /Users/jacksonsweet/Desktop/OPS\ APP/OPS/OPS/Views/Components/Images/ImagePicker.swift -primary-file /Users/jacksonsweet/Desktop/OPS\ APP/OPS/OPS/Views/Components/Images/ImagePickerView.swift -primary-file /Users/jacksonsweet/Desktop/OPS\ APP/OPS/OPS/Views/Components/Images/ProjectImagesSection.swift -primary-file /Users/jacksonsweet/Desktop/OPS\ APP/OPS/OPS/Views/Components/Images/ProjectImagesSimple.swift -primary-file /Users/jacksonsweet/Desktop/OPS\ APP/OPS/OPS/Views/Components/Images/ProjectImageView.swift -primary-file /Users/jacksonsweet/Desktop/OPS\ APP/OPS/OPS/Views/Components/Images/ProjectPhotosGrid.swift -primary-file /Users/jacksonsweet/Desktop/OPS\ APP/OPS/OPS/Views/Components/Map/MiniMapView.swift -primary-file /Users/jacksonsweet/Desktop/OPS\ APP/OPS/OPS/Views/Components/Map/ProjectMapAnnotation.swift -primary-file /Users/jacksonsweet/Desktop/OPS\ APP/OPS/OPS/Views/Components/Map/ProjectMapView.swift -primary-file /Users/jacksonsweet/Desktop/OPS\ APP/OPS/OPS/Views/Components/Map/ProjectMarkerPopup.swift -primary-file /Users/jacksonsweet/Desktop/OPS\ APP/OPS/OPS/Views/Components/Map/RouteDirectionsView.swift -primary-file /Users/jacksonsweet/Desktop/OPS\ APP/OPS/OPS/Views/Components/Project/ProjectActionBar.swift /Users/jacksonsweet/Desktop/OPS\ APP/OPS/OPS/Views/Components/Project/ProjectCard.swift /Users/jacksonsweet/Desktop/OPS\ APP/OPS/OPS/Views/Components/Project/ProjectCarousel.swift /Users/jacksonsweet/Desktop/OPS\ APP/OPS/OPS/Views/Components/Project/ProjectDetailsView.swift /Users/jacksonsweet/Desktop/OPS\ APP/OPS/OPS/Views/Components/Project/ProjectHeader.swift /Users/jacksonsweet/Desktop/OPS\ APP/OPS/OPS/Views/Components/Project/ProjectSheetContainer.swift /Users/jacksonsweet/Desktop/OPS\ APP/OPS/OPS/Views/Components/User/TeamMemberListView.swift /Users/jacksonsweet/Desktop/OPS\ APP/OPS/OPS/Views/Components/User/UserProfileCard.swift /Users/jacksonsweet/Desktop/OPS\ APP/OPS/OPS/Views/Home/HomeContentView.swift /Users/jacksonsweet/Desktop/OPS\ APP/OPS/OPS/Views/Home/HomeView.swift /Users/jacksonsweet/Desktop/OPS\ APP/OPS/OPS/Views/Settings/OrganizationSettingsView.swift /Users/jacksonsweet/Desktop/OPS\ APP/OPS/OPS/Views/Settings/ProfileSettingsView.swift /Users/jacksonsweet/Desktop/OPS\ APP/OPS/OPS/Views/Settings/ProjectHistorySettingsView.swift /Users/jacksonsweet/Desktop/OPS\ APP/OPS/OPS/Views/LoginView.swift /Users/jacksonsweet/Desktop/OPS\ APP/OPS/OPS/Views/LoginViewPreview.swift /Users/jacksonsweet/Desktop/OPS\ APP/OPS/OPS/Views/MainTabView.swift /Users/jacksonsweet/Desktop/OPS\ APP/OPS/OPS/Views/NetworkStatusIndicator.swift /Users/jacksonsweet/Desktop/OPS\ APP/OPS/OPS/Views/ScheduleView.swift /Users/jacksonsweet/Desktop/OPS\ APP/OPS/OPS/Views/SettingsView.swift /Users/jacksonsweet/Desktop/OPS\ APP/OPS/OPS/Views/SplashScreen.swift /Users/jacksonsweet/Desktop/OPS\ APP/OPS/OPS/AppState.swift /Users/jacksonsweet/Desktop/OPS\ APP/OPS/OPS/ContentView.swift /Users/jacksonsweet/Desktop/OPS\ APP/OPS/OPS/Item.swift /Users/jacksonsweet/Desktop/OPS\ APP/OPS/OPS/OPSApp.swift /Users/jacksonsweet/Library/Developer/Xcode/DerivedData/OPS-czavgtmnvamasvcjgszzuulfcsxj/Build/Intermediates.noindex/OPS.build/Debug-iphonesimulator/OPS.build/DerivedSources/GeneratedAssetSymbols.swift -supplementary-output-file-map /Users/jacksonsweet/Library/Developer/Xcode/DerivedData/OPS-czavgtmnvamasvcjgszzuulfcsxj/Build/Intermediates.noindex/OPS.build/Debug-iphonesimulator/OPS.build/Objects-normal/arm64/supplementaryOutputs-8 -emit-localized-strings -emit-localized-strings-path /Users/jacksonsweet/Library/Developer/Xcode/DerivedData/OPS-czavgtmnvamasvcjgszzuulfcsxj/Build/Intermediates.noindex/OPS.build/Debug-iphonesimulator/OPS.build/Objects-normal/arm64 -target arm64-apple-ios18.2-simulator -Xllvm -aarch64-use-tbi -enable-objc-interop -sdk /Applications/Xcode.app/Contents/Developer/Platforms/iPhoneSimulator.platform/Developer/SDKs/iPhoneSimulator18.2.sdk -I /Users/jacksonsweet/Library/Developer/Xcode/DerivedData/OPS-czavgtmnvamasvcjgszzuulfcsxj/Build/Products/Debug-iphonesimulator -F /Users/jacksonsweet/Library/Developer/Xcode/DerivedData/OPS-czavgtmnvamasvcjgszzuulfcsxj/Build/Products/Debug-iphonesimulator -no-color-diagnostics -enable-testing -g -debug-info-format\=dwarf -dwarf-version\=5 -module-cache-path /Users/jacksonsweet/Library/Developer/Xcode/DerivedData/ModuleCache.noindex -profile-generate -profile-coverage-mapping -swift-version 5 -enforce-exclusivity\=checked -Onone -D DEBUG -serialize-debugging-options -const-gather-protocols-file /Users/jacksonsweet/Library/Developer/Xcode/DerivedData/OPS-czavgtmnvamasvcjgszzuulfcsxj/Build/Intermediates.noindex/OPS.build/Debug-iphonesimulator/OPS.build/Objects-normal/arm64/OPS_const_extract_protocols.json -enable-experimental-feature DebugDescriptionMacro -enable-experimental-feature OpaqueTypeErasure -enable-bare-slash-regex -empty-abi-descriptor -validate-clang-modules-once -clang-build-session-file /Users/jacksonsweet/Library/Developer/Xcode/DerivedData/ModuleCache.noindex/Session.modulevalidation -Xcc -working-directory -Xcc /Users/jacksonsweet/Desktop/OPS\ APP/OPS -resource-dir /Applications/Xcode.app/Contents/Developer/Toolchains/XcodeDefault.xctoolchain/usr/lib/swift -enable-anonymous-context-mangled-names -file-compilation-dir /Users/jacksonsweet/Desktop/OPS\ APP/OPS -Xcc -D_LIBCPP_HARDENING_MODE\=_LIBCPP_HARDENING_MODE_DEBUG -Xcc -ivfsstatcache -Xcc /Users/jacksonsweet/Library/Developer/Xcode/DerivedData/SDKStatCaches.noindex/iphonesimulator18.2-22C146-07b28473f605e47e75261259d3ef3b5a.sdkstatcache -Xcc -I/Users/jacksonsweet/Library/Developer/Xcode/DerivedData/OPS-czavgtmnvamasvcjgszzuulfcsxj/Build/Intermediates.noindex/OPS.build/Debug-iphonesimulator/OPS.build/swift-overrides.hmap -Xcc -iquote -Xcc /Users/jacksonsweet/Library/Developer/Xcode/DerivedData/OPS-czavgtmnvamasvcjgszzuulfcsxj/Build/Intermediates.noindex/OPS.build/Debug-iphonesimulator/OPS.build/OPS-generated-files.hmap -Xcc -I/Users/jacksonsweet/Library/Developer/Xcode/DerivedData/OPS-czavgtmnvamasvcjgszzuulfcsxj/Build/Intermediates.noindex/OPS.build/Debug-iphonesimulator/OPS.build/OPS-own-target-headers.hmap -Xcc -I/Users/jacksonsweet/Library/Developer/Xcode/DerivedData/OPS-czavgtmnvamasvcjgszzuulfcsxj/Build/Intermediates.noindex/OPS.build/Debug-iphonesimulator/OPS.build/OPS-all-target-headers.hmap -Xcc -iquote -Xcc /Users/jacksonsweet/Library/Developer/Xcode/DerivedData/OPS-czavgtmnvamasvcjgszzuulfcsxj/Build/Intermediates.noindex/OPS.build/Debug-iphonesimulator/OPS.build/OPS-project-headers.hmap -Xcc -I/Users/jacksonsweet/Library/Developer/Xcode/DerivedData/OPS-czavgtmnvamasvcjgszzuulfcsxj/Build/Products/Debug-iphonesimulator/include -Xcc -I/Users/jacksonsweet/Library/Developer/Xcode/DerivedData/OPS-czavgtmnvamasvcjgszzuulfcsxj/Build/Intermediates.noindex/OPS.build/Debug-iphonesimulator/OPS.build/DerivedSources-normal/arm64 -Xcc -I/Users/jacksonsweet/Library/Developer/Xcode/DerivedData/OPS-czavgtmnvamasvcjgszzuulfcsxj/Build/Intermediates.noindex/OPS.build/Debug-iphonesimulator/OPS.build/DerivedSources/arm64 -Xcc -I/Users/jacksonsweet/Library/Developer/Xcode/DerivedData/OPS-czavgtmnvamasvcjgszzuulfcsxj/Build/Intermediates.noindex/OPS.build/Debug-iphonesimulator/OPS.build/DerivedSources -Xcc -DDEBUG\=1 -module-name OPS -frontend-parseable-output -disable-clang-spi -target-sdk-version 18.2 -target-sdk-name iphonesimulator18.2 -external-plugin-path /Applications/Xcode.app/Contents/Developer/Platforms/iPhoneOS.platform/Developer/usr/lib/swift/host/plugins\#/Applications/Xcode.app/Contents/Developer/Platforms/iPhoneOS.platform/Developer/usr/bin/swift-plugin-server -external-plugin-path /Applications/Xcode.app/Contents/Developer/Platforms/iPhoneOS.platform/Developer/usr/local/lib/swift/host/plugins\#/Applications/Xcode.app/Contents/Developer/Platforms/iPhoneOS.platform/Developer/usr/bin/swift-plugin-server -plugin-path /Applications/Xcode.app/Contents/Developer/Toolchains/XcodeDefault.xctoolchain/usr/lib/swift/host/plugins -plugin-path /Applications/Xcode.app/Contents/Developer/Toolchains/XcodeDefault.xctoolchain/usr/local/lib/swift/host/plugins -o /Users/jacksonsweet/Library/Developer/Xcode/DerivedData/OPS-czavgtmnvamasvcjgszzuulfcsxj/Build/Intermediates.noindex/OPS.build/Debug-iphonesimulator/OPS.build/Objects-normal/arm64/ImagePicker.o -o /Users/jacksonsweet/Library/Developer/Xcode/DerivedData/OPS-czavgtmnvamasvcjgszzuulfcsxj/Build/Intermediates.noindex/OPS.build/Debug-iphonesimulator/OPS.build/Objects-normal/arm64/ImagePickerView.o -o /Users/jacksonsweet/Library/Developer/Xcode/DerivedData/OPS-czavgtmnvamasvcjgszzuulfcsxj/Build/Intermediates.noindex/OPS.build/Debug-iphonesimulator/OPS.build/Objects-normal/arm64/ProjectImagesSection.o -o /Users/jacksonsweet/Library/Developer/Xcode/DerivedData/OPS-czavgtmnvamasvcjgszzuulfcsxj/Build/Intermediates.noindex/OPS.build/Debug-iphonesimulator/OPS.build/Objects-normal/arm64/ProjectImagesSimple.o -o /Users/jacksonsweet/Library/Developer/Xcode/DerivedData/OPS-czavgtmnvamasvcjgszzuulfcsxj/Build/Intermediates.noindex/OPS.build/Debug-iphonesimulator/OPS.build/Objects-normal/arm64/ProjectImageView.o -o /Users/jacksonsweet/Library/Developer/Xcode/DerivedData/OPS-czavgtmnvamasvcjgszzuulfcsxj/Build/Intermediates.noindex/OPS.build/Debug-iphonesimulator/OPS.build/Objects-normal/arm64/ProjectPhotosGrid.o -o /Users/jacksonsweet/Library/Developer/Xcode/DerivedData/OPS-czavgtmnvamasvcjgszzuulfcsxj/Build/Intermediates.noindex/OPS.build/Debug-iphonesimulator/OPS.build/Objects-normal/arm64/MiniMapView.o -o /Users/jacksonsweet/Library/Developer/Xcode/DerivedData/OPS-czavgtmnvamasvcjgszzuulfcsxj/Build/Intermediates.noindex/OPS.build/Debug-iphonesimulator/OPS.build/Objects-normal/arm64/ProjectMapAnnotation.o -o /Users/jacksonsweet/Library/Developer/Xcode/DerivedData/OPS-czavgtmnvamasvcjgszzuulfcsxj/Build/Intermediates.noindex/OPS.build/Debug-iphonesimulator/OPS.build/Objects-normal/arm64/ProjectMapView.o -o /Users/jacksonsweet/Library/Developer/Xcode/DerivedData/OPS-czavgtmnvamasvcjgszzuulfcsxj/Build/Intermediates.noindex/OPS.build/Debug-iphonesimulator/OPS.build/Objects-normal/arm64/ProjectMarkerPopup.o -o /Users/jacksonsweet/Library/Developer/Xcode/DerivedData/OPS-czavgtmnvamasvcjgszzuulfcsxj/Build/Intermediates.noindex/OPS.build/Debug-iphonesimulator/OPS.build/Objects-normal/arm64/RouteDirectionsView.o -o /Users/jacksonsweet/Library/Developer/Xcode/DerivedData/OPS-czavgtmnvamasvcjgszzuulfcsxj/Build/Intermediates.noindex/OPS.build/Debug-iphonesimulator/OPS.build/Objects-normal/arm64/ProjectActionBar.o -index-unit-output-path /OPS.build/Debug-iphonesimulator/OPS.build/Objects-normal/arm64/ImagePicker.o -index-unit-output-path /OPS.build/Debug-iphonesimulator/OPS.build/Objects-normal/arm64/ImagePickerView.o -index-unit-output-path /OPS.build/Debug-iphonesimulator/OPS.build/Objects-normal/arm64/ProjectImagesSection.o -index-unit-output-path /OPS.build/Debug-iphonesimulator/OPS.build/Objects-normal/arm64/ProjectImagesSimple.o -index-unit-output-path /OPS.build/Debug-iphonesimulator/OPS.build/Objects-normal/arm64/ProjectImageView.o -index-unit-output-path /OPS.build/Debug-iphonesimulator/OPS.build/Objects-normal/arm64/ProjectPhotosGrid.o -index-unit-output-path /OPS.build/Debug-iphonesimulator/OPS.build/Objects-normal/arm64/MiniMapView.o -index-unit-output-path /OPS.build/Debug-iphonesimulator/OPS.build/Objects-normal/arm64/ProjectMapAnnotation.o -index-unit-output-path /OPS.build/Debug-iphonesimulator/OPS.build/Objects-normal/arm64/ProjectMapView.o -index-unit-output-path /OPS.build/Debug-iphonesimulator/OPS.build/Objects-normal/arm64/ProjectMarkerPopup.o -index-unit-output-path /OPS.build/Debug-iphonesimulator/OPS.build/Objects-normal/arm64/RouteDirectionsView.o -index-unit-output-path /OPS.build/Debug-iphonesimulator/OPS.build/Objects-normal/arm64/ProjectActionBar.o -index-store-path /Users/jacksonsweet/Library/Developer/Xcode/DerivedData/OPS-czavgtmnvamasvcjgszzuulfcsxj/Index.noindex/DataStore -index-system-modules
SwiftCompile normal arm64 /Users/jacksonsweet/Desktop/OPS\ APP/OPS/OPS/Views/Components/Images/ImagePicker.swift (in target 'OPS' from project 'OPS')
    cd /Users/jacksonsweet/Desktop/OPS\ APP/OPS
    /Applications/Xcode.app/Contents/Developer/Toolchains/XcodeDefault.xctoolchain/usr/bin/swift-frontend -c /Users/jacksonsweet/Desktop/OPS\ APP/OPS/OPS/DataModels/BubbleImage.swift /Users/jacksonsweet/Desktop/OPS\ APP/OPS/OPS/DataModels/BubbleTypes.swift /Users/jacksonsweet/Desktop/OPS\ APP/OPS/OPS/DataModels/Company.swift /Users/jacksonsweet/Desktop/OPS\ APP/OPS/OPS/DataModels/Project.swift /Users/jacksonsweet/Desktop/OPS\ APP/OPS/OPS/DataModels/Status.swift /Users/jacksonsweet/Desktop/OPS\ APP/OPS/OPS/DataModels/User.swift /Users/jacksonsweet/Desktop/OPS\ APP/OPS/OPS/DataModels/UserRole.swift /Users/jacksonsweet/Desktop/OPS\ APP/OPS/OPS/Extensions/UIImage+Extensions.swift /Users/jacksonsweet/Desktop/OPS\ APP/OPS/OPS/Network/API/APIError.swift /Users/jacksonsweet/Desktop/OPS\ APP/OPS/OPS/Network/API/APIService.swift /Users/jacksonsweet/Desktop/OPS\ APP/OPS/OPS/Network/API/BubbleFields.swift /Users/jacksonsweet/Desktop/OPS\ APP/OPS/OPS/Network/Auth/AuthError.swift /Users/jacksonsweet/Desktop/OPS\ APP/OPS/OPS/Network/Auth/AuthManager.swift /Users/jacksonsweet/Desktop/OPS\ APP/OPS/OPS/Network/Auth/KeychainManager.swift /Users/jacksonsweet/Desktop/OPS\ APP/OPS/OPS/Network/DTOs/CompanyDTO.swift /Users/jacksonsweet/Desktop/OPS\ APP/OPS/OPS/Network/DTOs/ProjectDTO.swift /Users/jacksonsweet/Desktop/OPS\ APP/OPS/OPS/Network/DTOs/UserDTO.swift /Users/jacksonsweet/Desktop/OPS\ APP/OPS/OPS/Network/Endpoints/CompanyEndpoints.swift /Users/jacksonsweet/Desktop/OPS\ APP/OPS/OPS/Network/Endpoints/ProjectEndpoints.swift /Users/jacksonsweet/Desktop/OPS\ APP/OPS/OPS/Network/Endpoints/UserEndpoints.swift /Users/jacksonsweet/Desktop/OPS\ APP/OPS/OPS/Network/Sync/BackgroundTaskManager.swift /Users/jacksonsweet/Desktop/OPS\ APP/OPS/OPS/Network/Sync/SyncManager.swift /Users/jacksonsweet/Desktop/OPS\ APP/OPS/OPS/Network/ConnectivityMonitor.swift /Users/jacksonsweet/Desktop/OPS\ APP/OPS/OPS/Network/ImageSyncManager.swift /Users/jacksonsweet/Desktop/OPS\ APP/OPS/OPS/Onboarding/Coordinators/OnboardingCoordinator.swift /Users/jacksonsweet/Desktop/OPS\ APP/OPS/OPS/Onboarding/Models/OnboardingModels.swift /Users/jacksonsweet/Desktop/OPS\ APP/OPS/OPS/Onboarding/Services/OnboardingService.swift /Users/jacksonsweet/Desktop/OPS\ APP/OPS/OPS/Onboarding/ViewModels/OnboardingViewModel.swift /Users/jacksonsweet/Desktop/OPS\ APP/OPS/OPS/Onboarding/Views/Components/OnboardingComponents.swift /Users/jacksonsweet/Desktop/OPS\ APP/OPS/OPS/Onboarding/Views/Screens/AccountCreatedView.swift /Users/jacksonsweet/Desktop/OPS\ APP/OPS/OPS/Onboarding/Views/Screens/CompanyCodeView.swift /Users/jacksonsweet/Desktop/OPS\ APP/OPS/OPS/Onboarding/Views/Screens/CompanyCodeViewPreview.swift /Users/jacksonsweet/Desktop/OPS\ APP/OPS/OPS/Onboarding/Views/Screens/CompletionView.swift /Users/jacksonsweet/Desktop/OPS\ APP/OPS/OPS/Onboarding/Views/Screens/CompletionViewPreview.swift /Users/jacksonsweet/Desktop/OPS\ APP/OPS/OPS/Onboarding/Views/Screens/EmailView.swift /Users/jacksonsweet/Desktop/OPS\ APP/OPS/OPS/Onboarding/Views/Screens/FieldSetupView.swift /Users/jacksonsweet/Desktop/OPS\ APP/OPS/OPS/Onboarding/Views/Screens/NotificationsView.swift /Users/jacksonsweet/Desktop/OPS\ APP/OPS/OPS/Onboarding/Views/Screens/NotificationsViewPreview.swift /Users/jacksonsweet/Desktop/OPS\ APP/OPS/OPS/Onboarding/Views/Screens/OrganizationJoinView.swift /Users/jacksonsweet/Desktop/OPS\ APP/OPS/OPS/Onboarding/Views/Screens/PasswordView.swift /Users/jacksonsweet/Desktop/OPS\ APP/OPS/OPS/Onboarding/Views/Screens/PasswordViewPreview.swift /Users/jacksonsweet/Desktop/OPS\ APP/OPS/OPS/Onboarding/Views/Screens/PermissionsView.swift /Users/jacksonsweet/Desktop/OPS\ APP/OPS/OPS/Onboarding/Views/Screens/PermissionsViewPreview.swift /Users/jacksonsweet/Desktop/OPS\ APP/OPS/OPS/Onboarding/Views/Screens/PhoneNumberView.swift /Users/jacksonsweet/Desktop/OPS\ APP/OPS/OPS/Onboarding/Views/Screens/PhoneNumberViewPreview.swift /Users/jacksonsweet/Desktop/OPS\ APP/OPS/OPS/Onboarding/Views/Screens/UserInfoView.swift /Users/jacksonsweet/Desktop/OPS\ APP/OPS/OPS/Onboarding/Views/Screens/UserInfoViewPreview.swift /Users/jacksonsweet/Desktop/OPS\ APP/OPS/OPS/Onboarding/Views/Screens/VerifyPhoneView.swift /Users/jacksonsweet/Desktop/OPS\ APP/OPS/OPS/Onboarding/Views/Screens/WelcomeCompanyView.swift /Users/jacksonsweet/Desktop/OPS\ APP/OPS/OPS/Onboarding/Views/Screens/WelcomeCompanyViewPreview.swift /Users/jacksonsweet/Desktop/OPS\ APP/OPS/OPS/Onboarding/Views/Screens/WelcomeView.swift /Users/jacksonsweet/Desktop/OPS\ APP/OPS/OPS/Onboarding/Views/Screens/WelcomeViewPreview.swift /Users/jacksonsweet/Desktop/OPS\ APP/OPS/OPS/Onboarding/Views/OnboardingContainerView.swift /Users/jacksonsweet/Desktop/OPS\ APP/OPS/OPS/Onboarding/Views/OnboardingFlowPreview.swift /Users/jacksonsweet/Desktop/OPS\ APP/OPS/OPS/Onboarding/Views/OnboardingPresenter.swift /Users/jacksonsweet/Desktop/OPS\ APP/OPS/OPS/Onboarding/Views/OnboardingPreviewHelpers.swift /Users/jacksonsweet/Desktop/OPS\ APP/OPS/OPS/Styles/OPSStyle.swift /Users/jacksonsweet/Desktop/OPS\ APP/OPS/OPS/Utilities/AppConfiguration.swift /Users/jacksonsweet/Desktop/OPS\ APP/OPS/OPS/Utilities/ArrayTransformer.swift /Users/jacksonsweet/Desktop/OPS\ APP/OPS/OPS/Utilities/DataController.swift /Users/jacksonsweet/Desktop/OPS\ APP/OPS/OPS/Utilities/Dateformatter\ +Bubble.swift /Users/jacksonsweet/Desktop/OPS\ APP/OPS/OPS/Utilities/DateHelper.swift /Users/jacksonsweet/Desktop/OPS\ APP/OPS/OPS/Utilities/FieldErrorHandler.swift /Users/jacksonsweet/Desktop/OPS\ APP/OPS/OPS/Utilities/ImageCache.swift /Users/jacksonsweet/Desktop/OPS\ APP/OPS/OPS/Utilities/ImageFileManager.swift /Users/jacksonsweet/Desktop/OPS\ APP/OPS/OPS/Utilities/InProgressManager.swift /Users/jacksonsweet/Desktop/OPS\ APP/OPS/OPS/Utilities/KeyboardDismissalModifier.swift /Users/jacksonsweet/Desktop/OPS\ APP/OPS/OPS/Utilities/LocationManager.swift /Users/jacksonsweet/Desktop/OPS\ APP/OPS/OPS/Utilities/OnboardingEnvironmentKey.swift /Users/jacksonsweet/Desktop/OPS\ APP/OPS/OPS/Utilities/SwiftDataHelper.swift /Users/jacksonsweet/Desktop/OPS\ APP/OPS/OPS/Utilities/UIComponents.swift /Users/jacksonsweet/Desktop/OPS\ APP/OPS/OPS/V2/CertificationsSettingsView.swift /Users/jacksonsweet/Desktop/OPS\ APP/OPS/OPS/ViewModels/CalendarViewModel.swift /Users/jacksonsweet/Desktop/OPS\ APP/OPS/OPS/ViewModels/ProjectsViewModel.swift /Users/jacksonsweet/Desktop/OPS\ APP/OPS/OPS/Views/Calendar\ Tab/Components/CalendarDaySelector.swift /Users/jacksonsweet/Desktop/OPS\ APP/OPS/OPS/Views/Calendar\ Tab/Components/CalendarHeaderView.swift /Users/jacksonsweet/Desktop/OPS\ APP/OPS/OPS/Views/Calendar\ Tab/Components/CalendarProjectCard.swift /Users/jacksonsweet/Desktop/OPS\ APP/OPS/OPS/Views/Calendar\ Tab/Components/CalendarToggleView.swift /Users/jacksonsweet/Desktop/OPS\ APP/OPS/OPS/Views/Calendar\ Tab/Components/DatePickerPopover.swift /Users/jacksonsweet/Desktop/OPS\ APP/OPS/OPS/Views/Calendar\ Tab/Components/DayCell.swift /Users/jacksonsweet/Desktop/OPS\ APP/OPS/OPS/Views/Calendar\ Tab/ProjectViews/DayProjectSheet.swift /Users/jacksonsweet/Desktop/OPS\ APP/OPS/OPS/Views/Calendar\ Tab/ProjectViews/ProjectListView.swift /Users/jacksonsweet/Desktop/OPS\ APP/OPS/OPS/Views/Calendar\ Tab/MonthGridView.swift /Users/jacksonsweet/Desktop/OPS\ APP/OPS/OPS/Views/Components/Common/AppHeader.swift /Users/jacksonsweet/Desktop/OPS\ APP/OPS/OPS/Views/Components/Common/ExpandableNotesView.swift /Users/jacksonsweet/Desktop/OPS\ APP/OPS/OPS/Views/Components/Common/LocationPermissionView.swift /Users/jacksonsweet/Desktop/OPS\ APP/OPS/OPS/Views/Components/Common/NavigationBanner.swift /Users/jacksonsweet/Desktop/OPS\ APP/OPS/OPS/Views/Components/Common/NavigationControlsView.swift /Users/jacksonsweet/Desktop/OPS\ APP/OPS/OPS/Views/Components/Common/TabBarBackground.swift -primary-file /Users/jacksonsweet/Desktop/OPS\ APP/OPS/OPS/Views/Components/Images/ImagePicker.swift -primary-file /Users/jacksonsweet/Desktop/OPS\ APP/OPS/OPS/Views/Components/Images/ImagePickerView.swift -primary-file /Users/jacksonsweet/Desktop/OPS\ APP/OPS/OPS/Views/Components/Images/ProjectImagesSection.swift -primary-file /Users/jacksonsweet/Desktop/OPS\ APP/OPS/OPS/Views/Components/Images/ProjectImagesSimple.swift -primary-file /Users/jacksonsweet/Desktop/OPS\ APP/OPS/OPS/Views/Components/Images/ProjectImageView.swift -primary-file /Users/jacksonsweet/Desktop/OPS\ APP/OPS/OPS/Views/Components/Images/ProjectPhotosGrid.swift -primary-file /Users/jacksonsweet/Desktop/OPS\ APP/OPS/OPS/Views/Components/Map/MiniMapView.swift -primary-file /Users/jacksonsweet/Desktop/OPS\ APP/OPS/OPS/Views/Components/Map/ProjectMapAnnotation.swift -primary-file /Users/jacksonsweet/Desktop/OPS\ APP/OPS/OPS/Views/Components/Map/ProjectMapView.swift -primary-file /Users/jacksonsweet/Desktop/OPS\ APP/OPS/OPS/Views/Components/Map/ProjectMarkerPopup.swift -primary-file /Users/jacksonsweet/Desktop/OPS\ APP/OPS/OPS/Views/Components/Map/RouteDirectionsView.swift -primary-file /Users/jacksonsweet/Desktop/OPS\ APP/OPS/OPS/Views/Components/Project/ProjectActionBar.swift /Users/jacksonsweet/Desktop/OPS\ APP/OPS/OPS/Views/Components/Project/ProjectCard.swift /Users/jacksonsweet/Desktop/OPS\ APP/OPS/OPS/Views/Components/Project/ProjectCarousel.swift /Users/jacksonsweet/Desktop/OPS\ APP/OPS/OPS/Views/Components/Project/ProjectDetailsView.swift /Users/jacksonsweet/Desktop/OPS\ APP/OPS/OPS/Views/Components/Project/ProjectHeader.swift /Users/jacksonsweet/Desktop/OPS\ APP/OPS/OPS/Views/Components/Project/ProjectSheetContainer.swift /Users/jacksonsweet/Desktop/OPS\ APP/OPS/OPS/Views/Components/User/TeamMemberListView.swift /Users/jacksonsweet/Desktop/OPS\ APP/OPS/OPS/Views/Components/User/UserProfileCard.swift /Users/jacksonsweet/Desktop/OPS\ APP/OPS/OPS/Views/Home/HomeContentView.swift /Users/jacksonsweet/Desktop/OPS\ APP/OPS/OPS/Views/Home/HomeView.swift /Users/jacksonsweet/Desktop/OPS\ APP/OPS/OPS/Views/Settings/OrganizationSettingsView.swift /Users/jacksonsweet/Desktop/OPS\ APP/OPS/OPS/Views/Settings/ProfileSettingsView.swift /Users/jacksonsweet/Desktop/OPS\ APP/OPS/OPS/Views/Settings/ProjectHistorySettingsView.swift /Users/jacksonsweet/Desktop/OPS\ APP/OPS/OPS/Views/LoginView.swift /Users/jacksonsweet/Desktop/OPS\ APP/OPS/OPS/Views/LoginViewPreview.swift /Users/jacksonsweet/Desktop/OPS\ APP/OPS/OPS/Views/MainTabView.swift /Users/jacksonsweet/Desktop/OPS\ APP/OPS/OPS/Views/NetworkStatusIndicator.swift /Users/jacksonsweet/Desktop/OPS\ APP/OPS/OPS/Views/ScheduleView.swift /Users/jacksonsweet/Desktop/OPS\ APP/OPS/OPS/Views/SettingsView.swift /Users/jacksonsweet/Desktop/OPS\ APP/OPS/OPS/Views/SplashScreen.swift /Users/jacksonsweet/Desktop/OPS\ APP/OPS/OPS/AppState.swift /Users/jacksonsweet/Desktop/OPS\ APP/OPS/OPS/ContentView.swift /Users/jacksonsweet/Desktop/OPS\ APP/OPS/OPS/Item.swift /Users/jacksonsweet/Desktop/OPS\ APP/OPS/OPS/OPSApp.swift /Users/jacksonsweet/Library/Developer/Xcode/DerivedData/OPS-czavgtmnvamasvcjgszzuulfcsxj/Build/Intermediates.noindex/OPS.build/Debug-iphonesimulator/OPS.build/DerivedSources/GeneratedAssetSymbols.swift -supplementary-output-file-map /Users/jacksonsweet/Library/Developer/Xcode/DerivedData/OPS-czavgtmnvamasvcjgszzuulfcsxj/Build/Intermediates.noindex/OPS.build/Debug-iphonesimulator/OPS.build/Objects-normal/arm64/supplementaryOutputs-8 -emit-localized-strings -emit-localized-strings-path /Users/jacksonsweet/Library/Developer/Xcode/DerivedData/OPS-czavgtmnvamasvcjgszzuulfcsxj/Build/Intermediates.noindex/OPS.build/Debug-iphonesimulator/OPS.build/Objects-normal/arm64 -target arm64-apple-ios18.2-simulator -Xllvm -aarch64-use-tbi -enable-objc-interop -sdk /Applications/Xcode.app/Contents/Developer/Platforms/iPhoneSimulator.platform/Developer/SDKs/iPhoneSimulator18.2.sdk -I /Users/jacksonsweet/Library/Developer/Xcode/DerivedData/OPS-czavgtmnvamasvcjgszzuulfcsxj/Build/Products/Debug-iphonesimulator -F /Users/jacksonsweet/Library/Developer/Xcode/DerivedData/OPS-czavgtmnvamasvcjgszzuulfcsxj/Build/Products/Debug-iphonesimulator -no-color-diagnostics -enable-testing -g -debug-info-format\=dwarf -dwarf-version\=5 -module-cache-path /Users/jacksonsweet/Library/Developer/Xcode/DerivedData/ModuleCache.noindex -profile-generate -profile-coverage-mapping -swift-version 5 -enforce-exclusivity\=checked -Onone -D DEBUG -serialize-debugging-options -const-gather-protocols-file /Users/jacksonsweet/Library/Developer/Xcode/DerivedData/OPS-czavgtmnvamasvcjgszzuulfcsxj/Build/Intermediates.noindex/OPS.build/Debug-iphonesimulator/OPS.build/Objects-normal/arm64/OPS_const_extract_protocols.json -enable-experimental-feature DebugDescriptionMacro -enable-experimental-feature OpaqueTypeErasure -enable-bare-slash-regex -empty-abi-descriptor -validate-clang-modules-once -clang-build-session-file /Users/jacksonsweet/Library/Developer/Xcode/DerivedData/ModuleCache.noindex/Session.modulevalidation -Xcc -working-directory -Xcc /Users/jacksonsweet/Desktop/OPS\ APP/OPS -resource-dir /Applications/Xcode.app/Contents/Developer/Toolchains/XcodeDefault.xctoolchain/usr/lib/swift -enable-anonymous-context-mangled-names -file-compilation-dir /Users/jacksonsweet/Desktop/OPS\ APP/OPS -Xcc -D_LIBCPP_HARDENING_MODE\=_LIBCPP_HARDENING_MODE_DEBUG -Xcc -ivfsstatcache -Xcc /Users/jacksonsweet/Library/Developer/Xcode/DerivedData/SDKStatCaches.noindex/iphonesimulator18.2-22C146-07b28473f605e47e75261259d3ef3b5a.sdkstatcache -Xcc -I/Users/jacksonsweet/Library/Developer/Xcode/DerivedData/OPS-czavgtmnvamasvcjgszzuulfcsxj/Build/Intermediates.noindex/OPS.build/Debug-iphonesimulator/OPS.build/swift-overrides.hmap -Xcc -iquote -Xcc /Users/jacksonsweet/Library/Developer/Xcode/DerivedData/OPS-czavgtmnvamasvcjgszzuulfcsxj/Build/Intermediates.noindex/OPS.build/Debug-iphonesimulator/OPS.build/OPS-generated-files.hmap -Xcc -I/Users/jacksonsweet/Library/Developer/Xcode/DerivedData/OPS-czavgtmnvamasvcjgszzuulfcsxj/Build/Intermediates.noindex/OPS.build/Debug-iphonesimulator/OPS.build/OPS-own-target-headers.hmap -Xcc -I/Users/jacksonsweet/Library/Developer/Xcode/DerivedData/OPS-czavgtmnvamasvcjgszzuulfcsxj/Build/Intermediates.noindex/OPS.build/Debug-iphonesimulator/OPS.build/OPS-all-target-headers.hmap -Xcc -iquote -Xcc /Users/jacksonsweet/Library/Developer/Xcode/DerivedData/OPS-czavgtmnvamasvcjgszzuulfcsxj/Build/Intermediates.noindex/OPS.build/Debug-iphonesimulator/OPS.build/OPS-project-headers.hmap -Xcc -I/Users/jacksonsweet/Library/Developer/Xcode/DerivedData/OPS-czavgtmnvamasvcjgszzuulfcsxj/Build/Products/Debug-iphonesimulator/include -Xcc -I/Users/jacksonsweet/Library/Developer/Xcode/DerivedData/OPS-czavgtmnvamasvcjgszzuulfcsxj/Build/Intermediates.noindex/OPS.build/Debug-iphonesimulator/OPS.build/DerivedSources-normal/arm64 -Xcc -I/Users/jacksonsweet/Library/Developer/Xcode/DerivedData/OPS-czavgtmnvamasvcjgszzuulfcsxj/Build/Intermediates.noindex/OPS.build/Debug-iphonesimulator/OPS.build/DerivedSources/arm64 -Xcc -I/Users/jacksonsweet/Library/Developer/Xcode/DerivedData/OPS-czavgtmnvamasvcjgszzuulfcsxj/Build/Intermediates.noindex/OPS.build/Debug-iphonesimulator/OPS.build/DerivedSources -Xcc -DDEBUG\=1 -module-name OPS -frontend-parseable-output -disable-clang-spi -target-sdk-version 18.2 -target-sdk-name iphonesimulator18.2 -external-plugin-path /Applications/Xcode.app/Contents/Developer/Platforms/iPhoneOS.platform/Developer/usr/lib/swift/host/plugins\#/Applications/Xcode.app/Contents/Developer/Platforms/iPhoneOS.platform/Developer/usr/bin/swift-plugin-server -external-plugin-path /Applications/Xcode.app/Contents/Developer/Platforms/iPhoneOS.platform/Developer/usr/local/lib/swift/host/plugins\#/Applications/Xcode.app/Contents/Developer/Platforms/iPhoneOS.platform/Developer/usr/bin/swift-plugin-server -plugin-path /Applications/Xcode.app/Contents/Developer/Toolchains/XcodeDefault.xctoolchain/usr/lib/swift/host/plugins -plugin-path /Applications/Xcode.app/Contents/Developer/Toolchains/XcodeDefault.xctoolchain/usr/local/lib/swift/host/plugins -o /Users/jacksonsweet/Library/Developer/Xcode/DerivedData/OPS-czavgtmnvamasvcjgszzuulfcsxj/Build/Intermediates.noindex/OPS.build/Debug-iphonesimulator/OPS.build/Objects-normal/arm64/ImagePicker.o -o /Users/jacksonsweet/Library/Developer/Xcode/DerivedData/OPS-czavgtmnvamasvcjgszzuulfcsxj/Build/Intermediates.noindex/OPS.build/Debug-iphonesimulator/OPS.build/Objects-normal/arm64/ImagePickerView.o -o /Users/jacksonsweet/Library/Developer/Xcode/DerivedData/OPS-czavgtmnvamasvcjgszzuulfcsxj/Build/Intermediates.noindex/OPS.build/Debug-iphonesimulator/OPS.build/Objects-normal/arm64/ProjectImagesSection.o -o /Users/jacksonsweet/Library/Developer/Xcode/DerivedData/OPS-czavgtmnvamasvcjgszzuulfcsxj/Build/Intermediates.noindex/OPS.build/Debug-iphonesimulator/OPS.build/Objects-normal/arm64/ProjectImagesSimple.o -o /Users/jacksonsweet/Library/Developer/Xcode/DerivedData/OPS-czavgtmnvamasvcjgszzuulfcsxj/Build/Intermediates.noindex/OPS.build/Debug-iphonesimulator/OPS.build/Objects-normal/arm64/ProjectImageView.o -o /Users/jacksonsweet/Library/Developer/Xcode/DerivedData/OPS-czavgtmnvamasvcjgszzuulfcsxj/Build/Intermediates.noindex/OPS.build/Debug-iphonesimulator/OPS.build/Objects-normal/arm64/ProjectPhotosGrid.o -o /Users/jacksonsweet/Library/Developer/Xcode/DerivedData/OPS-czavgtmnvamasvcjgszzuulfcsxj/Build/Intermediates.noindex/OPS.build/Debug-iphonesimulator/OPS.build/Objects-normal/arm64/MiniMapView.o -o /Users/jacksonsweet/Library/Developer/Xcode/DerivedData/OPS-czavgtmnvamasvcjgszzuulfcsxj/Build/Intermediates.noindex/OPS.build/Debug-iphonesimulator/OPS.build/Objects-normal/arm64/ProjectMapAnnotation.o -o /Users/jacksonsweet/Library/Developer/Xcode/DerivedData/OPS-czavgtmnvamasvcjgszzuulfcsxj/Build/Intermediates.noindex/OPS.build/Debug-iphonesimulator/OPS.build/Objects-normal/arm64/ProjectMapView.o -o /Users/jacksonsweet/Library/Developer/Xcode/DerivedData/OPS-czavgtmnvamasvcjgszzuulfcsxj/Build/Intermediates.noindex/OPS.build/Debug-iphonesimulator/OPS.build/Objects-normal/arm64/ProjectMarkerPopup.o -o /Users/jacksonsweet/Library/Developer/Xcode/DerivedData/OPS-czavgtmnvamasvcjgszzuulfcsxj/Build/Intermediates.noindex/OPS.build/Debug-iphonesimulator/OPS.build/Objects-normal/arm64/RouteDirectionsView.o -o /Users/jacksonsweet/Library/Developer/Xcode/DerivedData/OPS-czavgtmnvamasvcjgszzuulfcsxj/Build/Intermediates.noindex/OPS.build/Debug-iphonesimulator/OPS.build/Objects-normal/arm64/ProjectActionBar.o -index-unit-output-path /OPS.build/Debug-iphonesimulator/OPS.build/Objects-normal/arm64/ImagePicker.o -index-unit-output-path /OPS.build/Debug-iphonesimulator/OPS.build/Objects-normal/arm64/ImagePickerView.o -index-unit-output-path /OPS.build/Debug-iphonesimulator/OPS.build/Objects-normal/arm64/ProjectImagesSection.o -index-unit-output-path /OPS.build/Debug-iphonesimulator/OPS.build/Objects-normal/arm64/ProjectImagesSimple.o -index-unit-output-path /OPS.build/Debug-iphonesimulator/OPS.build/Objects-normal/arm64/ProjectImageView.o -index-unit-output-path /OPS.build/Debug-iphonesimulator/OPS.build/Objects-normal/arm64/ProjectPhotosGrid.o -index-unit-output-path /OPS.build/Debug-iphonesimulator/OPS.build/Objects-normal/arm64/MiniMapView.o -index-unit-output-path /OPS.build/Debug-iphonesimulator/OPS.build/Objects-normal/arm64/ProjectMapAnnotation.o -index-unit-output-path /OPS.build/Debug-iphonesimulator/OPS.build/Objects-normal/arm64/ProjectMapView.o -index-unit-output-path /OPS.build/Debug-iphonesimulator/OPS.build/Objects-normal/arm64/ProjectMarkerPopup.o -index-unit-output-path /OPS.build/Debug-iphonesimulator/OPS.build/Objects-normal/arm64/RouteDirectionsView.o -index-unit-output-path /OPS.build/Debug-iphonesimulator/OPS.build/Objects-normal/arm64/ProjectActionBar.o -index-store-path /Users/jacksonsweet/Library/Developer/Xcode/DerivedData/OPS-czavgtmnvamasvcjgszzuulfcsxj/Index.noindex/DataStore -index-system-modules

SwiftCompile normal arm64 /Users/jacksonsweet/Desktop/OPS\ APP/OPS/OPS/Views/Components/Images/ImagePickerView.swift (in target 'OPS' from project 'OPS')
    cd /Users/jacksonsweet/Desktop/OPS\ APP/OPS
    /Applications/Xcode.app/Contents/Developer/Toolchains/XcodeDefault.xctoolchain/usr/bin/swift-frontend -c /Users/jacksonsweet/Desktop/OPS\ APP/OPS/OPS/DataModels/BubbleImage.swift /Users/jacksonsweet/Desktop/OPS\ APP/OPS/OPS/DataModels/BubbleTypes.swift /Users/jacksonsweet/Desktop/OPS\ APP/OPS/OPS/DataModels/Company.swift /Users/jacksonsweet/Desktop/OPS\ APP/OPS/OPS/DataModels/Project.swift /Users/jacksonsweet/Desktop/OPS\ APP/OPS/OPS/DataModels/Status.swift /Users/jacksonsweet/Desktop/OPS\ APP/OPS/OPS/DataModels/User.swift /Users/jacksonsweet/Desktop/OPS\ APP/OPS/OPS/DataModels/UserRole.swift /Users/jacksonsweet/Desktop/OPS\ APP/OPS/OPS/Extensions/UIImage+Extensions.swift /Users/jacksonsweet/Desktop/OPS\ APP/OPS/OPS/Network/API/APIError.swift /Users/jacksonsweet/Desktop/OPS\ APP/OPS/OPS/Network/API/APIService.swift /Users/jacksonsweet/Desktop/OPS\ APP/OPS/OPS/Network/API/BubbleFields.swift /Users/jacksonsweet/Desktop/OPS\ APP/OPS/OPS/Network/Auth/AuthError.swift /Users/jacksonsweet/Desktop/OPS\ APP/OPS/OPS/Network/Auth/AuthManager.swift /Users/jacksonsweet/Desktop/OPS\ APP/OPS/OPS/Network/Auth/KeychainManager.swift /Users/jacksonsweet/Desktop/OPS\ APP/OPS/OPS/Network/DTOs/CompanyDTO.swift /Users/jacksonsweet/Desktop/OPS\ APP/OPS/OPS/Network/DTOs/ProjectDTO.swift /Users/jacksonsweet/Desktop/OPS\ APP/OPS/OPS/Network/DTOs/UserDTO.swift /Users/jacksonsweet/Desktop/OPS\ APP/OPS/OPS/Network/Endpoints/CompanyEndpoints.swift /Users/jacksonsweet/Desktop/OPS\ APP/OPS/OPS/Network/Endpoints/ProjectEndpoints.swift /Users/jacksonsweet/Desktop/OPS\ APP/OPS/OPS/Network/Endpoints/UserEndpoints.swift /Users/jacksonsweet/Desktop/OPS\ APP/OPS/OPS/Network/Sync/BackgroundTaskManager.swift /Users/jacksonsweet/Desktop/OPS\ APP/OPS/OPS/Network/Sync/SyncManager.swift /Users/jacksonsweet/Desktop/OPS\ APP/OPS/OPS/Network/ConnectivityMonitor.swift /Users/jacksonsweet/Desktop/OPS\ APP/OPS/OPS/Network/ImageSyncManager.swift /Users/jacksonsweet/Desktop/OPS\ APP/OPS/OPS/Onboarding/Coordinators/OnboardingCoordinator.swift /Users/jacksonsweet/Desktop/OPS\ APP/OPS/OPS/Onboarding/Models/OnboardingModels.swift /Users/jacksonsweet/Desktop/OPS\ APP/OPS/OPS/Onboarding/Services/OnboardingService.swift /Users/jacksonsweet/Desktop/OPS\ APP/OPS/OPS/Onboarding/ViewModels/OnboardingViewModel.swift /Users/jacksonsweet/Desktop/OPS\ APP/OPS/OPS/Onboarding/Views/Components/OnboardingComponents.swift /Users/jacksonsweet/Desktop/OPS\ APP/OPS/OPS/Onboarding/Views/Screens/AccountCreatedView.swift /Users/jacksonsweet/Desktop/OPS\ APP/OPS/OPS/Onboarding/Views/Screens/CompanyCodeView.swift /Users/jacksonsweet/Desktop/OPS\ APP/OPS/OPS/Onboarding/Views/Screens/CompanyCodeViewPreview.swift /Users/jacksonsweet/Desktop/OPS\ APP/OPS/OPS/Onboarding/Views/Screens/CompletionView.swift /Users/jacksonsweet/Desktop/OPS\ APP/OPS/OPS/Onboarding/Views/Screens/CompletionViewPreview.swift /Users/jacksonsweet/Desktop/OPS\ APP/OPS/OPS/Onboarding/Views/Screens/EmailView.swift /Users/jacksonsweet/Desktop/OPS\ APP/OPS/OPS/Onboarding/Views/Screens/FieldSetupView.swift /Users/jacksonsweet/Desktop/OPS\ APP/OPS/OPS/Onboarding/Views/Screens/NotificationsView.swift /Users/jacksonsweet/Desktop/OPS\ APP/OPS/OPS/Onboarding/Views/Screens/NotificationsViewPreview.swift /Users/jacksonsweet/Desktop/OPS\ APP/OPS/OPS/Onboarding/Views/Screens/OrganizationJoinView.swift /Users/jacksonsweet/Desktop/OPS\ APP/OPS/OPS/Onboarding/Views/Screens/PasswordView.swift /Users/jacksonsweet/Desktop/OPS\ APP/OPS/OPS/Onboarding/Views/Screens/PasswordViewPreview.swift /Users/jacksonsweet/Desktop/OPS\ APP/OPS/OPS/Onboarding/Views/Screens/PermissionsView.swift /Users/jacksonsweet/Desktop/OPS\ APP/OPS/OPS/Onboarding/Views/Screens/PermissionsViewPreview.swift /Users/jacksonsweet/Desktop/OPS\ APP/OPS/OPS/Onboarding/Views/Screens/PhoneNumberView.swift /Users/jacksonsweet/Desktop/OPS\ APP/OPS/OPS/Onboarding/Views/Screens/PhoneNumberViewPreview.swift /Users/jacksonsweet/Desktop/OPS\ APP/OPS/OPS/Onboarding/Views/Screens/UserInfoView.swift /Users/jacksonsweet/Desktop/OPS\ APP/OPS/OPS/Onboarding/Views/Screens/UserInfoViewPreview.swift /Users/jacksonsweet/Desktop/OPS\ APP/OPS/OPS/Onboarding/Views/Screens/VerifyPhoneView.swift /Users/jacksonsweet/Desktop/OPS\ APP/OPS/OPS/Onboarding/Views/Screens/WelcomeCompanyView.swift /Users/jacksonsweet/Desktop/OPS\ APP/OPS/OPS/Onboarding/Views/Screens/WelcomeCompanyViewPreview.swift /Users/jacksonsweet/Desktop/OPS\ APP/OPS/OPS/Onboarding/Views/Screens/WelcomeView.swift /Users/jacksonsweet/Desktop/OPS\ APP/OPS/OPS/Onboarding/Views/Screens/WelcomeViewPreview.swift /Users/jacksonsweet/Desktop/OPS\ APP/OPS/OPS/Onboarding/Views/OnboardingContainerView.swift /Users/jacksonsweet/Desktop/OPS\ APP/OPS/OPS/Onboarding/Views/OnboardingFlowPreview.swift /Users/jacksonsweet/Desktop/OPS\ APP/OPS/OPS/Onboarding/Views/OnboardingPresenter.swift /Users/jacksonsweet/Desktop/OPS\ APP/OPS/OPS/Onboarding/Views/OnboardingPreviewHelpers.swift /Users/jacksonsweet/Desktop/OPS\ APP/OPS/OPS/Styles/OPSStyle.swift /Users/jacksonsweet/Desktop/OPS\ APP/OPS/OPS/Utilities/AppConfiguration.swift /Users/jacksonsweet/Desktop/OPS\ APP/OPS/OPS/Utilities/ArrayTransformer.swift /Users/jacksonsweet/Desktop/OPS\ APP/OPS/OPS/Utilities/DataController.swift /Users/jacksonsweet/Desktop/OPS\ APP/OPS/OPS/Utilities/Dateformatter\ +Bubble.swift /Users/jacksonsweet/Desktop/OPS\ APP/OPS/OPS/Utilities/DateHelper.swift /Users/jacksonsweet/Desktop/OPS\ APP/OPS/OPS/Utilities/FieldErrorHandler.swift /Users/jacksonsweet/Desktop/OPS\ APP/OPS/OPS/Utilities/ImageCache.swift /Users/jacksonsweet/Desktop/OPS\ APP/OPS/OPS/Utilities/ImageFileManager.swift /Users/jacksonsweet/Desktop/OPS\ APP/OPS/OPS/Utilities/InProgressManager.swift /Users/jacksonsweet/Desktop/OPS\ APP/OPS/OPS/Utilities/KeyboardDismissalModifier.swift /Users/jacksonsweet/Desktop/OPS\ APP/OPS/OPS/Utilities/LocationManager.swift /Users/jacksonsweet/Desktop/OPS\ APP/OPS/OPS/Utilities/OnboardingEnvironmentKey.swift /Users/jacksonsweet/Desktop/OPS\ APP/OPS/OPS/Utilities/SwiftDataHelper.swift /Users/jacksonsweet/Desktop/OPS\ APP/OPS/OPS/Utilities/UIComponents.swift /Users/jacksonsweet/Desktop/OPS\ APP/OPS/OPS/V2/CertificationsSettingsView.swift /Users/jacksonsweet/Desktop/OPS\ APP/OPS/OPS/ViewModels/CalendarViewModel.swift /Users/jacksonsweet/Desktop/OPS\ APP/OPS/OPS/ViewModels/ProjectsViewModel.swift /Users/jacksonsweet/Desktop/OPS\ APP/OPS/OPS/Views/Calendar\ Tab/Components/CalendarDaySelector.swift /Users/jacksonsweet/Desktop/OPS\ APP/OPS/OPS/Views/Calendar\ Tab/Components/CalendarHeaderView.swift /Users/jacksonsweet/Desktop/OPS\ APP/OPS/OPS/Views/Calendar\ Tab/Components/CalendarProjectCard.swift /Users/jacksonsweet/Desktop/OPS\ APP/OPS/OPS/Views/Calendar\ Tab/Components/CalendarToggleView.swift /Users/jacksonsweet/Desktop/OPS\ APP/OPS/OPS/Views/Calendar\ Tab/Components/DatePickerPopover.swift /Users/jacksonsweet/Desktop/OPS\ APP/OPS/OPS/Views/Calendar\ Tab/Components/DayCell.swift /Users/jacksonsweet/Desktop/OPS\ APP/OPS/OPS/Views/Calendar\ Tab/ProjectViews/DayProjectSheet.swift /Users/jacksonsweet/Desktop/OPS\ APP/OPS/OPS/Views/Calendar\ Tab/ProjectViews/ProjectListView.swift /Users/jacksonsweet/Desktop/OPS\ APP/OPS/OPS/Views/Calendar\ Tab/MonthGridView.swift /Users/jacksonsweet/Desktop/OPS\ APP/OPS/OPS/Views/Components/Common/AppHeader.swift /Users/jacksonsweet/Desktop/OPS\ APP/OPS/OPS/Views/Components/Common/ExpandableNotesView.swift /Users/jacksonsweet/Desktop/OPS\ APP/OPS/OPS/Views/Components/Common/LocationPermissionView.swift /Users/jacksonsweet/Desktop/OPS\ APP/OPS/OPS/Views/Components/Common/NavigationBanner.swift /Users/jacksonsweet/Desktop/OPS\ APP/OPS/OPS/Views/Components/Common/NavigationControlsView.swift /Users/jacksonsweet/Desktop/OPS\ APP/OPS/OPS/Views/Components/Common/TabBarBackground.swift -primary-file /Users/jacksonsweet/Desktop/OPS\ APP/OPS/OPS/Views/Components/Images/ImagePicker.swift -primary-file /Users/jacksonsweet/Desktop/OPS\ APP/OPS/OPS/Views/Components/Images/ImagePickerView.swift -primary-file /Users/jacksonsweet/Desktop/OPS\ APP/OPS/OPS/Views/Components/Images/ProjectImagesSection.swift -primary-file /Users/jacksonsweet/Desktop/OPS\ APP/OPS/OPS/Views/Components/Images/ProjectImagesSimple.swift -primary-file /Users/jacksonsweet/Desktop/OPS\ APP/OPS/OPS/Views/Components/Images/ProjectImageView.swift -primary-file /Users/jacksonsweet/Desktop/OPS\ APP/OPS/OPS/Views/Components/Images/ProjectPhotosGrid.swift -primary-file /Users/jacksonsweet/Desktop/OPS\ APP/OPS/OPS/Views/Components/Map/MiniMapView.swift -primary-file /Users/jacksonsweet/Desktop/OPS\ APP/OPS/OPS/Views/Components/Map/ProjectMapAnnotation.swift -primary-file /Users/jacksonsweet/Desktop/OPS\ APP/OPS/OPS/Views/Components/Map/ProjectMapView.swift -primary-file /Users/jacksonsweet/Desktop/OPS\ APP/OPS/OPS/Views/Components/Map/ProjectMarkerPopup.swift -primary-file /Users/jacksonsweet/Desktop/OPS\ APP/OPS/OPS/Views/Components/Map/RouteDirectionsView.swift -primary-file /Users/jacksonsweet/Desktop/OPS\ APP/OPS/OPS/Views/Components/Project/ProjectActionBar.swift /Users/jacksonsweet/Desktop/OPS\ APP/OPS/OPS/Views/Components/Project/ProjectCard.swift /Users/jacksonsweet/Desktop/OPS\ APP/OPS/OPS/Views/Components/Project/ProjectCarousel.swift /Users/jacksonsweet/Desktop/OPS\ APP/OPS/OPS/Views/Components/Project/ProjectDetailsView.swift /Users/jacksonsweet/Desktop/OPS\ APP/OPS/OPS/Views/Components/Project/ProjectHeader.swift /Users/jacksonsweet/Desktop/OPS\ APP/OPS/OPS/Views/Components/Project/ProjectSheetContainer.swift /Users/jacksonsweet/Desktop/OPS\ APP/OPS/OPS/Views/Components/User/TeamMemberListView.swift /Users/jacksonsweet/Desktop/OPS\ APP/OPS/OPS/Views/Components/User/UserProfileCard.swift /Users/jacksonsweet/Desktop/OPS\ APP/OPS/OPS/Views/Home/HomeContentView.swift /Users/jacksonsweet/Desktop/OPS\ APP/OPS/OPS/Views/Home/HomeView.swift /Users/jacksonsweet/Desktop/OPS\ APP/OPS/OPS/Views/Settings/OrganizationSettingsView.swift /Users/jacksonsweet/Desktop/OPS\ APP/OPS/OPS/Views/Settings/ProfileSettingsView.swift /Users/jacksonsweet/Desktop/OPS\ APP/OPS/OPS/Views/Settings/ProjectHistorySettingsView.swift /Users/jacksonsweet/Desktop/OPS\ APP/OPS/OPS/Views/LoginView.swift /Users/jacksonsweet/Desktop/OPS\ APP/OPS/OPS/Views/LoginViewPreview.swift /Users/jacksonsweet/Desktop/OPS\ APP/OPS/OPS/Views/MainTabView.swift /Users/jacksonsweet/Desktop/OPS\ APP/OPS/OPS/Views/NetworkStatusIndicator.swift /Users/jacksonsweet/Desktop/OPS\ APP/OPS/OPS/Views/ScheduleView.swift /Users/jacksonsweet/Desktop/OPS\ APP/OPS/OPS/Views/SettingsView.swift /Users/jacksonsweet/Desktop/OPS\ APP/OPS/OPS/Views/SplashScreen.swift /Users/jacksonsweet/Desktop/OPS\ APP/OPS/OPS/AppState.swift /Users/jacksonsweet/Desktop/OPS\ APP/OPS/OPS/ContentView.swift /Users/jacksonsweet/Desktop/OPS\ APP/OPS/OPS/Item.swift /Users/jacksonsweet/Desktop/OPS\ APP/OPS/OPS/OPSApp.swift /Users/jacksonsweet/Library/Developer/Xcode/DerivedData/OPS-czavgtmnvamasvcjgszzuulfcsxj/Build/Intermediates.noindex/OPS.build/Debug-iphonesimulator/OPS.build/DerivedSources/GeneratedAssetSymbols.swift -supplementary-output-file-map /Users/jacksonsweet/Library/Developer/Xcode/DerivedData/OPS-czavgtmnvamasvcjgszzuulfcsxj/Build/Intermediates.noindex/OPS.build/Debug-iphonesimulator/OPS.build/Objects-normal/arm64/supplementaryOutputs-8 -emit-localized-strings -emit-localized-strings-path /Users/jacksonsweet/Library/Developer/Xcode/DerivedData/OPS-czavgtmnvamasvcjgszzuulfcsxj/Build/Intermediates.noindex/OPS.build/Debug-iphonesimulator/OPS.build/Objects-normal/arm64 -target arm64-apple-ios18.2-simulator -Xllvm -aarch64-use-tbi -enable-objc-interop -sdk /Applications/Xcode.app/Contents/Developer/Platforms/iPhoneSimulator.platform/Developer/SDKs/iPhoneSimulator18.2.sdk -I /Users/jacksonsweet/Library/Developer/Xcode/DerivedData/OPS-czavgtmnvamasvcjgszzuulfcsxj/Build/Products/Debug-iphonesimulator -F /Users/jacksonsweet/Library/Developer/Xcode/DerivedData/OPS-czavgtmnvamasvcjgszzuulfcsxj/Build/Products/Debug-iphonesimulator -no-color-diagnostics -enable-testing -g -debug-info-format\=dwarf -dwarf-version\=5 -module-cache-path /Users/jacksonsweet/Library/Developer/Xcode/DerivedData/ModuleCache.noindex -profile-generate -profile-coverage-mapping -swift-version 5 -enforce-exclusivity\=checked -Onone -D DEBUG -serialize-debugging-options -const-gather-protocols-file /Users/jacksonsweet/Library/Developer/Xcode/DerivedData/OPS-czavgtmnvamasvcjgszzuulfcsxj/Build/Intermediates.noindex/OPS.build/Debug-iphonesimulator/OPS.build/Objects-normal/arm64/OPS_const_extract_protocols.json -enable-experimental-feature DebugDescriptionMacro -enable-experimental-feature OpaqueTypeErasure -enable-bare-slash-regex -empty-abi-descriptor -validate-clang-modules-once -clang-build-session-file /Users/jacksonsweet/Library/Developer/Xcode/DerivedData/ModuleCache.noindex/Session.modulevalidation -Xcc -working-directory -Xcc /Users/jacksonsweet/Desktop/OPS\ APP/OPS -resource-dir /Applications/Xcode.app/Contents/Developer/Toolchains/XcodeDefault.xctoolchain/usr/lib/swift -enable-anonymous-context-mangled-names -file-compilation-dir /Users/jacksonsweet/Desktop/OPS\ APP/OPS -Xcc -D_LIBCPP_HARDENING_MODE\=_LIBCPP_HARDENING_MODE_DEBUG -Xcc -ivfsstatcache -Xcc /Users/jacksonsweet/Library/Developer/Xcode/DerivedData/SDKStatCaches.noindex/iphonesimulator18.2-22C146-07b28473f605e47e75261259d3ef3b5a.sdkstatcache -Xcc -I/Users/jacksonsweet/Library/Developer/Xcode/DerivedData/OPS-czavgtmnvamasvcjgszzuulfcsxj/Build/Intermediates.noindex/OPS.build/Debug-iphonesimulator/OPS.build/swift-overrides.hmap -Xcc -iquote -Xcc /Users/jacksonsweet/Library/Developer/Xcode/DerivedData/OPS-czavgtmnvamasvcjgszzuulfcsxj/Build/Intermediates.noindex/OPS.build/Debug-iphonesimulator/OPS.build/OPS-generated-files.hmap -Xcc -I/Users/jacksonsweet/Library/Developer/Xcode/DerivedData/OPS-czavgtmnvamasvcjgszzuulfcsxj/Build/Intermediates.noindex/OPS.build/Debug-iphonesimulator/OPS.build/OPS-own-target-headers.hmap -Xcc -I/Users/jacksonsweet/Library/Developer/Xcode/DerivedData/OPS-czavgtmnvamasvcjgszzuulfcsxj/Build/Intermediates.noindex/OPS.build/Debug-iphonesimulator/OPS.build/OPS-all-target-headers.hmap -Xcc -iquote -Xcc /Users/jacksonsweet/Library/Developer/Xcode/DerivedData/OPS-czavgtmnvamasvcjgszzuulfcsxj/Build/Intermediates.noindex/OPS.build/Debug-iphonesimulator/OPS.build/OPS-project-headers.hmap -Xcc -I/Users/jacksonsweet/Library/Developer/Xcode/DerivedData/OPS-czavgtmnvamasvcjgszzuulfcsxj/Build/Products/Debug-iphonesimulator/include -Xcc -I/Users/jacksonsweet/Library/Developer/Xcode/DerivedData/OPS-czavgtmnvamasvcjgszzuulfcsxj/Build/Intermediates.noindex/OPS.build/Debug-iphonesimulator/OPS.build/DerivedSources-normal/arm64 -Xcc -I/Users/jacksonsweet/Library/Developer/Xcode/DerivedData/OPS-czavgtmnvamasvcjgszzuulfcsxj/Build/Intermediates.noindex/OPS.build/Debug-iphonesimulator/OPS.build/DerivedSources/arm64 -Xcc -I/Users/jacksonsweet/Library/Developer/Xcode/DerivedData/OPS-czavgtmnvamasvcjgszzuulfcsxj/Build/Intermediates.noindex/OPS.build/Debug-iphonesimulator/OPS.build/DerivedSources -Xcc -DDEBUG\=1 -module-name OPS -frontend-parseable-output -disable-clang-spi -target-sdk-version 18.2 -target-sdk-name iphonesimulator18.2 -external-plugin-path /Applications/Xcode.app/Contents/Developer/Platforms/iPhoneOS.platform/Developer/usr/lib/swift/host/plugins\#/Applications/Xcode.app/Contents/Developer/Platforms/iPhoneOS.platform/Developer/usr/bin/swift-plugin-server -external-plugin-path /Applications/Xcode.app/Contents/Developer/Platforms/iPhoneOS.platform/Developer/usr/local/lib/swift/host/plugins\#/Applications/Xcode.app/Contents/Developer/Platforms/iPhoneOS.platform/Developer/usr/bin/swift-plugin-server -plugin-path /Applications/Xcode.app/Contents/Developer/Toolchains/XcodeDefault.xctoolchain/usr/lib/swift/host/plugins -plugin-path /Applications/Xcode.app/Contents/Developer/Toolchains/XcodeDefault.xctoolchain/usr/local/lib/swift/host/plugins -o /Users/jacksonsweet/Library/Developer/Xcode/DerivedData/OPS-czavgtmnvamasvcjgszzuulfcsxj/Build/Intermediates.noindex/OPS.build/Debug-iphonesimulator/OPS.build/Objects-normal/arm64/ImagePicker.o -o /Users/jacksonsweet/Library/Developer/Xcode/DerivedData/OPS-czavgtmnvamasvcjgszzuulfcsxj/Build/Intermediates.noindex/OPS.build/Debug-iphonesimulator/OPS.build/Objects-normal/arm64/ImagePickerView.o -o /Users/jacksonsweet/Library/Developer/Xcode/DerivedData/OPS-czavgtmnvamasvcjgszzuulfcsxj/Build/Intermediates.noindex/OPS.build/Debug-iphonesimulator/OPS.build/Objects-normal/arm64/ProjectImagesSection.o -o /Users/jacksonsweet/Library/Developer/Xcode/DerivedData/OPS-czavgtmnvamasvcjgszzuulfcsxj/Build/Intermediates.noindex/OPS.build/Debug-iphonesimulator/OPS.build/Objects-normal/arm64/ProjectImagesSimple.o -o /Users/jacksonsweet/Library/Developer/Xcode/DerivedData/OPS-czavgtmnvamasvcjgszzuulfcsxj/Build/Intermediates.noindex/OPS.build/Debug-iphonesimulator/OPS.build/Objects-normal/arm64/ProjectImageView.o -o /Users/jacksonsweet/Library/Developer/Xcode/DerivedData/OPS-czavgtmnvamasvcjgszzuulfcsxj/Build/Intermediates.noindex/OPS.build/Debug-iphonesimulator/OPS.build/Objects-normal/arm64/ProjectPhotosGrid.o -o /Users/jacksonsweet/Library/Developer/Xcode/DerivedData/OPS-czavgtmnvamasvcjgszzuulfcsxj/Build/Intermediates.noindex/OPS.build/Debug-iphonesimulator/OPS.build/Objects-normal/arm64/MiniMapView.o -o /Users/jacksonsweet/Library/Developer/Xcode/DerivedData/OPS-czavgtmnvamasvcjgszzuulfcsxj/Build/Intermediates.noindex/OPS.build/Debug-iphonesimulator/OPS.build/Objects-normal/arm64/ProjectMapAnnotation.o -o /Users/jacksonsweet/Library/Developer/Xcode/DerivedData/OPS-czavgtmnvamasvcjgszzuulfcsxj/Build/Intermediates.noindex/OPS.build/Debug-iphonesimulator/OPS.build/Objects-normal/arm64/ProjectMapView.o -o /Users/jacksonsweet/Library/Developer/Xcode/DerivedData/OPS-czavgtmnvamasvcjgszzuulfcsxj/Build/Intermediates.noindex/OPS.build/Debug-iphonesimulator/OPS.build/Objects-normal/arm64/ProjectMarkerPopup.o -o /Users/jacksonsweet/Library/Developer/Xcode/DerivedData/OPS-czavgtmnvamasvcjgszzuulfcsxj/Build/Intermediates.noindex/OPS.build/Debug-iphonesimulator/OPS.build/Objects-normal/arm64/RouteDirectionsView.o -o /Users/jacksonsweet/Library/Developer/Xcode/DerivedData/OPS-czavgtmnvamasvcjgszzuulfcsxj/Build/Intermediates.noindex/OPS.build/Debug-iphonesimulator/OPS.build/Objects-normal/arm64/ProjectActionBar.o -index-unit-output-path /OPS.build/Debug-iphonesimulator/OPS.build/Objects-normal/arm64/ImagePicker.o -index-unit-output-path /OPS.build/Debug-iphonesimulator/OPS.build/Objects-normal/arm64/ImagePickerView.o -index-unit-output-path /OPS.build/Debug-iphonesimulator/OPS.build/Objects-normal/arm64/ProjectImagesSection.o -index-unit-output-path /OPS.build/Debug-iphonesimulator/OPS.build/Objects-normal/arm64/ProjectImagesSimple.o -index-unit-output-path /OPS.build/Debug-iphonesimulator/OPS.build/Objects-normal/arm64/ProjectImageView.o -index-unit-output-path /OPS.build/Debug-iphonesimulator/OPS.build/Objects-normal/arm64/ProjectPhotosGrid.o -index-unit-output-path /OPS.build/Debug-iphonesimulator/OPS.build/Objects-normal/arm64/MiniMapView.o -index-unit-output-path /OPS.build/Debug-iphonesimulator/OPS.build/Objects-normal/arm64/ProjectMapAnnotation.o -index-unit-output-path /OPS.build/Debug-iphonesimulator/OPS.build/Objects-normal/arm64/ProjectMapView.o -index-unit-output-path /OPS.build/Debug-iphonesimulator/OPS.build/Objects-normal/arm64/ProjectMarkerPopup.o -index-unit-output-path /OPS.build/Debug-iphonesimulator/OPS.build/Objects-normal/arm64/RouteDirectionsView.o -index-unit-output-path /OPS.build/Debug-iphonesimulator/OPS.build/Objects-normal/arm64/ProjectActionBar.o -index-store-path /Users/jacksonsweet/Library/Developer/Xcode/DerivedData/OPS-czavgtmnvamasvcjgszzuulfcsxj/Index.noindex/DataStore -index-system-modules

SwiftCompile normal arm64 /Users/jacksonsweet/Desktop/OPS\ APP/OPS/OPS/Views/Components/Images/ProjectImagesSection.swift (in target 'OPS' from project 'OPS')
    cd /Users/jacksonsweet/Desktop/OPS\ APP/OPS
    /Applications/Xcode.app/Contents/Developer/Toolchains/XcodeDefault.xctoolchain/usr/bin/swift-frontend -c /Users/jacksonsweet/Desktop/OPS\ APP/OPS/OPS/DataModels/BubbleImage.swift /Users/jacksonsweet/Desktop/OPS\ APP/OPS/OPS/DataModels/BubbleTypes.swift /Users/jacksonsweet/Desktop/OPS\ APP/OPS/OPS/DataModels/Company.swift /Users/jacksonsweet/Desktop/OPS\ APP/OPS/OPS/DataModels/Project.swift /Users/jacksonsweet/Desktop/OPS\ APP/OPS/OPS/DataModels/Status.swift /Users/jacksonsweet/Desktop/OPS\ APP/OPS/OPS/DataModels/User.swift /Users/jacksonsweet/Desktop/OPS\ APP/OPS/OPS/DataModels/UserRole.swift /Users/jacksonsweet/Desktop/OPS\ APP/OPS/OPS/Extensions/UIImage+Extensions.swift /Users/jacksonsweet/Desktop/OPS\ APP/OPS/OPS/Network/API/APIError.swift /Users/jacksonsweet/Desktop/OPS\ APP/OPS/OPS/Network/API/APIService.swift /Users/jacksonsweet/Desktop/OPS\ APP/OPS/OPS/Network/API/BubbleFields.swift /Users/jacksonsweet/Desktop/OPS\ APP/OPS/OPS/Network/Auth/AuthError.swift /Users/jacksonsweet/Desktop/OPS\ APP/OPS/OPS/Network/Auth/AuthManager.swift /Users/jacksonsweet/Desktop/OPS\ APP/OPS/OPS/Network/Auth/KeychainManager.swift /Users/jacksonsweet/Desktop/OPS\ APP/OPS/OPS/Network/DTOs/CompanyDTO.swift /Users/jacksonsweet/Desktop/OPS\ APP/OPS/OPS/Network/DTOs/ProjectDTO.swift /Users/jacksonsweet/Desktop/OPS\ APP/OPS/OPS/Network/DTOs/UserDTO.swift /Users/jacksonsweet/Desktop/OPS\ APP/OPS/OPS/Network/Endpoints/CompanyEndpoints.swift /Users/jacksonsweet/Desktop/OPS\ APP/OPS/OPS/Network/Endpoints/ProjectEndpoints.swift /Users/jacksonsweet/Desktop/OPS\ APP/OPS/OPS/Network/Endpoints/UserEndpoints.swift /Users/jacksonsweet/Desktop/OPS\ APP/OPS/OPS/Network/Sync/BackgroundTaskManager.swift /Users/jacksonsweet/Desktop/OPS\ APP/OPS/OPS/Network/Sync/SyncManager.swift /Users/jacksonsweet/Desktop/OPS\ APP/OPS/OPS/Network/ConnectivityMonitor.swift /Users/jacksonsweet/Desktop/OPS\ APP/OPS/OPS/Network/ImageSyncManager.swift /Users/jacksonsweet/Desktop/OPS\ APP/OPS/OPS/Onboarding/Coordinators/OnboardingCoordinator.swift /Users/jacksonsweet/Desktop/OPS\ APP/OPS/OPS/Onboarding/Models/OnboardingModels.swift /Users/jacksonsweet/Desktop/OPS\ APP/OPS/OPS/Onboarding/Services/OnboardingService.swift /Users/jacksonsweet/Desktop/OPS\ APP/OPS/OPS/Onboarding/ViewModels/OnboardingViewModel.swift /Users/jacksonsweet/Desktop/OPS\ APP/OPS/OPS/Onboarding/Views/Components/OnboardingComponents.swift /Users/jacksonsweet/Desktop/OPS\ APP/OPS/OPS/Onboarding/Views/Screens/AccountCreatedView.swift /Users/jacksonsweet/Desktop/OPS\ APP/OPS/OPS/Onboarding/Views/Screens/CompanyCodeView.swift /Users/jacksonsweet/Desktop/OPS\ APP/OPS/OPS/Onboarding/Views/Screens/CompanyCodeViewPreview.swift /Users/jacksonsweet/Desktop/OPS\ APP/OPS/OPS/Onboarding/Views/Screens/CompletionView.swift /Users/jacksonsweet/Desktop/OPS\ APP/OPS/OPS/Onboarding/Views/Screens/CompletionViewPreview.swift /Users/jacksonsweet/Desktop/OPS\ APP/OPS/OPS/Onboarding/Views/Screens/EmailView.swift /Users/jacksonsweet/Desktop/OPS\ APP/OPS/OPS/Onboarding/Views/Screens/FieldSetupView.swift /Users/jacksonsweet/Desktop/OPS\ APP/OPS/OPS/Onboarding/Views/Screens/NotificationsView.swift /Users/jacksonsweet/Desktop/OPS\ APP/OPS/OPS/Onboarding/Views/Screens/NotificationsViewPreview.swift /Users/jacksonsweet/Desktop/OPS\ APP/OPS/OPS/Onboarding/Views/Screens/OrganizationJoinView.swift /Users/jacksonsweet/Desktop/OPS\ APP/OPS/OPS/Onboarding/Views/Screens/PasswordView.swift /Users/jacksonsweet/Desktop/OPS\ APP/OPS/OPS/Onboarding/Views/Screens/PasswordViewPreview.swift /Users/jacksonsweet/Desktop/OPS\ APP/OPS/OPS/Onboarding/Views/Screens/PermissionsView.swift /Users/jacksonsweet/Desktop/OPS\ APP/OPS/OPS/Onboarding/Views/Screens/PermissionsViewPreview.swift /Users/jacksonsweet/Desktop/OPS\ APP/OPS/OPS/Onboarding/Views/Screens/PhoneNumberView.swift /Users/jacksonsweet/Desktop/OPS\ APP/OPS/OPS/Onboarding/Views/Screens/PhoneNumberViewPreview.swift /Users/jacksonsweet/Desktop/OPS\ APP/OPS/OPS/Onboarding/Views/Screens/UserInfoView.swift /Users/jacksonsweet/Desktop/OPS\ APP/OPS/OPS/Onboarding/Views/Screens/UserInfoViewPreview.swift /Users/jacksonsweet/Desktop/OPS\ APP/OPS/OPS/Onboarding/Views/Screens/VerifyPhoneView.swift /Users/jacksonsweet/Desktop/OPS\ APP/OPS/OPS/Onboarding/Views/Screens/WelcomeCompanyView.swift /Users/jacksonsweet/Desktop/OPS\ APP/OPS/OPS/Onboarding/Views/Screens/WelcomeCompanyViewPreview.swift /Users/jacksonsweet/Desktop/OPS\ APP/OPS/OPS/Onboarding/Views/Screens/WelcomeView.swift /Users/jacksonsweet/Desktop/OPS\ APP/OPS/OPS/Onboarding/Views/Screens/WelcomeViewPreview.swift /Users/jacksonsweet/Desktop/OPS\ APP/OPS/OPS/Onboarding/Views/OnboardingContainerView.swift /Users/jacksonsweet/Desktop/OPS\ APP/OPS/OPS/Onboarding/Views/OnboardingFlowPreview.swift /Users/jacksonsweet/Desktop/OPS\ APP/OPS/OPS/Onboarding/Views/OnboardingPresenter.swift /Users/jacksonsweet/Desktop/OPS\ APP/OPS/OPS/Onboarding/Views/OnboardingPreviewHelpers.swift /Users/jacksonsweet/Desktop/OPS\ APP/OPS/OPS/Styles/OPSStyle.swift /Users/jacksonsweet/Desktop/OPS\ APP/OPS/OPS/Utilities/AppConfiguration.swift /Users/jacksonsweet/Desktop/OPS\ APP/OPS/OPS/Utilities/ArrayTransformer.swift /Users/jacksonsweet/Desktop/OPS\ APP/OPS/OPS/Utilities/DataController.swift /Users/jacksonsweet/Desktop/OPS\ APP/OPS/OPS/Utilities/Dateformatter\ +Bubble.swift /Users/jacksonsweet/Desktop/OPS\ APP/OPS/OPS/Utilities/DateHelper.swift /Users/jacksonsweet/Desktop/OPS\ APP/OPS/OPS/Utilities/FieldErrorHandler.swift /Users/jacksonsweet/Desktop/OPS\ APP/OPS/OPS/Utilities/ImageCache.swift /Users/jacksonsweet/Desktop/OPS\ APP/OPS/OPS/Utilities/ImageFileManager.swift /Users/jacksonsweet/Desktop/OPS\ APP/OPS/OPS/Utilities/InProgressManager.swift /Users/jacksonsweet/Desktop/OPS\ APP/OPS/OPS/Utilities/KeyboardDismissalModifier.swift /Users/jacksonsweet/Desktop/OPS\ APP/OPS/OPS/Utilities/LocationManager.swift /Users/jacksonsweet/Desktop/OPS\ APP/OPS/OPS/Utilities/OnboardingEnvironmentKey.swift /Users/jacksonsweet/Desktop/OPS\ APP/OPS/OPS/Utilities/SwiftDataHelper.swift /Users/jacksonsweet/Desktop/OPS\ APP/OPS/OPS/Utilities/UIComponents.swift /Users/jacksonsweet/Desktop/OPS\ APP/OPS/OPS/V2/CertificationsSettingsView.swift /Users/jacksonsweet/Desktop/OPS\ APP/OPS/OPS/ViewModels/CalendarViewModel.swift /Users/jacksonsweet/Desktop/OPS\ APP/OPS/OPS/ViewModels/ProjectsViewModel.swift /Users/jacksonsweet/Desktop/OPS\ APP/OPS/OPS/Views/Calendar\ Tab/Components/CalendarDaySelector.swift /Users/jacksonsweet/Desktop/OPS\ APP/OPS/OPS/Views/Calendar\ Tab/Components/CalendarHeaderView.swift /Users/jacksonsweet/Desktop/OPS\ APP/OPS/OPS/Views/Calendar\ Tab/Components/CalendarProjectCard.swift /Users/jacksonsweet/Desktop/OPS\ APP/OPS/OPS/Views/Calendar\ Tab/Components/CalendarToggleView.swift /Users/jacksonsweet/Desktop/OPS\ APP/OPS/OPS/Views/Calendar\ Tab/Components/DatePickerPopover.swift /Users/jacksonsweet/Desktop/OPS\ APP/OPS/OPS/Views/Calendar\ Tab/Components/DayCell.swift /Users/jacksonsweet/Desktop/OPS\ APP/OPS/OPS/Views/Calendar\ Tab/ProjectViews/DayProjectSheet.swift /Users/jacksonsweet/Desktop/OPS\ APP/OPS/OPS/Views/Calendar\ Tab/ProjectViews/ProjectListView.swift /Users/jacksonsweet/Desktop/OPS\ APP/OPS/OPS/Views/Calendar\ Tab/MonthGridView.swift /Users/jacksonsweet/Desktop/OPS\ APP/OPS/OPS/Views/Components/Common/AppHeader.swift /Users/jacksonsweet/Desktop/OPS\ APP/OPS/OPS/Views/Components/Common/ExpandableNotesView.swift /Users/jacksonsweet/Desktop/OPS\ APP/OPS/OPS/Views/Components/Common/LocationPermissionView.swift /Users/jacksonsweet/Desktop/OPS\ APP/OPS/OPS/Views/Components/Common/NavigationBanner.swift /Users/jacksonsweet/Desktop/OPS\ APP/OPS/OPS/Views/Components/Common/NavigationControlsView.swift /Users/jacksonsweet/Desktop/OPS\ APP/OPS/OPS/Views/Components/Common/TabBarBackground.swift -primary-file /Users/jacksonsweet/Desktop/OPS\ APP/OPS/OPS/Views/Components/Images/ImagePicker.swift -primary-file /Users/jacksonsweet/Desktop/OPS\ APP/OPS/OPS/Views/Components/Images/ImagePickerView.swift -primary-file /Users/jacksonsweet/Desktop/OPS\ APP/OPS/OPS/Views/Components/Images/ProjectImagesSection.swift -primary-file /Users/jacksonsweet/Desktop/OPS\ APP/OPS/OPS/Views/Components/Images/ProjectImagesSimple.swift -primary-file /Users/jacksonsweet/Desktop/OPS\ APP/OPS/OPS/Views/Components/Images/ProjectImageView.swift -primary-file /Users/jacksonsweet/Desktop/OPS\ APP/OPS/OPS/Views/Components/Images/ProjectPhotosGrid.swift -primary-file /Users/jacksonsweet/Desktop/OPS\ APP/OPS/OPS/Views/Components/Map/MiniMapView.swift -primary-file /Users/jacksonsweet/Desktop/OPS\ APP/OPS/OPS/Views/Components/Map/ProjectMapAnnotation.swift -primary-file /Users/jacksonsweet/Desktop/OPS\ APP/OPS/OPS/Views/Components/Map/ProjectMapView.swift -primary-file /Users/jacksonsweet/Desktop/OPS\ APP/OPS/OPS/Views/Components/Map/ProjectMarkerPopup.swift -primary-file /Users/jacksonsweet/Desktop/OPS\ APP/OPS/OPS/Views/Components/Map/RouteDirectionsView.swift -primary-file /Users/jacksonsweet/Desktop/OPS\ APP/OPS/OPS/Views/Components/Project/ProjectActionBar.swift /Users/jacksonsweet/Desktop/OPS\ APP/OPS/OPS/Views/Components/Project/ProjectCard.swift /Users/jacksonsweet/Desktop/OPS\ APP/OPS/OPS/Views/Components/Project/ProjectCarousel.swift /Users/jacksonsweet/Desktop/OPS\ APP/OPS/OPS/Views/Components/Project/ProjectDetailsView.swift /Users/jacksonsweet/Desktop/OPS\ APP/OPS/OPS/Views/Components/Project/ProjectHeader.swift /Users/jacksonsweet/Desktop/OPS\ APP/OPS/OPS/Views/Components/Project/ProjectSheetContainer.swift /Users/jacksonsweet/Desktop/OPS\ APP/OPS/OPS/Views/Components/User/TeamMemberListView.swift /Users/jacksonsweet/Desktop/OPS\ APP/OPS/OPS/Views/Components/User/UserProfileCard.swift /Users/jacksonsweet/Desktop/OPS\ APP/OPS/OPS/Views/Home/HomeContentView.swift /Users/jacksonsweet/Desktop/OPS\ APP/OPS/OPS/Views/Home/HomeView.swift /Users/jacksonsweet/Desktop/OPS\ APP/OPS/OPS/Views/Settings/OrganizationSettingsView.swift /Users/jacksonsweet/Desktop/OPS\ APP/OPS/OPS/Views/Settings/ProfileSettingsView.swift /Users/jacksonsweet/Desktop/OPS\ APP/OPS/OPS/Views/Settings/ProjectHistorySettingsView.swift /Users/jacksonsweet/Desktop/OPS\ APP/OPS/OPS/Views/LoginView.swift /Users/jacksonsweet/Desktop/OPS\ APP/OPS/OPS/Views/LoginViewPreview.swift /Users/jacksonsweet/Desktop/OPS\ APP/OPS/OPS/Views/MainTabView.swift /Users/jacksonsweet/Desktop/OPS\ APP/OPS/OPS/Views/NetworkStatusIndicator.swift /Users/jacksonsweet/Desktop/OPS\ APP/OPS/OPS/Views/ScheduleView.swift /Users/jacksonsweet/Desktop/OPS\ APP/OPS/OPS/Views/SettingsView.swift /Users/jacksonsweet/Desktop/OPS\ APP/OPS/OPS/Views/SplashScreen.swift /Users/jacksonsweet/Desktop/OPS\ APP/OPS/OPS/AppState.swift /Users/jacksonsweet/Desktop/OPS\ APP/OPS/OPS/ContentView.swift /Users/jacksonsweet/Desktop/OPS\ APP/OPS/OPS/Item.swift /Users/jacksonsweet/Desktop/OPS\ APP/OPS/OPS/OPSApp.swift /Users/jacksonsweet/Library/Developer/Xcode/DerivedData/OPS-czavgtmnvamasvcjgszzuulfcsxj/Build/Intermediates.noindex/OPS.build/Debug-iphonesimulator/OPS.build/DerivedSources/GeneratedAssetSymbols.swift -supplementary-output-file-map /Users/jacksonsweet/Library/Developer/Xcode/DerivedData/OPS-czavgtmnvamasvcjgszzuulfcsxj/Build/Intermediates.noindex/OPS.build/Debug-iphonesimulator/OPS.build/Objects-normal/arm64/supplementaryOutputs-8 -emit-localized-strings -emit-localized-strings-path /Users/jacksonsweet/Library/Developer/Xcode/DerivedData/OPS-czavgtmnvamasvcjgszzuulfcsxj/Build/Intermediates.noindex/OPS.build/Debug-iphonesimulator/OPS.build/Objects-normal/arm64 -target arm64-apple-ios18.2-simulator -Xllvm -aarch64-use-tbi -enable-objc-interop -sdk /Applications/Xcode.app/Contents/Developer/Platforms/iPhoneSimulator.platform/Developer/SDKs/iPhoneSimulator18.2.sdk -I /Users/jacksonsweet/Library/Developer/Xcode/DerivedData/OPS-czavgtmnvamasvcjgszzuulfcsxj/Build/Products/Debug-iphonesimulator -F /Users/jacksonsweet/Library/Developer/Xcode/DerivedData/OPS-czavgtmnvamasvcjgszzuulfcsxj/Build/Products/Debug-iphonesimulator -no-color-diagnostics -enable-testing -g -debug-info-format\=dwarf -dwarf-version\=5 -module-cache-path /Users/jacksonsweet/Library/Developer/Xcode/DerivedData/ModuleCache.noindex -profile-generate -profile-coverage-mapping -swift-version 5 -enforce-exclusivity\=checked -Onone -D DEBUG -serialize-debugging-options -const-gather-protocols-file /Users/jacksonsweet/Library/Developer/Xcode/DerivedData/OPS-czavgtmnvamasvcjgszzuulfcsxj/Build/Intermediates.noindex/OPS.build/Debug-iphonesimulator/OPS.build/Objects-normal/arm64/OPS_const_extract_protocols.json -enable-experimental-feature DebugDescriptionMacro -enable-experimental-feature OpaqueTypeErasure -enable-bare-slash-regex -empty-abi-descriptor -validate-clang-modules-once -clang-build-session-file /Users/jacksonsweet/Library/Developer/Xcode/DerivedData/ModuleCache.noindex/Session.modulevalidation -Xcc -working-directory -Xcc /Users/jacksonsweet/Desktop/OPS\ APP/OPS -resource-dir /Applications/Xcode.app/Contents/Developer/Toolchains/XcodeDefault.xctoolchain/usr/lib/swift -enable-anonymous-context-mangled-names -file-compilation-dir /Users/jacksonsweet/Desktop/OPS\ APP/OPS -Xcc -D_LIBCPP_HARDENING_MODE\=_LIBCPP_HARDENING_MODE_DEBUG -Xcc -ivfsstatcache -Xcc /Users/jacksonsweet/Library/Developer/Xcode/DerivedData/SDKStatCaches.noindex/iphonesimulator18.2-22C146-07b28473f605e47e75261259d3ef3b5a.sdkstatcache -Xcc -I/Users/jacksonsweet/Library/Developer/Xcode/DerivedData/OPS-czavgtmnvamasvcjgszzuulfcsxj/Build/Intermediates.noindex/OPS.build/Debug-iphonesimulator/OPS.build/swift-overrides.hmap -Xcc -iquote -Xcc /Users/jacksonsweet/Library/Developer/Xcode/DerivedData/OPS-czavgtmnvamasvcjgszzuulfcsxj/Build/Intermediates.noindex/OPS.build/Debug-iphonesimulator/OPS.build/OPS-generated-files.hmap -Xcc -I/Users/jacksonsweet/Library/Developer/Xcode/DerivedData/OPS-czavgtmnvamasvcjgszzuulfcsxj/Build/Intermediates.noindex/OPS.build/Debug-iphonesimulator/OPS.build/OPS-own-target-headers.hmap -Xcc -I/Users/jacksonsweet/Library/Developer/Xcode/DerivedData/OPS-czavgtmnvamasvcjgszzuulfcsxj/Build/Intermediates.noindex/OPS.build/Debug-iphonesimulator/OPS.build/OPS-all-target-headers.hmap -Xcc -iquote -Xcc /Users/jacksonsweet/Library/Developer/Xcode/DerivedData/OPS-czavgtmnvamasvcjgszzuulfcsxj/Build/Intermediates.noindex/OPS.build/Debug-iphonesimulator/OPS.build/OPS-project-headers.hmap -Xcc -I/Users/jacksonsweet/Library/Developer/Xcode/DerivedData/OPS-czavgtmnvamasvcjgszzuulfcsxj/Build/Products/Debug-iphonesimulator/include -Xcc -I/Users/jacksonsweet/Library/Developer/Xcode/DerivedData/OPS-czavgtmnvamasvcjgszzuulfcsxj/Build/Intermediates.noindex/OPS.build/Debug-iphonesimulator/OPS.build/DerivedSources-normal/arm64 -Xcc -I/Users/jacksonsweet/Library/Developer/Xcode/DerivedData/OPS-czavgtmnvamasvcjgszzuulfcsxj/Build/Intermediates.noindex/OPS.build/Debug-iphonesimulator/OPS.build/DerivedSources/arm64 -Xcc -I/Users/jacksonsweet/Library/Developer/Xcode/DerivedData/OPS-czavgtmnvamasvcjgszzuulfcsxj/Build/Intermediates.noindex/OPS.build/Debug-iphonesimulator/OPS.build/DerivedSources -Xcc -DDEBUG\=1 -module-name OPS -frontend-parseable-output -disable-clang-spi -target-sdk-version 18.2 -target-sdk-name iphonesimulator18.2 -external-plugin-path /Applications/Xcode.app/Contents/Developer/Platforms/iPhoneOS.platform/Developer/usr/lib/swift/host/plugins\#/Applications/Xcode.app/Contents/Developer/Platforms/iPhoneOS.platform/Developer/usr/bin/swift-plugin-server -external-plugin-path /Applications/Xcode.app/Contents/Developer/Platforms/iPhoneOS.platform/Developer/usr/local/lib/swift/host/plugins\#/Applications/Xcode.app/Contents/Developer/Platforms/iPhoneOS.platform/Developer/usr/bin/swift-plugin-server -plugin-path /Applications/Xcode.app/Contents/Developer/Toolchains/XcodeDefault.xctoolchain/usr/lib/swift/host/plugins -plugin-path /Applications/Xcode.app/Contents/Developer/Toolchains/XcodeDefault.xctoolchain/usr/local/lib/swift/host/plugins -o /Users/jacksonsweet/Library/Developer/Xcode/DerivedData/OPS-czavgtmnvamasvcjgszzuulfcsxj/Build/Intermediates.noindex/OPS.build/Debug-iphonesimulator/OPS.build/Objects-normal/arm64/ImagePicker.o -o /Users/jacksonsweet/Library/Developer/Xcode/DerivedData/OPS-czavgtmnvamasvcjgszzuulfcsxj/Build/Intermediates.noindex/OPS.build/Debug-iphonesimulator/OPS.build/Objects-normal/arm64/ImagePickerView.o -o /Users/jacksonsweet/Library/Developer/Xcode/DerivedData/OPS-czavgtmnvamasvcjgszzuulfcsxj/Build/Intermediates.noindex/OPS.build/Debug-iphonesimulator/OPS.build/Objects-normal/arm64/ProjectImagesSection.o -o /Users/jacksonsweet/Library/Developer/Xcode/DerivedData/OPS-czavgtmnvamasvcjgszzuulfcsxj/Build/Intermediates.noindex/OPS.build/Debug-iphonesimulator/OPS.build/Objects-normal/arm64/ProjectImagesSimple.o -o /Users/jacksonsweet/Library/Developer/Xcode/DerivedData/OPS-czavgtmnvamasvcjgszzuulfcsxj/Build/Intermediates.noindex/OPS.build/Debug-iphonesimulator/OPS.build/Objects-normal/arm64/ProjectImageView.o -o /Users/jacksonsweet/Library/Developer/Xcode/DerivedData/OPS-czavgtmnvamasvcjgszzuulfcsxj/Build/Intermediates.noindex/OPS.build/Debug-iphonesimulator/OPS.build/Objects-normal/arm64/ProjectPhotosGrid.o -o /Users/jacksonsweet/Library/Developer/Xcode/DerivedData/OPS-czavgtmnvamasvcjgszzuulfcsxj/Build/Intermediates.noindex/OPS.build/Debug-iphonesimulator/OPS.build/Objects-normal/arm64/MiniMapView.o -o /Users/jacksonsweet/Library/Developer/Xcode/DerivedData/OPS-czavgtmnvamasvcjgszzuulfcsxj/Build/Intermediates.noindex/OPS.build/Debug-iphonesimulator/OPS.build/Objects-normal/arm64/ProjectMapAnnotation.o -o /Users/jacksonsweet/Library/Developer/Xcode/DerivedData/OPS-czavgtmnvamasvcjgszzuulfcsxj/Build/Intermediates.noindex/OPS.build/Debug-iphonesimulator/OPS.build/Objects-normal/arm64/ProjectMapView.o -o /Users/jacksonsweet/Library/Developer/Xcode/DerivedData/OPS-czavgtmnvamasvcjgszzuulfcsxj/Build/Intermediates.noindex/OPS.build/Debug-iphonesimulator/OPS.build/Objects-normal/arm64/ProjectMarkerPopup.o -o /Users/jacksonsweet/Library/Developer/Xcode/DerivedData/OPS-czavgtmnvamasvcjgszzuulfcsxj/Build/Intermediates.noindex/OPS.build/Debug-iphonesimulator/OPS.build/Objects-normal/arm64/RouteDirectionsView.o -o /Users/jacksonsweet/Library/Developer/Xcode/DerivedData/OPS-czavgtmnvamasvcjgszzuulfcsxj/Build/Intermediates.noindex/OPS.build/Debug-iphonesimulator/OPS.build/Objects-normal/arm64/ProjectActionBar.o -index-unit-output-path /OPS.build/Debug-iphonesimulator/OPS.build/Objects-normal/arm64/ImagePicker.o -index-unit-output-path /OPS.build/Debug-iphonesimulator/OPS.build/Objects-normal/arm64/ImagePickerView.o -index-unit-output-path /OPS.build/Debug-iphonesimulator/OPS.build/Objects-normal/arm64/ProjectImagesSection.o -index-unit-output-path /OPS.build/Debug-iphonesimulator/OPS.build/Objects-normal/arm64/ProjectImagesSimple.o -index-unit-output-path /OPS.build/Debug-iphonesimulator/OPS.build/Objects-normal/arm64/ProjectImageView.o -index-unit-output-path /OPS.build/Debug-iphonesimulator/OPS.build/Objects-normal/arm64/ProjectPhotosGrid.o -index-unit-output-path /OPS.build/Debug-iphonesimulator/OPS.build/Objects-normal/arm64/MiniMapView.o -index-unit-output-path /OPS.build/Debug-iphonesimulator/OPS.build/Objects-normal/arm64/ProjectMapAnnotation.o -index-unit-output-path /OPS.build/Debug-iphonesimulator/OPS.build/Objects-normal/arm64/ProjectMapView.o -index-unit-output-path /OPS.build/Debug-iphonesimulator/OPS.build/Objects-normal/arm64/ProjectMarkerPopup.o -index-unit-output-path /OPS.build/Debug-iphonesimulator/OPS.build/Objects-normal/arm64/RouteDirectionsView.o -index-unit-output-path /OPS.build/Debug-iphonesimulator/OPS.build/Objects-normal/arm64/ProjectActionBar.o -index-store-path /Users/jacksonsweet/Library/Developer/Xcode/DerivedData/OPS-czavgtmnvamasvcjgszzuulfcsxj/Index.noindex/DataStore -index-system-modules

SwiftCompile normal arm64 /Users/jacksonsweet/Desktop/OPS\ APP/OPS/OPS/Views/Components/Images/ProjectImagesSimple.swift (in target 'OPS' from project 'OPS')
    cd /Users/jacksonsweet/Desktop/OPS\ APP/OPS
    /Applications/Xcode.app/Contents/Developer/Toolchains/XcodeDefault.xctoolchain/usr/bin/swift-frontend -c /Users/jacksonsweet/Desktop/OPS\ APP/OPS/OPS/DataModels/BubbleImage.swift /Users/jacksonsweet/Desktop/OPS\ APP/OPS/OPS/DataModels/BubbleTypes.swift /Users/jacksonsweet/Desktop/OPS\ APP/OPS/OPS/DataModels/Company.swift /Users/jacksonsweet/Desktop/OPS\ APP/OPS/OPS/DataModels/Project.swift /Users/jacksonsweet/Desktop/OPS\ APP/OPS/OPS/DataModels/Status.swift /Users/jacksonsweet/Desktop/OPS\ APP/OPS/OPS/DataModels/User.swift /Users/jacksonsweet/Desktop/OPS\ APP/OPS/OPS/DataModels/UserRole.swift /Users/jacksonsweet/Desktop/OPS\ APP/OPS/OPS/Extensions/UIImage+Extensions.swift /Users/jacksonsweet/Desktop/OPS\ APP/OPS/OPS/Network/API/APIError.swift /Users/jacksonsweet/Desktop/OPS\ APP/OPS/OPS/Network/API/APIService.swift /Users/jacksonsweet/Desktop/OPS\ APP/OPS/OPS/Network/API/BubbleFields.swift /Users/jacksonsweet/Desktop/OPS\ APP/OPS/OPS/Network/Auth/AuthError.swift /Users/jacksonsweet/Desktop/OPS\ APP/OPS/OPS/Network/Auth/AuthManager.swift /Users/jacksonsweet/Desktop/OPS\ APP/OPS/OPS/Network/Auth/KeychainManager.swift /Users/jacksonsweet/Desktop/OPS\ APP/OPS/OPS/Network/DTOs/CompanyDTO.swift /Users/jacksonsweet/Desktop/OPS\ APP/OPS/OPS/Network/DTOs/ProjectDTO.swift /Users/jacksonsweet/Desktop/OPS\ APP/OPS/OPS/Network/DTOs/UserDTO.swift /Users/jacksonsweet/Desktop/OPS\ APP/OPS/OPS/Network/Endpoints/CompanyEndpoints.swift /Users/jacksonsweet/Desktop/OPS\ APP/OPS/OPS/Network/Endpoints/ProjectEndpoints.swift /Users/jacksonsweet/Desktop/OPS\ APP/OPS/OPS/Network/Endpoints/UserEndpoints.swift /Users/jacksonsweet/Desktop/OPS\ APP/OPS/OPS/Network/Sync/BackgroundTaskManager.swift /Users/jacksonsweet/Desktop/OPS\ APP/OPS/OPS/Network/Sync/SyncManager.swift /Users/jacksonsweet/Desktop/OPS\ APP/OPS/OPS/Network/ConnectivityMonitor.swift /Users/jacksonsweet/Desktop/OPS\ APP/OPS/OPS/Network/ImageSyncManager.swift /Users/jacksonsweet/Desktop/OPS\ APP/OPS/OPS/Onboarding/Coordinators/OnboardingCoordinator.swift /Users/jacksonsweet/Desktop/OPS\ APP/OPS/OPS/Onboarding/Models/OnboardingModels.swift /Users/jacksonsweet/Desktop/OPS\ APP/OPS/OPS/Onboarding/Services/OnboardingService.swift /Users/jacksonsweet/Desktop/OPS\ APP/OPS/OPS/Onboarding/ViewModels/OnboardingViewModel.swift /Users/jacksonsweet/Desktop/OPS\ APP/OPS/OPS/Onboarding/Views/Components/OnboardingComponents.swift /Users/jacksonsweet/Desktop/OPS\ APP/OPS/OPS/Onboarding/Views/Screens/AccountCreatedView.swift /Users/jacksonsweet/Desktop/OPS\ APP/OPS/OPS/Onboarding/Views/Screens/CompanyCodeView.swift /Users/jacksonsweet/Desktop/OPS\ APP/OPS/OPS/Onboarding/Views/Screens/CompanyCodeViewPreview.swift /Users/jacksonsweet/Desktop/OPS\ APP/OPS/OPS/Onboarding/Views/Screens/CompletionView.swift /Users/jacksonsweet/Desktop/OPS\ APP/OPS/OPS/Onboarding/Views/Screens/CompletionViewPreview.swift /Users/jacksonsweet/Desktop/OPS\ APP/OPS/OPS/Onboarding/Views/Screens/EmailView.swift /Users/jacksonsweet/Desktop/OPS\ APP/OPS/OPS/Onboarding/Views/Screens/FieldSetupView.swift /Users/jacksonsweet/Desktop/OPS\ APP/OPS/OPS/Onboarding/Views/Screens/NotificationsView.swift /Users/jacksonsweet/Desktop/OPS\ APP/OPS/OPS/Onboarding/Views/Screens/NotificationsViewPreview.swift /Users/jacksonsweet/Desktop/OPS\ APP/OPS/OPS/Onboarding/Views/Screens/OrganizationJoinView.swift /Users/jacksonsweet/Desktop/OPS\ APP/OPS/OPS/Onboarding/Views/Screens/PasswordView.swift /Users/jacksonsweet/Desktop/OPS\ APP/OPS/OPS/Onboarding/Views/Screens/PasswordViewPreview.swift /Users/jacksonsweet/Desktop/OPS\ APP/OPS/OPS/Onboarding/Views/Screens/PermissionsView.swift /Users/jacksonsweet/Desktop/OPS\ APP/OPS/OPS/Onboarding/Views/Screens/PermissionsViewPreview.swift /Users/jacksonsweet/Desktop/OPS\ APP/OPS/OPS/Onboarding/Views/Screens/PhoneNumberView.swift /Users/jacksonsweet/Desktop/OPS\ APP/OPS/OPS/Onboarding/Views/Screens/PhoneNumberViewPreview.swift /Users/jacksonsweet/Desktop/OPS\ APP/OPS/OPS/Onboarding/Views/Screens/UserInfoView.swift /Users/jacksonsweet/Desktop/OPS\ APP/OPS/OPS/Onboarding/Views/Screens/UserInfoViewPreview.swift /Users/jacksonsweet/Desktop/OPS\ APP/OPS/OPS/Onboarding/Views/Screens/VerifyPhoneView.swift /Users/jacksonsweet/Desktop/OPS\ APP/OPS/OPS/Onboarding/Views/Screens/WelcomeCompanyView.swift /Users/jacksonsweet/Desktop/OPS\ APP/OPS/OPS/Onboarding/Views/Screens/WelcomeCompanyViewPreview.swift /Users/jacksonsweet/Desktop/OPS\ APP/OPS/OPS/Onboarding/Views/Screens/WelcomeView.swift /Users/jacksonsweet/Desktop/OPS\ APP/OPS/OPS/Onboarding/Views/Screens/WelcomeViewPreview.swift /Users/jacksonsweet/Desktop/OPS\ APP/OPS/OPS/Onboarding/Views/OnboardingContainerView.swift /Users/jacksonsweet/Desktop/OPS\ APP/OPS/OPS/Onboarding/Views/OnboardingFlowPreview.swift /Users/jacksonsweet/Desktop/OPS\ APP/OPS/OPS/Onboarding/Views/OnboardingPresenter.swift /Users/jacksonsweet/Desktop/OPS\ APP/OPS/OPS/Onboarding/Views/OnboardingPreviewHelpers.swift /Users/jacksonsweet/Desktop/OPS\ APP/OPS/OPS/Styles/OPSStyle.swift /Users/jacksonsweet/Desktop/OPS\ APP/OPS/OPS/Utilities/AppConfiguration.swift /Users/jacksonsweet/Desktop/OPS\ APP/OPS/OPS/Utilities/ArrayTransformer.swift /Users/jacksonsweet/Desktop/OPS\ APP/OPS/OPS/Utilities/DataController.swift /Users/jacksonsweet/Desktop/OPS\ APP/OPS/OPS/Utilities/Dateformatter\ +Bubble.swift /Users/jacksonsweet/Desktop/OPS\ APP/OPS/OPS/Utilities/DateHelper.swift /Users/jacksonsweet/Desktop/OPS\ APP/OPS/OPS/Utilities/FieldErrorHandler.swift /Users/jacksonsweet/Desktop/OPS\ APP/OPS/OPS/Utilities/ImageCache.swift /Users/jacksonsweet/Desktop/OPS\ APP/OPS/OPS/Utilities/ImageFileManager.swift /Users/jacksonsweet/Desktop/OPS\ APP/OPS/OPS/Utilities/InProgressManager.swift /Users/jacksonsweet/Desktop/OPS\ APP/OPS/OPS/Utilities/KeyboardDismissalModifier.swift /Users/jacksonsweet/Desktop/OPS\ APP/OPS/OPS/Utilities/LocationManager.swift /Users/jacksonsweet/Desktop/OPS\ APP/OPS/OPS/Utilities/OnboardingEnvironmentKey.swift /Users/jacksonsweet/Desktop/OPS\ APP/OPS/OPS/Utilities/SwiftDataHelper.swift /Users/jacksonsweet/Desktop/OPS\ APP/OPS/OPS/Utilities/UIComponents.swift /Users/jacksonsweet/Desktop/OPS\ APP/OPS/OPS/V2/CertificationsSettingsView.swift /Users/jacksonsweet/Desktop/OPS\ APP/OPS/OPS/ViewModels/CalendarViewModel.swift /Users/jacksonsweet/Desktop/OPS\ APP/OPS/OPS/ViewModels/ProjectsViewModel.swift /Users/jacksonsweet/Desktop/OPS\ APP/OPS/OPS/Views/Calendar\ Tab/Components/CalendarDaySelector.swift /Users/jacksonsweet/Desktop/OPS\ APP/OPS/OPS/Views/Calendar\ Tab/Components/CalendarHeaderView.swift /Users/jacksonsweet/Desktop/OPS\ APP/OPS/OPS/Views/Calendar\ Tab/Components/CalendarProjectCard.swift /Users/jacksonsweet/Desktop/OPS\ APP/OPS/OPS/Views/Calendar\ Tab/Components/CalendarToggleView.swift /Users/jacksonsweet/Desktop/OPS\ APP/OPS/OPS/Views/Calendar\ Tab/Components/DatePickerPopover.swift /Users/jacksonsweet/Desktop/OPS\ APP/OPS/OPS/Views/Calendar\ Tab/Components/DayCell.swift /Users/jacksonsweet/Desktop/OPS\ APP/OPS/OPS/Views/Calendar\ Tab/ProjectViews/DayProjectSheet.swift /Users/jacksonsweet/Desktop/OPS\ APP/OPS/OPS/Views/Calendar\ Tab/ProjectViews/ProjectListView.swift /Users/jacksonsweet/Desktop/OPS\ APP/OPS/OPS/Views/Calendar\ Tab/MonthGridView.swift /Users/jacksonsweet/Desktop/OPS\ APP/OPS/OPS/Views/Components/Common/AppHeader.swift /Users/jacksonsweet/Desktop/OPS\ APP/OPS/OPS/Views/Components/Common/ExpandableNotesView.swift /Users/jacksonsweet/Desktop/OPS\ APP/OPS/OPS/Views/Components/Common/LocationPermissionView.swift /Users/jacksonsweet/Desktop/OPS\ APP/OPS/OPS/Views/Components/Common/NavigationBanner.swift /Users/jacksonsweet/Desktop/OPS\ APP/OPS/OPS/Views/Components/Common/NavigationControlsView.swift /Users/jacksonsweet/Desktop/OPS\ APP/OPS/OPS/Views/Components/Common/TabBarBackground.swift -primary-file /Users/jacksonsweet/Desktop/OPS\ APP/OPS/OPS/Views/Components/Images/ImagePicker.swift -primary-file /Users/jacksonsweet/Desktop/OPS\ APP/OPS/OPS/Views/Components/Images/ImagePickerView.swift -primary-file /Users/jacksonsweet/Desktop/OPS\ APP/OPS/OPS/Views/Components/Images/ProjectImagesSection.swift -primary-file /Users/jacksonsweet/Desktop/OPS\ APP/OPS/OPS/Views/Components/Images/ProjectImagesSimple.swift -primary-file /Users/jacksonsweet/Desktop/OPS\ APP/OPS/OPS/Views/Components/Images/ProjectImageView.swift -primary-file /Users/jacksonsweet/Desktop/OPS\ APP/OPS/OPS/Views/Components/Images/ProjectPhotosGrid.swift -primary-file /Users/jacksonsweet/Desktop/OPS\ APP/OPS/OPS/Views/Components/Map/MiniMapView.swift -primary-file /Users/jacksonsweet/Desktop/OPS\ APP/OPS/OPS/Views/Components/Map/ProjectMapAnnotation.swift -primary-file /Users/jacksonsweet/Desktop/OPS\ APP/OPS/OPS/Views/Components/Map/ProjectMapView.swift -primary-file /Users/jacksonsweet/Desktop/OPS\ APP/OPS/OPS/Views/Components/Map/ProjectMarkerPopup.swift -primary-file /Users/jacksonsweet/Desktop/OPS\ APP/OPS/OPS/Views/Components/Map/RouteDirectionsView.swift -primary-file /Users/jacksonsweet/Desktop/OPS\ APP/OPS/OPS/Views/Components/Project/ProjectActionBar.swift /Users/jacksonsweet/Desktop/OPS\ APP/OPS/OPS/Views/Components/Project/ProjectCard.swift /Users/jacksonsweet/Desktop/OPS\ APP/OPS/OPS/Views/Components/Project/ProjectCarousel.swift /Users/jacksonsweet/Desktop/OPS\ APP/OPS/OPS/Views/Components/Project/ProjectDetailsView.swift /Users/jacksonsweet/Desktop/OPS\ APP/OPS/OPS/Views/Components/Project/ProjectHeader.swift /Users/jacksonsweet/Desktop/OPS\ APP/OPS/OPS/Views/Components/Project/ProjectSheetContainer.swift /Users/jacksonsweet/Desktop/OPS\ APP/OPS/OPS/Views/Components/User/TeamMemberListView.swift /Users/jacksonsweet/Desktop/OPS\ APP/OPS/OPS/Views/Components/User/UserProfileCard.swift /Users/jacksonsweet/Desktop/OPS\ APP/OPS/OPS/Views/Home/HomeContentView.swift /Users/jacksonsweet/Desktop/OPS\ APP/OPS/OPS/Views/Home/HomeView.swift /Users/jacksonsweet/Desktop/OPS\ APP/OPS/OPS/Views/Settings/OrganizationSettingsView.swift /Users/jacksonsweet/Desktop/OPS\ APP/OPS/OPS/Views/Settings/ProfileSettingsView.swift /Users/jacksonsweet/Desktop/OPS\ APP/OPS/OPS/Views/Settings/ProjectHistorySettingsView.swift /Users/jacksonsweet/Desktop/OPS\ APP/OPS/OPS/Views/LoginView.swift /Users/jacksonsweet/Desktop/OPS\ APP/OPS/OPS/Views/LoginViewPreview.swift /Users/jacksonsweet/Desktop/OPS\ APP/OPS/OPS/Views/MainTabView.swift /Users/jacksonsweet/Desktop/OPS\ APP/OPS/OPS/Views/NetworkStatusIndicator.swift /Users/jacksonsweet/Desktop/OPS\ APP/OPS/OPS/Views/ScheduleView.swift /Users/jacksonsweet/Desktop/OPS\ APP/OPS/OPS/Views/SettingsView.swift /Users/jacksonsweet/Desktop/OPS\ APP/OPS/OPS/Views/SplashScreen.swift /Users/jacksonsweet/Desktop/OPS\ APP/OPS/OPS/AppState.swift /Users/jacksonsweet/Desktop/OPS\ APP/OPS/OPS/ContentView.swift /Users/jacksonsweet/Desktop/OPS\ APP/OPS/OPS/Item.swift /Users/jacksonsweet/Desktop/OPS\ APP/OPS/OPS/OPSApp.swift /Users/jacksonsweet/Library/Developer/Xcode/DerivedData/OPS-czavgtmnvamasvcjgszzuulfcsxj/Build/Intermediates.noindex/OPS.build/Debug-iphonesimulator/OPS.build/DerivedSources/GeneratedAssetSymbols.swift -supplementary-output-file-map /Users/jacksonsweet/Library/Developer/Xcode/DerivedData/OPS-czavgtmnvamasvcjgszzuulfcsxj/Build/Intermediates.noindex/OPS.build/Debug-iphonesimulator/OPS.build/Objects-normal/arm64/supplementaryOutputs-8 -emit-localized-strings -emit-localized-strings-path /Users/jacksonsweet/Library/Developer/Xcode/DerivedData/OPS-czavgtmnvamasvcjgszzuulfcsxj/Build/Intermediates.noindex/OPS.build/Debug-iphonesimulator/OPS.build/Objects-normal/arm64 -target arm64-apple-ios18.2-simulator -Xllvm -aarch64-use-tbi -enable-objc-interop -sdk /Applications/Xcode.app/Contents/Developer/Platforms/iPhoneSimulator.platform/Developer/SDKs/iPhoneSimulator18.2.sdk -I /Users/jacksonsweet/Library/Developer/Xcode/DerivedData/OPS-czavgtmnvamasvcjgszzuulfcsxj/Build/Products/Debug-iphonesimulator -F /Users/jacksonsweet/Library/Developer/Xcode/DerivedData/OPS-czavgtmnvamasvcjgszzuulfcsxj/Build/Products/Debug-iphonesimulator -no-color-diagnostics -enable-testing -g -debug-info-format\=dwarf -dwarf-version\=5 -module-cache-path /Users/jacksonsweet/Library/Developer/Xcode/DerivedData/ModuleCache.noindex -profile-generate -profile-coverage-mapping -swift-version 5 -enforce-exclusivity\=checked -Onone -D DEBUG -serialize-debugging-options -const-gather-protocols-file /Users/jacksonsweet/Library/Developer/Xcode/DerivedData/OPS-czavgtmnvamasvcjgszzuulfcsxj/Build/Intermediates.noindex/OPS.build/Debug-iphonesimulator/OPS.build/Objects-normal/arm64/OPS_const_extract_protocols.json -enable-experimental-feature DebugDescriptionMacro -enable-experimental-feature OpaqueTypeErasure -enable-bare-slash-regex -empty-abi-descriptor -validate-clang-modules-once -clang-build-session-file /Users/jacksonsweet/Library/Developer/Xcode/DerivedData/ModuleCache.noindex/Session.modulevalidation -Xcc -working-directory -Xcc /Users/jacksonsweet/Desktop/OPS\ APP/OPS -resource-dir /Applications/Xcode.app/Contents/Developer/Toolchains/XcodeDefault.xctoolchain/usr/lib/swift -enable-anonymous-context-mangled-names -file-compilation-dir /Users/jacksonsweet/Desktop/OPS\ APP/OPS -Xcc -D_LIBCPP_HARDENING_MODE\=_LIBCPP_HARDENING_MODE_DEBUG -Xcc -ivfsstatcache -Xcc /Users/jacksonsweet/Library/Developer/Xcode/DerivedData/SDKStatCaches.noindex/iphonesimulator18.2-22C146-07b28473f605e47e75261259d3ef3b5a.sdkstatcache -Xcc -I/Users/jacksonsweet/Library/Developer/Xcode/DerivedData/OPS-czavgtmnvamasvcjgszzuulfcsxj/Build/Intermediates.noindex/OPS.build/Debug-iphonesimulator/OPS.build/swift-overrides.hmap -Xcc -iquote -Xcc /Users/jacksonsweet/Library/Developer/Xcode/DerivedData/OPS-czavgtmnvamasvcjgszzuulfcsxj/Build/Intermediates.noindex/OPS.build/Debug-iphonesimulator/OPS.build/OPS-generated-files.hmap -Xcc -I/Users/jacksonsweet/Library/Developer/Xcode/DerivedData/OPS-czavgtmnvamasvcjgszzuulfcsxj/Build/Intermediates.noindex/OPS.build/Debug-iphonesimulator/OPS.build/OPS-own-target-headers.hmap -Xcc -I/Users/jacksonsweet/Library/Developer/Xcode/DerivedData/OPS-czavgtmnvamasvcjgszzuulfcsxj/Build/Intermediates.noindex/OPS.build/Debug-iphonesimulator/OPS.build/OPS-all-target-headers.hmap -Xcc -iquote -Xcc /Users/jacksonsweet/Library/Developer/Xcode/DerivedData/OPS-czavgtmnvamasvcjgszzuulfcsxj/Build/Intermediates.noindex/OPS.build/Debug-iphonesimulator/OPS.build/OPS-project-headers.hmap -Xcc -I/Users/jacksonsweet/Library/Developer/Xcode/DerivedData/OPS-czavgtmnvamasvcjgszzuulfcsxj/Build/Products/Debug-iphonesimulator/include -Xcc -I/Users/jacksonsweet/Library/Developer/Xcode/DerivedData/OPS-czavgtmnvamasvcjgszzuulfcsxj/Build/Intermediates.noindex/OPS.build/Debug-iphonesimulator/OPS.build/DerivedSources-normal/arm64 -Xcc -I/Users/jacksonsweet/Library/Developer/Xcode/DerivedData/OPS-czavgtmnvamasvcjgszzuulfcsxj/Build/Intermediates.noindex/OPS.build/Debug-iphonesimulator/OPS.build/DerivedSources/arm64 -Xcc -I/Users/jacksonsweet/Library/Developer/Xcode/DerivedData/OPS-czavgtmnvamasvcjgszzuulfcsxj/Build/Intermediates.noindex/OPS.build/Debug-iphonesimulator/OPS.build/DerivedSources -Xcc -DDEBUG\=1 -module-name OPS -frontend-parseable-output -disable-clang-spi -target-sdk-version 18.2 -target-sdk-name iphonesimulator18.2 -external-plugin-path /Applications/Xcode.app/Contents/Developer/Platforms/iPhoneOS.platform/Developer/usr/lib/swift/host/plugins\#/Applications/Xcode.app/Contents/Developer/Platforms/iPhoneOS.platform/Developer/usr/bin/swift-plugin-server -external-plugin-path /Applications/Xcode.app/Contents/Developer/Platforms/iPhoneOS.platform/Developer/usr/local/lib/swift/host/plugins\#/Applications/Xcode.app/Contents/Developer/Platforms/iPhoneOS.platform/Developer/usr/bin/swift-plugin-server -plugin-path /Applications/Xcode.app/Contents/Developer/Toolchains/XcodeDefault.xctoolchain/usr/lib/swift/host/plugins -plugin-path /Applications/Xcode.app/Contents/Developer/Toolchains/XcodeDefault.xctoolchain/usr/local/lib/swift/host/plugins -o /Users/jacksonsweet/Library/Developer/Xcode/DerivedData/OPS-czavgtmnvamasvcjgszzuulfcsxj/Build/Intermediates.noindex/OPS.build/Debug-iphonesimulator/OPS.build/Objects-normal/arm64/ImagePicker.o -o /Users/jacksonsweet/Library/Developer/Xcode/DerivedData/OPS-czavgtmnvamasvcjgszzuulfcsxj/Build/Intermediates.noindex/OPS.build/Debug-iphonesimulator/OPS.build/Objects-normal/arm64/ImagePickerView.o -o /Users/jacksonsweet/Library/Developer/Xcode/DerivedData/OPS-czavgtmnvamasvcjgszzuulfcsxj/Build/Intermediates.noindex/OPS.build/Debug-iphonesimulator/OPS.build/Objects-normal/arm64/ProjectImagesSection.o -o /Users/jacksonsweet/Library/Developer/Xcode/DerivedData/OPS-czavgtmnvamasvcjgszzuulfcsxj/Build/Intermediates.noindex/OPS.build/Debug-iphonesimulator/OPS.build/Objects-normal/arm64/ProjectImagesSimple.o -o /Users/jacksonsweet/Library/Developer/Xcode/DerivedData/OPS-czavgtmnvamasvcjgszzuulfcsxj/Build/Intermediates.noindex/OPS.build/Debug-iphonesimulator/OPS.build/Objects-normal/arm64/ProjectImageView.o -o /Users/jacksonsweet/Library/Developer/Xcode/DerivedData/OPS-czavgtmnvamasvcjgszzuulfcsxj/Build/Intermediates.noindex/OPS.build/Debug-iphonesimulator/OPS.build/Objects-normal/arm64/ProjectPhotosGrid.o -o /Users/jacksonsweet/Library/Developer/Xcode/DerivedData/OPS-czavgtmnvamasvcjgszzuulfcsxj/Build/Intermediates.noindex/OPS.build/Debug-iphonesimulator/OPS.build/Objects-normal/arm64/MiniMapView.o -o /Users/jacksonsweet/Library/Developer/Xcode/DerivedData/OPS-czavgtmnvamasvcjgszzuulfcsxj/Build/Intermediates.noindex/OPS.build/Debug-iphonesimulator/OPS.build/Objects-normal/arm64/ProjectMapAnnotation.o -o /Users/jacksonsweet/Library/Developer/Xcode/DerivedData/OPS-czavgtmnvamasvcjgszzuulfcsxj/Build/Intermediates.noindex/OPS.build/Debug-iphonesimulator/OPS.build/Objects-normal/arm64/ProjectMapView.o -o /Users/jacksonsweet/Library/Developer/Xcode/DerivedData/OPS-czavgtmnvamasvcjgszzuulfcsxj/Build/Intermediates.noindex/OPS.build/Debug-iphonesimulator/OPS.build/Objects-normal/arm64/ProjectMarkerPopup.o -o /Users/jacksonsweet/Library/Developer/Xcode/DerivedData/OPS-czavgtmnvamasvcjgszzuulfcsxj/Build/Intermediates.noindex/OPS.build/Debug-iphonesimulator/OPS.build/Objects-normal/arm64/RouteDirectionsView.o -o /Users/jacksonsweet/Library/Developer/Xcode/DerivedData/OPS-czavgtmnvamasvcjgszzuulfcsxj/Build/Intermediates.noindex/OPS.build/Debug-iphonesimulator/OPS.build/Objects-normal/arm64/ProjectActionBar.o -index-unit-output-path /OPS.build/Debug-iphonesimulator/OPS.build/Objects-normal/arm64/ImagePicker.o -index-unit-output-path /OPS.build/Debug-iphonesimulator/OPS.build/Objects-normal/arm64/ImagePickerView.o -index-unit-output-path /OPS.build/Debug-iphonesimulator/OPS.build/Objects-normal/arm64/ProjectImagesSection.o -index-unit-output-path /OPS.build/Debug-iphonesimulator/OPS.build/Objects-normal/arm64/ProjectImagesSimple.o -index-unit-output-path /OPS.build/Debug-iphonesimulator/OPS.build/Objects-normal/arm64/ProjectImageView.o -index-unit-output-path /OPS.build/Debug-iphonesimulator/OPS.build/Objects-normal/arm64/ProjectPhotosGrid.o -index-unit-output-path /OPS.build/Debug-iphonesimulator/OPS.build/Objects-normal/arm64/MiniMapView.o -index-unit-output-path /OPS.build/Debug-iphonesimulator/OPS.build/Objects-normal/arm64/ProjectMapAnnotation.o -index-unit-output-path /OPS.build/Debug-iphonesimulator/OPS.build/Objects-normal/arm64/ProjectMapView.o -index-unit-output-path /OPS.build/Debug-iphonesimulator/OPS.build/Objects-normal/arm64/ProjectMarkerPopup.o -index-unit-output-path /OPS.build/Debug-iphonesimulator/OPS.build/Objects-normal/arm64/RouteDirectionsView.o -index-unit-output-path /OPS.build/Debug-iphonesimulator/OPS.build/Objects-normal/arm64/ProjectActionBar.o -index-store-path /Users/jacksonsweet/Library/Developer/Xcode/DerivedData/OPS-czavgtmnvamasvcjgszzuulfcsxj/Index.noindex/DataStore -index-system-modules

SwiftCompile normal arm64 /Users/jacksonsweet/Desktop/OPS\ APP/OPS/OPS/Views/Components/Images/ProjectImageView.swift (in target 'OPS' from project 'OPS')
    cd /Users/jacksonsweet/Desktop/OPS\ APP/OPS
    /Applications/Xcode.app/Contents/Developer/Toolchains/XcodeDefault.xctoolchain/usr/bin/swift-frontend -c /Users/jacksonsweet/Desktop/OPS\ APP/OPS/OPS/DataModels/BubbleImage.swift /Users/jacksonsweet/Desktop/OPS\ APP/OPS/OPS/DataModels/BubbleTypes.swift /Users/jacksonsweet/Desktop/OPS\ APP/OPS/OPS/DataModels/Company.swift /Users/jacksonsweet/Desktop/OPS\ APP/OPS/OPS/DataModels/Project.swift /Users/jacksonsweet/Desktop/OPS\ APP/OPS/OPS/DataModels/Status.swift /Users/jacksonsweet/Desktop/OPS\ APP/OPS/OPS/DataModels/User.swift /Users/jacksonsweet/Desktop/OPS\ APP/OPS/OPS/DataModels/UserRole.swift /Users/jacksonsweet/Desktop/OPS\ APP/OPS/OPS/Extensions/UIImage+Extensions.swift /Users/jacksonsweet/Desktop/OPS\ APP/OPS/OPS/Network/API/APIError.swift /Users/jacksonsweet/Desktop/OPS\ APP/OPS/OPS/Network/API/APIService.swift /Users/jacksonsweet/Desktop/OPS\ APP/OPS/OPS/Network/API/BubbleFields.swift /Users/jacksonsweet/Desktop/OPS\ APP/OPS/OPS/Network/Auth/AuthError.swift /Users/jacksonsweet/Desktop/OPS\ APP/OPS/OPS/Network/Auth/AuthManager.swift /Users/jacksonsweet/Desktop/OPS\ APP/OPS/OPS/Network/Auth/KeychainManager.swift /Users/jacksonsweet/Desktop/OPS\ APP/OPS/OPS/Network/DTOs/CompanyDTO.swift /Users/jacksonsweet/Desktop/OPS\ APP/OPS/OPS/Network/DTOs/ProjectDTO.swift /Users/jacksonsweet/Desktop/OPS\ APP/OPS/OPS/Network/DTOs/UserDTO.swift /Users/jacksonsweet/Desktop/OPS\ APP/OPS/OPS/Network/Endpoints/CompanyEndpoints.swift /Users/jacksonsweet/Desktop/OPS\ APP/OPS/OPS/Network/Endpoints/ProjectEndpoints.swift /Users/jacksonsweet/Desktop/OPS\ APP/OPS/OPS/Network/Endpoints/UserEndpoints.swift /Users/jacksonsweet/Desktop/OPS\ APP/OPS/OPS/Network/Sync/BackgroundTaskManager.swift /Users/jacksonsweet/Desktop/OPS\ APP/OPS/OPS/Network/Sync/SyncManager.swift /Users/jacksonsweet/Desktop/OPS\ APP/OPS/OPS/Network/ConnectivityMonitor.swift /Users/jacksonsweet/Desktop/OPS\ APP/OPS/OPS/Network/ImageSyncManager.swift /Users/jacksonsweet/Desktop/OPS\ APP/OPS/OPS/Onboarding/Coordinators/OnboardingCoordinator.swift /Users/jacksonsweet/Desktop/OPS\ APP/OPS/OPS/Onboarding/Models/OnboardingModels.swift /Users/jacksonsweet/Desktop/OPS\ APP/OPS/OPS/Onboarding/Services/OnboardingService.swift /Users/jacksonsweet/Desktop/OPS\ APP/OPS/OPS/Onboarding/ViewModels/OnboardingViewModel.swift /Users/jacksonsweet/Desktop/OPS\ APP/OPS/OPS/Onboarding/Views/Components/OnboardingComponents.swift /Users/jacksonsweet/Desktop/OPS\ APP/OPS/OPS/Onboarding/Views/Screens/AccountCreatedView.swift /Users/jacksonsweet/Desktop/OPS\ APP/OPS/OPS/Onboarding/Views/Screens/CompanyCodeView.swift /Users/jacksonsweet/Desktop/OPS\ APP/OPS/OPS/Onboarding/Views/Screens/CompanyCodeViewPreview.swift /Users/jacksonsweet/Desktop/OPS\ APP/OPS/OPS/Onboarding/Views/Screens/CompletionView.swift /Users/jacksonsweet/Desktop/OPS\ APP/OPS/OPS/Onboarding/Views/Screens/CompletionViewPreview.swift /Users/jacksonsweet/Desktop/OPS\ APP/OPS/OPS/Onboarding/Views/Screens/EmailView.swift /Users/jacksonsweet/Desktop/OPS\ APP/OPS/OPS/Onboarding/Views/Screens/FieldSetupView.swift /Users/jacksonsweet/Desktop/OPS\ APP/OPS/OPS/Onboarding/Views/Screens/NotificationsView.swift /Users/jacksonsweet/Desktop/OPS\ APP/OPS/OPS/Onboarding/Views/Screens/NotificationsViewPreview.swift /Users/jacksonsweet/Desktop/OPS\ APP/OPS/OPS/Onboarding/Views/Screens/OrganizationJoinView.swift /Users/jacksonsweet/Desktop/OPS\ APP/OPS/OPS/Onboarding/Views/Screens/PasswordView.swift /Users/jacksonsweet/Desktop/OPS\ APP/OPS/OPS/Onboarding/Views/Screens/PasswordViewPreview.swift /Users/jacksonsweet/Desktop/OPS\ APP/OPS/OPS/Onboarding/Views/Screens/PermissionsView.swift /Users/jacksonsweet/Desktop/OPS\ APP/OPS/OPS/Onboarding/Views/Screens/PermissionsViewPreview.swift /Users/jacksonsweet/Desktop/OPS\ APP/OPS/OPS/Onboarding/Views/Screens/PhoneNumberView.swift /Users/jacksonsweet/Desktop/OPS\ APP/OPS/OPS/Onboarding/Views/Screens/PhoneNumberViewPreview.swift /Users/jacksonsweet/Desktop/OPS\ APP/OPS/OPS/Onboarding/Views/Screens/UserInfoView.swift /Users/jacksonsweet/Desktop/OPS\ APP/OPS/OPS/Onboarding/Views/Screens/UserInfoViewPreview.swift /Users/jacksonsweet/Desktop/OPS\ APP/OPS/OPS/Onboarding/Views/Screens/VerifyPhoneView.swift /Users/jacksonsweet/Desktop/OPS\ APP/OPS/OPS/Onboarding/Views/Screens/WelcomeCompanyView.swift /Users/jacksonsweet/Desktop/OPS\ APP/OPS/OPS/Onboarding/Views/Screens/WelcomeCompanyViewPreview.swift /Users/jacksonsweet/Desktop/OPS\ APP/OPS/OPS/Onboarding/Views/Screens/WelcomeView.swift /Users/jacksonsweet/Desktop/OPS\ APP/OPS/OPS/Onboarding/Views/Screens/WelcomeViewPreview.swift /Users/jacksonsweet/Desktop/OPS\ APP/OPS/OPS/Onboarding/Views/OnboardingContainerView.swift /Users/jacksonsweet/Desktop/OPS\ APP/OPS/OPS/Onboarding/Views/OnboardingFlowPreview.swift /Users/jacksonsweet/Desktop/OPS\ APP/OPS/OPS/Onboarding/Views/OnboardingPresenter.swift /Users/jacksonsweet/Desktop/OPS\ APP/OPS/OPS/Onboarding/Views/OnboardingPreviewHelpers.swift /Users/jacksonsweet/Desktop/OPS\ APP/OPS/OPS/Styles/OPSStyle.swift /Users/jacksonsweet/Desktop/OPS\ APP/OPS/OPS/Utilities/AppConfiguration.swift /Users/jacksonsweet/Desktop/OPS\ APP/OPS/OPS/Utilities/ArrayTransformer.swift /Users/jacksonsweet/Desktop/OPS\ APP/OPS/OPS/Utilities/DataController.swift /Users/jacksonsweet/Desktop/OPS\ APP/OPS/OPS/Utilities/Dateformatter\ +Bubble.swift /Users/jacksonsweet/Desktop/OPS\ APP/OPS/OPS/Utilities/DateHelper.swift /Users/jacksonsweet/Desktop/OPS\ APP/OPS/OPS/Utilities/FieldErrorHandler.swift /Users/jacksonsweet/Desktop/OPS\ APP/OPS/OPS/Utilities/ImageCache.swift /Users/jacksonsweet/Desktop/OPS\ APP/OPS/OPS/Utilities/ImageFileManager.swift /Users/jacksonsweet/Desktop/OPS\ APP/OPS/OPS/Utilities/InProgressManager.swift /Users/jacksonsweet/Desktop/OPS\ APP/OPS/OPS/Utilities/KeyboardDismissalModifier.swift /Users/jacksonsweet/Desktop/OPS\ APP/OPS/OPS/Utilities/LocationManager.swift /Users/jacksonsweet/Desktop/OPS\ APP/OPS/OPS/Utilities/OnboardingEnvironmentKey.swift /Users/jacksonsweet/Desktop/OPS\ APP/OPS/OPS/Utilities/SwiftDataHelper.swift /Users/jacksonsweet/Desktop/OPS\ APP/OPS/OPS/Utilities/UIComponents.swift /Users/jacksonsweet/Desktop/OPS\ APP/OPS/OPS/V2/CertificationsSettingsView.swift /Users/jacksonsweet/Desktop/OPS\ APP/OPS/OPS/ViewModels/CalendarViewModel.swift /Users/jacksonsweet/Desktop/OPS\ APP/OPS/OPS/ViewModels/ProjectsViewModel.swift /Users/jacksonsweet/Desktop/OPS\ APP/OPS/OPS/Views/Calendar\ Tab/Components/CalendarDaySelector.swift /Users/jacksonsweet/Desktop/OPS\ APP/OPS/OPS/Views/Calendar\ Tab/Components/CalendarHeaderView.swift /Users/jacksonsweet/Desktop/OPS\ APP/OPS/OPS/Views/Calendar\ Tab/Components/CalendarProjectCard.swift /Users/jacksonsweet/Desktop/OPS\ APP/OPS/OPS/Views/Calendar\ Tab/Components/CalendarToggleView.swift /Users/jacksonsweet/Desktop/OPS\ APP/OPS/OPS/Views/Calendar\ Tab/Components/DatePickerPopover.swift /Users/jacksonsweet/Desktop/OPS\ APP/OPS/OPS/Views/Calendar\ Tab/Components/DayCell.swift /Users/jacksonsweet/Desktop/OPS\ APP/OPS/OPS/Views/Calendar\ Tab/ProjectViews/DayProjectSheet.swift /Users/jacksonsweet/Desktop/OPS\ APP/OPS/OPS/Views/Calendar\ Tab/ProjectViews/ProjectListView.swift /Users/jacksonsweet/Desktop/OPS\ APP/OPS/OPS/Views/Calendar\ Tab/MonthGridView.swift /Users/jacksonsweet/Desktop/OPS\ APP/OPS/OPS/Views/Components/Common/AppHeader.swift /Users/jacksonsweet/Desktop/OPS\ APP/OPS/OPS/Views/Components/Common/ExpandableNotesView.swift /Users/jacksonsweet/Desktop/OPS\ APP/OPS/OPS/Views/Components/Common/LocationPermissionView.swift /Users/jacksonsweet/Desktop/OPS\ APP/OPS/OPS/Views/Components/Common/NavigationBanner.swift /Users/jacksonsweet/Desktop/OPS\ APP/OPS/OPS/Views/Components/Common/NavigationControlsView.swift /Users/jacksonsweet/Desktop/OPS\ APP/OPS/OPS/Views/Components/Common/TabBarBackground.swift -primary-file /Users/jacksonsweet/Desktop/OPS\ APP/OPS/OPS/Views/Components/Images/ImagePicker.swift -primary-file /Users/jacksonsweet/Desktop/OPS\ APP/OPS/OPS/Views/Components/Images/ImagePickerView.swift -primary-file /Users/jacksonsweet/Desktop/OPS\ APP/OPS/OPS/Views/Components/Images/ProjectImagesSection.swift -primary-file /Users/jacksonsweet/Desktop/OPS\ APP/OPS/OPS/Views/Components/Images/ProjectImagesSimple.swift -primary-file /Users/jacksonsweet/Desktop/OPS\ APP/OPS/OPS/Views/Components/Images/ProjectImageView.swift -primary-file /Users/jacksonsweet/Desktop/OPS\ APP/OPS/OPS/Views/Components/Images/ProjectPhotosGrid.swift -primary-file /Users/jacksonsweet/Desktop/OPS\ APP/OPS/OPS/Views/Components/Map/MiniMapView.swift -primary-file /Users/jacksonsweet/Desktop/OPS\ APP/OPS/OPS/Views/Components/Map/ProjectMapAnnotation.swift -primary-file /Users/jacksonsweet/Desktop/OPS\ APP/OPS/OPS/Views/Components/Map/ProjectMapView.swift -primary-file /Users/jacksonsweet/Desktop/OPS\ APP/OPS/OPS/Views/Components/Map/ProjectMarkerPopup.swift -primary-file /Users/jacksonsweet/Desktop/OPS\ APP/OPS/OPS/Views/Components/Map/RouteDirectionsView.swift -primary-file /Users/jacksonsweet/Desktop/OPS\ APP/OPS/OPS/Views/Components/Project/ProjectActionBar.swift /Users/jacksonsweet/Desktop/OPS\ APP/OPS/OPS/Views/Components/Project/ProjectCard.swift /Users/jacksonsweet/Desktop/OPS\ APP/OPS/OPS/Views/Components/Project/ProjectCarousel.swift /Users/jacksonsweet/Desktop/OPS\ APP/OPS/OPS/Views/Components/Project/ProjectDetailsView.swift /Users/jacksonsweet/Desktop/OPS\ APP/OPS/OPS/Views/Components/Project/ProjectHeader.swift /Users/jacksonsweet/Desktop/OPS\ APP/OPS/OPS/Views/Components/Project/ProjectSheetContainer.swift /Users/jacksonsweet/Desktop/OPS\ APP/OPS/OPS/Views/Components/User/TeamMemberListView.swift /Users/jacksonsweet/Desktop/OPS\ APP/OPS/OPS/Views/Components/User/UserProfileCard.swift /Users/jacksonsweet/Desktop/OPS\ APP/OPS/OPS/Views/Home/HomeContentView.swift /Users/jacksonsweet/Desktop/OPS\ APP/OPS/OPS/Views/Home/HomeView.swift /Users/jacksonsweet/Desktop/OPS\ APP/OPS/OPS/Views/Settings/OrganizationSettingsView.swift /Users/jacksonsweet/Desktop/OPS\ APP/OPS/OPS/Views/Settings/ProfileSettingsView.swift /Users/jacksonsweet/Desktop/OPS\ APP/OPS/OPS/Views/Settings/ProjectHistorySettingsView.swift /Users/jacksonsweet/Desktop/OPS\ APP/OPS/OPS/Views/LoginView.swift /Users/jacksonsweet/Desktop/OPS\ APP/OPS/OPS/Views/LoginViewPreview.swift /Users/jacksonsweet/Desktop/OPS\ APP/OPS/OPS/Views/MainTabView.swift /Users/jacksonsweet/Desktop/OPS\ APP/OPS/OPS/Views/NetworkStatusIndicator.swift /Users/jacksonsweet/Desktop/OPS\ APP/OPS/OPS/Views/ScheduleView.swift /Users/jacksonsweet/Desktop/OPS\ APP/OPS/OPS/Views/SettingsView.swift /Users/jacksonsweet/Desktop/OPS\ APP/OPS/OPS/Views/SplashScreen.swift /Users/jacksonsweet/Desktop/OPS\ APP/OPS/OPS/AppState.swift /Users/jacksonsweet/Desktop/OPS\ APP/OPS/OPS/ContentView.swift /Users/jacksonsweet/Desktop/OPS\ APP/OPS/OPS/Item.swift /Users/jacksonsweet/Desktop/OPS\ APP/OPS/OPS/OPSApp.swift /Users/jacksonsweet/Library/Developer/Xcode/DerivedData/OPS-czavgtmnvamasvcjgszzuulfcsxj/Build/Intermediates.noindex/OPS.build/Debug-iphonesimulator/OPS.build/DerivedSources/GeneratedAssetSymbols.swift -supplementary-output-file-map /Users/jacksonsweet/Library/Developer/Xcode/DerivedData/OPS-czavgtmnvamasvcjgszzuulfcsxj/Build/Intermediates.noindex/OPS.build/Debug-iphonesimulator/OPS.build/Objects-normal/arm64/supplementaryOutputs-8 -emit-localized-strings -emit-localized-strings-path /Users/jacksonsweet/Library/Developer/Xcode/DerivedData/OPS-czavgtmnvamasvcjgszzuulfcsxj/Build/Intermediates.noindex/OPS.build/Debug-iphonesimulator/OPS.build/Objects-normal/arm64 -target arm64-apple-ios18.2-simulator -Xllvm -aarch64-use-tbi -enable-objc-interop -sdk /Applications/Xcode.app/Contents/Developer/Platforms/iPhoneSimulator.platform/Developer/SDKs/iPhoneSimulator18.2.sdk -I /Users/jacksonsweet/Library/Developer/Xcode/DerivedData/OPS-czavgtmnvamasvcjgszzuulfcsxj/Build/Products/Debug-iphonesimulator -F /Users/jacksonsweet/Library/Developer/Xcode/DerivedData/OPS-czavgtmnvamasvcjgszzuulfcsxj/Build/Products/Debug-iphonesimulator -no-color-diagnostics -enable-testing -g -debug-info-format\=dwarf -dwarf-version\=5 -module-cache-path /Users/jacksonsweet/Library/Developer/Xcode/DerivedData/ModuleCache.noindex -profile-generate -profile-coverage-mapping -swift-version 5 -enforce-exclusivity\=checked -Onone -D DEBUG -serialize-debugging-options -const-gather-protocols-file /Users/jacksonsweet/Library/Developer/Xcode/DerivedData/OPS-czavgtmnvamasvcjgszzuulfcsxj/Build/Intermediates.noindex/OPS.build/Debug-iphonesimulator/OPS.build/Objects-normal/arm64/OPS_const_extract_protocols.json -enable-experimental-feature DebugDescriptionMacro -enable-experimental-feature OpaqueTypeErasure -enable-bare-slash-regex -empty-abi-descriptor -validate-clang-modules-once -clang-build-session-file /Users/jacksonsweet/Library/Developer/Xcode/DerivedData/ModuleCache.noindex/Session.modulevalidation -Xcc -working-directory -Xcc /Users/jacksonsweet/Desktop/OPS\ APP/OPS -resource-dir /Applications/Xcode.app/Contents/Developer/Toolchains/XcodeDefault.xctoolchain/usr/lib/swift -enable-anonymous-context-mangled-names -file-compilation-dir /Users/jacksonsweet/Desktop/OPS\ APP/OPS -Xcc -D_LIBCPP_HARDENING_MODE\=_LIBCPP_HARDENING_MODE_DEBUG -Xcc -ivfsstatcache -Xcc /Users/jacksonsweet/Library/Developer/Xcode/DerivedData/SDKStatCaches.noindex/iphonesimulator18.2-22C146-07b28473f605e47e75261259d3ef3b5a.sdkstatcache -Xcc -I/Users/jacksonsweet/Library/Developer/Xcode/DerivedData/OPS-czavgtmnvamasvcjgszzuulfcsxj/Build/Intermediates.noindex/OPS.build/Debug-iphonesimulator/OPS.build/swift-overrides.hmap -Xcc -iquote -Xcc /Users/jacksonsweet/Library/Developer/Xcode/DerivedData/OPS-czavgtmnvamasvcjgszzuulfcsxj/Build/Intermediates.noindex/OPS.build/Debug-iphonesimulator/OPS.build/OPS-generated-files.hmap -Xcc -I/Users/jacksonsweet/Library/Developer/Xcode/DerivedData/OPS-czavgtmnvamasvcjgszzuulfcsxj/Build/Intermediates.noindex/OPS.build/Debug-iphonesimulator/OPS.build/OPS-own-target-headers.hmap -Xcc -I/Users/jacksonsweet/Library/Developer/Xcode/DerivedData/OPS-czavgtmnvamasvcjgszzuulfcsxj/Build/Intermediates.noindex/OPS.build/Debug-iphonesimulator/OPS.build/OPS-all-target-headers.hmap -Xcc -iquote -Xcc /Users/jacksonsweet/Library/Developer/Xcode/DerivedData/OPS-czavgtmnvamasvcjgszzuulfcsxj/Build/Intermediates.noindex/OPS.build/Debug-iphonesimulator/OPS.build/OPS-project-headers.hmap -Xcc -I/Users/jacksonsweet/Library/Developer/Xcode/DerivedData/OPS-czavgtmnvamasvcjgszzuulfcsxj/Build/Products/Debug-iphonesimulator/include -Xcc -I/Users/jacksonsweet/Library/Developer/Xcode/DerivedData/OPS-czavgtmnvamasvcjgszzuulfcsxj/Build/Intermediates.noindex/OPS.build/Debug-iphonesimulator/OPS.build/DerivedSources-normal/arm64 -Xcc -I/Users/jacksonsweet/Library/Developer/Xcode/DerivedData/OPS-czavgtmnvamasvcjgszzuulfcsxj/Build/Intermediates.noindex/OPS.build/Debug-iphonesimulator/OPS.build/DerivedSources/arm64 -Xcc -I/Users/jacksonsweet/Library/Developer/Xcode/DerivedData/OPS-czavgtmnvamasvcjgszzuulfcsxj/Build/Intermediates.noindex/OPS.build/Debug-iphonesimulator/OPS.build/DerivedSources -Xcc -DDEBUG\=1 -module-name OPS -frontend-parseable-output -disable-clang-spi -target-sdk-version 18.2 -target-sdk-name iphonesimulator18.2 -external-plugin-path /Applications/Xcode.app/Contents/Developer/Platforms/iPhoneOS.platform/Developer/usr/lib/swift/host/plugins\#/Applications/Xcode.app/Contents/Developer/Platforms/iPhoneOS.platform/Developer/usr/bin/swift-plugin-server -external-plugin-path /Applications/Xcode.app/Contents/Developer/Platforms/iPhoneOS.platform/Developer/usr/local/lib/swift/host/plugins\#/Applications/Xcode.app/Contents/Developer/Platforms/iPhoneOS.platform/Developer/usr/bin/swift-plugin-server -plugin-path /Applications/Xcode.app/Contents/Developer/Toolchains/XcodeDefault.xctoolchain/usr/lib/swift/host/plugins -plugin-path /Applications/Xcode.app/Contents/Developer/Toolchains/XcodeDefault.xctoolchain/usr/local/lib/swift/host/plugins -o /Users/jacksonsweet/Library/Developer/Xcode/DerivedData/OPS-czavgtmnvamasvcjgszzuulfcsxj/Build/Intermediates.noindex/OPS.build/Debug-iphonesimulator/OPS.build/Objects-normal/arm64/ImagePicker.o -o /Users/jacksonsweet/Library/Developer/Xcode/DerivedData/OPS-czavgtmnvamasvcjgszzuulfcsxj/Build/Intermediates.noindex/OPS.build/Debug-iphonesimulator/OPS.build/Objects-normal/arm64/ImagePickerView.o -o /Users/jacksonsweet/Library/Developer/Xcode/DerivedData/OPS-czavgtmnvamasvcjgszzuulfcsxj/Build/Intermediates.noindex/OPS.build/Debug-iphonesimulator/OPS.build/Objects-normal/arm64/ProjectImagesSection.o -o /Users/jacksonsweet/Library/Developer/Xcode/DerivedData/OPS-czavgtmnvamasvcjgszzuulfcsxj/Build/Intermediates.noindex/OPS.build/Debug-iphonesimulator/OPS.build/Objects-normal/arm64/ProjectImagesSimple.o -o /Users/jacksonsweet/Library/Developer/Xcode/DerivedData/OPS-czavgtmnvamasvcjgszzuulfcsxj/Build/Intermediates.noindex/OPS.build/Debug-iphonesimulator/OPS.build/Objects-normal/arm64/ProjectImageView.o -o /Users/jacksonsweet/Library/Developer/Xcode/DerivedData/OPS-czavgtmnvamasvcjgszzuulfcsxj/Build/Intermediates.noindex/OPS.build/Debug-iphonesimulator/OPS.build/Objects-normal/arm64/ProjectPhotosGrid.o -o /Users/jacksonsweet/Library/Developer/Xcode/DerivedData/OPS-czavgtmnvamasvcjgszzuulfcsxj/Build/Intermediates.noindex/OPS.build/Debug-iphonesimulator/OPS.build/Objects-normal/arm64/MiniMapView.o -o /Users/jacksonsweet/Library/Developer/Xcode/DerivedData/OPS-czavgtmnvamasvcjgszzuulfcsxj/Build/Intermediates.noindex/OPS.build/Debug-iphonesimulator/OPS.build/Objects-normal/arm64/ProjectMapAnnotation.o -o /Users/jacksonsweet/Library/Developer/Xcode/DerivedData/OPS-czavgtmnvamasvcjgszzuulfcsxj/Build/Intermediates.noindex/OPS.build/Debug-iphonesimulator/OPS.build/Objects-normal/arm64/ProjectMapView.o -o /Users/jacksonsweet/Library/Developer/Xcode/DerivedData/OPS-czavgtmnvamasvcjgszzuulfcsxj/Build/Intermediates.noindex/OPS.build/Debug-iphonesimulator/OPS.build/Objects-normal/arm64/ProjectMarkerPopup.o -o /Users/jacksonsweet/Library/Developer/Xcode/DerivedData/OPS-czavgtmnvamasvcjgszzuulfcsxj/Build/Intermediates.noindex/OPS.build/Debug-iphonesimulator/OPS.build/Objects-normal/arm64/RouteDirectionsView.o -o /Users/jacksonsweet/Library/Developer/Xcode/DerivedData/OPS-czavgtmnvamasvcjgszzuulfcsxj/Build/Intermediates.noindex/OPS.build/Debug-iphonesimulator/OPS.build/Objects-normal/arm64/ProjectActionBar.o -index-unit-output-path /OPS.build/Debug-iphonesimulator/OPS.build/Objects-normal/arm64/ImagePicker.o -index-unit-output-path /OPS.build/Debug-iphonesimulator/OPS.build/Objects-normal/arm64/ImagePickerView.o -index-unit-output-path /OPS.build/Debug-iphonesimulator/OPS.build/Objects-normal/arm64/ProjectImagesSection.o -index-unit-output-path /OPS.build/Debug-iphonesimulator/OPS.build/Objects-normal/arm64/ProjectImagesSimple.o -index-unit-output-path /OPS.build/Debug-iphonesimulator/OPS.build/Objects-normal/arm64/ProjectImageView.o -index-unit-output-path /OPS.build/Debug-iphonesimulator/OPS.build/Objects-normal/arm64/ProjectPhotosGrid.o -index-unit-output-path /OPS.build/Debug-iphonesimulator/OPS.build/Objects-normal/arm64/MiniMapView.o -index-unit-output-path /OPS.build/Debug-iphonesimulator/OPS.build/Objects-normal/arm64/ProjectMapAnnotation.o -index-unit-output-path /OPS.build/Debug-iphonesimulator/OPS.build/Objects-normal/arm64/ProjectMapView.o -index-unit-output-path /OPS.build/Debug-iphonesimulator/OPS.build/Objects-normal/arm64/ProjectMarkerPopup.o -index-unit-output-path /OPS.build/Debug-iphonesimulator/OPS.build/Objects-normal/arm64/RouteDirectionsView.o -index-unit-output-path /OPS.build/Debug-iphonesimulator/OPS.build/Objects-normal/arm64/ProjectActionBar.o -index-store-path /Users/jacksonsweet/Library/Developer/Xcode/DerivedData/OPS-czavgtmnvamasvcjgszzuulfcsxj/Index.noindex/DataStore -index-system-modules

SwiftCompile normal arm64 /Users/jacksonsweet/Desktop/OPS\ APP/OPS/OPS/Views/Components/Images/ProjectPhotosGrid.swift (in target 'OPS' from project 'OPS')
    cd /Users/jacksonsweet/Desktop/OPS\ APP/OPS
    /Applications/Xcode.app/Contents/Developer/Toolchains/XcodeDefault.xctoolchain/usr/bin/swift-frontend -c /Users/jacksonsweet/Desktop/OPS\ APP/OPS/OPS/DataModels/BubbleImage.swift /Users/jacksonsweet/Desktop/OPS\ APP/OPS/OPS/DataModels/BubbleTypes.swift /Users/jacksonsweet/Desktop/OPS\ APP/OPS/OPS/DataModels/Company.swift /Users/jacksonsweet/Desktop/OPS\ APP/OPS/OPS/DataModels/Project.swift /Users/jacksonsweet/Desktop/OPS\ APP/OPS/OPS/DataModels/Status.swift /Users/jacksonsweet/Desktop/OPS\ APP/OPS/OPS/DataModels/User.swift /Users/jacksonsweet/Desktop/OPS\ APP/OPS/OPS/DataModels/UserRole.swift /Users/jacksonsweet/Desktop/OPS\ APP/OPS/OPS/Extensions/UIImage+Extensions.swift /Users/jacksonsweet/Desktop/OPS\ APP/OPS/OPS/Network/API/APIError.swift /Users/jacksonsweet/Desktop/OPS\ APP/OPS/OPS/Network/API/APIService.swift /Users/jacksonsweet/Desktop/OPS\ APP/OPS/OPS/Network/API/BubbleFields.swift /Users/jacksonsweet/Desktop/OPS\ APP/OPS/OPS/Network/Auth/AuthError.swift /Users/jacksonsweet/Desktop/OPS\ APP/OPS/OPS/Network/Auth/AuthManager.swift /Users/jacksonsweet/Desktop/OPS\ APP/OPS/OPS/Network/Auth/KeychainManager.swift /Users/jacksonsweet/Desktop/OPS\ APP/OPS/OPS/Network/DTOs/CompanyDTO.swift /Users/jacksonsweet/Desktop/OPS\ APP/OPS/OPS/Network/DTOs/ProjectDTO.swift /Users/jacksonsweet/Desktop/OPS\ APP/OPS/OPS/Network/DTOs/UserDTO.swift /Users/jacksonsweet/Desktop/OPS\ APP/OPS/OPS/Network/Endpoints/CompanyEndpoints.swift /Users/jacksonsweet/Desktop/OPS\ APP/OPS/OPS/Network/Endpoints/ProjectEndpoints.swift /Users/jacksonsweet/Desktop/OPS\ APP/OPS/OPS/Network/Endpoints/UserEndpoints.swift /Users/jacksonsweet/Desktop/OPS\ APP/OPS/OPS/Network/Sync/BackgroundTaskManager.swift /Users/jacksonsweet/Desktop/OPS\ APP/OPS/OPS/Network/Sync/SyncManager.swift /Users/jacksonsweet/Desktop/OPS\ APP/OPS/OPS/Network/ConnectivityMonitor.swift /Users/jacksonsweet/Desktop/OPS\ APP/OPS/OPS/Network/ImageSyncManager.swift /Users/jacksonsweet/Desktop/OPS\ APP/OPS/OPS/Onboarding/Coordinators/OnboardingCoordinator.swift /Users/jacksonsweet/Desktop/OPS\ APP/OPS/OPS/Onboarding/Models/OnboardingModels.swift /Users/jacksonsweet/Desktop/OPS\ APP/OPS/OPS/Onboarding/Services/OnboardingService.swift /Users/jacksonsweet/Desktop/OPS\ APP/OPS/OPS/Onboarding/ViewModels/OnboardingViewModel.swift /Users/jacksonsweet/Desktop/OPS\ APP/OPS/OPS/Onboarding/Views/Components/OnboardingComponents.swift /Users/jacksonsweet/Desktop/OPS\ APP/OPS/OPS/Onboarding/Views/Screens/AccountCreatedView.swift /Users/jacksonsweet/Desktop/OPS\ APP/OPS/OPS/Onboarding/Views/Screens/CompanyCodeView.swift /Users/jacksonsweet/Desktop/OPS\ APP/OPS/OPS/Onboarding/Views/Screens/CompanyCodeViewPreview.swift /Users/jacksonsweet/Desktop/OPS\ APP/OPS/OPS/Onboarding/Views/Screens/CompletionView.swift /Users/jacksonsweet/Desktop/OPS\ APP/OPS/OPS/Onboarding/Views/Screens/CompletionViewPreview.swift /Users/jacksonsweet/Desktop/OPS\ APP/OPS/OPS/Onboarding/Views/Screens/EmailView.swift /Users/jacksonsweet/Desktop/OPS\ APP/OPS/OPS/Onboarding/Views/Screens/FieldSetupView.swift /Users/jacksonsweet/Desktop/OPS\ APP/OPS/OPS/Onboarding/Views/Screens/NotificationsView.swift /Users/jacksonsweet/Desktop/OPS\ APP/OPS/OPS/Onboarding/Views/Screens/NotificationsViewPreview.swift /Users/jacksonsweet/Desktop/OPS\ APP/OPS/OPS/Onboarding/Views/Screens/OrganizationJoinView.swift /Users/jacksonsweet/Desktop/OPS\ APP/OPS/OPS/Onboarding/Views/Screens/PasswordView.swift /Users/jacksonsweet/Desktop/OPS\ APP/OPS/OPS/Onboarding/Views/Screens/PasswordViewPreview.swift /Users/jacksonsweet/Desktop/OPS\ APP/OPS/OPS/Onboarding/Views/Screens/PermissionsView.swift /Users/jacksonsweet/Desktop/OPS\ APP/OPS/OPS/Onboarding/Views/Screens/PermissionsViewPreview.swift /Users/jacksonsweet/Desktop/OPS\ APP/OPS/OPS/Onboarding/Views/Screens/PhoneNumberView.swift /Users/jacksonsweet/Desktop/OPS\ APP/OPS/OPS/Onboarding/Views/Screens/PhoneNumberViewPreview.swift /Users/jacksonsweet/Desktop/OPS\ APP/OPS/OPS/Onboarding/Views/Screens/UserInfoView.swift /Users/jacksonsweet/Desktop/OPS\ APP/OPS/OPS/Onboarding/Views/Screens/UserInfoViewPreview.swift /Users/jacksonsweet/Desktop/OPS\ APP/OPS/OPS/Onboarding/Views/Screens/VerifyPhoneView.swift /Users/jacksonsweet/Desktop/OPS\ APP/OPS/OPS/Onboarding/Views/Screens/WelcomeCompanyView.swift /Users/jacksonsweet/Desktop/OPS\ APP/OPS/OPS/Onboarding/Views/Screens/WelcomeCompanyViewPreview.swift /Users/jacksonsweet/Desktop/OPS\ APP/OPS/OPS/Onboarding/Views/Screens/WelcomeView.swift /Users/jacksonsweet/Desktop/OPS\ APP/OPS/OPS/Onboarding/Views/Screens/WelcomeViewPreview.swift /Users/jacksonsweet/Desktop/OPS\ APP/OPS/OPS/Onboarding/Views/OnboardingContainerView.swift /Users/jacksonsweet/Desktop/OPS\ APP/OPS/OPS/Onboarding/Views/OnboardingFlowPreview.swift /Users/jacksonsweet/Desktop/OPS\ APP/OPS/OPS/Onboarding/Views/OnboardingPresenter.swift /Users/jacksonsweet/Desktop/OPS\ APP/OPS/OPS/Onboarding/Views/OnboardingPreviewHelpers.swift /Users/jacksonsweet/Desktop/OPS\ APP/OPS/OPS/Styles/OPSStyle.swift /Users/jacksonsweet/Desktop/OPS\ APP/OPS/OPS/Utilities/AppConfiguration.swift /Users/jacksonsweet/Desktop/OPS\ APP/OPS/OPS/Utilities/ArrayTransformer.swift /Users/jacksonsweet/Desktop/OPS\ APP/OPS/OPS/Utilities/DataController.swift /Users/jacksonsweet/Desktop/OPS\ APP/OPS/OPS/Utilities/Dateformatter\ +Bubble.swift /Users/jacksonsweet/Desktop/OPS\ APP/OPS/OPS/Utilities/DateHelper.swift /Users/jacksonsweet/Desktop/OPS\ APP/OPS/OPS/Utilities/FieldErrorHandler.swift /Users/jacksonsweet/Desktop/OPS\ APP/OPS/OPS/Utilities/ImageCache.swift /Users/jacksonsweet/Desktop/OPS\ APP/OPS/OPS/Utilities/ImageFileManager.swift /Users/jacksonsweet/Desktop/OPS\ APP/OPS/OPS/Utilities/InProgressManager.swift /Users/jacksonsweet/Desktop/OPS\ APP/OPS/OPS/Utilities/KeyboardDismissalModifier.swift /Users/jacksonsweet/Desktop/OPS\ APP/OPS/OPS/Utilities/LocationManager.swift /Users/jacksonsweet/Desktop/OPS\ APP/OPS/OPS/Utilities/OnboardingEnvironmentKey.swift /Users/jacksonsweet/Desktop/OPS\ APP/OPS/OPS/Utilities/SwiftDataHelper.swift /Users/jacksonsweet/Desktop/OPS\ APP/OPS/OPS/Utilities/UIComponents.swift /Users/jacksonsweet/Desktop/OPS\ APP/OPS/OPS/V2/CertificationsSettingsView.swift /Users/jacksonsweet/Desktop/OPS\ APP/OPS/OPS/ViewModels/CalendarViewModel.swift /Users/jacksonsweet/Desktop/OPS\ APP/OPS/OPS/ViewModels/ProjectsViewModel.swift /Users/jacksonsweet/Desktop/OPS\ APP/OPS/OPS/Views/Calendar\ Tab/Components/CalendarDaySelector.swift /Users/jacksonsweet/Desktop/OPS\ APP/OPS/OPS/Views/Calendar\ Tab/Components/CalendarHeaderView.swift /Users/jacksonsweet/Desktop/OPS\ APP/OPS/OPS/Views/Calendar\ Tab/Components/CalendarProjectCard.swift /Users/jacksonsweet/Desktop/OPS\ APP/OPS/OPS/Views/Calendar\ Tab/Components/CalendarToggleView.swift /Users/jacksonsweet/Desktop/OPS\ APP/OPS/OPS/Views/Calendar\ Tab/Components/DatePickerPopover.swift /Users/jacksonsweet/Desktop/OPS\ APP/OPS/OPS/Views/Calendar\ Tab/Components/DayCell.swift /Users/jacksonsweet/Desktop/OPS\ APP/OPS/OPS/Views/Calendar\ Tab/ProjectViews/DayProjectSheet.swift /Users/jacksonsweet/Desktop/OPS\ APP/OPS/OPS/Views/Calendar\ Tab/ProjectViews/ProjectListView.swift /Users/jacksonsweet/Desktop/OPS\ APP/OPS/OPS/Views/Calendar\ Tab/MonthGridView.swift /Users/jacksonsweet/Desktop/OPS\ APP/OPS/OPS/Views/Components/Common/AppHeader.swift /Users/jacksonsweet/Desktop/OPS\ APP/OPS/OPS/Views/Components/Common/ExpandableNotesView.swift /Users/jacksonsweet/Desktop/OPS\ APP/OPS/OPS/Views/Components/Common/LocationPermissionView.swift /Users/jacksonsweet/Desktop/OPS\ APP/OPS/OPS/Views/Components/Common/NavigationBanner.swift /Users/jacksonsweet/Desktop/OPS\ APP/OPS/OPS/Views/Components/Common/NavigationControlsView.swift /Users/jacksonsweet/Desktop/OPS\ APP/OPS/OPS/Views/Components/Common/TabBarBackground.swift -primary-file /Users/jacksonsweet/Desktop/OPS\ APP/OPS/OPS/Views/Components/Images/ImagePicker.swift -primary-file /Users/jacksonsweet/Desktop/OPS\ APP/OPS/OPS/Views/Components/Images/ImagePickerView.swift -primary-file /Users/jacksonsweet/Desktop/OPS\ APP/OPS/OPS/Views/Components/Images/ProjectImagesSection.swift -primary-file /Users/jacksonsweet/Desktop/OPS\ APP/OPS/OPS/Views/Components/Images/ProjectImagesSimple.swift -primary-file /Users/jacksonsweet/Desktop/OPS\ APP/OPS/OPS/Views/Components/Images/ProjectImageView.swift -primary-file /Users/jacksonsweet/Desktop/OPS\ APP/OPS/OPS/Views/Components/Images/ProjectPhotosGrid.swift -primary-file /Users/jacksonsweet/Desktop/OPS\ APP/OPS/OPS/Views/Components/Map/MiniMapView.swift -primary-file /Users/jacksonsweet/Desktop/OPS\ APP/OPS/OPS/Views/Components/Map/ProjectMapAnnotation.swift -primary-file /Users/jacksonsweet/Desktop/OPS\ APP/OPS/OPS/Views/Components/Map/ProjectMapView.swift -primary-file /Users/jacksonsweet/Desktop/OPS\ APP/OPS/OPS/Views/Components/Map/ProjectMarkerPopup.swift -primary-file /Users/jacksonsweet/Desktop/OPS\ APP/OPS/OPS/Views/Components/Map/RouteDirectionsView.swift -primary-file /Users/jacksonsweet/Desktop/OPS\ APP/OPS/OPS/Views/Components/Project/ProjectActionBar.swift /Users/jacksonsweet/Desktop/OPS\ APP/OPS/OPS/Views/Components/Project/ProjectCard.swift /Users/jacksonsweet/Desktop/OPS\ APP/OPS/OPS/Views/Components/Project/ProjectCarousel.swift /Users/jacksonsweet/Desktop/OPS\ APP/OPS/OPS/Views/Components/Project/ProjectDetailsView.swift /Users/jacksonsweet/Desktop/OPS\ APP/OPS/OPS/Views/Components/Project/ProjectHeader.swift /Users/jacksonsweet/Desktop/OPS\ APP/OPS/OPS/Views/Components/Project/ProjectSheetContainer.swift /Users/jacksonsweet/Desktop/OPS\ APP/OPS/OPS/Views/Components/User/TeamMemberListView.swift /Users/jacksonsweet/Desktop/OPS\ APP/OPS/OPS/Views/Components/User/UserProfileCard.swift /Users/jacksonsweet/Desktop/OPS\ APP/OPS/OPS/Views/Home/HomeContentView.swift /Users/jacksonsweet/Desktop/OPS\ APP/OPS/OPS/Views/Home/HomeView.swift /Users/jacksonsweet/Desktop/OPS\ APP/OPS/OPS/Views/Settings/OrganizationSettingsView.swift /Users/jacksonsweet/Desktop/OPS\ APP/OPS/OPS/Views/Settings/ProfileSettingsView.swift /Users/jacksonsweet/Desktop/OPS\ APP/OPS/OPS/Views/Settings/ProjectHistorySettingsView.swift /Users/jacksonsweet/Desktop/OPS\ APP/OPS/OPS/Views/LoginView.swift /Users/jacksonsweet/Desktop/OPS\ APP/OPS/OPS/Views/LoginViewPreview.swift /Users/jacksonsweet/Desktop/OPS\ APP/OPS/OPS/Views/MainTabView.swift /Users/jacksonsweet/Desktop/OPS\ APP/OPS/OPS/Views/NetworkStatusIndicator.swift /Users/jacksonsweet/Desktop/OPS\ APP/OPS/OPS/Views/ScheduleView.swift /Users/jacksonsweet/Desktop/OPS\ APP/OPS/OPS/Views/SettingsView.swift /Users/jacksonsweet/Desktop/OPS\ APP/OPS/OPS/Views/SplashScreen.swift /Users/jacksonsweet/Desktop/OPS\ APP/OPS/OPS/AppState.swift /Users/jacksonsweet/Desktop/OPS\ APP/OPS/OPS/ContentView.swift /Users/jacksonsweet/Desktop/OPS\ APP/OPS/OPS/Item.swift /Users/jacksonsweet/Desktop/OPS\ APP/OPS/OPS/OPSApp.swift /Users/jacksonsweet/Library/Developer/Xcode/DerivedData/OPS-czavgtmnvamasvcjgszzuulfcsxj/Build/Intermediates.noindex/OPS.build/Debug-iphonesimulator/OPS.build/DerivedSources/GeneratedAssetSymbols.swift -supplementary-output-file-map /Users/jacksonsweet/Library/Developer/Xcode/DerivedData/OPS-czavgtmnvamasvcjgszzuulfcsxj/Build/Intermediates.noindex/OPS.build/Debug-iphonesimulator/OPS.build/Objects-normal/arm64/supplementaryOutputs-8 -emit-localized-strings -emit-localized-strings-path /Users/jacksonsweet/Library/Developer/Xcode/DerivedData/OPS-czavgtmnvamasvcjgszzuulfcsxj/Build/Intermediates.noindex/OPS.build/Debug-iphonesimulator/OPS.build/Objects-normal/arm64 -target arm64-apple-ios18.2-simulator -Xllvm -aarch64-use-tbi -enable-objc-interop -sdk /Applications/Xcode.app/Contents/Developer/Platforms/iPhoneSimulator.platform/Developer/SDKs/iPhoneSimulator18.2.sdk -I /Users/jacksonsweet/Library/Developer/Xcode/DerivedData/OPS-czavgtmnvamasvcjgszzuulfcsxj/Build/Products/Debug-iphonesimulator -F /Users/jacksonsweet/Library/Developer/Xcode/DerivedData/OPS-czavgtmnvamasvcjgszzuulfcsxj/Build/Products/Debug-iphonesimulator -no-color-diagnostics -enable-testing -g -debug-info-format\=dwarf -dwarf-version\=5 -module-cache-path /Users/jacksonsweet/Library/Developer/Xcode/DerivedData/ModuleCache.noindex -profile-generate -profile-coverage-mapping -swift-version 5 -enforce-exclusivity\=checked -Onone -D DEBUG -serialize-debugging-options -const-gather-protocols-file /Users/jacksonsweet/Library/Developer/Xcode/DerivedData/OPS-czavgtmnvamasvcjgszzuulfcsxj/Build/Intermediates.noindex/OPS.build/Debug-iphonesimulator/OPS.build/Objects-normal/arm64/OPS_const_extract_protocols.json -enable-experimental-feature DebugDescriptionMacro -enable-experimental-feature OpaqueTypeErasure -enable-bare-slash-regex -empty-abi-descriptor -validate-clang-modules-once -clang-build-session-file /Users/jacksonsweet/Library/Developer/Xcode/DerivedData/ModuleCache.noindex/Session.modulevalidation -Xcc -working-directory -Xcc /Users/jacksonsweet/Desktop/OPS\ APP/OPS -resource-dir /Applications/Xcode.app/Contents/Developer/Toolchains/XcodeDefault.xctoolchain/usr/lib/swift -enable-anonymous-context-mangled-names -file-compilation-dir /Users/jacksonsweet/Desktop/OPS\ APP/OPS -Xcc -D_LIBCPP_HARDENING_MODE\=_LIBCPP_HARDENING_MODE_DEBUG -Xcc -ivfsstatcache -Xcc /Users/jacksonsweet/Library/Developer/Xcode/DerivedData/SDKStatCaches.noindex/iphonesimulator18.2-22C146-07b28473f605e47e75261259d3ef3b5a.sdkstatcache -Xcc -I/Users/jacksonsweet/Library/Developer/Xcode/DerivedData/OPS-czavgtmnvamasvcjgszzuulfcsxj/Build/Intermediates.noindex/OPS.build/Debug-iphonesimulator/OPS.build/swift-overrides.hmap -Xcc -iquote -Xcc /Users/jacksonsweet/Library/Developer/Xcode/DerivedData/OPS-czavgtmnvamasvcjgszzuulfcsxj/Build/Intermediates.noindex/OPS.build/Debug-iphonesimulator/OPS.build/OPS-generated-files.hmap -Xcc -I/Users/jacksonsweet/Library/Developer/Xcode/DerivedData/OPS-czavgtmnvamasvcjgszzuulfcsxj/Build/Intermediates.noindex/OPS.build/Debug-iphonesimulator/OPS.build/OPS-own-target-headers.hmap -Xcc -I/Users/jacksonsweet/Library/Developer/Xcode/DerivedData/OPS-czavgtmnvamasvcjgszzuulfcsxj/Build/Intermediates.noindex/OPS.build/Debug-iphonesimulator/OPS.build/OPS-all-target-headers.hmap -Xcc -iquote -Xcc /Users/jacksonsweet/Library/Developer/Xcode/DerivedData/OPS-czavgtmnvamasvcjgszzuulfcsxj/Build/Intermediates.noindex/OPS.build/Debug-iphonesimulator/OPS.build/OPS-project-headers.hmap -Xcc -I/Users/jacksonsweet/Library/Developer/Xcode/DerivedData/OPS-czavgtmnvamasvcjgszzuulfcsxj/Build/Products/Debug-iphonesimulator/include -Xcc -I/Users/jacksonsweet/Library/Developer/Xcode/DerivedData/OPS-czavgtmnvamasvcjgszzuulfcsxj/Build/Intermediates.noindex/OPS.build/Debug-iphonesimulator/OPS.build/DerivedSources-normal/arm64 -Xcc -I/Users/jacksonsweet/Library/Developer/Xcode/DerivedData/OPS-czavgtmnvamasvcjgszzuulfcsxj/Build/Intermediates.noindex/OPS.build/Debug-iphonesimulator/OPS.build/DerivedSources/arm64 -Xcc -I/Users/jacksonsweet/Library/Developer/Xcode/DerivedData/OPS-czavgtmnvamasvcjgszzuulfcsxj/Build/Intermediates.noindex/OPS.build/Debug-iphonesimulator/OPS.build/DerivedSources -Xcc -DDEBUG\=1 -module-name OPS -frontend-parseable-output -disable-clang-spi -target-sdk-version 18.2 -target-sdk-name iphonesimulator18.2 -external-plugin-path /Applications/Xcode.app/Contents/Developer/Platforms/iPhoneOS.platform/Developer/usr/lib/swift/host/plugins\#/Applications/Xcode.app/Contents/Developer/Platforms/iPhoneOS.platform/Developer/usr/bin/swift-plugin-server -external-plugin-path /Applications/Xcode.app/Contents/Developer/Platforms/iPhoneOS.platform/Developer/usr/local/lib/swift/host/plugins\#/Applications/Xcode.app/Contents/Developer/Platforms/iPhoneOS.platform/Developer/usr/bin/swift-plugin-server -plugin-path /Applications/Xcode.app/Contents/Developer/Toolchains/XcodeDefault.xctoolchain/usr/lib/swift/host/plugins -plugin-path /Applications/Xcode.app/Contents/Developer/Toolchains/XcodeDefault.xctoolchain/usr/local/lib/swift/host/plugins -o /Users/jacksonsweet/Library/Developer/Xcode/DerivedData/OPS-czavgtmnvamasvcjgszzuulfcsxj/Build/Intermediates.noindex/OPS.build/Debug-iphonesimulator/OPS.build/Objects-normal/arm64/ImagePicker.o -o /Users/jacksonsweet/Library/Developer/Xcode/DerivedData/OPS-czavgtmnvamasvcjgszzuulfcsxj/Build/Intermediates.noindex/OPS.build/Debug-iphonesimulator/OPS.build/Objects-normal/arm64/ImagePickerView.o -o /Users/jacksonsweet/Library/Developer/Xcode/DerivedData/OPS-czavgtmnvamasvcjgszzuulfcsxj/Build/Intermediates.noindex/OPS.build/Debug-iphonesimulator/OPS.build/Objects-normal/arm64/ProjectImagesSection.o -o /Users/jacksonsweet/Library/Developer/Xcode/DerivedData/OPS-czavgtmnvamasvcjgszzuulfcsxj/Build/Intermediates.noindex/OPS.build/Debug-iphonesimulator/OPS.build/Objects-normal/arm64/ProjectImagesSimple.o -o /Users/jacksonsweet/Library/Developer/Xcode/DerivedData/OPS-czavgtmnvamasvcjgszzuulfcsxj/Build/Intermediates.noindex/OPS.build/Debug-iphonesimulator/OPS.build/Objects-normal/arm64/ProjectImageView.o -o /Users/jacksonsweet/Library/Developer/Xcode/DerivedData/OPS-czavgtmnvamasvcjgszzuulfcsxj/Build/Intermediates.noindex/OPS.build/Debug-iphonesimulator/OPS.build/Objects-normal/arm64/ProjectPhotosGrid.o -o /Users/jacksonsweet/Library/Developer/Xcode/DerivedData/OPS-czavgtmnvamasvcjgszzuulfcsxj/Build/Intermediates.noindex/OPS.build/Debug-iphonesimulator/OPS.build/Objects-normal/arm64/MiniMapView.o -o /Users/jacksonsweet/Library/Developer/Xcode/DerivedData/OPS-czavgtmnvamasvcjgszzuulfcsxj/Build/Intermediates.noindex/OPS.build/Debug-iphonesimulator/OPS.build/Objects-normal/arm64/ProjectMapAnnotation.o -o /Users/jacksonsweet/Library/Developer/Xcode/DerivedData/OPS-czavgtmnvamasvcjgszzuulfcsxj/Build/Intermediates.noindex/OPS.build/Debug-iphonesimulator/OPS.build/Objects-normal/arm64/ProjectMapView.o -o /Users/jacksonsweet/Library/Developer/Xcode/DerivedData/OPS-czavgtmnvamasvcjgszzuulfcsxj/Build/Intermediates.noindex/OPS.build/Debug-iphonesimulator/OPS.build/Objects-normal/arm64/ProjectMarkerPopup.o -o /Users/jacksonsweet/Library/Developer/Xcode/DerivedData/OPS-czavgtmnvamasvcjgszzuulfcsxj/Build/Intermediates.noindex/OPS.build/Debug-iphonesimulator/OPS.build/Objects-normal/arm64/RouteDirectionsView.o -o /Users/jacksonsweet/Library/Developer/Xcode/DerivedData/OPS-czavgtmnvamasvcjgszzuulfcsxj/Build/Intermediates.noindex/OPS.build/Debug-iphonesimulator/OPS.build/Objects-normal/arm64/ProjectActionBar.o -index-unit-output-path /OPS.build/Debug-iphonesimulator/OPS.build/Objects-normal/arm64/ImagePicker.o -index-unit-output-path /OPS.build/Debug-iphonesimulator/OPS.build/Objects-normal/arm64/ImagePickerView.o -index-unit-output-path /OPS.build/Debug-iphonesimulator/OPS.build/Objects-normal/arm64/ProjectImagesSection.o -index-unit-output-path /OPS.build/Debug-iphonesimulator/OPS.build/Objects-normal/arm64/ProjectImagesSimple.o -index-unit-output-path /OPS.build/Debug-iphonesimulator/OPS.build/Objects-normal/arm64/ProjectImageView.o -index-unit-output-path /OPS.build/Debug-iphonesimulator/OPS.build/Objects-normal/arm64/ProjectPhotosGrid.o -index-unit-output-path /OPS.build/Debug-iphonesimulator/OPS.build/Objects-normal/arm64/MiniMapView.o -index-unit-output-path /OPS.build/Debug-iphonesimulator/OPS.build/Objects-normal/arm64/ProjectMapAnnotation.o -index-unit-output-path /OPS.build/Debug-iphonesimulator/OPS.build/Objects-normal/arm64/ProjectMapView.o -index-unit-output-path /OPS.build/Debug-iphonesimulator/OPS.build/Objects-normal/arm64/ProjectMarkerPopup.o -index-unit-output-path /OPS.build/Debug-iphonesimulator/OPS.build/Objects-normal/arm64/RouteDirectionsView.o -index-unit-output-path /OPS.build/Debug-iphonesimulator/OPS.build/Objects-normal/arm64/ProjectActionBar.o -index-store-path /Users/jacksonsweet/Library/Developer/Xcode/DerivedData/OPS-czavgtmnvamasvcjgszzuulfcsxj/Index.noindex/DataStore -index-system-modules

SwiftCompile normal arm64 /Users/jacksonsweet/Desktop/OPS\ APP/OPS/OPS/Views/Components/Map/MiniMapView.swift (in target 'OPS' from project 'OPS')
    cd /Users/jacksonsweet/Desktop/OPS\ APP/OPS
    /Applications/Xcode.app/Contents/Developer/Toolchains/XcodeDefault.xctoolchain/usr/bin/swift-frontend -c /Users/jacksonsweet/Desktop/OPS\ APP/OPS/OPS/DataModels/BubbleImage.swift /Users/jacksonsweet/Desktop/OPS\ APP/OPS/OPS/DataModels/BubbleTypes.swift /Users/jacksonsweet/Desktop/OPS\ APP/OPS/OPS/DataModels/Company.swift /Users/jacksonsweet/Desktop/OPS\ APP/OPS/OPS/DataModels/Project.swift /Users/jacksonsweet/Desktop/OPS\ APP/OPS/OPS/DataModels/Status.swift /Users/jacksonsweet/Desktop/OPS\ APP/OPS/OPS/DataModels/User.swift /Users/jacksonsweet/Desktop/OPS\ APP/OPS/OPS/DataModels/UserRole.swift /Users/jacksonsweet/Desktop/OPS\ APP/OPS/OPS/Extensions/UIImage+Extensions.swift /Users/jacksonsweet/Desktop/OPS\ APP/OPS/OPS/Network/API/APIError.swift /Users/jacksonsweet/Desktop/OPS\ APP/OPS/OPS/Network/API/APIService.swift /Users/jacksonsweet/Desktop/OPS\ APP/OPS/OPS/Network/API/BubbleFields.swift /Users/jacksonsweet/Desktop/OPS\ APP/OPS/OPS/Network/Auth/AuthError.swift /Users/jacksonsweet/Desktop/OPS\ APP/OPS/OPS/Network/Auth/AuthManager.swift /Users/jacksonsweet/Desktop/OPS\ APP/OPS/OPS/Network/Auth/KeychainManager.swift /Users/jacksonsweet/Desktop/OPS\ APP/OPS/OPS/Network/DTOs/CompanyDTO.swift /Users/jacksonsweet/Desktop/OPS\ APP/OPS/OPS/Network/DTOs/ProjectDTO.swift /Users/jacksonsweet/Desktop/OPS\ APP/OPS/OPS/Network/DTOs/UserDTO.swift /Users/jacksonsweet/Desktop/OPS\ APP/OPS/OPS/Network/Endpoints/CompanyEndpoints.swift /Users/jacksonsweet/Desktop/OPS\ APP/OPS/OPS/Network/Endpoints/ProjectEndpoints.swift /Users/jacksonsweet/Desktop/OPS\ APP/OPS/OPS/Network/Endpoints/UserEndpoints.swift /Users/jacksonsweet/Desktop/OPS\ APP/OPS/OPS/Network/Sync/BackgroundTaskManager.swift /Users/jacksonsweet/Desktop/OPS\ APP/OPS/OPS/Network/Sync/SyncManager.swift /Users/jacksonsweet/Desktop/OPS\ APP/OPS/OPS/Network/ConnectivityMonitor.swift /Users/jacksonsweet/Desktop/OPS\ APP/OPS/OPS/Network/ImageSyncManager.swift /Users/jacksonsweet/Desktop/OPS\ APP/OPS/OPS/Onboarding/Coordinators/OnboardingCoordinator.swift /Users/jacksonsweet/Desktop/OPS\ APP/OPS/OPS/Onboarding/Models/OnboardingModels.swift /Users/jacksonsweet/Desktop/OPS\ APP/OPS/OPS/Onboarding/Services/OnboardingService.swift /Users/jacksonsweet/Desktop/OPS\ APP/OPS/OPS/Onboarding/ViewModels/OnboardingViewModel.swift /Users/jacksonsweet/Desktop/OPS\ APP/OPS/OPS/Onboarding/Views/Components/OnboardingComponents.swift /Users/jacksonsweet/Desktop/OPS\ APP/OPS/OPS/Onboarding/Views/Screens/AccountCreatedView.swift /Users/jacksonsweet/Desktop/OPS\ APP/OPS/OPS/Onboarding/Views/Screens/CompanyCodeView.swift /Users/jacksonsweet/Desktop/OPS\ APP/OPS/OPS/Onboarding/Views/Screens/CompanyCodeViewPreview.swift /Users/jacksonsweet/Desktop/OPS\ APP/OPS/OPS/Onboarding/Views/Screens/CompletionView.swift /Users/jacksonsweet/Desktop/OPS\ APP/OPS/OPS/Onboarding/Views/Screens/CompletionViewPreview.swift /Users/jacksonsweet/Desktop/OPS\ APP/OPS/OPS/Onboarding/Views/Screens/EmailView.swift /Users/jacksonsweet/Desktop/OPS\ APP/OPS/OPS/Onboarding/Views/Screens/FieldSetupView.swift /Users/jacksonsweet/Desktop/OPS\ APP/OPS/OPS/Onboarding/Views/Screens/NotificationsView.swift /Users/jacksonsweet/Desktop/OPS\ APP/OPS/OPS/Onboarding/Views/Screens/NotificationsViewPreview.swift /Users/jacksonsweet/Desktop/OPS\ APP/OPS/OPS/Onboarding/Views/Screens/OrganizationJoinView.swift /Users/jacksonsweet/Desktop/OPS\ APP/OPS/OPS/Onboarding/Views/Screens/PasswordView.swift /Users/jacksonsweet/Desktop/OPS\ APP/OPS/OPS/Onboarding/Views/Screens/PasswordViewPreview.swift /Users/jacksonsweet/Desktop/OPS\ APP/OPS/OPS/Onboarding/Views/Screens/PermissionsView.swift /Users/jacksonsweet/Desktop/OPS\ APP/OPS/OPS/Onboarding/Views/Screens/PermissionsViewPreview.swift /Users/jacksonsweet/Desktop/OPS\ APP/OPS/OPS/Onboarding/Views/Screens/PhoneNumberView.swift /Users/jacksonsweet/Desktop/OPS\ APP/OPS/OPS/Onboarding/Views/Screens/PhoneNumberViewPreview.swift /Users/jacksonsweet/Desktop/OPS\ APP/OPS/OPS/Onboarding/Views/Screens/UserInfoView.swift /Users/jacksonsweet/Desktop/OPS\ APP/OPS/OPS/Onboarding/Views/Screens/UserInfoViewPreview.swift /Users/jacksonsweet/Desktop/OPS\ APP/OPS/OPS/Onboarding/Views/Screens/VerifyPhoneView.swift /Users/jacksonsweet/Desktop/OPS\ APP/OPS/OPS/Onboarding/Views/Screens/WelcomeCompanyView.swift /Users/jacksonsweet/Desktop/OPS\ APP/OPS/OPS/Onboarding/Views/Screens/WelcomeCompanyViewPreview.swift /Users/jacksonsweet/Desktop/OPS\ APP/OPS/OPS/Onboarding/Views/Screens/WelcomeView.swift /Users/jacksonsweet/Desktop/OPS\ APP/OPS/OPS/Onboarding/Views/Screens/WelcomeViewPreview.swift /Users/jacksonsweet/Desktop/OPS\ APP/OPS/OPS/Onboarding/Views/OnboardingContainerView.swift /Users/jacksonsweet/Desktop/OPS\ APP/OPS/OPS/Onboarding/Views/OnboardingFlowPreview.swift /Users/jacksonsweet/Desktop/OPS\ APP/OPS/OPS/Onboarding/Views/OnboardingPresenter.swift /Users/jacksonsweet/Desktop/OPS\ APP/OPS/OPS/Onboarding/Views/OnboardingPreviewHelpers.swift /Users/jacksonsweet/Desktop/OPS\ APP/OPS/OPS/Styles/OPSStyle.swift /Users/jacksonsweet/Desktop/OPS\ APP/OPS/OPS/Utilities/AppConfiguration.swift /Users/jacksonsweet/Desktop/OPS\ APP/OPS/OPS/Utilities/ArrayTransformer.swift /Users/jacksonsweet/Desktop/OPS\ APP/OPS/OPS/Utilities/DataController.swift /Users/jacksonsweet/Desktop/OPS\ APP/OPS/OPS/Utilities/Dateformatter\ +Bubble.swift /Users/jacksonsweet/Desktop/OPS\ APP/OPS/OPS/Utilities/DateHelper.swift /Users/jacksonsweet/Desktop/OPS\ APP/OPS/OPS/Utilities/FieldErrorHandler.swift /Users/jacksonsweet/Desktop/OPS\ APP/OPS/OPS/Utilities/ImageCache.swift /Users/jacksonsweet/Desktop/OPS\ APP/OPS/OPS/Utilities/ImageFileManager.swift /Users/jacksonsweet/Desktop/OPS\ APP/OPS/OPS/Utilities/InProgressManager.swift /Users/jacksonsweet/Desktop/OPS\ APP/OPS/OPS/Utilities/KeyboardDismissalModifier.swift /Users/jacksonsweet/Desktop/OPS\ APP/OPS/OPS/Utilities/LocationManager.swift /Users/jacksonsweet/Desktop/OPS\ APP/OPS/OPS/Utilities/OnboardingEnvironmentKey.swift /Users/jacksonsweet/Desktop/OPS\ APP/OPS/OPS/Utilities/SwiftDataHelper.swift /Users/jacksonsweet/Desktop/OPS\ APP/OPS/OPS/Utilities/UIComponents.swift /Users/jacksonsweet/Desktop/OPS\ APP/OPS/OPS/V2/CertificationsSettingsView.swift /Users/jacksonsweet/Desktop/OPS\ APP/OPS/OPS/ViewModels/CalendarViewModel.swift /Users/jacksonsweet/Desktop/OPS\ APP/OPS/OPS/ViewModels/ProjectsViewModel.swift /Users/jacksonsweet/Desktop/OPS\ APP/OPS/OPS/Views/Calendar\ Tab/Components/CalendarDaySelector.swift /Users/jacksonsweet/Desktop/OPS\ APP/OPS/OPS/Views/Calendar\ Tab/Components/CalendarHeaderView.swift /Users/jacksonsweet/Desktop/OPS\ APP/OPS/OPS/Views/Calendar\ Tab/Components/CalendarProjectCard.swift /Users/jacksonsweet/Desktop/OPS\ APP/OPS/OPS/Views/Calendar\ Tab/Components/CalendarToggleView.swift /Users/jacksonsweet/Desktop/OPS\ APP/OPS/OPS/Views/Calendar\ Tab/Components/DatePickerPopover.swift /Users/jacksonsweet/Desktop/OPS\ APP/OPS/OPS/Views/Calendar\ Tab/Components/DayCell.swift /Users/jacksonsweet/Desktop/OPS\ APP/OPS/OPS/Views/Calendar\ Tab/ProjectViews/DayProjectSheet.swift /Users/jacksonsweet/Desktop/OPS\ APP/OPS/OPS/Views/Calendar\ Tab/ProjectViews/ProjectListView.swift /Users/jacksonsweet/Desktop/OPS\ APP/OPS/OPS/Views/Calendar\ Tab/MonthGridView.swift /Users/jacksonsweet/Desktop/OPS\ APP/OPS/OPS/Views/Components/Common/AppHeader.swift /Users/jacksonsweet/Desktop/OPS\ APP/OPS/OPS/Views/Components/Common/ExpandableNotesView.swift /Users/jacksonsweet/Desktop/OPS\ APP/OPS/OPS/Views/Components/Common/LocationPermissionView.swift /Users/jacksonsweet/Desktop/OPS\ APP/OPS/OPS/Views/Components/Common/NavigationBanner.swift /Users/jacksonsweet/Desktop/OPS\ APP/OPS/OPS/Views/Components/Common/NavigationControlsView.swift /Users/jacksonsweet/Desktop/OPS\ APP/OPS/OPS/Views/Components/Common/TabBarBackground.swift -primary-file /Users/jacksonsweet/Desktop/OPS\ APP/OPS/OPS/Views/Components/Images/ImagePicker.swift -primary-file /Users/jacksonsweet/Desktop/OPS\ APP/OPS/OPS/Views/Components/Images/ImagePickerView.swift -primary-file /Users/jacksonsweet/Desktop/OPS\ APP/OPS/OPS/Views/Components/Images/ProjectImagesSection.swift -primary-file /Users/jacksonsweet/Desktop/OPS\ APP/OPS/OPS/Views/Components/Images/ProjectImagesSimple.swift -primary-file /Users/jacksonsweet/Desktop/OPS\ APP/OPS/OPS/Views/Components/Images/ProjectImageView.swift -primary-file /Users/jacksonsweet/Desktop/OPS\ APP/OPS/OPS/Views/Components/Images/ProjectPhotosGrid.swift -primary-file /Users/jacksonsweet/Desktop/OPS\ APP/OPS/OPS/Views/Components/Map/MiniMapView.swift -primary-file /Users/jacksonsweet/Desktop/OPS\ APP/OPS/OPS/Views/Components/Map/ProjectMapAnnotation.swift -primary-file /Users/jacksonsweet/Desktop/OPS\ APP/OPS/OPS/Views/Components/Map/ProjectMapView.swift -primary-file /Users/jacksonsweet/Desktop/OPS\ APP/OPS/OPS/Views/Components/Map/ProjectMarkerPopup.swift -primary-file /Users/jacksonsweet/Desktop/OPS\ APP/OPS/OPS/Views/Components/Map/RouteDirectionsView.swift -primary-file /Users/jacksonsweet/Desktop/OPS\ APP/OPS/OPS/Views/Components/Project/ProjectActionBar.swift /Users/jacksonsweet/Desktop/OPS\ APP/OPS/OPS/Views/Components/Project/ProjectCard.swift /Users/jacksonsweet/Desktop/OPS\ APP/OPS/OPS/Views/Components/Project/ProjectCarousel.swift /Users/jacksonsweet/Desktop/OPS\ APP/OPS/OPS/Views/Components/Project/ProjectDetailsView.swift /Users/jacksonsweet/Desktop/OPS\ APP/OPS/OPS/Views/Components/Project/ProjectHeader.swift /Users/jacksonsweet/Desktop/OPS\ APP/OPS/OPS/Views/Components/Project/ProjectSheetContainer.swift /Users/jacksonsweet/Desktop/OPS\ APP/OPS/OPS/Views/Components/User/TeamMemberListView.swift /Users/jacksonsweet/Desktop/OPS\ APP/OPS/OPS/Views/Components/User/UserProfileCard.swift /Users/jacksonsweet/Desktop/OPS\ APP/OPS/OPS/Views/Home/HomeContentView.swift /Users/jacksonsweet/Desktop/OPS\ APP/OPS/OPS/Views/Home/HomeView.swift /Users/jacksonsweet/Desktop/OPS\ APP/OPS/OPS/Views/Settings/OrganizationSettingsView.swift /Users/jacksonsweet/Desktop/OPS\ APP/OPS/OPS/Views/Settings/ProfileSettingsView.swift /Users/jacksonsweet/Desktop/OPS\ APP/OPS/OPS/Views/Settings/ProjectHistorySettingsView.swift /Users/jacksonsweet/Desktop/OPS\ APP/OPS/OPS/Views/LoginView.swift /Users/jacksonsweet/Desktop/OPS\ APP/OPS/OPS/Views/LoginViewPreview.swift /Users/jacksonsweet/Desktop/OPS\ APP/OPS/OPS/Views/MainTabView.swift /Users/jacksonsweet/Desktop/OPS\ APP/OPS/OPS/Views/NetworkStatusIndicator.swift /Users/jacksonsweet/Desktop/OPS\ APP/OPS/OPS/Views/ScheduleView.swift /Users/jacksonsweet/Desktop/OPS\ APP/OPS/OPS/Views/SettingsView.swift /Users/jacksonsweet/Desktop/OPS\ APP/OPS/OPS/Views/SplashScreen.swift /Users/jacksonsweet/Desktop/OPS\ APP/OPS/OPS/AppState.swift /Users/jacksonsweet/Desktop/OPS\ APP/OPS/OPS/ContentView.swift /Users/jacksonsweet/Desktop/OPS\ APP/OPS/OPS/Item.swift /Users/jacksonsweet/Desktop/OPS\ APP/OPS/OPS/OPSApp.swift /Users/jacksonsweet/Library/Developer/Xcode/DerivedData/OPS-czavgtmnvamasvcjgszzuulfcsxj/Build/Intermediates.noindex/OPS.build/Debug-iphonesimulator/OPS.build/DerivedSources/GeneratedAssetSymbols.swift -supplementary-output-file-map /Users/jacksonsweet/Library/Developer/Xcode/DerivedData/OPS-czavgtmnvamasvcjgszzuulfcsxj/Build/Intermediates.noindex/OPS.build/Debug-iphonesimulator/OPS.build/Objects-normal/arm64/supplementaryOutputs-8 -emit-localized-strings -emit-localized-strings-path /Users/jacksonsweet/Library/Developer/Xcode/DerivedData/OPS-czavgtmnvamasvcjgszzuulfcsxj/Build/Intermediates.noindex/OPS.build/Debug-iphonesimulator/OPS.build/Objects-normal/arm64 -target arm64-apple-ios18.2-simulator -Xllvm -aarch64-use-tbi -enable-objc-interop -sdk /Applications/Xcode.app/Contents/Developer/Platforms/iPhoneSimulator.platform/Developer/SDKs/iPhoneSimulator18.2.sdk -I /Users/jacksonsweet/Library/Developer/Xcode/DerivedData/OPS-czavgtmnvamasvcjgszzuulfcsxj/Build/Products/Debug-iphonesimulator -F /Users/jacksonsweet/Library/Developer/Xcode/DerivedData/OPS-czavgtmnvamasvcjgszzuulfcsxj/Build/Products/Debug-iphonesimulator -no-color-diagnostics -enable-testing -g -debug-info-format\=dwarf -dwarf-version\=5 -module-cache-path /Users/jacksonsweet/Library/Developer/Xcode/DerivedData/ModuleCache.noindex -profile-generate -profile-coverage-mapping -swift-version 5 -enforce-exclusivity\=checked -Onone -D DEBUG -serialize-debugging-options -const-gather-protocols-file /Users/jacksonsweet/Library/Developer/Xcode/DerivedData/OPS-czavgtmnvamasvcjgszzuulfcsxj/Build/Intermediates.noindex/OPS.build/Debug-iphonesimulator/OPS.build/Objects-normal/arm64/OPS_const_extract_protocols.json -enable-experimental-feature DebugDescriptionMacro -enable-experimental-feature OpaqueTypeErasure -enable-bare-slash-regex -empty-abi-descriptor -validate-clang-modules-once -clang-build-session-file /Users/jacksonsweet/Library/Developer/Xcode/DerivedData/ModuleCache.noindex/Session.modulevalidation -Xcc -working-directory -Xcc /Users/jacksonsweet/Desktop/OPS\ APP/OPS -resource-dir /Applications/Xcode.app/Contents/Developer/Toolchains/XcodeDefault.xctoolchain/usr/lib/swift -enable-anonymous-context-mangled-names -file-compilation-dir /Users/jacksonsweet/Desktop/OPS\ APP/OPS -Xcc -D_LIBCPP_HARDENING_MODE\=_LIBCPP_HARDENING_MODE_DEBUG -Xcc -ivfsstatcache -Xcc /Users/jacksonsweet/Library/Developer/Xcode/DerivedData/SDKStatCaches.noindex/iphonesimulator18.2-22C146-07b28473f605e47e75261259d3ef3b5a.sdkstatcache -Xcc -I/Users/jacksonsweet/Library/Developer/Xcode/DerivedData/OPS-czavgtmnvamasvcjgszzuulfcsxj/Build/Intermediates.noindex/OPS.build/Debug-iphonesimulator/OPS.build/swift-overrides.hmap -Xcc -iquote -Xcc /Users/jacksonsweet/Library/Developer/Xcode/DerivedData/OPS-czavgtmnvamasvcjgszzuulfcsxj/Build/Intermediates.noindex/OPS.build/Debug-iphonesimulator/OPS.build/OPS-generated-files.hmap -Xcc -I/Users/jacksonsweet/Library/Developer/Xcode/DerivedData/OPS-czavgtmnvamasvcjgszzuulfcsxj/Build/Intermediates.noindex/OPS.build/Debug-iphonesimulator/OPS.build/OPS-own-target-headers.hmap -Xcc -I/Users/jacksonsweet/Library/Developer/Xcode/DerivedData/OPS-czavgtmnvamasvcjgszzuulfcsxj/Build/Intermediates.noindex/OPS.build/Debug-iphonesimulator/OPS.build/OPS-all-target-headers.hmap -Xcc -iquote -Xcc /Users/jacksonsweet/Library/Developer/Xcode/DerivedData/OPS-czavgtmnvamasvcjgszzuulfcsxj/Build/Intermediates.noindex/OPS.build/Debug-iphonesimulator/OPS.build/OPS-project-headers.hmap -Xcc -I/Users/jacksonsweet/Library/Developer/Xcode/DerivedData/OPS-czavgtmnvamasvcjgszzuulfcsxj/Build/Products/Debug-iphonesimulator/include -Xcc -I/Users/jacksonsweet/Library/Developer/Xcode/DerivedData/OPS-czavgtmnvamasvcjgszzuulfcsxj/Build/Intermediates.noindex/OPS.build/Debug-iphonesimulator/OPS.build/DerivedSources-normal/arm64 -Xcc -I/Users/jacksonsweet/Library/Developer/Xcode/DerivedData/OPS-czavgtmnvamasvcjgszzuulfcsxj/Build/Intermediates.noindex/OPS.build/Debug-iphonesimulator/OPS.build/DerivedSources/arm64 -Xcc -I/Users/jacksonsweet/Library/Developer/Xcode/DerivedData/OPS-czavgtmnvamasvcjgszzuulfcsxj/Build/Intermediates.noindex/OPS.build/Debug-iphonesimulator/OPS.build/DerivedSources -Xcc -DDEBUG\=1 -module-name OPS -frontend-parseable-output -disable-clang-spi -target-sdk-version 18.2 -target-sdk-name iphonesimulator18.2 -external-plugin-path /Applications/Xcode.app/Contents/Developer/Platforms/iPhoneOS.platform/Developer/usr/lib/swift/host/plugins\#/Applications/Xcode.app/Contents/Developer/Platforms/iPhoneOS.platform/Developer/usr/bin/swift-plugin-server -external-plugin-path /Applications/Xcode.app/Contents/Developer/Platforms/iPhoneOS.platform/Developer/usr/local/lib/swift/host/plugins\#/Applications/Xcode.app/Contents/Developer/Platforms/iPhoneOS.platform/Developer/usr/bin/swift-plugin-server -plugin-path /Applications/Xcode.app/Contents/Developer/Toolchains/XcodeDefault.xctoolchain/usr/lib/swift/host/plugins -plugin-path /Applications/Xcode.app/Contents/Developer/Toolchains/XcodeDefault.xctoolchain/usr/local/lib/swift/host/plugins -o /Users/jacksonsweet/Library/Developer/Xcode/DerivedData/OPS-czavgtmnvamasvcjgszzuulfcsxj/Build/Intermediates.noindex/OPS.build/Debug-iphonesimulator/OPS.build/Objects-normal/arm64/ImagePicker.o -o /Users/jacksonsweet/Library/Developer/Xcode/DerivedData/OPS-czavgtmnvamasvcjgszzuulfcsxj/Build/Intermediates.noindex/OPS.build/Debug-iphonesimulator/OPS.build/Objects-normal/arm64/ImagePickerView.o -o /Users/jacksonsweet/Library/Developer/Xcode/DerivedData/OPS-czavgtmnvamasvcjgszzuulfcsxj/Build/Intermediates.noindex/OPS.build/Debug-iphonesimulator/OPS.build/Objects-normal/arm64/ProjectImagesSection.o -o /Users/jacksonsweet/Library/Developer/Xcode/DerivedData/OPS-czavgtmnvamasvcjgszzuulfcsxj/Build/Intermediates.noindex/OPS.build/Debug-iphonesimulator/OPS.build/Objects-normal/arm64/ProjectImagesSimple.o -o /Users/jacksonsweet/Library/Developer/Xcode/DerivedData/OPS-czavgtmnvamasvcjgszzuulfcsxj/Build/Intermediates.noindex/OPS.build/Debug-iphonesimulator/OPS.build/Objects-normal/arm64/ProjectImageView.o -o /Users/jacksonsweet/Library/Developer/Xcode/DerivedData/OPS-czavgtmnvamasvcjgszzuulfcsxj/Build/Intermediates.noindex/OPS.build/Debug-iphonesimulator/OPS.build/Objects-normal/arm64/ProjectPhotosGrid.o -o /Users/jacksonsweet/Library/Developer/Xcode/DerivedData/OPS-czavgtmnvamasvcjgszzuulfcsxj/Build/Intermediates.noindex/OPS.build/Debug-iphonesimulator/OPS.build/Objects-normal/arm64/MiniMapView.o -o /Users/jacksonsweet/Library/Developer/Xcode/DerivedData/OPS-czavgtmnvamasvcjgszzuulfcsxj/Build/Intermediates.noindex/OPS.build/Debug-iphonesimulator/OPS.build/Objects-normal/arm64/ProjectMapAnnotation.o -o /Users/jacksonsweet/Library/Developer/Xcode/DerivedData/OPS-czavgtmnvamasvcjgszzuulfcsxj/Build/Intermediates.noindex/OPS.build/Debug-iphonesimulator/OPS.build/Objects-normal/arm64/ProjectMapView.o -o /Users/jacksonsweet/Library/Developer/Xcode/DerivedData/OPS-czavgtmnvamasvcjgszzuulfcsxj/Build/Intermediates.noindex/OPS.build/Debug-iphonesimulator/OPS.build/Objects-normal/arm64/ProjectMarkerPopup.o -o /Users/jacksonsweet/Library/Developer/Xcode/DerivedData/OPS-czavgtmnvamasvcjgszzuulfcsxj/Build/Intermediates.noindex/OPS.build/Debug-iphonesimulator/OPS.build/Objects-normal/arm64/RouteDirectionsView.o -o /Users/jacksonsweet/Library/Developer/Xcode/DerivedData/OPS-czavgtmnvamasvcjgszzuulfcsxj/Build/Intermediates.noindex/OPS.build/Debug-iphonesimulator/OPS.build/Objects-normal/arm64/ProjectActionBar.o -index-unit-output-path /OPS.build/Debug-iphonesimulator/OPS.build/Objects-normal/arm64/ImagePicker.o -index-unit-output-path /OPS.build/Debug-iphonesimulator/OPS.build/Objects-normal/arm64/ImagePickerView.o -index-unit-output-path /OPS.build/Debug-iphonesimulator/OPS.build/Objects-normal/arm64/ProjectImagesSection.o -index-unit-output-path /OPS.build/Debug-iphonesimulator/OPS.build/Objects-normal/arm64/ProjectImagesSimple.o -index-unit-output-path /OPS.build/Debug-iphonesimulator/OPS.build/Objects-normal/arm64/ProjectImageView.o -index-unit-output-path /OPS.build/Debug-iphonesimulator/OPS.build/Objects-normal/arm64/ProjectPhotosGrid.o -index-unit-output-path /OPS.build/Debug-iphonesimulator/OPS.build/Objects-normal/arm64/MiniMapView.o -index-unit-output-path /OPS.build/Debug-iphonesimulator/OPS.build/Objects-normal/arm64/ProjectMapAnnotation.o -index-unit-output-path /OPS.build/Debug-iphonesimulator/OPS.build/Objects-normal/arm64/ProjectMapView.o -index-unit-output-path /OPS.build/Debug-iphonesimulator/OPS.build/Objects-normal/arm64/ProjectMarkerPopup.o -index-unit-output-path /OPS.build/Debug-iphonesimulator/OPS.build/Objects-normal/arm64/RouteDirectionsView.o -index-unit-output-path /OPS.build/Debug-iphonesimulator/OPS.build/Objects-normal/arm64/ProjectActionBar.o -index-store-path /Users/jacksonsweet/Library/Developer/Xcode/DerivedData/OPS-czavgtmnvamasvcjgszzuulfcsxj/Index.noindex/DataStore -index-system-modules

SwiftCompile normal arm64 /Users/jacksonsweet/Desktop/OPS\ APP/OPS/OPS/Views/Components/Map/ProjectMapAnnotation.swift (in target 'OPS' from project 'OPS')
    cd /Users/jacksonsweet/Desktop/OPS\ APP/OPS
    /Applications/Xcode.app/Contents/Developer/Toolchains/XcodeDefault.xctoolchain/usr/bin/swift-frontend -c /Users/jacksonsweet/Desktop/OPS\ APP/OPS/OPS/DataModels/BubbleImage.swift /Users/jacksonsweet/Desktop/OPS\ APP/OPS/OPS/DataModels/BubbleTypes.swift /Users/jacksonsweet/Desktop/OPS\ APP/OPS/OPS/DataModels/Company.swift /Users/jacksonsweet/Desktop/OPS\ APP/OPS/OPS/DataModels/Project.swift /Users/jacksonsweet/Desktop/OPS\ APP/OPS/OPS/DataModels/Status.swift /Users/jacksonsweet/Desktop/OPS\ APP/OPS/OPS/DataModels/User.swift /Users/jacksonsweet/Desktop/OPS\ APP/OPS/OPS/DataModels/UserRole.swift /Users/jacksonsweet/Desktop/OPS\ APP/OPS/OPS/Extensions/UIImage+Extensions.swift /Users/jacksonsweet/Desktop/OPS\ APP/OPS/OPS/Network/API/APIError.swift /Users/jacksonsweet/Desktop/OPS\ APP/OPS/OPS/Network/API/APIService.swift /Users/jacksonsweet/Desktop/OPS\ APP/OPS/OPS/Network/API/BubbleFields.swift /Users/jacksonsweet/Desktop/OPS\ APP/OPS/OPS/Network/Auth/AuthError.swift /Users/jacksonsweet/Desktop/OPS\ APP/OPS/OPS/Network/Auth/AuthManager.swift /Users/jacksonsweet/Desktop/OPS\ APP/OPS/OPS/Network/Auth/KeychainManager.swift /Users/jacksonsweet/Desktop/OPS\ APP/OPS/OPS/Network/DTOs/CompanyDTO.swift /Users/jacksonsweet/Desktop/OPS\ APP/OPS/OPS/Network/DTOs/ProjectDTO.swift /Users/jacksonsweet/Desktop/OPS\ APP/OPS/OPS/Network/DTOs/UserDTO.swift /Users/jacksonsweet/Desktop/OPS\ APP/OPS/OPS/Network/Endpoints/CompanyEndpoints.swift /Users/jacksonsweet/Desktop/OPS\ APP/OPS/OPS/Network/Endpoints/ProjectEndpoints.swift /Users/jacksonsweet/Desktop/OPS\ APP/OPS/OPS/Network/Endpoints/UserEndpoints.swift /Users/jacksonsweet/Desktop/OPS\ APP/OPS/OPS/Network/Sync/BackgroundTaskManager.swift /Users/jacksonsweet/Desktop/OPS\ APP/OPS/OPS/Network/Sync/SyncManager.swift /Users/jacksonsweet/Desktop/OPS\ APP/OPS/OPS/Network/ConnectivityMonitor.swift /Users/jacksonsweet/Desktop/OPS\ APP/OPS/OPS/Network/ImageSyncManager.swift /Users/jacksonsweet/Desktop/OPS\ APP/OPS/OPS/Onboarding/Coordinators/OnboardingCoordinator.swift /Users/jacksonsweet/Desktop/OPS\ APP/OPS/OPS/Onboarding/Models/OnboardingModels.swift /Users/jacksonsweet/Desktop/OPS\ APP/OPS/OPS/Onboarding/Services/OnboardingService.swift /Users/jacksonsweet/Desktop/OPS\ APP/OPS/OPS/Onboarding/ViewModels/OnboardingViewModel.swift /Users/jacksonsweet/Desktop/OPS\ APP/OPS/OPS/Onboarding/Views/Components/OnboardingComponents.swift /Users/jacksonsweet/Desktop/OPS\ APP/OPS/OPS/Onboarding/Views/Screens/AccountCreatedView.swift /Users/jacksonsweet/Desktop/OPS\ APP/OPS/OPS/Onboarding/Views/Screens/CompanyCodeView.swift /Users/jacksonsweet/Desktop/OPS\ APP/OPS/OPS/Onboarding/Views/Screens/CompanyCodeViewPreview.swift /Users/jacksonsweet/Desktop/OPS\ APP/OPS/OPS/Onboarding/Views/Screens/CompletionView.swift /Users/jacksonsweet/Desktop/OPS\ APP/OPS/OPS/Onboarding/Views/Screens/CompletionViewPreview.swift /Users/jacksonsweet/Desktop/OPS\ APP/OPS/OPS/Onboarding/Views/Screens/EmailView.swift /Users/jacksonsweet/Desktop/OPS\ APP/OPS/OPS/Onboarding/Views/Screens/FieldSetupView.swift /Users/jacksonsweet/Desktop/OPS\ APP/OPS/OPS/Onboarding/Views/Screens/NotificationsView.swift /Users/jacksonsweet/Desktop/OPS\ APP/OPS/OPS/Onboarding/Views/Screens/NotificationsViewPreview.swift /Users/jacksonsweet/Desktop/OPS\ APP/OPS/OPS/Onboarding/Views/Screens/OrganizationJoinView.swift /Users/jacksonsweet/Desktop/OPS\ APP/OPS/OPS/Onboarding/Views/Screens/PasswordView.swift /Users/jacksonsweet/Desktop/OPS\ APP/OPS/OPS/Onboarding/Views/Screens/PasswordViewPreview.swift /Users/jacksonsweet/Desktop/OPS\ APP/OPS/OPS/Onboarding/Views/Screens/PermissionsView.swift /Users/jacksonsweet/Desktop/OPS\ APP/OPS/OPS/Onboarding/Views/Screens/PermissionsViewPreview.swift /Users/jacksonsweet/Desktop/OPS\ APP/OPS/OPS/Onboarding/Views/Screens/PhoneNumberView.swift /Users/jacksonsweet/Desktop/OPS\ APP/OPS/OPS/Onboarding/Views/Screens/PhoneNumberViewPreview.swift /Users/jacksonsweet/Desktop/OPS\ APP/OPS/OPS/Onboarding/Views/Screens/UserInfoView.swift /Users/jacksonsweet/Desktop/OPS\ APP/OPS/OPS/Onboarding/Views/Screens/UserInfoViewPreview.swift /Users/jacksonsweet/Desktop/OPS\ APP/OPS/OPS/Onboarding/Views/Screens/VerifyPhoneView.swift /Users/jacksonsweet/Desktop/OPS\ APP/OPS/OPS/Onboarding/Views/Screens/WelcomeCompanyView.swift /Users/jacksonsweet/Desktop/OPS\ APP/OPS/OPS/Onboarding/Views/Screens/WelcomeCompanyViewPreview.swift /Users/jacksonsweet/Desktop/OPS\ APP/OPS/OPS/Onboarding/Views/Screens/WelcomeView.swift /Users/jacksonsweet/Desktop/OPS\ APP/OPS/OPS/Onboarding/Views/Screens/WelcomeViewPreview.swift /Users/jacksonsweet/Desktop/OPS\ APP/OPS/OPS/Onboarding/Views/OnboardingContainerView.swift /Users/jacksonsweet/Desktop/OPS\ APP/OPS/OPS/Onboarding/Views/OnboardingFlowPreview.swift /Users/jacksonsweet/Desktop/OPS\ APP/OPS/OPS/Onboarding/Views/OnboardingPresenter.swift /Users/jacksonsweet/Desktop/OPS\ APP/OPS/OPS/Onboarding/Views/OnboardingPreviewHelpers.swift /Users/jacksonsweet/Desktop/OPS\ APP/OPS/OPS/Styles/OPSStyle.swift /Users/jacksonsweet/Desktop/OPS\ APP/OPS/OPS/Utilities/AppConfiguration.swift /Users/jacksonsweet/Desktop/OPS\ APP/OPS/OPS/Utilities/ArrayTransformer.swift /Users/jacksonsweet/Desktop/OPS\ APP/OPS/OPS/Utilities/DataController.swift /Users/jacksonsweet/Desktop/OPS\ APP/OPS/OPS/Utilities/Dateformatter\ +Bubble.swift /Users/jacksonsweet/Desktop/OPS\ APP/OPS/OPS/Utilities/DateHelper.swift /Users/jacksonsweet/Desktop/OPS\ APP/OPS/OPS/Utilities/FieldErrorHandler.swift /Users/jacksonsweet/Desktop/OPS\ APP/OPS/OPS/Utilities/ImageCache.swift /Users/jacksonsweet/Desktop/OPS\ APP/OPS/OPS/Utilities/ImageFileManager.swift /Users/jacksonsweet/Desktop/OPS\ APP/OPS/OPS/Utilities/InProgressManager.swift /Users/jacksonsweet/Desktop/OPS\ APP/OPS/OPS/Utilities/KeyboardDismissalModifier.swift /Users/jacksonsweet/Desktop/OPS\ APP/OPS/OPS/Utilities/LocationManager.swift /Users/jacksonsweet/Desktop/OPS\ APP/OPS/OPS/Utilities/OnboardingEnvironmentKey.swift /Users/jacksonsweet/Desktop/OPS\ APP/OPS/OPS/Utilities/SwiftDataHelper.swift /Users/jacksonsweet/Desktop/OPS\ APP/OPS/OPS/Utilities/UIComponents.swift /Users/jacksonsweet/Desktop/OPS\ APP/OPS/OPS/V2/CertificationsSettingsView.swift /Users/jacksonsweet/Desktop/OPS\ APP/OPS/OPS/ViewModels/CalendarViewModel.swift /Users/jacksonsweet/Desktop/OPS\ APP/OPS/OPS/ViewModels/ProjectsViewModel.swift /Users/jacksonsweet/Desktop/OPS\ APP/OPS/OPS/Views/Calendar\ Tab/Components/CalendarDaySelector.swift /Users/jacksonsweet/Desktop/OPS\ APP/OPS/OPS/Views/Calendar\ Tab/Components/CalendarHeaderView.swift /Users/jacksonsweet/Desktop/OPS\ APP/OPS/OPS/Views/Calendar\ Tab/Components/CalendarProjectCard.swift /Users/jacksonsweet/Desktop/OPS\ APP/OPS/OPS/Views/Calendar\ Tab/Components/CalendarToggleView.swift /Users/jacksonsweet/Desktop/OPS\ APP/OPS/OPS/Views/Calendar\ Tab/Components/DatePickerPopover.swift /Users/jacksonsweet/Desktop/OPS\ APP/OPS/OPS/Views/Calendar\ Tab/Components/DayCell.swift /Users/jacksonsweet/Desktop/OPS\ APP/OPS/OPS/Views/Calendar\ Tab/ProjectViews/DayProjectSheet.swift /Users/jacksonsweet/Desktop/OPS\ APP/OPS/OPS/Views/Calendar\ Tab/ProjectViews/ProjectListView.swift /Users/jacksonsweet/Desktop/OPS\ APP/OPS/OPS/Views/Calendar\ Tab/MonthGridView.swift /Users/jacksonsweet/Desktop/OPS\ APP/OPS/OPS/Views/Components/Common/AppHeader.swift /Users/jacksonsweet/Desktop/OPS\ APP/OPS/OPS/Views/Components/Common/ExpandableNotesView.swift /Users/jacksonsweet/Desktop/OPS\ APP/OPS/OPS/Views/Components/Common/LocationPermissionView.swift /Users/jacksonsweet/Desktop/OPS\ APP/OPS/OPS/Views/Components/Common/NavigationBanner.swift /Users/jacksonsweet/Desktop/OPS\ APP/OPS/OPS/Views/Components/Common/NavigationControlsView.swift /Users/jacksonsweet/Desktop/OPS\ APP/OPS/OPS/Views/Components/Common/TabBarBackground.swift -primary-file /Users/jacksonsweet/Desktop/OPS\ APP/OPS/OPS/Views/Components/Images/ImagePicker.swift -primary-file /Users/jacksonsweet/Desktop/OPS\ APP/OPS/OPS/Views/Components/Images/ImagePickerView.swift -primary-file /Users/jacksonsweet/Desktop/OPS\ APP/OPS/OPS/Views/Components/Images/ProjectImagesSection.swift -primary-file /Users/jacksonsweet/Desktop/OPS\ APP/OPS/OPS/Views/Components/Images/ProjectImagesSimple.swift -primary-file /Users/jacksonsweet/Desktop/OPS\ APP/OPS/OPS/Views/Components/Images/ProjectImageView.swift -primary-file /Users/jacksonsweet/Desktop/OPS\ APP/OPS/OPS/Views/Components/Images/ProjectPhotosGrid.swift -primary-file /Users/jacksonsweet/Desktop/OPS\ APP/OPS/OPS/Views/Components/Map/MiniMapView.swift -primary-file /Users/jacksonsweet/Desktop/OPS\ APP/OPS/OPS/Views/Components/Map/ProjectMapAnnotation.swift -primary-file /Users/jacksonsweet/Desktop/OPS\ APP/OPS/OPS/Views/Components/Map/ProjectMapView.swift -primary-file /Users/jacksonsweet/Desktop/OPS\ APP/OPS/OPS/Views/Components/Map/ProjectMarkerPopup.swift -primary-file /Users/jacksonsweet/Desktop/OPS\ APP/OPS/OPS/Views/Components/Map/RouteDirectionsView.swift -primary-file /Users/jacksonsweet/Desktop/OPS\ APP/OPS/OPS/Views/Components/Project/ProjectActionBar.swift /Users/jacksonsweet/Desktop/OPS\ APP/OPS/OPS/Views/Components/Project/ProjectCard.swift /Users/jacksonsweet/Desktop/OPS\ APP/OPS/OPS/Views/Components/Project/ProjectCarousel.swift /Users/jacksonsweet/Desktop/OPS\ APP/OPS/OPS/Views/Components/Project/ProjectDetailsView.swift /Users/jacksonsweet/Desktop/OPS\ APP/OPS/OPS/Views/Components/Project/ProjectHeader.swift /Users/jacksonsweet/Desktop/OPS\ APP/OPS/OPS/Views/Components/Project/ProjectSheetContainer.swift /Users/jacksonsweet/Desktop/OPS\ APP/OPS/OPS/Views/Components/User/TeamMemberListView.swift /Users/jacksonsweet/Desktop/OPS\ APP/OPS/OPS/Views/Components/User/UserProfileCard.swift /Users/jacksonsweet/Desktop/OPS\ APP/OPS/OPS/Views/Home/HomeContentView.swift /Users/jacksonsweet/Desktop/OPS\ APP/OPS/OPS/Views/Home/HomeView.swift /Users/jacksonsweet/Desktop/OPS\ APP/OPS/OPS/Views/Settings/OrganizationSettingsView.swift /Users/jacksonsweet/Desktop/OPS\ APP/OPS/OPS/Views/Settings/ProfileSettingsView.swift /Users/jacksonsweet/Desktop/OPS\ APP/OPS/OPS/Views/Settings/ProjectHistorySettingsView.swift /Users/jacksonsweet/Desktop/OPS\ APP/OPS/OPS/Views/LoginView.swift /Users/jacksonsweet/Desktop/OPS\ APP/OPS/OPS/Views/LoginViewPreview.swift /Users/jacksonsweet/Desktop/OPS\ APP/OPS/OPS/Views/MainTabView.swift /Users/jacksonsweet/Desktop/OPS\ APP/OPS/OPS/Views/NetworkStatusIndicator.swift /Users/jacksonsweet/Desktop/OPS\ APP/OPS/OPS/Views/ScheduleView.swift /Users/jacksonsweet/Desktop/OPS\ APP/OPS/OPS/Views/SettingsView.swift /Users/jacksonsweet/Desktop/OPS\ APP/OPS/OPS/Views/SplashScreen.swift /Users/jacksonsweet/Desktop/OPS\ APP/OPS/OPS/AppState.swift /Users/jacksonsweet/Desktop/OPS\ APP/OPS/OPS/ContentView.swift /Users/jacksonsweet/Desktop/OPS\ APP/OPS/OPS/Item.swift /Users/jacksonsweet/Desktop/OPS\ APP/OPS/OPS/OPSApp.swift /Users/jacksonsweet/Library/Developer/Xcode/DerivedData/OPS-czavgtmnvamasvcjgszzuulfcsxj/Build/Intermediates.noindex/OPS.build/Debug-iphonesimulator/OPS.build/DerivedSources/GeneratedAssetSymbols.swift -supplementary-output-file-map /Users/jacksonsweet/Library/Developer/Xcode/DerivedData/OPS-czavgtmnvamasvcjgszzuulfcsxj/Build/Intermediates.noindex/OPS.build/Debug-iphonesimulator/OPS.build/Objects-normal/arm64/supplementaryOutputs-8 -emit-localized-strings -emit-localized-strings-path /Users/jacksonsweet/Library/Developer/Xcode/DerivedData/OPS-czavgtmnvamasvcjgszzuulfcsxj/Build/Intermediates.noindex/OPS.build/Debug-iphonesimulator/OPS.build/Objects-normal/arm64 -target arm64-apple-ios18.2-simulator -Xllvm -aarch64-use-tbi -enable-objc-interop -sdk /Applications/Xcode.app/Contents/Developer/Platforms/iPhoneSimulator.platform/Developer/SDKs/iPhoneSimulator18.2.sdk -I /Users/jacksonsweet/Library/Developer/Xcode/DerivedData/OPS-czavgtmnvamasvcjgszzuulfcsxj/Build/Products/Debug-iphonesimulator -F /Users/jacksonsweet/Library/Developer/Xcode/DerivedData/OPS-czavgtmnvamasvcjgszzuulfcsxj/Build/Products/Debug-iphonesimulator -no-color-diagnostics -enable-testing -g -debug-info-format\=dwarf -dwarf-version\=5 -module-cache-path /Users/jacksonsweet/Library/Developer/Xcode/DerivedData/ModuleCache.noindex -profile-generate -profile-coverage-mapping -swift-version 5 -enforce-exclusivity\=checked -Onone -D DEBUG -serialize-debugging-options -const-gather-protocols-file /Users/jacksonsweet/Library/Developer/Xcode/DerivedData/OPS-czavgtmnvamasvcjgszzuulfcsxj/Build/Intermediates.noindex/OPS.build/Debug-iphonesimulator/OPS.build/Objects-normal/arm64/OPS_const_extract_protocols.json -enable-experimental-feature DebugDescriptionMacro -enable-experimental-feature OpaqueTypeErasure -enable-bare-slash-regex -empty-abi-descriptor -validate-clang-modules-once -clang-build-session-file /Users/jacksonsweet/Library/Developer/Xcode/DerivedData/ModuleCache.noindex/Session.modulevalidation -Xcc -working-directory -Xcc /Users/jacksonsweet/Desktop/OPS\ APP/OPS -resource-dir /Applications/Xcode.app/Contents/Developer/Toolchains/XcodeDefault.xctoolchain/usr/lib/swift -enable-anonymous-context-mangled-names -file-compilation-dir /Users/jacksonsweet/Desktop/OPS\ APP/OPS -Xcc -D_LIBCPP_HARDENING_MODE\=_LIBCPP_HARDENING_MODE_DEBUG -Xcc -ivfsstatcache -Xcc /Users/jacksonsweet/Library/Developer/Xcode/DerivedData/SDKStatCaches.noindex/iphonesimulator18.2-22C146-07b28473f605e47e75261259d3ef3b5a.sdkstatcache -Xcc -I/Users/jacksonsweet/Library/Developer/Xcode/DerivedData/OPS-czavgtmnvamasvcjgszzuulfcsxj/Build/Intermediates.noindex/OPS.build/Debug-iphonesimulator/OPS.build/swift-overrides.hmap -Xcc -iquote -Xcc /Users/jacksonsweet/Library/Developer/Xcode/DerivedData/OPS-czavgtmnvamasvcjgszzuulfcsxj/Build/Intermediates.noindex/OPS.build/Debug-iphonesimulator/OPS.build/OPS-generated-files.hmap -Xcc -I/Users/jacksonsweet/Library/Developer/Xcode/DerivedData/OPS-czavgtmnvamasvcjgszzuulfcsxj/Build/Intermediates.noindex/OPS.build/Debug-iphonesimulator/OPS.build/OPS-own-target-headers.hmap -Xcc -I/Users/jacksonsweet/Library/Developer/Xcode/DerivedData/OPS-czavgtmnvamasvcjgszzuulfcsxj/Build/Intermediates.noindex/OPS.build/Debug-iphonesimulator/OPS.build/OPS-all-target-headers.hmap -Xcc -iquote -Xcc /Users/jacksonsweet/Library/Developer/Xcode/DerivedData/OPS-czavgtmnvamasvcjgszzuulfcsxj/Build/Intermediates.noindex/OPS.build/Debug-iphonesimulator/OPS.build/OPS-project-headers.hmap -Xcc -I/Users/jacksonsweet/Library/Developer/Xcode/DerivedData/OPS-czavgtmnvamasvcjgszzuulfcsxj/Build/Products/Debug-iphonesimulator/include -Xcc -I/Users/jacksonsweet/Library/Developer/Xcode/DerivedData/OPS-czavgtmnvamasvcjgszzuulfcsxj/Build/Intermediates.noindex/OPS.build/Debug-iphonesimulator/OPS.build/DerivedSources-normal/arm64 -Xcc -I/Users/jacksonsweet/Library/Developer/Xcode/DerivedData/OPS-czavgtmnvamasvcjgszzuulfcsxj/Build/Intermediates.noindex/OPS.build/Debug-iphonesimulator/OPS.build/DerivedSources/arm64 -Xcc -I/Users/jacksonsweet/Library/Developer/Xcode/DerivedData/OPS-czavgtmnvamasvcjgszzuulfcsxj/Build/Intermediates.noindex/OPS.build/Debug-iphonesimulator/OPS.build/DerivedSources -Xcc -DDEBUG\=1 -module-name OPS -frontend-parseable-output -disable-clang-spi -target-sdk-version 18.2 -target-sdk-name iphonesimulator18.2 -external-plugin-path /Applications/Xcode.app/Contents/Developer/Platforms/iPhoneOS.platform/Developer/usr/lib/swift/host/plugins\#/Applications/Xcode.app/Contents/Developer/Platforms/iPhoneOS.platform/Developer/usr/bin/swift-plugin-server -external-plugin-path /Applications/Xcode.app/Contents/Developer/Platforms/iPhoneOS.platform/Developer/usr/local/lib/swift/host/plugins\#/Applications/Xcode.app/Contents/Developer/Platforms/iPhoneOS.platform/Developer/usr/bin/swift-plugin-server -plugin-path /Applications/Xcode.app/Contents/Developer/Toolchains/XcodeDefault.xctoolchain/usr/lib/swift/host/plugins -plugin-path /Applications/Xcode.app/Contents/Developer/Toolchains/XcodeDefault.xctoolchain/usr/local/lib/swift/host/plugins -o /Users/jacksonsweet/Library/Developer/Xcode/DerivedData/OPS-czavgtmnvamasvcjgszzuulfcsxj/Build/Intermediates.noindex/OPS.build/Debug-iphonesimulator/OPS.build/Objects-normal/arm64/ImagePicker.o -o /Users/jacksonsweet/Library/Developer/Xcode/DerivedData/OPS-czavgtmnvamasvcjgszzuulfcsxj/Build/Intermediates.noindex/OPS.build/Debug-iphonesimulator/OPS.build/Objects-normal/arm64/ImagePickerView.o -o /Users/jacksonsweet/Library/Developer/Xcode/DerivedData/OPS-czavgtmnvamasvcjgszzuulfcsxj/Build/Intermediates.noindex/OPS.build/Debug-iphonesimulator/OPS.build/Objects-normal/arm64/ProjectImagesSection.o -o /Users/jacksonsweet/Library/Developer/Xcode/DerivedData/OPS-czavgtmnvamasvcjgszzuulfcsxj/Build/Intermediates.noindex/OPS.build/Debug-iphonesimulator/OPS.build/Objects-normal/arm64/ProjectImagesSimple.o -o /Users/jacksonsweet/Library/Developer/Xcode/DerivedData/OPS-czavgtmnvamasvcjgszzuulfcsxj/Build/Intermediates.noindex/OPS.build/Debug-iphonesimulator/OPS.build/Objects-normal/arm64/ProjectImageView.o -o /Users/jacksonsweet/Library/Developer/Xcode/DerivedData/OPS-czavgtmnvamasvcjgszzuulfcsxj/Build/Intermediates.noindex/OPS.build/Debug-iphonesimulator/OPS.build/Objects-normal/arm64/ProjectPhotosGrid.o -o /Users/jacksonsweet/Library/Developer/Xcode/DerivedData/OPS-czavgtmnvamasvcjgszzuulfcsxj/Build/Intermediates.noindex/OPS.build/Debug-iphonesimulator/OPS.build/Objects-normal/arm64/MiniMapView.o -o /Users/jacksonsweet/Library/Developer/Xcode/DerivedData/OPS-czavgtmnvamasvcjgszzuulfcsxj/Build/Intermediates.noindex/OPS.build/Debug-iphonesimulator/OPS.build/Objects-normal/arm64/ProjectMapAnnotation.o -o /Users/jacksonsweet/Library/Developer/Xcode/DerivedData/OPS-czavgtmnvamasvcjgszzuulfcsxj/Build/Intermediates.noindex/OPS.build/Debug-iphonesimulator/OPS.build/Objects-normal/arm64/ProjectMapView.o -o /Users/jacksonsweet/Library/Developer/Xcode/DerivedData/OPS-czavgtmnvamasvcjgszzuulfcsxj/Build/Intermediates.noindex/OPS.build/Debug-iphonesimulator/OPS.build/Objects-normal/arm64/ProjectMarkerPopup.o -o /Users/jacksonsweet/Library/Developer/Xcode/DerivedData/OPS-czavgtmnvamasvcjgszzuulfcsxj/Build/Intermediates.noindex/OPS.build/Debug-iphonesimulator/OPS.build/Objects-normal/arm64/RouteDirectionsView.o -o /Users/jacksonsweet/Library/Developer/Xcode/DerivedData/OPS-czavgtmnvamasvcjgszzuulfcsxj/Build/Intermediates.noindex/OPS.build/Debug-iphonesimulator/OPS.build/Objects-normal/arm64/ProjectActionBar.o -index-unit-output-path /OPS.build/Debug-iphonesimulator/OPS.build/Objects-normal/arm64/ImagePicker.o -index-unit-output-path /OPS.build/Debug-iphonesimulator/OPS.build/Objects-normal/arm64/ImagePickerView.o -index-unit-output-path /OPS.build/Debug-iphonesimulator/OPS.build/Objects-normal/arm64/ProjectImagesSection.o -index-unit-output-path /OPS.build/Debug-iphonesimulator/OPS.build/Objects-normal/arm64/ProjectImagesSimple.o -index-unit-output-path /OPS.build/Debug-iphonesimulator/OPS.build/Objects-normal/arm64/ProjectImageView.o -index-unit-output-path /OPS.build/Debug-iphonesimulator/OPS.build/Objects-normal/arm64/ProjectPhotosGrid.o -index-unit-output-path /OPS.build/Debug-iphonesimulator/OPS.build/Objects-normal/arm64/MiniMapView.o -index-unit-output-path /OPS.build/Debug-iphonesimulator/OPS.build/Objects-normal/arm64/ProjectMapAnnotation.o -index-unit-output-path /OPS.build/Debug-iphonesimulator/OPS.build/Objects-normal/arm64/ProjectMapView.o -index-unit-output-path /OPS.build/Debug-iphonesimulator/OPS.build/Objects-normal/arm64/ProjectMarkerPopup.o -index-unit-output-path /OPS.build/Debug-iphonesimulator/OPS.build/Objects-normal/arm64/RouteDirectionsView.o -index-unit-output-path /OPS.build/Debug-iphonesimulator/OPS.build/Objects-normal/arm64/ProjectActionBar.o -index-store-path /Users/jacksonsweet/Library/Developer/Xcode/DerivedData/OPS-czavgtmnvamasvcjgszzuulfcsxj/Index.noindex/DataStore -index-system-modules

SwiftCompile normal arm64 /Users/jacksonsweet/Desktop/OPS\ APP/OPS/OPS/Views/Components/Map/ProjectMapView.swift (in target 'OPS' from project 'OPS')
    cd /Users/jacksonsweet/Desktop/OPS\ APP/OPS
    /Applications/Xcode.app/Contents/Developer/Toolchains/XcodeDefault.xctoolchain/usr/bin/swift-frontend -c /Users/jacksonsweet/Desktop/OPS\ APP/OPS/OPS/DataModels/BubbleImage.swift /Users/jacksonsweet/Desktop/OPS\ APP/OPS/OPS/DataModels/BubbleTypes.swift /Users/jacksonsweet/Desktop/OPS\ APP/OPS/OPS/DataModels/Company.swift /Users/jacksonsweet/Desktop/OPS\ APP/OPS/OPS/DataModels/Project.swift /Users/jacksonsweet/Desktop/OPS\ APP/OPS/OPS/DataModels/Status.swift /Users/jacksonsweet/Desktop/OPS\ APP/OPS/OPS/DataModels/User.swift /Users/jacksonsweet/Desktop/OPS\ APP/OPS/OPS/DataModels/UserRole.swift /Users/jacksonsweet/Desktop/OPS\ APP/OPS/OPS/Extensions/UIImage+Extensions.swift /Users/jacksonsweet/Desktop/OPS\ APP/OPS/OPS/Network/API/APIError.swift /Users/jacksonsweet/Desktop/OPS\ APP/OPS/OPS/Network/API/APIService.swift /Users/jacksonsweet/Desktop/OPS\ APP/OPS/OPS/Network/API/BubbleFields.swift /Users/jacksonsweet/Desktop/OPS\ APP/OPS/OPS/Network/Auth/AuthError.swift /Users/jacksonsweet/Desktop/OPS\ APP/OPS/OPS/Network/Auth/AuthManager.swift /Users/jacksonsweet/Desktop/OPS\ APP/OPS/OPS/Network/Auth/KeychainManager.swift /Users/jacksonsweet/Desktop/OPS\ APP/OPS/OPS/Network/DTOs/CompanyDTO.swift /Users/jacksonsweet/Desktop/OPS\ APP/OPS/OPS/Network/DTOs/ProjectDTO.swift /Users/jacksonsweet/Desktop/OPS\ APP/OPS/OPS/Network/DTOs/UserDTO.swift /Users/jacksonsweet/Desktop/OPS\ APP/OPS/OPS/Network/Endpoints/CompanyEndpoints.swift /Users/jacksonsweet/Desktop/OPS\ APP/OPS/OPS/Network/Endpoints/ProjectEndpoints.swift /Users/jacksonsweet/Desktop/OPS\ APP/OPS/OPS/Network/Endpoints/UserEndpoints.swift /Users/jacksonsweet/Desktop/OPS\ APP/OPS/OPS/Network/Sync/BackgroundTaskManager.swift /Users/jacksonsweet/Desktop/OPS\ APP/OPS/OPS/Network/Sync/SyncManager.swift /Users/jacksonsweet/Desktop/OPS\ APP/OPS/OPS/Network/ConnectivityMonitor.swift /Users/jacksonsweet/Desktop/OPS\ APP/OPS/OPS/Network/ImageSyncManager.swift /Users/jacksonsweet/Desktop/OPS\ APP/OPS/OPS/Onboarding/Coordinators/OnboardingCoordinator.swift /Users/jacksonsweet/Desktop/OPS\ APP/OPS/OPS/Onboarding/Models/OnboardingModels.swift /Users/jacksonsweet/Desktop/OPS\ APP/OPS/OPS/Onboarding/Services/OnboardingService.swift /Users/jacksonsweet/Desktop/OPS\ APP/OPS/OPS/Onboarding/ViewModels/OnboardingViewModel.swift /Users/jacksonsweet/Desktop/OPS\ APP/OPS/OPS/Onboarding/Views/Components/OnboardingComponents.swift /Users/jacksonsweet/Desktop/OPS\ APP/OPS/OPS/Onboarding/Views/Screens/AccountCreatedView.swift /Users/jacksonsweet/Desktop/OPS\ APP/OPS/OPS/Onboarding/Views/Screens/CompanyCodeView.swift /Users/jacksonsweet/Desktop/OPS\ APP/OPS/OPS/Onboarding/Views/Screens/CompanyCodeViewPreview.swift /Users/jacksonsweet/Desktop/OPS\ APP/OPS/OPS/Onboarding/Views/Screens/CompletionView.swift /Users/jacksonsweet/Desktop/OPS\ APP/OPS/OPS/Onboarding/Views/Screens/CompletionViewPreview.swift /Users/jacksonsweet/Desktop/OPS\ APP/OPS/OPS/Onboarding/Views/Screens/EmailView.swift /Users/jacksonsweet/Desktop/OPS\ APP/OPS/OPS/Onboarding/Views/Screens/FieldSetupView.swift /Users/jacksonsweet/Desktop/OPS\ APP/OPS/OPS/Onboarding/Views/Screens/NotificationsView.swift /Users/jacksonsweet/Desktop/OPS\ APP/OPS/OPS/Onboarding/Views/Screens/NotificationsViewPreview.swift /Users/jacksonsweet/Desktop/OPS\ APP/OPS/OPS/Onboarding/Views/Screens/OrganizationJoinView.swift /Users/jacksonsweet/Desktop/OPS\ APP/OPS/OPS/Onboarding/Views/Screens/PasswordView.swift /Users/jacksonsweet/Desktop/OPS\ APP/OPS/OPS/Onboarding/Views/Screens/PasswordViewPreview.swift /Users/jacksonsweet/Desktop/OPS\ APP/OPS/OPS/Onboarding/Views/Screens/PermissionsView.swift /Users/jacksonsweet/Desktop/OPS\ APP/OPS/OPS/Onboarding/Views/Screens/PermissionsViewPreview.swift /Users/jacksonsweet/Desktop/OPS\ APP/OPS/OPS/Onboarding/Views/Screens/PhoneNumberView.swift /Users/jacksonsweet/Desktop/OPS\ APP/OPS/OPS/Onboarding/Views/Screens/PhoneNumberViewPreview.swift /Users/jacksonsweet/Desktop/OPS\ APP/OPS/OPS/Onboarding/Views/Screens/UserInfoView.swift /Users/jacksonsweet/Desktop/OPS\ APP/OPS/OPS/Onboarding/Views/Screens/UserInfoViewPreview.swift /Users/jacksonsweet/Desktop/OPS\ APP/OPS/OPS/Onboarding/Views/Screens/VerifyPhoneView.swift /Users/jacksonsweet/Desktop/OPS\ APP/OPS/OPS/Onboarding/Views/Screens/WelcomeCompanyView.swift /Users/jacksonsweet/Desktop/OPS\ APP/OPS/OPS/Onboarding/Views/Screens/WelcomeCompanyViewPreview.swift /Users/jacksonsweet/Desktop/OPS\ APP/OPS/OPS/Onboarding/Views/Screens/WelcomeView.swift /Users/jacksonsweet/Desktop/OPS\ APP/OPS/OPS/Onboarding/Views/Screens/WelcomeViewPreview.swift /Users/jacksonsweet/Desktop/OPS\ APP/OPS/OPS/Onboarding/Views/OnboardingContainerView.swift /Users/jacksonsweet/Desktop/OPS\ APP/OPS/OPS/Onboarding/Views/OnboardingFlowPreview.swift /Users/jacksonsweet/Desktop/OPS\ APP/OPS/OPS/Onboarding/Views/OnboardingPresenter.swift /Users/jacksonsweet/Desktop/OPS\ APP/OPS/OPS/Onboarding/Views/OnboardingPreviewHelpers.swift /Users/jacksonsweet/Desktop/OPS\ APP/OPS/OPS/Styles/OPSStyle.swift /Users/jacksonsweet/Desktop/OPS\ APP/OPS/OPS/Utilities/AppConfiguration.swift /Users/jacksonsweet/Desktop/OPS\ APP/OPS/OPS/Utilities/ArrayTransformer.swift /Users/jacksonsweet/Desktop/OPS\ APP/OPS/OPS/Utilities/DataController.swift /Users/jacksonsweet/Desktop/OPS\ APP/OPS/OPS/Utilities/Dateformatter\ +Bubble.swift /Users/jacksonsweet/Desktop/OPS\ APP/OPS/OPS/Utilities/DateHelper.swift /Users/jacksonsweet/Desktop/OPS\ APP/OPS/OPS/Utilities/FieldErrorHandler.swift /Users/jacksonsweet/Desktop/OPS\ APP/OPS/OPS/Utilities/ImageCache.swift /Users/jacksonsweet/Desktop/OPS\ APP/OPS/OPS/Utilities/ImageFileManager.swift /Users/jacksonsweet/Desktop/OPS\ APP/OPS/OPS/Utilities/InProgressManager.swift /Users/jacksonsweet/Desktop/OPS\ APP/OPS/OPS/Utilities/KeyboardDismissalModifier.swift /Users/jacksonsweet/Desktop/OPS\ APP/OPS/OPS/Utilities/LocationManager.swift /Users/jacksonsweet/Desktop/OPS\ APP/OPS/OPS/Utilities/OnboardingEnvironmentKey.swift /Users/jacksonsweet/Desktop/OPS\ APP/OPS/OPS/Utilities/SwiftDataHelper.swift /Users/jacksonsweet/Desktop/OPS\ APP/OPS/OPS/Utilities/UIComponents.swift /Users/jacksonsweet/Desktop/OPS\ APP/OPS/OPS/V2/CertificationsSettingsView.swift /Users/jacksonsweet/Desktop/OPS\ APP/OPS/OPS/ViewModels/CalendarViewModel.swift /Users/jacksonsweet/Desktop/OPS\ APP/OPS/OPS/ViewModels/ProjectsViewModel.swift /Users/jacksonsweet/Desktop/OPS\ APP/OPS/OPS/Views/Calendar\ Tab/Components/CalendarDaySelector.swift /Users/jacksonsweet/Desktop/OPS\ APP/OPS/OPS/Views/Calendar\ Tab/Components/CalendarHeaderView.swift /Users/jacksonsweet/Desktop/OPS\ APP/OPS/OPS/Views/Calendar\ Tab/Components/CalendarProjectCard.swift /Users/jacksonsweet/Desktop/OPS\ APP/OPS/OPS/Views/Calendar\ Tab/Components/CalendarToggleView.swift /Users/jacksonsweet/Desktop/OPS\ APP/OPS/OPS/Views/Calendar\ Tab/Components/DatePickerPopover.swift /Users/jacksonsweet/Desktop/OPS\ APP/OPS/OPS/Views/Calendar\ Tab/Components/DayCell.swift /Users/jacksonsweet/Desktop/OPS\ APP/OPS/OPS/Views/Calendar\ Tab/ProjectViews/DayProjectSheet.swift /Users/jacksonsweet/Desktop/OPS\ APP/OPS/OPS/Views/Calendar\ Tab/ProjectViews/ProjectListView.swift /Users/jacksonsweet/Desktop/OPS\ APP/OPS/OPS/Views/Calendar\ Tab/MonthGridView.swift /Users/jacksonsweet/Desktop/OPS\ APP/OPS/OPS/Views/Components/Common/AppHeader.swift /Users/jacksonsweet/Desktop/OPS\ APP/OPS/OPS/Views/Components/Common/ExpandableNotesView.swift /Users/jacksonsweet/Desktop/OPS\ APP/OPS/OPS/Views/Components/Common/LocationPermissionView.swift /Users/jacksonsweet/Desktop/OPS\ APP/OPS/OPS/Views/Components/Common/NavigationBanner.swift /Users/jacksonsweet/Desktop/OPS\ APP/OPS/OPS/Views/Components/Common/NavigationControlsView.swift /Users/jacksonsweet/Desktop/OPS\ APP/OPS/OPS/Views/Components/Common/TabBarBackground.swift -primary-file /Users/jacksonsweet/Desktop/OPS\ APP/OPS/OPS/Views/Components/Images/ImagePicker.swift -primary-file /Users/jacksonsweet/Desktop/OPS\ APP/OPS/OPS/Views/Components/Images/ImagePickerView.swift -primary-file /Users/jacksonsweet/Desktop/OPS\ APP/OPS/OPS/Views/Components/Images/ProjectImagesSection.swift -primary-file /Users/jacksonsweet/Desktop/OPS\ APP/OPS/OPS/Views/Components/Images/ProjectImagesSimple.swift -primary-file /Users/jacksonsweet/Desktop/OPS\ APP/OPS/OPS/Views/Components/Images/ProjectImageView.swift -primary-file /Users/jacksonsweet/Desktop/OPS\ APP/OPS/OPS/Views/Components/Images/ProjectPhotosGrid.swift -primary-file /Users/jacksonsweet/Desktop/OPS\ APP/OPS/OPS/Views/Components/Map/MiniMapView.swift -primary-file /Users/jacksonsweet/Desktop/OPS\ APP/OPS/OPS/Views/Components/Map/ProjectMapAnnotation.swift -primary-file /Users/jacksonsweet/Desktop/OPS\ APP/OPS/OPS/Views/Components/Map/ProjectMapView.swift -primary-file /Users/jacksonsweet/Desktop/OPS\ APP/OPS/OPS/Views/Components/Map/ProjectMarkerPopup.swift -primary-file /Users/jacksonsweet/Desktop/OPS\ APP/OPS/OPS/Views/Components/Map/RouteDirectionsView.swift -primary-file /Users/jacksonsweet/Desktop/OPS\ APP/OPS/OPS/Views/Components/Project/ProjectActionBar.swift /Users/jacksonsweet/Desktop/OPS\ APP/OPS/OPS/Views/Components/Project/ProjectCard.swift /Users/jacksonsweet/Desktop/OPS\ APP/OPS/OPS/Views/Components/Project/ProjectCarousel.swift /Users/jacksonsweet/Desktop/OPS\ APP/OPS/OPS/Views/Components/Project/ProjectDetailsView.swift /Users/jacksonsweet/Desktop/OPS\ APP/OPS/OPS/Views/Components/Project/ProjectHeader.swift /Users/jacksonsweet/Desktop/OPS\ APP/OPS/OPS/Views/Components/Project/ProjectSheetContainer.swift /Users/jacksonsweet/Desktop/OPS\ APP/OPS/OPS/Views/Components/User/TeamMemberListView.swift /Users/jacksonsweet/Desktop/OPS\ APP/OPS/OPS/Views/Components/User/UserProfileCard.swift /Users/jacksonsweet/Desktop/OPS\ APP/OPS/OPS/Views/Home/HomeContentView.swift /Users/jacksonsweet/Desktop/OPS\ APP/OPS/OPS/Views/Home/HomeView.swift /Users/jacksonsweet/Desktop/OPS\ APP/OPS/OPS/Views/Settings/OrganizationSettingsView.swift /Users/jacksonsweet/Desktop/OPS\ APP/OPS/OPS/Views/Settings/ProfileSettingsView.swift /Users/jacksonsweet/Desktop/OPS\ APP/OPS/OPS/Views/Settings/ProjectHistorySettingsView.swift /Users/jacksonsweet/Desktop/OPS\ APP/OPS/OPS/Views/LoginView.swift /Users/jacksonsweet/Desktop/OPS\ APP/OPS/OPS/Views/LoginViewPreview.swift /Users/jacksonsweet/Desktop/OPS\ APP/OPS/OPS/Views/MainTabView.swift /Users/jacksonsweet/Desktop/OPS\ APP/OPS/OPS/Views/NetworkStatusIndicator.swift /Users/jacksonsweet/Desktop/OPS\ APP/OPS/OPS/Views/ScheduleView.swift /Users/jacksonsweet/Desktop/OPS\ APP/OPS/OPS/Views/SettingsView.swift /Users/jacksonsweet/Desktop/OPS\ APP/OPS/OPS/Views/SplashScreen.swift /Users/jacksonsweet/Desktop/OPS\ APP/OPS/OPS/AppState.swift /Users/jacksonsweet/Desktop/OPS\ APP/OPS/OPS/ContentView.swift /Users/jacksonsweet/Desktop/OPS\ APP/OPS/OPS/Item.swift /Users/jacksonsweet/Desktop/OPS\ APP/OPS/OPS/OPSApp.swift /Users/jacksonsweet/Library/Developer/Xcode/DerivedData/OPS-czavgtmnvamasvcjgszzuulfcsxj/Build/Intermediates.noindex/OPS.build/Debug-iphonesimulator/OPS.build/DerivedSources/GeneratedAssetSymbols.swift -supplementary-output-file-map /Users/jacksonsweet/Library/Developer/Xcode/DerivedData/OPS-czavgtmnvamasvcjgszzuulfcsxj/Build/Intermediates.noindex/OPS.build/Debug-iphonesimulator/OPS.build/Objects-normal/arm64/supplementaryOutputs-8 -emit-localized-strings -emit-localized-strings-path /Users/jacksonsweet/Library/Developer/Xcode/DerivedData/OPS-czavgtmnvamasvcjgszzuulfcsxj/Build/Intermediates.noindex/OPS.build/Debug-iphonesimulator/OPS.build/Objects-normal/arm64 -target arm64-apple-ios18.2-simulator -Xllvm -aarch64-use-tbi -enable-objc-interop -sdk /Applications/Xcode.app/Contents/Developer/Platforms/iPhoneSimulator.platform/Developer/SDKs/iPhoneSimulator18.2.sdk -I /Users/jacksonsweet/Library/Developer/Xcode/DerivedData/OPS-czavgtmnvamasvcjgszzuulfcsxj/Build/Products/Debug-iphonesimulator -F /Users/jacksonsweet/Library/Developer/Xcode/DerivedData/OPS-czavgtmnvamasvcjgszzuulfcsxj/Build/Products/Debug-iphonesimulator -no-color-diagnostics -enable-testing -g -debug-info-format\=dwarf -dwarf-version\=5 -module-cache-path /Users/jacksonsweet/Library/Developer/Xcode/DerivedData/ModuleCache.noindex -profile-generate -profile-coverage-mapping -swift-version 5 -enforce-exclusivity\=checked -Onone -D DEBUG -serialize-debugging-options -const-gather-protocols-file /Users/jacksonsweet/Library/Developer/Xcode/DerivedData/OPS-czavgtmnvamasvcjgszzuulfcsxj/Build/Intermediates.noindex/OPS.build/Debug-iphonesimulator/OPS.build/Objects-normal/arm64/OPS_const_extract_protocols.json -enable-experimental-feature DebugDescriptionMacro -enable-experimental-feature OpaqueTypeErasure -enable-bare-slash-regex -empty-abi-descriptor -validate-clang-modules-once -clang-build-session-file /Users/jacksonsweet/Library/Developer/Xcode/DerivedData/ModuleCache.noindex/Session.modulevalidation -Xcc -working-directory -Xcc /Users/jacksonsweet/Desktop/OPS\ APP/OPS -resource-dir /Applications/Xcode.app/Contents/Developer/Toolchains/XcodeDefault.xctoolchain/usr/lib/swift -enable-anonymous-context-mangled-names -file-compilation-dir /Users/jacksonsweet/Desktop/OPS\ APP/OPS -Xcc -D_LIBCPP_HARDENING_MODE\=_LIBCPP_HARDENING_MODE_DEBUG -Xcc -ivfsstatcache -Xcc /Users/jacksonsweet/Library/Developer/Xcode/DerivedData/SDKStatCaches.noindex/iphonesimulator18.2-22C146-07b28473f605e47e75261259d3ef3b5a.sdkstatcache -Xcc -I/Users/jacksonsweet/Library/Developer/Xcode/DerivedData/OPS-czavgtmnvamasvcjgszzuulfcsxj/Build/Intermediates.noindex/OPS.build/Debug-iphonesimulator/OPS.build/swift-overrides.hmap -Xcc -iquote -Xcc /Users/jacksonsweet/Library/Developer/Xcode/DerivedData/OPS-czavgtmnvamasvcjgszzuulfcsxj/Build/Intermediates.noindex/OPS.build/Debug-iphonesimulator/OPS.build/OPS-generated-files.hmap -Xcc -I/Users/jacksonsweet/Library/Developer/Xcode/DerivedData/OPS-czavgtmnvamasvcjgszzuulfcsxj/Build/Intermediates.noindex/OPS.build/Debug-iphonesimulator/OPS.build/OPS-own-target-headers.hmap -Xcc -I/Users/jacksonsweet/Library/Developer/Xcode/DerivedData/OPS-czavgtmnvamasvcjgszzuulfcsxj/Build/Intermediates.noindex/OPS.build/Debug-iphonesimulator/OPS.build/OPS-all-target-headers.hmap -Xcc -iquote -Xcc /Users/jacksonsweet/Library/Developer/Xcode/DerivedData/OPS-czavgtmnvamasvcjgszzuulfcsxj/Build/Intermediates.noindex/OPS.build/Debug-iphonesimulator/OPS.build/OPS-project-headers.hmap -Xcc -I/Users/jacksonsweet/Library/Developer/Xcode/DerivedData/OPS-czavgtmnvamasvcjgszzuulfcsxj/Build/Products/Debug-iphonesimulator/include -Xcc -I/Users/jacksonsweet/Library/Developer/Xcode/DerivedData/OPS-czavgtmnvamasvcjgszzuulfcsxj/Build/Intermediates.noindex/OPS.build/Debug-iphonesimulator/OPS.build/DerivedSources-normal/arm64 -Xcc -I/Users/jacksonsweet/Library/Developer/Xcode/DerivedData/OPS-czavgtmnvamasvcjgszzuulfcsxj/Build/Intermediates.noindex/OPS.build/Debug-iphonesimulator/OPS.build/DerivedSources/arm64 -Xcc -I/Users/jacksonsweet/Library/Developer/Xcode/DerivedData/OPS-czavgtmnvamasvcjgszzuulfcsxj/Build/Intermediates.noindex/OPS.build/Debug-iphonesimulator/OPS.build/DerivedSources -Xcc -DDEBUG\=1 -module-name OPS -frontend-parseable-output -disable-clang-spi -target-sdk-version 18.2 -target-sdk-name iphonesimulator18.2 -external-plugin-path /Applications/Xcode.app/Contents/Developer/Platforms/iPhoneOS.platform/Developer/usr/lib/swift/host/plugins\#/Applications/Xcode.app/Contents/Developer/Platforms/iPhoneOS.platform/Developer/usr/bin/swift-plugin-server -external-plugin-path /Applications/Xcode.app/Contents/Developer/Platforms/iPhoneOS.platform/Developer/usr/local/lib/swift/host/plugins\#/Applications/Xcode.app/Contents/Developer/Platforms/iPhoneOS.platform/Developer/usr/bin/swift-plugin-server -plugin-path /Applications/Xcode.app/Contents/Developer/Toolchains/XcodeDefault.xctoolchain/usr/lib/swift/host/plugins -plugin-path /Applications/Xcode.app/Contents/Developer/Toolchains/XcodeDefault.xctoolchain/usr/local/lib/swift/host/plugins -o /Users/jacksonsweet/Library/Developer/Xcode/DerivedData/OPS-czavgtmnvamasvcjgszzuulfcsxj/Build/Intermediates.noindex/OPS.build/Debug-iphonesimulator/OPS.build/Objects-normal/arm64/ImagePicker.o -o /Users/jacksonsweet/Library/Developer/Xcode/DerivedData/OPS-czavgtmnvamasvcjgszzuulfcsxj/Build/Intermediates.noindex/OPS.build/Debug-iphonesimulator/OPS.build/Objects-normal/arm64/ImagePickerView.o -o /Users/jacksonsweet/Library/Developer/Xcode/DerivedData/OPS-czavgtmnvamasvcjgszzuulfcsxj/Build/Intermediates.noindex/OPS.build/Debug-iphonesimulator/OPS.build/Objects-normal/arm64/ProjectImagesSection.o -o /Users/jacksonsweet/Library/Developer/Xcode/DerivedData/OPS-czavgtmnvamasvcjgszzuulfcsxj/Build/Intermediates.noindex/OPS.build/Debug-iphonesimulator/OPS.build/Objects-normal/arm64/ProjectImagesSimple.o -o /Users/jacksonsweet/Library/Developer/Xcode/DerivedData/OPS-czavgtmnvamasvcjgszzuulfcsxj/Build/Intermediates.noindex/OPS.build/Debug-iphonesimulator/OPS.build/Objects-normal/arm64/ProjectImageView.o -o /Users/jacksonsweet/Library/Developer/Xcode/DerivedData/OPS-czavgtmnvamasvcjgszzuulfcsxj/Build/Intermediates.noindex/OPS.build/Debug-iphonesimulator/OPS.build/Objects-normal/arm64/ProjectPhotosGrid.o -o /Users/jacksonsweet/Library/Developer/Xcode/DerivedData/OPS-czavgtmnvamasvcjgszzuulfcsxj/Build/Intermediates.noindex/OPS.build/Debug-iphonesimulator/OPS.build/Objects-normal/arm64/MiniMapView.o -o /Users/jacksonsweet/Library/Developer/Xcode/DerivedData/OPS-czavgtmnvamasvcjgszzuulfcsxj/Build/Intermediates.noindex/OPS.build/Debug-iphonesimulator/OPS.build/Objects-normal/arm64/ProjectMapAnnotation.o -o /Users/jacksonsweet/Library/Developer/Xcode/DerivedData/OPS-czavgtmnvamasvcjgszzuulfcsxj/Build/Intermediates.noindex/OPS.build/Debug-iphonesimulator/OPS.build/Objects-normal/arm64/ProjectMapView.o -o /Users/jacksonsweet/Library/Developer/Xcode/DerivedData/OPS-czavgtmnvamasvcjgszzuulfcsxj/Build/Intermediates.noindex/OPS.build/Debug-iphonesimulator/OPS.build/Objects-normal/arm64/ProjectMarkerPopup.o -o /Users/jacksonsweet/Library/Developer/Xcode/DerivedData/OPS-czavgtmnvamasvcjgszzuulfcsxj/Build/Intermediates.noindex/OPS.build/Debug-iphonesimulator/OPS.build/Objects-normal/arm64/RouteDirectionsView.o -o /Users/jacksonsweet/Library/Developer/Xcode/DerivedData/OPS-czavgtmnvamasvcjgszzuulfcsxj/Build/Intermediates.noindex/OPS.build/Debug-iphonesimulator/OPS.build/Objects-normal/arm64/ProjectActionBar.o -index-unit-output-path /OPS.build/Debug-iphonesimulator/OPS.build/Objects-normal/arm64/ImagePicker.o -index-unit-output-path /OPS.build/Debug-iphonesimulator/OPS.build/Objects-normal/arm64/ImagePickerView.o -index-unit-output-path /OPS.build/Debug-iphonesimulator/OPS.build/Objects-normal/arm64/ProjectImagesSection.o -index-unit-output-path /OPS.build/Debug-iphonesimulator/OPS.build/Objects-normal/arm64/ProjectImagesSimple.o -index-unit-output-path /OPS.build/Debug-iphonesimulator/OPS.build/Objects-normal/arm64/ProjectImageView.o -index-unit-output-path /OPS.build/Debug-iphonesimulator/OPS.build/Objects-normal/arm64/ProjectPhotosGrid.o -index-unit-output-path /OPS.build/Debug-iphonesimulator/OPS.build/Objects-normal/arm64/MiniMapView.o -index-unit-output-path /OPS.build/Debug-iphonesimulator/OPS.build/Objects-normal/arm64/ProjectMapAnnotation.o -index-unit-output-path /OPS.build/Debug-iphonesimulator/OPS.build/Objects-normal/arm64/ProjectMapView.o -index-unit-output-path /OPS.build/Debug-iphonesimulator/OPS.build/Objects-normal/arm64/ProjectMarkerPopup.o -index-unit-output-path /OPS.build/Debug-iphonesimulator/OPS.build/Objects-normal/arm64/RouteDirectionsView.o -index-unit-output-path /OPS.build/Debug-iphonesimulator/OPS.build/Objects-normal/arm64/ProjectActionBar.o -index-store-path /Users/jacksonsweet/Library/Developer/Xcode/DerivedData/OPS-czavgtmnvamasvcjgszzuulfcsxj/Index.noindex/DataStore -index-system-modules

SwiftCompile normal arm64 /Users/jacksonsweet/Desktop/OPS\ APP/OPS/OPS/Views/Components/Map/ProjectMarkerPopup.swift (in target 'OPS' from project 'OPS')
    cd /Users/jacksonsweet/Desktop/OPS\ APP/OPS
    /Applications/Xcode.app/Contents/Developer/Toolchains/XcodeDefault.xctoolchain/usr/bin/swift-frontend -c /Users/jacksonsweet/Desktop/OPS\ APP/OPS/OPS/DataModels/BubbleImage.swift /Users/jacksonsweet/Desktop/OPS\ APP/OPS/OPS/DataModels/BubbleTypes.swift /Users/jacksonsweet/Desktop/OPS\ APP/OPS/OPS/DataModels/Company.swift /Users/jacksonsweet/Desktop/OPS\ APP/OPS/OPS/DataModels/Project.swift /Users/jacksonsweet/Desktop/OPS\ APP/OPS/OPS/DataModels/Status.swift /Users/jacksonsweet/Desktop/OPS\ APP/OPS/OPS/DataModels/User.swift /Users/jacksonsweet/Desktop/OPS\ APP/OPS/OPS/DataModels/UserRole.swift /Users/jacksonsweet/Desktop/OPS\ APP/OPS/OPS/Extensions/UIImage+Extensions.swift /Users/jacksonsweet/Desktop/OPS\ APP/OPS/OPS/Network/API/APIError.swift /Users/jacksonsweet/Desktop/OPS\ APP/OPS/OPS/Network/API/APIService.swift /Users/jacksonsweet/Desktop/OPS\ APP/OPS/OPS/Network/API/BubbleFields.swift /Users/jacksonsweet/Desktop/OPS\ APP/OPS/OPS/Network/Auth/AuthError.swift /Users/jacksonsweet/Desktop/OPS\ APP/OPS/OPS/Network/Auth/AuthManager.swift /Users/jacksonsweet/Desktop/OPS\ APP/OPS/OPS/Network/Auth/KeychainManager.swift /Users/jacksonsweet/Desktop/OPS\ APP/OPS/OPS/Network/DTOs/CompanyDTO.swift /Users/jacksonsweet/Desktop/OPS\ APP/OPS/OPS/Network/DTOs/ProjectDTO.swift /Users/jacksonsweet/Desktop/OPS\ APP/OPS/OPS/Network/DTOs/UserDTO.swift /Users/jacksonsweet/Desktop/OPS\ APP/OPS/OPS/Network/Endpoints/CompanyEndpoints.swift /Users/jacksonsweet/Desktop/OPS\ APP/OPS/OPS/Network/Endpoints/ProjectEndpoints.swift /Users/jacksonsweet/Desktop/OPS\ APP/OPS/OPS/Network/Endpoints/UserEndpoints.swift /Users/jacksonsweet/Desktop/OPS\ APP/OPS/OPS/Network/Sync/BackgroundTaskManager.swift /Users/jacksonsweet/Desktop/OPS\ APP/OPS/OPS/Network/Sync/SyncManager.swift /Users/jacksonsweet/Desktop/OPS\ APP/OPS/OPS/Network/ConnectivityMonitor.swift /Users/jacksonsweet/Desktop/OPS\ APP/OPS/OPS/Network/ImageSyncManager.swift /Users/jacksonsweet/Desktop/OPS\ APP/OPS/OPS/Onboarding/Coordinators/OnboardingCoordinator.swift /Users/jacksonsweet/Desktop/OPS\ APP/OPS/OPS/Onboarding/Models/OnboardingModels.swift /Users/jacksonsweet/Desktop/OPS\ APP/OPS/OPS/Onboarding/Services/OnboardingService.swift /Users/jacksonsweet/Desktop/OPS\ APP/OPS/OPS/Onboarding/ViewModels/OnboardingViewModel.swift /Users/jacksonsweet/Desktop/OPS\ APP/OPS/OPS/Onboarding/Views/Components/OnboardingComponents.swift /Users/jacksonsweet/Desktop/OPS\ APP/OPS/OPS/Onboarding/Views/Screens/AccountCreatedView.swift /Users/jacksonsweet/Desktop/OPS\ APP/OPS/OPS/Onboarding/Views/Screens/CompanyCodeView.swift /Users/jacksonsweet/Desktop/OPS\ APP/OPS/OPS/Onboarding/Views/Screens/CompanyCodeViewPreview.swift /Users/jacksonsweet/Desktop/OPS\ APP/OPS/OPS/Onboarding/Views/Screens/CompletionView.swift /Users/jacksonsweet/Desktop/OPS\ APP/OPS/OPS/Onboarding/Views/Screens/CompletionViewPreview.swift /Users/jacksonsweet/Desktop/OPS\ APP/OPS/OPS/Onboarding/Views/Screens/EmailView.swift /Users/jacksonsweet/Desktop/OPS\ APP/OPS/OPS/Onboarding/Views/Screens/FieldSetupView.swift /Users/jacksonsweet/Desktop/OPS\ APP/OPS/OPS/Onboarding/Views/Screens/NotificationsView.swift /Users/jacksonsweet/Desktop/OPS\ APP/OPS/OPS/Onboarding/Views/Screens/NotificationsViewPreview.swift /Users/jacksonsweet/Desktop/OPS\ APP/OPS/OPS/Onboarding/Views/Screens/OrganizationJoinView.swift /Users/jacksonsweet/Desktop/OPS\ APP/OPS/OPS/Onboarding/Views/Screens/PasswordView.swift /Users/jacksonsweet/Desktop/OPS\ APP/OPS/OPS/Onboarding/Views/Screens/PasswordViewPreview.swift /Users/jacksonsweet/Desktop/OPS\ APP/OPS/OPS/Onboarding/Views/Screens/PermissionsView.swift /Users/jacksonsweet/Desktop/OPS\ APP/OPS/OPS/Onboarding/Views/Screens/PermissionsViewPreview.swift /Users/jacksonsweet/Desktop/OPS\ APP/OPS/OPS/Onboarding/Views/Screens/PhoneNumberView.swift /Users/jacksonsweet/Desktop/OPS\ APP/OPS/OPS/Onboarding/Views/Screens/PhoneNumberViewPreview.swift /Users/jacksonsweet/Desktop/OPS\ APP/OPS/OPS/Onboarding/Views/Screens/UserInfoView.swift /Users/jacksonsweet/Desktop/OPS\ APP/OPS/OPS/Onboarding/Views/Screens/UserInfoViewPreview.swift /Users/jacksonsweet/Desktop/OPS\ APP/OPS/OPS/Onboarding/Views/Screens/VerifyPhoneView.swift /Users/jacksonsweet/Desktop/OPS\ APP/OPS/OPS/Onboarding/Views/Screens/WelcomeCompanyView.swift /Users/jacksonsweet/Desktop/OPS\ APP/OPS/OPS/Onboarding/Views/Screens/WelcomeCompanyViewPreview.swift /Users/jacksonsweet/Desktop/OPS\ APP/OPS/OPS/Onboarding/Views/Screens/WelcomeView.swift /Users/jacksonsweet/Desktop/OPS\ APP/OPS/OPS/Onboarding/Views/Screens/WelcomeViewPreview.swift /Users/jacksonsweet/Desktop/OPS\ APP/OPS/OPS/Onboarding/Views/OnboardingContainerView.swift /Users/jacksonsweet/Desktop/OPS\ APP/OPS/OPS/Onboarding/Views/OnboardingFlowPreview.swift /Users/jacksonsweet/Desktop/OPS\ APP/OPS/OPS/Onboarding/Views/OnboardingPresenter.swift /Users/jacksonsweet/Desktop/OPS\ APP/OPS/OPS/Onboarding/Views/OnboardingPreviewHelpers.swift /Users/jacksonsweet/Desktop/OPS\ APP/OPS/OPS/Styles/OPSStyle.swift /Users/jacksonsweet/Desktop/OPS\ APP/OPS/OPS/Utilities/AppConfiguration.swift /Users/jacksonsweet/Desktop/OPS\ APP/OPS/OPS/Utilities/ArrayTransformer.swift /Users/jacksonsweet/Desktop/OPS\ APP/OPS/OPS/Utilities/DataController.swift /Users/jacksonsweet/Desktop/OPS\ APP/OPS/OPS/Utilities/Dateformatter\ +Bubble.swift /Users/jacksonsweet/Desktop/OPS\ APP/OPS/OPS/Utilities/DateHelper.swift /Users/jacksonsweet/Desktop/OPS\ APP/OPS/OPS/Utilities/FieldErrorHandler.swift /Users/jacksonsweet/Desktop/OPS\ APP/OPS/OPS/Utilities/ImageCache.swift /Users/jacksonsweet/Desktop/OPS\ APP/OPS/OPS/Utilities/ImageFileManager.swift /Users/jacksonsweet/Desktop/OPS\ APP/OPS/OPS/Utilities/InProgressManager.swift /Users/jacksonsweet/Desktop/OPS\ APP/OPS/OPS/Utilities/KeyboardDismissalModifier.swift /Users/jacksonsweet/Desktop/OPS\ APP/OPS/OPS/Utilities/LocationManager.swift /Users/jacksonsweet/Desktop/OPS\ APP/OPS/OPS/Utilities/OnboardingEnvironmentKey.swift /Users/jacksonsweet/Desktop/OPS\ APP/OPS/OPS/Utilities/SwiftDataHelper.swift /Users/jacksonsweet/Desktop/OPS\ APP/OPS/OPS/Utilities/UIComponents.swift /Users/jacksonsweet/Desktop/OPS\ APP/OPS/OPS/V2/CertificationsSettingsView.swift /Users/jacksonsweet/Desktop/OPS\ APP/OPS/OPS/ViewModels/CalendarViewModel.swift /Users/jacksonsweet/Desktop/OPS\ APP/OPS/OPS/ViewModels/ProjectsViewModel.swift /Users/jacksonsweet/Desktop/OPS\ APP/OPS/OPS/Views/Calendar\ Tab/Components/CalendarDaySelector.swift /Users/jacksonsweet/Desktop/OPS\ APP/OPS/OPS/Views/Calendar\ Tab/Components/CalendarHeaderView.swift /Users/jacksonsweet/Desktop/OPS\ APP/OPS/OPS/Views/Calendar\ Tab/Components/CalendarProjectCard.swift /Users/jacksonsweet/Desktop/OPS\ APP/OPS/OPS/Views/Calendar\ Tab/Components/CalendarToggleView.swift /Users/jacksonsweet/Desktop/OPS\ APP/OPS/OPS/Views/Calendar\ Tab/Components/DatePickerPopover.swift /Users/jacksonsweet/Desktop/OPS\ APP/OPS/OPS/Views/Calendar\ Tab/Components/DayCell.swift /Users/jacksonsweet/Desktop/OPS\ APP/OPS/OPS/Views/Calendar\ Tab/ProjectViews/DayProjectSheet.swift /Users/jacksonsweet/Desktop/OPS\ APP/OPS/OPS/Views/Calendar\ Tab/ProjectViews/ProjectListView.swift /Users/jacksonsweet/Desktop/OPS\ APP/OPS/OPS/Views/Calendar\ Tab/MonthGridView.swift /Users/jacksonsweet/Desktop/OPS\ APP/OPS/OPS/Views/Components/Common/AppHeader.swift /Users/jacksonsweet/Desktop/OPS\ APP/OPS/OPS/Views/Components/Common/ExpandableNotesView.swift /Users/jacksonsweet/Desktop/OPS\ APP/OPS/OPS/Views/Components/Common/LocationPermissionView.swift /Users/jacksonsweet/Desktop/OPS\ APP/OPS/OPS/Views/Components/Common/NavigationBanner.swift /Users/jacksonsweet/Desktop/OPS\ APP/OPS/OPS/Views/Components/Common/NavigationControlsView.swift /Users/jacksonsweet/Desktop/OPS\ APP/OPS/OPS/Views/Components/Common/TabBarBackground.swift -primary-file /Users/jacksonsweet/Desktop/OPS\ APP/OPS/OPS/Views/Components/Images/ImagePicker.swift -primary-file /Users/jacksonsweet/Desktop/OPS\ APP/OPS/OPS/Views/Components/Images/ImagePickerView.swift -primary-file /Users/jacksonsweet/Desktop/OPS\ APP/OPS/OPS/Views/Components/Images/ProjectImagesSection.swift -primary-file /Users/jacksonsweet/Desktop/OPS\ APP/OPS/OPS/Views/Components/Images/ProjectImagesSimple.swift -primary-file /Users/jacksonsweet/Desktop/OPS\ APP/OPS/OPS/Views/Components/Images/ProjectImageView.swift -primary-file /Users/jacksonsweet/Desktop/OPS\ APP/OPS/OPS/Views/Components/Images/ProjectPhotosGrid.swift -primary-file /Users/jacksonsweet/Desktop/OPS\ APP/OPS/OPS/Views/Components/Map/MiniMapView.swift -primary-file /Users/jacksonsweet/Desktop/OPS\ APP/OPS/OPS/Views/Components/Map/ProjectMapAnnotation.swift -primary-file /Users/jacksonsweet/Desktop/OPS\ APP/OPS/OPS/Views/Components/Map/ProjectMapView.swift -primary-file /Users/jacksonsweet/Desktop/OPS\ APP/OPS/OPS/Views/Components/Map/ProjectMarkerPopup.swift -primary-file /Users/jacksonsweet/Desktop/OPS\ APP/OPS/OPS/Views/Components/Map/RouteDirectionsView.swift -primary-file /Users/jacksonsweet/Desktop/OPS\ APP/OPS/OPS/Views/Components/Project/ProjectActionBar.swift /Users/jacksonsweet/Desktop/OPS\ APP/OPS/OPS/Views/Components/Project/ProjectCard.swift /Users/jacksonsweet/Desktop/OPS\ APP/OPS/OPS/Views/Components/Project/ProjectCarousel.swift /Users/jacksonsweet/Desktop/OPS\ APP/OPS/OPS/Views/Components/Project/ProjectDetailsView.swift /Users/jacksonsweet/Desktop/OPS\ APP/OPS/OPS/Views/Components/Project/ProjectHeader.swift /Users/jacksonsweet/Desktop/OPS\ APP/OPS/OPS/Views/Components/Project/ProjectSheetContainer.swift /Users/jacksonsweet/Desktop/OPS\ APP/OPS/OPS/Views/Components/User/TeamMemberListView.swift /Users/jacksonsweet/Desktop/OPS\ APP/OPS/OPS/Views/Components/User/UserProfileCard.swift /Users/jacksonsweet/Desktop/OPS\ APP/OPS/OPS/Views/Home/HomeContentView.swift /Users/jacksonsweet/Desktop/OPS\ APP/OPS/OPS/Views/Home/HomeView.swift /Users/jacksonsweet/Desktop/OPS\ APP/OPS/OPS/Views/Settings/OrganizationSettingsView.swift /Users/jacksonsweet/Desktop/OPS\ APP/OPS/OPS/Views/Settings/ProfileSettingsView.swift /Users/jacksonsweet/Desktop/OPS\ APP/OPS/OPS/Views/Settings/ProjectHistorySettingsView.swift /Users/jacksonsweet/Desktop/OPS\ APP/OPS/OPS/Views/LoginView.swift /Users/jacksonsweet/Desktop/OPS\ APP/OPS/OPS/Views/LoginViewPreview.swift /Users/jacksonsweet/Desktop/OPS\ APP/OPS/OPS/Views/MainTabView.swift /Users/jacksonsweet/Desktop/OPS\ APP/OPS/OPS/Views/NetworkStatusIndicator.swift /Users/jacksonsweet/Desktop/OPS\ APP/OPS/OPS/Views/ScheduleView.swift /Users/jacksonsweet/Desktop/OPS\ APP/OPS/OPS/Views/SettingsView.swift /Users/jacksonsweet/Desktop/OPS\ APP/OPS/OPS/Views/SplashScreen.swift /Users/jacksonsweet/Desktop/OPS\ APP/OPS/OPS/AppState.swift /Users/jacksonsweet/Desktop/OPS\ APP/OPS/OPS/ContentView.swift /Users/jacksonsweet/Desktop/OPS\ APP/OPS/OPS/Item.swift /Users/jacksonsweet/Desktop/OPS\ APP/OPS/OPS/OPSApp.swift /Users/jacksonsweet/Library/Developer/Xcode/DerivedData/OPS-czavgtmnvamasvcjgszzuulfcsxj/Build/Intermediates.noindex/OPS.build/Debug-iphonesimulator/OPS.build/DerivedSources/GeneratedAssetSymbols.swift -supplementary-output-file-map /Users/jacksonsweet/Library/Developer/Xcode/DerivedData/OPS-czavgtmnvamasvcjgszzuulfcsxj/Build/Intermediates.noindex/OPS.build/Debug-iphonesimulator/OPS.build/Objects-normal/arm64/supplementaryOutputs-8 -emit-localized-strings -emit-localized-strings-path /Users/jacksonsweet/Library/Developer/Xcode/DerivedData/OPS-czavgtmnvamasvcjgszzuulfcsxj/Build/Intermediates.noindex/OPS.build/Debug-iphonesimulator/OPS.build/Objects-normal/arm64 -target arm64-apple-ios18.2-simulator -Xllvm -aarch64-use-tbi -enable-objc-interop -sdk /Applications/Xcode.app/Contents/Developer/Platforms/iPhoneSimulator.platform/Developer/SDKs/iPhoneSimulator18.2.sdk -I /Users/jacksonsweet/Library/Developer/Xcode/DerivedData/OPS-czavgtmnvamasvcjgszzuulfcsxj/Build/Products/Debug-iphonesimulator -F /Users/jacksonsweet/Library/Developer/Xcode/DerivedData/OPS-czavgtmnvamasvcjgszzuulfcsxj/Build/Products/Debug-iphonesimulator -no-color-diagnostics -enable-testing -g -debug-info-format\=dwarf -dwarf-version\=5 -module-cache-path /Users/jacksonsweet/Library/Developer/Xcode/DerivedData/ModuleCache.noindex -profile-generate -profile-coverage-mapping -swift-version 5 -enforce-exclusivity\=checked -Onone -D DEBUG -serialize-debugging-options -const-gather-protocols-file /Users/jacksonsweet/Library/Developer/Xcode/DerivedData/OPS-czavgtmnvamasvcjgszzuulfcsxj/Build/Intermediates.noindex/OPS.build/Debug-iphonesimulator/OPS.build/Objects-normal/arm64/OPS_const_extract_protocols.json -enable-experimental-feature DebugDescriptionMacro -enable-experimental-feature OpaqueTypeErasure -enable-bare-slash-regex -empty-abi-descriptor -validate-clang-modules-once -clang-build-session-file /Users/jacksonsweet/Library/Developer/Xcode/DerivedData/ModuleCache.noindex/Session.modulevalidation -Xcc -working-directory -Xcc /Users/jacksonsweet/Desktop/OPS\ APP/OPS -resource-dir /Applications/Xcode.app/Contents/Developer/Toolchains/XcodeDefault.xctoolchain/usr/lib/swift -enable-anonymous-context-mangled-names -file-compilation-dir /Users/jacksonsweet/Desktop/OPS\ APP/OPS -Xcc -D_LIBCPP_HARDENING_MODE\=_LIBCPP_HARDENING_MODE_DEBUG -Xcc -ivfsstatcache -Xcc /Users/jacksonsweet/Library/Developer/Xcode/DerivedData/SDKStatCaches.noindex/iphonesimulator18.2-22C146-07b28473f605e47e75261259d3ef3b5a.sdkstatcache -Xcc -I/Users/jacksonsweet/Library/Developer/Xcode/DerivedData/OPS-czavgtmnvamasvcjgszzuulfcsxj/Build/Intermediates.noindex/OPS.build/Debug-iphonesimulator/OPS.build/swift-overrides.hmap -Xcc -iquote -Xcc /Users/jacksonsweet/Library/Developer/Xcode/DerivedData/OPS-czavgtmnvamasvcjgszzuulfcsxj/Build/Intermediates.noindex/OPS.build/Debug-iphonesimulator/OPS.build/OPS-generated-files.hmap -Xcc -I/Users/jacksonsweet/Library/Developer/Xcode/DerivedData/OPS-czavgtmnvamasvcjgszzuulfcsxj/Build/Intermediates.noindex/OPS.build/Debug-iphonesimulator/OPS.build/OPS-own-target-headers.hmap -Xcc -I/Users/jacksonsweet/Library/Developer/Xcode/DerivedData/OPS-czavgtmnvamasvcjgszzuulfcsxj/Build/Intermediates.noindex/OPS.build/Debug-iphonesimulator/OPS.build/OPS-all-target-headers.hmap -Xcc -iquote -Xcc /Users/jacksonsweet/Library/Developer/Xcode/DerivedData/OPS-czavgtmnvamasvcjgszzuulfcsxj/Build/Intermediates.noindex/OPS.build/Debug-iphonesimulator/OPS.build/OPS-project-headers.hmap -Xcc -I/Users/jacksonsweet/Library/Developer/Xcode/DerivedData/OPS-czavgtmnvamasvcjgszzuulfcsxj/Build/Products/Debug-iphonesimulator/include -Xcc -I/Users/jacksonsweet/Library/Developer/Xcode/DerivedData/OPS-czavgtmnvamasvcjgszzuulfcsxj/Build/Intermediates.noindex/OPS.build/Debug-iphonesimulator/OPS.build/DerivedSources-normal/arm64 -Xcc -I/Users/jacksonsweet/Library/Developer/Xcode/DerivedData/OPS-czavgtmnvamasvcjgszzuulfcsxj/Build/Intermediates.noindex/OPS.build/Debug-iphonesimulator/OPS.build/DerivedSources/arm64 -Xcc -I/Users/jacksonsweet/Library/Developer/Xcode/DerivedData/OPS-czavgtmnvamasvcjgszzuulfcsxj/Build/Intermediates.noindex/OPS.build/Debug-iphonesimulator/OPS.build/DerivedSources -Xcc -DDEBUG\=1 -module-name OPS -frontend-parseable-output -disable-clang-spi -target-sdk-version 18.2 -target-sdk-name iphonesimulator18.2 -external-plugin-path /Applications/Xcode.app/Contents/Developer/Platforms/iPhoneOS.platform/Developer/usr/lib/swift/host/plugins\#/Applications/Xcode.app/Contents/Developer/Platforms/iPhoneOS.platform/Developer/usr/bin/swift-plugin-server -external-plugin-path /Applications/Xcode.app/Contents/Developer/Platforms/iPhoneOS.platform/Developer/usr/local/lib/swift/host/plugins\#/Applications/Xcode.app/Contents/Developer/Platforms/iPhoneOS.platform/Developer/usr/bin/swift-plugin-server -plugin-path /Applications/Xcode.app/Contents/Developer/Toolchains/XcodeDefault.xctoolchain/usr/lib/swift/host/plugins -plugin-path /Applications/Xcode.app/Contents/Developer/Toolchains/XcodeDefault.xctoolchain/usr/local/lib/swift/host/plugins -o /Users/jacksonsweet/Library/Developer/Xcode/DerivedData/OPS-czavgtmnvamasvcjgszzuulfcsxj/Build/Intermediates.noindex/OPS.build/Debug-iphonesimulator/OPS.build/Objects-normal/arm64/ImagePicker.o -o /Users/jacksonsweet/Library/Developer/Xcode/DerivedData/OPS-czavgtmnvamasvcjgszzuulfcsxj/Build/Intermediates.noindex/OPS.build/Debug-iphonesimulator/OPS.build/Objects-normal/arm64/ImagePickerView.o -o /Users/jacksonsweet/Library/Developer/Xcode/DerivedData/OPS-czavgtmnvamasvcjgszzuulfcsxj/Build/Intermediates.noindex/OPS.build/Debug-iphonesimulator/OPS.build/Objects-normal/arm64/ProjectImagesSection.o -o /Users/jacksonsweet/Library/Developer/Xcode/DerivedData/OPS-czavgtmnvamasvcjgszzuulfcsxj/Build/Intermediates.noindex/OPS.build/Debug-iphonesimulator/OPS.build/Objects-normal/arm64/ProjectImagesSimple.o -o /Users/jacksonsweet/Library/Developer/Xcode/DerivedData/OPS-czavgtmnvamasvcjgszzuulfcsxj/Build/Intermediates.noindex/OPS.build/Debug-iphonesimulator/OPS.build/Objects-normal/arm64/ProjectImageView.o -o /Users/jacksonsweet/Library/Developer/Xcode/DerivedData/OPS-czavgtmnvamasvcjgszzuulfcsxj/Build/Intermediates.noindex/OPS.build/Debug-iphonesimulator/OPS.build/Objects-normal/arm64/ProjectPhotosGrid.o -o /Users/jacksonsweet/Library/Developer/Xcode/DerivedData/OPS-czavgtmnvamasvcjgszzuulfcsxj/Build/Intermediates.noindex/OPS.build/Debug-iphonesimulator/OPS.build/Objects-normal/arm64/MiniMapView.o -o /Users/jacksonsweet/Library/Developer/Xcode/DerivedData/OPS-czavgtmnvamasvcjgszzuulfcsxj/Build/Intermediates.noindex/OPS.build/Debug-iphonesimulator/OPS.build/Objects-normal/arm64/ProjectMapAnnotation.o -o /Users/jacksonsweet/Library/Developer/Xcode/DerivedData/OPS-czavgtmnvamasvcjgszzuulfcsxj/Build/Intermediates.noindex/OPS.build/Debug-iphonesimulator/OPS.build/Objects-normal/arm64/ProjectMapView.o -o /Users/jacksonsweet/Library/Developer/Xcode/DerivedData/OPS-czavgtmnvamasvcjgszzuulfcsxj/Build/Intermediates.noindex/OPS.build/Debug-iphonesimulator/OPS.build/Objects-normal/arm64/ProjectMarkerPopup.o -o /Users/jacksonsweet/Library/Developer/Xcode/DerivedData/OPS-czavgtmnvamasvcjgszzuulfcsxj/Build/Intermediates.noindex/OPS.build/Debug-iphonesimulator/OPS.build/Objects-normal/arm64/RouteDirectionsView.o -o /Users/jacksonsweet/Library/Developer/Xcode/DerivedData/OPS-czavgtmnvamasvcjgszzuulfcsxj/Build/Intermediates.noindex/OPS.build/Debug-iphonesimulator/OPS.build/Objects-normal/arm64/ProjectActionBar.o -index-unit-output-path /OPS.build/Debug-iphonesimulator/OPS.build/Objects-normal/arm64/ImagePicker.o -index-unit-output-path /OPS.build/Debug-iphonesimulator/OPS.build/Objects-normal/arm64/ImagePickerView.o -index-unit-output-path /OPS.build/Debug-iphonesimulator/OPS.build/Objects-normal/arm64/ProjectImagesSection.o -index-unit-output-path /OPS.build/Debug-iphonesimulator/OPS.build/Objects-normal/arm64/ProjectImagesSimple.o -index-unit-output-path /OPS.build/Debug-iphonesimulator/OPS.build/Objects-normal/arm64/ProjectImageView.o -index-unit-output-path /OPS.build/Debug-iphonesimulator/OPS.build/Objects-normal/arm64/ProjectPhotosGrid.o -index-unit-output-path /OPS.build/Debug-iphonesimulator/OPS.build/Objects-normal/arm64/MiniMapView.o -index-unit-output-path /OPS.build/Debug-iphonesimulator/OPS.build/Objects-normal/arm64/ProjectMapAnnotation.o -index-unit-output-path /OPS.build/Debug-iphonesimulator/OPS.build/Objects-normal/arm64/ProjectMapView.o -index-unit-output-path /OPS.build/Debug-iphonesimulator/OPS.build/Objects-normal/arm64/ProjectMarkerPopup.o -index-unit-output-path /OPS.build/Debug-iphonesimulator/OPS.build/Objects-normal/arm64/RouteDirectionsView.o -index-unit-output-path /OPS.build/Debug-iphonesimulator/OPS.build/Objects-normal/arm64/ProjectActionBar.o -index-store-path /Users/jacksonsweet/Library/Developer/Xcode/DerivedData/OPS-czavgtmnvamasvcjgszzuulfcsxj/Index.noindex/DataStore -index-system-modules

SwiftCompile normal arm64 /Users/jacksonsweet/Desktop/OPS\ APP/OPS/OPS/Views/Components/Map/RouteDirectionsView.swift (in target 'OPS' from project 'OPS')
    cd /Users/jacksonsweet/Desktop/OPS\ APP/OPS
    /Applications/Xcode.app/Contents/Developer/Toolchains/XcodeDefault.xctoolchain/usr/bin/swift-frontend -c /Users/jacksonsweet/Desktop/OPS\ APP/OPS/OPS/DataModels/BubbleImage.swift /Users/jacksonsweet/Desktop/OPS\ APP/OPS/OPS/DataModels/BubbleTypes.swift /Users/jacksonsweet/Desktop/OPS\ APP/OPS/OPS/DataModels/Company.swift /Users/jacksonsweet/Desktop/OPS\ APP/OPS/OPS/DataModels/Project.swift /Users/jacksonsweet/Desktop/OPS\ APP/OPS/OPS/DataModels/Status.swift /Users/jacksonsweet/Desktop/OPS\ APP/OPS/OPS/DataModels/User.swift /Users/jacksonsweet/Desktop/OPS\ APP/OPS/OPS/DataModels/UserRole.swift /Users/jacksonsweet/Desktop/OPS\ APP/OPS/OPS/Extensions/UIImage+Extensions.swift /Users/jacksonsweet/Desktop/OPS\ APP/OPS/OPS/Network/API/APIError.swift /Users/jacksonsweet/Desktop/OPS\ APP/OPS/OPS/Network/API/APIService.swift /Users/jacksonsweet/Desktop/OPS\ APP/OPS/OPS/Network/API/BubbleFields.swift /Users/jacksonsweet/Desktop/OPS\ APP/OPS/OPS/Network/Auth/AuthError.swift /Users/jacksonsweet/Desktop/OPS\ APP/OPS/OPS/Network/Auth/AuthManager.swift /Users/jacksonsweet/Desktop/OPS\ APP/OPS/OPS/Network/Auth/KeychainManager.swift /Users/jacksonsweet/Desktop/OPS\ APP/OPS/OPS/Network/DTOs/CompanyDTO.swift /Users/jacksonsweet/Desktop/OPS\ APP/OPS/OPS/Network/DTOs/ProjectDTO.swift /Users/jacksonsweet/Desktop/OPS\ APP/OPS/OPS/Network/DTOs/UserDTO.swift /Users/jacksonsweet/Desktop/OPS\ APP/OPS/OPS/Network/Endpoints/CompanyEndpoints.swift /Users/jacksonsweet/Desktop/OPS\ APP/OPS/OPS/Network/Endpoints/ProjectEndpoints.swift /Users/jacksonsweet/Desktop/OPS\ APP/OPS/OPS/Network/Endpoints/UserEndpoints.swift /Users/jacksonsweet/Desktop/OPS\ APP/OPS/OPS/Network/Sync/BackgroundTaskManager.swift /Users/jacksonsweet/Desktop/OPS\ APP/OPS/OPS/Network/Sync/SyncManager.swift /Users/jacksonsweet/Desktop/OPS\ APP/OPS/OPS/Network/ConnectivityMonitor.swift /Users/jacksonsweet/Desktop/OPS\ APP/OPS/OPS/Network/ImageSyncManager.swift /Users/jacksonsweet/Desktop/OPS\ APP/OPS/OPS/Onboarding/Coordinators/OnboardingCoordinator.swift /Users/jacksonsweet/Desktop/OPS\ APP/OPS/OPS/Onboarding/Models/OnboardingModels.swift /Users/jacksonsweet/Desktop/OPS\ APP/OPS/OPS/Onboarding/Services/OnboardingService.swift /Users/jacksonsweet/Desktop/OPS\ APP/OPS/OPS/Onboarding/ViewModels/OnboardingViewModel.swift /Users/jacksonsweet/Desktop/OPS\ APP/OPS/OPS/Onboarding/Views/Components/OnboardingComponents.swift /Users/jacksonsweet/Desktop/OPS\ APP/OPS/OPS/Onboarding/Views/Screens/AccountCreatedView.swift /Users/jacksonsweet/Desktop/OPS\ APP/OPS/OPS/Onboarding/Views/Screens/CompanyCodeView.swift /Users/jacksonsweet/Desktop/OPS\ APP/OPS/OPS/Onboarding/Views/Screens/CompanyCodeViewPreview.swift /Users/jacksonsweet/Desktop/OPS\ APP/OPS/OPS/Onboarding/Views/Screens/CompletionView.swift /Users/jacksonsweet/Desktop/OPS\ APP/OPS/OPS/Onboarding/Views/Screens/CompletionViewPreview.swift /Users/jacksonsweet/Desktop/OPS\ APP/OPS/OPS/Onboarding/Views/Screens/EmailView.swift /Users/jacksonsweet/Desktop/OPS\ APP/OPS/OPS/Onboarding/Views/Screens/FieldSetupView.swift /Users/jacksonsweet/Desktop/OPS\ APP/OPS/OPS/Onboarding/Views/Screens/NotificationsView.swift /Users/jacksonsweet/Desktop/OPS\ APP/OPS/OPS/Onboarding/Views/Screens/NotificationsViewPreview.swift /Users/jacksonsweet/Desktop/OPS\ APP/OPS/OPS/Onboarding/Views/Screens/OrganizationJoinView.swift /Users/jacksonsweet/Desktop/OPS\ APP/OPS/OPS/Onboarding/Views/Screens/PasswordView.swift /Users/jacksonsweet/Desktop/OPS\ APP/OPS/OPS/Onboarding/Views/Screens/PasswordViewPreview.swift /Users/jacksonsweet/Desktop/OPS\ APP/OPS/OPS/Onboarding/Views/Screens/PermissionsView.swift /Users/jacksonsweet/Desktop/OPS\ APP/OPS/OPS/Onboarding/Views/Screens/PermissionsViewPreview.swift /Users/jacksonsweet/Desktop/OPS\ APP/OPS/OPS/Onboarding/Views/Screens/PhoneNumberView.swift /Users/jacksonsweet/Desktop/OPS\ APP/OPS/OPS/Onboarding/Views/Screens/PhoneNumberViewPreview.swift /Users/jacksonsweet/Desktop/OPS\ APP/OPS/OPS/Onboarding/Views/Screens/UserInfoView.swift /Users/jacksonsweet/Desktop/OPS\ APP/OPS/OPS/Onboarding/Views/Screens/UserInfoViewPreview.swift /Users/jacksonsweet/Desktop/OPS\ APP/OPS/OPS/Onboarding/Views/Screens/VerifyPhoneView.swift /Users/jacksonsweet/Desktop/OPS\ APP/OPS/OPS/Onboarding/Views/Screens/WelcomeCompanyView.swift /Users/jacksonsweet/Desktop/OPS\ APP/OPS/OPS/Onboarding/Views/Screens/WelcomeCompanyViewPreview.swift /Users/jacksonsweet/Desktop/OPS\ APP/OPS/OPS/Onboarding/Views/Screens/WelcomeView.swift /Users/jacksonsweet/Desktop/OPS\ APP/OPS/OPS/Onboarding/Views/Screens/WelcomeViewPreview.swift /Users/jacksonsweet/Desktop/OPS\ APP/OPS/OPS/Onboarding/Views/OnboardingContainerView.swift /Users/jacksonsweet/Desktop/OPS\ APP/OPS/OPS/Onboarding/Views/OnboardingFlowPreview.swift /Users/jacksonsweet/Desktop/OPS\ APP/OPS/OPS/Onboarding/Views/OnboardingPresenter.swift /Users/jacksonsweet/Desktop/OPS\ APP/OPS/OPS/Onboarding/Views/OnboardingPreviewHelpers.swift /Users/jacksonsweet/Desktop/OPS\ APP/OPS/OPS/Styles/OPSStyle.swift /Users/jacksonsweet/Desktop/OPS\ APP/OPS/OPS/Utilities/AppConfiguration.swift /Users/jacksonsweet/Desktop/OPS\ APP/OPS/OPS/Utilities/ArrayTransformer.swift /Users/jacksonsweet/Desktop/OPS\ APP/OPS/OPS/Utilities/DataController.swift /Users/jacksonsweet/Desktop/OPS\ APP/OPS/OPS/Utilities/Dateformatter\ +Bubble.swift /Users/jacksonsweet/Desktop/OPS\ APP/OPS/OPS/Utilities/DateHelper.swift /Users/jacksonsweet/Desktop/OPS\ APP/OPS/OPS/Utilities/FieldErrorHandler.swift /Users/jacksonsweet/Desktop/OPS\ APP/OPS/OPS/Utilities/ImageCache.swift /Users/jacksonsweet/Desktop/OPS\ APP/OPS/OPS/Utilities/ImageFileManager.swift /Users/jacksonsweet/Desktop/OPS\ APP/OPS/OPS/Utilities/InProgressManager.swift /Users/jacksonsweet/Desktop/OPS\ APP/OPS/OPS/Utilities/KeyboardDismissalModifier.swift /Users/jacksonsweet/Desktop/OPS\ APP/OPS/OPS/Utilities/LocationManager.swift /Users/jacksonsweet/Desktop/OPS\ APP/OPS/OPS/Utilities/OnboardingEnvironmentKey.swift /Users/jacksonsweet/Desktop/OPS\ APP/OPS/OPS/Utilities/SwiftDataHelper.swift /Users/jacksonsweet/Desktop/OPS\ APP/OPS/OPS/Utilities/UIComponents.swift /Users/jacksonsweet/Desktop/OPS\ APP/OPS/OPS/V2/CertificationsSettingsView.swift /Users/jacksonsweet/Desktop/OPS\ APP/OPS/OPS/ViewModels/CalendarViewModel.swift /Users/jacksonsweet/Desktop/OPS\ APP/OPS/OPS/ViewModels/ProjectsViewModel.swift /Users/jacksonsweet/Desktop/OPS\ APP/OPS/OPS/Views/Calendar\ Tab/Components/CalendarDaySelector.swift /Users/jacksonsweet/Desktop/OPS\ APP/OPS/OPS/Views/Calendar\ Tab/Components/CalendarHeaderView.swift /Users/jacksonsweet/Desktop/OPS\ APP/OPS/OPS/Views/Calendar\ Tab/Components/CalendarProjectCard.swift /Users/jacksonsweet/Desktop/OPS\ APP/OPS/OPS/Views/Calendar\ Tab/Components/CalendarToggleView.swift /Users/jacksonsweet/Desktop/OPS\ APP/OPS/OPS/Views/Calendar\ Tab/Components/DatePickerPopover.swift /Users/jacksonsweet/Desktop/OPS\ APP/OPS/OPS/Views/Calendar\ Tab/Components/DayCell.swift /Users/jacksonsweet/Desktop/OPS\ APP/OPS/OPS/Views/Calendar\ Tab/ProjectViews/DayProjectSheet.swift /Users/jacksonsweet/Desktop/OPS\ APP/OPS/OPS/Views/Calendar\ Tab/ProjectViews/ProjectListView.swift /Users/jacksonsweet/Desktop/OPS\ APP/OPS/OPS/Views/Calendar\ Tab/MonthGridView.swift /Users/jacksonsweet/Desktop/OPS\ APP/OPS/OPS/Views/Components/Common/AppHeader.swift /Users/jacksonsweet/Desktop/OPS\ APP/OPS/OPS/Views/Components/Common/ExpandableNotesView.swift /Users/jacksonsweet/Desktop/OPS\ APP/OPS/OPS/Views/Components/Common/LocationPermissionView.swift /Users/jacksonsweet/Desktop/OPS\ APP/OPS/OPS/Views/Components/Common/NavigationBanner.swift /Users/jacksonsweet/Desktop/OPS\ APP/OPS/OPS/Views/Components/Common/NavigationControlsView.swift /Users/jacksonsweet/Desktop/OPS\ APP/OPS/OPS/Views/Components/Common/TabBarBackground.swift -primary-file /Users/jacksonsweet/Desktop/OPS\ APP/OPS/OPS/Views/Components/Images/ImagePicker.swift -primary-file /Users/jacksonsweet/Desktop/OPS\ APP/OPS/OPS/Views/Components/Images/ImagePickerView.swift -primary-file /Users/jacksonsweet/Desktop/OPS\ APP/OPS/OPS/Views/Components/Images/ProjectImagesSection.swift -primary-file /Users/jacksonsweet/Desktop/OPS\ APP/OPS/OPS/Views/Components/Images/ProjectImagesSimple.swift -primary-file /Users/jacksonsweet/Desktop/OPS\ APP/OPS/OPS/Views/Components/Images/ProjectImageView.swift -primary-file /Users/jacksonsweet/Desktop/OPS\ APP/OPS/OPS/Views/Components/Images/ProjectPhotosGrid.swift -primary-file /Users/jacksonsweet/Desktop/OPS\ APP/OPS/OPS/Views/Components/Map/MiniMapView.swift -primary-file /Users/jacksonsweet/Desktop/OPS\ APP/OPS/OPS/Views/Components/Map/ProjectMapAnnotation.swift -primary-file /Users/jacksonsweet/Desktop/OPS\ APP/OPS/OPS/Views/Components/Map/ProjectMapView.swift -primary-file /Users/jacksonsweet/Desktop/OPS\ APP/OPS/OPS/Views/Components/Map/ProjectMarkerPopup.swift -primary-file /Users/jacksonsweet/Desktop/OPS\ APP/OPS/OPS/Views/Components/Map/RouteDirectionsView.swift -primary-file /Users/jacksonsweet/Desktop/OPS\ APP/OPS/OPS/Views/Components/Project/ProjectActionBar.swift /Users/jacksonsweet/Desktop/OPS\ APP/OPS/OPS/Views/Components/Project/ProjectCard.swift /Users/jacksonsweet/Desktop/OPS\ APP/OPS/OPS/Views/Components/Project/ProjectCarousel.swift /Users/jacksonsweet/Desktop/OPS\ APP/OPS/OPS/Views/Components/Project/ProjectDetailsView.swift /Users/jacksonsweet/Desktop/OPS\ APP/OPS/OPS/Views/Components/Project/ProjectHeader.swift /Users/jacksonsweet/Desktop/OPS\ APP/OPS/OPS/Views/Components/Project/ProjectSheetContainer.swift /Users/jacksonsweet/Desktop/OPS\ APP/OPS/OPS/Views/Components/User/TeamMemberListView.swift /Users/jacksonsweet/Desktop/OPS\ APP/OPS/OPS/Views/Components/User/UserProfileCard.swift /Users/jacksonsweet/Desktop/OPS\ APP/OPS/OPS/Views/Home/HomeContentView.swift /Users/jacksonsweet/Desktop/OPS\ APP/OPS/OPS/Views/Home/HomeView.swift /Users/jacksonsweet/Desktop/OPS\ APP/OPS/OPS/Views/Settings/OrganizationSettingsView.swift /Users/jacksonsweet/Desktop/OPS\ APP/OPS/OPS/Views/Settings/ProfileSettingsView.swift /Users/jacksonsweet/Desktop/OPS\ APP/OPS/OPS/Views/Settings/ProjectHistorySettingsView.swift /Users/jacksonsweet/Desktop/OPS\ APP/OPS/OPS/Views/LoginView.swift /Users/jacksonsweet/Desktop/OPS\ APP/OPS/OPS/Views/LoginViewPreview.swift /Users/jacksonsweet/Desktop/OPS\ APP/OPS/OPS/Views/MainTabView.swift /Users/jacksonsweet/Desktop/OPS\ APP/OPS/OPS/Views/NetworkStatusIndicator.swift /Users/jacksonsweet/Desktop/OPS\ APP/OPS/OPS/Views/ScheduleView.swift /Users/jacksonsweet/Desktop/OPS\ APP/OPS/OPS/Views/SettingsView.swift /Users/jacksonsweet/Desktop/OPS\ APP/OPS/OPS/Views/SplashScreen.swift /Users/jacksonsweet/Desktop/OPS\ APP/OPS/OPS/AppState.swift /Users/jacksonsweet/Desktop/OPS\ APP/OPS/OPS/ContentView.swift /Users/jacksonsweet/Desktop/OPS\ APP/OPS/OPS/Item.swift /Users/jacksonsweet/Desktop/OPS\ APP/OPS/OPS/OPSApp.swift /Users/jacksonsweet/Library/Developer/Xcode/DerivedData/OPS-czavgtmnvamasvcjgszzuulfcsxj/Build/Intermediates.noindex/OPS.build/Debug-iphonesimulator/OPS.build/DerivedSources/GeneratedAssetSymbols.swift -supplementary-output-file-map /Users/jacksonsweet/Library/Developer/Xcode/DerivedData/OPS-czavgtmnvamasvcjgszzuulfcsxj/Build/Intermediates.noindex/OPS.build/Debug-iphonesimulator/OPS.build/Objects-normal/arm64/supplementaryOutputs-8 -emit-localized-strings -emit-localized-strings-path /Users/jacksonsweet/Library/Developer/Xcode/DerivedData/OPS-czavgtmnvamasvcjgszzuulfcsxj/Build/Intermediates.noindex/OPS.build/Debug-iphonesimulator/OPS.build/Objects-normal/arm64 -target arm64-apple-ios18.2-simulator -Xllvm -aarch64-use-tbi -enable-objc-interop -sdk /Applications/Xcode.app/Contents/Developer/Platforms/iPhoneSimulator.platform/Developer/SDKs/iPhoneSimulator18.2.sdk -I /Users/jacksonsweet/Library/Developer/Xcode/DerivedData/OPS-czavgtmnvamasvcjgszzuulfcsxj/Build/Products/Debug-iphonesimulator -F /Users/jacksonsweet/Library/Developer/Xcode/DerivedData/OPS-czavgtmnvamasvcjgszzuulfcsxj/Build/Products/Debug-iphonesimulator -no-color-diagnostics -enable-testing -g -debug-info-format\=dwarf -dwarf-version\=5 -module-cache-path /Users/jacksonsweet/Library/Developer/Xcode/DerivedData/ModuleCache.noindex -profile-generate -profile-coverage-mapping -swift-version 5 -enforce-exclusivity\=checked -Onone -D DEBUG -serialize-debugging-options -const-gather-protocols-file /Users/jacksonsweet/Library/Developer/Xcode/DerivedData/OPS-czavgtmnvamasvcjgszzuulfcsxj/Build/Intermediates.noindex/OPS.build/Debug-iphonesimulator/OPS.build/Objects-normal/arm64/OPS_const_extract_protocols.json -enable-experimental-feature DebugDescriptionMacro -enable-experimental-feature OpaqueTypeErasure -enable-bare-slash-regex -empty-abi-descriptor -validate-clang-modules-once -clang-build-session-file /Users/jacksonsweet/Library/Developer/Xcode/DerivedData/ModuleCache.noindex/Session.modulevalidation -Xcc -working-directory -Xcc /Users/jacksonsweet/Desktop/OPS\ APP/OPS -resource-dir /Applications/Xcode.app/Contents/Developer/Toolchains/XcodeDefault.xctoolchain/usr/lib/swift -enable-anonymous-context-mangled-names -file-compilation-dir /Users/jacksonsweet/Desktop/OPS\ APP/OPS -Xcc -D_LIBCPP_HARDENING_MODE\=_LIBCPP_HARDENING_MODE_DEBUG -Xcc -ivfsstatcache -Xcc /Users/jacksonsweet/Library/Developer/Xcode/DerivedData/SDKStatCaches.noindex/iphonesimulator18.2-22C146-07b28473f605e47e75261259d3ef3b5a.sdkstatcache -Xcc -I/Users/jacksonsweet/Library/Developer/Xcode/DerivedData/OPS-czavgtmnvamasvcjgszzuulfcsxj/Build/Intermediates.noindex/OPS.build/Debug-iphonesimulator/OPS.build/swift-overrides.hmap -Xcc -iquote -Xcc /Users/jacksonsweet/Library/Developer/Xcode/DerivedData/OPS-czavgtmnvamasvcjgszzuulfcsxj/Build/Intermediates.noindex/OPS.build/Debug-iphonesimulator/OPS.build/OPS-generated-files.hmap -Xcc -I/Users/jacksonsweet/Library/Developer/Xcode/DerivedData/OPS-czavgtmnvamasvcjgszzuulfcsxj/Build/Intermediates.noindex/OPS.build/Debug-iphonesimulator/OPS.build/OPS-own-target-headers.hmap -Xcc -I/Users/jacksonsweet/Library/Developer/Xcode/DerivedData/OPS-czavgtmnvamasvcjgszzuulfcsxj/Build/Intermediates.noindex/OPS.build/Debug-iphonesimulator/OPS.build/OPS-all-target-headers.hmap -Xcc -iquote -Xcc /Users/jacksonsweet/Library/Developer/Xcode/DerivedData/OPS-czavgtmnvamasvcjgszzuulfcsxj/Build/Intermediates.noindex/OPS.build/Debug-iphonesimulator/OPS.build/OPS-project-headers.hmap -Xcc -I/Users/jacksonsweet/Library/Developer/Xcode/DerivedData/OPS-czavgtmnvamasvcjgszzuulfcsxj/Build/Products/Debug-iphonesimulator/include -Xcc -I/Users/jacksonsweet/Library/Developer/Xcode/DerivedData/OPS-czavgtmnvamasvcjgszzuulfcsxj/Build/Intermediates.noindex/OPS.build/Debug-iphonesimulator/OPS.build/DerivedSources-normal/arm64 -Xcc -I/Users/jacksonsweet/Library/Developer/Xcode/DerivedData/OPS-czavgtmnvamasvcjgszzuulfcsxj/Build/Intermediates.noindex/OPS.build/Debug-iphonesimulator/OPS.build/DerivedSources/arm64 -Xcc -I/Users/jacksonsweet/Library/Developer/Xcode/DerivedData/OPS-czavgtmnvamasvcjgszzuulfcsxj/Build/Intermediates.noindex/OPS.build/Debug-iphonesimulator/OPS.build/DerivedSources -Xcc -DDEBUG\=1 -module-name OPS -frontend-parseable-output -disable-clang-spi -target-sdk-version 18.2 -target-sdk-name iphonesimulator18.2 -external-plugin-path /Applications/Xcode.app/Contents/Developer/Platforms/iPhoneOS.platform/Developer/usr/lib/swift/host/plugins\#/Applications/Xcode.app/Contents/Developer/Platforms/iPhoneOS.platform/Developer/usr/bin/swift-plugin-server -external-plugin-path /Applications/Xcode.app/Contents/Developer/Platforms/iPhoneOS.platform/Developer/usr/local/lib/swift/host/plugins\#/Applications/Xcode.app/Contents/Developer/Platforms/iPhoneOS.platform/Developer/usr/bin/swift-plugin-server -plugin-path /Applications/Xcode.app/Contents/Developer/Toolchains/XcodeDefault.xctoolchain/usr/lib/swift/host/plugins -plugin-path /Applications/Xcode.app/Contents/Developer/Toolchains/XcodeDefault.xctoolchain/usr/local/lib/swift/host/plugins -o /Users/jacksonsweet/Library/Developer/Xcode/DerivedData/OPS-czavgtmnvamasvcjgszzuulfcsxj/Build/Intermediates.noindex/OPS.build/Debug-iphonesimulator/OPS.build/Objects-normal/arm64/ImagePicker.o -o /Users/jacksonsweet/Library/Developer/Xcode/DerivedData/OPS-czavgtmnvamasvcjgszzuulfcsxj/Build/Intermediates.noindex/OPS.build/Debug-iphonesimulator/OPS.build/Objects-normal/arm64/ImagePickerView.o -o /Users/jacksonsweet/Library/Developer/Xcode/DerivedData/OPS-czavgtmnvamasvcjgszzuulfcsxj/Build/Intermediates.noindex/OPS.build/Debug-iphonesimulator/OPS.build/Objects-normal/arm64/ProjectImagesSection.o -o /Users/jacksonsweet/Library/Developer/Xcode/DerivedData/OPS-czavgtmnvamasvcjgszzuulfcsxj/Build/Intermediates.noindex/OPS.build/Debug-iphonesimulator/OPS.build/Objects-normal/arm64/ProjectImagesSimple.o -o /Users/jacksonsweet/Library/Developer/Xcode/DerivedData/OPS-czavgtmnvamasvcjgszzuulfcsxj/Build/Intermediates.noindex/OPS.build/Debug-iphonesimulator/OPS.build/Objects-normal/arm64/ProjectImageView.o -o /Users/jacksonsweet/Library/Developer/Xcode/DerivedData/OPS-czavgtmnvamasvcjgszzuulfcsxj/Build/Intermediates.noindex/OPS.build/Debug-iphonesimulator/OPS.build/Objects-normal/arm64/ProjectPhotosGrid.o -o /Users/jacksonsweet/Library/Developer/Xcode/DerivedData/OPS-czavgtmnvamasvcjgszzuulfcsxj/Build/Intermediates.noindex/OPS.build/Debug-iphonesimulator/OPS.build/Objects-normal/arm64/MiniMapView.o -o /Users/jacksonsweet/Library/Developer/Xcode/DerivedData/OPS-czavgtmnvamasvcjgszzuulfcsxj/Build/Intermediates.noindex/OPS.build/Debug-iphonesimulator/OPS.build/Objects-normal/arm64/ProjectMapAnnotation.o -o /Users/jacksonsweet/Library/Developer/Xcode/DerivedData/OPS-czavgtmnvamasvcjgszzuulfcsxj/Build/Intermediates.noindex/OPS.build/Debug-iphonesimulator/OPS.build/Objects-normal/arm64/ProjectMapView.o -o /Users/jacksonsweet/Library/Developer/Xcode/DerivedData/OPS-czavgtmnvamasvcjgszzuulfcsxj/Build/Intermediates.noindex/OPS.build/Debug-iphonesimulator/OPS.build/Objects-normal/arm64/ProjectMarkerPopup.o -o /Users/jacksonsweet/Library/Developer/Xcode/DerivedData/OPS-czavgtmnvamasvcjgszzuulfcsxj/Build/Intermediates.noindex/OPS.build/Debug-iphonesimulator/OPS.build/Objects-normal/arm64/RouteDirectionsView.o -o /Users/jacksonsweet/Library/Developer/Xcode/DerivedData/OPS-czavgtmnvamasvcjgszzuulfcsxj/Build/Intermediates.noindex/OPS.build/Debug-iphonesimulator/OPS.build/Objects-normal/arm64/ProjectActionBar.o -index-unit-output-path /OPS.build/Debug-iphonesimulator/OPS.build/Objects-normal/arm64/ImagePicker.o -index-unit-output-path /OPS.build/Debug-iphonesimulator/OPS.build/Objects-normal/arm64/ImagePickerView.o -index-unit-output-path /OPS.build/Debug-iphonesimulator/OPS.build/Objects-normal/arm64/ProjectImagesSection.o -index-unit-output-path /OPS.build/Debug-iphonesimulator/OPS.build/Objects-normal/arm64/ProjectImagesSimple.o -index-unit-output-path /OPS.build/Debug-iphonesimulator/OPS.build/Objects-normal/arm64/ProjectImageView.o -index-unit-output-path /OPS.build/Debug-iphonesimulator/OPS.build/Objects-normal/arm64/ProjectPhotosGrid.o -index-unit-output-path /OPS.build/Debug-iphonesimulator/OPS.build/Objects-normal/arm64/MiniMapView.o -index-unit-output-path /OPS.build/Debug-iphonesimulator/OPS.build/Objects-normal/arm64/ProjectMapAnnotation.o -index-unit-output-path /OPS.build/Debug-iphonesimulator/OPS.build/Objects-normal/arm64/ProjectMapView.o -index-unit-output-path /OPS.build/Debug-iphonesimulator/OPS.build/Objects-normal/arm64/ProjectMarkerPopup.o -index-unit-output-path /OPS.build/Debug-iphonesimulator/OPS.build/Objects-normal/arm64/RouteDirectionsView.o -index-unit-output-path /OPS.build/Debug-iphonesimulator/OPS.build/Objects-normal/arm64/ProjectActionBar.o -index-store-path /Users/jacksonsweet/Library/Developer/Xcode/DerivedData/OPS-czavgtmnvamasvcjgszzuulfcsxj/Index.noindex/DataStore -index-system-modules

SwiftCompile normal arm64 /Users/jacksonsweet/Desktop/OPS\ APP/OPS/OPS/Views/Components/Project/ProjectActionBar.swift (in target 'OPS' from project 'OPS')
    cd /Users/jacksonsweet/Desktop/OPS\ APP/OPS
    /Applications/Xcode.app/Contents/Developer/Toolchains/XcodeDefault.xctoolchain/usr/bin/swift-frontend -c /Users/jacksonsweet/Desktop/OPS\ APP/OPS/OPS/DataModels/BubbleImage.swift /Users/jacksonsweet/Desktop/OPS\ APP/OPS/OPS/DataModels/BubbleTypes.swift /Users/jacksonsweet/Desktop/OPS\ APP/OPS/OPS/DataModels/Company.swift /Users/jacksonsweet/Desktop/OPS\ APP/OPS/OPS/DataModels/Project.swift /Users/jacksonsweet/Desktop/OPS\ APP/OPS/OPS/DataModels/Status.swift /Users/jacksonsweet/Desktop/OPS\ APP/OPS/OPS/DataModels/User.swift /Users/jacksonsweet/Desktop/OPS\ APP/OPS/OPS/DataModels/UserRole.swift /Users/jacksonsweet/Desktop/OPS\ APP/OPS/OPS/Extensions/UIImage+Extensions.swift /Users/jacksonsweet/Desktop/OPS\ APP/OPS/OPS/Network/API/APIError.swift /Users/jacksonsweet/Desktop/OPS\ APP/OPS/OPS/Network/API/APIService.swift /Users/jacksonsweet/Desktop/OPS\ APP/OPS/OPS/Network/API/BubbleFields.swift /Users/jacksonsweet/Desktop/OPS\ APP/OPS/OPS/Network/Auth/AuthError.swift /Users/jacksonsweet/Desktop/OPS\ APP/OPS/OPS/Network/Auth/AuthManager.swift /Users/jacksonsweet/Desktop/OPS\ APP/OPS/OPS/Network/Auth/KeychainManager.swift /Users/jacksonsweet/Desktop/OPS\ APP/OPS/OPS/Network/DTOs/CompanyDTO.swift /Users/jacksonsweet/Desktop/OPS\ APP/OPS/OPS/Network/DTOs/ProjectDTO.swift /Users/jacksonsweet/Desktop/OPS\ APP/OPS/OPS/Network/DTOs/UserDTO.swift /Users/jacksonsweet/Desktop/OPS\ APP/OPS/OPS/Network/Endpoints/CompanyEndpoints.swift /Users/jacksonsweet/Desktop/OPS\ APP/OPS/OPS/Network/Endpoints/ProjectEndpoints.swift /Users/jacksonsweet/Desktop/OPS\ APP/OPS/OPS/Network/Endpoints/UserEndpoints.swift /Users/jacksonsweet/Desktop/OPS\ APP/OPS/OPS/Network/Sync/BackgroundTaskManager.swift /Users/jacksonsweet/Desktop/OPS\ APP/OPS/OPS/Network/Sync/SyncManager.swift /Users/jacksonsweet/Desktop/OPS\ APP/OPS/OPS/Network/ConnectivityMonitor.swift /Users/jacksonsweet/Desktop/OPS\ APP/OPS/OPS/Network/ImageSyncManager.swift /Users/jacksonsweet/Desktop/OPS\ APP/OPS/OPS/Onboarding/Coordinators/OnboardingCoordinator.swift /Users/jacksonsweet/Desktop/OPS\ APP/OPS/OPS/Onboarding/Models/OnboardingModels.swift /Users/jacksonsweet/Desktop/OPS\ APP/OPS/OPS/Onboarding/Services/OnboardingService.swift /Users/jacksonsweet/Desktop/OPS\ APP/OPS/OPS/Onboarding/ViewModels/OnboardingViewModel.swift /Users/jacksonsweet/Desktop/OPS\ APP/OPS/OPS/Onboarding/Views/Components/OnboardingComponents.swift /Users/jacksonsweet/Desktop/OPS\ APP/OPS/OPS/Onboarding/Views/Screens/AccountCreatedView.swift /Users/jacksonsweet/Desktop/OPS\ APP/OPS/OPS/Onboarding/Views/Screens/CompanyCodeView.swift /Users/jacksonsweet/Desktop/OPS\ APP/OPS/OPS/Onboarding/Views/Screens/CompanyCodeViewPreview.swift /Users/jacksonsweet/Desktop/OPS\ APP/OPS/OPS/Onboarding/Views/Screens/CompletionView.swift /Users/jacksonsweet/Desktop/OPS\ APP/OPS/OPS/Onboarding/Views/Screens/CompletionViewPreview.swift /Users/jacksonsweet/Desktop/OPS\ APP/OPS/OPS/Onboarding/Views/Screens/EmailView.swift /Users/jacksonsweet/Desktop/OPS\ APP/OPS/OPS/Onboarding/Views/Screens/FieldSetupView.swift /Users/jacksonsweet/Desktop/OPS\ APP/OPS/OPS/Onboarding/Views/Screens/NotificationsView.swift /Users/jacksonsweet/Desktop/OPS\ APP/OPS/OPS/Onboarding/Views/Screens/NotificationsViewPreview.swift /Users/jacksonsweet/Desktop/OPS\ APP/OPS/OPS/Onboarding/Views/Screens/OrganizationJoinView.swift /Users/jacksonsweet/Desktop/OPS\ APP/OPS/OPS/Onboarding/Views/Screens/PasswordView.swift /Users/jacksonsweet/Desktop/OPS\ APP/OPS/OPS/Onboarding/Views/Screens/PasswordViewPreview.swift /Users/jacksonsweet/Desktop/OPS\ APP/OPS/OPS/Onboarding/Views/Screens/PermissionsView.swift /Users/jacksonsweet/Desktop/OPS\ APP/OPS/OPS/Onboarding/Views/Screens/PermissionsViewPreview.swift /Users/jacksonsweet/Desktop/OPS\ APP/OPS/OPS/Onboarding/Views/Screens/PhoneNumberView.swift /Users/jacksonsweet/Desktop/OPS\ APP/OPS/OPS/Onboarding/Views/Screens/PhoneNumberViewPreview.swift /Users/jacksonsweet/Desktop/OPS\ APP/OPS/OPS/Onboarding/Views/Screens/UserInfoView.swift /Users/jacksonsweet/Desktop/OPS\ APP/OPS/OPS/Onboarding/Views/Screens/UserInfoViewPreview.swift /Users/jacksonsweet/Desktop/OPS\ APP/OPS/OPS/Onboarding/Views/Screens/VerifyPhoneView.swift /Users/jacksonsweet/Desktop/OPS\ APP/OPS/OPS/Onboarding/Views/Screens/WelcomeCompanyView.swift /Users/jacksonsweet/Desktop/OPS\ APP/OPS/OPS/Onboarding/Views/Screens/WelcomeCompanyViewPreview.swift /Users/jacksonsweet/Desktop/OPS\ APP/OPS/OPS/Onboarding/Views/Screens/WelcomeView.swift /Users/jacksonsweet/Desktop/OPS\ APP/OPS/OPS/Onboarding/Views/Screens/WelcomeViewPreview.swift /Users/jacksonsweet/Desktop/OPS\ APP/OPS/OPS/Onboarding/Views/OnboardingContainerView.swift /Users/jacksonsweet/Desktop/OPS\ APP/OPS/OPS/Onboarding/Views/OnboardingFlowPreview.swift /Users/jacksonsweet/Desktop/OPS\ APP/OPS/OPS/Onboarding/Views/OnboardingPresenter.swift /Users/jacksonsweet/Desktop/OPS\ APP/OPS/OPS/Onboarding/Views/OnboardingPreviewHelpers.swift /Users/jacksonsweet/Desktop/OPS\ APP/OPS/OPS/Styles/OPSStyle.swift /Users/jacksonsweet/Desktop/OPS\ APP/OPS/OPS/Utilities/AppConfiguration.swift /Users/jacksonsweet/Desktop/OPS\ APP/OPS/OPS/Utilities/ArrayTransformer.swift /Users/jacksonsweet/Desktop/OPS\ APP/OPS/OPS/Utilities/DataController.swift /Users/jacksonsweet/Desktop/OPS\ APP/OPS/OPS/Utilities/Dateformatter\ +Bubble.swift /Users/jacksonsweet/Desktop/OPS\ APP/OPS/OPS/Utilities/DateHelper.swift /Users/jacksonsweet/Desktop/OPS\ APP/OPS/OPS/Utilities/FieldErrorHandler.swift /Users/jacksonsweet/Desktop/OPS\ APP/OPS/OPS/Utilities/ImageCache.swift /Users/jacksonsweet/Desktop/OPS\ APP/OPS/OPS/Utilities/ImageFileManager.swift /Users/jacksonsweet/Desktop/OPS\ APP/OPS/OPS/Utilities/InProgressManager.swift /Users/jacksonsweet/Desktop/OPS\ APP/OPS/OPS/Utilities/KeyboardDismissalModifier.swift /Users/jacksonsweet/Desktop/OPS\ APP/OPS/OPS/Utilities/LocationManager.swift /Users/jacksonsweet/Desktop/OPS\ APP/OPS/OPS/Utilities/OnboardingEnvironmentKey.swift /Users/jacksonsweet/Desktop/OPS\ APP/OPS/OPS/Utilities/SwiftDataHelper.swift /Users/jacksonsweet/Desktop/OPS\ APP/OPS/OPS/Utilities/UIComponents.swift /Users/jacksonsweet/Desktop/OPS\ APP/OPS/OPS/V2/CertificationsSettingsView.swift /Users/jacksonsweet/Desktop/OPS\ APP/OPS/OPS/ViewModels/CalendarViewModel.swift /Users/jacksonsweet/Desktop/OPS\ APP/OPS/OPS/ViewModels/ProjectsViewModel.swift /Users/jacksonsweet/Desktop/OPS\ APP/OPS/OPS/Views/Calendar\ Tab/Components/CalendarDaySelector.swift /Users/jacksonsweet/Desktop/OPS\ APP/OPS/OPS/Views/Calendar\ Tab/Components/CalendarHeaderView.swift /Users/jacksonsweet/Desktop/OPS\ APP/OPS/OPS/Views/Calendar\ Tab/Components/CalendarProjectCard.swift /Users/jacksonsweet/Desktop/OPS\ APP/OPS/OPS/Views/Calendar\ Tab/Components/CalendarToggleView.swift /Users/jacksonsweet/Desktop/OPS\ APP/OPS/OPS/Views/Calendar\ Tab/Components/DatePickerPopover.swift /Users/jacksonsweet/Desktop/OPS\ APP/OPS/OPS/Views/Calendar\ Tab/Components/DayCell.swift /Users/jacksonsweet/Desktop/OPS\ APP/OPS/OPS/Views/Calendar\ Tab/ProjectViews/DayProjectSheet.swift /Users/jacksonsweet/Desktop/OPS\ APP/OPS/OPS/Views/Calendar\ Tab/ProjectViews/ProjectListView.swift /Users/jacksonsweet/Desktop/OPS\ APP/OPS/OPS/Views/Calendar\ Tab/MonthGridView.swift /Users/jacksonsweet/Desktop/OPS\ APP/OPS/OPS/Views/Components/Common/AppHeader.swift /Users/jacksonsweet/Desktop/OPS\ APP/OPS/OPS/Views/Components/Common/ExpandableNotesView.swift /Users/jacksonsweet/Desktop/OPS\ APP/OPS/OPS/Views/Components/Common/LocationPermissionView.swift /Users/jacksonsweet/Desktop/OPS\ APP/OPS/OPS/Views/Components/Common/NavigationBanner.swift /Users/jacksonsweet/Desktop/OPS\ APP/OPS/OPS/Views/Components/Common/NavigationControlsView.swift /Users/jacksonsweet/Desktop/OPS\ APP/OPS/OPS/Views/Components/Common/TabBarBackground.swift -primary-file /Users/jacksonsweet/Desktop/OPS\ APP/OPS/OPS/Views/Components/Images/ImagePicker.swift -primary-file /Users/jacksonsweet/Desktop/OPS\ APP/OPS/OPS/Views/Components/Images/ImagePickerView.swift -primary-file /Users/jacksonsweet/Desktop/OPS\ APP/OPS/OPS/Views/Components/Images/ProjectImagesSection.swift -primary-file /Users/jacksonsweet/Desktop/OPS\ APP/OPS/OPS/Views/Components/Images/ProjectImagesSimple.swift -primary-file /Users/jacksonsweet/Desktop/OPS\ APP/OPS/OPS/Views/Components/Images/ProjectImageView.swift -primary-file /Users/jacksonsweet/Desktop/OPS\ APP/OPS/OPS/Views/Components/Images/ProjectPhotosGrid.swift -primary-file /Users/jacksonsweet/Desktop/OPS\ APP/OPS/OPS/Views/Components/Map/MiniMapView.swift -primary-file /Users/jacksonsweet/Desktop/OPS\ APP/OPS/OPS/Views/Components/Map/ProjectMapAnnotation.swift -primary-file /Users/jacksonsweet/Desktop/OPS\ APP/OPS/OPS/Views/Components/Map/ProjectMapView.swift -primary-file /Users/jacksonsweet/Desktop/OPS\ APP/OPS/OPS/Views/Components/Map/ProjectMarkerPopup.swift -primary-file /Users/jacksonsweet/Desktop/OPS\ APP/OPS/OPS/Views/Components/Map/RouteDirectionsView.swift -primary-file /Users/jacksonsweet/Desktop/OPS\ APP/OPS/OPS/Views/Components/Project/ProjectActionBar.swift /Users/jacksonsweet/Desktop/OPS\ APP/OPS/OPS/Views/Components/Project/ProjectCard.swift /Users/jacksonsweet/Desktop/OPS\ APP/OPS/OPS/Views/Components/Project/ProjectCarousel.swift /Users/jacksonsweet/Desktop/OPS\ APP/OPS/OPS/Views/Components/Project/ProjectDetailsView.swift /Users/jacksonsweet/Desktop/OPS\ APP/OPS/OPS/Views/Components/Project/ProjectHeader.swift /Users/jacksonsweet/Desktop/OPS\ APP/OPS/OPS/Views/Components/Project/ProjectSheetContainer.swift /Users/jacksonsweet/Desktop/OPS\ APP/OPS/OPS/Views/Components/User/TeamMemberListView.swift /Users/jacksonsweet/Desktop/OPS\ APP/OPS/OPS/Views/Components/User/UserProfileCard.swift /Users/jacksonsweet/Desktop/OPS\ APP/OPS/OPS/Views/Home/HomeContentView.swift /Users/jacksonsweet/Desktop/OPS\ APP/OPS/OPS/Views/Home/HomeView.swift /Users/jacksonsweet/Desktop/OPS\ APP/OPS/OPS/Views/Settings/OrganizationSettingsView.swift /Users/jacksonsweet/Desktop/OPS\ APP/OPS/OPS/Views/Settings/ProfileSettingsView.swift /Users/jacksonsweet/Desktop/OPS\ APP/OPS/OPS/Views/Settings/ProjectHistorySettingsView.swift /Users/jacksonsweet/Desktop/OPS\ APP/OPS/OPS/Views/LoginView.swift /Users/jacksonsweet/Desktop/OPS\ APP/OPS/OPS/Views/LoginViewPreview.swift /Users/jacksonsweet/Desktop/OPS\ APP/OPS/OPS/Views/MainTabView.swift /Users/jacksonsweet/Desktop/OPS\ APP/OPS/OPS/Views/NetworkStatusIndicator.swift /Users/jacksonsweet/Desktop/OPS\ APP/OPS/OPS/Views/ScheduleView.swift /Users/jacksonsweet/Desktop/OPS\ APP/OPS/OPS/Views/SettingsView.swift /Users/jacksonsweet/Desktop/OPS\ APP/OPS/OPS/Views/SplashScreen.swift /Users/jacksonsweet/Desktop/OPS\ APP/OPS/OPS/AppState.swift /Users/jacksonsweet/Desktop/OPS\ APP/OPS/OPS/ContentView.swift /Users/jacksonsweet/Desktop/OPS\ APP/OPS/OPS/Item.swift /Users/jacksonsweet/Desktop/OPS\ APP/OPS/OPS/OPSApp.swift /Users/jacksonsweet/Library/Developer/Xcode/DerivedData/OPS-czavgtmnvamasvcjgszzuulfcsxj/Build/Intermediates.noindex/OPS.build/Debug-iphonesimulator/OPS.build/DerivedSources/GeneratedAssetSymbols.swift -supplementary-output-file-map /Users/jacksonsweet/Library/Developer/Xcode/DerivedData/OPS-czavgtmnvamasvcjgszzuulfcsxj/Build/Intermediates.noindex/OPS.build/Debug-iphonesimulator/OPS.build/Objects-normal/arm64/supplementaryOutputs-8 -emit-localized-strings -emit-localized-strings-path /Users/jacksonsweet/Library/Developer/Xcode/DerivedData/OPS-czavgtmnvamasvcjgszzuulfcsxj/Build/Intermediates.noindex/OPS.build/Debug-iphonesimulator/OPS.build/Objects-normal/arm64 -target arm64-apple-ios18.2-simulator -Xllvm -aarch64-use-tbi -enable-objc-interop -sdk /Applications/Xcode.app/Contents/Developer/Platforms/iPhoneSimulator.platform/Developer/SDKs/iPhoneSimulator18.2.sdk -I /Users/jacksonsweet/Library/Developer/Xcode/DerivedData/OPS-czavgtmnvamasvcjgszzuulfcsxj/Build/Products/Debug-iphonesimulator -F /Users/jacksonsweet/Library/Developer/Xcode/DerivedData/OPS-czavgtmnvamasvcjgszzuulfcsxj/Build/Products/Debug-iphonesimulator -no-color-diagnostics -enable-testing -g -debug-info-format\=dwarf -dwarf-version\=5 -module-cache-path /Users/jacksonsweet/Library/Developer/Xcode/DerivedData/ModuleCache.noindex -profile-generate -profile-coverage-mapping -swift-version 5 -enforce-exclusivity\=checked -Onone -D DEBUG -serialize-debugging-options -const-gather-protocols-file /Users/jacksonsweet/Library/Developer/Xcode/DerivedData/OPS-czavgtmnvamasvcjgszzuulfcsxj/Build/Intermediates.noindex/OPS.build/Debug-iphonesimulator/OPS.build/Objects-normal/arm64/OPS_const_extract_protocols.json -enable-experimental-feature DebugDescriptionMacro -enable-experimental-feature OpaqueTypeErasure -enable-bare-slash-regex -empty-abi-descriptor -validate-clang-modules-once -clang-build-session-file /Users/jacksonsweet/Library/Developer/Xcode/DerivedData/ModuleCache.noindex/Session.modulevalidation -Xcc -working-directory -Xcc /Users/jacksonsweet/Desktop/OPS\ APP/OPS -resource-dir /Applications/Xcode.app/Contents/Developer/Toolchains/XcodeDefault.xctoolchain/usr/lib/swift -enable-anonymous-context-mangled-names -file-compilation-dir /Users/jacksonsweet/Desktop/OPS\ APP/OPS -Xcc -D_LIBCPP_HARDENING_MODE\=_LIBCPP_HARDENING_MODE_DEBUG -Xcc -ivfsstatcache -Xcc /Users/jacksonsweet/Library/Developer/Xcode/DerivedData/SDKStatCaches.noindex/iphonesimulator18.2-22C146-07b28473f605e47e75261259d3ef3b5a.sdkstatcache -Xcc -I/Users/jacksonsweet/Library/Developer/Xcode/DerivedData/OPS-czavgtmnvamasvcjgszzuulfcsxj/Build/Intermediates.noindex/OPS.build/Debug-iphonesimulator/OPS.build/swift-overrides.hmap -Xcc -iquote -Xcc /Users/jacksonsweet/Library/Developer/Xcode/DerivedData/OPS-czavgtmnvamasvcjgszzuulfcsxj/Build/Intermediates.noindex/OPS.build/Debug-iphonesimulator/OPS.build/OPS-generated-files.hmap -Xcc -I/Users/jacksonsweet/Library/Developer/Xcode/DerivedData/OPS-czavgtmnvamasvcjgszzuulfcsxj/Build/Intermediates.noindex/OPS.build/Debug-iphonesimulator/OPS.build/OPS-own-target-headers.hmap -Xcc -I/Users/jacksonsweet/Library/Developer/Xcode/DerivedData/OPS-czavgtmnvamasvcjgszzuulfcsxj/Build/Intermediates.noindex/OPS.build/Debug-iphonesimulator/OPS.build/OPS-all-target-headers.hmap -Xcc -iquote -Xcc /Users/jacksonsweet/Library/Developer/Xcode/DerivedData/OPS-czavgtmnvamasvcjgszzuulfcsxj/Build/Intermediates.noindex/OPS.build/Debug-iphonesimulator/OPS.build/OPS-project-headers.hmap -Xcc -I/Users/jacksonsweet/Library/Developer/Xcode/DerivedData/OPS-czavgtmnvamasvcjgszzuulfcsxj/Build/Products/Debug-iphonesimulator/include -Xcc -I/Users/jacksonsweet/Library/Developer/Xcode/DerivedData/OPS-czavgtmnvamasvcjgszzuulfcsxj/Build/Intermediates.noindex/OPS.build/Debug-iphonesimulator/OPS.build/DerivedSources-normal/arm64 -Xcc -I/Users/jacksonsweet/Library/Developer/Xcode/DerivedData/OPS-czavgtmnvamasvcjgszzuulfcsxj/Build/Intermediates.noindex/OPS.build/Debug-iphonesimulator/OPS.build/DerivedSources/arm64 -Xcc -I/Users/jacksonsweet/Library/Developer/Xcode/DerivedData/OPS-czavgtmnvamasvcjgszzuulfcsxj/Build/Intermediates.noindex/OPS.build/Debug-iphonesimulator/OPS.build/DerivedSources -Xcc -DDEBUG\=1 -module-name OPS -frontend-parseable-output -disable-clang-spi -target-sdk-version 18.2 -target-sdk-name iphonesimulator18.2 -external-plugin-path /Applications/Xcode.app/Contents/Developer/Platforms/iPhoneOS.platform/Developer/usr/lib/swift/host/plugins\#/Applications/Xcode.app/Contents/Developer/Platforms/iPhoneOS.platform/Developer/usr/bin/swift-plugin-server -external-plugin-path /Applications/Xcode.app/Contents/Developer/Platforms/iPhoneOS.platform/Developer/usr/local/lib/swift/host/plugins\#/Applications/Xcode.app/Contents/Developer/Platforms/iPhoneOS.platform/Developer/usr/bin/swift-plugin-server -plugin-path /Applications/Xcode.app/Contents/Developer/Toolchains/XcodeDefault.xctoolchain/usr/lib/swift/host/plugins -plugin-path /Applications/Xcode.app/Contents/Developer/Toolchains/XcodeDefault.xctoolchain/usr/local/lib/swift/host/plugins -o /Users/jacksonsweet/Library/Developer/Xcode/DerivedData/OPS-czavgtmnvamasvcjgszzuulfcsxj/Build/Intermediates.noindex/OPS.build/Debug-iphonesimulator/OPS.build/Objects-normal/arm64/ImagePicker.o -o /Users/jacksonsweet/Library/Developer/Xcode/DerivedData/OPS-czavgtmnvamasvcjgszzuulfcsxj/Build/Intermediates.noindex/OPS.build/Debug-iphonesimulator/OPS.build/Objects-normal/arm64/ImagePickerView.o -o /Users/jacksonsweet/Library/Developer/Xcode/DerivedData/OPS-czavgtmnvamasvcjgszzuulfcsxj/Build/Intermediates.noindex/OPS.build/Debug-iphonesimulator/OPS.build/Objects-normal/arm64/ProjectImagesSection.o -o /Users/jacksonsweet/Library/Developer/Xcode/DerivedData/OPS-czavgtmnvamasvcjgszzuulfcsxj/Build/Intermediates.noindex/OPS.build/Debug-iphonesimulator/OPS.build/Objects-normal/arm64/ProjectImagesSimple.o -o /Users/jacksonsweet/Library/Developer/Xcode/DerivedData/OPS-czavgtmnvamasvcjgszzuulfcsxj/Build/Intermediates.noindex/OPS.build/Debug-iphonesimulator/OPS.build/Objects-normal/arm64/ProjectImageView.o -o /Users/jacksonsweet/Library/Developer/Xcode/DerivedData/OPS-czavgtmnvamasvcjgszzuulfcsxj/Build/Intermediates.noindex/OPS.build/Debug-iphonesimulator/OPS.build/Objects-normal/arm64/ProjectPhotosGrid.o -o /Users/jacksonsweet/Library/Developer/Xcode/DerivedData/OPS-czavgtmnvamasvcjgszzuulfcsxj/Build/Intermediates.noindex/OPS.build/Debug-iphonesimulator/OPS.build/Objects-normal/arm64/MiniMapView.o -o /Users/jacksonsweet/Library/Developer/Xcode/DerivedData/OPS-czavgtmnvamasvcjgszzuulfcsxj/Build/Intermediates.noindex/OPS.build/Debug-iphonesimulator/OPS.build/Objects-normal/arm64/ProjectMapAnnotation.o -o /Users/jacksonsweet/Library/Developer/Xcode/DerivedData/OPS-czavgtmnvamasvcjgszzuulfcsxj/Build/Intermediates.noindex/OPS.build/Debug-iphonesimulator/OPS.build/Objects-normal/arm64/ProjectMapView.o -o /Users/jacksonsweet/Library/Developer/Xcode/DerivedData/OPS-czavgtmnvamasvcjgszzuulfcsxj/Build/Intermediates.noindex/OPS.build/Debug-iphonesimulator/OPS.build/Objects-normal/arm64/ProjectMarkerPopup.o -o /Users/jacksonsweet/Library/Developer/Xcode/DerivedData/OPS-czavgtmnvamasvcjgszzuulfcsxj/Build/Intermediates.noindex/OPS.build/Debug-iphonesimulator/OPS.build/Objects-normal/arm64/RouteDirectionsView.o -o /Users/jacksonsweet/Library/Developer/Xcode/DerivedData/OPS-czavgtmnvamasvcjgszzuulfcsxj/Build/Intermediates.noindex/OPS.build/Debug-iphonesimulator/OPS.build/Objects-normal/arm64/ProjectActionBar.o -index-unit-output-path /OPS.build/Debug-iphonesimulator/OPS.build/Objects-normal/arm64/ImagePicker.o -index-unit-output-path /OPS.build/Debug-iphonesimulator/OPS.build/Objects-normal/arm64/ImagePickerView.o -index-unit-output-path /OPS.build/Debug-iphonesimulator/OPS.build/Objects-normal/arm64/ProjectImagesSection.o -index-unit-output-path /OPS.build/Debug-iphonesimulator/OPS.build/Objects-normal/arm64/ProjectImagesSimple.o -index-unit-output-path /OPS.build/Debug-iphonesimulator/OPS.build/Objects-normal/arm64/ProjectImageView.o -index-unit-output-path /OPS.build/Debug-iphonesimulator/OPS.build/Objects-normal/arm64/ProjectPhotosGrid.o -index-unit-output-path /OPS.build/Debug-iphonesimulator/OPS.build/Objects-normal/arm64/MiniMapView.o -index-unit-output-path /OPS.build/Debug-iphonesimulator/OPS.build/Objects-normal/arm64/ProjectMapAnnotation.o -index-unit-output-path /OPS.build/Debug-iphonesimulator/OPS.build/Objects-normal/arm64/ProjectMapView.o -index-unit-output-path /OPS.build/Debug-iphonesimulator/OPS.build/Objects-normal/arm64/ProjectMarkerPopup.o -index-unit-output-path /OPS.build/Debug-iphonesimulator/OPS.build/Objects-normal/arm64/RouteDirectionsView.o -index-unit-output-path /OPS.build/Debug-iphonesimulator/OPS.build/Objects-normal/arm64/ProjectActionBar.o -index-store-path /Users/jacksonsweet/Library/Developer/Xcode/DerivedData/OPS-czavgtmnvamasvcjgszzuulfcsxj/Index.noindex/DataStore -index-system-modules

SwiftCompile normal arm64 Compiling\ LoginView.swift,\ LoginViewPreview.swift,\ MainTabView.swift,\ NetworkStatusIndicator.swift,\ ScheduleView.swift,\ SettingsView.swift,\ SplashScreen.swift,\ AppState.swift,\ ContentView.swift,\ Item.swift,\ OPSApp.swift,\ GeneratedAssetSymbols.swift /Users/jacksonsweet/Desktop/OPS\ APP/OPS/OPS/Views/LoginView.swift /Users/jacksonsweet/Desktop/OPS\ APP/OPS/OPS/Views/LoginViewPreview.swift /Users/jacksonsweet/Desktop/OPS\ APP/OPS/OPS/Views/MainTabView.swift /Users/jacksonsweet/Desktop/OPS\ APP/OPS/OPS/Views/NetworkStatusIndicator.swift /Users/jacksonsweet/Desktop/OPS\ APP/OPS/OPS/Views/ScheduleView.swift /Users/jacksonsweet/Desktop/OPS\ APP/OPS/OPS/Views/SettingsView.swift /Users/jacksonsweet/Desktop/OPS\ APP/OPS/OPS/Views/SplashScreen.swift /Users/jacksonsweet/Desktop/OPS\ APP/OPS/OPS/AppState.swift /Users/jacksonsweet/Desktop/OPS\ APP/OPS/OPS/ContentView.swift /Users/jacksonsweet/Desktop/OPS\ APP/OPS/OPS/Item.swift /Users/jacksonsweet/Desktop/OPS\ APP/OPS/OPS/OPSApp.swift /Users/jacksonsweet/Library/Developer/Xcode/DerivedData/OPS-czavgtmnvamasvcjgszzuulfcsxj/Build/Intermediates.noindex/OPS.build/Debug-iphonesimulator/OPS.build/DerivedSources/GeneratedAssetSymbols.swift (in target 'OPS' from project 'OPS')
    cd /Users/jacksonsweet/Desktop/OPS\ APP/OPS
    builtin-swiftTaskExecution -- /Applications/Xcode.app/Contents/Developer/Toolchains/XcodeDefault.xctoolchain/usr/bin/swift-frontend -frontend -c /Users/jacksonsweet/Desktop/OPS\ APP/OPS/OPS/DataModels/BubbleImage.swift /Users/jacksonsweet/Desktop/OPS\ APP/OPS/OPS/DataModels/BubbleTypes.swift /Users/jacksonsweet/Desktop/OPS\ APP/OPS/OPS/DataModels/Company.swift /Users/jacksonsweet/Desktop/OPS\ APP/OPS/OPS/DataModels/Project.swift /Users/jacksonsweet/Desktop/OPS\ APP/OPS/OPS/DataModels/Status.swift /Users/jacksonsweet/Desktop/OPS\ APP/OPS/OPS/DataModels/User.swift /Users/jacksonsweet/Desktop/OPS\ APP/OPS/OPS/DataModels/UserRole.swift /Users/jacksonsweet/Desktop/OPS\ APP/OPS/OPS/Extensions/UIImage+Extensions.swift /Users/jacksonsweet/Desktop/OPS\ APP/OPS/OPS/Network/API/APIError.swift /Users/jacksonsweet/Desktop/OPS\ APP/OPS/OPS/Network/API/APIService.swift /Users/jacksonsweet/Desktop/OPS\ APP/OPS/OPS/Network/API/BubbleFields.swift /Users/jacksonsweet/Desktop/OPS\ APP/OPS/OPS/Network/Auth/AuthError.swift /Users/jacksonsweet/Desktop/OPS\ APP/OPS/OPS/Network/Auth/AuthManager.swift /Users/jacksonsweet/Desktop/OPS\ APP/OPS/OPS/Network/Auth/KeychainManager.swift /Users/jacksonsweet/Desktop/OPS\ APP/OPS/OPS/Network/DTOs/CompanyDTO.swift /Users/jacksonsweet/Desktop/OPS\ APP/OPS/OPS/Network/DTOs/ProjectDTO.swift /Users/jacksonsweet/Desktop/OPS\ APP/OPS/OPS/Network/DTOs/UserDTO.swift /Users/jacksonsweet/Desktop/OPS\ APP/OPS/OPS/Network/Endpoints/CompanyEndpoints.swift /Users/jacksonsweet/Desktop/OPS\ APP/OPS/OPS/Network/Endpoints/ProjectEndpoints.swift /Users/jacksonsweet/Desktop/OPS\ APP/OPS/OPS/Network/Endpoints/UserEndpoints.swift /Users/jacksonsweet/Desktop/OPS\ APP/OPS/OPS/Network/Sync/BackgroundTaskManager.swift /Users/jacksonsweet/Desktop/OPS\ APP/OPS/OPS/Network/Sync/SyncManager.swift /Users/jacksonsweet/Desktop/OPS\ APP/OPS/OPS/Network/ConnectivityMonitor.swift /Users/jacksonsweet/Desktop/OPS\ APP/OPS/OPS/Network/ImageSyncManager.swift /Users/jacksonsweet/Desktop/OPS\ APP/OPS/OPS/Onboarding/Coordinators/OnboardingCoordinator.swift /Users/jacksonsweet/Desktop/OPS\ APP/OPS/OPS/Onboarding/Models/OnboardingModels.swift /Users/jacksonsweet/Desktop/OPS\ APP/OPS/OPS/Onboarding/Services/OnboardingService.swift /Users/jacksonsweet/Desktop/OPS\ APP/OPS/OPS/Onboarding/ViewModels/OnboardingViewModel.swift /Users/jacksonsweet/Desktop/OPS\ APP/OPS/OPS/Onboarding/Views/Components/OnboardingComponents.swift /Users/jacksonsweet/Desktop/OPS\ APP/OPS/OPS/Onboarding/Views/Screens/AccountCreatedView.swift /Users/jacksonsweet/Desktop/OPS\ APP/OPS/OPS/Onboarding/Views/Screens/CompanyCodeView.swift /Users/jacksonsweet/Desktop/OPS\ APP/OPS/OPS/Onboarding/Views/Screens/CompanyCodeViewPreview.swift /Users/jacksonsweet/Desktop/OPS\ APP/OPS/OPS/Onboarding/Views/Screens/CompletionView.swift /Users/jacksonsweet/Desktop/OPS\ APP/OPS/OPS/Onboarding/Views/Screens/CompletionViewPreview.swift /Users/jacksonsweet/Desktop/OPS\ APP/OPS/OPS/Onboarding/Views/Screens/EmailView.swift /Users/jacksonsweet/Desktop/OPS\ APP/OPS/OPS/Onboarding/Views/Screens/FieldSetupView.swift /Users/jacksonsweet/Desktop/OPS\ APP/OPS/OPS/Onboarding/Views/Screens/NotificationsView.swift /Users/jacksonsweet/Desktop/OPS\ APP/OPS/OPS/Onboarding/Views/Screens/NotificationsViewPreview.swift /Users/jacksonsweet/Desktop/OPS\ APP/OPS/OPS/Onboarding/Views/Screens/OrganizationJoinView.swift /Users/jacksonsweet/Desktop/OPS\ APP/OPS/OPS/Onboarding/Views/Screens/PasswordView.swift /Users/jacksonsweet/Desktop/OPS\ APP/OPS/OPS/Onboarding/Views/Screens/PasswordViewPreview.swift /Users/jacksonsweet/Desktop/OPS\ APP/OPS/OPS/Onboarding/Views/Screens/PermissionsView.swift /Users/jacksonsweet/Desktop/OPS\ APP/OPS/OPS/Onboarding/Views/Screens/PermissionsViewPreview.swift /Users/jacksonsweet/Desktop/OPS\ APP/OPS/OPS/Onboarding/Views/Screens/PhoneNumberView.swift /Users/jacksonsweet/Desktop/OPS\ APP/OPS/OPS/Onboarding/Views/Screens/PhoneNumberViewPreview.swift /Users/jacksonsweet/Desktop/OPS\ APP/OPS/OPS/Onboarding/Views/Screens/UserInfoView.swift /Users/jacksonsweet/Desktop/OPS\ APP/OPS/OPS/Onboarding/Views/Screens/UserInfoViewPreview.swift /Users/jacksonsweet/Desktop/OPS\ APP/OPS/OPS/Onboarding/Views/Screens/VerifyPhoneView.swift /Users/jacksonsweet/Desktop/OPS\ APP/OPS/OPS/Onboarding/Views/Screens/WelcomeCompanyView.swift /Users/jacksonsweet/Desktop/OPS\ APP/OPS/OPS/Onboarding/Views/Screens/WelcomeCompanyViewPreview.swift /Users/jacksonsweet/Desktop/OPS\ APP/OPS/OPS/Onboarding/Views/Screens/WelcomeView.swift /Users/jacksonsweet/Desktop/OPS\ APP/OPS/OPS/Onboarding/Views/Screens/WelcomeViewPreview.swift /Users/jacksonsweet/Desktop/OPS\ APP/OPS/OPS/Onboarding/Views/OnboardingContainerView.swift /Users/jacksonsweet/Desktop/OPS\ APP/OPS/OPS/Onboarding/Views/OnboardingFlowPreview.swift /Users/jacksonsweet/Desktop/OPS\ APP/OPS/OPS/Onboarding/Views/OnboardingPresenter.swift /Users/jacksonsweet/Desktop/OPS\ APP/OPS/OPS/Onboarding/Views/OnboardingPreviewHelpers.swift /Users/jacksonsweet/Desktop/OPS\ APP/OPS/OPS/Styles/OPSStyle.swift /Users/jacksonsweet/Desktop/OPS\ APP/OPS/OPS/Utilities/AppConfiguration.swift /Users/jacksonsweet/Desktop/OPS\ APP/OPS/OPS/Utilities/ArrayTransformer.swift /Users/jacksonsweet/Desktop/OPS\ APP/OPS/OPS/Utilities/DataController.swift /Users/jacksonsweet/Desktop/OPS\ APP/OPS/OPS/Utilities/Dateformatter\ +Bubble.swift /Users/jacksonsweet/Desktop/OPS\ APP/OPS/OPS/Utilities/DateHelper.swift /Users/jacksonsweet/Desktop/OPS\ APP/OPS/OPS/Utilities/FieldErrorHandler.swift /Users/jacksonsweet/Desktop/OPS\ APP/OPS/OPS/Utilities/ImageCache.swift /Users/jacksonsweet/Desktop/OPS\ APP/OPS/OPS/Utilities/ImageFileManager.swift /Users/jacksonsweet/Desktop/OPS\ APP/OPS/OPS/Utilities/InProgressManager.swift /Users/jacksonsweet/Desktop/OPS\ APP/OPS/OPS/Utilities/KeyboardDismissalModifier.swift /Users/jacksonsweet/Desktop/OPS\ APP/OPS/OPS/Utilities/LocationManager.swift /Users/jacksonsweet/Desktop/OPS\ APP/OPS/OPS/Utilities/OnboardingEnvironmentKey.swift /Users/jacksonsweet/Desktop/OPS\ APP/OPS/OPS/Utilities/SwiftDataHelper.swift /Users/jacksonsweet/Desktop/OPS\ APP/OPS/OPS/Utilities/UIComponents.swift /Users/jacksonsweet/Desktop/OPS\ APP/OPS/OPS/V2/CertificationsSettingsView.swift /Users/jacksonsweet/Desktop/OPS\ APP/OPS/OPS/ViewModels/CalendarViewModel.swift /Users/jacksonsweet/Desktop/OPS\ APP/OPS/OPS/ViewModels/ProjectsViewModel.swift /Users/jacksonsweet/Desktop/OPS\ APP/OPS/OPS/Views/Calendar\ Tab/Components/CalendarDaySelector.swift /Users/jacksonsweet/Desktop/OPS\ APP/OPS/OPS/Views/Calendar\ Tab/Components/CalendarHeaderView.swift /Users/jacksonsweet/Desktop/OPS\ APP/OPS/OPS/Views/Calendar\ Tab/Components/CalendarProjectCard.swift /Users/jacksonsweet/Desktop/OPS\ APP/OPS/OPS/Views/Calendar\ Tab/Components/CalendarToggleView.swift /Users/jacksonsweet/Desktop/OPS\ APP/OPS/OPS/Views/Calendar\ Tab/Components/DatePickerPopover.swift /Users/jacksonsweet/Desktop/OPS\ APP/OPS/OPS/Views/Calendar\ Tab/Components/DayCell.swift /Users/jacksonsweet/Desktop/OPS\ APP/OPS/OPS/Views/Calendar\ Tab/ProjectViews/DayProjectSheet.swift /Users/jacksonsweet/Desktop/OPS\ APP/OPS/OPS/Views/Calendar\ Tab/ProjectViews/ProjectListView.swift /Users/jacksonsweet/Desktop/OPS\ APP/OPS/OPS/Views/Calendar\ Tab/MonthGridView.swift /Users/jacksonsweet/Desktop/OPS\ APP/OPS/OPS/Views/Components/Common/AppHeader.swift /Users/jacksonsweet/Desktop/OPS\ APP/OPS/OPS/Views/Components/Common/ExpandableNotesView.swift /Users/jacksonsweet/Desktop/OPS\ APP/OPS/OPS/Views/Components/Common/LocationPermissionView.swift /Users/jacksonsweet/Desktop/OPS\ APP/OPS/OPS/Views/Components/Common/NavigationBanner.swift /Users/jacksonsweet/Desktop/OPS\ APP/OPS/OPS/Views/Components/Common/NavigationControlsView.swift /Users/jacksonsweet/Desktop/OPS\ APP/OPS/OPS/Views/Components/Common/TabBarBackground.swift /Users/jacksonsweet/Desktop/OPS\ APP/OPS/OPS/Views/Components/Images/ImagePicker.swift /Users/jacksonsweet/Desktop/OPS\ APP/OPS/OPS/Views/Components/Images/ImagePickerView.swift /Users/jacksonsweet/Desktop/OPS\ APP/OPS/OPS/Views/Components/Images/ProjectImagesSection.swift /Users/jacksonsweet/Desktop/OPS\ APP/OPS/OPS/Views/Components/Images/ProjectImagesSimple.swift /Users/jacksonsweet/Desktop/OPS\ APP/OPS/OPS/Views/Components/Images/ProjectImageView.swift /Users/jacksonsweet/Desktop/OPS\ APP/OPS/OPS/Views/Components/Images/ProjectPhotosGrid.swift /Users/jacksonsweet/Desktop/OPS\ APP/OPS/OPS/Views/Components/Map/MiniMapView.swift /Users/jacksonsweet/Desktop/OPS\ APP/OPS/OPS/Views/Components/Map/ProjectMapAnnotation.swift /Users/jacksonsweet/Desktop/OPS\ APP/OPS/OPS/Views/Components/Map/ProjectMapView.swift /Users/jacksonsweet/Desktop/OPS\ APP/OPS/OPS/Views/Components/Map/ProjectMarkerPopup.swift /Users/jacksonsweet/Desktop/OPS\ APP/OPS/OPS/Views/Components/Map/RouteDirectionsView.swift /Users/jacksonsweet/Desktop/OPS\ APP/OPS/OPS/Views/Components/Project/ProjectActionBar.swift /Users/jacksonsweet/Desktop/OPS\ APP/OPS/OPS/Views/Components/Project/ProjectCard.swift /Users/jacksonsweet/Desktop/OPS\ APP/OPS/OPS/Views/Components/Project/ProjectCarousel.swift /Users/jacksonsweet/Desktop/OPS\ APP/OPS/OPS/Views/Components/Project/ProjectDetailsView.swift /Users/jacksonsweet/Desktop/OPS\ APP/OPS/OPS/Views/Components/Project/ProjectHeader.swift /Users/jacksonsweet/Desktop/OPS\ APP/OPS/OPS/Views/Components/Project/ProjectSheetContainer.swift /Users/jacksonsweet/Desktop/OPS\ APP/OPS/OPS/Views/Components/User/TeamMemberListView.swift /Users/jacksonsweet/Desktop/OPS\ APP/OPS/OPS/Views/Components/User/UserProfileCard.swift /Users/jacksonsweet/Desktop/OPS\ APP/OPS/OPS/Views/Home/HomeContentView.swift /Users/jacksonsweet/Desktop/OPS\ APP/OPS/OPS/Views/Home/HomeView.swift /Users/jacksonsweet/Desktop/OPS\ APP/OPS/OPS/Views/Settings/OrganizationSettingsView.swift /Users/jacksonsweet/Desktop/OPS\ APP/OPS/OPS/Views/Settings/ProfileSettingsView.swift /Users/jacksonsweet/Desktop/OPS\ APP/OPS/OPS/Views/Settings/ProjectHistorySettingsView.swift -primary-file /Users/jacksonsweet/Desktop/OPS\ APP/OPS/OPS/Views/LoginView.swift -primary-file /Users/jacksonsweet/Desktop/OPS\ APP/OPS/OPS/Views/LoginViewPreview.swift -primary-file /Users/jacksonsweet/Desktop/OPS\ APP/OPS/OPS/Views/MainTabView.swift -primary-file /Users/jacksonsweet/Desktop/OPS\ APP/OPS/OPS/Views/NetworkStatusIndicator.swift -primary-file /Users/jacksonsweet/Desktop/OPS\ APP/OPS/OPS/Views/ScheduleView.swift -primary-file /Users/jacksonsweet/Desktop/OPS\ APP/OPS/OPS/Views/SettingsView.swift -primary-file /Users/jacksonsweet/Desktop/OPS\ APP/OPS/OPS/Views/SplashScreen.swift -primary-file /Users/jacksonsweet/Desktop/OPS\ APP/OPS/OPS/AppState.swift -primary-file /Users/jacksonsweet/Desktop/OPS\ APP/OPS/OPS/ContentView.swift -primary-file /Users/jacksonsweet/Desktop/OPS\ APP/OPS/OPS/Item.swift -primary-file /Users/jacksonsweet/Desktop/OPS\ APP/OPS/OPS/OPSApp.swift -primary-file /Users/jacksonsweet/Library/Developer/Xcode/DerivedData/OPS-czavgtmnvamasvcjgszzuulfcsxj/Build/Intermediates.noindex/OPS.build/Debug-iphonesimulator/OPS.build/DerivedSources/GeneratedAssetSymbols.swift -supplementary-output-file-map /Users/jacksonsweet/Library/Developer/Xcode/DerivedData/OPS-czavgtmnvamasvcjgszzuulfcsxj/Build/Intermediates.noindex/OPS.build/Debug-iphonesimulator/OPS.build/Objects-normal/arm64/supplementaryOutputs-10 -emit-localized-strings -emit-localized-strings-path /Users/jacksonsweet/Library/Developer/Xcode/DerivedData/OPS-czavgtmnvamasvcjgszzuulfcsxj/Build/Intermediates.noindex/OPS.build/Debug-iphonesimulator/OPS.build/Objects-normal/arm64 -target arm64-apple-ios18.2-simulator -Xllvm -aarch64-use-tbi -enable-objc-interop -sdk /Applications/Xcode.app/Contents/Developer/Platforms/iPhoneSimulator.platform/Developer/SDKs/iPhoneSimulator18.2.sdk -I /Users/jacksonsweet/Library/Developer/Xcode/DerivedData/OPS-czavgtmnvamasvcjgszzuulfcsxj/Build/Products/Debug-iphonesimulator -F /Users/jacksonsweet/Library/Developer/Xcode/DerivedData/OPS-czavgtmnvamasvcjgszzuulfcsxj/Build/Products/Debug-iphonesimulator -no-color-diagnostics -enable-testing -g -debug-info-format\=dwarf -dwarf-version\=5 -module-cache-path /Users/jacksonsweet/Library/Developer/Xcode/DerivedData/ModuleCache.noindex -profile-generate -profile-coverage-mapping -swift-version 5 -enforce-exclusivity\=checked -Onone -D DEBUG -serialize-debugging-options -const-gather-protocols-file /Users/jacksonsweet/Library/Developer/Xcode/DerivedData/OPS-czavgtmnvamasvcjgszzuulfcsxj/Build/Intermediates.noindex/OPS.build/Debug-iphonesimulator/OPS.build/Objects-normal/arm64/OPS_const_extract_protocols.json -enable-experimental-feature DebugDescriptionMacro -enable-experimental-feature OpaqueTypeErasure -enable-bare-slash-regex -empty-abi-descriptor -validate-clang-modules-once -clang-build-session-file /Users/jacksonsweet/Library/Developer/Xcode/DerivedData/ModuleCache.noindex/Session.modulevalidation -Xcc -working-directory -Xcc /Users/jacksonsweet/Desktop/OPS\ APP/OPS -resource-dir /Applications/Xcode.app/Contents/Developer/Toolchains/XcodeDefault.xctoolchain/usr/lib/swift -enable-anonymous-context-mangled-names -file-compilation-dir /Users/jacksonsweet/Desktop/OPS\ APP/OPS -Xcc -D_LIBCPP_HARDENING_MODE\=_LIBCPP_HARDENING_MODE_DEBUG -Xcc -ivfsstatcache -Xcc /Users/jacksonsweet/Library/Developer/Xcode/DerivedData/SDKStatCaches.noindex/iphonesimulator18.2-22C146-07b28473f605e47e75261259d3ef3b5a.sdkstatcache -Xcc -I/Users/jacksonsweet/Library/Developer/Xcode/DerivedData/OPS-czavgtmnvamasvcjgszzuulfcsxj/Build/Intermediates.noindex/OPS.build/Debug-iphonesimulator/OPS.build/swift-overrides.hmap -Xcc -iquote -Xcc /Users/jacksonsweet/Library/Developer/Xcode/DerivedData/OPS-czavgtmnvamasvcjgszzuulfcsxj/Build/Intermediates.noindex/OPS.build/Debug-iphonesimulator/OPS.build/OPS-generated-files.hmap -Xcc -I/Users/jacksonsweet/Library/Developer/Xcode/DerivedData/OPS-czavgtmnvamasvcjgszzuulfcsxj/Build/Intermediates.noindex/OPS.build/Debug-iphonesimulator/OPS.build/OPS-own-target-headers.hmap -Xcc -I/Users/jacksonsweet/Library/Developer/Xcode/DerivedData/OPS-czavgtmnvamasvcjgszzuulfcsxj/Build/Intermediates.noindex/OPS.build/Debug-iphonesimulator/OPS.build/OPS-all-target-headers.hmap -Xcc -iquote -Xcc /Users/jacksonsweet/Library/Developer/Xcode/DerivedData/OPS-czavgtmnvamasvcjgszzuulfcsxj/Build/Intermediates.noindex/OPS.build/Debug-iphonesimulator/OPS.build/OPS-project-headers.hmap -Xcc -I/Users/jacksonsweet/Library/Developer/Xcode/DerivedData/OPS-czavgtmnvamasvcjgszzuulfcsxj/Build/Products/Debug-iphonesimulator/include -Xcc -I/Users/jacksonsweet/Library/Developer/Xcode/DerivedData/OPS-czavgtmnvamasvcjgszzuulfcsxj/Build/Intermediates.noindex/OPS.build/Debug-iphonesimulator/OPS.build/DerivedSources-normal/arm64 -Xcc -I/Users/jacksonsweet/Library/Developer/Xcode/DerivedData/OPS-czavgtmnvamasvcjgszzuulfcsxj/Build/Intermediates.noindex/OPS.build/Debug-iphonesimulator/OPS.build/DerivedSources/arm64 -Xcc -I/Users/jacksonsweet/Library/Developer/Xcode/DerivedData/OPS-czavgtmnvamasvcjgszzuulfcsxj/Build/Intermediates.noindex/OPS.build/Debug-iphonesimulator/OPS.build/DerivedSources -Xcc -DDEBUG\=1 -module-name OPS -frontend-parseable-output -disable-clang-spi -target-sdk-version 18.2 -target-sdk-name iphonesimulator18.2 -external-plugin-path /Applications/Xcode.app/Contents/Developer/Platforms/iPhoneOS.platform/Developer/usr/lib/swift/host/plugins\#/Applications/Xcode.app/Contents/Developer/Platforms/iPhoneOS.platform/Developer/usr/bin/swift-plugin-server -external-plugin-path /Applications/Xcode.app/Contents/Developer/Platforms/iPhoneOS.platform/Developer/usr/local/lib/swift/host/plugins\#/Applications/Xcode.app/Contents/Developer/Platforms/iPhoneOS.platform/Developer/usr/bin/swift-plugin-server -plugin-path /Applications/Xcode.app/Contents/Developer/Toolchains/XcodeDefault.xctoolchain/usr/lib/swift/host/plugins -plugin-path /Applications/Xcode.app/Contents/Developer/Toolchains/XcodeDefault.xctoolchain/usr/local/lib/swift/host/plugins -o /Users/jacksonsweet/Library/Developer/Xcode/DerivedData/OPS-czavgtmnvamasvcjgszzuulfcsxj/Build/Intermediates.noindex/OPS.build/Debug-iphonesimulator/OPS.build/Objects-normal/arm64/LoginView.o -o /Users/jacksonsweet/Library/Developer/Xcode/DerivedData/OPS-czavgtmnvamasvcjgszzuulfcsxj/Build/Intermediates.noindex/OPS.build/Debug-iphonesimulator/OPS.build/Objects-normal/arm64/LoginViewPreview.o -o /Users/jacksonsweet/Library/Developer/Xcode/DerivedData/OPS-czavgtmnvamasvcjgszzuulfcsxj/Build/Intermediates.noindex/OPS.build/Debug-iphonesimulator/OPS.build/Objects-normal/arm64/MainTabView.o -o /Users/jacksonsweet/Library/Developer/Xcode/DerivedData/OPS-czavgtmnvamasvcjgszzuulfcsxj/Build/Intermediates.noindex/OPS.build/Debug-iphonesimulator/OPS.build/Objects-normal/arm64/NetworkStatusIndicator.o -o /Users/jacksonsweet/Library/Developer/Xcode/DerivedData/OPS-czavgtmnvamasvcjgszzuulfcsxj/Build/Intermediates.noindex/OPS.build/Debug-iphonesimulator/OPS.build/Objects-normal/arm64/ScheduleView.o -o /Users/jacksonsweet/Library/Developer/Xcode/DerivedData/OPS-czavgtmnvamasvcjgszzuulfcsxj/Build/Intermediates.noindex/OPS.build/Debug-iphonesimulator/OPS.build/Objects-normal/arm64/SettingsView.o -o /Users/jacksonsweet/Library/Developer/Xcode/DerivedData/OPS-czavgtmnvamasvcjgszzuulfcsxj/Build/Intermediates.noindex/OPS.build/Debug-iphonesimulator/OPS.build/Objects-normal/arm64/SplashScreen.o -o /Users/jacksonsweet/Library/Developer/Xcode/DerivedData/OPS-czavgtmnvamasvcjgszzuulfcsxj/Build/Intermediates.noindex/OPS.build/Debug-iphonesimulator/OPS.build/Objects-normal/arm64/AppState.o -o /Users/jacksonsweet/Library/Developer/Xcode/DerivedData/OPS-czavgtmnvamasvcjgszzuulfcsxj/Build/Intermediates.noindex/OPS.build/Debug-iphonesimulator/OPS.build/Objects-normal/arm64/ContentView.o -o /Users/jacksonsweet/Library/Developer/Xcode/DerivedData/OPS-czavgtmnvamasvcjgszzuulfcsxj/Build/Intermediates.noindex/OPS.build/Debug-iphonesimulator/OPS.build/Objects-normal/arm64/Item.o -o /Users/jacksonsweet/Library/Developer/Xcode/DerivedData/OPS-czavgtmnvamasvcjgszzuulfcsxj/Build/Intermediates.noindex/OPS.build/Debug-iphonesimulator/OPS.build/Objects-normal/arm64/OPSApp.o -o /Users/jacksonsweet/Library/Developer/Xcode/DerivedData/OPS-czavgtmnvamasvcjgszzuulfcsxj/Build/Intermediates.noindex/OPS.build/Debug-iphonesimulator/OPS.build/Objects-normal/arm64/GeneratedAssetSymbols.o -index-unit-output-path /OPS.build/Debug-iphonesimulator/OPS.build/Objects-normal/arm64/LoginView.o -index-unit-output-path /OPS.build/Debug-iphonesimulator/OPS.build/Objects-normal/arm64/LoginViewPreview.o -index-unit-output-path /OPS.build/Debug-iphonesimulator/OPS.build/Objects-normal/arm64/MainTabView.o -index-unit-output-path /OPS.build/Debug-iphonesimulator/OPS.build/Objects-normal/arm64/NetworkStatusIndicator.o -index-unit-output-path /OPS.build/Debug-iphonesimulator/OPS.build/Objects-normal/arm64/ScheduleView.o -index-unit-output-path /OPS.build/Debug-iphonesimulator/OPS.build/Objects-normal/arm64/SettingsView.o -index-unit-output-path /OPS.build/Debug-iphonesimulator/OPS.build/Objects-normal/arm64/SplashScreen.o -index-unit-output-path /OPS.build/Debug-iphonesimulator/OPS.build/Objects-normal/arm64/AppState.o -index-unit-output-path /OPS.build/Debug-iphonesimulator/OPS.build/Objects-normal/arm64/ContentView.o -index-unit-output-path /OPS.build/Debug-iphonesimulator/OPS.build/Objects-normal/arm64/Item.o -index-unit-output-path /OPS.build/Debug-iphonesimulator/OPS.build/Objects-normal/arm64/OPSApp.o -index-unit-output-path /OPS.build/Debug-iphonesimulator/OPS.build/Objects-normal/arm64/GeneratedAssetSymbols.o -index-store-path /Users/jacksonsweet/Library/Developer/Xcode/DerivedData/OPS-czavgtmnvamasvcjgszzuulfcsxj/Index.noindex/DataStore -index-system-modules

SwiftCompile normal arm64 /Users/jacksonsweet/Desktop/OPS\ APP/OPS/OPS/Views/LoginView.swift (in target 'OPS' from project 'OPS')
    cd /Users/jacksonsweet/Desktop/OPS\ APP/OPS
    /Applications/Xcode.app/Contents/Developer/Toolchains/XcodeDefault.xctoolchain/usr/bin/swift-frontend -c /Users/jacksonsweet/Desktop/OPS\ APP/OPS/OPS/DataModels/BubbleImage.swift /Users/jacksonsweet/Desktop/OPS\ APP/OPS/OPS/DataModels/BubbleTypes.swift /Users/jacksonsweet/Desktop/OPS\ APP/OPS/OPS/DataModels/Company.swift /Users/jacksonsweet/Desktop/OPS\ APP/OPS/OPS/DataModels/Project.swift /Users/jacksonsweet/Desktop/OPS\ APP/OPS/OPS/DataModels/Status.swift /Users/jacksonsweet/Desktop/OPS\ APP/OPS/OPS/DataModels/User.swift /Users/jacksonsweet/Desktop/OPS\ APP/OPS/OPS/DataModels/UserRole.swift /Users/jacksonsweet/Desktop/OPS\ APP/OPS/OPS/Extensions/UIImage+Extensions.swift /Users/jacksonsweet/Desktop/OPS\ APP/OPS/OPS/Network/API/APIError.swift /Users/jacksonsweet/Desktop/OPS\ APP/OPS/OPS/Network/API/APIService.swift /Users/jacksonsweet/Desktop/OPS\ APP/OPS/OPS/Network/API/BubbleFields.swift /Users/jacksonsweet/Desktop/OPS\ APP/OPS/OPS/Network/Auth/AuthError.swift /Users/jacksonsweet/Desktop/OPS\ APP/OPS/OPS/Network/Auth/AuthManager.swift /Users/jacksonsweet/Desktop/OPS\ APP/OPS/OPS/Network/Auth/KeychainManager.swift /Users/jacksonsweet/Desktop/OPS\ APP/OPS/OPS/Network/DTOs/CompanyDTO.swift /Users/jacksonsweet/Desktop/OPS\ APP/OPS/OPS/Network/DTOs/ProjectDTO.swift /Users/jacksonsweet/Desktop/OPS\ APP/OPS/OPS/Network/DTOs/UserDTO.swift /Users/jacksonsweet/Desktop/OPS\ APP/OPS/OPS/Network/Endpoints/CompanyEndpoints.swift /Users/jacksonsweet/Desktop/OPS\ APP/OPS/OPS/Network/Endpoints/ProjectEndpoints.swift /Users/jacksonsweet/Desktop/OPS\ APP/OPS/OPS/Network/Endpoints/UserEndpoints.swift /Users/jacksonsweet/Desktop/OPS\ APP/OPS/OPS/Network/Sync/BackgroundTaskManager.swift /Users/jacksonsweet/Desktop/OPS\ APP/OPS/OPS/Network/Sync/SyncManager.swift /Users/jacksonsweet/Desktop/OPS\ APP/OPS/OPS/Network/ConnectivityMonitor.swift /Users/jacksonsweet/Desktop/OPS\ APP/OPS/OPS/Network/ImageSyncManager.swift /Users/jacksonsweet/Desktop/OPS\ APP/OPS/OPS/Onboarding/Coordinators/OnboardingCoordinator.swift /Users/jacksonsweet/Desktop/OPS\ APP/OPS/OPS/Onboarding/Models/OnboardingModels.swift /Users/jacksonsweet/Desktop/OPS\ APP/OPS/OPS/Onboarding/Services/OnboardingService.swift /Users/jacksonsweet/Desktop/OPS\ APP/OPS/OPS/Onboarding/ViewModels/OnboardingViewModel.swift /Users/jacksonsweet/Desktop/OPS\ APP/OPS/OPS/Onboarding/Views/Components/OnboardingComponents.swift /Users/jacksonsweet/Desktop/OPS\ APP/OPS/OPS/Onboarding/Views/Screens/AccountCreatedView.swift /Users/jacksonsweet/Desktop/OPS\ APP/OPS/OPS/Onboarding/Views/Screens/CompanyCodeView.swift /Users/jacksonsweet/Desktop/OPS\ APP/OPS/OPS/Onboarding/Views/Screens/CompanyCodeViewPreview.swift /Users/jacksonsweet/Desktop/OPS\ APP/OPS/OPS/Onboarding/Views/Screens/CompletionView.swift /Users/jacksonsweet/Desktop/OPS\ APP/OPS/OPS/Onboarding/Views/Screens/CompletionViewPreview.swift /Users/jacksonsweet/Desktop/OPS\ APP/OPS/OPS/Onboarding/Views/Screens/EmailView.swift /Users/jacksonsweet/Desktop/OPS\ APP/OPS/OPS/Onboarding/Views/Screens/FieldSetupView.swift /Users/jacksonsweet/Desktop/OPS\ APP/OPS/OPS/Onboarding/Views/Screens/NotificationsView.swift /Users/jacksonsweet/Desktop/OPS\ APP/OPS/OPS/Onboarding/Views/Screens/NotificationsViewPreview.swift /Users/jacksonsweet/Desktop/OPS\ APP/OPS/OPS/Onboarding/Views/Screens/OrganizationJoinView.swift /Users/jacksonsweet/Desktop/OPS\ APP/OPS/OPS/Onboarding/Views/Screens/PasswordView.swift /Users/jacksonsweet/Desktop/OPS\ APP/OPS/OPS/Onboarding/Views/Screens/PasswordViewPreview.swift /Users/jacksonsweet/Desktop/OPS\ APP/OPS/OPS/Onboarding/Views/Screens/PermissionsView.swift /Users/jacksonsweet/Desktop/OPS\ APP/OPS/OPS/Onboarding/Views/Screens/PermissionsViewPreview.swift /Users/jacksonsweet/Desktop/OPS\ APP/OPS/OPS/Onboarding/Views/Screens/PhoneNumberView.swift /Users/jacksonsweet/Desktop/OPS\ APP/OPS/OPS/Onboarding/Views/Screens/PhoneNumberViewPreview.swift /Users/jacksonsweet/Desktop/OPS\ APP/OPS/OPS/Onboarding/Views/Screens/UserInfoView.swift /Users/jacksonsweet/Desktop/OPS\ APP/OPS/OPS/Onboarding/Views/Screens/UserInfoViewPreview.swift /Users/jacksonsweet/Desktop/OPS\ APP/OPS/OPS/Onboarding/Views/Screens/VerifyPhoneView.swift /Users/jacksonsweet/Desktop/OPS\ APP/OPS/OPS/Onboarding/Views/Screens/WelcomeCompanyView.swift /Users/jacksonsweet/Desktop/OPS\ APP/OPS/OPS/Onboarding/Views/Screens/WelcomeCompanyViewPreview.swift /Users/jacksonsweet/Desktop/OPS\ APP/OPS/OPS/Onboarding/Views/Screens/WelcomeView.swift /Users/jacksonsweet/Desktop/OPS\ APP/OPS/OPS/Onboarding/Views/Screens/WelcomeViewPreview.swift /Users/jacksonsweet/Desktop/OPS\ APP/OPS/OPS/Onboarding/Views/OnboardingContainerView.swift /Users/jacksonsweet/Desktop/OPS\ APP/OPS/OPS/Onboarding/Views/OnboardingFlowPreview.swift /Users/jacksonsweet/Desktop/OPS\ APP/OPS/OPS/Onboarding/Views/OnboardingPresenter.swift /Users/jacksonsweet/Desktop/OPS\ APP/OPS/OPS/Onboarding/Views/OnboardingPreviewHelpers.swift /Users/jacksonsweet/Desktop/OPS\ APP/OPS/OPS/Styles/OPSStyle.swift /Users/jacksonsweet/Desktop/OPS\ APP/OPS/OPS/Utilities/AppConfiguration.swift /Users/jacksonsweet/Desktop/OPS\ APP/OPS/OPS/Utilities/ArrayTransformer.swift /Users/jacksonsweet/Desktop/OPS\ APP/OPS/OPS/Utilities/DataController.swift /Users/jacksonsweet/Desktop/OPS\ APP/OPS/OPS/Utilities/Dateformatter\ +Bubble.swift /Users/jacksonsweet/Desktop/OPS\ APP/OPS/OPS/Utilities/DateHelper.swift /Users/jacksonsweet/Desktop/OPS\ APP/OPS/OPS/Utilities/FieldErrorHandler.swift /Users/jacksonsweet/Desktop/OPS\ APP/OPS/OPS/Utilities/ImageCache.swift /Users/jacksonsweet/Desktop/OPS\ APP/OPS/OPS/Utilities/ImageFileManager.swift /Users/jacksonsweet/Desktop/OPS\ APP/OPS/OPS/Utilities/InProgressManager.swift /Users/jacksonsweet/Desktop/OPS\ APP/OPS/OPS/Utilities/KeyboardDismissalModifier.swift /Users/jacksonsweet/Desktop/OPS\ APP/OPS/OPS/Utilities/LocationManager.swift /Users/jacksonsweet/Desktop/OPS\ APP/OPS/OPS/Utilities/OnboardingEnvironmentKey.swift /Users/jacksonsweet/Desktop/OPS\ APP/OPS/OPS/Utilities/SwiftDataHelper.swift /Users/jacksonsweet/Desktop/OPS\ APP/OPS/OPS/Utilities/UIComponents.swift /Users/jacksonsweet/Desktop/OPS\ APP/OPS/OPS/V2/CertificationsSettingsView.swift /Users/jacksonsweet/Desktop/OPS\ APP/OPS/OPS/ViewModels/CalendarViewModel.swift /Users/jacksonsweet/Desktop/OPS\ APP/OPS/OPS/ViewModels/ProjectsViewModel.swift /Users/jacksonsweet/Desktop/OPS\ APP/OPS/OPS/Views/Calendar\ Tab/Components/CalendarDaySelector.swift /Users/jacksonsweet/Desktop/OPS\ APP/OPS/OPS/Views/Calendar\ Tab/Components/CalendarHeaderView.swift /Users/jacksonsweet/Desktop/OPS\ APP/OPS/OPS/Views/Calendar\ Tab/Components/CalendarProjectCard.swift /Users/jacksonsweet/Desktop/OPS\ APP/OPS/OPS/Views/Calendar\ Tab/Components/CalendarToggleView.swift /Users/jacksonsweet/Desktop/OPS\ APP/OPS/OPS/Views/Calendar\ Tab/Components/DatePickerPopover.swift /Users/jacksonsweet/Desktop/OPS\ APP/OPS/OPS/Views/Calendar\ Tab/Components/DayCell.swift /Users/jacksonsweet/Desktop/OPS\ APP/OPS/OPS/Views/Calendar\ Tab/ProjectViews/DayProjectSheet.swift /Users/jacksonsweet/Desktop/OPS\ APP/OPS/OPS/Views/Calendar\ Tab/ProjectViews/ProjectListView.swift /Users/jacksonsweet/Desktop/OPS\ APP/OPS/OPS/Views/Calendar\ Tab/MonthGridView.swift /Users/jacksonsweet/Desktop/OPS\ APP/OPS/OPS/Views/Components/Common/AppHeader.swift /Users/jacksonsweet/Desktop/OPS\ APP/OPS/OPS/Views/Components/Common/ExpandableNotesView.swift /Users/jacksonsweet/Desktop/OPS\ APP/OPS/OPS/Views/Components/Common/LocationPermissionView.swift /Users/jacksonsweet/Desktop/OPS\ APP/OPS/OPS/Views/Components/Common/NavigationBanner.swift /Users/jacksonsweet/Desktop/OPS\ APP/OPS/OPS/Views/Components/Common/NavigationControlsView.swift /Users/jacksonsweet/Desktop/OPS\ APP/OPS/OPS/Views/Components/Common/TabBarBackground.swift /Users/jacksonsweet/Desktop/OPS\ APP/OPS/OPS/Views/Components/Images/ImagePicker.swift /Users/jacksonsweet/Desktop/OPS\ APP/OPS/OPS/Views/Components/Images/ImagePickerView.swift /Users/jacksonsweet/Desktop/OPS\ APP/OPS/OPS/Views/Components/Images/ProjectImagesSection.swift /Users/jacksonsweet/Desktop/OPS\ APP/OPS/OPS/Views/Components/Images/ProjectImagesSimple.swift /Users/jacksonsweet/Desktop/OPS\ APP/OPS/OPS/Views/Components/Images/ProjectImageView.swift /Users/jacksonsweet/Desktop/OPS\ APP/OPS/OPS/Views/Components/Images/ProjectPhotosGrid.swift /Users/jacksonsweet/Desktop/OPS\ APP/OPS/OPS/Views/Components/Map/MiniMapView.swift /Users/jacksonsweet/Desktop/OPS\ APP/OPS/OPS/Views/Components/Map/ProjectMapAnnotation.swift /Users/jacksonsweet/Desktop/OPS\ APP/OPS/OPS/Views/Components/Map/ProjectMapView.swift /Users/jacksonsweet/Desktop/OPS\ APP/OPS/OPS/Views/Components/Map/ProjectMarkerPopup.swift /Users/jacksonsweet/Desktop/OPS\ APP/OPS/OPS/Views/Components/Map/RouteDirectionsView.swift /Users/jacksonsweet/Desktop/OPS\ APP/OPS/OPS/Views/Components/Project/ProjectActionBar.swift /Users/jacksonsweet/Desktop/OPS\ APP/OPS/OPS/Views/Components/Project/ProjectCard.swift /Users/jacksonsweet/Desktop/OPS\ APP/OPS/OPS/Views/Components/Project/ProjectCarousel.swift /Users/jacksonsweet/Desktop/OPS\ APP/OPS/OPS/Views/Components/Project/ProjectDetailsView.swift /Users/jacksonsweet/Desktop/OPS\ APP/OPS/OPS/Views/Components/Project/ProjectHeader.swift /Users/jacksonsweet/Desktop/OPS\ APP/OPS/OPS/Views/Components/Project/ProjectSheetContainer.swift /Users/jacksonsweet/Desktop/OPS\ APP/OPS/OPS/Views/Components/User/TeamMemberListView.swift /Users/jacksonsweet/Desktop/OPS\ APP/OPS/OPS/Views/Components/User/UserProfileCard.swift /Users/jacksonsweet/Desktop/OPS\ APP/OPS/OPS/Views/Home/HomeContentView.swift /Users/jacksonsweet/Desktop/OPS\ APP/OPS/OPS/Views/Home/HomeView.swift /Users/jacksonsweet/Desktop/OPS\ APP/OPS/OPS/Views/Settings/OrganizationSettingsView.swift /Users/jacksonsweet/Desktop/OPS\ APP/OPS/OPS/Views/Settings/ProfileSettingsView.swift /Users/jacksonsweet/Desktop/OPS\ APP/OPS/OPS/Views/Settings/ProjectHistorySettingsView.swift -primary-file /Users/jacksonsweet/Desktop/OPS\ APP/OPS/OPS/Views/LoginView.swift -primary-file /Users/jacksonsweet/Desktop/OPS\ APP/OPS/OPS/Views/LoginViewPreview.swift -primary-file /Users/jacksonsweet/Desktop/OPS\ APP/OPS/OPS/Views/MainTabView.swift -primary-file /Users/jacksonsweet/Desktop/OPS\ APP/OPS/OPS/Views/NetworkStatusIndicator.swift -primary-file /Users/jacksonsweet/Desktop/OPS\ APP/OPS/OPS/Views/ScheduleView.swift -primary-file /Users/jacksonsweet/Desktop/OPS\ APP/OPS/OPS/Views/SettingsView.swift -primary-file /Users/jacksonsweet/Desktop/OPS\ APP/OPS/OPS/Views/SplashScreen.swift -primary-file /Users/jacksonsweet/Desktop/OPS\ APP/OPS/OPS/AppState.swift -primary-file /Users/jacksonsweet/Desktop/OPS\ APP/OPS/OPS/ContentView.swift -primary-file /Users/jacksonsweet/Desktop/OPS\ APP/OPS/OPS/Item.swift -primary-file /Users/jacksonsweet/Desktop/OPS\ APP/OPS/OPS/OPSApp.swift -primary-file /Users/jacksonsweet/Library/Developer/Xcode/DerivedData/OPS-czavgtmnvamasvcjgszzuulfcsxj/Build/Intermediates.noindex/OPS.build/Debug-iphonesimulator/OPS.build/DerivedSources/GeneratedAssetSymbols.swift -supplementary-output-file-map /Users/jacksonsweet/Library/Developer/Xcode/DerivedData/OPS-czavgtmnvamasvcjgszzuulfcsxj/Build/Intermediates.noindex/OPS.build/Debug-iphonesimulator/OPS.build/Objects-normal/arm64/supplementaryOutputs-10 -emit-localized-strings -emit-localized-strings-path /Users/jacksonsweet/Library/Developer/Xcode/DerivedData/OPS-czavgtmnvamasvcjgszzuulfcsxj/Build/Intermediates.noindex/OPS.build/Debug-iphonesimulator/OPS.build/Objects-normal/arm64 -target arm64-apple-ios18.2-simulator -Xllvm -aarch64-use-tbi -enable-objc-interop -sdk /Applications/Xcode.app/Contents/Developer/Platforms/iPhoneSimulator.platform/Developer/SDKs/iPhoneSimulator18.2.sdk -I /Users/jacksonsweet/Library/Developer/Xcode/DerivedData/OPS-czavgtmnvamasvcjgszzuulfcsxj/Build/Products/Debug-iphonesimulator -F /Users/jacksonsweet/Library/Developer/Xcode/DerivedData/OPS-czavgtmnvamasvcjgszzuulfcsxj/Build/Products/Debug-iphonesimulator -no-color-diagnostics -enable-testing -g -debug-info-format\=dwarf -dwarf-version\=5 -module-cache-path /Users/jacksonsweet/Library/Developer/Xcode/DerivedData/ModuleCache.noindex -profile-generate -profile-coverage-mapping -swift-version 5 -enforce-exclusivity\=checked -Onone -D DEBUG -serialize-debugging-options -const-gather-protocols-file /Users/jacksonsweet/Library/Developer/Xcode/DerivedData/OPS-czavgtmnvamasvcjgszzuulfcsxj/Build/Intermediates.noindex/OPS.build/Debug-iphonesimulator/OPS.build/Objects-normal/arm64/OPS_const_extract_protocols.json -enable-experimental-feature DebugDescriptionMacro -enable-experimental-feature OpaqueTypeErasure -enable-bare-slash-regex -empty-abi-descriptor -validate-clang-modules-once -clang-build-session-file /Users/jacksonsweet/Library/Developer/Xcode/DerivedData/ModuleCache.noindex/Session.modulevalidation -Xcc -working-directory -Xcc /Users/jacksonsweet/Desktop/OPS\ APP/OPS -resource-dir /Applications/Xcode.app/Contents/Developer/Toolchains/XcodeDefault.xctoolchain/usr/lib/swift -enable-anonymous-context-mangled-names -file-compilation-dir /Users/jacksonsweet/Desktop/OPS\ APP/OPS -Xcc -D_LIBCPP_HARDENING_MODE\=_LIBCPP_HARDENING_MODE_DEBUG -Xcc -ivfsstatcache -Xcc /Users/jacksonsweet/Library/Developer/Xcode/DerivedData/SDKStatCaches.noindex/iphonesimulator18.2-22C146-07b28473f605e47e75261259d3ef3b5a.sdkstatcache -Xcc -I/Users/jacksonsweet/Library/Developer/Xcode/DerivedData/OPS-czavgtmnvamasvcjgszzuulfcsxj/Build/Intermediates.noindex/OPS.build/Debug-iphonesimulator/OPS.build/swift-overrides.hmap -Xcc -iquote -Xcc /Users/jacksonsweet/Library/Developer/Xcode/DerivedData/OPS-czavgtmnvamasvcjgszzuulfcsxj/Build/Intermediates.noindex/OPS.build/Debug-iphonesimulator/OPS.build/OPS-generated-files.hmap -Xcc -I/Users/jacksonsweet/Library/Developer/Xcode/DerivedData/OPS-czavgtmnvamasvcjgszzuulfcsxj/Build/Intermediates.noindex/OPS.build/Debug-iphonesimulator/OPS.build/OPS-own-target-headers.hmap -Xcc -I/Users/jacksonsweet/Library/Developer/Xcode/DerivedData/OPS-czavgtmnvamasvcjgszzuulfcsxj/Build/Intermediates.noindex/OPS.build/Debug-iphonesimulator/OPS.build/OPS-all-target-headers.hmap -Xcc -iquote -Xcc /Users/jacksonsweet/Library/Developer/Xcode/DerivedData/OPS-czavgtmnvamasvcjgszzuulfcsxj/Build/Intermediates.noindex/OPS.build/Debug-iphonesimulator/OPS.build/OPS-project-headers.hmap -Xcc -I/Users/jacksonsweet/Library/Developer/Xcode/DerivedData/OPS-czavgtmnvamasvcjgszzuulfcsxj/Build/Products/Debug-iphonesimulator/include -Xcc -I/Users/jacksonsweet/Library/Developer/Xcode/DerivedData/OPS-czavgtmnvamasvcjgszzuulfcsxj/Build/Intermediates.noindex/OPS.build/Debug-iphonesimulator/OPS.build/DerivedSources-normal/arm64 -Xcc -I/Users/jacksonsweet/Library/Developer/Xcode/DerivedData/OPS-czavgtmnvamasvcjgszzuulfcsxj/Build/Intermediates.noindex/OPS.build/Debug-iphonesimulator/OPS.build/DerivedSources/arm64 -Xcc -I/Users/jacksonsweet/Library/Developer/Xcode/DerivedData/OPS-czavgtmnvamasvcjgszzuulfcsxj/Build/Intermediates.noindex/OPS.build/Debug-iphonesimulator/OPS.build/DerivedSources -Xcc -DDEBUG\=1 -module-name OPS -frontend-parseable-output -disable-clang-spi -target-sdk-version 18.2 -target-sdk-name iphonesimulator18.2 -external-plugin-path /Applications/Xcode.app/Contents/Developer/Platforms/iPhoneOS.platform/Developer/usr/lib/swift/host/plugins\#/Applications/Xcode.app/Contents/Developer/Platforms/iPhoneOS.platform/Developer/usr/bin/swift-plugin-server -external-plugin-path /Applications/Xcode.app/Contents/Developer/Platforms/iPhoneOS.platform/Developer/usr/local/lib/swift/host/plugins\#/Applications/Xcode.app/Contents/Developer/Platforms/iPhoneOS.platform/Developer/usr/bin/swift-plugin-server -plugin-path /Applications/Xcode.app/Contents/Developer/Toolchains/XcodeDefault.xctoolchain/usr/lib/swift/host/plugins -plugin-path /Applications/Xcode.app/Contents/Developer/Toolchains/XcodeDefault.xctoolchain/usr/local/lib/swift/host/plugins -o /Users/jacksonsweet/Library/Developer/Xcode/DerivedData/OPS-czavgtmnvamasvcjgszzuulfcsxj/Build/Intermediates.noindex/OPS.build/Debug-iphonesimulator/OPS.build/Objects-normal/arm64/LoginView.o -o /Users/jacksonsweet/Library/Developer/Xcode/DerivedData/OPS-czavgtmnvamasvcjgszzuulfcsxj/Build/Intermediates.noindex/OPS.build/Debug-iphonesimulator/OPS.build/Objects-normal/arm64/LoginViewPreview.o -o /Users/jacksonsweet/Library/Developer/Xcode/DerivedData/OPS-czavgtmnvamasvcjgszzuulfcsxj/Build/Intermediates.noindex/OPS.build/Debug-iphonesimulator/OPS.build/Objects-normal/arm64/MainTabView.o -o /Users/jacksonsweet/Library/Developer/Xcode/DerivedData/OPS-czavgtmnvamasvcjgszzuulfcsxj/Build/Intermediates.noindex/OPS.build/Debug-iphonesimulator/OPS.build/Objects-normal/arm64/NetworkStatusIndicator.o -o /Users/jacksonsweet/Library/Developer/Xcode/DerivedData/OPS-czavgtmnvamasvcjgszzuulfcsxj/Build/Intermediates.noindex/OPS.build/Debug-iphonesimulator/OPS.build/Objects-normal/arm64/ScheduleView.o -o /Users/jacksonsweet/Library/Developer/Xcode/DerivedData/OPS-czavgtmnvamasvcjgszzuulfcsxj/Build/Intermediates.noindex/OPS.build/Debug-iphonesimulator/OPS.build/Objects-normal/arm64/SettingsView.o -o /Users/jacksonsweet/Library/Developer/Xcode/DerivedData/OPS-czavgtmnvamasvcjgszzuulfcsxj/Build/Intermediates.noindex/OPS.build/Debug-iphonesimulator/OPS.build/Objects-normal/arm64/SplashScreen.o -o /Users/jacksonsweet/Library/Developer/Xcode/DerivedData/OPS-czavgtmnvamasvcjgszzuulfcsxj/Build/Intermediates.noindex/OPS.build/Debug-iphonesimulator/OPS.build/Objects-normal/arm64/AppState.o -o /Users/jacksonsweet/Library/Developer/Xcode/DerivedData/OPS-czavgtmnvamasvcjgszzuulfcsxj/Build/Intermediates.noindex/OPS.build/Debug-iphonesimulator/OPS.build/Objects-normal/arm64/ContentView.o -o /Users/jacksonsweet/Library/Developer/Xcode/DerivedData/OPS-czavgtmnvamasvcjgszzuulfcsxj/Build/Intermediates.noindex/OPS.build/Debug-iphonesimulator/OPS.build/Objects-normal/arm64/Item.o -o /Users/jacksonsweet/Library/Developer/Xcode/DerivedData/OPS-czavgtmnvamasvcjgszzuulfcsxj/Build/Intermediates.noindex/OPS.build/Debug-iphonesimulator/OPS.build/Objects-normal/arm64/OPSApp.o -o /Users/jacksonsweet/Library/Developer/Xcode/DerivedData/OPS-czavgtmnvamasvcjgszzuulfcsxj/Build/Intermediates.noindex/OPS.build/Debug-iphonesimulator/OPS.build/Objects-normal/arm64/GeneratedAssetSymbols.o -index-unit-output-path /OPS.build/Debug-iphonesimulator/OPS.build/Objects-normal/arm64/LoginView.o -index-unit-output-path /OPS.build/Debug-iphonesimulator/OPS.build/Objects-normal/arm64/LoginViewPreview.o -index-unit-output-path /OPS.build/Debug-iphonesimulator/OPS.build/Objects-normal/arm64/MainTabView.o -index-unit-output-path /OPS.build/Debug-iphonesimulator/OPS.build/Objects-normal/arm64/NetworkStatusIndicator.o -index-unit-output-path /OPS.build/Debug-iphonesimulator/OPS.build/Objects-normal/arm64/ScheduleView.o -index-unit-output-path /OPS.build/Debug-iphonesimulator/OPS.build/Objects-normal/arm64/SettingsView.o -index-unit-output-path /OPS.build/Debug-iphonesimulator/OPS.build/Objects-normal/arm64/SplashScreen.o -index-unit-output-path /OPS.build/Debug-iphonesimulator/OPS.build/Objects-normal/arm64/AppState.o -index-unit-output-path /OPS.build/Debug-iphonesimulator/OPS.build/Objects-normal/arm64/ContentView.o -index-unit-output-path /OPS.build/Debug-iphonesimulator/OPS.build/Objects-normal/arm64/Item.o -index-unit-output-path /OPS.build/Debug-iphonesimulator/OPS.build/Objects-normal/arm64/OPSApp.o -index-unit-output-path /OPS.build/Debug-iphonesimulator/OPS.build/Objects-normal/arm64/GeneratedAssetSymbols.o -index-store-path /Users/jacksonsweet/Library/Developer/Xcode/DerivedData/OPS-czavgtmnvamasvcjgszzuulfcsxj/Index.noindex/DataStore -index-system-modules

SwiftCompile normal arm64 /Users/jacksonsweet/Desktop/OPS\ APP/OPS/OPS/Views/LoginViewPreview.swift (in target 'OPS' from project 'OPS')
    cd /Users/jacksonsweet/Desktop/OPS\ APP/OPS
    /Applications/Xcode.app/Contents/Developer/Toolchains/XcodeDefault.xctoolchain/usr/bin/swift-frontend -c /Users/jacksonsweet/Desktop/OPS\ APP/OPS/OPS/DataModels/BubbleImage.swift /Users/jacksonsweet/Desktop/OPS\ APP/OPS/OPS/DataModels/BubbleTypes.swift /Users/jacksonsweet/Desktop/OPS\ APP/OPS/OPS/DataModels/Company.swift /Users/jacksonsweet/Desktop/OPS\ APP/OPS/OPS/DataModels/Project.swift /Users/jacksonsweet/Desktop/OPS\ APP/OPS/OPS/DataModels/Status.swift /Users/jacksonsweet/Desktop/OPS\ APP/OPS/OPS/DataModels/User.swift /Users/jacksonsweet/Desktop/OPS\ APP/OPS/OPS/DataModels/UserRole.swift /Users/jacksonsweet/Desktop/OPS\ APP/OPS/OPS/Extensions/UIImage+Extensions.swift /Users/jacksonsweet/Desktop/OPS\ APP/OPS/OPS/Network/API/APIError.swift /Users/jacksonsweet/Desktop/OPS\ APP/OPS/OPS/Network/API/APIService.swift /Users/jacksonsweet/Desktop/OPS\ APP/OPS/OPS/Network/API/BubbleFields.swift /Users/jacksonsweet/Desktop/OPS\ APP/OPS/OPS/Network/Auth/AuthError.swift /Users/jacksonsweet/Desktop/OPS\ APP/OPS/OPS/Network/Auth/AuthManager.swift /Users/jacksonsweet/Desktop/OPS\ APP/OPS/OPS/Network/Auth/KeychainManager.swift /Users/jacksonsweet/Desktop/OPS\ APP/OPS/OPS/Network/DTOs/CompanyDTO.swift /Users/jacksonsweet/Desktop/OPS\ APP/OPS/OPS/Network/DTOs/ProjectDTO.swift /Users/jacksonsweet/Desktop/OPS\ APP/OPS/OPS/Network/DTOs/UserDTO.swift /Users/jacksonsweet/Desktop/OPS\ APP/OPS/OPS/Network/Endpoints/CompanyEndpoints.swift /Users/jacksonsweet/Desktop/OPS\ APP/OPS/OPS/Network/Endpoints/ProjectEndpoints.swift /Users/jacksonsweet/Desktop/OPS\ APP/OPS/OPS/Network/Endpoints/UserEndpoints.swift /Users/jacksonsweet/Desktop/OPS\ APP/OPS/OPS/Network/Sync/BackgroundTaskManager.swift /Users/jacksonsweet/Desktop/OPS\ APP/OPS/OPS/Network/Sync/SyncManager.swift /Users/jacksonsweet/Desktop/OPS\ APP/OPS/OPS/Network/ConnectivityMonitor.swift /Users/jacksonsweet/Desktop/OPS\ APP/OPS/OPS/Network/ImageSyncManager.swift /Users/jacksonsweet/Desktop/OPS\ APP/OPS/OPS/Onboarding/Coordinators/OnboardingCoordinator.swift /Users/jacksonsweet/Desktop/OPS\ APP/OPS/OPS/Onboarding/Models/OnboardingModels.swift /Users/jacksonsweet/Desktop/OPS\ APP/OPS/OPS/Onboarding/Services/OnboardingService.swift /Users/jacksonsweet/Desktop/OPS\ APP/OPS/OPS/Onboarding/ViewModels/OnboardingViewModel.swift /Users/jacksonsweet/Desktop/OPS\ APP/OPS/OPS/Onboarding/Views/Components/OnboardingComponents.swift /Users/jacksonsweet/Desktop/OPS\ APP/OPS/OPS/Onboarding/Views/Screens/AccountCreatedView.swift /Users/jacksonsweet/Desktop/OPS\ APP/OPS/OPS/Onboarding/Views/Screens/CompanyCodeView.swift /Users/jacksonsweet/Desktop/OPS\ APP/OPS/OPS/Onboarding/Views/Screens/CompanyCodeViewPreview.swift /Users/jacksonsweet/Desktop/OPS\ APP/OPS/OPS/Onboarding/Views/Screens/CompletionView.swift /Users/jacksonsweet/Desktop/OPS\ APP/OPS/OPS/Onboarding/Views/Screens/CompletionViewPreview.swift /Users/jacksonsweet/Desktop/OPS\ APP/OPS/OPS/Onboarding/Views/Screens/EmailView.swift /Users/jacksonsweet/Desktop/OPS\ APP/OPS/OPS/Onboarding/Views/Screens/FieldSetupView.swift /Users/jacksonsweet/Desktop/OPS\ APP/OPS/OPS/Onboarding/Views/Screens/NotificationsView.swift /Users/jacksonsweet/Desktop/OPS\ APP/OPS/OPS/Onboarding/Views/Screens/NotificationsViewPreview.swift /Users/jacksonsweet/Desktop/OPS\ APP/OPS/OPS/Onboarding/Views/Screens/OrganizationJoinView.swift /Users/jacksonsweet/Desktop/OPS\ APP/OPS/OPS/Onboarding/Views/Screens/PasswordView.swift /Users/jacksonsweet/Desktop/OPS\ APP/OPS/OPS/Onboarding/Views/Screens/PasswordViewPreview.swift /Users/jacksonsweet/Desktop/OPS\ APP/OPS/OPS/Onboarding/Views/Screens/PermissionsView.swift /Users/jacksonsweet/Desktop/OPS\ APP/OPS/OPS/Onboarding/Views/Screens/PermissionsViewPreview.swift /Users/jacksonsweet/Desktop/OPS\ APP/OPS/OPS/Onboarding/Views/Screens/PhoneNumberView.swift /Users/jacksonsweet/Desktop/OPS\ APP/OPS/OPS/Onboarding/Views/Screens/PhoneNumberViewPreview.swift /Users/jacksonsweet/Desktop/OPS\ APP/OPS/OPS/Onboarding/Views/Screens/UserInfoView.swift /Users/jacksonsweet/Desktop/OPS\ APP/OPS/OPS/Onboarding/Views/Screens/UserInfoViewPreview.swift /Users/jacksonsweet/Desktop/OPS\ APP/OPS/OPS/Onboarding/Views/Screens/VerifyPhoneView.swift /Users/jacksonsweet/Desktop/OPS\ APP/OPS/OPS/Onboarding/Views/Screens/WelcomeCompanyView.swift /Users/jacksonsweet/Desktop/OPS\ APP/OPS/OPS/Onboarding/Views/Screens/WelcomeCompanyViewPreview.swift /Users/jacksonsweet/Desktop/OPS\ APP/OPS/OPS/Onboarding/Views/Screens/WelcomeView.swift /Users/jacksonsweet/Desktop/OPS\ APP/OPS/OPS/Onboarding/Views/Screens/WelcomeViewPreview.swift /Users/jacksonsweet/Desktop/OPS\ APP/OPS/OPS/Onboarding/Views/OnboardingContainerView.swift /Users/jacksonsweet/Desktop/OPS\ APP/OPS/OPS/Onboarding/Views/OnboardingFlowPreview.swift /Users/jacksonsweet/Desktop/OPS\ APP/OPS/OPS/Onboarding/Views/OnboardingPresenter.swift /Users/jacksonsweet/Desktop/OPS\ APP/OPS/OPS/Onboarding/Views/OnboardingPreviewHelpers.swift /Users/jacksonsweet/Desktop/OPS\ APP/OPS/OPS/Styles/OPSStyle.swift /Users/jacksonsweet/Desktop/OPS\ APP/OPS/OPS/Utilities/AppConfiguration.swift /Users/jacksonsweet/Desktop/OPS\ APP/OPS/OPS/Utilities/ArrayTransformer.swift /Users/jacksonsweet/Desktop/OPS\ APP/OPS/OPS/Utilities/DataController.swift /Users/jacksonsweet/Desktop/OPS\ APP/OPS/OPS/Utilities/Dateformatter\ +Bubble.swift /Users/jacksonsweet/Desktop/OPS\ APP/OPS/OPS/Utilities/DateHelper.swift /Users/jacksonsweet/Desktop/OPS\ APP/OPS/OPS/Utilities/FieldErrorHandler.swift /Users/jacksonsweet/Desktop/OPS\ APP/OPS/OPS/Utilities/ImageCache.swift /Users/jacksonsweet/Desktop/OPS\ APP/OPS/OPS/Utilities/ImageFileManager.swift /Users/jacksonsweet/Desktop/OPS\ APP/OPS/OPS/Utilities/InProgressManager.swift /Users/jacksonsweet/Desktop/OPS\ APP/OPS/OPS/Utilities/KeyboardDismissalModifier.swift /Users/jacksonsweet/Desktop/OPS\ APP/OPS/OPS/Utilities/LocationManager.swift /Users/jacksonsweet/Desktop/OPS\ APP/OPS/OPS/Utilities/OnboardingEnvironmentKey.swift /Users/jacksonsweet/Desktop/OPS\ APP/OPS/OPS/Utilities/SwiftDataHelper.swift /Users/jacksonsweet/Desktop/OPS\ APP/OPS/OPS/Utilities/UIComponents.swift /Users/jacksonsweet/Desktop/OPS\ APP/OPS/OPS/V2/CertificationsSettingsView.swift /Users/jacksonsweet/Desktop/OPS\ APP/OPS/OPS/ViewModels/CalendarViewModel.swift /Users/jacksonsweet/Desktop/OPS\ APP/OPS/OPS/ViewModels/ProjectsViewModel.swift /Users/jacksonsweet/Desktop/OPS\ APP/OPS/OPS/Views/Calendar\ Tab/Components/CalendarDaySelector.swift /Users/jacksonsweet/Desktop/OPS\ APP/OPS/OPS/Views/Calendar\ Tab/Components/CalendarHeaderView.swift /Users/jacksonsweet/Desktop/OPS\ APP/OPS/OPS/Views/Calendar\ Tab/Components/CalendarProjectCard.swift /Users/jacksonsweet/Desktop/OPS\ APP/OPS/OPS/Views/Calendar\ Tab/Components/CalendarToggleView.swift /Users/jacksonsweet/Desktop/OPS\ APP/OPS/OPS/Views/Calendar\ Tab/Components/DatePickerPopover.swift /Users/jacksonsweet/Desktop/OPS\ APP/OPS/OPS/Views/Calendar\ Tab/Components/DayCell.swift /Users/jacksonsweet/Desktop/OPS\ APP/OPS/OPS/Views/Calendar\ Tab/ProjectViews/DayProjectSheet.swift /Users/jacksonsweet/Desktop/OPS\ APP/OPS/OPS/Views/Calendar\ Tab/ProjectViews/ProjectListView.swift /Users/jacksonsweet/Desktop/OPS\ APP/OPS/OPS/Views/Calendar\ Tab/MonthGridView.swift /Users/jacksonsweet/Desktop/OPS\ APP/OPS/OPS/Views/Components/Common/AppHeader.swift /Users/jacksonsweet/Desktop/OPS\ APP/OPS/OPS/Views/Components/Common/ExpandableNotesView.swift /Users/jacksonsweet/Desktop/OPS\ APP/OPS/OPS/Views/Components/Common/LocationPermissionView.swift /Users/jacksonsweet/Desktop/OPS\ APP/OPS/OPS/Views/Components/Common/NavigationBanner.swift /Users/jacksonsweet/Desktop/OPS\ APP/OPS/OPS/Views/Components/Common/NavigationControlsView.swift /Users/jacksonsweet/Desktop/OPS\ APP/OPS/OPS/Views/Components/Common/TabBarBackground.swift /Users/jacksonsweet/Desktop/OPS\ APP/OPS/OPS/Views/Components/Images/ImagePicker.swift /Users/jacksonsweet/Desktop/OPS\ APP/OPS/OPS/Views/Components/Images/ImagePickerView.swift /Users/jacksonsweet/Desktop/OPS\ APP/OPS/OPS/Views/Components/Images/ProjectImagesSection.swift /Users/jacksonsweet/Desktop/OPS\ APP/OPS/OPS/Views/Components/Images/ProjectImagesSimple.swift /Users/jacksonsweet/Desktop/OPS\ APP/OPS/OPS/Views/Components/Images/ProjectImageView.swift /Users/jacksonsweet/Desktop/OPS\ APP/OPS/OPS/Views/Components/Images/ProjectPhotosGrid.swift /Users/jacksonsweet/Desktop/OPS\ APP/OPS/OPS/Views/Components/Map/MiniMapView.swift /Users/jacksonsweet/Desktop/OPS\ APP/OPS/OPS/Views/Components/Map/ProjectMapAnnotation.swift /Users/jacksonsweet/Desktop/OPS\ APP/OPS/OPS/Views/Components/Map/ProjectMapView.swift /Users/jacksonsweet/Desktop/OPS\ APP/OPS/OPS/Views/Components/Map/ProjectMarkerPopup.swift /Users/jacksonsweet/Desktop/OPS\ APP/OPS/OPS/Views/Components/Map/RouteDirectionsView.swift /Users/jacksonsweet/Desktop/OPS\ APP/OPS/OPS/Views/Components/Project/ProjectActionBar.swift /Users/jacksonsweet/Desktop/OPS\ APP/OPS/OPS/Views/Components/Project/ProjectCard.swift /Users/jacksonsweet/Desktop/OPS\ APP/OPS/OPS/Views/Components/Project/ProjectCarousel.swift /Users/jacksonsweet/Desktop/OPS\ APP/OPS/OPS/Views/Components/Project/ProjectDetailsView.swift /Users/jacksonsweet/Desktop/OPS\ APP/OPS/OPS/Views/Components/Project/ProjectHeader.swift /Users/jacksonsweet/Desktop/OPS\ APP/OPS/OPS/Views/Components/Project/ProjectSheetContainer.swift /Users/jacksonsweet/Desktop/OPS\ APP/OPS/OPS/Views/Components/User/TeamMemberListView.swift /Users/jacksonsweet/Desktop/OPS\ APP/OPS/OPS/Views/Components/User/UserProfileCard.swift /Users/jacksonsweet/Desktop/OPS\ APP/OPS/OPS/Views/Home/HomeContentView.swift /Users/jacksonsweet/Desktop/OPS\ APP/OPS/OPS/Views/Home/HomeView.swift /Users/jacksonsweet/Desktop/OPS\ APP/OPS/OPS/Views/Settings/OrganizationSettingsView.swift /Users/jacksonsweet/Desktop/OPS\ APP/OPS/OPS/Views/Settings/ProfileSettingsView.swift /Users/jacksonsweet/Desktop/OPS\ APP/OPS/OPS/Views/Settings/ProjectHistorySettingsView.swift -primary-file /Users/jacksonsweet/Desktop/OPS\ APP/OPS/OPS/Views/LoginView.swift -primary-file /Users/jacksonsweet/Desktop/OPS\ APP/OPS/OPS/Views/LoginViewPreview.swift -primary-file /Users/jacksonsweet/Desktop/OPS\ APP/OPS/OPS/Views/MainTabView.swift -primary-file /Users/jacksonsweet/Desktop/OPS\ APP/OPS/OPS/Views/NetworkStatusIndicator.swift -primary-file /Users/jacksonsweet/Desktop/OPS\ APP/OPS/OPS/Views/ScheduleView.swift -primary-file /Users/jacksonsweet/Desktop/OPS\ APP/OPS/OPS/Views/SettingsView.swift -primary-file /Users/jacksonsweet/Desktop/OPS\ APP/OPS/OPS/Views/SplashScreen.swift -primary-file /Users/jacksonsweet/Desktop/OPS\ APP/OPS/OPS/AppState.swift -primary-file /Users/jacksonsweet/Desktop/OPS\ APP/OPS/OPS/ContentView.swift -primary-file /Users/jacksonsweet/Desktop/OPS\ APP/OPS/OPS/Item.swift -primary-file /Users/jacksonsweet/Desktop/OPS\ APP/OPS/OPS/OPSApp.swift -primary-file /Users/jacksonsweet/Library/Developer/Xcode/DerivedData/OPS-czavgtmnvamasvcjgszzuulfcsxj/Build/Intermediates.noindex/OPS.build/Debug-iphonesimulator/OPS.build/DerivedSources/GeneratedAssetSymbols.swift -supplementary-output-file-map /Users/jacksonsweet/Library/Developer/Xcode/DerivedData/OPS-czavgtmnvamasvcjgszzuulfcsxj/Build/Intermediates.noindex/OPS.build/Debug-iphonesimulator/OPS.build/Objects-normal/arm64/supplementaryOutputs-10 -emit-localized-strings -emit-localized-strings-path /Users/jacksonsweet/Library/Developer/Xcode/DerivedData/OPS-czavgtmnvamasvcjgszzuulfcsxj/Build/Intermediates.noindex/OPS.build/Debug-iphonesimulator/OPS.build/Objects-normal/arm64 -target arm64-apple-ios18.2-simulator -Xllvm -aarch64-use-tbi -enable-objc-interop -sdk /Applications/Xcode.app/Contents/Developer/Platforms/iPhoneSimulator.platform/Developer/SDKs/iPhoneSimulator18.2.sdk -I /Users/jacksonsweet/Library/Developer/Xcode/DerivedData/OPS-czavgtmnvamasvcjgszzuulfcsxj/Build/Products/Debug-iphonesimulator -F /Users/jacksonsweet/Library/Developer/Xcode/DerivedData/OPS-czavgtmnvamasvcjgszzuulfcsxj/Build/Products/Debug-iphonesimulator -no-color-diagnostics -enable-testing -g -debug-info-format\=dwarf -dwarf-version\=5 -module-cache-path /Users/jacksonsweet/Library/Developer/Xcode/DerivedData/ModuleCache.noindex -profile-generate -profile-coverage-mapping -swift-version 5 -enforce-exclusivity\=checked -Onone -D DEBUG -serialize-debugging-options -const-gather-protocols-file /Users/jacksonsweet/Library/Developer/Xcode/DerivedData/OPS-czavgtmnvamasvcjgszzuulfcsxj/Build/Intermediates.noindex/OPS.build/Debug-iphonesimulator/OPS.build/Objects-normal/arm64/OPS_const_extract_protocols.json -enable-experimental-feature DebugDescriptionMacro -enable-experimental-feature OpaqueTypeErasure -enable-bare-slash-regex -empty-abi-descriptor -validate-clang-modules-once -clang-build-session-file /Users/jacksonsweet/Library/Developer/Xcode/DerivedData/ModuleCache.noindex/Session.modulevalidation -Xcc -working-directory -Xcc /Users/jacksonsweet/Desktop/OPS\ APP/OPS -resource-dir /Applications/Xcode.app/Contents/Developer/Toolchains/XcodeDefault.xctoolchain/usr/lib/swift -enable-anonymous-context-mangled-names -file-compilation-dir /Users/jacksonsweet/Desktop/OPS\ APP/OPS -Xcc -D_LIBCPP_HARDENING_MODE\=_LIBCPP_HARDENING_MODE_DEBUG -Xcc -ivfsstatcache -Xcc /Users/jacksonsweet/Library/Developer/Xcode/DerivedData/SDKStatCaches.noindex/iphonesimulator18.2-22C146-07b28473f605e47e75261259d3ef3b5a.sdkstatcache -Xcc -I/Users/jacksonsweet/Library/Developer/Xcode/DerivedData/OPS-czavgtmnvamasvcjgszzuulfcsxj/Build/Intermediates.noindex/OPS.build/Debug-iphonesimulator/OPS.build/swift-overrides.hmap -Xcc -iquote -Xcc /Users/jacksonsweet/Library/Developer/Xcode/DerivedData/OPS-czavgtmnvamasvcjgszzuulfcsxj/Build/Intermediates.noindex/OPS.build/Debug-iphonesimulator/OPS.build/OPS-generated-files.hmap -Xcc -I/Users/jacksonsweet/Library/Developer/Xcode/DerivedData/OPS-czavgtmnvamasvcjgszzuulfcsxj/Build/Intermediates.noindex/OPS.build/Debug-iphonesimulator/OPS.build/OPS-own-target-headers.hmap -Xcc -I/Users/jacksonsweet/Library/Developer/Xcode/DerivedData/OPS-czavgtmnvamasvcjgszzuulfcsxj/Build/Intermediates.noindex/OPS.build/Debug-iphonesimulator/OPS.build/OPS-all-target-headers.hmap -Xcc -iquote -Xcc /Users/jacksonsweet/Library/Developer/Xcode/DerivedData/OPS-czavgtmnvamasvcjgszzuulfcsxj/Build/Intermediates.noindex/OPS.build/Debug-iphonesimulator/OPS.build/OPS-project-headers.hmap -Xcc -I/Users/jacksonsweet/Library/Developer/Xcode/DerivedData/OPS-czavgtmnvamasvcjgszzuulfcsxj/Build/Products/Debug-iphonesimulator/include -Xcc -I/Users/jacksonsweet/Library/Developer/Xcode/DerivedData/OPS-czavgtmnvamasvcjgszzuulfcsxj/Build/Intermediates.noindex/OPS.build/Debug-iphonesimulator/OPS.build/DerivedSources-normal/arm64 -Xcc -I/Users/jacksonsweet/Library/Developer/Xcode/DerivedData/OPS-czavgtmnvamasvcjgszzuulfcsxj/Build/Intermediates.noindex/OPS.build/Debug-iphonesimulator/OPS.build/DerivedSources/arm64 -Xcc -I/Users/jacksonsweet/Library/Developer/Xcode/DerivedData/OPS-czavgtmnvamasvcjgszzuulfcsxj/Build/Intermediates.noindex/OPS.build/Debug-iphonesimulator/OPS.build/DerivedSources -Xcc -DDEBUG\=1 -module-name OPS -frontend-parseable-output -disable-clang-spi -target-sdk-version 18.2 -target-sdk-name iphonesimulator18.2 -external-plugin-path /Applications/Xcode.app/Contents/Developer/Platforms/iPhoneOS.platform/Developer/usr/lib/swift/host/plugins\#/Applications/Xcode.app/Contents/Developer/Platforms/iPhoneOS.platform/Developer/usr/bin/swift-plugin-server -external-plugin-path /Applications/Xcode.app/Contents/Developer/Platforms/iPhoneOS.platform/Developer/usr/local/lib/swift/host/plugins\#/Applications/Xcode.app/Contents/Developer/Platforms/iPhoneOS.platform/Developer/usr/bin/swift-plugin-server -plugin-path /Applications/Xcode.app/Contents/Developer/Toolchains/XcodeDefault.xctoolchain/usr/lib/swift/host/plugins -plugin-path /Applications/Xcode.app/Contents/Developer/Toolchains/XcodeDefault.xctoolchain/usr/local/lib/swift/host/plugins -o /Users/jacksonsweet/Library/Developer/Xcode/DerivedData/OPS-czavgtmnvamasvcjgszzuulfcsxj/Build/Intermediates.noindex/OPS.build/Debug-iphonesimulator/OPS.build/Objects-normal/arm64/LoginView.o -o /Users/jacksonsweet/Library/Developer/Xcode/DerivedData/OPS-czavgtmnvamasvcjgszzuulfcsxj/Build/Intermediates.noindex/OPS.build/Debug-iphonesimulator/OPS.build/Objects-normal/arm64/LoginViewPreview.o -o /Users/jacksonsweet/Library/Developer/Xcode/DerivedData/OPS-czavgtmnvamasvcjgszzuulfcsxj/Build/Intermediates.noindex/OPS.build/Debug-iphonesimulator/OPS.build/Objects-normal/arm64/MainTabView.o -o /Users/jacksonsweet/Library/Developer/Xcode/DerivedData/OPS-czavgtmnvamasvcjgszzuulfcsxj/Build/Intermediates.noindex/OPS.build/Debug-iphonesimulator/OPS.build/Objects-normal/arm64/NetworkStatusIndicator.o -o /Users/jacksonsweet/Library/Developer/Xcode/DerivedData/OPS-czavgtmnvamasvcjgszzuulfcsxj/Build/Intermediates.noindex/OPS.build/Debug-iphonesimulator/OPS.build/Objects-normal/arm64/ScheduleView.o -o /Users/jacksonsweet/Library/Developer/Xcode/DerivedData/OPS-czavgtmnvamasvcjgszzuulfcsxj/Build/Intermediates.noindex/OPS.build/Debug-iphonesimulator/OPS.build/Objects-normal/arm64/SettingsView.o -o /Users/jacksonsweet/Library/Developer/Xcode/DerivedData/OPS-czavgtmnvamasvcjgszzuulfcsxj/Build/Intermediates.noindex/OPS.build/Debug-iphonesimulator/OPS.build/Objects-normal/arm64/SplashScreen.o -o /Users/jacksonsweet/Library/Developer/Xcode/DerivedData/OPS-czavgtmnvamasvcjgszzuulfcsxj/Build/Intermediates.noindex/OPS.build/Debug-iphonesimulator/OPS.build/Objects-normal/arm64/AppState.o -o /Users/jacksonsweet/Library/Developer/Xcode/DerivedData/OPS-czavgtmnvamasvcjgszzuulfcsxj/Build/Intermediates.noindex/OPS.build/Debug-iphonesimulator/OPS.build/Objects-normal/arm64/ContentView.o -o /Users/jacksonsweet/Library/Developer/Xcode/DerivedData/OPS-czavgtmnvamasvcjgszzuulfcsxj/Build/Intermediates.noindex/OPS.build/Debug-iphonesimulator/OPS.build/Objects-normal/arm64/Item.o -o /Users/jacksonsweet/Library/Developer/Xcode/DerivedData/OPS-czavgtmnvamasvcjgszzuulfcsxj/Build/Intermediates.noindex/OPS.build/Debug-iphonesimulator/OPS.build/Objects-normal/arm64/OPSApp.o -o /Users/jacksonsweet/Library/Developer/Xcode/DerivedData/OPS-czavgtmnvamasvcjgszzuulfcsxj/Build/Intermediates.noindex/OPS.build/Debug-iphonesimulator/OPS.build/Objects-normal/arm64/GeneratedAssetSymbols.o -index-unit-output-path /OPS.build/Debug-iphonesimulator/OPS.build/Objects-normal/arm64/LoginView.o -index-unit-output-path /OPS.build/Debug-iphonesimulator/OPS.build/Objects-normal/arm64/LoginViewPreview.o -index-unit-output-path /OPS.build/Debug-iphonesimulator/OPS.build/Objects-normal/arm64/MainTabView.o -index-unit-output-path /OPS.build/Debug-iphonesimulator/OPS.build/Objects-normal/arm64/NetworkStatusIndicator.o -index-unit-output-path /OPS.build/Debug-iphonesimulator/OPS.build/Objects-normal/arm64/ScheduleView.o -index-unit-output-path /OPS.build/Debug-iphonesimulator/OPS.build/Objects-normal/arm64/SettingsView.o -index-unit-output-path /OPS.build/Debug-iphonesimulator/OPS.build/Objects-normal/arm64/SplashScreen.o -index-unit-output-path /OPS.build/Debug-iphonesimulator/OPS.build/Objects-normal/arm64/AppState.o -index-unit-output-path /OPS.build/Debug-iphonesimulator/OPS.build/Objects-normal/arm64/ContentView.o -index-unit-output-path /OPS.build/Debug-iphonesimulator/OPS.build/Objects-normal/arm64/Item.o -index-unit-output-path /OPS.build/Debug-iphonesimulator/OPS.build/Objects-normal/arm64/OPSApp.o -index-unit-output-path /OPS.build/Debug-iphonesimulator/OPS.build/Objects-normal/arm64/GeneratedAssetSymbols.o -index-store-path /Users/jacksonsweet/Library/Developer/Xcode/DerivedData/OPS-czavgtmnvamasvcjgszzuulfcsxj/Index.noindex/DataStore -index-system-modules

SwiftCompile normal arm64 /Users/jacksonsweet/Desktop/OPS\ APP/OPS/OPS/Views/MainTabView.swift (in target 'OPS' from project 'OPS')
    cd /Users/jacksonsweet/Desktop/OPS\ APP/OPS
    /Applications/Xcode.app/Contents/Developer/Toolchains/XcodeDefault.xctoolchain/usr/bin/swift-frontend -c /Users/jacksonsweet/Desktop/OPS\ APP/OPS/OPS/DataModels/BubbleImage.swift /Users/jacksonsweet/Desktop/OPS\ APP/OPS/OPS/DataModels/BubbleTypes.swift /Users/jacksonsweet/Desktop/OPS\ APP/OPS/OPS/DataModels/Company.swift /Users/jacksonsweet/Desktop/OPS\ APP/OPS/OPS/DataModels/Project.swift /Users/jacksonsweet/Desktop/OPS\ APP/OPS/OPS/DataModels/Status.swift /Users/jacksonsweet/Desktop/OPS\ APP/OPS/OPS/DataModels/User.swift /Users/jacksonsweet/Desktop/OPS\ APP/OPS/OPS/DataModels/UserRole.swift /Users/jacksonsweet/Desktop/OPS\ APP/OPS/OPS/Extensions/UIImage+Extensions.swift /Users/jacksonsweet/Desktop/OPS\ APP/OPS/OPS/Network/API/APIError.swift /Users/jacksonsweet/Desktop/OPS\ APP/OPS/OPS/Network/API/APIService.swift /Users/jacksonsweet/Desktop/OPS\ APP/OPS/OPS/Network/API/BubbleFields.swift /Users/jacksonsweet/Desktop/OPS\ APP/OPS/OPS/Network/Auth/AuthError.swift /Users/jacksonsweet/Desktop/OPS\ APP/OPS/OPS/Network/Auth/AuthManager.swift /Users/jacksonsweet/Desktop/OPS\ APP/OPS/OPS/Network/Auth/KeychainManager.swift /Users/jacksonsweet/Desktop/OPS\ APP/OPS/OPS/Network/DTOs/CompanyDTO.swift /Users/jacksonsweet/Desktop/OPS\ APP/OPS/OPS/Network/DTOs/ProjectDTO.swift /Users/jacksonsweet/Desktop/OPS\ APP/OPS/OPS/Network/DTOs/UserDTO.swift /Users/jacksonsweet/Desktop/OPS\ APP/OPS/OPS/Network/Endpoints/CompanyEndpoints.swift /Users/jacksonsweet/Desktop/OPS\ APP/OPS/OPS/Network/Endpoints/ProjectEndpoints.swift /Users/jacksonsweet/Desktop/OPS\ APP/OPS/OPS/Network/Endpoints/UserEndpoints.swift /Users/jacksonsweet/Desktop/OPS\ APP/OPS/OPS/Network/Sync/BackgroundTaskManager.swift /Users/jacksonsweet/Desktop/OPS\ APP/OPS/OPS/Network/Sync/SyncManager.swift /Users/jacksonsweet/Desktop/OPS\ APP/OPS/OPS/Network/ConnectivityMonitor.swift /Users/jacksonsweet/Desktop/OPS\ APP/OPS/OPS/Network/ImageSyncManager.swift /Users/jacksonsweet/Desktop/OPS\ APP/OPS/OPS/Onboarding/Coordinators/OnboardingCoordinator.swift /Users/jacksonsweet/Desktop/OPS\ APP/OPS/OPS/Onboarding/Models/OnboardingModels.swift /Users/jacksonsweet/Desktop/OPS\ APP/OPS/OPS/Onboarding/Services/OnboardingService.swift /Users/jacksonsweet/Desktop/OPS\ APP/OPS/OPS/Onboarding/ViewModels/OnboardingViewModel.swift /Users/jacksonsweet/Desktop/OPS\ APP/OPS/OPS/Onboarding/Views/Components/OnboardingComponents.swift /Users/jacksonsweet/Desktop/OPS\ APP/OPS/OPS/Onboarding/Views/Screens/AccountCreatedView.swift /Users/jacksonsweet/Desktop/OPS\ APP/OPS/OPS/Onboarding/Views/Screens/CompanyCodeView.swift /Users/jacksonsweet/Desktop/OPS\ APP/OPS/OPS/Onboarding/Views/Screens/CompanyCodeViewPreview.swift /Users/jacksonsweet/Desktop/OPS\ APP/OPS/OPS/Onboarding/Views/Screens/CompletionView.swift /Users/jacksonsweet/Desktop/OPS\ APP/OPS/OPS/Onboarding/Views/Screens/CompletionViewPreview.swift /Users/jacksonsweet/Desktop/OPS\ APP/OPS/OPS/Onboarding/Views/Screens/EmailView.swift /Users/jacksonsweet/Desktop/OPS\ APP/OPS/OPS/Onboarding/Views/Screens/FieldSetupView.swift /Users/jacksonsweet/Desktop/OPS\ APP/OPS/OPS/Onboarding/Views/Screens/NotificationsView.swift /Users/jacksonsweet/Desktop/OPS\ APP/OPS/OPS/Onboarding/Views/Screens/NotificationsViewPreview.swift /Users/jacksonsweet/Desktop/OPS\ APP/OPS/OPS/Onboarding/Views/Screens/OrganizationJoinView.swift /Users/jacksonsweet/Desktop/OPS\ APP/OPS/OPS/Onboarding/Views/Screens/PasswordView.swift /Users/jacksonsweet/Desktop/OPS\ APP/OPS/OPS/Onboarding/Views/Screens/PasswordViewPreview.swift /Users/jacksonsweet/Desktop/OPS\ APP/OPS/OPS/Onboarding/Views/Screens/PermissionsView.swift /Users/jacksonsweet/Desktop/OPS\ APP/OPS/OPS/Onboarding/Views/Screens/PermissionsViewPreview.swift /Users/jacksonsweet/Desktop/OPS\ APP/OPS/OPS/Onboarding/Views/Screens/PhoneNumberView.swift /Users/jacksonsweet/Desktop/OPS\ APP/OPS/OPS/Onboarding/Views/Screens/PhoneNumberViewPreview.swift /Users/jacksonsweet/Desktop/OPS\ APP/OPS/OPS/Onboarding/Views/Screens/UserInfoView.swift /Users/jacksonsweet/Desktop/OPS\ APP/OPS/OPS/Onboarding/Views/Screens/UserInfoViewPreview.swift /Users/jacksonsweet/Desktop/OPS\ APP/OPS/OPS/Onboarding/Views/Screens/VerifyPhoneView.swift /Users/jacksonsweet/Desktop/OPS\ APP/OPS/OPS/Onboarding/Views/Screens/WelcomeCompanyView.swift /Users/jacksonsweet/Desktop/OPS\ APP/OPS/OPS/Onboarding/Views/Screens/WelcomeCompanyViewPreview.swift /Users/jacksonsweet/Desktop/OPS\ APP/OPS/OPS/Onboarding/Views/Screens/WelcomeView.swift /Users/jacksonsweet/Desktop/OPS\ APP/OPS/OPS/Onboarding/Views/Screens/WelcomeViewPreview.swift /Users/jacksonsweet/Desktop/OPS\ APP/OPS/OPS/Onboarding/Views/OnboardingContainerView.swift /Users/jacksonsweet/Desktop/OPS\ APP/OPS/OPS/Onboarding/Views/OnboardingFlowPreview.swift /Users/jacksonsweet/Desktop/OPS\ APP/OPS/OPS/Onboarding/Views/OnboardingPresenter.swift /Users/jacksonsweet/Desktop/OPS\ APP/OPS/OPS/Onboarding/Views/OnboardingPreviewHelpers.swift /Users/jacksonsweet/Desktop/OPS\ APP/OPS/OPS/Styles/OPSStyle.swift /Users/jacksonsweet/Desktop/OPS\ APP/OPS/OPS/Utilities/AppConfiguration.swift /Users/jacksonsweet/Desktop/OPS\ APP/OPS/OPS/Utilities/ArrayTransformer.swift /Users/jacksonsweet/Desktop/OPS\ APP/OPS/OPS/Utilities/DataController.swift /Users/jacksonsweet/Desktop/OPS\ APP/OPS/OPS/Utilities/Dateformatter\ +Bubble.swift /Users/jacksonsweet/Desktop/OPS\ APP/OPS/OPS/Utilities/DateHelper.swift /Users/jacksonsweet/Desktop/OPS\ APP/OPS/OPS/Utilities/FieldErrorHandler.swift /Users/jacksonsweet/Desktop/OPS\ APP/OPS/OPS/Utilities/ImageCache.swift /Users/jacksonsweet/Desktop/OPS\ APP/OPS/OPS/Utilities/ImageFileManager.swift /Users/jacksonsweet/Desktop/OPS\ APP/OPS/OPS/Utilities/InProgressManager.swift /Users/jacksonsweet/Desktop/OPS\ APP/OPS/OPS/Utilities/KeyboardDismissalModifier.swift /Users/jacksonsweet/Desktop/OPS\ APP/OPS/OPS/Utilities/LocationManager.swift /Users/jacksonsweet/Desktop/OPS\ APP/OPS/OPS/Utilities/OnboardingEnvironmentKey.swift /Users/jacksonsweet/Desktop/OPS\ APP/OPS/OPS/Utilities/SwiftDataHelper.swift /Users/jacksonsweet/Desktop/OPS\ APP/OPS/OPS/Utilities/UIComponents.swift /Users/jacksonsweet/Desktop/OPS\ APP/OPS/OPS/V2/CertificationsSettingsView.swift /Users/jacksonsweet/Desktop/OPS\ APP/OPS/OPS/ViewModels/CalendarViewModel.swift /Users/jacksonsweet/Desktop/OPS\ APP/OPS/OPS/ViewModels/ProjectsViewModel.swift /Users/jacksonsweet/Desktop/OPS\ APP/OPS/OPS/Views/Calendar\ Tab/Components/CalendarDaySelector.swift /Users/jacksonsweet/Desktop/OPS\ APP/OPS/OPS/Views/Calendar\ Tab/Components/CalendarHeaderView.swift /Users/jacksonsweet/Desktop/OPS\ APP/OPS/OPS/Views/Calendar\ Tab/Components/CalendarProjectCard.swift /Users/jacksonsweet/Desktop/OPS\ APP/OPS/OPS/Views/Calendar\ Tab/Components/CalendarToggleView.swift /Users/jacksonsweet/Desktop/OPS\ APP/OPS/OPS/Views/Calendar\ Tab/Components/DatePickerPopover.swift /Users/jacksonsweet/Desktop/OPS\ APP/OPS/OPS/Views/Calendar\ Tab/Components/DayCell.swift /Users/jacksonsweet/Desktop/OPS\ APP/OPS/OPS/Views/Calendar\ Tab/ProjectViews/DayProjectSheet.swift /Users/jacksonsweet/Desktop/OPS\ APP/OPS/OPS/Views/Calendar\ Tab/ProjectViews/ProjectListView.swift /Users/jacksonsweet/Desktop/OPS\ APP/OPS/OPS/Views/Calendar\ Tab/MonthGridView.swift /Users/jacksonsweet/Desktop/OPS\ APP/OPS/OPS/Views/Components/Common/AppHeader.swift /Users/jacksonsweet/Desktop/OPS\ APP/OPS/OPS/Views/Components/Common/ExpandableNotesView.swift /Users/jacksonsweet/Desktop/OPS\ APP/OPS/OPS/Views/Components/Common/LocationPermissionView.swift /Users/jacksonsweet/Desktop/OPS\ APP/OPS/OPS/Views/Components/Common/NavigationBanner.swift /Users/jacksonsweet/Desktop/OPS\ APP/OPS/OPS/Views/Components/Common/NavigationControlsView.swift /Users/jacksonsweet/Desktop/OPS\ APP/OPS/OPS/Views/Components/Common/TabBarBackground.swift /Users/jacksonsweet/Desktop/OPS\ APP/OPS/OPS/Views/Components/Images/ImagePicker.swift /Users/jacksonsweet/Desktop/OPS\ APP/OPS/OPS/Views/Components/Images/ImagePickerView.swift /Users/jacksonsweet/Desktop/OPS\ APP/OPS/OPS/Views/Components/Images/ProjectImagesSection.swift /Users/jacksonsweet/Desktop/OPS\ APP/OPS/OPS/Views/Components/Images/ProjectImagesSimple.swift /Users/jacksonsweet/Desktop/OPS\ APP/OPS/OPS/Views/Components/Images/ProjectImageView.swift /Users/jacksonsweet/Desktop/OPS\ APP/OPS/OPS/Views/Components/Images/ProjectPhotosGrid.swift /Users/jacksonsweet/Desktop/OPS\ APP/OPS/OPS/Views/Components/Map/MiniMapView.swift /Users/jacksonsweet/Desktop/OPS\ APP/OPS/OPS/Views/Components/Map/ProjectMapAnnotation.swift /Users/jacksonsweet/Desktop/OPS\ APP/OPS/OPS/Views/Components/Map/ProjectMapView.swift /Users/jacksonsweet/Desktop/OPS\ APP/OPS/OPS/Views/Components/Map/ProjectMarkerPopup.swift /Users/jacksonsweet/Desktop/OPS\ APP/OPS/OPS/Views/Components/Map/RouteDirectionsView.swift /Users/jacksonsweet/Desktop/OPS\ APP/OPS/OPS/Views/Components/Project/ProjectActionBar.swift /Users/jacksonsweet/Desktop/OPS\ APP/OPS/OPS/Views/Components/Project/ProjectCard.swift /Users/jacksonsweet/Desktop/OPS\ APP/OPS/OPS/Views/Components/Project/ProjectCarousel.swift /Users/jacksonsweet/Desktop/OPS\ APP/OPS/OPS/Views/Components/Project/ProjectDetailsView.swift /Users/jacksonsweet/Desktop/OPS\ APP/OPS/OPS/Views/Components/Project/ProjectHeader.swift /Users/jacksonsweet/Desktop/OPS\ APP/OPS/OPS/Views/Components/Project/ProjectSheetContainer.swift /Users/jacksonsweet/Desktop/OPS\ APP/OPS/OPS/Views/Components/User/TeamMemberListView.swift /Users/jacksonsweet/Desktop/OPS\ APP/OPS/OPS/Views/Components/User/UserProfileCard.swift /Users/jacksonsweet/Desktop/OPS\ APP/OPS/OPS/Views/Home/HomeContentView.swift /Users/jacksonsweet/Desktop/OPS\ APP/OPS/OPS/Views/Home/HomeView.swift /Users/jacksonsweet/Desktop/OPS\ APP/OPS/OPS/Views/Settings/OrganizationSettingsView.swift /Users/jacksonsweet/Desktop/OPS\ APP/OPS/OPS/Views/Settings/ProfileSettingsView.swift /Users/jacksonsweet/Desktop/OPS\ APP/OPS/OPS/Views/Settings/ProjectHistorySettingsView.swift -primary-file /Users/jacksonsweet/Desktop/OPS\ APP/OPS/OPS/Views/LoginView.swift -primary-file /Users/jacksonsweet/Desktop/OPS\ APP/OPS/OPS/Views/LoginViewPreview.swift -primary-file /Users/jacksonsweet/Desktop/OPS\ APP/OPS/OPS/Views/MainTabView.swift -primary-file /Users/jacksonsweet/Desktop/OPS\ APP/OPS/OPS/Views/NetworkStatusIndicator.swift -primary-file /Users/jacksonsweet/Desktop/OPS\ APP/OPS/OPS/Views/ScheduleView.swift -primary-file /Users/jacksonsweet/Desktop/OPS\ APP/OPS/OPS/Views/SettingsView.swift -primary-file /Users/jacksonsweet/Desktop/OPS\ APP/OPS/OPS/Views/SplashScreen.swift -primary-file /Users/jacksonsweet/Desktop/OPS\ APP/OPS/OPS/AppState.swift -primary-file /Users/jacksonsweet/Desktop/OPS\ APP/OPS/OPS/ContentView.swift -primary-file /Users/jacksonsweet/Desktop/OPS\ APP/OPS/OPS/Item.swift -primary-file /Users/jacksonsweet/Desktop/OPS\ APP/OPS/OPS/OPSApp.swift -primary-file /Users/jacksonsweet/Library/Developer/Xcode/DerivedData/OPS-czavgtmnvamasvcjgszzuulfcsxj/Build/Intermediates.noindex/OPS.build/Debug-iphonesimulator/OPS.build/DerivedSources/GeneratedAssetSymbols.swift -supplementary-output-file-map /Users/jacksonsweet/Library/Developer/Xcode/DerivedData/OPS-czavgtmnvamasvcjgszzuulfcsxj/Build/Intermediates.noindex/OPS.build/Debug-iphonesimulator/OPS.build/Objects-normal/arm64/supplementaryOutputs-10 -emit-localized-strings -emit-localized-strings-path /Users/jacksonsweet/Library/Developer/Xcode/DerivedData/OPS-czavgtmnvamasvcjgszzuulfcsxj/Build/Intermediates.noindex/OPS.build/Debug-iphonesimulator/OPS.build/Objects-normal/arm64 -target arm64-apple-ios18.2-simulator -Xllvm -aarch64-use-tbi -enable-objc-interop -sdk /Applications/Xcode.app/Contents/Developer/Platforms/iPhoneSimulator.platform/Developer/SDKs/iPhoneSimulator18.2.sdk -I /Users/jacksonsweet/Library/Developer/Xcode/DerivedData/OPS-czavgtmnvamasvcjgszzuulfcsxj/Build/Products/Debug-iphonesimulator -F /Users/jacksonsweet/Library/Developer/Xcode/DerivedData/OPS-czavgtmnvamasvcjgszzuulfcsxj/Build/Products/Debug-iphonesimulator -no-color-diagnostics -enable-testing -g -debug-info-format\=dwarf -dwarf-version\=5 -module-cache-path /Users/jacksonsweet/Library/Developer/Xcode/DerivedData/ModuleCache.noindex -profile-generate -profile-coverage-mapping -swift-version 5 -enforce-exclusivity\=checked -Onone -D DEBUG -serialize-debugging-options -const-gather-protocols-file /Users/jacksonsweet/Library/Developer/Xcode/DerivedData/OPS-czavgtmnvamasvcjgszzuulfcsxj/Build/Intermediates.noindex/OPS.build/Debug-iphonesimulator/OPS.build/Objects-normal/arm64/OPS_const_extract_protocols.json -enable-experimental-feature DebugDescriptionMacro -enable-experimental-feature OpaqueTypeErasure -enable-bare-slash-regex -empty-abi-descriptor -validate-clang-modules-once -clang-build-session-file /Users/jacksonsweet/Library/Developer/Xcode/DerivedData/ModuleCache.noindex/Session.modulevalidation -Xcc -working-directory -Xcc /Users/jacksonsweet/Desktop/OPS\ APP/OPS -resource-dir /Applications/Xcode.app/Contents/Developer/Toolchains/XcodeDefault.xctoolchain/usr/lib/swift -enable-anonymous-context-mangled-names -file-compilation-dir /Users/jacksonsweet/Desktop/OPS\ APP/OPS -Xcc -D_LIBCPP_HARDENING_MODE\=_LIBCPP_HARDENING_MODE_DEBUG -Xcc -ivfsstatcache -Xcc /Users/jacksonsweet/Library/Developer/Xcode/DerivedData/SDKStatCaches.noindex/iphonesimulator18.2-22C146-07b28473f605e47e75261259d3ef3b5a.sdkstatcache -Xcc -I/Users/jacksonsweet/Library/Developer/Xcode/DerivedData/OPS-czavgtmnvamasvcjgszzuulfcsxj/Build/Intermediates.noindex/OPS.build/Debug-iphonesimulator/OPS.build/swift-overrides.hmap -Xcc -iquote -Xcc /Users/jacksonsweet/Library/Developer/Xcode/DerivedData/OPS-czavgtmnvamasvcjgszzuulfcsxj/Build/Intermediates.noindex/OPS.build/Debug-iphonesimulator/OPS.build/OPS-generated-files.hmap -Xcc -I/Users/jacksonsweet/Library/Developer/Xcode/DerivedData/OPS-czavgtmnvamasvcjgszzuulfcsxj/Build/Intermediates.noindex/OPS.build/Debug-iphonesimulator/OPS.build/OPS-own-target-headers.hmap -Xcc -I/Users/jacksonsweet/Library/Developer/Xcode/DerivedData/OPS-czavgtmnvamasvcjgszzuulfcsxj/Build/Intermediates.noindex/OPS.build/Debug-iphonesimulator/OPS.build/OPS-all-target-headers.hmap -Xcc -iquote -Xcc /Users/jacksonsweet/Library/Developer/Xcode/DerivedData/OPS-czavgtmnvamasvcjgszzuulfcsxj/Build/Intermediates.noindex/OPS.build/Debug-iphonesimulator/OPS.build/OPS-project-headers.hmap -Xcc -I/Users/jacksonsweet/Library/Developer/Xcode/DerivedData/OPS-czavgtmnvamasvcjgszzuulfcsxj/Build/Products/Debug-iphonesimulator/include -Xcc -I/Users/jacksonsweet/Library/Developer/Xcode/DerivedData/OPS-czavgtmnvamasvcjgszzuulfcsxj/Build/Intermediates.noindex/OPS.build/Debug-iphonesimulator/OPS.build/DerivedSources-normal/arm64 -Xcc -I/Users/jacksonsweet/Library/Developer/Xcode/DerivedData/OPS-czavgtmnvamasvcjgszzuulfcsxj/Build/Intermediates.noindex/OPS.build/Debug-iphonesimulator/OPS.build/DerivedSources/arm64 -Xcc -I/Users/jacksonsweet/Library/Developer/Xcode/DerivedData/OPS-czavgtmnvamasvcjgszzuulfcsxj/Build/Intermediates.noindex/OPS.build/Debug-iphonesimulator/OPS.build/DerivedSources -Xcc -DDEBUG\=1 -module-name OPS -frontend-parseable-output -disable-clang-spi -target-sdk-version 18.2 -target-sdk-name iphonesimulator18.2 -external-plugin-path /Applications/Xcode.app/Contents/Developer/Platforms/iPhoneOS.platform/Developer/usr/lib/swift/host/plugins\#/Applications/Xcode.app/Contents/Developer/Platforms/iPhoneOS.platform/Developer/usr/bin/swift-plugin-server -external-plugin-path /Applications/Xcode.app/Contents/Developer/Platforms/iPhoneOS.platform/Developer/usr/local/lib/swift/host/plugins\#/Applications/Xcode.app/Contents/Developer/Platforms/iPhoneOS.platform/Developer/usr/bin/swift-plugin-server -plugin-path /Applications/Xcode.app/Contents/Developer/Toolchains/XcodeDefault.xctoolchain/usr/lib/swift/host/plugins -plugin-path /Applications/Xcode.app/Contents/Developer/Toolchains/XcodeDefault.xctoolchain/usr/local/lib/swift/host/plugins -o /Users/jacksonsweet/Library/Developer/Xcode/DerivedData/OPS-czavgtmnvamasvcjgszzuulfcsxj/Build/Intermediates.noindex/OPS.build/Debug-iphonesimulator/OPS.build/Objects-normal/arm64/LoginView.o -o /Users/jacksonsweet/Library/Developer/Xcode/DerivedData/OPS-czavgtmnvamasvcjgszzuulfcsxj/Build/Intermediates.noindex/OPS.build/Debug-iphonesimulator/OPS.build/Objects-normal/arm64/LoginViewPreview.o -o /Users/jacksonsweet/Library/Developer/Xcode/DerivedData/OPS-czavgtmnvamasvcjgszzuulfcsxj/Build/Intermediates.noindex/OPS.build/Debug-iphonesimulator/OPS.build/Objects-normal/arm64/MainTabView.o -o /Users/jacksonsweet/Library/Developer/Xcode/DerivedData/OPS-czavgtmnvamasvcjgszzuulfcsxj/Build/Intermediates.noindex/OPS.build/Debug-iphonesimulator/OPS.build/Objects-normal/arm64/NetworkStatusIndicator.o -o /Users/jacksonsweet/Library/Developer/Xcode/DerivedData/OPS-czavgtmnvamasvcjgszzuulfcsxj/Build/Intermediates.noindex/OPS.build/Debug-iphonesimulator/OPS.build/Objects-normal/arm64/ScheduleView.o -o /Users/jacksonsweet/Library/Developer/Xcode/DerivedData/OPS-czavgtmnvamasvcjgszzuulfcsxj/Build/Intermediates.noindex/OPS.build/Debug-iphonesimulator/OPS.build/Objects-normal/arm64/SettingsView.o -o /Users/jacksonsweet/Library/Developer/Xcode/DerivedData/OPS-czavgtmnvamasvcjgszzuulfcsxj/Build/Intermediates.noindex/OPS.build/Debug-iphonesimulator/OPS.build/Objects-normal/arm64/SplashScreen.o -o /Users/jacksonsweet/Library/Developer/Xcode/DerivedData/OPS-czavgtmnvamasvcjgszzuulfcsxj/Build/Intermediates.noindex/OPS.build/Debug-iphonesimulator/OPS.build/Objects-normal/arm64/AppState.o -o /Users/jacksonsweet/Library/Developer/Xcode/DerivedData/OPS-czavgtmnvamasvcjgszzuulfcsxj/Build/Intermediates.noindex/OPS.build/Debug-iphonesimulator/OPS.build/Objects-normal/arm64/ContentView.o -o /Users/jacksonsweet/Library/Developer/Xcode/DerivedData/OPS-czavgtmnvamasvcjgszzuulfcsxj/Build/Intermediates.noindex/OPS.build/Debug-iphonesimulator/OPS.build/Objects-normal/arm64/Item.o -o /Users/jacksonsweet/Library/Developer/Xcode/DerivedData/OPS-czavgtmnvamasvcjgszzuulfcsxj/Build/Intermediates.noindex/OPS.build/Debug-iphonesimulator/OPS.build/Objects-normal/arm64/OPSApp.o -o /Users/jacksonsweet/Library/Developer/Xcode/DerivedData/OPS-czavgtmnvamasvcjgszzuulfcsxj/Build/Intermediates.noindex/OPS.build/Debug-iphonesimulator/OPS.build/Objects-normal/arm64/GeneratedAssetSymbols.o -index-unit-output-path /OPS.build/Debug-iphonesimulator/OPS.build/Objects-normal/arm64/LoginView.o -index-unit-output-path /OPS.build/Debug-iphonesimulator/OPS.build/Objects-normal/arm64/LoginViewPreview.o -index-unit-output-path /OPS.build/Debug-iphonesimulator/OPS.build/Objects-normal/arm64/MainTabView.o -index-unit-output-path /OPS.build/Debug-iphonesimulator/OPS.build/Objects-normal/arm64/NetworkStatusIndicator.o -index-unit-output-path /OPS.build/Debug-iphonesimulator/OPS.build/Objects-normal/arm64/ScheduleView.o -index-unit-output-path /OPS.build/Debug-iphonesimulator/OPS.build/Objects-normal/arm64/SettingsView.o -index-unit-output-path /OPS.build/Debug-iphonesimulator/OPS.build/Objects-normal/arm64/SplashScreen.o -index-unit-output-path /OPS.build/Debug-iphonesimulator/OPS.build/Objects-normal/arm64/AppState.o -index-unit-output-path /OPS.build/Debug-iphonesimulator/OPS.build/Objects-normal/arm64/ContentView.o -index-unit-output-path /OPS.build/Debug-iphonesimulator/OPS.build/Objects-normal/arm64/Item.o -index-unit-output-path /OPS.build/Debug-iphonesimulator/OPS.build/Objects-normal/arm64/OPSApp.o -index-unit-output-path /OPS.build/Debug-iphonesimulator/OPS.build/Objects-normal/arm64/GeneratedAssetSymbols.o -index-store-path /Users/jacksonsweet/Library/Developer/Xcode/DerivedData/OPS-czavgtmnvamasvcjgszzuulfcsxj/Index.noindex/DataStore -index-system-modules

SwiftCompile normal arm64 /Users/jacksonsweet/Desktop/OPS\ APP/OPS/OPS/Views/NetworkStatusIndicator.swift (in target 'OPS' from project 'OPS')
    cd /Users/jacksonsweet/Desktop/OPS\ APP/OPS
    /Applications/Xcode.app/Contents/Developer/Toolchains/XcodeDefault.xctoolchain/usr/bin/swift-frontend -c /Users/jacksonsweet/Desktop/OPS\ APP/OPS/OPS/DataModels/BubbleImage.swift /Users/jacksonsweet/Desktop/OPS\ APP/OPS/OPS/DataModels/BubbleTypes.swift /Users/jacksonsweet/Desktop/OPS\ APP/OPS/OPS/DataModels/Company.swift /Users/jacksonsweet/Desktop/OPS\ APP/OPS/OPS/DataModels/Project.swift /Users/jacksonsweet/Desktop/OPS\ APP/OPS/OPS/DataModels/Status.swift /Users/jacksonsweet/Desktop/OPS\ APP/OPS/OPS/DataModels/User.swift /Users/jacksonsweet/Desktop/OPS\ APP/OPS/OPS/DataModels/UserRole.swift /Users/jacksonsweet/Desktop/OPS\ APP/OPS/OPS/Extensions/UIImage+Extensions.swift /Users/jacksonsweet/Desktop/OPS\ APP/OPS/OPS/Network/API/APIError.swift /Users/jacksonsweet/Desktop/OPS\ APP/OPS/OPS/Network/API/APIService.swift /Users/jacksonsweet/Desktop/OPS\ APP/OPS/OPS/Network/API/BubbleFields.swift /Users/jacksonsweet/Desktop/OPS\ APP/OPS/OPS/Network/Auth/AuthError.swift /Users/jacksonsweet/Desktop/OPS\ APP/OPS/OPS/Network/Auth/AuthManager.swift /Users/jacksonsweet/Desktop/OPS\ APP/OPS/OPS/Network/Auth/KeychainManager.swift /Users/jacksonsweet/Desktop/OPS\ APP/OPS/OPS/Network/DTOs/CompanyDTO.swift /Users/jacksonsweet/Desktop/OPS\ APP/OPS/OPS/Network/DTOs/ProjectDTO.swift /Users/jacksonsweet/Desktop/OPS\ APP/OPS/OPS/Network/DTOs/UserDTO.swift /Users/jacksonsweet/Desktop/OPS\ APP/OPS/OPS/Network/Endpoints/CompanyEndpoints.swift /Users/jacksonsweet/Desktop/OPS\ APP/OPS/OPS/Network/Endpoints/ProjectEndpoints.swift /Users/jacksonsweet/Desktop/OPS\ APP/OPS/OPS/Network/Endpoints/UserEndpoints.swift /Users/jacksonsweet/Desktop/OPS\ APP/OPS/OPS/Network/Sync/BackgroundTaskManager.swift /Users/jacksonsweet/Desktop/OPS\ APP/OPS/OPS/Network/Sync/SyncManager.swift /Users/jacksonsweet/Desktop/OPS\ APP/OPS/OPS/Network/ConnectivityMonitor.swift /Users/jacksonsweet/Desktop/OPS\ APP/OPS/OPS/Network/ImageSyncManager.swift /Users/jacksonsweet/Desktop/OPS\ APP/OPS/OPS/Onboarding/Coordinators/OnboardingCoordinator.swift /Users/jacksonsweet/Desktop/OPS\ APP/OPS/OPS/Onboarding/Models/OnboardingModels.swift /Users/jacksonsweet/Desktop/OPS\ APP/OPS/OPS/Onboarding/Services/OnboardingService.swift /Users/jacksonsweet/Desktop/OPS\ APP/OPS/OPS/Onboarding/ViewModels/OnboardingViewModel.swift /Users/jacksonsweet/Desktop/OPS\ APP/OPS/OPS/Onboarding/Views/Components/OnboardingComponents.swift /Users/jacksonsweet/Desktop/OPS\ APP/OPS/OPS/Onboarding/Views/Screens/AccountCreatedView.swift /Users/jacksonsweet/Desktop/OPS\ APP/OPS/OPS/Onboarding/Views/Screens/CompanyCodeView.swift /Users/jacksonsweet/Desktop/OPS\ APP/OPS/OPS/Onboarding/Views/Screens/CompanyCodeViewPreview.swift /Users/jacksonsweet/Desktop/OPS\ APP/OPS/OPS/Onboarding/Views/Screens/CompletionView.swift /Users/jacksonsweet/Desktop/OPS\ APP/OPS/OPS/Onboarding/Views/Screens/CompletionViewPreview.swift /Users/jacksonsweet/Desktop/OPS\ APP/OPS/OPS/Onboarding/Views/Screens/EmailView.swift /Users/jacksonsweet/Desktop/OPS\ APP/OPS/OPS/Onboarding/Views/Screens/FieldSetupView.swift /Users/jacksonsweet/Desktop/OPS\ APP/OPS/OPS/Onboarding/Views/Screens/NotificationsView.swift /Users/jacksonsweet/Desktop/OPS\ APP/OPS/OPS/Onboarding/Views/Screens/NotificationsViewPreview.swift /Users/jacksonsweet/Desktop/OPS\ APP/OPS/OPS/Onboarding/Views/Screens/OrganizationJoinView.swift /Users/jacksonsweet/Desktop/OPS\ APP/OPS/OPS/Onboarding/Views/Screens/PasswordView.swift /Users/jacksonsweet/Desktop/OPS\ APP/OPS/OPS/Onboarding/Views/Screens/PasswordViewPreview.swift /Users/jacksonsweet/Desktop/OPS\ APP/OPS/OPS/Onboarding/Views/Screens/PermissionsView.swift /Users/jacksonsweet/Desktop/OPS\ APP/OPS/OPS/Onboarding/Views/Screens/PermissionsViewPreview.swift /Users/jacksonsweet/Desktop/OPS\ APP/OPS/OPS/Onboarding/Views/Screens/PhoneNumberView.swift /Users/jacksonsweet/Desktop/OPS\ APP/OPS/OPS/Onboarding/Views/Screens/PhoneNumberViewPreview.swift /Users/jacksonsweet/Desktop/OPS\ APP/OPS/OPS/Onboarding/Views/Screens/UserInfoView.swift /Users/jacksonsweet/Desktop/OPS\ APP/OPS/OPS/Onboarding/Views/Screens/UserInfoViewPreview.swift /Users/jacksonsweet/Desktop/OPS\ APP/OPS/OPS/Onboarding/Views/Screens/VerifyPhoneView.swift /Users/jacksonsweet/Desktop/OPS\ APP/OPS/OPS/Onboarding/Views/Screens/WelcomeCompanyView.swift /Users/jacksonsweet/Desktop/OPS\ APP/OPS/OPS/Onboarding/Views/Screens/WelcomeCompanyViewPreview.swift /Users/jacksonsweet/Desktop/OPS\ APP/OPS/OPS/Onboarding/Views/Screens/WelcomeView.swift /Users/jacksonsweet/Desktop/OPS\ APP/OPS/OPS/Onboarding/Views/Screens/WelcomeViewPreview.swift /Users/jacksonsweet/Desktop/OPS\ APP/OPS/OPS/Onboarding/Views/OnboardingContainerView.swift /Users/jacksonsweet/Desktop/OPS\ APP/OPS/OPS/Onboarding/Views/OnboardingFlowPreview.swift /Users/jacksonsweet/Desktop/OPS\ APP/OPS/OPS/Onboarding/Views/OnboardingPresenter.swift /Users/jacksonsweet/Desktop/OPS\ APP/OPS/OPS/Onboarding/Views/OnboardingPreviewHelpers.swift /Users/jacksonsweet/Desktop/OPS\ APP/OPS/OPS/Styles/OPSStyle.swift /Users/jacksonsweet/Desktop/OPS\ APP/OPS/OPS/Utilities/AppConfiguration.swift /Users/jacksonsweet/Desktop/OPS\ APP/OPS/OPS/Utilities/ArrayTransformer.swift /Users/jacksonsweet/Desktop/OPS\ APP/OPS/OPS/Utilities/DataController.swift /Users/jacksonsweet/Desktop/OPS\ APP/OPS/OPS/Utilities/Dateformatter\ +Bubble.swift /Users/jacksonsweet/Desktop/OPS\ APP/OPS/OPS/Utilities/DateHelper.swift /Users/jacksonsweet/Desktop/OPS\ APP/OPS/OPS/Utilities/FieldErrorHandler.swift /Users/jacksonsweet/Desktop/OPS\ APP/OPS/OPS/Utilities/ImageCache.swift /Users/jacksonsweet/Desktop/OPS\ APP/OPS/OPS/Utilities/ImageFileManager.swift /Users/jacksonsweet/Desktop/OPS\ APP/OPS/OPS/Utilities/InProgressManager.swift /Users/jacksonsweet/Desktop/OPS\ APP/OPS/OPS/Utilities/KeyboardDismissalModifier.swift /Users/jacksonsweet/Desktop/OPS\ APP/OPS/OPS/Utilities/LocationManager.swift /Users/jacksonsweet/Desktop/OPS\ APP/OPS/OPS/Utilities/OnboardingEnvironmentKey.swift /Users/jacksonsweet/Desktop/OPS\ APP/OPS/OPS/Utilities/SwiftDataHelper.swift /Users/jacksonsweet/Desktop/OPS\ APP/OPS/OPS/Utilities/UIComponents.swift /Users/jacksonsweet/Desktop/OPS\ APP/OPS/OPS/V2/CertificationsSettingsView.swift /Users/jacksonsweet/Desktop/OPS\ APP/OPS/OPS/ViewModels/CalendarViewModel.swift /Users/jacksonsweet/Desktop/OPS\ APP/OPS/OPS/ViewModels/ProjectsViewModel.swift /Users/jacksonsweet/Desktop/OPS\ APP/OPS/OPS/Views/Calendar\ Tab/Components/CalendarDaySelector.swift /Users/jacksonsweet/Desktop/OPS\ APP/OPS/OPS/Views/Calendar\ Tab/Components/CalendarHeaderView.swift /Users/jacksonsweet/Desktop/OPS\ APP/OPS/OPS/Views/Calendar\ Tab/Components/CalendarProjectCard.swift /Users/jacksonsweet/Desktop/OPS\ APP/OPS/OPS/Views/Calendar\ Tab/Components/CalendarToggleView.swift /Users/jacksonsweet/Desktop/OPS\ APP/OPS/OPS/Views/Calendar\ Tab/Components/DatePickerPopover.swift /Users/jacksonsweet/Desktop/OPS\ APP/OPS/OPS/Views/Calendar\ Tab/Components/DayCell.swift /Users/jacksonsweet/Desktop/OPS\ APP/OPS/OPS/Views/Calendar\ Tab/ProjectViews/DayProjectSheet.swift /Users/jacksonsweet/Desktop/OPS\ APP/OPS/OPS/Views/Calendar\ Tab/ProjectViews/ProjectListView.swift /Users/jacksonsweet/Desktop/OPS\ APP/OPS/OPS/Views/Calendar\ Tab/MonthGridView.swift /Users/jacksonsweet/Desktop/OPS\ APP/OPS/OPS/Views/Components/Common/AppHeader.swift /Users/jacksonsweet/Desktop/OPS\ APP/OPS/OPS/Views/Components/Common/ExpandableNotesView.swift /Users/jacksonsweet/Desktop/OPS\ APP/OPS/OPS/Views/Components/Common/LocationPermissionView.swift /Users/jacksonsweet/Desktop/OPS\ APP/OPS/OPS/Views/Components/Common/NavigationBanner.swift /Users/jacksonsweet/Desktop/OPS\ APP/OPS/OPS/Views/Components/Common/NavigationControlsView.swift /Users/jacksonsweet/Desktop/OPS\ APP/OPS/OPS/Views/Components/Common/TabBarBackground.swift /Users/jacksonsweet/Desktop/OPS\ APP/OPS/OPS/Views/Components/Images/ImagePicker.swift /Users/jacksonsweet/Desktop/OPS\ APP/OPS/OPS/Views/Components/Images/ImagePickerView.swift /Users/jacksonsweet/Desktop/OPS\ APP/OPS/OPS/Views/Components/Images/ProjectImagesSection.swift /Users/jacksonsweet/Desktop/OPS\ APP/OPS/OPS/Views/Components/Images/ProjectImagesSimple.swift /Users/jacksonsweet/Desktop/OPS\ APP/OPS/OPS/Views/Components/Images/ProjectImageView.swift /Users/jacksonsweet/Desktop/OPS\ APP/OPS/OPS/Views/Components/Images/ProjectPhotosGrid.swift /Users/jacksonsweet/Desktop/OPS\ APP/OPS/OPS/Views/Components/Map/MiniMapView.swift /Users/jacksonsweet/Desktop/OPS\ APP/OPS/OPS/Views/Components/Map/ProjectMapAnnotation.swift /Users/jacksonsweet/Desktop/OPS\ APP/OPS/OPS/Views/Components/Map/ProjectMapView.swift /Users/jacksonsweet/Desktop/OPS\ APP/OPS/OPS/Views/Components/Map/ProjectMarkerPopup.swift /Users/jacksonsweet/Desktop/OPS\ APP/OPS/OPS/Views/Components/Map/RouteDirectionsView.swift /Users/jacksonsweet/Desktop/OPS\ APP/OPS/OPS/Views/Components/Project/ProjectActionBar.swift /Users/jacksonsweet/Desktop/OPS\ APP/OPS/OPS/Views/Components/Project/ProjectCard.swift /Users/jacksonsweet/Desktop/OPS\ APP/OPS/OPS/Views/Components/Project/ProjectCarousel.swift /Users/jacksonsweet/Desktop/OPS\ APP/OPS/OPS/Views/Components/Project/ProjectDetailsView.swift /Users/jacksonsweet/Desktop/OPS\ APP/OPS/OPS/Views/Components/Project/ProjectHeader.swift /Users/jacksonsweet/Desktop/OPS\ APP/OPS/OPS/Views/Components/Project/ProjectSheetContainer.swift /Users/jacksonsweet/Desktop/OPS\ APP/OPS/OPS/Views/Components/User/TeamMemberListView.swift /Users/jacksonsweet/Desktop/OPS\ APP/OPS/OPS/Views/Components/User/UserProfileCard.swift /Users/jacksonsweet/Desktop/OPS\ APP/OPS/OPS/Views/Home/HomeContentView.swift /Users/jacksonsweet/Desktop/OPS\ APP/OPS/OPS/Views/Home/HomeView.swift /Users/jacksonsweet/Desktop/OPS\ APP/OPS/OPS/Views/Settings/OrganizationSettingsView.swift /Users/jacksonsweet/Desktop/OPS\ APP/OPS/OPS/Views/Settings/ProfileSettingsView.swift /Users/jacksonsweet/Desktop/OPS\ APP/OPS/OPS/Views/Settings/ProjectHistorySettingsView.swift -primary-file /Users/jacksonsweet/Desktop/OPS\ APP/OPS/OPS/Views/LoginView.swift -primary-file /Users/jacksonsweet/Desktop/OPS\ APP/OPS/OPS/Views/LoginViewPreview.swift -primary-file /Users/jacksonsweet/Desktop/OPS\ APP/OPS/OPS/Views/MainTabView.swift -primary-file /Users/jacksonsweet/Desktop/OPS\ APP/OPS/OPS/Views/NetworkStatusIndicator.swift -primary-file /Users/jacksonsweet/Desktop/OPS\ APP/OPS/OPS/Views/ScheduleView.swift -primary-file /Users/jacksonsweet/Desktop/OPS\ APP/OPS/OPS/Views/SettingsView.swift -primary-file /Users/jacksonsweet/Desktop/OPS\ APP/OPS/OPS/Views/SplashScreen.swift -primary-file /Users/jacksonsweet/Desktop/OPS\ APP/OPS/OPS/AppState.swift -primary-file /Users/jacksonsweet/Desktop/OPS\ APP/OPS/OPS/ContentView.swift -primary-file /Users/jacksonsweet/Desktop/OPS\ APP/OPS/OPS/Item.swift -primary-file /Users/jacksonsweet/Desktop/OPS\ APP/OPS/OPS/OPSApp.swift -primary-file /Users/jacksonsweet/Library/Developer/Xcode/DerivedData/OPS-czavgtmnvamasvcjgszzuulfcsxj/Build/Intermediates.noindex/OPS.build/Debug-iphonesimulator/OPS.build/DerivedSources/GeneratedAssetSymbols.swift -supplementary-output-file-map /Users/jacksonsweet/Library/Developer/Xcode/DerivedData/OPS-czavgtmnvamasvcjgszzuulfcsxj/Build/Intermediates.noindex/OPS.build/Debug-iphonesimulator/OPS.build/Objects-normal/arm64/supplementaryOutputs-10 -emit-localized-strings -emit-localized-strings-path /Users/jacksonsweet/Library/Developer/Xcode/DerivedData/OPS-czavgtmnvamasvcjgszzuulfcsxj/Build/Intermediates.noindex/OPS.build/Debug-iphonesimulator/OPS.build/Objects-normal/arm64 -target arm64-apple-ios18.2-simulator -Xllvm -aarch64-use-tbi -enable-objc-interop -sdk /Applications/Xcode.app/Contents/Developer/Platforms/iPhoneSimulator.platform/Developer/SDKs/iPhoneSimulator18.2.sdk -I /Users/jacksonsweet/Library/Developer/Xcode/DerivedData/OPS-czavgtmnvamasvcjgszzuulfcsxj/Build/Products/Debug-iphonesimulator -F /Users/jacksonsweet/Library/Developer/Xcode/DerivedData/OPS-czavgtmnvamasvcjgszzuulfcsxj/Build/Products/Debug-iphonesimulator -no-color-diagnostics -enable-testing -g -debug-info-format\=dwarf -dwarf-version\=5 -module-cache-path /Users/jacksonsweet/Library/Developer/Xcode/DerivedData/ModuleCache.noindex -profile-generate -profile-coverage-mapping -swift-version 5 -enforce-exclusivity\=checked -Onone -D DEBUG -serialize-debugging-options -const-gather-protocols-file /Users/jacksonsweet/Library/Developer/Xcode/DerivedData/OPS-czavgtmnvamasvcjgszzuulfcsxj/Build/Intermediates.noindex/OPS.build/Debug-iphonesimulator/OPS.build/Objects-normal/arm64/OPS_const_extract_protocols.json -enable-experimental-feature DebugDescriptionMacro -enable-experimental-feature OpaqueTypeErasure -enable-bare-slash-regex -empty-abi-descriptor -validate-clang-modules-once -clang-build-session-file /Users/jacksonsweet/Library/Developer/Xcode/DerivedData/ModuleCache.noindex/Session.modulevalidation -Xcc -working-directory -Xcc /Users/jacksonsweet/Desktop/OPS\ APP/OPS -resource-dir /Applications/Xcode.app/Contents/Developer/Toolchains/XcodeDefault.xctoolchain/usr/lib/swift -enable-anonymous-context-mangled-names -file-compilation-dir /Users/jacksonsweet/Desktop/OPS\ APP/OPS -Xcc -D_LIBCPP_HARDENING_MODE\=_LIBCPP_HARDENING_MODE_DEBUG -Xcc -ivfsstatcache -Xcc /Users/jacksonsweet/Library/Developer/Xcode/DerivedData/SDKStatCaches.noindex/iphonesimulator18.2-22C146-07b28473f605e47e75261259d3ef3b5a.sdkstatcache -Xcc -I/Users/jacksonsweet/Library/Developer/Xcode/DerivedData/OPS-czavgtmnvamasvcjgszzuulfcsxj/Build/Intermediates.noindex/OPS.build/Debug-iphonesimulator/OPS.build/swift-overrides.hmap -Xcc -iquote -Xcc /Users/jacksonsweet/Library/Developer/Xcode/DerivedData/OPS-czavgtmnvamasvcjgszzuulfcsxj/Build/Intermediates.noindex/OPS.build/Debug-iphonesimulator/OPS.build/OPS-generated-files.hmap -Xcc -I/Users/jacksonsweet/Library/Developer/Xcode/DerivedData/OPS-czavgtmnvamasvcjgszzuulfcsxj/Build/Intermediates.noindex/OPS.build/Debug-iphonesimulator/OPS.build/OPS-own-target-headers.hmap -Xcc -I/Users/jacksonsweet/Library/Developer/Xcode/DerivedData/OPS-czavgtmnvamasvcjgszzuulfcsxj/Build/Intermediates.noindex/OPS.build/Debug-iphonesimulator/OPS.build/OPS-all-target-headers.hmap -Xcc -iquote -Xcc /Users/jacksonsweet/Library/Developer/Xcode/DerivedData/OPS-czavgtmnvamasvcjgszzuulfcsxj/Build/Intermediates.noindex/OPS.build/Debug-iphonesimulator/OPS.build/OPS-project-headers.hmap -Xcc -I/Users/jacksonsweet/Library/Developer/Xcode/DerivedData/OPS-czavgtmnvamasvcjgszzuulfcsxj/Build/Products/Debug-iphonesimulator/include -Xcc -I/Users/jacksonsweet/Library/Developer/Xcode/DerivedData/OPS-czavgtmnvamasvcjgszzuulfcsxj/Build/Intermediates.noindex/OPS.build/Debug-iphonesimulator/OPS.build/DerivedSources-normal/arm64 -Xcc -I/Users/jacksonsweet/Library/Developer/Xcode/DerivedData/OPS-czavgtmnvamasvcjgszzuulfcsxj/Build/Intermediates.noindex/OPS.build/Debug-iphonesimulator/OPS.build/DerivedSources/arm64 -Xcc -I/Users/jacksonsweet/Library/Developer/Xcode/DerivedData/OPS-czavgtmnvamasvcjgszzuulfcsxj/Build/Intermediates.noindex/OPS.build/Debug-iphonesimulator/OPS.build/DerivedSources -Xcc -DDEBUG\=1 -module-name OPS -frontend-parseable-output -disable-clang-spi -target-sdk-version 18.2 -target-sdk-name iphonesimulator18.2 -external-plugin-path /Applications/Xcode.app/Contents/Developer/Platforms/iPhoneOS.platform/Developer/usr/lib/swift/host/plugins\#/Applications/Xcode.app/Contents/Developer/Platforms/iPhoneOS.platform/Developer/usr/bin/swift-plugin-server -external-plugin-path /Applications/Xcode.app/Contents/Developer/Platforms/iPhoneOS.platform/Developer/usr/local/lib/swift/host/plugins\#/Applications/Xcode.app/Contents/Developer/Platforms/iPhoneOS.platform/Developer/usr/bin/swift-plugin-server -plugin-path /Applications/Xcode.app/Contents/Developer/Toolchains/XcodeDefault.xctoolchain/usr/lib/swift/host/plugins -plugin-path /Applications/Xcode.app/Contents/Developer/Toolchains/XcodeDefault.xctoolchain/usr/local/lib/swift/host/plugins -o /Users/jacksonsweet/Library/Developer/Xcode/DerivedData/OPS-czavgtmnvamasvcjgszzuulfcsxj/Build/Intermediates.noindex/OPS.build/Debug-iphonesimulator/OPS.build/Objects-normal/arm64/LoginView.o -o /Users/jacksonsweet/Library/Developer/Xcode/DerivedData/OPS-czavgtmnvamasvcjgszzuulfcsxj/Build/Intermediates.noindex/OPS.build/Debug-iphonesimulator/OPS.build/Objects-normal/arm64/LoginViewPreview.o -o /Users/jacksonsweet/Library/Developer/Xcode/DerivedData/OPS-czavgtmnvamasvcjgszzuulfcsxj/Build/Intermediates.noindex/OPS.build/Debug-iphonesimulator/OPS.build/Objects-normal/arm64/MainTabView.o -o /Users/jacksonsweet/Library/Developer/Xcode/DerivedData/OPS-czavgtmnvamasvcjgszzuulfcsxj/Build/Intermediates.noindex/OPS.build/Debug-iphonesimulator/OPS.build/Objects-normal/arm64/NetworkStatusIndicator.o -o /Users/jacksonsweet/Library/Developer/Xcode/DerivedData/OPS-czavgtmnvamasvcjgszzuulfcsxj/Build/Intermediates.noindex/OPS.build/Debug-iphonesimulator/OPS.build/Objects-normal/arm64/ScheduleView.o -o /Users/jacksonsweet/Library/Developer/Xcode/DerivedData/OPS-czavgtmnvamasvcjgszzuulfcsxj/Build/Intermediates.noindex/OPS.build/Debug-iphonesimulator/OPS.build/Objects-normal/arm64/SettingsView.o -o /Users/jacksonsweet/Library/Developer/Xcode/DerivedData/OPS-czavgtmnvamasvcjgszzuulfcsxj/Build/Intermediates.noindex/OPS.build/Debug-iphonesimulator/OPS.build/Objects-normal/arm64/SplashScreen.o -o /Users/jacksonsweet/Library/Developer/Xcode/DerivedData/OPS-czavgtmnvamasvcjgszzuulfcsxj/Build/Intermediates.noindex/OPS.build/Debug-iphonesimulator/OPS.build/Objects-normal/arm64/AppState.o -o /Users/jacksonsweet/Library/Developer/Xcode/DerivedData/OPS-czavgtmnvamasvcjgszzuulfcsxj/Build/Intermediates.noindex/OPS.build/Debug-iphonesimulator/OPS.build/Objects-normal/arm64/ContentView.o -o /Users/jacksonsweet/Library/Developer/Xcode/DerivedData/OPS-czavgtmnvamasvcjgszzuulfcsxj/Build/Intermediates.noindex/OPS.build/Debug-iphonesimulator/OPS.build/Objects-normal/arm64/Item.o -o /Users/jacksonsweet/Library/Developer/Xcode/DerivedData/OPS-czavgtmnvamasvcjgszzuulfcsxj/Build/Intermediates.noindex/OPS.build/Debug-iphonesimulator/OPS.build/Objects-normal/arm64/OPSApp.o -o /Users/jacksonsweet/Library/Developer/Xcode/DerivedData/OPS-czavgtmnvamasvcjgszzuulfcsxj/Build/Intermediates.noindex/OPS.build/Debug-iphonesimulator/OPS.build/Objects-normal/arm64/GeneratedAssetSymbols.o -index-unit-output-path /OPS.build/Debug-iphonesimulator/OPS.build/Objects-normal/arm64/LoginView.o -index-unit-output-path /OPS.build/Debug-iphonesimulator/OPS.build/Objects-normal/arm64/LoginViewPreview.o -index-unit-output-path /OPS.build/Debug-iphonesimulator/OPS.build/Objects-normal/arm64/MainTabView.o -index-unit-output-path /OPS.build/Debug-iphonesimulator/OPS.build/Objects-normal/arm64/NetworkStatusIndicator.o -index-unit-output-path /OPS.build/Debug-iphonesimulator/OPS.build/Objects-normal/arm64/ScheduleView.o -index-unit-output-path /OPS.build/Debug-iphonesimulator/OPS.build/Objects-normal/arm64/SettingsView.o -index-unit-output-path /OPS.build/Debug-iphonesimulator/OPS.build/Objects-normal/arm64/SplashScreen.o -index-unit-output-path /OPS.build/Debug-iphonesimulator/OPS.build/Objects-normal/arm64/AppState.o -index-unit-output-path /OPS.build/Debug-iphonesimulator/OPS.build/Objects-normal/arm64/ContentView.o -index-unit-output-path /OPS.build/Debug-iphonesimulator/OPS.build/Objects-normal/arm64/Item.o -index-unit-output-path /OPS.build/Debug-iphonesimulator/OPS.build/Objects-normal/arm64/OPSApp.o -index-unit-output-path /OPS.build/Debug-iphonesimulator/OPS.build/Objects-normal/arm64/GeneratedAssetSymbols.o -index-store-path /Users/jacksonsweet/Library/Developer/Xcode/DerivedData/OPS-czavgtmnvamasvcjgszzuulfcsxj/Index.noindex/DataStore -index-system-modules

SwiftCompile normal arm64 /Users/jacksonsweet/Desktop/OPS\ APP/OPS/OPS/Views/ScheduleView.swift (in target 'OPS' from project 'OPS')
    cd /Users/jacksonsweet/Desktop/OPS\ APP/OPS
    /Applications/Xcode.app/Contents/Developer/Toolchains/XcodeDefault.xctoolchain/usr/bin/swift-frontend -c /Users/jacksonsweet/Desktop/OPS\ APP/OPS/OPS/DataModels/BubbleImage.swift /Users/jacksonsweet/Desktop/OPS\ APP/OPS/OPS/DataModels/BubbleTypes.swift /Users/jacksonsweet/Desktop/OPS\ APP/OPS/OPS/DataModels/Company.swift /Users/jacksonsweet/Desktop/OPS\ APP/OPS/OPS/DataModels/Project.swift /Users/jacksonsweet/Desktop/OPS\ APP/OPS/OPS/DataModels/Status.swift /Users/jacksonsweet/Desktop/OPS\ APP/OPS/OPS/DataModels/User.swift /Users/jacksonsweet/Desktop/OPS\ APP/OPS/OPS/DataModels/UserRole.swift /Users/jacksonsweet/Desktop/OPS\ APP/OPS/OPS/Extensions/UIImage+Extensions.swift /Users/jacksonsweet/Desktop/OPS\ APP/OPS/OPS/Network/API/APIError.swift /Users/jacksonsweet/Desktop/OPS\ APP/OPS/OPS/Network/API/APIService.swift /Users/jacksonsweet/Desktop/OPS\ APP/OPS/OPS/Network/API/BubbleFields.swift /Users/jacksonsweet/Desktop/OPS\ APP/OPS/OPS/Network/Auth/AuthError.swift /Users/jacksonsweet/Desktop/OPS\ APP/OPS/OPS/Network/Auth/AuthManager.swift /Users/jacksonsweet/Desktop/OPS\ APP/OPS/OPS/Network/Auth/KeychainManager.swift /Users/jacksonsweet/Desktop/OPS\ APP/OPS/OPS/Network/DTOs/CompanyDTO.swift /Users/jacksonsweet/Desktop/OPS\ APP/OPS/OPS/Network/DTOs/ProjectDTO.swift /Users/jacksonsweet/Desktop/OPS\ APP/OPS/OPS/Network/DTOs/UserDTO.swift /Users/jacksonsweet/Desktop/OPS\ APP/OPS/OPS/Network/Endpoints/CompanyEndpoints.swift /Users/jacksonsweet/Desktop/OPS\ APP/OPS/OPS/Network/Endpoints/ProjectEndpoints.swift /Users/jacksonsweet/Desktop/OPS\ APP/OPS/OPS/Network/Endpoints/UserEndpoints.swift /Users/jacksonsweet/Desktop/OPS\ APP/OPS/OPS/Network/Sync/BackgroundTaskManager.swift /Users/jacksonsweet/Desktop/OPS\ APP/OPS/OPS/Network/Sync/SyncManager.swift /Users/jacksonsweet/Desktop/OPS\ APP/OPS/OPS/Network/ConnectivityMonitor.swift /Users/jacksonsweet/Desktop/OPS\ APP/OPS/OPS/Network/ImageSyncManager.swift /Users/jacksonsweet/Desktop/OPS\ APP/OPS/OPS/Onboarding/Coordinators/OnboardingCoordinator.swift /Users/jacksonsweet/Desktop/OPS\ APP/OPS/OPS/Onboarding/Models/OnboardingModels.swift /Users/jacksonsweet/Desktop/OPS\ APP/OPS/OPS/Onboarding/Services/OnboardingService.swift /Users/jacksonsweet/Desktop/OPS\ APP/OPS/OPS/Onboarding/ViewModels/OnboardingViewModel.swift /Users/jacksonsweet/Desktop/OPS\ APP/OPS/OPS/Onboarding/Views/Components/OnboardingComponents.swift /Users/jacksonsweet/Desktop/OPS\ APP/OPS/OPS/Onboarding/Views/Screens/AccountCreatedView.swift /Users/jacksonsweet/Desktop/OPS\ APP/OPS/OPS/Onboarding/Views/Screens/CompanyCodeView.swift /Users/jacksonsweet/Desktop/OPS\ APP/OPS/OPS/Onboarding/Views/Screens/CompanyCodeViewPreview.swift /Users/jacksonsweet/Desktop/OPS\ APP/OPS/OPS/Onboarding/Views/Screens/CompletionView.swift /Users/jacksonsweet/Desktop/OPS\ APP/OPS/OPS/Onboarding/Views/Screens/CompletionViewPreview.swift /Users/jacksonsweet/Desktop/OPS\ APP/OPS/OPS/Onboarding/Views/Screens/EmailView.swift /Users/jacksonsweet/Desktop/OPS\ APP/OPS/OPS/Onboarding/Views/Screens/FieldSetupView.swift /Users/jacksonsweet/Desktop/OPS\ APP/OPS/OPS/Onboarding/Views/Screens/NotificationsView.swift /Users/jacksonsweet/Desktop/OPS\ APP/OPS/OPS/Onboarding/Views/Screens/NotificationsViewPreview.swift /Users/jacksonsweet/Desktop/OPS\ APP/OPS/OPS/Onboarding/Views/Screens/OrganizationJoinView.swift /Users/jacksonsweet/Desktop/OPS\ APP/OPS/OPS/Onboarding/Views/Screens/PasswordView.swift /Users/jacksonsweet/Desktop/OPS\ APP/OPS/OPS/Onboarding/Views/Screens/PasswordViewPreview.swift /Users/jacksonsweet/Desktop/OPS\ APP/OPS/OPS/Onboarding/Views/Screens/PermissionsView.swift /Users/jacksonsweet/Desktop/OPS\ APP/OPS/OPS/Onboarding/Views/Screens/PermissionsViewPreview.swift /Users/jacksonsweet/Desktop/OPS\ APP/OPS/OPS/Onboarding/Views/Screens/PhoneNumberView.swift /Users/jacksonsweet/Desktop/OPS\ APP/OPS/OPS/Onboarding/Views/Screens/PhoneNumberViewPreview.swift /Users/jacksonsweet/Desktop/OPS\ APP/OPS/OPS/Onboarding/Views/Screens/UserInfoView.swift /Users/jacksonsweet/Desktop/OPS\ APP/OPS/OPS/Onboarding/Views/Screens/UserInfoViewPreview.swift /Users/jacksonsweet/Desktop/OPS\ APP/OPS/OPS/Onboarding/Views/Screens/VerifyPhoneView.swift /Users/jacksonsweet/Desktop/OPS\ APP/OPS/OPS/Onboarding/Views/Screens/WelcomeCompanyView.swift /Users/jacksonsweet/Desktop/OPS\ APP/OPS/OPS/Onboarding/Views/Screens/WelcomeCompanyViewPreview.swift /Users/jacksonsweet/Desktop/OPS\ APP/OPS/OPS/Onboarding/Views/Screens/WelcomeView.swift /Users/jacksonsweet/Desktop/OPS\ APP/OPS/OPS/Onboarding/Views/Screens/WelcomeViewPreview.swift /Users/jacksonsweet/Desktop/OPS\ APP/OPS/OPS/Onboarding/Views/OnboardingContainerView.swift /Users/jacksonsweet/Desktop/OPS\ APP/OPS/OPS/Onboarding/Views/OnboardingFlowPreview.swift /Users/jacksonsweet/Desktop/OPS\ APP/OPS/OPS/Onboarding/Views/OnboardingPresenter.swift /Users/jacksonsweet/Desktop/OPS\ APP/OPS/OPS/Onboarding/Views/OnboardingPreviewHelpers.swift /Users/jacksonsweet/Desktop/OPS\ APP/OPS/OPS/Styles/OPSStyle.swift /Users/jacksonsweet/Desktop/OPS\ APP/OPS/OPS/Utilities/AppConfiguration.swift /Users/jacksonsweet/Desktop/OPS\ APP/OPS/OPS/Utilities/ArrayTransformer.swift /Users/jacksonsweet/Desktop/OPS\ APP/OPS/OPS/Utilities/DataController.swift /Users/jacksonsweet/Desktop/OPS\ APP/OPS/OPS/Utilities/Dateformatter\ +Bubble.swift /Users/jacksonsweet/Desktop/OPS\ APP/OPS/OPS/Utilities/DateHelper.swift /Users/jacksonsweet/Desktop/OPS\ APP/OPS/OPS/Utilities/FieldErrorHandler.swift /Users/jacksonsweet/Desktop/OPS\ APP/OPS/OPS/Utilities/ImageCache.swift /Users/jacksonsweet/Desktop/OPS\ APP/OPS/OPS/Utilities/ImageFileManager.swift /Users/jacksonsweet/Desktop/OPS\ APP/OPS/OPS/Utilities/InProgressManager.swift /Users/jacksonsweet/Desktop/OPS\ APP/OPS/OPS/Utilities/KeyboardDismissalModifier.swift /Users/jacksonsweet/Desktop/OPS\ APP/OPS/OPS/Utilities/LocationManager.swift /Users/jacksonsweet/Desktop/OPS\ APP/OPS/OPS/Utilities/OnboardingEnvironmentKey.swift /Users/jacksonsweet/Desktop/OPS\ APP/OPS/OPS/Utilities/SwiftDataHelper.swift /Users/jacksonsweet/Desktop/OPS\ APP/OPS/OPS/Utilities/UIComponents.swift /Users/jacksonsweet/Desktop/OPS\ APP/OPS/OPS/V2/CertificationsSettingsView.swift /Users/jacksonsweet/Desktop/OPS\ APP/OPS/OPS/ViewModels/CalendarViewModel.swift /Users/jacksonsweet/Desktop/OPS\ APP/OPS/OPS/ViewModels/ProjectsViewModel.swift /Users/jacksonsweet/Desktop/OPS\ APP/OPS/OPS/Views/Calendar\ Tab/Components/CalendarDaySelector.swift /Users/jacksonsweet/Desktop/OPS\ APP/OPS/OPS/Views/Calendar\ Tab/Components/CalendarHeaderView.swift /Users/jacksonsweet/Desktop/OPS\ APP/OPS/OPS/Views/Calendar\ Tab/Components/CalendarProjectCard.swift /Users/jacksonsweet/Desktop/OPS\ APP/OPS/OPS/Views/Calendar\ Tab/Components/CalendarToggleView.swift /Users/jacksonsweet/Desktop/OPS\ APP/OPS/OPS/Views/Calendar\ Tab/Components/DatePickerPopover.swift /Users/jacksonsweet/Desktop/OPS\ APP/OPS/OPS/Views/Calendar\ Tab/Components/DayCell.swift /Users/jacksonsweet/Desktop/OPS\ APP/OPS/OPS/Views/Calendar\ Tab/ProjectViews/DayProjectSheet.swift /Users/jacksonsweet/Desktop/OPS\ APP/OPS/OPS/Views/Calendar\ Tab/ProjectViews/ProjectListView.swift /Users/jacksonsweet/Desktop/OPS\ APP/OPS/OPS/Views/Calendar\ Tab/MonthGridView.swift /Users/jacksonsweet/Desktop/OPS\ APP/OPS/OPS/Views/Components/Common/AppHeader.swift /Users/jacksonsweet/Desktop/OPS\ APP/OPS/OPS/Views/Components/Common/ExpandableNotesView.swift /Users/jacksonsweet/Desktop/OPS\ APP/OPS/OPS/Views/Components/Common/LocationPermissionView.swift /Users/jacksonsweet/Desktop/OPS\ APP/OPS/OPS/Views/Components/Common/NavigationBanner.swift /Users/jacksonsweet/Desktop/OPS\ APP/OPS/OPS/Views/Components/Common/NavigationControlsView.swift /Users/jacksonsweet/Desktop/OPS\ APP/OPS/OPS/Views/Components/Common/TabBarBackground.swift /Users/jacksonsweet/Desktop/OPS\ APP/OPS/OPS/Views/Components/Images/ImagePicker.swift /Users/jacksonsweet/Desktop/OPS\ APP/OPS/OPS/Views/Components/Images/ImagePickerView.swift /Users/jacksonsweet/Desktop/OPS\ APP/OPS/OPS/Views/Components/Images/ProjectImagesSection.swift /Users/jacksonsweet/Desktop/OPS\ APP/OPS/OPS/Views/Components/Images/ProjectImagesSimple.swift /Users/jacksonsweet/Desktop/OPS\ APP/OPS/OPS/Views/Components/Images/ProjectImageView.swift /Users/jacksonsweet/Desktop/OPS\ APP/OPS/OPS/Views/Components/Images/ProjectPhotosGrid.swift /Users/jacksonsweet/Desktop/OPS\ APP/OPS/OPS/Views/Components/Map/MiniMapView.swift /Users/jacksonsweet/Desktop/OPS\ APP/OPS/OPS/Views/Components/Map/ProjectMapAnnotation.swift /Users/jacksonsweet/Desktop/OPS\ APP/OPS/OPS/Views/Components/Map/ProjectMapView.swift /Users/jacksonsweet/Desktop/OPS\ APP/OPS/OPS/Views/Components/Map/ProjectMarkerPopup.swift /Users/jacksonsweet/Desktop/OPS\ APP/OPS/OPS/Views/Components/Map/RouteDirectionsView.swift /Users/jacksonsweet/Desktop/OPS\ APP/OPS/OPS/Views/Components/Project/ProjectActionBar.swift /Users/jacksonsweet/Desktop/OPS\ APP/OPS/OPS/Views/Components/Project/ProjectCard.swift /Users/jacksonsweet/Desktop/OPS\ APP/OPS/OPS/Views/Components/Project/ProjectCarousel.swift /Users/jacksonsweet/Desktop/OPS\ APP/OPS/OPS/Views/Components/Project/ProjectDetailsView.swift /Users/jacksonsweet/Desktop/OPS\ APP/OPS/OPS/Views/Components/Project/ProjectHeader.swift /Users/jacksonsweet/Desktop/OPS\ APP/OPS/OPS/Views/Components/Project/ProjectSheetContainer.swift /Users/jacksonsweet/Desktop/OPS\ APP/OPS/OPS/Views/Components/User/TeamMemberListView.swift /Users/jacksonsweet/Desktop/OPS\ APP/OPS/OPS/Views/Components/User/UserProfileCard.swift /Users/jacksonsweet/Desktop/OPS\ APP/OPS/OPS/Views/Home/HomeContentView.swift /Users/jacksonsweet/Desktop/OPS\ APP/OPS/OPS/Views/Home/HomeView.swift /Users/jacksonsweet/Desktop/OPS\ APP/OPS/OPS/Views/Settings/OrganizationSettingsView.swift /Users/jacksonsweet/Desktop/OPS\ APP/OPS/OPS/Views/Settings/ProfileSettingsView.swift /Users/jacksonsweet/Desktop/OPS\ APP/OPS/OPS/Views/Settings/ProjectHistorySettingsView.swift -primary-file /Users/jacksonsweet/Desktop/OPS\ APP/OPS/OPS/Views/LoginView.swift -primary-file /Users/jacksonsweet/Desktop/OPS\ APP/OPS/OPS/Views/LoginViewPreview.swift -primary-file /Users/jacksonsweet/Desktop/OPS\ APP/OPS/OPS/Views/MainTabView.swift -primary-file /Users/jacksonsweet/Desktop/OPS\ APP/OPS/OPS/Views/NetworkStatusIndicator.swift -primary-file /Users/jacksonsweet/Desktop/OPS\ APP/OPS/OPS/Views/ScheduleView.swift -primary-file /Users/jacksonsweet/Desktop/OPS\ APP/OPS/OPS/Views/SettingsView.swift -primary-file /Users/jacksonsweet/Desktop/OPS\ APP/OPS/OPS/Views/SplashScreen.swift -primary-file /Users/jacksonsweet/Desktop/OPS\ APP/OPS/OPS/AppState.swift -primary-file /Users/jacksonsweet/Desktop/OPS\ APP/OPS/OPS/ContentView.swift -primary-file /Users/jacksonsweet/Desktop/OPS\ APP/OPS/OPS/Item.swift -primary-file /Users/jacksonsweet/Desktop/OPS\ APP/OPS/OPS/OPSApp.swift -primary-file /Users/jacksonsweet/Library/Developer/Xcode/DerivedData/OPS-czavgtmnvamasvcjgszzuulfcsxj/Build/Intermediates.noindex/OPS.build/Debug-iphonesimulator/OPS.build/DerivedSources/GeneratedAssetSymbols.swift -supplementary-output-file-map /Users/jacksonsweet/Library/Developer/Xcode/DerivedData/OPS-czavgtmnvamasvcjgszzuulfcsxj/Build/Intermediates.noindex/OPS.build/Debug-iphonesimulator/OPS.build/Objects-normal/arm64/supplementaryOutputs-10 -emit-localized-strings -emit-localized-strings-path /Users/jacksonsweet/Library/Developer/Xcode/DerivedData/OPS-czavgtmnvamasvcjgszzuulfcsxj/Build/Intermediates.noindex/OPS.build/Debug-iphonesimulator/OPS.build/Objects-normal/arm64 -target arm64-apple-ios18.2-simulator -Xllvm -aarch64-use-tbi -enable-objc-interop -sdk /Applications/Xcode.app/Contents/Developer/Platforms/iPhoneSimulator.platform/Developer/SDKs/iPhoneSimulator18.2.sdk -I /Users/jacksonsweet/Library/Developer/Xcode/DerivedData/OPS-czavgtmnvamasvcjgszzuulfcsxj/Build/Products/Debug-iphonesimulator -F /Users/jacksonsweet/Library/Developer/Xcode/DerivedData/OPS-czavgtmnvamasvcjgszzuulfcsxj/Build/Products/Debug-iphonesimulator -no-color-diagnostics -enable-testing -g -debug-info-format\=dwarf -dwarf-version\=5 -module-cache-path /Users/jacksonsweet/Library/Developer/Xcode/DerivedData/ModuleCache.noindex -profile-generate -profile-coverage-mapping -swift-version 5 -enforce-exclusivity\=checked -Onone -D DEBUG -serialize-debugging-options -const-gather-protocols-file /Users/jacksonsweet/Library/Developer/Xcode/DerivedData/OPS-czavgtmnvamasvcjgszzuulfcsxj/Build/Intermediates.noindex/OPS.build/Debug-iphonesimulator/OPS.build/Objects-normal/arm64/OPS_const_extract_protocols.json -enable-experimental-feature DebugDescriptionMacro -enable-experimental-feature OpaqueTypeErasure -enable-bare-slash-regex -empty-abi-descriptor -validate-clang-modules-once -clang-build-session-file /Users/jacksonsweet/Library/Developer/Xcode/DerivedData/ModuleCache.noindex/Session.modulevalidation -Xcc -working-directory -Xcc /Users/jacksonsweet/Desktop/OPS\ APP/OPS -resource-dir /Applications/Xcode.app/Contents/Developer/Toolchains/XcodeDefault.xctoolchain/usr/lib/swift -enable-anonymous-context-mangled-names -file-compilation-dir /Users/jacksonsweet/Desktop/OPS\ APP/OPS -Xcc -D_LIBCPP_HARDENING_MODE\=_LIBCPP_HARDENING_MODE_DEBUG -Xcc -ivfsstatcache -Xcc /Users/jacksonsweet/Library/Developer/Xcode/DerivedData/SDKStatCaches.noindex/iphonesimulator18.2-22C146-07b28473f605e47e75261259d3ef3b5a.sdkstatcache -Xcc -I/Users/jacksonsweet/Library/Developer/Xcode/DerivedData/OPS-czavgtmnvamasvcjgszzuulfcsxj/Build/Intermediates.noindex/OPS.build/Debug-iphonesimulator/OPS.build/swift-overrides.hmap -Xcc -iquote -Xcc /Users/jacksonsweet/Library/Developer/Xcode/DerivedData/OPS-czavgtmnvamasvcjgszzuulfcsxj/Build/Intermediates.noindex/OPS.build/Debug-iphonesimulator/OPS.build/OPS-generated-files.hmap -Xcc -I/Users/jacksonsweet/Library/Developer/Xcode/DerivedData/OPS-czavgtmnvamasvcjgszzuulfcsxj/Build/Intermediates.noindex/OPS.build/Debug-iphonesimulator/OPS.build/OPS-own-target-headers.hmap -Xcc -I/Users/jacksonsweet/Library/Developer/Xcode/DerivedData/OPS-czavgtmnvamasvcjgszzuulfcsxj/Build/Intermediates.noindex/OPS.build/Debug-iphonesimulator/OPS.build/OPS-all-target-headers.hmap -Xcc -iquote -Xcc /Users/jacksonsweet/Library/Developer/Xcode/DerivedData/OPS-czavgtmnvamasvcjgszzuulfcsxj/Build/Intermediates.noindex/OPS.build/Debug-iphonesimulator/OPS.build/OPS-project-headers.hmap -Xcc -I/Users/jacksonsweet/Library/Developer/Xcode/DerivedData/OPS-czavgtmnvamasvcjgszzuulfcsxj/Build/Products/Debug-iphonesimulator/include -Xcc -I/Users/jacksonsweet/Library/Developer/Xcode/DerivedData/OPS-czavgtmnvamasvcjgszzuulfcsxj/Build/Intermediates.noindex/OPS.build/Debug-iphonesimulator/OPS.build/DerivedSources-normal/arm64 -Xcc -I/Users/jacksonsweet/Library/Developer/Xcode/DerivedData/OPS-czavgtmnvamasvcjgszzuulfcsxj/Build/Intermediates.noindex/OPS.build/Debug-iphonesimulator/OPS.build/DerivedSources/arm64 -Xcc -I/Users/jacksonsweet/Library/Developer/Xcode/DerivedData/OPS-czavgtmnvamasvcjgszzuulfcsxj/Build/Intermediates.noindex/OPS.build/Debug-iphonesimulator/OPS.build/DerivedSources -Xcc -DDEBUG\=1 -module-name OPS -frontend-parseable-output -disable-clang-spi -target-sdk-version 18.2 -target-sdk-name iphonesimulator18.2 -external-plugin-path /Applications/Xcode.app/Contents/Developer/Platforms/iPhoneOS.platform/Developer/usr/lib/swift/host/plugins\#/Applications/Xcode.app/Contents/Developer/Platforms/iPhoneOS.platform/Developer/usr/bin/swift-plugin-server -external-plugin-path /Applications/Xcode.app/Contents/Developer/Platforms/iPhoneOS.platform/Developer/usr/local/lib/swift/host/plugins\#/Applications/Xcode.app/Contents/Developer/Platforms/iPhoneOS.platform/Developer/usr/bin/swift-plugin-server -plugin-path /Applications/Xcode.app/Contents/Developer/Toolchains/XcodeDefault.xctoolchain/usr/lib/swift/host/plugins -plugin-path /Applications/Xcode.app/Contents/Developer/Toolchains/XcodeDefault.xctoolchain/usr/local/lib/swift/host/plugins -o /Users/jacksonsweet/Library/Developer/Xcode/DerivedData/OPS-czavgtmnvamasvcjgszzuulfcsxj/Build/Intermediates.noindex/OPS.build/Debug-iphonesimulator/OPS.build/Objects-normal/arm64/LoginView.o -o /Users/jacksonsweet/Library/Developer/Xcode/DerivedData/OPS-czavgtmnvamasvcjgszzuulfcsxj/Build/Intermediates.noindex/OPS.build/Debug-iphonesimulator/OPS.build/Objects-normal/arm64/LoginViewPreview.o -o /Users/jacksonsweet/Library/Developer/Xcode/DerivedData/OPS-czavgtmnvamasvcjgszzuulfcsxj/Build/Intermediates.noindex/OPS.build/Debug-iphonesimulator/OPS.build/Objects-normal/arm64/MainTabView.o -o /Users/jacksonsweet/Library/Developer/Xcode/DerivedData/OPS-czavgtmnvamasvcjgszzuulfcsxj/Build/Intermediates.noindex/OPS.build/Debug-iphonesimulator/OPS.build/Objects-normal/arm64/NetworkStatusIndicator.o -o /Users/jacksonsweet/Library/Developer/Xcode/DerivedData/OPS-czavgtmnvamasvcjgszzuulfcsxj/Build/Intermediates.noindex/OPS.build/Debug-iphonesimulator/OPS.build/Objects-normal/arm64/ScheduleView.o -o /Users/jacksonsweet/Library/Developer/Xcode/DerivedData/OPS-czavgtmnvamasvcjgszzuulfcsxj/Build/Intermediates.noindex/OPS.build/Debug-iphonesimulator/OPS.build/Objects-normal/arm64/SettingsView.o -o /Users/jacksonsweet/Library/Developer/Xcode/DerivedData/OPS-czavgtmnvamasvcjgszzuulfcsxj/Build/Intermediates.noindex/OPS.build/Debug-iphonesimulator/OPS.build/Objects-normal/arm64/SplashScreen.o -o /Users/jacksonsweet/Library/Developer/Xcode/DerivedData/OPS-czavgtmnvamasvcjgszzuulfcsxj/Build/Intermediates.noindex/OPS.build/Debug-iphonesimulator/OPS.build/Objects-normal/arm64/AppState.o -o /Users/jacksonsweet/Library/Developer/Xcode/DerivedData/OPS-czavgtmnvamasvcjgszzuulfcsxj/Build/Intermediates.noindex/OPS.build/Debug-iphonesimulator/OPS.build/Objects-normal/arm64/ContentView.o -o /Users/jacksonsweet/Library/Developer/Xcode/DerivedData/OPS-czavgtmnvamasvcjgszzuulfcsxj/Build/Intermediates.noindex/OPS.build/Debug-iphonesimulator/OPS.build/Objects-normal/arm64/Item.o -o /Users/jacksonsweet/Library/Developer/Xcode/DerivedData/OPS-czavgtmnvamasvcjgszzuulfcsxj/Build/Intermediates.noindex/OPS.build/Debug-iphonesimulator/OPS.build/Objects-normal/arm64/OPSApp.o -o /Users/jacksonsweet/Library/Developer/Xcode/DerivedData/OPS-czavgtmnvamasvcjgszzuulfcsxj/Build/Intermediates.noindex/OPS.build/Debug-iphonesimulator/OPS.build/Objects-normal/arm64/GeneratedAssetSymbols.o -index-unit-output-path /OPS.build/Debug-iphonesimulator/OPS.build/Objects-normal/arm64/LoginView.o -index-unit-output-path /OPS.build/Debug-iphonesimulator/OPS.build/Objects-normal/arm64/LoginViewPreview.o -index-unit-output-path /OPS.build/Debug-iphonesimulator/OPS.build/Objects-normal/arm64/MainTabView.o -index-unit-output-path /OPS.build/Debug-iphonesimulator/OPS.build/Objects-normal/arm64/NetworkStatusIndicator.o -index-unit-output-path /OPS.build/Debug-iphonesimulator/OPS.build/Objects-normal/arm64/ScheduleView.o -index-unit-output-path /OPS.build/Debug-iphonesimulator/OPS.build/Objects-normal/arm64/SettingsView.o -index-unit-output-path /OPS.build/Debug-iphonesimulator/OPS.build/Objects-normal/arm64/SplashScreen.o -index-unit-output-path /OPS.build/Debug-iphonesimulator/OPS.build/Objects-normal/arm64/AppState.o -index-unit-output-path /OPS.build/Debug-iphonesimulator/OPS.build/Objects-normal/arm64/ContentView.o -index-unit-output-path /OPS.build/Debug-iphonesimulator/OPS.build/Objects-normal/arm64/Item.o -index-unit-output-path /OPS.build/Debug-iphonesimulator/OPS.build/Objects-normal/arm64/OPSApp.o -index-unit-output-path /OPS.build/Debug-iphonesimulator/OPS.build/Objects-normal/arm64/GeneratedAssetSymbols.o -index-store-path /Users/jacksonsweet/Library/Developer/Xcode/DerivedData/OPS-czavgtmnvamasvcjgszzuulfcsxj/Index.noindex/DataStore -index-system-modules

SwiftCompile normal arm64 /Users/jacksonsweet/Desktop/OPS\ APP/OPS/OPS/Views/SettingsView.swift (in target 'OPS' from project 'OPS')
    cd /Users/jacksonsweet/Desktop/OPS\ APP/OPS
    /Applications/Xcode.app/Contents/Developer/Toolchains/XcodeDefault.xctoolchain/usr/bin/swift-frontend -c /Users/jacksonsweet/Desktop/OPS\ APP/OPS/OPS/DataModels/BubbleImage.swift /Users/jacksonsweet/Desktop/OPS\ APP/OPS/OPS/DataModels/BubbleTypes.swift /Users/jacksonsweet/Desktop/OPS\ APP/OPS/OPS/DataModels/Company.swift /Users/jacksonsweet/Desktop/OPS\ APP/OPS/OPS/DataModels/Project.swift /Users/jacksonsweet/Desktop/OPS\ APP/OPS/OPS/DataModels/Status.swift /Users/jacksonsweet/Desktop/OPS\ APP/OPS/OPS/DataModels/User.swift /Users/jacksonsweet/Desktop/OPS\ APP/OPS/OPS/DataModels/UserRole.swift /Users/jacksonsweet/Desktop/OPS\ APP/OPS/OPS/Extensions/UIImage+Extensions.swift /Users/jacksonsweet/Desktop/OPS\ APP/OPS/OPS/Network/API/APIError.swift /Users/jacksonsweet/Desktop/OPS\ APP/OPS/OPS/Network/API/APIService.swift /Users/jacksonsweet/Desktop/OPS\ APP/OPS/OPS/Network/API/BubbleFields.swift /Users/jacksonsweet/Desktop/OPS\ APP/OPS/OPS/Network/Auth/AuthError.swift /Users/jacksonsweet/Desktop/OPS\ APP/OPS/OPS/Network/Auth/AuthManager.swift /Users/jacksonsweet/Desktop/OPS\ APP/OPS/OPS/Network/Auth/KeychainManager.swift /Users/jacksonsweet/Desktop/OPS\ APP/OPS/OPS/Network/DTOs/CompanyDTO.swift /Users/jacksonsweet/Desktop/OPS\ APP/OPS/OPS/Network/DTOs/ProjectDTO.swift /Users/jacksonsweet/Desktop/OPS\ APP/OPS/OPS/Network/DTOs/UserDTO.swift /Users/jacksonsweet/Desktop/OPS\ APP/OPS/OPS/Network/Endpoints/CompanyEndpoints.swift /Users/jacksonsweet/Desktop/OPS\ APP/OPS/OPS/Network/Endpoints/ProjectEndpoints.swift /Users/jacksonsweet/Desktop/OPS\ APP/OPS/OPS/Network/Endpoints/UserEndpoints.swift /Users/jacksonsweet/Desktop/OPS\ APP/OPS/OPS/Network/Sync/BackgroundTaskManager.swift /Users/jacksonsweet/Desktop/OPS\ APP/OPS/OPS/Network/Sync/SyncManager.swift /Users/jacksonsweet/Desktop/OPS\ APP/OPS/OPS/Network/ConnectivityMonitor.swift /Users/jacksonsweet/Desktop/OPS\ APP/OPS/OPS/Network/ImageSyncManager.swift /Users/jacksonsweet/Desktop/OPS\ APP/OPS/OPS/Onboarding/Coordinators/OnboardingCoordinator.swift /Users/jacksonsweet/Desktop/OPS\ APP/OPS/OPS/Onboarding/Models/OnboardingModels.swift /Users/jacksonsweet/Desktop/OPS\ APP/OPS/OPS/Onboarding/Services/OnboardingService.swift /Users/jacksonsweet/Desktop/OPS\ APP/OPS/OPS/Onboarding/ViewModels/OnboardingViewModel.swift /Users/jacksonsweet/Desktop/OPS\ APP/OPS/OPS/Onboarding/Views/Components/OnboardingComponents.swift /Users/jacksonsweet/Desktop/OPS\ APP/OPS/OPS/Onboarding/Views/Screens/AccountCreatedView.swift /Users/jacksonsweet/Desktop/OPS\ APP/OPS/OPS/Onboarding/Views/Screens/CompanyCodeView.swift /Users/jacksonsweet/Desktop/OPS\ APP/OPS/OPS/Onboarding/Views/Screens/CompanyCodeViewPreview.swift /Users/jacksonsweet/Desktop/OPS\ APP/OPS/OPS/Onboarding/Views/Screens/CompletionView.swift /Users/jacksonsweet/Desktop/OPS\ APP/OPS/OPS/Onboarding/Views/Screens/CompletionViewPreview.swift /Users/jacksonsweet/Desktop/OPS\ APP/OPS/OPS/Onboarding/Views/Screens/EmailView.swift /Users/jacksonsweet/Desktop/OPS\ APP/OPS/OPS/Onboarding/Views/Screens/FieldSetupView.swift /Users/jacksonsweet/Desktop/OPS\ APP/OPS/OPS/Onboarding/Views/Screens/NotificationsView.swift /Users/jacksonsweet/Desktop/OPS\ APP/OPS/OPS/Onboarding/Views/Screens/NotificationsViewPreview.swift /Users/jacksonsweet/Desktop/OPS\ APP/OPS/OPS/Onboarding/Views/Screens/OrganizationJoinView.swift /Users/jacksonsweet/Desktop/OPS\ APP/OPS/OPS/Onboarding/Views/Screens/PasswordView.swift /Users/jacksonsweet/Desktop/OPS\ APP/OPS/OPS/Onboarding/Views/Screens/PasswordViewPreview.swift /Users/jacksonsweet/Desktop/OPS\ APP/OPS/OPS/Onboarding/Views/Screens/PermissionsView.swift /Users/jacksonsweet/Desktop/OPS\ APP/OPS/OPS/Onboarding/Views/Screens/PermissionsViewPreview.swift /Users/jacksonsweet/Desktop/OPS\ APP/OPS/OPS/Onboarding/Views/Screens/PhoneNumberView.swift /Users/jacksonsweet/Desktop/OPS\ APP/OPS/OPS/Onboarding/Views/Screens/PhoneNumberViewPreview.swift /Users/jacksonsweet/Desktop/OPS\ APP/OPS/OPS/Onboarding/Views/Screens/UserInfoView.swift /Users/jacksonsweet/Desktop/OPS\ APP/OPS/OPS/Onboarding/Views/Screens/UserInfoViewPreview.swift /Users/jacksonsweet/Desktop/OPS\ APP/OPS/OPS/Onboarding/Views/Screens/VerifyPhoneView.swift /Users/jacksonsweet/Desktop/OPS\ APP/OPS/OPS/Onboarding/Views/Screens/WelcomeCompanyView.swift /Users/jacksonsweet/Desktop/OPS\ APP/OPS/OPS/Onboarding/Views/Screens/WelcomeCompanyViewPreview.swift /Users/jacksonsweet/Desktop/OPS\ APP/OPS/OPS/Onboarding/Views/Screens/WelcomeView.swift /Users/jacksonsweet/Desktop/OPS\ APP/OPS/OPS/Onboarding/Views/Screens/WelcomeViewPreview.swift /Users/jacksonsweet/Desktop/OPS\ APP/OPS/OPS/Onboarding/Views/OnboardingContainerView.swift /Users/jacksonsweet/Desktop/OPS\ APP/OPS/OPS/Onboarding/Views/OnboardingFlowPreview.swift /Users/jacksonsweet/Desktop/OPS\ APP/OPS/OPS/Onboarding/Views/OnboardingPresenter.swift /Users/jacksonsweet/Desktop/OPS\ APP/OPS/OPS/Onboarding/Views/OnboardingPreviewHelpers.swift /Users/jacksonsweet/Desktop/OPS\ APP/OPS/OPS/Styles/OPSStyle.swift /Users/jacksonsweet/Desktop/OPS\ APP/OPS/OPS/Utilities/AppConfiguration.swift /Users/jacksonsweet/Desktop/OPS\ APP/OPS/OPS/Utilities/ArrayTransformer.swift /Users/jacksonsweet/Desktop/OPS\ APP/OPS/OPS/Utilities/DataController.swift /Users/jacksonsweet/Desktop/OPS\ APP/OPS/OPS/Utilities/Dateformatter\ +Bubble.swift /Users/jacksonsweet/Desktop/OPS\ APP/OPS/OPS/Utilities/DateHelper.swift /Users/jacksonsweet/Desktop/OPS\ APP/OPS/OPS/Utilities/FieldErrorHandler.swift /Users/jacksonsweet/Desktop/OPS\ APP/OPS/OPS/Utilities/ImageCache.swift /Users/jacksonsweet/Desktop/OPS\ APP/OPS/OPS/Utilities/ImageFileManager.swift /Users/jacksonsweet/Desktop/OPS\ APP/OPS/OPS/Utilities/InProgressManager.swift /Users/jacksonsweet/Desktop/OPS\ APP/OPS/OPS/Utilities/KeyboardDismissalModifier.swift /Users/jacksonsweet/Desktop/OPS\ APP/OPS/OPS/Utilities/LocationManager.swift /Users/jacksonsweet/Desktop/OPS\ APP/OPS/OPS/Utilities/OnboardingEnvironmentKey.swift /Users/jacksonsweet/Desktop/OPS\ APP/OPS/OPS/Utilities/SwiftDataHelper.swift /Users/jacksonsweet/Desktop/OPS\ APP/OPS/OPS/Utilities/UIComponents.swift /Users/jacksonsweet/Desktop/OPS\ APP/OPS/OPS/V2/CertificationsSettingsView.swift /Users/jacksonsweet/Desktop/OPS\ APP/OPS/OPS/ViewModels/CalendarViewModel.swift /Users/jacksonsweet/Desktop/OPS\ APP/OPS/OPS/ViewModels/ProjectsViewModel.swift /Users/jacksonsweet/Desktop/OPS\ APP/OPS/OPS/Views/Calendar\ Tab/Components/CalendarDaySelector.swift /Users/jacksonsweet/Desktop/OPS\ APP/OPS/OPS/Views/Calendar\ Tab/Components/CalendarHeaderView.swift /Users/jacksonsweet/Desktop/OPS\ APP/OPS/OPS/Views/Calendar\ Tab/Components/CalendarProjectCard.swift /Users/jacksonsweet/Desktop/OPS\ APP/OPS/OPS/Views/Calendar\ Tab/Components/CalendarToggleView.swift /Users/jacksonsweet/Desktop/OPS\ APP/OPS/OPS/Views/Calendar\ Tab/Components/DatePickerPopover.swift /Users/jacksonsweet/Desktop/OPS\ APP/OPS/OPS/Views/Calendar\ Tab/Components/DayCell.swift /Users/jacksonsweet/Desktop/OPS\ APP/OPS/OPS/Views/Calendar\ Tab/ProjectViews/DayProjectSheet.swift /Users/jacksonsweet/Desktop/OPS\ APP/OPS/OPS/Views/Calendar\ Tab/ProjectViews/ProjectListView.swift /Users/jacksonsweet/Desktop/OPS\ APP/OPS/OPS/Views/Calendar\ Tab/MonthGridView.swift /Users/jacksonsweet/Desktop/OPS\ APP/OPS/OPS/Views/Components/Common/AppHeader.swift /Users/jacksonsweet/Desktop/OPS\ APP/OPS/OPS/Views/Components/Common/ExpandableNotesView.swift /Users/jacksonsweet/Desktop/OPS\ APP/OPS/OPS/Views/Components/Common/LocationPermissionView.swift /Users/jacksonsweet/Desktop/OPS\ APP/OPS/OPS/Views/Components/Common/NavigationBanner.swift /Users/jacksonsweet/Desktop/OPS\ APP/OPS/OPS/Views/Components/Common/NavigationControlsView.swift /Users/jacksonsweet/Desktop/OPS\ APP/OPS/OPS/Views/Components/Common/TabBarBackground.swift /Users/jacksonsweet/Desktop/OPS\ APP/OPS/OPS/Views/Components/Images/ImagePicker.swift /Users/jacksonsweet/Desktop/OPS\ APP/OPS/OPS/Views/Components/Images/ImagePickerView.swift /Users/jacksonsweet/Desktop/OPS\ APP/OPS/OPS/Views/Components/Images/ProjectImagesSection.swift /Users/jacksonsweet/Desktop/OPS\ APP/OPS/OPS/Views/Components/Images/ProjectImagesSimple.swift /Users/jacksonsweet/Desktop/OPS\ APP/OPS/OPS/Views/Components/Images/ProjectImageView.swift /Users/jacksonsweet/Desktop/OPS\ APP/OPS/OPS/Views/Components/Images/ProjectPhotosGrid.swift /Users/jacksonsweet/Desktop/OPS\ APP/OPS/OPS/Views/Components/Map/MiniMapView.swift /Users/jacksonsweet/Desktop/OPS\ APP/OPS/OPS/Views/Components/Map/ProjectMapAnnotation.swift /Users/jacksonsweet/Desktop/OPS\ APP/OPS/OPS/Views/Components/Map/ProjectMapView.swift /Users/jacksonsweet/Desktop/OPS\ APP/OPS/OPS/Views/Components/Map/ProjectMarkerPopup.swift /Users/jacksonsweet/Desktop/OPS\ APP/OPS/OPS/Views/Components/Map/RouteDirectionsView.swift /Users/jacksonsweet/Desktop/OPS\ APP/OPS/OPS/Views/Components/Project/ProjectActionBar.swift /Users/jacksonsweet/Desktop/OPS\ APP/OPS/OPS/Views/Components/Project/ProjectCard.swift /Users/jacksonsweet/Desktop/OPS\ APP/OPS/OPS/Views/Components/Project/ProjectCarousel.swift /Users/jacksonsweet/Desktop/OPS\ APP/OPS/OPS/Views/Components/Project/ProjectDetailsView.swift /Users/jacksonsweet/Desktop/OPS\ APP/OPS/OPS/Views/Components/Project/ProjectHeader.swift /Users/jacksonsweet/Desktop/OPS\ APP/OPS/OPS/Views/Components/Project/ProjectSheetContainer.swift /Users/jacksonsweet/Desktop/OPS\ APP/OPS/OPS/Views/Components/User/TeamMemberListView.swift /Users/jacksonsweet/Desktop/OPS\ APP/OPS/OPS/Views/Components/User/UserProfileCard.swift /Users/jacksonsweet/Desktop/OPS\ APP/OPS/OPS/Views/Home/HomeContentView.swift /Users/jacksonsweet/Desktop/OPS\ APP/OPS/OPS/Views/Home/HomeView.swift /Users/jacksonsweet/Desktop/OPS\ APP/OPS/OPS/Views/Settings/OrganizationSettingsView.swift /Users/jacksonsweet/Desktop/OPS\ APP/OPS/OPS/Views/Settings/ProfileSettingsView.swift /Users/jacksonsweet/Desktop/OPS\ APP/OPS/OPS/Views/Settings/ProjectHistorySettingsView.swift -primary-file /Users/jacksonsweet/Desktop/OPS\ APP/OPS/OPS/Views/LoginView.swift -primary-file /Users/jacksonsweet/Desktop/OPS\ APP/OPS/OPS/Views/LoginViewPreview.swift -primary-file /Users/jacksonsweet/Desktop/OPS\ APP/OPS/OPS/Views/MainTabView.swift -primary-file /Users/jacksonsweet/Desktop/OPS\ APP/OPS/OPS/Views/NetworkStatusIndicator.swift -primary-file /Users/jacksonsweet/Desktop/OPS\ APP/OPS/OPS/Views/ScheduleView.swift -primary-file /Users/jacksonsweet/Desktop/OPS\ APP/OPS/OPS/Views/SettingsView.swift -primary-file /Users/jacksonsweet/Desktop/OPS\ APP/OPS/OPS/Views/SplashScreen.swift -primary-file /Users/jacksonsweet/Desktop/OPS\ APP/OPS/OPS/AppState.swift -primary-file /Users/jacksonsweet/Desktop/OPS\ APP/OPS/OPS/ContentView.swift -primary-file /Users/jacksonsweet/Desktop/OPS\ APP/OPS/OPS/Item.swift -primary-file /Users/jacksonsweet/Desktop/OPS\ APP/OPS/OPS/OPSApp.swift -primary-file /Users/jacksonsweet/Library/Developer/Xcode/DerivedData/OPS-czavgtmnvamasvcjgszzuulfcsxj/Build/Intermediates.noindex/OPS.build/Debug-iphonesimulator/OPS.build/DerivedSources/GeneratedAssetSymbols.swift -supplementary-output-file-map /Users/jacksonsweet/Library/Developer/Xcode/DerivedData/OPS-czavgtmnvamasvcjgszzuulfcsxj/Build/Intermediates.noindex/OPS.build/Debug-iphonesimulator/OPS.build/Objects-normal/arm64/supplementaryOutputs-10 -emit-localized-strings -emit-localized-strings-path /Users/jacksonsweet/Library/Developer/Xcode/DerivedData/OPS-czavgtmnvamasvcjgszzuulfcsxj/Build/Intermediates.noindex/OPS.build/Debug-iphonesimulator/OPS.build/Objects-normal/arm64 -target arm64-apple-ios18.2-simulator -Xllvm -aarch64-use-tbi -enable-objc-interop -sdk /Applications/Xcode.app/Contents/Developer/Platforms/iPhoneSimulator.platform/Developer/SDKs/iPhoneSimulator18.2.sdk -I /Users/jacksonsweet/Library/Developer/Xcode/DerivedData/OPS-czavgtmnvamasvcjgszzuulfcsxj/Build/Products/Debug-iphonesimulator -F /Users/jacksonsweet/Library/Developer/Xcode/DerivedData/OPS-czavgtmnvamasvcjgszzuulfcsxj/Build/Products/Debug-iphonesimulator -no-color-diagnostics -enable-testing -g -debug-info-format\=dwarf -dwarf-version\=5 -module-cache-path /Users/jacksonsweet/Library/Developer/Xcode/DerivedData/ModuleCache.noindex -profile-generate -profile-coverage-mapping -swift-version 5 -enforce-exclusivity\=checked -Onone -D DEBUG -serialize-debugging-options -const-gather-protocols-file /Users/jacksonsweet/Library/Developer/Xcode/DerivedData/OPS-czavgtmnvamasvcjgszzuulfcsxj/Build/Intermediates.noindex/OPS.build/Debug-iphonesimulator/OPS.build/Objects-normal/arm64/OPS_const_extract_protocols.json -enable-experimental-feature DebugDescriptionMacro -enable-experimental-feature OpaqueTypeErasure -enable-bare-slash-regex -empty-abi-descriptor -validate-clang-modules-once -clang-build-session-file /Users/jacksonsweet/Library/Developer/Xcode/DerivedData/ModuleCache.noindex/Session.modulevalidation -Xcc -working-directory -Xcc /Users/jacksonsweet/Desktop/OPS\ APP/OPS -resource-dir /Applications/Xcode.app/Contents/Developer/Toolchains/XcodeDefault.xctoolchain/usr/lib/swift -enable-anonymous-context-mangled-names -file-compilation-dir /Users/jacksonsweet/Desktop/OPS\ APP/OPS -Xcc -D_LIBCPP_HARDENING_MODE\=_LIBCPP_HARDENING_MODE_DEBUG -Xcc -ivfsstatcache -Xcc /Users/jacksonsweet/Library/Developer/Xcode/DerivedData/SDKStatCaches.noindex/iphonesimulator18.2-22C146-07b28473f605e47e75261259d3ef3b5a.sdkstatcache -Xcc -I/Users/jacksonsweet/Library/Developer/Xcode/DerivedData/OPS-czavgtmnvamasvcjgszzuulfcsxj/Build/Intermediates.noindex/OPS.build/Debug-iphonesimulator/OPS.build/swift-overrides.hmap -Xcc -iquote -Xcc /Users/jacksonsweet/Library/Developer/Xcode/DerivedData/OPS-czavgtmnvamasvcjgszzuulfcsxj/Build/Intermediates.noindex/OPS.build/Debug-iphonesimulator/OPS.build/OPS-generated-files.hmap -Xcc -I/Users/jacksonsweet/Library/Developer/Xcode/DerivedData/OPS-czavgtmnvamasvcjgszzuulfcsxj/Build/Intermediates.noindex/OPS.build/Debug-iphonesimulator/OPS.build/OPS-own-target-headers.hmap -Xcc -I/Users/jacksonsweet/Library/Developer/Xcode/DerivedData/OPS-czavgtmnvamasvcjgszzuulfcsxj/Build/Intermediates.noindex/OPS.build/Debug-iphonesimulator/OPS.build/OPS-all-target-headers.hmap -Xcc -iquote -Xcc /Users/jacksonsweet/Library/Developer/Xcode/DerivedData/OPS-czavgtmnvamasvcjgszzuulfcsxj/Build/Intermediates.noindex/OPS.build/Debug-iphonesimulator/OPS.build/OPS-project-headers.hmap -Xcc -I/Users/jacksonsweet/Library/Developer/Xcode/DerivedData/OPS-czavgtmnvamasvcjgszzuulfcsxj/Build/Products/Debug-iphonesimulator/include -Xcc -I/Users/jacksonsweet/Library/Developer/Xcode/DerivedData/OPS-czavgtmnvamasvcjgszzuulfcsxj/Build/Intermediates.noindex/OPS.build/Debug-iphonesimulator/OPS.build/DerivedSources-normal/arm64 -Xcc -I/Users/jacksonsweet/Library/Developer/Xcode/DerivedData/OPS-czavgtmnvamasvcjgszzuulfcsxj/Build/Intermediates.noindex/OPS.build/Debug-iphonesimulator/OPS.build/DerivedSources/arm64 -Xcc -I/Users/jacksonsweet/Library/Developer/Xcode/DerivedData/OPS-czavgtmnvamasvcjgszzuulfcsxj/Build/Intermediates.noindex/OPS.build/Debug-iphonesimulator/OPS.build/DerivedSources -Xcc -DDEBUG\=1 -module-name OPS -frontend-parseable-output -disable-clang-spi -target-sdk-version 18.2 -target-sdk-name iphonesimulator18.2 -external-plugin-path /Applications/Xcode.app/Contents/Developer/Platforms/iPhoneOS.platform/Developer/usr/lib/swift/host/plugins\#/Applications/Xcode.app/Contents/Developer/Platforms/iPhoneOS.platform/Developer/usr/bin/swift-plugin-server -external-plugin-path /Applications/Xcode.app/Contents/Developer/Platforms/iPhoneOS.platform/Developer/usr/local/lib/swift/host/plugins\#/Applications/Xcode.app/Contents/Developer/Platforms/iPhoneOS.platform/Developer/usr/bin/swift-plugin-server -plugin-path /Applications/Xcode.app/Contents/Developer/Toolchains/XcodeDefault.xctoolchain/usr/lib/swift/host/plugins -plugin-path /Applications/Xcode.app/Contents/Developer/Toolchains/XcodeDefault.xctoolchain/usr/local/lib/swift/host/plugins -o /Users/jacksonsweet/Library/Developer/Xcode/DerivedData/OPS-czavgtmnvamasvcjgszzuulfcsxj/Build/Intermediates.noindex/OPS.build/Debug-iphonesimulator/OPS.build/Objects-normal/arm64/LoginView.o -o /Users/jacksonsweet/Library/Developer/Xcode/DerivedData/OPS-czavgtmnvamasvcjgszzuulfcsxj/Build/Intermediates.noindex/OPS.build/Debug-iphonesimulator/OPS.build/Objects-normal/arm64/LoginViewPreview.o -o /Users/jacksonsweet/Library/Developer/Xcode/DerivedData/OPS-czavgtmnvamasvcjgszzuulfcsxj/Build/Intermediates.noindex/OPS.build/Debug-iphonesimulator/OPS.build/Objects-normal/arm64/MainTabView.o -o /Users/jacksonsweet/Library/Developer/Xcode/DerivedData/OPS-czavgtmnvamasvcjgszzuulfcsxj/Build/Intermediates.noindex/OPS.build/Debug-iphonesimulator/OPS.build/Objects-normal/arm64/NetworkStatusIndicator.o -o /Users/jacksonsweet/Library/Developer/Xcode/DerivedData/OPS-czavgtmnvamasvcjgszzuulfcsxj/Build/Intermediates.noindex/OPS.build/Debug-iphonesimulator/OPS.build/Objects-normal/arm64/ScheduleView.o -o /Users/jacksonsweet/Library/Developer/Xcode/DerivedData/OPS-czavgtmnvamasvcjgszzuulfcsxj/Build/Intermediates.noindex/OPS.build/Debug-iphonesimulator/OPS.build/Objects-normal/arm64/SettingsView.o -o /Users/jacksonsweet/Library/Developer/Xcode/DerivedData/OPS-czavgtmnvamasvcjgszzuulfcsxj/Build/Intermediates.noindex/OPS.build/Debug-iphonesimulator/OPS.build/Objects-normal/arm64/SplashScreen.o -o /Users/jacksonsweet/Library/Developer/Xcode/DerivedData/OPS-czavgtmnvamasvcjgszzuulfcsxj/Build/Intermediates.noindex/OPS.build/Debug-iphonesimulator/OPS.build/Objects-normal/arm64/AppState.o -o /Users/jacksonsweet/Library/Developer/Xcode/DerivedData/OPS-czavgtmnvamasvcjgszzuulfcsxj/Build/Intermediates.noindex/OPS.build/Debug-iphonesimulator/OPS.build/Objects-normal/arm64/ContentView.o -o /Users/jacksonsweet/Library/Developer/Xcode/DerivedData/OPS-czavgtmnvamasvcjgszzuulfcsxj/Build/Intermediates.noindex/OPS.build/Debug-iphonesimulator/OPS.build/Objects-normal/arm64/Item.o -o /Users/jacksonsweet/Library/Developer/Xcode/DerivedData/OPS-czavgtmnvamasvcjgszzuulfcsxj/Build/Intermediates.noindex/OPS.build/Debug-iphonesimulator/OPS.build/Objects-normal/arm64/OPSApp.o -o /Users/jacksonsweet/Library/Developer/Xcode/DerivedData/OPS-czavgtmnvamasvcjgszzuulfcsxj/Build/Intermediates.noindex/OPS.build/Debug-iphonesimulator/OPS.build/Objects-normal/arm64/GeneratedAssetSymbols.o -index-unit-output-path /OPS.build/Debug-iphonesimulator/OPS.build/Objects-normal/arm64/LoginView.o -index-unit-output-path /OPS.build/Debug-iphonesimulator/OPS.build/Objects-normal/arm64/LoginViewPreview.o -index-unit-output-path /OPS.build/Debug-iphonesimulator/OPS.build/Objects-normal/arm64/MainTabView.o -index-unit-output-path /OPS.build/Debug-iphonesimulator/OPS.build/Objects-normal/arm64/NetworkStatusIndicator.o -index-unit-output-path /OPS.build/Debug-iphonesimulator/OPS.build/Objects-normal/arm64/ScheduleView.o -index-unit-output-path /OPS.build/Debug-iphonesimulator/OPS.build/Objects-normal/arm64/SettingsView.o -index-unit-output-path /OPS.build/Debug-iphonesimulator/OPS.build/Objects-normal/arm64/SplashScreen.o -index-unit-output-path /OPS.build/Debug-iphonesimulator/OPS.build/Objects-normal/arm64/AppState.o -index-unit-output-path /OPS.build/Debug-iphonesimulator/OPS.build/Objects-normal/arm64/ContentView.o -index-unit-output-path /OPS.build/Debug-iphonesimulator/OPS.build/Objects-normal/arm64/Item.o -index-unit-output-path /OPS.build/Debug-iphonesimulator/OPS.build/Objects-normal/arm64/OPSApp.o -index-unit-output-path /OPS.build/Debug-iphonesimulator/OPS.build/Objects-normal/arm64/GeneratedAssetSymbols.o -index-store-path /Users/jacksonsweet/Library/Developer/Xcode/DerivedData/OPS-czavgtmnvamasvcjgszzuulfcsxj/Index.noindex/DataStore -index-system-modules

SwiftCompile normal arm64 /Users/jacksonsweet/Desktop/OPS\ APP/OPS/OPS/Views/SplashScreen.swift (in target 'OPS' from project 'OPS')
    cd /Users/jacksonsweet/Desktop/OPS\ APP/OPS
    /Applications/Xcode.app/Contents/Developer/Toolchains/XcodeDefault.xctoolchain/usr/bin/swift-frontend -c /Users/jacksonsweet/Desktop/OPS\ APP/OPS/OPS/DataModels/BubbleImage.swift /Users/jacksonsweet/Desktop/OPS\ APP/OPS/OPS/DataModels/BubbleTypes.swift /Users/jacksonsweet/Desktop/OPS\ APP/OPS/OPS/DataModels/Company.swift /Users/jacksonsweet/Desktop/OPS\ APP/OPS/OPS/DataModels/Project.swift /Users/jacksonsweet/Desktop/OPS\ APP/OPS/OPS/DataModels/Status.swift /Users/jacksonsweet/Desktop/OPS\ APP/OPS/OPS/DataModels/User.swift /Users/jacksonsweet/Desktop/OPS\ APP/OPS/OPS/DataModels/UserRole.swift /Users/jacksonsweet/Desktop/OPS\ APP/OPS/OPS/Extensions/UIImage+Extensions.swift /Users/jacksonsweet/Desktop/OPS\ APP/OPS/OPS/Network/API/APIError.swift /Users/jacksonsweet/Desktop/OPS\ APP/OPS/OPS/Network/API/APIService.swift /Users/jacksonsweet/Desktop/OPS\ APP/OPS/OPS/Network/API/BubbleFields.swift /Users/jacksonsweet/Desktop/OPS\ APP/OPS/OPS/Network/Auth/AuthError.swift /Users/jacksonsweet/Desktop/OPS\ APP/OPS/OPS/Network/Auth/AuthManager.swift /Users/jacksonsweet/Desktop/OPS\ APP/OPS/OPS/Network/Auth/KeychainManager.swift /Users/jacksonsweet/Desktop/OPS\ APP/OPS/OPS/Network/DTOs/CompanyDTO.swift /Users/jacksonsweet/Desktop/OPS\ APP/OPS/OPS/Network/DTOs/ProjectDTO.swift /Users/jacksonsweet/Desktop/OPS\ APP/OPS/OPS/Network/DTOs/UserDTO.swift /Users/jacksonsweet/Desktop/OPS\ APP/OPS/OPS/Network/Endpoints/CompanyEndpoints.swift /Users/jacksonsweet/Desktop/OPS\ APP/OPS/OPS/Network/Endpoints/ProjectEndpoints.swift /Users/jacksonsweet/Desktop/OPS\ APP/OPS/OPS/Network/Endpoints/UserEndpoints.swift /Users/jacksonsweet/Desktop/OPS\ APP/OPS/OPS/Network/Sync/BackgroundTaskManager.swift /Users/jacksonsweet/Desktop/OPS\ APP/OPS/OPS/Network/Sync/SyncManager.swift /Users/jacksonsweet/Desktop/OPS\ APP/OPS/OPS/Network/ConnectivityMonitor.swift /Users/jacksonsweet/Desktop/OPS\ APP/OPS/OPS/Network/ImageSyncManager.swift /Users/jacksonsweet/Desktop/OPS\ APP/OPS/OPS/Onboarding/Coordinators/OnboardingCoordinator.swift /Users/jacksonsweet/Desktop/OPS\ APP/OPS/OPS/Onboarding/Models/OnboardingModels.swift /Users/jacksonsweet/Desktop/OPS\ APP/OPS/OPS/Onboarding/Services/OnboardingService.swift /Users/jacksonsweet/Desktop/OPS\ APP/OPS/OPS/Onboarding/ViewModels/OnboardingViewModel.swift /Users/jacksonsweet/Desktop/OPS\ APP/OPS/OPS/Onboarding/Views/Components/OnboardingComponents.swift /Users/jacksonsweet/Desktop/OPS\ APP/OPS/OPS/Onboarding/Views/Screens/AccountCreatedView.swift /Users/jacksonsweet/Desktop/OPS\ APP/OPS/OPS/Onboarding/Views/Screens/CompanyCodeView.swift /Users/jacksonsweet/Desktop/OPS\ APP/OPS/OPS/Onboarding/Views/Screens/CompanyCodeViewPreview.swift /Users/jacksonsweet/Desktop/OPS\ APP/OPS/OPS/Onboarding/Views/Screens/CompletionView.swift /Users/jacksonsweet/Desktop/OPS\ APP/OPS/OPS/Onboarding/Views/Screens/CompletionViewPreview.swift /Users/jacksonsweet/Desktop/OPS\ APP/OPS/OPS/Onboarding/Views/Screens/EmailView.swift /Users/jacksonsweet/Desktop/OPS\ APP/OPS/OPS/Onboarding/Views/Screens/FieldSetupView.swift /Users/jacksonsweet/Desktop/OPS\ APP/OPS/OPS/Onboarding/Views/Screens/NotificationsView.swift /Users/jacksonsweet/Desktop/OPS\ APP/OPS/OPS/Onboarding/Views/Screens/NotificationsViewPreview.swift /Users/jacksonsweet/Desktop/OPS\ APP/OPS/OPS/Onboarding/Views/Screens/OrganizationJoinView.swift /Users/jacksonsweet/Desktop/OPS\ APP/OPS/OPS/Onboarding/Views/Screens/PasswordView.swift /Users/jacksonsweet/Desktop/OPS\ APP/OPS/OPS/Onboarding/Views/Screens/PasswordViewPreview.swift /Users/jacksonsweet/Desktop/OPS\ APP/OPS/OPS/Onboarding/Views/Screens/PermissionsView.swift /Users/jacksonsweet/Desktop/OPS\ APP/OPS/OPS/Onboarding/Views/Screens/PermissionsViewPreview.swift /Users/jacksonsweet/Desktop/OPS\ APP/OPS/OPS/Onboarding/Views/Screens/PhoneNumberView.swift /Users/jacksonsweet/Desktop/OPS\ APP/OPS/OPS/Onboarding/Views/Screens/PhoneNumberViewPreview.swift /Users/jacksonsweet/Desktop/OPS\ APP/OPS/OPS/Onboarding/Views/Screens/UserInfoView.swift /Users/jacksonsweet/Desktop/OPS\ APP/OPS/OPS/Onboarding/Views/Screens/UserInfoViewPreview.swift /Users/jacksonsweet/Desktop/OPS\ APP/OPS/OPS/Onboarding/Views/Screens/VerifyPhoneView.swift /Users/jacksonsweet/Desktop/OPS\ APP/OPS/OPS/Onboarding/Views/Screens/WelcomeCompanyView.swift /Users/jacksonsweet/Desktop/OPS\ APP/OPS/OPS/Onboarding/Views/Screens/WelcomeCompanyViewPreview.swift /Users/jacksonsweet/Desktop/OPS\ APP/OPS/OPS/Onboarding/Views/Screens/WelcomeView.swift /Users/jacksonsweet/Desktop/OPS\ APP/OPS/OPS/Onboarding/Views/Screens/WelcomeViewPreview.swift /Users/jacksonsweet/Desktop/OPS\ APP/OPS/OPS/Onboarding/Views/OnboardingContainerView.swift /Users/jacksonsweet/Desktop/OPS\ APP/OPS/OPS/Onboarding/Views/OnboardingFlowPreview.swift /Users/jacksonsweet/Desktop/OPS\ APP/OPS/OPS/Onboarding/Views/OnboardingPresenter.swift /Users/jacksonsweet/Desktop/OPS\ APP/OPS/OPS/Onboarding/Views/OnboardingPreviewHelpers.swift /Users/jacksonsweet/Desktop/OPS\ APP/OPS/OPS/Styles/OPSStyle.swift /Users/jacksonsweet/Desktop/OPS\ APP/OPS/OPS/Utilities/AppConfiguration.swift /Users/jacksonsweet/Desktop/OPS\ APP/OPS/OPS/Utilities/ArrayTransformer.swift /Users/jacksonsweet/Desktop/OPS\ APP/OPS/OPS/Utilities/DataController.swift /Users/jacksonsweet/Desktop/OPS\ APP/OPS/OPS/Utilities/Dateformatter\ +Bubble.swift /Users/jacksonsweet/Desktop/OPS\ APP/OPS/OPS/Utilities/DateHelper.swift /Users/jacksonsweet/Desktop/OPS\ APP/OPS/OPS/Utilities/FieldErrorHandler.swift /Users/jacksonsweet/Desktop/OPS\ APP/OPS/OPS/Utilities/ImageCache.swift /Users/jacksonsweet/Desktop/OPS\ APP/OPS/OPS/Utilities/ImageFileManager.swift /Users/jacksonsweet/Desktop/OPS\ APP/OPS/OPS/Utilities/InProgressManager.swift /Users/jacksonsweet/Desktop/OPS\ APP/OPS/OPS/Utilities/KeyboardDismissalModifier.swift /Users/jacksonsweet/Desktop/OPS\ APP/OPS/OPS/Utilities/LocationManager.swift /Users/jacksonsweet/Desktop/OPS\ APP/OPS/OPS/Utilities/OnboardingEnvironmentKey.swift /Users/jacksonsweet/Desktop/OPS\ APP/OPS/OPS/Utilities/SwiftDataHelper.swift /Users/jacksonsweet/Desktop/OPS\ APP/OPS/OPS/Utilities/UIComponents.swift /Users/jacksonsweet/Desktop/OPS\ APP/OPS/OPS/V2/CertificationsSettingsView.swift /Users/jacksonsweet/Desktop/OPS\ APP/OPS/OPS/ViewModels/CalendarViewModel.swift /Users/jacksonsweet/Desktop/OPS\ APP/OPS/OPS/ViewModels/ProjectsViewModel.swift /Users/jacksonsweet/Desktop/OPS\ APP/OPS/OPS/Views/Calendar\ Tab/Components/CalendarDaySelector.swift /Users/jacksonsweet/Desktop/OPS\ APP/OPS/OPS/Views/Calendar\ Tab/Components/CalendarHeaderView.swift /Users/jacksonsweet/Desktop/OPS\ APP/OPS/OPS/Views/Calendar\ Tab/Components/CalendarProjectCard.swift /Users/jacksonsweet/Desktop/OPS\ APP/OPS/OPS/Views/Calendar\ Tab/Components/CalendarToggleView.swift /Users/jacksonsweet/Desktop/OPS\ APP/OPS/OPS/Views/Calendar\ Tab/Components/DatePickerPopover.swift /Users/jacksonsweet/Desktop/OPS\ APP/OPS/OPS/Views/Calendar\ Tab/Components/DayCell.swift /Users/jacksonsweet/Desktop/OPS\ APP/OPS/OPS/Views/Calendar\ Tab/ProjectViews/DayProjectSheet.swift /Users/jacksonsweet/Desktop/OPS\ APP/OPS/OPS/Views/Calendar\ Tab/ProjectViews/ProjectListView.swift /Users/jacksonsweet/Desktop/OPS\ APP/OPS/OPS/Views/Calendar\ Tab/MonthGridView.swift /Users/jacksonsweet/Desktop/OPS\ APP/OPS/OPS/Views/Components/Common/AppHeader.swift /Users/jacksonsweet/Desktop/OPS\ APP/OPS/OPS/Views/Components/Common/ExpandableNotesView.swift /Users/jacksonsweet/Desktop/OPS\ APP/OPS/OPS/Views/Components/Common/LocationPermissionView.swift /Users/jacksonsweet/Desktop/OPS\ APP/OPS/OPS/Views/Components/Common/NavigationBanner.swift /Users/jacksonsweet/Desktop/OPS\ APP/OPS/OPS/Views/Components/Common/NavigationControlsView.swift /Users/jacksonsweet/Desktop/OPS\ APP/OPS/OPS/Views/Components/Common/TabBarBackground.swift /Users/jacksonsweet/Desktop/OPS\ APP/OPS/OPS/Views/Components/Images/ImagePicker.swift /Users/jacksonsweet/Desktop/OPS\ APP/OPS/OPS/Views/Components/Images/ImagePickerView.swift /Users/jacksonsweet/Desktop/OPS\ APP/OPS/OPS/Views/Components/Images/ProjectImagesSection.swift /Users/jacksonsweet/Desktop/OPS\ APP/OPS/OPS/Views/Components/Images/ProjectImagesSimple.swift /Users/jacksonsweet/Desktop/OPS\ APP/OPS/OPS/Views/Components/Images/ProjectImageView.swift /Users/jacksonsweet/Desktop/OPS\ APP/OPS/OPS/Views/Components/Images/ProjectPhotosGrid.swift /Users/jacksonsweet/Desktop/OPS\ APP/OPS/OPS/Views/Components/Map/MiniMapView.swift /Users/jacksonsweet/Desktop/OPS\ APP/OPS/OPS/Views/Components/Map/ProjectMapAnnotation.swift /Users/jacksonsweet/Desktop/OPS\ APP/OPS/OPS/Views/Components/Map/ProjectMapView.swift /Users/jacksonsweet/Desktop/OPS\ APP/OPS/OPS/Views/Components/Map/ProjectMarkerPopup.swift /Users/jacksonsweet/Desktop/OPS\ APP/OPS/OPS/Views/Components/Map/RouteDirectionsView.swift /Users/jacksonsweet/Desktop/OPS\ APP/OPS/OPS/Views/Components/Project/ProjectActionBar.swift /Users/jacksonsweet/Desktop/OPS\ APP/OPS/OPS/Views/Components/Project/ProjectCard.swift /Users/jacksonsweet/Desktop/OPS\ APP/OPS/OPS/Views/Components/Project/ProjectCarousel.swift /Users/jacksonsweet/Desktop/OPS\ APP/OPS/OPS/Views/Components/Project/ProjectDetailsView.swift /Users/jacksonsweet/Desktop/OPS\ APP/OPS/OPS/Views/Components/Project/ProjectHeader.swift /Users/jacksonsweet/Desktop/OPS\ APP/OPS/OPS/Views/Components/Project/ProjectSheetContainer.swift /Users/jacksonsweet/Desktop/OPS\ APP/OPS/OPS/Views/Components/User/TeamMemberListView.swift /Users/jacksonsweet/Desktop/OPS\ APP/OPS/OPS/Views/Components/User/UserProfileCard.swift /Users/jacksonsweet/Desktop/OPS\ APP/OPS/OPS/Views/Home/HomeContentView.swift /Users/jacksonsweet/Desktop/OPS\ APP/OPS/OPS/Views/Home/HomeView.swift /Users/jacksonsweet/Desktop/OPS\ APP/OPS/OPS/Views/Settings/OrganizationSettingsView.swift /Users/jacksonsweet/Desktop/OPS\ APP/OPS/OPS/Views/Settings/ProfileSettingsView.swift /Users/jacksonsweet/Desktop/OPS\ APP/OPS/OPS/Views/Settings/ProjectHistorySettingsView.swift -primary-file /Users/jacksonsweet/Desktop/OPS\ APP/OPS/OPS/Views/LoginView.swift -primary-file /Users/jacksonsweet/Desktop/OPS\ APP/OPS/OPS/Views/LoginViewPreview.swift -primary-file /Users/jacksonsweet/Desktop/OPS\ APP/OPS/OPS/Views/MainTabView.swift -primary-file /Users/jacksonsweet/Desktop/OPS\ APP/OPS/OPS/Views/NetworkStatusIndicator.swift -primary-file /Users/jacksonsweet/Desktop/OPS\ APP/OPS/OPS/Views/ScheduleView.swift -primary-file /Users/jacksonsweet/Desktop/OPS\ APP/OPS/OPS/Views/SettingsView.swift -primary-file /Users/jacksonsweet/Desktop/OPS\ APP/OPS/OPS/Views/SplashScreen.swift -primary-file /Users/jacksonsweet/Desktop/OPS\ APP/OPS/OPS/AppState.swift -primary-file /Users/jacksonsweet/Desktop/OPS\ APP/OPS/OPS/ContentView.swift -primary-file /Users/jacksonsweet/Desktop/OPS\ APP/OPS/OPS/Item.swift -primary-file /Users/jacksonsweet/Desktop/OPS\ APP/OPS/OPS/OPSApp.swift -primary-file /Users/jacksonsweet/Library/Developer/Xcode/DerivedData/OPS-czavgtmnvamasvcjgszzuulfcsxj/Build/Intermediates.noindex/OPS.build/Debug-iphonesimulator/OPS.build/DerivedSources/GeneratedAssetSymbols.swift -supplementary-output-file-map /Users/jacksonsweet/Library/Developer/Xcode/DerivedData/OPS-czavgtmnvamasvcjgszzuulfcsxj/Build/Intermediates.noindex/OPS.build/Debug-iphonesimulator/OPS.build/Objects-normal/arm64/supplementaryOutputs-10 -emit-localized-strings -emit-localized-strings-path /Users/jacksonsweet/Library/Developer/Xcode/DerivedData/OPS-czavgtmnvamasvcjgszzuulfcsxj/Build/Intermediates.noindex/OPS.build/Debug-iphonesimulator/OPS.build/Objects-normal/arm64 -target arm64-apple-ios18.2-simulator -Xllvm -aarch64-use-tbi -enable-objc-interop -sdk /Applications/Xcode.app/Contents/Developer/Platforms/iPhoneSimulator.platform/Developer/SDKs/iPhoneSimulator18.2.sdk -I /Users/jacksonsweet/Library/Developer/Xcode/DerivedData/OPS-czavgtmnvamasvcjgszzuulfcsxj/Build/Products/Debug-iphonesimulator -F /Users/jacksonsweet/Library/Developer/Xcode/DerivedData/OPS-czavgtmnvamasvcjgszzuulfcsxj/Build/Products/Debug-iphonesimulator -no-color-diagnostics -enable-testing -g -debug-info-format\=dwarf -dwarf-version\=5 -module-cache-path /Users/jacksonsweet/Library/Developer/Xcode/DerivedData/ModuleCache.noindex -profile-generate -profile-coverage-mapping -swift-version 5 -enforce-exclusivity\=checked -Onone -D DEBUG -serialize-debugging-options -const-gather-protocols-file /Users/jacksonsweet/Library/Developer/Xcode/DerivedData/OPS-czavgtmnvamasvcjgszzuulfcsxj/Build/Intermediates.noindex/OPS.build/Debug-iphonesimulator/OPS.build/Objects-normal/arm64/OPS_const_extract_protocols.json -enable-experimental-feature DebugDescriptionMacro -enable-experimental-feature OpaqueTypeErasure -enable-bare-slash-regex -empty-abi-descriptor -validate-clang-modules-once -clang-build-session-file /Users/jacksonsweet/Library/Developer/Xcode/DerivedData/ModuleCache.noindex/Session.modulevalidation -Xcc -working-directory -Xcc /Users/jacksonsweet/Desktop/OPS\ APP/OPS -resource-dir /Applications/Xcode.app/Contents/Developer/Toolchains/XcodeDefault.xctoolchain/usr/lib/swift -enable-anonymous-context-mangled-names -file-compilation-dir /Users/jacksonsweet/Desktop/OPS\ APP/OPS -Xcc -D_LIBCPP_HARDENING_MODE\=_LIBCPP_HARDENING_MODE_DEBUG -Xcc -ivfsstatcache -Xcc /Users/jacksonsweet/Library/Developer/Xcode/DerivedData/SDKStatCaches.noindex/iphonesimulator18.2-22C146-07b28473f605e47e75261259d3ef3b5a.sdkstatcache -Xcc -I/Users/jacksonsweet/Library/Developer/Xcode/DerivedData/OPS-czavgtmnvamasvcjgszzuulfcsxj/Build/Intermediates.noindex/OPS.build/Debug-iphonesimulator/OPS.build/swift-overrides.hmap -Xcc -iquote -Xcc /Users/jacksonsweet/Library/Developer/Xcode/DerivedData/OPS-czavgtmnvamasvcjgszzuulfcsxj/Build/Intermediates.noindex/OPS.build/Debug-iphonesimulator/OPS.build/OPS-generated-files.hmap -Xcc -I/Users/jacksonsweet/Library/Developer/Xcode/DerivedData/OPS-czavgtmnvamasvcjgszzuulfcsxj/Build/Intermediates.noindex/OPS.build/Debug-iphonesimulator/OPS.build/OPS-own-target-headers.hmap -Xcc -I/Users/jacksonsweet/Library/Developer/Xcode/DerivedData/OPS-czavgtmnvamasvcjgszzuulfcsxj/Build/Intermediates.noindex/OPS.build/Debug-iphonesimulator/OPS.build/OPS-all-target-headers.hmap -Xcc -iquote -Xcc /Users/jacksonsweet/Library/Developer/Xcode/DerivedData/OPS-czavgtmnvamasvcjgszzuulfcsxj/Build/Intermediates.noindex/OPS.build/Debug-iphonesimulator/OPS.build/OPS-project-headers.hmap -Xcc -I/Users/jacksonsweet/Library/Developer/Xcode/DerivedData/OPS-czavgtmnvamasvcjgszzuulfcsxj/Build/Products/Debug-iphonesimulator/include -Xcc -I/Users/jacksonsweet/Library/Developer/Xcode/DerivedData/OPS-czavgtmnvamasvcjgszzuulfcsxj/Build/Intermediates.noindex/OPS.build/Debug-iphonesimulator/OPS.build/DerivedSources-normal/arm64 -Xcc -I/Users/jacksonsweet/Library/Developer/Xcode/DerivedData/OPS-czavgtmnvamasvcjgszzuulfcsxj/Build/Intermediates.noindex/OPS.build/Debug-iphonesimulator/OPS.build/DerivedSources/arm64 -Xcc -I/Users/jacksonsweet/Library/Developer/Xcode/DerivedData/OPS-czavgtmnvamasvcjgszzuulfcsxj/Build/Intermediates.noindex/OPS.build/Debug-iphonesimulator/OPS.build/DerivedSources -Xcc -DDEBUG\=1 -module-name OPS -frontend-parseable-output -disable-clang-spi -target-sdk-version 18.2 -target-sdk-name iphonesimulator18.2 -external-plugin-path /Applications/Xcode.app/Contents/Developer/Platforms/iPhoneOS.platform/Developer/usr/lib/swift/host/plugins\#/Applications/Xcode.app/Contents/Developer/Platforms/iPhoneOS.platform/Developer/usr/bin/swift-plugin-server -external-plugin-path /Applications/Xcode.app/Contents/Developer/Platforms/iPhoneOS.platform/Developer/usr/local/lib/swift/host/plugins\#/Applications/Xcode.app/Contents/Developer/Platforms/iPhoneOS.platform/Developer/usr/bin/swift-plugin-server -plugin-path /Applications/Xcode.app/Contents/Developer/Toolchains/XcodeDefault.xctoolchain/usr/lib/swift/host/plugins -plugin-path /Applications/Xcode.app/Contents/Developer/Toolchains/XcodeDefault.xctoolchain/usr/local/lib/swift/host/plugins -o /Users/jacksonsweet/Library/Developer/Xcode/DerivedData/OPS-czavgtmnvamasvcjgszzuulfcsxj/Build/Intermediates.noindex/OPS.build/Debug-iphonesimulator/OPS.build/Objects-normal/arm64/LoginView.o -o /Users/jacksonsweet/Library/Developer/Xcode/DerivedData/OPS-czavgtmnvamasvcjgszzuulfcsxj/Build/Intermediates.noindex/OPS.build/Debug-iphonesimulator/OPS.build/Objects-normal/arm64/LoginViewPreview.o -o /Users/jacksonsweet/Library/Developer/Xcode/DerivedData/OPS-czavgtmnvamasvcjgszzuulfcsxj/Build/Intermediates.noindex/OPS.build/Debug-iphonesimulator/OPS.build/Objects-normal/arm64/MainTabView.o -o /Users/jacksonsweet/Library/Developer/Xcode/DerivedData/OPS-czavgtmnvamasvcjgszzuulfcsxj/Build/Intermediates.noindex/OPS.build/Debug-iphonesimulator/OPS.build/Objects-normal/arm64/NetworkStatusIndicator.o -o /Users/jacksonsweet/Library/Developer/Xcode/DerivedData/OPS-czavgtmnvamasvcjgszzuulfcsxj/Build/Intermediates.noindex/OPS.build/Debug-iphonesimulator/OPS.build/Objects-normal/arm64/ScheduleView.o -o /Users/jacksonsweet/Library/Developer/Xcode/DerivedData/OPS-czavgtmnvamasvcjgszzuulfcsxj/Build/Intermediates.noindex/OPS.build/Debug-iphonesimulator/OPS.build/Objects-normal/arm64/SettingsView.o -o /Users/jacksonsweet/Library/Developer/Xcode/DerivedData/OPS-czavgtmnvamasvcjgszzuulfcsxj/Build/Intermediates.noindex/OPS.build/Debug-iphonesimulator/OPS.build/Objects-normal/arm64/SplashScreen.o -o /Users/jacksonsweet/Library/Developer/Xcode/DerivedData/OPS-czavgtmnvamasvcjgszzuulfcsxj/Build/Intermediates.noindex/OPS.build/Debug-iphonesimulator/OPS.build/Objects-normal/arm64/AppState.o -o /Users/jacksonsweet/Library/Developer/Xcode/DerivedData/OPS-czavgtmnvamasvcjgszzuulfcsxj/Build/Intermediates.noindex/OPS.build/Debug-iphonesimulator/OPS.build/Objects-normal/arm64/ContentView.o -o /Users/jacksonsweet/Library/Developer/Xcode/DerivedData/OPS-czavgtmnvamasvcjgszzuulfcsxj/Build/Intermediates.noindex/OPS.build/Debug-iphonesimulator/OPS.build/Objects-normal/arm64/Item.o -o /Users/jacksonsweet/Library/Developer/Xcode/DerivedData/OPS-czavgtmnvamasvcjgszzuulfcsxj/Build/Intermediates.noindex/OPS.build/Debug-iphonesimulator/OPS.build/Objects-normal/arm64/OPSApp.o -o /Users/jacksonsweet/Library/Developer/Xcode/DerivedData/OPS-czavgtmnvamasvcjgszzuulfcsxj/Build/Intermediates.noindex/OPS.build/Debug-iphonesimulator/OPS.build/Objects-normal/arm64/GeneratedAssetSymbols.o -index-unit-output-path /OPS.build/Debug-iphonesimulator/OPS.build/Objects-normal/arm64/LoginView.o -index-unit-output-path /OPS.build/Debug-iphonesimulator/OPS.build/Objects-normal/arm64/LoginViewPreview.o -index-unit-output-path /OPS.build/Debug-iphonesimulator/OPS.build/Objects-normal/arm64/MainTabView.o -index-unit-output-path /OPS.build/Debug-iphonesimulator/OPS.build/Objects-normal/arm64/NetworkStatusIndicator.o -index-unit-output-path /OPS.build/Debug-iphonesimulator/OPS.build/Objects-normal/arm64/ScheduleView.o -index-unit-output-path /OPS.build/Debug-iphonesimulator/OPS.build/Objects-normal/arm64/SettingsView.o -index-unit-output-path /OPS.build/Debug-iphonesimulator/OPS.build/Objects-normal/arm64/SplashScreen.o -index-unit-output-path /OPS.build/Debug-iphonesimulator/OPS.build/Objects-normal/arm64/AppState.o -index-unit-output-path /OPS.build/Debug-iphonesimulator/OPS.build/Objects-normal/arm64/ContentView.o -index-unit-output-path /OPS.build/Debug-iphonesimulator/OPS.build/Objects-normal/arm64/Item.o -index-unit-output-path /OPS.build/Debug-iphonesimulator/OPS.build/Objects-normal/arm64/OPSApp.o -index-unit-output-path /OPS.build/Debug-iphonesimulator/OPS.build/Objects-normal/arm64/GeneratedAssetSymbols.o -index-store-path /Users/jacksonsweet/Library/Developer/Xcode/DerivedData/OPS-czavgtmnvamasvcjgszzuulfcsxj/Index.noindex/DataStore -index-system-modules

SwiftCompile normal arm64 /Users/jacksonsweet/Desktop/OPS\ APP/OPS/OPS/AppState.swift (in target 'OPS' from project 'OPS')
    cd /Users/jacksonsweet/Desktop/OPS\ APP/OPS
    /Applications/Xcode.app/Contents/Developer/Toolchains/XcodeDefault.xctoolchain/usr/bin/swift-frontend -c /Users/jacksonsweet/Desktop/OPS\ APP/OPS/OPS/DataModels/BubbleImage.swift /Users/jacksonsweet/Desktop/OPS\ APP/OPS/OPS/DataModels/BubbleTypes.swift /Users/jacksonsweet/Desktop/OPS\ APP/OPS/OPS/DataModels/Company.swift /Users/jacksonsweet/Desktop/OPS\ APP/OPS/OPS/DataModels/Project.swift /Users/jacksonsweet/Desktop/OPS\ APP/OPS/OPS/DataModels/Status.swift /Users/jacksonsweet/Desktop/OPS\ APP/OPS/OPS/DataModels/User.swift /Users/jacksonsweet/Desktop/OPS\ APP/OPS/OPS/DataModels/UserRole.swift /Users/jacksonsweet/Desktop/OPS\ APP/OPS/OPS/Extensions/UIImage+Extensions.swift /Users/jacksonsweet/Desktop/OPS\ APP/OPS/OPS/Network/API/APIError.swift /Users/jacksonsweet/Desktop/OPS\ APP/OPS/OPS/Network/API/APIService.swift /Users/jacksonsweet/Desktop/OPS\ APP/OPS/OPS/Network/API/BubbleFields.swift /Users/jacksonsweet/Desktop/OPS\ APP/OPS/OPS/Network/Auth/AuthError.swift /Users/jacksonsweet/Desktop/OPS\ APP/OPS/OPS/Network/Auth/AuthManager.swift /Users/jacksonsweet/Desktop/OPS\ APP/OPS/OPS/Network/Auth/KeychainManager.swift /Users/jacksonsweet/Desktop/OPS\ APP/OPS/OPS/Network/DTOs/CompanyDTO.swift /Users/jacksonsweet/Desktop/OPS\ APP/OPS/OPS/Network/DTOs/ProjectDTO.swift /Users/jacksonsweet/Desktop/OPS\ APP/OPS/OPS/Network/DTOs/UserDTO.swift /Users/jacksonsweet/Desktop/OPS\ APP/OPS/OPS/Network/Endpoints/CompanyEndpoints.swift /Users/jacksonsweet/Desktop/OPS\ APP/OPS/OPS/Network/Endpoints/ProjectEndpoints.swift /Users/jacksonsweet/Desktop/OPS\ APP/OPS/OPS/Network/Endpoints/UserEndpoints.swift /Users/jacksonsweet/Desktop/OPS\ APP/OPS/OPS/Network/Sync/BackgroundTaskManager.swift /Users/jacksonsweet/Desktop/OPS\ APP/OPS/OPS/Network/Sync/SyncManager.swift /Users/jacksonsweet/Desktop/OPS\ APP/OPS/OPS/Network/ConnectivityMonitor.swift /Users/jacksonsweet/Desktop/OPS\ APP/OPS/OPS/Network/ImageSyncManager.swift /Users/jacksonsweet/Desktop/OPS\ APP/OPS/OPS/Onboarding/Coordinators/OnboardingCoordinator.swift /Users/jacksonsweet/Desktop/OPS\ APP/OPS/OPS/Onboarding/Models/OnboardingModels.swift /Users/jacksonsweet/Desktop/OPS\ APP/OPS/OPS/Onboarding/Services/OnboardingService.swift /Users/jacksonsweet/Desktop/OPS\ APP/OPS/OPS/Onboarding/ViewModels/OnboardingViewModel.swift /Users/jacksonsweet/Desktop/OPS\ APP/OPS/OPS/Onboarding/Views/Components/OnboardingComponents.swift /Users/jacksonsweet/Desktop/OPS\ APP/OPS/OPS/Onboarding/Views/Screens/AccountCreatedView.swift /Users/jacksonsweet/Desktop/OPS\ APP/OPS/OPS/Onboarding/Views/Screens/CompanyCodeView.swift /Users/jacksonsweet/Desktop/OPS\ APP/OPS/OPS/Onboarding/Views/Screens/CompanyCodeViewPreview.swift /Users/jacksonsweet/Desktop/OPS\ APP/OPS/OPS/Onboarding/Views/Screens/CompletionView.swift /Users/jacksonsweet/Desktop/OPS\ APP/OPS/OPS/Onboarding/Views/Screens/CompletionViewPreview.swift /Users/jacksonsweet/Desktop/OPS\ APP/OPS/OPS/Onboarding/Views/Screens/EmailView.swift /Users/jacksonsweet/Desktop/OPS\ APP/OPS/OPS/Onboarding/Views/Screens/FieldSetupView.swift /Users/jacksonsweet/Desktop/OPS\ APP/OPS/OPS/Onboarding/Views/Screens/NotificationsView.swift /Users/jacksonsweet/Desktop/OPS\ APP/OPS/OPS/Onboarding/Views/Screens/NotificationsViewPreview.swift /Users/jacksonsweet/Desktop/OPS\ APP/OPS/OPS/Onboarding/Views/Screens/OrganizationJoinView.swift /Users/jacksonsweet/Desktop/OPS\ APP/OPS/OPS/Onboarding/Views/Screens/PasswordView.swift /Users/jacksonsweet/Desktop/OPS\ APP/OPS/OPS/Onboarding/Views/Screens/PasswordViewPreview.swift /Users/jacksonsweet/Desktop/OPS\ APP/OPS/OPS/Onboarding/Views/Screens/PermissionsView.swift /Users/jacksonsweet/Desktop/OPS\ APP/OPS/OPS/Onboarding/Views/Screens/PermissionsViewPreview.swift /Users/jacksonsweet/Desktop/OPS\ APP/OPS/OPS/Onboarding/Views/Screens/PhoneNumberView.swift /Users/jacksonsweet/Desktop/OPS\ APP/OPS/OPS/Onboarding/Views/Screens/PhoneNumberViewPreview.swift /Users/jacksonsweet/Desktop/OPS\ APP/OPS/OPS/Onboarding/Views/Screens/UserInfoView.swift /Users/jacksonsweet/Desktop/OPS\ APP/OPS/OPS/Onboarding/Views/Screens/UserInfoViewPreview.swift /Users/jacksonsweet/Desktop/OPS\ APP/OPS/OPS/Onboarding/Views/Screens/VerifyPhoneView.swift /Users/jacksonsweet/Desktop/OPS\ APP/OPS/OPS/Onboarding/Views/Screens/WelcomeCompanyView.swift /Users/jacksonsweet/Desktop/OPS\ APP/OPS/OPS/Onboarding/Views/Screens/WelcomeCompanyViewPreview.swift /Users/jacksonsweet/Desktop/OPS\ APP/OPS/OPS/Onboarding/Views/Screens/WelcomeView.swift /Users/jacksonsweet/Desktop/OPS\ APP/OPS/OPS/Onboarding/Views/Screens/WelcomeViewPreview.swift /Users/jacksonsweet/Desktop/OPS\ APP/OPS/OPS/Onboarding/Views/OnboardingContainerView.swift /Users/jacksonsweet/Desktop/OPS\ APP/OPS/OPS/Onboarding/Views/OnboardingFlowPreview.swift /Users/jacksonsweet/Desktop/OPS\ APP/OPS/OPS/Onboarding/Views/OnboardingPresenter.swift /Users/jacksonsweet/Desktop/OPS\ APP/OPS/OPS/Onboarding/Views/OnboardingPreviewHelpers.swift /Users/jacksonsweet/Desktop/OPS\ APP/OPS/OPS/Styles/OPSStyle.swift /Users/jacksonsweet/Desktop/OPS\ APP/OPS/OPS/Utilities/AppConfiguration.swift /Users/jacksonsweet/Desktop/OPS\ APP/OPS/OPS/Utilities/ArrayTransformer.swift /Users/jacksonsweet/Desktop/OPS\ APP/OPS/OPS/Utilities/DataController.swift /Users/jacksonsweet/Desktop/OPS\ APP/OPS/OPS/Utilities/Dateformatter\ +Bubble.swift /Users/jacksonsweet/Desktop/OPS\ APP/OPS/OPS/Utilities/DateHelper.swift /Users/jacksonsweet/Desktop/OPS\ APP/OPS/OPS/Utilities/FieldErrorHandler.swift /Users/jacksonsweet/Desktop/OPS\ APP/OPS/OPS/Utilities/ImageCache.swift /Users/jacksonsweet/Desktop/OPS\ APP/OPS/OPS/Utilities/ImageFileManager.swift /Users/jacksonsweet/Desktop/OPS\ APP/OPS/OPS/Utilities/InProgressManager.swift /Users/jacksonsweet/Desktop/OPS\ APP/OPS/OPS/Utilities/KeyboardDismissalModifier.swift /Users/jacksonsweet/Desktop/OPS\ APP/OPS/OPS/Utilities/LocationManager.swift /Users/jacksonsweet/Desktop/OPS\ APP/OPS/OPS/Utilities/OnboardingEnvironmentKey.swift /Users/jacksonsweet/Desktop/OPS\ APP/OPS/OPS/Utilities/SwiftDataHelper.swift /Users/jacksonsweet/Desktop/OPS\ APP/OPS/OPS/Utilities/UIComponents.swift /Users/jacksonsweet/Desktop/OPS\ APP/OPS/OPS/V2/CertificationsSettingsView.swift /Users/jacksonsweet/Desktop/OPS\ APP/OPS/OPS/ViewModels/CalendarViewModel.swift /Users/jacksonsweet/Desktop/OPS\ APP/OPS/OPS/ViewModels/ProjectsViewModel.swift /Users/jacksonsweet/Desktop/OPS\ APP/OPS/OPS/Views/Calendar\ Tab/Components/CalendarDaySelector.swift /Users/jacksonsweet/Desktop/OPS\ APP/OPS/OPS/Views/Calendar\ Tab/Components/CalendarHeaderView.swift /Users/jacksonsweet/Desktop/OPS\ APP/OPS/OPS/Views/Calendar\ Tab/Components/CalendarProjectCard.swift /Users/jacksonsweet/Desktop/OPS\ APP/OPS/OPS/Views/Calendar\ Tab/Components/CalendarToggleView.swift /Users/jacksonsweet/Desktop/OPS\ APP/OPS/OPS/Views/Calendar\ Tab/Components/DatePickerPopover.swift /Users/jacksonsweet/Desktop/OPS\ APP/OPS/OPS/Views/Calendar\ Tab/Components/DayCell.swift /Users/jacksonsweet/Desktop/OPS\ APP/OPS/OPS/Views/Calendar\ Tab/ProjectViews/DayProjectSheet.swift /Users/jacksonsweet/Desktop/OPS\ APP/OPS/OPS/Views/Calendar\ Tab/ProjectViews/ProjectListView.swift /Users/jacksonsweet/Desktop/OPS\ APP/OPS/OPS/Views/Calendar\ Tab/MonthGridView.swift /Users/jacksonsweet/Desktop/OPS\ APP/OPS/OPS/Views/Components/Common/AppHeader.swift /Users/jacksonsweet/Desktop/OPS\ APP/OPS/OPS/Views/Components/Common/ExpandableNotesView.swift /Users/jacksonsweet/Desktop/OPS\ APP/OPS/OPS/Views/Components/Common/LocationPermissionView.swift /Users/jacksonsweet/Desktop/OPS\ APP/OPS/OPS/Views/Components/Common/NavigationBanner.swift /Users/jacksonsweet/Desktop/OPS\ APP/OPS/OPS/Views/Components/Common/NavigationControlsView.swift /Users/jacksonsweet/Desktop/OPS\ APP/OPS/OPS/Views/Components/Common/TabBarBackground.swift /Users/jacksonsweet/Desktop/OPS\ APP/OPS/OPS/Views/Components/Images/ImagePicker.swift /Users/jacksonsweet/Desktop/OPS\ APP/OPS/OPS/Views/Components/Images/ImagePickerView.swift /Users/jacksonsweet/Desktop/OPS\ APP/OPS/OPS/Views/Components/Images/ProjectImagesSection.swift /Users/jacksonsweet/Desktop/OPS\ APP/OPS/OPS/Views/Components/Images/ProjectImagesSimple.swift /Users/jacksonsweet/Desktop/OPS\ APP/OPS/OPS/Views/Components/Images/ProjectImageView.swift /Users/jacksonsweet/Desktop/OPS\ APP/OPS/OPS/Views/Components/Images/ProjectPhotosGrid.swift /Users/jacksonsweet/Desktop/OPS\ APP/OPS/OPS/Views/Components/Map/MiniMapView.swift /Users/jacksonsweet/Desktop/OPS\ APP/OPS/OPS/Views/Components/Map/ProjectMapAnnotation.swift /Users/jacksonsweet/Desktop/OPS\ APP/OPS/OPS/Views/Components/Map/ProjectMapView.swift /Users/jacksonsweet/Desktop/OPS\ APP/OPS/OPS/Views/Components/Map/ProjectMarkerPopup.swift /Users/jacksonsweet/Desktop/OPS\ APP/OPS/OPS/Views/Components/Map/RouteDirectionsView.swift /Users/jacksonsweet/Desktop/OPS\ APP/OPS/OPS/Views/Components/Project/ProjectActionBar.swift /Users/jacksonsweet/Desktop/OPS\ APP/OPS/OPS/Views/Components/Project/ProjectCard.swift /Users/jacksonsweet/Desktop/OPS\ APP/OPS/OPS/Views/Components/Project/ProjectCarousel.swift /Users/jacksonsweet/Desktop/OPS\ APP/OPS/OPS/Views/Components/Project/ProjectDetailsView.swift /Users/jacksonsweet/Desktop/OPS\ APP/OPS/OPS/Views/Components/Project/ProjectHeader.swift /Users/jacksonsweet/Desktop/OPS\ APP/OPS/OPS/Views/Components/Project/ProjectSheetContainer.swift /Users/jacksonsweet/Desktop/OPS\ APP/OPS/OPS/Views/Components/User/TeamMemberListView.swift /Users/jacksonsweet/Desktop/OPS\ APP/OPS/OPS/Views/Components/User/UserProfileCard.swift /Users/jacksonsweet/Desktop/OPS\ APP/OPS/OPS/Views/Home/HomeContentView.swift /Users/jacksonsweet/Desktop/OPS\ APP/OPS/OPS/Views/Home/HomeView.swift /Users/jacksonsweet/Desktop/OPS\ APP/OPS/OPS/Views/Settings/OrganizationSettingsView.swift /Users/jacksonsweet/Desktop/OPS\ APP/OPS/OPS/Views/Settings/ProfileSettingsView.swift /Users/jacksonsweet/Desktop/OPS\ APP/OPS/OPS/Views/Settings/ProjectHistorySettingsView.swift -primary-file /Users/jacksonsweet/Desktop/OPS\ APP/OPS/OPS/Views/LoginView.swift -primary-file /Users/jacksonsweet/Desktop/OPS\ APP/OPS/OPS/Views/LoginViewPreview.swift -primary-file /Users/jacksonsweet/Desktop/OPS\ APP/OPS/OPS/Views/MainTabView.swift -primary-file /Users/jacksonsweet/Desktop/OPS\ APP/OPS/OPS/Views/NetworkStatusIndicator.swift -primary-file /Users/jacksonsweet/Desktop/OPS\ APP/OPS/OPS/Views/ScheduleView.swift -primary-file /Users/jacksonsweet/Desktop/OPS\ APP/OPS/OPS/Views/SettingsView.swift -primary-file /Users/jacksonsweet/Desktop/OPS\ APP/OPS/OPS/Views/SplashScreen.swift -primary-file /Users/jacksonsweet/Desktop/OPS\ APP/OPS/OPS/AppState.swift -primary-file /Users/jacksonsweet/Desktop/OPS\ APP/OPS/OPS/ContentView.swift -primary-file /Users/jacksonsweet/Desktop/OPS\ APP/OPS/OPS/Item.swift -primary-file /Users/jacksonsweet/Desktop/OPS\ APP/OPS/OPS/OPSApp.swift -primary-file /Users/jacksonsweet/Library/Developer/Xcode/DerivedData/OPS-czavgtmnvamasvcjgszzuulfcsxj/Build/Intermediates.noindex/OPS.build/Debug-iphonesimulator/OPS.build/DerivedSources/GeneratedAssetSymbols.swift -supplementary-output-file-map /Users/jacksonsweet/Library/Developer/Xcode/DerivedData/OPS-czavgtmnvamasvcjgszzuulfcsxj/Build/Intermediates.noindex/OPS.build/Debug-iphonesimulator/OPS.build/Objects-normal/arm64/supplementaryOutputs-10 -emit-localized-strings -emit-localized-strings-path /Users/jacksonsweet/Library/Developer/Xcode/DerivedData/OPS-czavgtmnvamasvcjgszzuulfcsxj/Build/Intermediates.noindex/OPS.build/Debug-iphonesimulator/OPS.build/Objects-normal/arm64 -target arm64-apple-ios18.2-simulator -Xllvm -aarch64-use-tbi -enable-objc-interop -sdk /Applications/Xcode.app/Contents/Developer/Platforms/iPhoneSimulator.platform/Developer/SDKs/iPhoneSimulator18.2.sdk -I /Users/jacksonsweet/Library/Developer/Xcode/DerivedData/OPS-czavgtmnvamasvcjgszzuulfcsxj/Build/Products/Debug-iphonesimulator -F /Users/jacksonsweet/Library/Developer/Xcode/DerivedData/OPS-czavgtmnvamasvcjgszzuulfcsxj/Build/Products/Debug-iphonesimulator -no-color-diagnostics -enable-testing -g -debug-info-format\=dwarf -dwarf-version\=5 -module-cache-path /Users/jacksonsweet/Library/Developer/Xcode/DerivedData/ModuleCache.noindex -profile-generate -profile-coverage-mapping -swift-version 5 -enforce-exclusivity\=checked -Onone -D DEBUG -serialize-debugging-options -const-gather-protocols-file /Users/jacksonsweet/Library/Developer/Xcode/DerivedData/OPS-czavgtmnvamasvcjgszzuulfcsxj/Build/Intermediates.noindex/OPS.build/Debug-iphonesimulator/OPS.build/Objects-normal/arm64/OPS_const_extract_protocols.json -enable-experimental-feature DebugDescriptionMacro -enable-experimental-feature OpaqueTypeErasure -enable-bare-slash-regex -empty-abi-descriptor -validate-clang-modules-once -clang-build-session-file /Users/jacksonsweet/Library/Developer/Xcode/DerivedData/ModuleCache.noindex/Session.modulevalidation -Xcc -working-directory -Xcc /Users/jacksonsweet/Desktop/OPS\ APP/OPS -resource-dir /Applications/Xcode.app/Contents/Developer/Toolchains/XcodeDefault.xctoolchain/usr/lib/swift -enable-anonymous-context-mangled-names -file-compilation-dir /Users/jacksonsweet/Desktop/OPS\ APP/OPS -Xcc -D_LIBCPP_HARDENING_MODE\=_LIBCPP_HARDENING_MODE_DEBUG -Xcc -ivfsstatcache -Xcc /Users/jacksonsweet/Library/Developer/Xcode/DerivedData/SDKStatCaches.noindex/iphonesimulator18.2-22C146-07b28473f605e47e75261259d3ef3b5a.sdkstatcache -Xcc -I/Users/jacksonsweet/Library/Developer/Xcode/DerivedData/OPS-czavgtmnvamasvcjgszzuulfcsxj/Build/Intermediates.noindex/OPS.build/Debug-iphonesimulator/OPS.build/swift-overrides.hmap -Xcc -iquote -Xcc /Users/jacksonsweet/Library/Developer/Xcode/DerivedData/OPS-czavgtmnvamasvcjgszzuulfcsxj/Build/Intermediates.noindex/OPS.build/Debug-iphonesimulator/OPS.build/OPS-generated-files.hmap -Xcc -I/Users/jacksonsweet/Library/Developer/Xcode/DerivedData/OPS-czavgtmnvamasvcjgszzuulfcsxj/Build/Intermediates.noindex/OPS.build/Debug-iphonesimulator/OPS.build/OPS-own-target-headers.hmap -Xcc -I/Users/jacksonsweet/Library/Developer/Xcode/DerivedData/OPS-czavgtmnvamasvcjgszzuulfcsxj/Build/Intermediates.noindex/OPS.build/Debug-iphonesimulator/OPS.build/OPS-all-target-headers.hmap -Xcc -iquote -Xcc /Users/jacksonsweet/Library/Developer/Xcode/DerivedData/OPS-czavgtmnvamasvcjgszzuulfcsxj/Build/Intermediates.noindex/OPS.build/Debug-iphonesimulator/OPS.build/OPS-project-headers.hmap -Xcc -I/Users/jacksonsweet/Library/Developer/Xcode/DerivedData/OPS-czavgtmnvamasvcjgszzuulfcsxj/Build/Products/Debug-iphonesimulator/include -Xcc -I/Users/jacksonsweet/Library/Developer/Xcode/DerivedData/OPS-czavgtmnvamasvcjgszzuulfcsxj/Build/Intermediates.noindex/OPS.build/Debug-iphonesimulator/OPS.build/DerivedSources-normal/arm64 -Xcc -I/Users/jacksonsweet/Library/Developer/Xcode/DerivedData/OPS-czavgtmnvamasvcjgszzuulfcsxj/Build/Intermediates.noindex/OPS.build/Debug-iphonesimulator/OPS.build/DerivedSources/arm64 -Xcc -I/Users/jacksonsweet/Library/Developer/Xcode/DerivedData/OPS-czavgtmnvamasvcjgszzuulfcsxj/Build/Intermediates.noindex/OPS.build/Debug-iphonesimulator/OPS.build/DerivedSources -Xcc -DDEBUG\=1 -module-name OPS -frontend-parseable-output -disable-clang-spi -target-sdk-version 18.2 -target-sdk-name iphonesimulator18.2 -external-plugin-path /Applications/Xcode.app/Contents/Developer/Platforms/iPhoneOS.platform/Developer/usr/lib/swift/host/plugins\#/Applications/Xcode.app/Contents/Developer/Platforms/iPhoneOS.platform/Developer/usr/bin/swift-plugin-server -external-plugin-path /Applications/Xcode.app/Contents/Developer/Platforms/iPhoneOS.platform/Developer/usr/local/lib/swift/host/plugins\#/Applications/Xcode.app/Contents/Developer/Platforms/iPhoneOS.platform/Developer/usr/bin/swift-plugin-server -plugin-path /Applications/Xcode.app/Contents/Developer/Toolchains/XcodeDefault.xctoolchain/usr/lib/swift/host/plugins -plugin-path /Applications/Xcode.app/Contents/Developer/Toolchains/XcodeDefault.xctoolchain/usr/local/lib/swift/host/plugins -o /Users/jacksonsweet/Library/Developer/Xcode/DerivedData/OPS-czavgtmnvamasvcjgszzuulfcsxj/Build/Intermediates.noindex/OPS.build/Debug-iphonesimulator/OPS.build/Objects-normal/arm64/LoginView.o -o /Users/jacksonsweet/Library/Developer/Xcode/DerivedData/OPS-czavgtmnvamasvcjgszzuulfcsxj/Build/Intermediates.noindex/OPS.build/Debug-iphonesimulator/OPS.build/Objects-normal/arm64/LoginViewPreview.o -o /Users/jacksonsweet/Library/Developer/Xcode/DerivedData/OPS-czavgtmnvamasvcjgszzuulfcsxj/Build/Intermediates.noindex/OPS.build/Debug-iphonesimulator/OPS.build/Objects-normal/arm64/MainTabView.o -o /Users/jacksonsweet/Library/Developer/Xcode/DerivedData/OPS-czavgtmnvamasvcjgszzuulfcsxj/Build/Intermediates.noindex/OPS.build/Debug-iphonesimulator/OPS.build/Objects-normal/arm64/NetworkStatusIndicator.o -o /Users/jacksonsweet/Library/Developer/Xcode/DerivedData/OPS-czavgtmnvamasvcjgszzuulfcsxj/Build/Intermediates.noindex/OPS.build/Debug-iphonesimulator/OPS.build/Objects-normal/arm64/ScheduleView.o -o /Users/jacksonsweet/Library/Developer/Xcode/DerivedData/OPS-czavgtmnvamasvcjgszzuulfcsxj/Build/Intermediates.noindex/OPS.build/Debug-iphonesimulator/OPS.build/Objects-normal/arm64/SettingsView.o -o /Users/jacksonsweet/Library/Developer/Xcode/DerivedData/OPS-czavgtmnvamasvcjgszzuulfcsxj/Build/Intermediates.noindex/OPS.build/Debug-iphonesimulator/OPS.build/Objects-normal/arm64/SplashScreen.o -o /Users/jacksonsweet/Library/Developer/Xcode/DerivedData/OPS-czavgtmnvamasvcjgszzuulfcsxj/Build/Intermediates.noindex/OPS.build/Debug-iphonesimulator/OPS.build/Objects-normal/arm64/AppState.o -o /Users/jacksonsweet/Library/Developer/Xcode/DerivedData/OPS-czavgtmnvamasvcjgszzuulfcsxj/Build/Intermediates.noindex/OPS.build/Debug-iphonesimulator/OPS.build/Objects-normal/arm64/ContentView.o -o /Users/jacksonsweet/Library/Developer/Xcode/DerivedData/OPS-czavgtmnvamasvcjgszzuulfcsxj/Build/Intermediates.noindex/OPS.build/Debug-iphonesimulator/OPS.build/Objects-normal/arm64/Item.o -o /Users/jacksonsweet/Library/Developer/Xcode/DerivedData/OPS-czavgtmnvamasvcjgszzuulfcsxj/Build/Intermediates.noindex/OPS.build/Debug-iphonesimulator/OPS.build/Objects-normal/arm64/OPSApp.o -o /Users/jacksonsweet/Library/Developer/Xcode/DerivedData/OPS-czavgtmnvamasvcjgszzuulfcsxj/Build/Intermediates.noindex/OPS.build/Debug-iphonesimulator/OPS.build/Objects-normal/arm64/GeneratedAssetSymbols.o -index-unit-output-path /OPS.build/Debug-iphonesimulator/OPS.build/Objects-normal/arm64/LoginView.o -index-unit-output-path /OPS.build/Debug-iphonesimulator/OPS.build/Objects-normal/arm64/LoginViewPreview.o -index-unit-output-path /OPS.build/Debug-iphonesimulator/OPS.build/Objects-normal/arm64/MainTabView.o -index-unit-output-path /OPS.build/Debug-iphonesimulator/OPS.build/Objects-normal/arm64/NetworkStatusIndicator.o -index-unit-output-path /OPS.build/Debug-iphonesimulator/OPS.build/Objects-normal/arm64/ScheduleView.o -index-unit-output-path /OPS.build/Debug-iphonesimulator/OPS.build/Objects-normal/arm64/SettingsView.o -index-unit-output-path /OPS.build/Debug-iphonesimulator/OPS.build/Objects-normal/arm64/SplashScreen.o -index-unit-output-path /OPS.build/Debug-iphonesimulator/OPS.build/Objects-normal/arm64/AppState.o -index-unit-output-path /OPS.build/Debug-iphonesimulator/OPS.build/Objects-normal/arm64/ContentView.o -index-unit-output-path /OPS.build/Debug-iphonesimulator/OPS.build/Objects-normal/arm64/Item.o -index-unit-output-path /OPS.build/Debug-iphonesimulator/OPS.build/Objects-normal/arm64/OPSApp.o -index-unit-output-path /OPS.build/Debug-iphonesimulator/OPS.build/Objects-normal/arm64/GeneratedAssetSymbols.o -index-store-path /Users/jacksonsweet/Library/Developer/Xcode/DerivedData/OPS-czavgtmnvamasvcjgszzuulfcsxj/Index.noindex/DataStore -index-system-modules

SwiftCompile normal arm64 /Users/jacksonsweet/Desktop/OPS\ APP/OPS/OPS/ContentView.swift (in target 'OPS' from project 'OPS')
    cd /Users/jacksonsweet/Desktop/OPS\ APP/OPS
    /Applications/Xcode.app/Contents/Developer/Toolchains/XcodeDefault.xctoolchain/usr/bin/swift-frontend -c /Users/jacksonsweet/Desktop/OPS\ APP/OPS/OPS/DataModels/BubbleImage.swift /Users/jacksonsweet/Desktop/OPS\ APP/OPS/OPS/DataModels/BubbleTypes.swift /Users/jacksonsweet/Desktop/OPS\ APP/OPS/OPS/DataModels/Company.swift /Users/jacksonsweet/Desktop/OPS\ APP/OPS/OPS/DataModels/Project.swift /Users/jacksonsweet/Desktop/OPS\ APP/OPS/OPS/DataModels/Status.swift /Users/jacksonsweet/Desktop/OPS\ APP/OPS/OPS/DataModels/User.swift /Users/jacksonsweet/Desktop/OPS\ APP/OPS/OPS/DataModels/UserRole.swift /Users/jacksonsweet/Desktop/OPS\ APP/OPS/OPS/Extensions/UIImage+Extensions.swift /Users/jacksonsweet/Desktop/OPS\ APP/OPS/OPS/Network/API/APIError.swift /Users/jacksonsweet/Desktop/OPS\ APP/OPS/OPS/Network/API/APIService.swift /Users/jacksonsweet/Desktop/OPS\ APP/OPS/OPS/Network/API/BubbleFields.swift /Users/jacksonsweet/Desktop/OPS\ APP/OPS/OPS/Network/Auth/AuthError.swift /Users/jacksonsweet/Desktop/OPS\ APP/OPS/OPS/Network/Auth/AuthManager.swift /Users/jacksonsweet/Desktop/OPS\ APP/OPS/OPS/Network/Auth/KeychainManager.swift /Users/jacksonsweet/Desktop/OPS\ APP/OPS/OPS/Network/DTOs/CompanyDTO.swift /Users/jacksonsweet/Desktop/OPS\ APP/OPS/OPS/Network/DTOs/ProjectDTO.swift /Users/jacksonsweet/Desktop/OPS\ APP/OPS/OPS/Network/DTOs/UserDTO.swift /Users/jacksonsweet/Desktop/OPS\ APP/OPS/OPS/Network/Endpoints/CompanyEndpoints.swift /Users/jacksonsweet/Desktop/OPS\ APP/OPS/OPS/Network/Endpoints/ProjectEndpoints.swift /Users/jacksonsweet/Desktop/OPS\ APP/OPS/OPS/Network/Endpoints/UserEndpoints.swift /Users/jacksonsweet/Desktop/OPS\ APP/OPS/OPS/Network/Sync/BackgroundTaskManager.swift /Users/jacksonsweet/Desktop/OPS\ APP/OPS/OPS/Network/Sync/SyncManager.swift /Users/jacksonsweet/Desktop/OPS\ APP/OPS/OPS/Network/ConnectivityMonitor.swift /Users/jacksonsweet/Desktop/OPS\ APP/OPS/OPS/Network/ImageSyncManager.swift /Users/jacksonsweet/Desktop/OPS\ APP/OPS/OPS/Onboarding/Coordinators/OnboardingCoordinator.swift /Users/jacksonsweet/Desktop/OPS\ APP/OPS/OPS/Onboarding/Models/OnboardingModels.swift /Users/jacksonsweet/Desktop/OPS\ APP/OPS/OPS/Onboarding/Services/OnboardingService.swift /Users/jacksonsweet/Desktop/OPS\ APP/OPS/OPS/Onboarding/ViewModels/OnboardingViewModel.swift /Users/jacksonsweet/Desktop/OPS\ APP/OPS/OPS/Onboarding/Views/Components/OnboardingComponents.swift /Users/jacksonsweet/Desktop/OPS\ APP/OPS/OPS/Onboarding/Views/Screens/AccountCreatedView.swift /Users/jacksonsweet/Desktop/OPS\ APP/OPS/OPS/Onboarding/Views/Screens/CompanyCodeView.swift /Users/jacksonsweet/Desktop/OPS\ APP/OPS/OPS/Onboarding/Views/Screens/CompanyCodeViewPreview.swift /Users/jacksonsweet/Desktop/OPS\ APP/OPS/OPS/Onboarding/Views/Screens/CompletionView.swift /Users/jacksonsweet/Desktop/OPS\ APP/OPS/OPS/Onboarding/Views/Screens/CompletionViewPreview.swift /Users/jacksonsweet/Desktop/OPS\ APP/OPS/OPS/Onboarding/Views/Screens/EmailView.swift /Users/jacksonsweet/Desktop/OPS\ APP/OPS/OPS/Onboarding/Views/Screens/FieldSetupView.swift /Users/jacksonsweet/Desktop/OPS\ APP/OPS/OPS/Onboarding/Views/Screens/NotificationsView.swift /Users/jacksonsweet/Desktop/OPS\ APP/OPS/OPS/Onboarding/Views/Screens/NotificationsViewPreview.swift /Users/jacksonsweet/Desktop/OPS\ APP/OPS/OPS/Onboarding/Views/Screens/OrganizationJoinView.swift /Users/jacksonsweet/Desktop/OPS\ APP/OPS/OPS/Onboarding/Views/Screens/PasswordView.swift /Users/jacksonsweet/Desktop/OPS\ APP/OPS/OPS/Onboarding/Views/Screens/PasswordViewPreview.swift /Users/jacksonsweet/Desktop/OPS\ APP/OPS/OPS/Onboarding/Views/Screens/PermissionsView.swift /Users/jacksonsweet/Desktop/OPS\ APP/OPS/OPS/Onboarding/Views/Screens/PermissionsViewPreview.swift /Users/jacksonsweet/Desktop/OPS\ APP/OPS/OPS/Onboarding/Views/Screens/PhoneNumberView.swift /Users/jacksonsweet/Desktop/OPS\ APP/OPS/OPS/Onboarding/Views/Screens/PhoneNumberViewPreview.swift /Users/jacksonsweet/Desktop/OPS\ APP/OPS/OPS/Onboarding/Views/Screens/UserInfoView.swift /Users/jacksonsweet/Desktop/OPS\ APP/OPS/OPS/Onboarding/Views/Screens/UserInfoViewPreview.swift /Users/jacksonsweet/Desktop/OPS\ APP/OPS/OPS/Onboarding/Views/Screens/VerifyPhoneView.swift /Users/jacksonsweet/Desktop/OPS\ APP/OPS/OPS/Onboarding/Views/Screens/WelcomeCompanyView.swift /Users/jacksonsweet/Desktop/OPS\ APP/OPS/OPS/Onboarding/Views/Screens/WelcomeCompanyViewPreview.swift /Users/jacksonsweet/Desktop/OPS\ APP/OPS/OPS/Onboarding/Views/Screens/WelcomeView.swift /Users/jacksonsweet/Desktop/OPS\ APP/OPS/OPS/Onboarding/Views/Screens/WelcomeViewPreview.swift /Users/jacksonsweet/Desktop/OPS\ APP/OPS/OPS/Onboarding/Views/OnboardingContainerView.swift /Users/jacksonsweet/Desktop/OPS\ APP/OPS/OPS/Onboarding/Views/OnboardingFlowPreview.swift /Users/jacksonsweet/Desktop/OPS\ APP/OPS/OPS/Onboarding/Views/OnboardingPresenter.swift /Users/jacksonsweet/Desktop/OPS\ APP/OPS/OPS/Onboarding/Views/OnboardingPreviewHelpers.swift /Users/jacksonsweet/Desktop/OPS\ APP/OPS/OPS/Styles/OPSStyle.swift /Users/jacksonsweet/Desktop/OPS\ APP/OPS/OPS/Utilities/AppConfiguration.swift /Users/jacksonsweet/Desktop/OPS\ APP/OPS/OPS/Utilities/ArrayTransformer.swift /Users/jacksonsweet/Desktop/OPS\ APP/OPS/OPS/Utilities/DataController.swift /Users/jacksonsweet/Desktop/OPS\ APP/OPS/OPS/Utilities/Dateformatter\ +Bubble.swift /Users/jacksonsweet/Desktop/OPS\ APP/OPS/OPS/Utilities/DateHelper.swift /Users/jacksonsweet/Desktop/OPS\ APP/OPS/OPS/Utilities/FieldErrorHandler.swift /Users/jacksonsweet/Desktop/OPS\ APP/OPS/OPS/Utilities/ImageCache.swift /Users/jacksonsweet/Desktop/OPS\ APP/OPS/OPS/Utilities/ImageFileManager.swift /Users/jacksonsweet/Desktop/OPS\ APP/OPS/OPS/Utilities/InProgressManager.swift /Users/jacksonsweet/Desktop/OPS\ APP/OPS/OPS/Utilities/KeyboardDismissalModifier.swift /Users/jacksonsweet/Desktop/OPS\ APP/OPS/OPS/Utilities/LocationManager.swift /Users/jacksonsweet/Desktop/OPS\ APP/OPS/OPS/Utilities/OnboardingEnvironmentKey.swift /Users/jacksonsweet/Desktop/OPS\ APP/OPS/OPS/Utilities/SwiftDataHelper.swift /Users/jacksonsweet/Desktop/OPS\ APP/OPS/OPS/Utilities/UIComponents.swift /Users/jacksonsweet/Desktop/OPS\ APP/OPS/OPS/V2/CertificationsSettingsView.swift /Users/jacksonsweet/Desktop/OPS\ APP/OPS/OPS/ViewModels/CalendarViewModel.swift /Users/jacksonsweet/Desktop/OPS\ APP/OPS/OPS/ViewModels/ProjectsViewModel.swift /Users/jacksonsweet/Desktop/OPS\ APP/OPS/OPS/Views/Calendar\ Tab/Components/CalendarDaySelector.swift /Users/jacksonsweet/Desktop/OPS\ APP/OPS/OPS/Views/Calendar\ Tab/Components/CalendarHeaderView.swift /Users/jacksonsweet/Desktop/OPS\ APP/OPS/OPS/Views/Calendar\ Tab/Components/CalendarProjectCard.swift /Users/jacksonsweet/Desktop/OPS\ APP/OPS/OPS/Views/Calendar\ Tab/Components/CalendarToggleView.swift /Users/jacksonsweet/Desktop/OPS\ APP/OPS/OPS/Views/Calendar\ Tab/Components/DatePickerPopover.swift /Users/jacksonsweet/Desktop/OPS\ APP/OPS/OPS/Views/Calendar\ Tab/Components/DayCell.swift /Users/jacksonsweet/Desktop/OPS\ APP/OPS/OPS/Views/Calendar\ Tab/ProjectViews/DayProjectSheet.swift /Users/jacksonsweet/Desktop/OPS\ APP/OPS/OPS/Views/Calendar\ Tab/ProjectViews/ProjectListView.swift /Users/jacksonsweet/Desktop/OPS\ APP/OPS/OPS/Views/Calendar\ Tab/MonthGridView.swift /Users/jacksonsweet/Desktop/OPS\ APP/OPS/OPS/Views/Components/Common/AppHeader.swift /Users/jacksonsweet/Desktop/OPS\ APP/OPS/OPS/Views/Components/Common/ExpandableNotesView.swift /Users/jacksonsweet/Desktop/OPS\ APP/OPS/OPS/Views/Components/Common/LocationPermissionView.swift /Users/jacksonsweet/Desktop/OPS\ APP/OPS/OPS/Views/Components/Common/NavigationBanner.swift /Users/jacksonsweet/Desktop/OPS\ APP/OPS/OPS/Views/Components/Common/NavigationControlsView.swift /Users/jacksonsweet/Desktop/OPS\ APP/OPS/OPS/Views/Components/Common/TabBarBackground.swift /Users/jacksonsweet/Desktop/OPS\ APP/OPS/OPS/Views/Components/Images/ImagePicker.swift /Users/jacksonsweet/Desktop/OPS\ APP/OPS/OPS/Views/Components/Images/ImagePickerView.swift /Users/jacksonsweet/Desktop/OPS\ APP/OPS/OPS/Views/Components/Images/ProjectImagesSection.swift /Users/jacksonsweet/Desktop/OPS\ APP/OPS/OPS/Views/Components/Images/ProjectImagesSimple.swift /Users/jacksonsweet/Desktop/OPS\ APP/OPS/OPS/Views/Components/Images/ProjectImageView.swift /Users/jacksonsweet/Desktop/OPS\ APP/OPS/OPS/Views/Components/Images/ProjectPhotosGrid.swift /Users/jacksonsweet/Desktop/OPS\ APP/OPS/OPS/Views/Components/Map/MiniMapView.swift /Users/jacksonsweet/Desktop/OPS\ APP/OPS/OPS/Views/Components/Map/ProjectMapAnnotation.swift /Users/jacksonsweet/Desktop/OPS\ APP/OPS/OPS/Views/Components/Map/ProjectMapView.swift /Users/jacksonsweet/Desktop/OPS\ APP/OPS/OPS/Views/Components/Map/ProjectMarkerPopup.swift /Users/jacksonsweet/Desktop/OPS\ APP/OPS/OPS/Views/Components/Map/RouteDirectionsView.swift /Users/jacksonsweet/Desktop/OPS\ APP/OPS/OPS/Views/Components/Project/ProjectActionBar.swift /Users/jacksonsweet/Desktop/OPS\ APP/OPS/OPS/Views/Components/Project/ProjectCard.swift /Users/jacksonsweet/Desktop/OPS\ APP/OPS/OPS/Views/Components/Project/ProjectCarousel.swift /Users/jacksonsweet/Desktop/OPS\ APP/OPS/OPS/Views/Components/Project/ProjectDetailsView.swift /Users/jacksonsweet/Desktop/OPS\ APP/OPS/OPS/Views/Components/Project/ProjectHeader.swift /Users/jacksonsweet/Desktop/OPS\ APP/OPS/OPS/Views/Components/Project/ProjectSheetContainer.swift /Users/jacksonsweet/Desktop/OPS\ APP/OPS/OPS/Views/Components/User/TeamMemberListView.swift /Users/jacksonsweet/Desktop/OPS\ APP/OPS/OPS/Views/Components/User/UserProfileCard.swift /Users/jacksonsweet/Desktop/OPS\ APP/OPS/OPS/Views/Home/HomeContentView.swift /Users/jacksonsweet/Desktop/OPS\ APP/OPS/OPS/Views/Home/HomeView.swift /Users/jacksonsweet/Desktop/OPS\ APP/OPS/OPS/Views/Settings/OrganizationSettingsView.swift /Users/jacksonsweet/Desktop/OPS\ APP/OPS/OPS/Views/Settings/ProfileSettingsView.swift /Users/jacksonsweet/Desktop/OPS\ APP/OPS/OPS/Views/Settings/ProjectHistorySettingsView.swift -primary-file /Users/jacksonsweet/Desktop/OPS\ APP/OPS/OPS/Views/LoginView.swift -primary-file /Users/jacksonsweet/Desktop/OPS\ APP/OPS/OPS/Views/LoginViewPreview.swift -primary-file /Users/jacksonsweet/Desktop/OPS\ APP/OPS/OPS/Views/MainTabView.swift -primary-file /Users/jacksonsweet/Desktop/OPS\ APP/OPS/OPS/Views/NetworkStatusIndicator.swift -primary-file /Users/jacksonsweet/Desktop/OPS\ APP/OPS/OPS/Views/ScheduleView.swift -primary-file /Users/jacksonsweet/Desktop/OPS\ APP/OPS/OPS/Views/SettingsView.swift -primary-file /Users/jacksonsweet/Desktop/OPS\ APP/OPS/OPS/Views/SplashScreen.swift -primary-file /Users/jacksonsweet/Desktop/OPS\ APP/OPS/OPS/AppState.swift -primary-file /Users/jacksonsweet/Desktop/OPS\ APP/OPS/OPS/ContentView.swift -primary-file /Users/jacksonsweet/Desktop/OPS\ APP/OPS/OPS/Item.swift -primary-file /Users/jacksonsweet/Desktop/OPS\ APP/OPS/OPS/OPSApp.swift -primary-file /Users/jacksonsweet/Library/Developer/Xcode/DerivedData/OPS-czavgtmnvamasvcjgszzuulfcsxj/Build/Intermediates.noindex/OPS.build/Debug-iphonesimulator/OPS.build/DerivedSources/GeneratedAssetSymbols.swift -supplementary-output-file-map /Users/jacksonsweet/Library/Developer/Xcode/DerivedData/OPS-czavgtmnvamasvcjgszzuulfcsxj/Build/Intermediates.noindex/OPS.build/Debug-iphonesimulator/OPS.build/Objects-normal/arm64/supplementaryOutputs-10 -emit-localized-strings -emit-localized-strings-path /Users/jacksonsweet/Library/Developer/Xcode/DerivedData/OPS-czavgtmnvamasvcjgszzuulfcsxj/Build/Intermediates.noindex/OPS.build/Debug-iphonesimulator/OPS.build/Objects-normal/arm64 -target arm64-apple-ios18.2-simulator -Xllvm -aarch64-use-tbi -enable-objc-interop -sdk /Applications/Xcode.app/Contents/Developer/Platforms/iPhoneSimulator.platform/Developer/SDKs/iPhoneSimulator18.2.sdk -I /Users/jacksonsweet/Library/Developer/Xcode/DerivedData/OPS-czavgtmnvamasvcjgszzuulfcsxj/Build/Products/Debug-iphonesimulator -F /Users/jacksonsweet/Library/Developer/Xcode/DerivedData/OPS-czavgtmnvamasvcjgszzuulfcsxj/Build/Products/Debug-iphonesimulator -no-color-diagnostics -enable-testing -g -debug-info-format\=dwarf -dwarf-version\=5 -module-cache-path /Users/jacksonsweet/Library/Developer/Xcode/DerivedData/ModuleCache.noindex -profile-generate -profile-coverage-mapping -swift-version 5 -enforce-exclusivity\=checked -Onone -D DEBUG -serialize-debugging-options -const-gather-protocols-file /Users/jacksonsweet/Library/Developer/Xcode/DerivedData/OPS-czavgtmnvamasvcjgszzuulfcsxj/Build/Intermediates.noindex/OPS.build/Debug-iphonesimulator/OPS.build/Objects-normal/arm64/OPS_const_extract_protocols.json -enable-experimental-feature DebugDescriptionMacro -enable-experimental-feature OpaqueTypeErasure -enable-bare-slash-regex -empty-abi-descriptor -validate-clang-modules-once -clang-build-session-file /Users/jacksonsweet/Library/Developer/Xcode/DerivedData/ModuleCache.noindex/Session.modulevalidation -Xcc -working-directory -Xcc /Users/jacksonsweet/Desktop/OPS\ APP/OPS -resource-dir /Applications/Xcode.app/Contents/Developer/Toolchains/XcodeDefault.xctoolchain/usr/lib/swift -enable-anonymous-context-mangled-names -file-compilation-dir /Users/jacksonsweet/Desktop/OPS\ APP/OPS -Xcc -D_LIBCPP_HARDENING_MODE\=_LIBCPP_HARDENING_MODE_DEBUG -Xcc -ivfsstatcache -Xcc /Users/jacksonsweet/Library/Developer/Xcode/DerivedData/SDKStatCaches.noindex/iphonesimulator18.2-22C146-07b28473f605e47e75261259d3ef3b5a.sdkstatcache -Xcc -I/Users/jacksonsweet/Library/Developer/Xcode/DerivedData/OPS-czavgtmnvamasvcjgszzuulfcsxj/Build/Intermediates.noindex/OPS.build/Debug-iphonesimulator/OPS.build/swift-overrides.hmap -Xcc -iquote -Xcc /Users/jacksonsweet/Library/Developer/Xcode/DerivedData/OPS-czavgtmnvamasvcjgszzuulfcsxj/Build/Intermediates.noindex/OPS.build/Debug-iphonesimulator/OPS.build/OPS-generated-files.hmap -Xcc -I/Users/jacksonsweet/Library/Developer/Xcode/DerivedData/OPS-czavgtmnvamasvcjgszzuulfcsxj/Build/Intermediates.noindex/OPS.build/Debug-iphonesimulator/OPS.build/OPS-own-target-headers.hmap -Xcc -I/Users/jacksonsweet/Library/Developer/Xcode/DerivedData/OPS-czavgtmnvamasvcjgszzuulfcsxj/Build/Intermediates.noindex/OPS.build/Debug-iphonesimulator/OPS.build/OPS-all-target-headers.hmap -Xcc -iquote -Xcc /Users/jacksonsweet/Library/Developer/Xcode/DerivedData/OPS-czavgtmnvamasvcjgszzuulfcsxj/Build/Intermediates.noindex/OPS.build/Debug-iphonesimulator/OPS.build/OPS-project-headers.hmap -Xcc -I/Users/jacksonsweet/Library/Developer/Xcode/DerivedData/OPS-czavgtmnvamasvcjgszzuulfcsxj/Build/Products/Debug-iphonesimulator/include -Xcc -I/Users/jacksonsweet/Library/Developer/Xcode/DerivedData/OPS-czavgtmnvamasvcjgszzuulfcsxj/Build/Intermediates.noindex/OPS.build/Debug-iphonesimulator/OPS.build/DerivedSources-normal/arm64 -Xcc -I/Users/jacksonsweet/Library/Developer/Xcode/DerivedData/OPS-czavgtmnvamasvcjgszzuulfcsxj/Build/Intermediates.noindex/OPS.build/Debug-iphonesimulator/OPS.build/DerivedSources/arm64 -Xcc -I/Users/jacksonsweet/Library/Developer/Xcode/DerivedData/OPS-czavgtmnvamasvcjgszzuulfcsxj/Build/Intermediates.noindex/OPS.build/Debug-iphonesimulator/OPS.build/DerivedSources -Xcc -DDEBUG\=1 -module-name OPS -frontend-parseable-output -disable-clang-spi -target-sdk-version 18.2 -target-sdk-name iphonesimulator18.2 -external-plugin-path /Applications/Xcode.app/Contents/Developer/Platforms/iPhoneOS.platform/Developer/usr/lib/swift/host/plugins\#/Applications/Xcode.app/Contents/Developer/Platforms/iPhoneOS.platform/Developer/usr/bin/swift-plugin-server -external-plugin-path /Applications/Xcode.app/Contents/Developer/Platforms/iPhoneOS.platform/Developer/usr/local/lib/swift/host/plugins\#/Applications/Xcode.app/Contents/Developer/Platforms/iPhoneOS.platform/Developer/usr/bin/swift-plugin-server -plugin-path /Applications/Xcode.app/Contents/Developer/Toolchains/XcodeDefault.xctoolchain/usr/lib/swift/host/plugins -plugin-path /Applications/Xcode.app/Contents/Developer/Toolchains/XcodeDefault.xctoolchain/usr/local/lib/swift/host/plugins -o /Users/jacksonsweet/Library/Developer/Xcode/DerivedData/OPS-czavgtmnvamasvcjgszzuulfcsxj/Build/Intermediates.noindex/OPS.build/Debug-iphonesimulator/OPS.build/Objects-normal/arm64/LoginView.o -o /Users/jacksonsweet/Library/Developer/Xcode/DerivedData/OPS-czavgtmnvamasvcjgszzuulfcsxj/Build/Intermediates.noindex/OPS.build/Debug-iphonesimulator/OPS.build/Objects-normal/arm64/LoginViewPreview.o -o /Users/jacksonsweet/Library/Developer/Xcode/DerivedData/OPS-czavgtmnvamasvcjgszzuulfcsxj/Build/Intermediates.noindex/OPS.build/Debug-iphonesimulator/OPS.build/Objects-normal/arm64/MainTabView.o -o /Users/jacksonsweet/Library/Developer/Xcode/DerivedData/OPS-czavgtmnvamasvcjgszzuulfcsxj/Build/Intermediates.noindex/OPS.build/Debug-iphonesimulator/OPS.build/Objects-normal/arm64/NetworkStatusIndicator.o -o /Users/jacksonsweet/Library/Developer/Xcode/DerivedData/OPS-czavgtmnvamasvcjgszzuulfcsxj/Build/Intermediates.noindex/OPS.build/Debug-iphonesimulator/OPS.build/Objects-normal/arm64/ScheduleView.o -o /Users/jacksonsweet/Library/Developer/Xcode/DerivedData/OPS-czavgtmnvamasvcjgszzuulfcsxj/Build/Intermediates.noindex/OPS.build/Debug-iphonesimulator/OPS.build/Objects-normal/arm64/SettingsView.o -o /Users/jacksonsweet/Library/Developer/Xcode/DerivedData/OPS-czavgtmnvamasvcjgszzuulfcsxj/Build/Intermediates.noindex/OPS.build/Debug-iphonesimulator/OPS.build/Objects-normal/arm64/SplashScreen.o -o /Users/jacksonsweet/Library/Developer/Xcode/DerivedData/OPS-czavgtmnvamasvcjgszzuulfcsxj/Build/Intermediates.noindex/OPS.build/Debug-iphonesimulator/OPS.build/Objects-normal/arm64/AppState.o -o /Users/jacksonsweet/Library/Developer/Xcode/DerivedData/OPS-czavgtmnvamasvcjgszzuulfcsxj/Build/Intermediates.noindex/OPS.build/Debug-iphonesimulator/OPS.build/Objects-normal/arm64/ContentView.o -o /Users/jacksonsweet/Library/Developer/Xcode/DerivedData/OPS-czavgtmnvamasvcjgszzuulfcsxj/Build/Intermediates.noindex/OPS.build/Debug-iphonesimulator/OPS.build/Objects-normal/arm64/Item.o -o /Users/jacksonsweet/Library/Developer/Xcode/DerivedData/OPS-czavgtmnvamasvcjgszzuulfcsxj/Build/Intermediates.noindex/OPS.build/Debug-iphonesimulator/OPS.build/Objects-normal/arm64/OPSApp.o -o /Users/jacksonsweet/Library/Developer/Xcode/DerivedData/OPS-czavgtmnvamasvcjgszzuulfcsxj/Build/Intermediates.noindex/OPS.build/Debug-iphonesimulator/OPS.build/Objects-normal/arm64/GeneratedAssetSymbols.o -index-unit-output-path /OPS.build/Debug-iphonesimulator/OPS.build/Objects-normal/arm64/LoginView.o -index-unit-output-path /OPS.build/Debug-iphonesimulator/OPS.build/Objects-normal/arm64/LoginViewPreview.o -index-unit-output-path /OPS.build/Debug-iphonesimulator/OPS.build/Objects-normal/arm64/MainTabView.o -index-unit-output-path /OPS.build/Debug-iphonesimulator/OPS.build/Objects-normal/arm64/NetworkStatusIndicator.o -index-unit-output-path /OPS.build/Debug-iphonesimulator/OPS.build/Objects-normal/arm64/ScheduleView.o -index-unit-output-path /OPS.build/Debug-iphonesimulator/OPS.build/Objects-normal/arm64/SettingsView.o -index-unit-output-path /OPS.build/Debug-iphonesimulator/OPS.build/Objects-normal/arm64/SplashScreen.o -index-unit-output-path /OPS.build/Debug-iphonesimulator/OPS.build/Objects-normal/arm64/AppState.o -index-unit-output-path /OPS.build/Debug-iphonesimulator/OPS.build/Objects-normal/arm64/ContentView.o -index-unit-output-path /OPS.build/Debug-iphonesimulator/OPS.build/Objects-normal/arm64/Item.o -index-unit-output-path /OPS.build/Debug-iphonesimulator/OPS.build/Objects-normal/arm64/OPSApp.o -index-unit-output-path /OPS.build/Debug-iphonesimulator/OPS.build/Objects-normal/arm64/GeneratedAssetSymbols.o -index-store-path /Users/jacksonsweet/Library/Developer/Xcode/DerivedData/OPS-czavgtmnvamasvcjgszzuulfcsxj/Index.noindex/DataStore -index-system-modules

SwiftCompile normal arm64 /Users/jacksonsweet/Desktop/OPS\ APP/OPS/OPS/Item.swift (in target 'OPS' from project 'OPS')
    cd /Users/jacksonsweet/Desktop/OPS\ APP/OPS
    /Applications/Xcode.app/Contents/Developer/Toolchains/XcodeDefault.xctoolchain/usr/bin/swift-frontend -c /Users/jacksonsweet/Desktop/OPS\ APP/OPS/OPS/DataModels/BubbleImage.swift /Users/jacksonsweet/Desktop/OPS\ APP/OPS/OPS/DataModels/BubbleTypes.swift /Users/jacksonsweet/Desktop/OPS\ APP/OPS/OPS/DataModels/Company.swift /Users/jacksonsweet/Desktop/OPS\ APP/OPS/OPS/DataModels/Project.swift /Users/jacksonsweet/Desktop/OPS\ APP/OPS/OPS/DataModels/Status.swift /Users/jacksonsweet/Desktop/OPS\ APP/OPS/OPS/DataModels/User.swift /Users/jacksonsweet/Desktop/OPS\ APP/OPS/OPS/DataModels/UserRole.swift /Users/jacksonsweet/Desktop/OPS\ APP/OPS/OPS/Extensions/UIImage+Extensions.swift /Users/jacksonsweet/Desktop/OPS\ APP/OPS/OPS/Network/API/APIError.swift /Users/jacksonsweet/Desktop/OPS\ APP/OPS/OPS/Network/API/APIService.swift /Users/jacksonsweet/Desktop/OPS\ APP/OPS/OPS/Network/API/BubbleFields.swift /Users/jacksonsweet/Desktop/OPS\ APP/OPS/OPS/Network/Auth/AuthError.swift /Users/jacksonsweet/Desktop/OPS\ APP/OPS/OPS/Network/Auth/AuthManager.swift /Users/jacksonsweet/Desktop/OPS\ APP/OPS/OPS/Network/Auth/KeychainManager.swift /Users/jacksonsweet/Desktop/OPS\ APP/OPS/OPS/Network/DTOs/CompanyDTO.swift /Users/jacksonsweet/Desktop/OPS\ APP/OPS/OPS/Network/DTOs/ProjectDTO.swift /Users/jacksonsweet/Desktop/OPS\ APP/OPS/OPS/Network/DTOs/UserDTO.swift /Users/jacksonsweet/Desktop/OPS\ APP/OPS/OPS/Network/Endpoints/CompanyEndpoints.swift /Users/jacksonsweet/Desktop/OPS\ APP/OPS/OPS/Network/Endpoints/ProjectEndpoints.swift /Users/jacksonsweet/Desktop/OPS\ APP/OPS/OPS/Network/Endpoints/UserEndpoints.swift /Users/jacksonsweet/Desktop/OPS\ APP/OPS/OPS/Network/Sync/BackgroundTaskManager.swift /Users/jacksonsweet/Desktop/OPS\ APP/OPS/OPS/Network/Sync/SyncManager.swift /Users/jacksonsweet/Desktop/OPS\ APP/OPS/OPS/Network/ConnectivityMonitor.swift /Users/jacksonsweet/Desktop/OPS\ APP/OPS/OPS/Network/ImageSyncManager.swift /Users/jacksonsweet/Desktop/OPS\ APP/OPS/OPS/Onboarding/Coordinators/OnboardingCoordinator.swift /Users/jacksonsweet/Desktop/OPS\ APP/OPS/OPS/Onboarding/Models/OnboardingModels.swift /Users/jacksonsweet/Desktop/OPS\ APP/OPS/OPS/Onboarding/Services/OnboardingService.swift /Users/jacksonsweet/Desktop/OPS\ APP/OPS/OPS/Onboarding/ViewModels/OnboardingViewModel.swift /Users/jacksonsweet/Desktop/OPS\ APP/OPS/OPS/Onboarding/Views/Components/OnboardingComponents.swift /Users/jacksonsweet/Desktop/OPS\ APP/OPS/OPS/Onboarding/Views/Screens/AccountCreatedView.swift /Users/jacksonsweet/Desktop/OPS\ APP/OPS/OPS/Onboarding/Views/Screens/CompanyCodeView.swift /Users/jacksonsweet/Desktop/OPS\ APP/OPS/OPS/Onboarding/Views/Screens/CompanyCodeViewPreview.swift /Users/jacksonsweet/Desktop/OPS\ APP/OPS/OPS/Onboarding/Views/Screens/CompletionView.swift /Users/jacksonsweet/Desktop/OPS\ APP/OPS/OPS/Onboarding/Views/Screens/CompletionViewPreview.swift /Users/jacksonsweet/Desktop/OPS\ APP/OPS/OPS/Onboarding/Views/Screens/EmailView.swift /Users/jacksonsweet/Desktop/OPS\ APP/OPS/OPS/Onboarding/Views/Screens/FieldSetupView.swift /Users/jacksonsweet/Desktop/OPS\ APP/OPS/OPS/Onboarding/Views/Screens/NotificationsView.swift /Users/jacksonsweet/Desktop/OPS\ APP/OPS/OPS/Onboarding/Views/Screens/NotificationsViewPreview.swift /Users/jacksonsweet/Desktop/OPS\ APP/OPS/OPS/Onboarding/Views/Screens/OrganizationJoinView.swift /Users/jacksonsweet/Desktop/OPS\ APP/OPS/OPS/Onboarding/Views/Screens/PasswordView.swift /Users/jacksonsweet/Desktop/OPS\ APP/OPS/OPS/Onboarding/Views/Screens/PasswordViewPreview.swift /Users/jacksonsweet/Desktop/OPS\ APP/OPS/OPS/Onboarding/Views/Screens/PermissionsView.swift /Users/jacksonsweet/Desktop/OPS\ APP/OPS/OPS/Onboarding/Views/Screens/PermissionsViewPreview.swift /Users/jacksonsweet/Desktop/OPS\ APP/OPS/OPS/Onboarding/Views/Screens/PhoneNumberView.swift /Users/jacksonsweet/Desktop/OPS\ APP/OPS/OPS/Onboarding/Views/Screens/PhoneNumberViewPreview.swift /Users/jacksonsweet/Desktop/OPS\ APP/OPS/OPS/Onboarding/Views/Screens/UserInfoView.swift /Users/jacksonsweet/Desktop/OPS\ APP/OPS/OPS/Onboarding/Views/Screens/UserInfoViewPreview.swift /Users/jacksonsweet/Desktop/OPS\ APP/OPS/OPS/Onboarding/Views/Screens/VerifyPhoneView.swift /Users/jacksonsweet/Desktop/OPS\ APP/OPS/OPS/Onboarding/Views/Screens/WelcomeCompanyView.swift /Users/jacksonsweet/Desktop/OPS\ APP/OPS/OPS/Onboarding/Views/Screens/WelcomeCompanyViewPreview.swift /Users/jacksonsweet/Desktop/OPS\ APP/OPS/OPS/Onboarding/Views/Screens/WelcomeView.swift /Users/jacksonsweet/Desktop/OPS\ APP/OPS/OPS/Onboarding/Views/Screens/WelcomeViewPreview.swift /Users/jacksonsweet/Desktop/OPS\ APP/OPS/OPS/Onboarding/Views/OnboardingContainerView.swift /Users/jacksonsweet/Desktop/OPS\ APP/OPS/OPS/Onboarding/Views/OnboardingFlowPreview.swift /Users/jacksonsweet/Desktop/OPS\ APP/OPS/OPS/Onboarding/Views/OnboardingPresenter.swift /Users/jacksonsweet/Desktop/OPS\ APP/OPS/OPS/Onboarding/Views/OnboardingPreviewHelpers.swift /Users/jacksonsweet/Desktop/OPS\ APP/OPS/OPS/Styles/OPSStyle.swift /Users/jacksonsweet/Desktop/OPS\ APP/OPS/OPS/Utilities/AppConfiguration.swift /Users/jacksonsweet/Desktop/OPS\ APP/OPS/OPS/Utilities/ArrayTransformer.swift /Users/jacksonsweet/Desktop/OPS\ APP/OPS/OPS/Utilities/DataController.swift /Users/jacksonsweet/Desktop/OPS\ APP/OPS/OPS/Utilities/Dateformatter\ +Bubble.swift /Users/jacksonsweet/Desktop/OPS\ APP/OPS/OPS/Utilities/DateHelper.swift /Users/jacksonsweet/Desktop/OPS\ APP/OPS/OPS/Utilities/FieldErrorHandler.swift /Users/jacksonsweet/Desktop/OPS\ APP/OPS/OPS/Utilities/ImageCache.swift /Users/jacksonsweet/Desktop/OPS\ APP/OPS/OPS/Utilities/ImageFileManager.swift /Users/jacksonsweet/Desktop/OPS\ APP/OPS/OPS/Utilities/InProgressManager.swift /Users/jacksonsweet/Desktop/OPS\ APP/OPS/OPS/Utilities/KeyboardDismissalModifier.swift /Users/jacksonsweet/Desktop/OPS\ APP/OPS/OPS/Utilities/LocationManager.swift /Users/jacksonsweet/Desktop/OPS\ APP/OPS/OPS/Utilities/OnboardingEnvironmentKey.swift /Users/jacksonsweet/Desktop/OPS\ APP/OPS/OPS/Utilities/SwiftDataHelper.swift /Users/jacksonsweet/Desktop/OPS\ APP/OPS/OPS/Utilities/UIComponents.swift /Users/jacksonsweet/Desktop/OPS\ APP/OPS/OPS/V2/CertificationsSettingsView.swift /Users/jacksonsweet/Desktop/OPS\ APP/OPS/OPS/ViewModels/CalendarViewModel.swift /Users/jacksonsweet/Desktop/OPS\ APP/OPS/OPS/ViewModels/ProjectsViewModel.swift /Users/jacksonsweet/Desktop/OPS\ APP/OPS/OPS/Views/Calendar\ Tab/Components/CalendarDaySelector.swift /Users/jacksonsweet/Desktop/OPS\ APP/OPS/OPS/Views/Calendar\ Tab/Components/CalendarHeaderView.swift /Users/jacksonsweet/Desktop/OPS\ APP/OPS/OPS/Views/Calendar\ Tab/Components/CalendarProjectCard.swift /Users/jacksonsweet/Desktop/OPS\ APP/OPS/OPS/Views/Calendar\ Tab/Components/CalendarToggleView.swift /Users/jacksonsweet/Desktop/OPS\ APP/OPS/OPS/Views/Calendar\ Tab/Components/DatePickerPopover.swift /Users/jacksonsweet/Desktop/OPS\ APP/OPS/OPS/Views/Calendar\ Tab/Components/DayCell.swift /Users/jacksonsweet/Desktop/OPS\ APP/OPS/OPS/Views/Calendar\ Tab/ProjectViews/DayProjectSheet.swift /Users/jacksonsweet/Desktop/OPS\ APP/OPS/OPS/Views/Calendar\ Tab/ProjectViews/ProjectListView.swift /Users/jacksonsweet/Desktop/OPS\ APP/OPS/OPS/Views/Calendar\ Tab/MonthGridView.swift /Users/jacksonsweet/Desktop/OPS\ APP/OPS/OPS/Views/Components/Common/AppHeader.swift /Users/jacksonsweet/Desktop/OPS\ APP/OPS/OPS/Views/Components/Common/ExpandableNotesView.swift /Users/jacksonsweet/Desktop/OPS\ APP/OPS/OPS/Views/Components/Common/LocationPermissionView.swift /Users/jacksonsweet/Desktop/OPS\ APP/OPS/OPS/Views/Components/Common/NavigationBanner.swift /Users/jacksonsweet/Desktop/OPS\ APP/OPS/OPS/Views/Components/Common/NavigationControlsView.swift /Users/jacksonsweet/Desktop/OPS\ APP/OPS/OPS/Views/Components/Common/TabBarBackground.swift /Users/jacksonsweet/Desktop/OPS\ APP/OPS/OPS/Views/Components/Images/ImagePicker.swift /Users/jacksonsweet/Desktop/OPS\ APP/OPS/OPS/Views/Components/Images/ImagePickerView.swift /Users/jacksonsweet/Desktop/OPS\ APP/OPS/OPS/Views/Components/Images/ProjectImagesSection.swift /Users/jacksonsweet/Desktop/OPS\ APP/OPS/OPS/Views/Components/Images/ProjectImagesSimple.swift /Users/jacksonsweet/Desktop/OPS\ APP/OPS/OPS/Views/Components/Images/ProjectImageView.swift /Users/jacksonsweet/Desktop/OPS\ APP/OPS/OPS/Views/Components/Images/ProjectPhotosGrid.swift /Users/jacksonsweet/Desktop/OPS\ APP/OPS/OPS/Views/Components/Map/MiniMapView.swift /Users/jacksonsweet/Desktop/OPS\ APP/OPS/OPS/Views/Components/Map/ProjectMapAnnotation.swift /Users/jacksonsweet/Desktop/OPS\ APP/OPS/OPS/Views/Components/Map/ProjectMapView.swift /Users/jacksonsweet/Desktop/OPS\ APP/OPS/OPS/Views/Components/Map/ProjectMarkerPopup.swift /Users/jacksonsweet/Desktop/OPS\ APP/OPS/OPS/Views/Components/Map/RouteDirectionsView.swift /Users/jacksonsweet/Desktop/OPS\ APP/OPS/OPS/Views/Components/Project/ProjectActionBar.swift /Users/jacksonsweet/Desktop/OPS\ APP/OPS/OPS/Views/Components/Project/ProjectCard.swift /Users/jacksonsweet/Desktop/OPS\ APP/OPS/OPS/Views/Components/Project/ProjectCarousel.swift /Users/jacksonsweet/Desktop/OPS\ APP/OPS/OPS/Views/Components/Project/ProjectDetailsView.swift /Users/jacksonsweet/Desktop/OPS\ APP/OPS/OPS/Views/Components/Project/ProjectHeader.swift /Users/jacksonsweet/Desktop/OPS\ APP/OPS/OPS/Views/Components/Project/ProjectSheetContainer.swift /Users/jacksonsweet/Desktop/OPS\ APP/OPS/OPS/Views/Components/User/TeamMemberListView.swift /Users/jacksonsweet/Desktop/OPS\ APP/OPS/OPS/Views/Components/User/UserProfileCard.swift /Users/jacksonsweet/Desktop/OPS\ APP/OPS/OPS/Views/Home/HomeContentView.swift /Users/jacksonsweet/Desktop/OPS\ APP/OPS/OPS/Views/Home/HomeView.swift /Users/jacksonsweet/Desktop/OPS\ APP/OPS/OPS/Views/Settings/OrganizationSettingsView.swift /Users/jacksonsweet/Desktop/OPS\ APP/OPS/OPS/Views/Settings/ProfileSettingsView.swift /Users/jacksonsweet/Desktop/OPS\ APP/OPS/OPS/Views/Settings/ProjectHistorySettingsView.swift -primary-file /Users/jacksonsweet/Desktop/OPS\ APP/OPS/OPS/Views/LoginView.swift -primary-file /Users/jacksonsweet/Desktop/OPS\ APP/OPS/OPS/Views/LoginViewPreview.swift -primary-file /Users/jacksonsweet/Desktop/OPS\ APP/OPS/OPS/Views/MainTabView.swift -primary-file /Users/jacksonsweet/Desktop/OPS\ APP/OPS/OPS/Views/NetworkStatusIndicator.swift -primary-file /Users/jacksonsweet/Desktop/OPS\ APP/OPS/OPS/Views/ScheduleView.swift -primary-file /Users/jacksonsweet/Desktop/OPS\ APP/OPS/OPS/Views/SettingsView.swift -primary-file /Users/jacksonsweet/Desktop/OPS\ APP/OPS/OPS/Views/SplashScreen.swift -primary-file /Users/jacksonsweet/Desktop/OPS\ APP/OPS/OPS/AppState.swift -primary-file /Users/jacksonsweet/Desktop/OPS\ APP/OPS/OPS/ContentView.swift -primary-file /Users/jacksonsweet/Desktop/OPS\ APP/OPS/OPS/Item.swift -primary-file /Users/jacksonsweet/Desktop/OPS\ APP/OPS/OPS/OPSApp.swift -primary-file /Users/jacksonsweet/Library/Developer/Xcode/DerivedData/OPS-czavgtmnvamasvcjgszzuulfcsxj/Build/Intermediates.noindex/OPS.build/Debug-iphonesimulator/OPS.build/DerivedSources/GeneratedAssetSymbols.swift -supplementary-output-file-map /Users/jacksonsweet/Library/Developer/Xcode/DerivedData/OPS-czavgtmnvamasvcjgszzuulfcsxj/Build/Intermediates.noindex/OPS.build/Debug-iphonesimulator/OPS.build/Objects-normal/arm64/supplementaryOutputs-10 -emit-localized-strings -emit-localized-strings-path /Users/jacksonsweet/Library/Developer/Xcode/DerivedData/OPS-czavgtmnvamasvcjgszzuulfcsxj/Build/Intermediates.noindex/OPS.build/Debug-iphonesimulator/OPS.build/Objects-normal/arm64 -target arm64-apple-ios18.2-simulator -Xllvm -aarch64-use-tbi -enable-objc-interop -sdk /Applications/Xcode.app/Contents/Developer/Platforms/iPhoneSimulator.platform/Developer/SDKs/iPhoneSimulator18.2.sdk -I /Users/jacksonsweet/Library/Developer/Xcode/DerivedData/OPS-czavgtmnvamasvcjgszzuulfcsxj/Build/Products/Debug-iphonesimulator -F /Users/jacksonsweet/Library/Developer/Xcode/DerivedData/OPS-czavgtmnvamasvcjgszzuulfcsxj/Build/Products/Debug-iphonesimulator -no-color-diagnostics -enable-testing -g -debug-info-format\=dwarf -dwarf-version\=5 -module-cache-path /Users/jacksonsweet/Library/Developer/Xcode/DerivedData/ModuleCache.noindex -profile-generate -profile-coverage-mapping -swift-version 5 -enforce-exclusivity\=checked -Onone -D DEBUG -serialize-debugging-options -const-gather-protocols-file /Users/jacksonsweet/Library/Developer/Xcode/DerivedData/OPS-czavgtmnvamasvcjgszzuulfcsxj/Build/Intermediates.noindex/OPS.build/Debug-iphonesimulator/OPS.build/Objects-normal/arm64/OPS_const_extract_protocols.json -enable-experimental-feature DebugDescriptionMacro -enable-experimental-feature OpaqueTypeErasure -enable-bare-slash-regex -empty-abi-descriptor -validate-clang-modules-once -clang-build-session-file /Users/jacksonsweet/Library/Developer/Xcode/DerivedData/ModuleCache.noindex/Session.modulevalidation -Xcc -working-directory -Xcc /Users/jacksonsweet/Desktop/OPS\ APP/OPS -resource-dir /Applications/Xcode.app/Contents/Developer/Toolchains/XcodeDefault.xctoolchain/usr/lib/swift -enable-anonymous-context-mangled-names -file-compilation-dir /Users/jacksonsweet/Desktop/OPS\ APP/OPS -Xcc -D_LIBCPP_HARDENING_MODE\=_LIBCPP_HARDENING_MODE_DEBUG -Xcc -ivfsstatcache -Xcc /Users/jacksonsweet/Library/Developer/Xcode/DerivedData/SDKStatCaches.noindex/iphonesimulator18.2-22C146-07b28473f605e47e75261259d3ef3b5a.sdkstatcache -Xcc -I/Users/jacksonsweet/Library/Developer/Xcode/DerivedData/OPS-czavgtmnvamasvcjgszzuulfcsxj/Build/Intermediates.noindex/OPS.build/Debug-iphonesimulator/OPS.build/swift-overrides.hmap -Xcc -iquote -Xcc /Users/jacksonsweet/Library/Developer/Xcode/DerivedData/OPS-czavgtmnvamasvcjgszzuulfcsxj/Build/Intermediates.noindex/OPS.build/Debug-iphonesimulator/OPS.build/OPS-generated-files.hmap -Xcc -I/Users/jacksonsweet/Library/Developer/Xcode/DerivedData/OPS-czavgtmnvamasvcjgszzuulfcsxj/Build/Intermediates.noindex/OPS.build/Debug-iphonesimulator/OPS.build/OPS-own-target-headers.hmap -Xcc -I/Users/jacksonsweet/Library/Developer/Xcode/DerivedData/OPS-czavgtmnvamasvcjgszzuulfcsxj/Build/Intermediates.noindex/OPS.build/Debug-iphonesimulator/OPS.build/OPS-all-target-headers.hmap -Xcc -iquote -Xcc /Users/jacksonsweet/Library/Developer/Xcode/DerivedData/OPS-czavgtmnvamasvcjgszzuulfcsxj/Build/Intermediates.noindex/OPS.build/Debug-iphonesimulator/OPS.build/OPS-project-headers.hmap -Xcc -I/Users/jacksonsweet/Library/Developer/Xcode/DerivedData/OPS-czavgtmnvamasvcjgszzuulfcsxj/Build/Products/Debug-iphonesimulator/include -Xcc -I/Users/jacksonsweet/Library/Developer/Xcode/DerivedData/OPS-czavgtmnvamasvcjgszzuulfcsxj/Build/Intermediates.noindex/OPS.build/Debug-iphonesimulator/OPS.build/DerivedSources-normal/arm64 -Xcc -I/Users/jacksonsweet/Library/Developer/Xcode/DerivedData/OPS-czavgtmnvamasvcjgszzuulfcsxj/Build/Intermediates.noindex/OPS.build/Debug-iphonesimulator/OPS.build/DerivedSources/arm64 -Xcc -I/Users/jacksonsweet/Library/Developer/Xcode/DerivedData/OPS-czavgtmnvamasvcjgszzuulfcsxj/Build/Intermediates.noindex/OPS.build/Debug-iphonesimulator/OPS.build/DerivedSources -Xcc -DDEBUG\=1 -module-name OPS -frontend-parseable-output -disable-clang-spi -target-sdk-version 18.2 -target-sdk-name iphonesimulator18.2 -external-plugin-path /Applications/Xcode.app/Contents/Developer/Platforms/iPhoneOS.platform/Developer/usr/lib/swift/host/plugins\#/Applications/Xcode.app/Contents/Developer/Platforms/iPhoneOS.platform/Developer/usr/bin/swift-plugin-server -external-plugin-path /Applications/Xcode.app/Contents/Developer/Platforms/iPhoneOS.platform/Developer/usr/local/lib/swift/host/plugins\#/Applications/Xcode.app/Contents/Developer/Platforms/iPhoneOS.platform/Developer/usr/bin/swift-plugin-server -plugin-path /Applications/Xcode.app/Contents/Developer/Toolchains/XcodeDefault.xctoolchain/usr/lib/swift/host/plugins -plugin-path /Applications/Xcode.app/Contents/Developer/Toolchains/XcodeDefault.xctoolchain/usr/local/lib/swift/host/plugins -o /Users/jacksonsweet/Library/Developer/Xcode/DerivedData/OPS-czavgtmnvamasvcjgszzuulfcsxj/Build/Intermediates.noindex/OPS.build/Debug-iphonesimulator/OPS.build/Objects-normal/arm64/LoginView.o -o /Users/jacksonsweet/Library/Developer/Xcode/DerivedData/OPS-czavgtmnvamasvcjgszzuulfcsxj/Build/Intermediates.noindex/OPS.build/Debug-iphonesimulator/OPS.build/Objects-normal/arm64/LoginViewPreview.o -o /Users/jacksonsweet/Library/Developer/Xcode/DerivedData/OPS-czavgtmnvamasvcjgszzuulfcsxj/Build/Intermediates.noindex/OPS.build/Debug-iphonesimulator/OPS.build/Objects-normal/arm64/MainTabView.o -o /Users/jacksonsweet/Library/Developer/Xcode/DerivedData/OPS-czavgtmnvamasvcjgszzuulfcsxj/Build/Intermediates.noindex/OPS.build/Debug-iphonesimulator/OPS.build/Objects-normal/arm64/NetworkStatusIndicator.o -o /Users/jacksonsweet/Library/Developer/Xcode/DerivedData/OPS-czavgtmnvamasvcjgszzuulfcsxj/Build/Intermediates.noindex/OPS.build/Debug-iphonesimulator/OPS.build/Objects-normal/arm64/ScheduleView.o -o /Users/jacksonsweet/Library/Developer/Xcode/DerivedData/OPS-czavgtmnvamasvcjgszzuulfcsxj/Build/Intermediates.noindex/OPS.build/Debug-iphonesimulator/OPS.build/Objects-normal/arm64/SettingsView.o -o /Users/jacksonsweet/Library/Developer/Xcode/DerivedData/OPS-czavgtmnvamasvcjgszzuulfcsxj/Build/Intermediates.noindex/OPS.build/Debug-iphonesimulator/OPS.build/Objects-normal/arm64/SplashScreen.o -o /Users/jacksonsweet/Library/Developer/Xcode/DerivedData/OPS-czavgtmnvamasvcjgszzuulfcsxj/Build/Intermediates.noindex/OPS.build/Debug-iphonesimulator/OPS.build/Objects-normal/arm64/AppState.o -o /Users/jacksonsweet/Library/Developer/Xcode/DerivedData/OPS-czavgtmnvamasvcjgszzuulfcsxj/Build/Intermediates.noindex/OPS.build/Debug-iphonesimulator/OPS.build/Objects-normal/arm64/ContentView.o -o /Users/jacksonsweet/Library/Developer/Xcode/DerivedData/OPS-czavgtmnvamasvcjgszzuulfcsxj/Build/Intermediates.noindex/OPS.build/Debug-iphonesimulator/OPS.build/Objects-normal/arm64/Item.o -o /Users/jacksonsweet/Library/Developer/Xcode/DerivedData/OPS-czavgtmnvamasvcjgszzuulfcsxj/Build/Intermediates.noindex/OPS.build/Debug-iphonesimulator/OPS.build/Objects-normal/arm64/OPSApp.o -o /Users/jacksonsweet/Library/Developer/Xcode/DerivedData/OPS-czavgtmnvamasvcjgszzuulfcsxj/Build/Intermediates.noindex/OPS.build/Debug-iphonesimulator/OPS.build/Objects-normal/arm64/GeneratedAssetSymbols.o -index-unit-output-path /OPS.build/Debug-iphonesimulator/OPS.build/Objects-normal/arm64/LoginView.o -index-unit-output-path /OPS.build/Debug-iphonesimulator/OPS.build/Objects-normal/arm64/LoginViewPreview.o -index-unit-output-path /OPS.build/Debug-iphonesimulator/OPS.build/Objects-normal/arm64/MainTabView.o -index-unit-output-path /OPS.build/Debug-iphonesimulator/OPS.build/Objects-normal/arm64/NetworkStatusIndicator.o -index-unit-output-path /OPS.build/Debug-iphonesimulator/OPS.build/Objects-normal/arm64/ScheduleView.o -index-unit-output-path /OPS.build/Debug-iphonesimulator/OPS.build/Objects-normal/arm64/SettingsView.o -index-unit-output-path /OPS.build/Debug-iphonesimulator/OPS.build/Objects-normal/arm64/SplashScreen.o -index-unit-output-path /OPS.build/Debug-iphonesimulator/OPS.build/Objects-normal/arm64/AppState.o -index-unit-output-path /OPS.build/Debug-iphonesimulator/OPS.build/Objects-normal/arm64/ContentView.o -index-unit-output-path /OPS.build/Debug-iphonesimulator/OPS.build/Objects-normal/arm64/Item.o -index-unit-output-path /OPS.build/Debug-iphonesimulator/OPS.build/Objects-normal/arm64/OPSApp.o -index-unit-output-path /OPS.build/Debug-iphonesimulator/OPS.build/Objects-normal/arm64/GeneratedAssetSymbols.o -index-store-path /Users/jacksonsweet/Library/Developer/Xcode/DerivedData/OPS-czavgtmnvamasvcjgszzuulfcsxj/Index.noindex/DataStore -index-system-modules

SwiftCompile normal arm64 /Users/jacksonsweet/Desktop/OPS\ APP/OPS/OPS/OPSApp.swift (in target 'OPS' from project 'OPS')
    cd /Users/jacksonsweet/Desktop/OPS\ APP/OPS
    /Applications/Xcode.app/Contents/Developer/Toolchains/XcodeDefault.xctoolchain/usr/bin/swift-frontend -c /Users/jacksonsweet/Desktop/OPS\ APP/OPS/OPS/DataModels/BubbleImage.swift /Users/jacksonsweet/Desktop/OPS\ APP/OPS/OPS/DataModels/BubbleTypes.swift /Users/jacksonsweet/Desktop/OPS\ APP/OPS/OPS/DataModels/Company.swift /Users/jacksonsweet/Desktop/OPS\ APP/OPS/OPS/DataModels/Project.swift /Users/jacksonsweet/Desktop/OPS\ APP/OPS/OPS/DataModels/Status.swift /Users/jacksonsweet/Desktop/OPS\ APP/OPS/OPS/DataModels/User.swift /Users/jacksonsweet/Desktop/OPS\ APP/OPS/OPS/DataModels/UserRole.swift /Users/jacksonsweet/Desktop/OPS\ APP/OPS/OPS/Extensions/UIImage+Extensions.swift /Users/jacksonsweet/Desktop/OPS\ APP/OPS/OPS/Network/API/APIError.swift /Users/jacksonsweet/Desktop/OPS\ APP/OPS/OPS/Network/API/APIService.swift /Users/jacksonsweet/Desktop/OPS\ APP/OPS/OPS/Network/API/BubbleFields.swift /Users/jacksonsweet/Desktop/OPS\ APP/OPS/OPS/Network/Auth/AuthError.swift /Users/jacksonsweet/Desktop/OPS\ APP/OPS/OPS/Network/Auth/AuthManager.swift /Users/jacksonsweet/Desktop/OPS\ APP/OPS/OPS/Network/Auth/KeychainManager.swift /Users/jacksonsweet/Desktop/OPS\ APP/OPS/OPS/Network/DTOs/CompanyDTO.swift /Users/jacksonsweet/Desktop/OPS\ APP/OPS/OPS/Network/DTOs/ProjectDTO.swift /Users/jacksonsweet/Desktop/OPS\ APP/OPS/OPS/Network/DTOs/UserDTO.swift /Users/jacksonsweet/Desktop/OPS\ APP/OPS/OPS/Network/Endpoints/CompanyEndpoints.swift /Users/jacksonsweet/Desktop/OPS\ APP/OPS/OPS/Network/Endpoints/ProjectEndpoints.swift /Users/jacksonsweet/Desktop/OPS\ APP/OPS/OPS/Network/Endpoints/UserEndpoints.swift /Users/jacksonsweet/Desktop/OPS\ APP/OPS/OPS/Network/Sync/BackgroundTaskManager.swift /Users/jacksonsweet/Desktop/OPS\ APP/OPS/OPS/Network/Sync/SyncManager.swift /Users/jacksonsweet/Desktop/OPS\ APP/OPS/OPS/Network/ConnectivityMonitor.swift /Users/jacksonsweet/Desktop/OPS\ APP/OPS/OPS/Network/ImageSyncManager.swift /Users/jacksonsweet/Desktop/OPS\ APP/OPS/OPS/Onboarding/Coordinators/OnboardingCoordinator.swift /Users/jacksonsweet/Desktop/OPS\ APP/OPS/OPS/Onboarding/Models/OnboardingModels.swift /Users/jacksonsweet/Desktop/OPS\ APP/OPS/OPS/Onboarding/Services/OnboardingService.swift /Users/jacksonsweet/Desktop/OPS\ APP/OPS/OPS/Onboarding/ViewModels/OnboardingViewModel.swift /Users/jacksonsweet/Desktop/OPS\ APP/OPS/OPS/Onboarding/Views/Components/OnboardingComponents.swift /Users/jacksonsweet/Desktop/OPS\ APP/OPS/OPS/Onboarding/Views/Screens/AccountCreatedView.swift /Users/jacksonsweet/Desktop/OPS\ APP/OPS/OPS/Onboarding/Views/Screens/CompanyCodeView.swift /Users/jacksonsweet/Desktop/OPS\ APP/OPS/OPS/Onboarding/Views/Screens/CompanyCodeViewPreview.swift /Users/jacksonsweet/Desktop/OPS\ APP/OPS/OPS/Onboarding/Views/Screens/CompletionView.swift /Users/jacksonsweet/Desktop/OPS\ APP/OPS/OPS/Onboarding/Views/Screens/CompletionViewPreview.swift /Users/jacksonsweet/Desktop/OPS\ APP/OPS/OPS/Onboarding/Views/Screens/EmailView.swift /Users/jacksonsweet/Desktop/OPS\ APP/OPS/OPS/Onboarding/Views/Screens/FieldSetupView.swift /Users/jacksonsweet/Desktop/OPS\ APP/OPS/OPS/Onboarding/Views/Screens/NotificationsView.swift /Users/jacksonsweet/Desktop/OPS\ APP/OPS/OPS/Onboarding/Views/Screens/NotificationsViewPreview.swift /Users/jacksonsweet/Desktop/OPS\ APP/OPS/OPS/Onboarding/Views/Screens/OrganizationJoinView.swift /Users/jacksonsweet/Desktop/OPS\ APP/OPS/OPS/Onboarding/Views/Screens/PasswordView.swift /Users/jacksonsweet/Desktop/OPS\ APP/OPS/OPS/Onboarding/Views/Screens/PasswordViewPreview.swift /Users/jacksonsweet/Desktop/OPS\ APP/OPS/OPS/Onboarding/Views/Screens/PermissionsView.swift /Users/jacksonsweet/Desktop/OPS\ APP/OPS/OPS/Onboarding/Views/Screens/PermissionsViewPreview.swift /Users/jacksonsweet/Desktop/OPS\ APP/OPS/OPS/Onboarding/Views/Screens/PhoneNumberView.swift /Users/jacksonsweet/Desktop/OPS\ APP/OPS/OPS/Onboarding/Views/Screens/PhoneNumberViewPreview.swift /Users/jacksonsweet/Desktop/OPS\ APP/OPS/OPS/Onboarding/Views/Screens/UserInfoView.swift /Users/jacksonsweet/Desktop/OPS\ APP/OPS/OPS/Onboarding/Views/Screens/UserInfoViewPreview.swift /Users/jacksonsweet/Desktop/OPS\ APP/OPS/OPS/Onboarding/Views/Screens/VerifyPhoneView.swift /Users/jacksonsweet/Desktop/OPS\ APP/OPS/OPS/Onboarding/Views/Screens/WelcomeCompanyView.swift /Users/jacksonsweet/Desktop/OPS\ APP/OPS/OPS/Onboarding/Views/Screens/WelcomeCompanyViewPreview.swift /Users/jacksonsweet/Desktop/OPS\ APP/OPS/OPS/Onboarding/Views/Screens/WelcomeView.swift /Users/jacksonsweet/Desktop/OPS\ APP/OPS/OPS/Onboarding/Views/Screens/WelcomeViewPreview.swift /Users/jacksonsweet/Desktop/OPS\ APP/OPS/OPS/Onboarding/Views/OnboardingContainerView.swift /Users/jacksonsweet/Desktop/OPS\ APP/OPS/OPS/Onboarding/Views/OnboardingFlowPreview.swift /Users/jacksonsweet/Desktop/OPS\ APP/OPS/OPS/Onboarding/Views/OnboardingPresenter.swift /Users/jacksonsweet/Desktop/OPS\ APP/OPS/OPS/Onboarding/Views/OnboardingPreviewHelpers.swift /Users/jacksonsweet/Desktop/OPS\ APP/OPS/OPS/Styles/OPSStyle.swift /Users/jacksonsweet/Desktop/OPS\ APP/OPS/OPS/Utilities/AppConfiguration.swift /Users/jacksonsweet/Desktop/OPS\ APP/OPS/OPS/Utilities/ArrayTransformer.swift /Users/jacksonsweet/Desktop/OPS\ APP/OPS/OPS/Utilities/DataController.swift /Users/jacksonsweet/Desktop/OPS\ APP/OPS/OPS/Utilities/Dateformatter\ +Bubble.swift /Users/jacksonsweet/Desktop/OPS\ APP/OPS/OPS/Utilities/DateHelper.swift /Users/jacksonsweet/Desktop/OPS\ APP/OPS/OPS/Utilities/FieldErrorHandler.swift /Users/jacksonsweet/Desktop/OPS\ APP/OPS/OPS/Utilities/ImageCache.swift /Users/jacksonsweet/Desktop/OPS\ APP/OPS/OPS/Utilities/ImageFileManager.swift /Users/jacksonsweet/Desktop/OPS\ APP/OPS/OPS/Utilities/InProgressManager.swift /Users/jacksonsweet/Desktop/OPS\ APP/OPS/OPS/Utilities/KeyboardDismissalModifier.swift /Users/jacksonsweet/Desktop/OPS\ APP/OPS/OPS/Utilities/LocationManager.swift /Users/jacksonsweet/Desktop/OPS\ APP/OPS/OPS/Utilities/OnboardingEnvironmentKey.swift /Users/jacksonsweet/Desktop/OPS\ APP/OPS/OPS/Utilities/SwiftDataHelper.swift /Users/jacksonsweet/Desktop/OPS\ APP/OPS/OPS/Utilities/UIComponents.swift /Users/jacksonsweet/Desktop/OPS\ APP/OPS/OPS/V2/CertificationsSettingsView.swift /Users/jacksonsweet/Desktop/OPS\ APP/OPS/OPS/ViewModels/CalendarViewModel.swift /Users/jacksonsweet/Desktop/OPS\ APP/OPS/OPS/ViewModels/ProjectsViewModel.swift /Users/jacksonsweet/Desktop/OPS\ APP/OPS/OPS/Views/Calendar\ Tab/Components/CalendarDaySelector.swift /Users/jacksonsweet/Desktop/OPS\ APP/OPS/OPS/Views/Calendar\ Tab/Components/CalendarHeaderView.swift /Users/jacksonsweet/Desktop/OPS\ APP/OPS/OPS/Views/Calendar\ Tab/Components/CalendarProjectCard.swift /Users/jacksonsweet/Desktop/OPS\ APP/OPS/OPS/Views/Calendar\ Tab/Components/CalendarToggleView.swift /Users/jacksonsweet/Desktop/OPS\ APP/OPS/OPS/Views/Calendar\ Tab/Components/DatePickerPopover.swift /Users/jacksonsweet/Desktop/OPS\ APP/OPS/OPS/Views/Calendar\ Tab/Components/DayCell.swift /Users/jacksonsweet/Desktop/OPS\ APP/OPS/OPS/Views/Calendar\ Tab/ProjectViews/DayProjectSheet.swift /Users/jacksonsweet/Desktop/OPS\ APP/OPS/OPS/Views/Calendar\ Tab/ProjectViews/ProjectListView.swift /Users/jacksonsweet/Desktop/OPS\ APP/OPS/OPS/Views/Calendar\ Tab/MonthGridView.swift /Users/jacksonsweet/Desktop/OPS\ APP/OPS/OPS/Views/Components/Common/AppHeader.swift /Users/jacksonsweet/Desktop/OPS\ APP/OPS/OPS/Views/Components/Common/ExpandableNotesView.swift /Users/jacksonsweet/Desktop/OPS\ APP/OPS/OPS/Views/Components/Common/LocationPermissionView.swift /Users/jacksonsweet/Desktop/OPS\ APP/OPS/OPS/Views/Components/Common/NavigationBanner.swift /Users/jacksonsweet/Desktop/OPS\ APP/OPS/OPS/Views/Components/Common/NavigationControlsView.swift /Users/jacksonsweet/Desktop/OPS\ APP/OPS/OPS/Views/Components/Common/TabBarBackground.swift /Users/jacksonsweet/Desktop/OPS\ APP/OPS/OPS/Views/Components/Images/ImagePicker.swift /Users/jacksonsweet/Desktop/OPS\ APP/OPS/OPS/Views/Components/Images/ImagePickerView.swift /Users/jacksonsweet/Desktop/OPS\ APP/OPS/OPS/Views/Components/Images/ProjectImagesSection.swift /Users/jacksonsweet/Desktop/OPS\ APP/OPS/OPS/Views/Components/Images/ProjectImagesSimple.swift /Users/jacksonsweet/Desktop/OPS\ APP/OPS/OPS/Views/Components/Images/ProjectImageView.swift /Users/jacksonsweet/Desktop/OPS\ APP/OPS/OPS/Views/Components/Images/ProjectPhotosGrid.swift /Users/jacksonsweet/Desktop/OPS\ APP/OPS/OPS/Views/Components/Map/MiniMapView.swift /Users/jacksonsweet/Desktop/OPS\ APP/OPS/OPS/Views/Components/Map/ProjectMapAnnotation.swift /Users/jacksonsweet/Desktop/OPS\ APP/OPS/OPS/Views/Components/Map/ProjectMapView.swift /Users/jacksonsweet/Desktop/OPS\ APP/OPS/OPS/Views/Components/Map/ProjectMarkerPopup.swift /Users/jacksonsweet/Desktop/OPS\ APP/OPS/OPS/Views/Components/Map/RouteDirectionsView.swift /Users/jacksonsweet/Desktop/OPS\ APP/OPS/OPS/Views/Components/Project/ProjectActionBar.swift /Users/jacksonsweet/Desktop/OPS\ APP/OPS/OPS/Views/Components/Project/ProjectCard.swift /Users/jacksonsweet/Desktop/OPS\ APP/OPS/OPS/Views/Components/Project/ProjectCarousel.swift /Users/jacksonsweet/Desktop/OPS\ APP/OPS/OPS/Views/Components/Project/ProjectDetailsView.swift /Users/jacksonsweet/Desktop/OPS\ APP/OPS/OPS/Views/Components/Project/ProjectHeader.swift /Users/jacksonsweet/Desktop/OPS\ APP/OPS/OPS/Views/Components/Project/ProjectSheetContainer.swift /Users/jacksonsweet/Desktop/OPS\ APP/OPS/OPS/Views/Components/User/TeamMemberListView.swift /Users/jacksonsweet/Desktop/OPS\ APP/OPS/OPS/Views/Components/User/UserProfileCard.swift /Users/jacksonsweet/Desktop/OPS\ APP/OPS/OPS/Views/Home/HomeContentView.swift /Users/jacksonsweet/Desktop/OPS\ APP/OPS/OPS/Views/Home/HomeView.swift /Users/jacksonsweet/Desktop/OPS\ APP/OPS/OPS/Views/Settings/OrganizationSettingsView.swift /Users/jacksonsweet/Desktop/OPS\ APP/OPS/OPS/Views/Settings/ProfileSettingsView.swift /Users/jacksonsweet/Desktop/OPS\ APP/OPS/OPS/Views/Settings/ProjectHistorySettingsView.swift -primary-file /Users/jacksonsweet/Desktop/OPS\ APP/OPS/OPS/Views/LoginView.swift -primary-file /Users/jacksonsweet/Desktop/OPS\ APP/OPS/OPS/Views/LoginViewPreview.swift -primary-file /Users/jacksonsweet/Desktop/OPS\ APP/OPS/OPS/Views/MainTabView.swift -primary-file /Users/jacksonsweet/Desktop/OPS\ APP/OPS/OPS/Views/NetworkStatusIndicator.swift -primary-file /Users/jacksonsweet/Desktop/OPS\ APP/OPS/OPS/Views/ScheduleView.swift -primary-file /Users/jacksonsweet/Desktop/OPS\ APP/OPS/OPS/Views/SettingsView.swift -primary-file /Users/jacksonsweet/Desktop/OPS\ APP/OPS/OPS/Views/SplashScreen.swift -primary-file /Users/jacksonsweet/Desktop/OPS\ APP/OPS/OPS/AppState.swift -primary-file /Users/jacksonsweet/Desktop/OPS\ APP/OPS/OPS/ContentView.swift -primary-file /Users/jacksonsweet/Desktop/OPS\ APP/OPS/OPS/Item.swift -primary-file /Users/jacksonsweet/Desktop/OPS\ APP/OPS/OPS/OPSApp.swift -primary-file /Users/jacksonsweet/Library/Developer/Xcode/DerivedData/OPS-czavgtmnvamasvcjgszzuulfcsxj/Build/Intermediates.noindex/OPS.build/Debug-iphonesimulator/OPS.build/DerivedSources/GeneratedAssetSymbols.swift -supplementary-output-file-map /Users/jacksonsweet/Library/Developer/Xcode/DerivedData/OPS-czavgtmnvamasvcjgszzuulfcsxj/Build/Intermediates.noindex/OPS.build/Debug-iphonesimulator/OPS.build/Objects-normal/arm64/supplementaryOutputs-10 -emit-localized-strings -emit-localized-strings-path /Users/jacksonsweet/Library/Developer/Xcode/DerivedData/OPS-czavgtmnvamasvcjgszzuulfcsxj/Build/Intermediates.noindex/OPS.build/Debug-iphonesimulator/OPS.build/Objects-normal/arm64 -target arm64-apple-ios18.2-simulator -Xllvm -aarch64-use-tbi -enable-objc-interop -sdk /Applications/Xcode.app/Contents/Developer/Platforms/iPhoneSimulator.platform/Developer/SDKs/iPhoneSimulator18.2.sdk -I /Users/jacksonsweet/Library/Developer/Xcode/DerivedData/OPS-czavgtmnvamasvcjgszzuulfcsxj/Build/Products/Debug-iphonesimulator -F /Users/jacksonsweet/Library/Developer/Xcode/DerivedData/OPS-czavgtmnvamasvcjgszzuulfcsxj/Build/Products/Debug-iphonesimulator -no-color-diagnostics -enable-testing -g -debug-info-format\=dwarf -dwarf-version\=5 -module-cache-path /Users/jacksonsweet/Library/Developer/Xcode/DerivedData/ModuleCache.noindex -profile-generate -profile-coverage-mapping -swift-version 5 -enforce-exclusivity\=checked -Onone -D DEBUG -serialize-debugging-options -const-gather-protocols-file /Users/jacksonsweet/Library/Developer/Xcode/DerivedData/OPS-czavgtmnvamasvcjgszzuulfcsxj/Build/Intermediates.noindex/OPS.build/Debug-iphonesimulator/OPS.build/Objects-normal/arm64/OPS_const_extract_protocols.json -enable-experimental-feature DebugDescriptionMacro -enable-experimental-feature OpaqueTypeErasure -enable-bare-slash-regex -empty-abi-descriptor -validate-clang-modules-once -clang-build-session-file /Users/jacksonsweet/Library/Developer/Xcode/DerivedData/ModuleCache.noindex/Session.modulevalidation -Xcc -working-directory -Xcc /Users/jacksonsweet/Desktop/OPS\ APP/OPS -resource-dir /Applications/Xcode.app/Contents/Developer/Toolchains/XcodeDefault.xctoolchain/usr/lib/swift -enable-anonymous-context-mangled-names -file-compilation-dir /Users/jacksonsweet/Desktop/OPS\ APP/OPS -Xcc -D_LIBCPP_HARDENING_MODE\=_LIBCPP_HARDENING_MODE_DEBUG -Xcc -ivfsstatcache -Xcc /Users/jacksonsweet/Library/Developer/Xcode/DerivedData/SDKStatCaches.noindex/iphonesimulator18.2-22C146-07b28473f605e47e75261259d3ef3b5a.sdkstatcache -Xcc -I/Users/jacksonsweet/Library/Developer/Xcode/DerivedData/OPS-czavgtmnvamasvcjgszzuulfcsxj/Build/Intermediates.noindex/OPS.build/Debug-iphonesimulator/OPS.build/swift-overrides.hmap -Xcc -iquote -Xcc /Users/jacksonsweet/Library/Developer/Xcode/DerivedData/OPS-czavgtmnvamasvcjgszzuulfcsxj/Build/Intermediates.noindex/OPS.build/Debug-iphonesimulator/OPS.build/OPS-generated-files.hmap -Xcc -I/Users/jacksonsweet/Library/Developer/Xcode/DerivedData/OPS-czavgtmnvamasvcjgszzuulfcsxj/Build/Intermediates.noindex/OPS.build/Debug-iphonesimulator/OPS.build/OPS-own-target-headers.hmap -Xcc -I/Users/jacksonsweet/Library/Developer/Xcode/DerivedData/OPS-czavgtmnvamasvcjgszzuulfcsxj/Build/Intermediates.noindex/OPS.build/Debug-iphonesimulator/OPS.build/OPS-all-target-headers.hmap -Xcc -iquote -Xcc /Users/jacksonsweet/Library/Developer/Xcode/DerivedData/OPS-czavgtmnvamasvcjgszzuulfcsxj/Build/Intermediates.noindex/OPS.build/Debug-iphonesimulator/OPS.build/OPS-project-headers.hmap -Xcc -I/Users/jacksonsweet/Library/Developer/Xcode/DerivedData/OPS-czavgtmnvamasvcjgszzuulfcsxj/Build/Products/Debug-iphonesimulator/include -Xcc -I/Users/jacksonsweet/Library/Developer/Xcode/DerivedData/OPS-czavgtmnvamasvcjgszzuulfcsxj/Build/Intermediates.noindex/OPS.build/Debug-iphonesimulator/OPS.build/DerivedSources-normal/arm64 -Xcc -I/Users/jacksonsweet/Library/Developer/Xcode/DerivedData/OPS-czavgtmnvamasvcjgszzuulfcsxj/Build/Intermediates.noindex/OPS.build/Debug-iphonesimulator/OPS.build/DerivedSources/arm64 -Xcc -I/Users/jacksonsweet/Library/Developer/Xcode/DerivedData/OPS-czavgtmnvamasvcjgszzuulfcsxj/Build/Intermediates.noindex/OPS.build/Debug-iphonesimulator/OPS.build/DerivedSources -Xcc -DDEBUG\=1 -module-name OPS -frontend-parseable-output -disable-clang-spi -target-sdk-version 18.2 -target-sdk-name iphonesimulator18.2 -external-plugin-path /Applications/Xcode.app/Contents/Developer/Platforms/iPhoneOS.platform/Developer/usr/lib/swift/host/plugins\#/Applications/Xcode.app/Contents/Developer/Platforms/iPhoneOS.platform/Developer/usr/bin/swift-plugin-server -external-plugin-path /Applications/Xcode.app/Contents/Developer/Platforms/iPhoneOS.platform/Developer/usr/local/lib/swift/host/plugins\#/Applications/Xcode.app/Contents/Developer/Platforms/iPhoneOS.platform/Developer/usr/bin/swift-plugin-server -plugin-path /Applications/Xcode.app/Contents/Developer/Toolchains/XcodeDefault.xctoolchain/usr/lib/swift/host/plugins -plugin-path /Applications/Xcode.app/Contents/Developer/Toolchains/XcodeDefault.xctoolchain/usr/local/lib/swift/host/plugins -o /Users/jacksonsweet/Library/Developer/Xcode/DerivedData/OPS-czavgtmnvamasvcjgszzuulfcsxj/Build/Intermediates.noindex/OPS.build/Debug-iphonesimulator/OPS.build/Objects-normal/arm64/LoginView.o -o /Users/jacksonsweet/Library/Developer/Xcode/DerivedData/OPS-czavgtmnvamasvcjgszzuulfcsxj/Build/Intermediates.noindex/OPS.build/Debug-iphonesimulator/OPS.build/Objects-normal/arm64/LoginViewPreview.o -o /Users/jacksonsweet/Library/Developer/Xcode/DerivedData/OPS-czavgtmnvamasvcjgszzuulfcsxj/Build/Intermediates.noindex/OPS.build/Debug-iphonesimulator/OPS.build/Objects-normal/arm64/MainTabView.o -o /Users/jacksonsweet/Library/Developer/Xcode/DerivedData/OPS-czavgtmnvamasvcjgszzuulfcsxj/Build/Intermediates.noindex/OPS.build/Debug-iphonesimulator/OPS.build/Objects-normal/arm64/NetworkStatusIndicator.o -o /Users/jacksonsweet/Library/Developer/Xcode/DerivedData/OPS-czavgtmnvamasvcjgszzuulfcsxj/Build/Intermediates.noindex/OPS.build/Debug-iphonesimulator/OPS.build/Objects-normal/arm64/ScheduleView.o -o /Users/jacksonsweet/Library/Developer/Xcode/DerivedData/OPS-czavgtmnvamasvcjgszzuulfcsxj/Build/Intermediates.noindex/OPS.build/Debug-iphonesimulator/OPS.build/Objects-normal/arm64/SettingsView.o -o /Users/jacksonsweet/Library/Developer/Xcode/DerivedData/OPS-czavgtmnvamasvcjgszzuulfcsxj/Build/Intermediates.noindex/OPS.build/Debug-iphonesimulator/OPS.build/Objects-normal/arm64/SplashScreen.o -o /Users/jacksonsweet/Library/Developer/Xcode/DerivedData/OPS-czavgtmnvamasvcjgszzuulfcsxj/Build/Intermediates.noindex/OPS.build/Debug-iphonesimulator/OPS.build/Objects-normal/arm64/AppState.o -o /Users/jacksonsweet/Library/Developer/Xcode/DerivedData/OPS-czavgtmnvamasvcjgszzuulfcsxj/Build/Intermediates.noindex/OPS.build/Debug-iphonesimulator/OPS.build/Objects-normal/arm64/ContentView.o -o /Users/jacksonsweet/Library/Developer/Xcode/DerivedData/OPS-czavgtmnvamasvcjgszzuulfcsxj/Build/Intermediates.noindex/OPS.build/Debug-iphonesimulator/OPS.build/Objects-normal/arm64/Item.o -o /Users/jacksonsweet/Library/Developer/Xcode/DerivedData/OPS-czavgtmnvamasvcjgszzuulfcsxj/Build/Intermediates.noindex/OPS.build/Debug-iphonesimulator/OPS.build/Objects-normal/arm64/OPSApp.o -o /Users/jacksonsweet/Library/Developer/Xcode/DerivedData/OPS-czavgtmnvamasvcjgszzuulfcsxj/Build/Intermediates.noindex/OPS.build/Debug-iphonesimulator/OPS.build/Objects-normal/arm64/GeneratedAssetSymbols.o -index-unit-output-path /OPS.build/Debug-iphonesimulator/OPS.build/Objects-normal/arm64/LoginView.o -index-unit-output-path /OPS.build/Debug-iphonesimulator/OPS.build/Objects-normal/arm64/LoginViewPreview.o -index-unit-output-path /OPS.build/Debug-iphonesimulator/OPS.build/Objects-normal/arm64/MainTabView.o -index-unit-output-path /OPS.build/Debug-iphonesimulator/OPS.build/Objects-normal/arm64/NetworkStatusIndicator.o -index-unit-output-path /OPS.build/Debug-iphonesimulator/OPS.build/Objects-normal/arm64/ScheduleView.o -index-unit-output-path /OPS.build/Debug-iphonesimulator/OPS.build/Objects-normal/arm64/SettingsView.o -index-unit-output-path /OPS.build/Debug-iphonesimulator/OPS.build/Objects-normal/arm64/SplashScreen.o -index-unit-output-path /OPS.build/Debug-iphonesimulator/OPS.build/Objects-normal/arm64/AppState.o -index-unit-output-path /OPS.build/Debug-iphonesimulator/OPS.build/Objects-normal/arm64/ContentView.o -index-unit-output-path /OPS.build/Debug-iphonesimulator/OPS.build/Objects-normal/arm64/Item.o -index-unit-output-path /OPS.build/Debug-iphonesimulator/OPS.build/Objects-normal/arm64/OPSApp.o -index-unit-output-path /OPS.build/Debug-iphonesimulator/OPS.build/Objects-normal/arm64/GeneratedAssetSymbols.o -index-store-path /Users/jacksonsweet/Library/Developer/Xcode/DerivedData/OPS-czavgtmnvamasvcjgszzuulfcsxj/Index.noindex/DataStore -index-system-modules

SwiftCompile normal arm64 /Users/jacksonsweet/Library/Developer/Xcode/DerivedData/OPS-czavgtmnvamasvcjgszzuulfcsxj/Build/Intermediates.noindex/OPS.build/Debug-iphonesimulator/OPS.build/DerivedSources/GeneratedAssetSymbols.swift (in target 'OPS' from project 'OPS')
    cd /Users/jacksonsweet/Desktop/OPS\ APP/OPS
    /Applications/Xcode.app/Contents/Developer/Toolchains/XcodeDefault.xctoolchain/usr/bin/swift-frontend -c /Users/jacksonsweet/Desktop/OPS\ APP/OPS/OPS/DataModels/BubbleImage.swift /Users/jacksonsweet/Desktop/OPS\ APP/OPS/OPS/DataModels/BubbleTypes.swift /Users/jacksonsweet/Desktop/OPS\ APP/OPS/OPS/DataModels/Company.swift /Users/jacksonsweet/Desktop/OPS\ APP/OPS/OPS/DataModels/Project.swift /Users/jacksonsweet/Desktop/OPS\ APP/OPS/OPS/DataModels/Status.swift /Users/jacksonsweet/Desktop/OPS\ APP/OPS/OPS/DataModels/User.swift /Users/jacksonsweet/Desktop/OPS\ APP/OPS/OPS/DataModels/UserRole.swift /Users/jacksonsweet/Desktop/OPS\ APP/OPS/OPS/Extensions/UIImage+Extensions.swift /Users/jacksonsweet/Desktop/OPS\ APP/OPS/OPS/Network/API/APIError.swift /Users/jacksonsweet/Desktop/OPS\ APP/OPS/OPS/Network/API/APIService.swift /Users/jacksonsweet/Desktop/OPS\ APP/OPS/OPS/Network/API/BubbleFields.swift /Users/jacksonsweet/Desktop/OPS\ APP/OPS/OPS/Network/Auth/AuthError.swift /Users/jacksonsweet/Desktop/OPS\ APP/OPS/OPS/Network/Auth/AuthManager.swift /Users/jacksonsweet/Desktop/OPS\ APP/OPS/OPS/Network/Auth/KeychainManager.swift /Users/jacksonsweet/Desktop/OPS\ APP/OPS/OPS/Network/DTOs/CompanyDTO.swift /Users/jacksonsweet/Desktop/OPS\ APP/OPS/OPS/Network/DTOs/ProjectDTO.swift /Users/jacksonsweet/Desktop/OPS\ APP/OPS/OPS/Network/DTOs/UserDTO.swift /Users/jacksonsweet/Desktop/OPS\ APP/OPS/OPS/Network/Endpoints/CompanyEndpoints.swift /Users/jacksonsweet/Desktop/OPS\ APP/OPS/OPS/Network/Endpoints/ProjectEndpoints.swift /Users/jacksonsweet/Desktop/OPS\ APP/OPS/OPS/Network/Endpoints/UserEndpoints.swift /Users/jacksonsweet/Desktop/OPS\ APP/OPS/OPS/Network/Sync/BackgroundTaskManager.swift /Users/jacksonsweet/Desktop/OPS\ APP/OPS/OPS/Network/Sync/SyncManager.swift /Users/jacksonsweet/Desktop/OPS\ APP/OPS/OPS/Network/ConnectivityMonitor.swift /Users/jacksonsweet/Desktop/OPS\ APP/OPS/OPS/Network/ImageSyncManager.swift /Users/jacksonsweet/Desktop/OPS\ APP/OPS/OPS/Onboarding/Coordinators/OnboardingCoordinator.swift /Users/jacksonsweet/Desktop/OPS\ APP/OPS/OPS/Onboarding/Models/OnboardingModels.swift /Users/jacksonsweet/Desktop/OPS\ APP/OPS/OPS/Onboarding/Services/OnboardingService.swift /Users/jacksonsweet/Desktop/OPS\ APP/OPS/OPS/Onboarding/ViewModels/OnboardingViewModel.swift /Users/jacksonsweet/Desktop/OPS\ APP/OPS/OPS/Onboarding/Views/Components/OnboardingComponents.swift /Users/jacksonsweet/Desktop/OPS\ APP/OPS/OPS/Onboarding/Views/Screens/AccountCreatedView.swift /Users/jacksonsweet/Desktop/OPS\ APP/OPS/OPS/Onboarding/Views/Screens/CompanyCodeView.swift /Users/jacksonsweet/Desktop/OPS\ APP/OPS/OPS/Onboarding/Views/Screens/CompanyCodeViewPreview.swift /Users/jacksonsweet/Desktop/OPS\ APP/OPS/OPS/Onboarding/Views/Screens/CompletionView.swift /Users/jacksonsweet/Desktop/OPS\ APP/OPS/OPS/Onboarding/Views/Screens/CompletionViewPreview.swift /Users/jacksonsweet/Desktop/OPS\ APP/OPS/OPS/Onboarding/Views/Screens/EmailView.swift /Users/jacksonsweet/Desktop/OPS\ APP/OPS/OPS/Onboarding/Views/Screens/FieldSetupView.swift /Users/jacksonsweet/Desktop/OPS\ APP/OPS/OPS/Onboarding/Views/Screens/NotificationsView.swift /Users/jacksonsweet/Desktop/OPS\ APP/OPS/OPS/Onboarding/Views/Screens/NotificationsViewPreview.swift /Users/jacksonsweet/Desktop/OPS\ APP/OPS/OPS/Onboarding/Views/Screens/OrganizationJoinView.swift /Users/jacksonsweet/Desktop/OPS\ APP/OPS/OPS/Onboarding/Views/Screens/PasswordView.swift /Users/jacksonsweet/Desktop/OPS\ APP/OPS/OPS/Onboarding/Views/Screens/PasswordViewPreview.swift /Users/jacksonsweet/Desktop/OPS\ APP/OPS/OPS/Onboarding/Views/Screens/PermissionsView.swift /Users/jacksonsweet/Desktop/OPS\ APP/OPS/OPS/Onboarding/Views/Screens/PermissionsViewPreview.swift /Users/jacksonsweet/Desktop/OPS\ APP/OPS/OPS/Onboarding/Views/Screens/PhoneNumberView.swift /Users/jacksonsweet/Desktop/OPS\ APP/OPS/OPS/Onboarding/Views/Screens/PhoneNumberViewPreview.swift /Users/jacksonsweet/Desktop/OPS\ APP/OPS/OPS/Onboarding/Views/Screens/UserInfoView.swift /Users/jacksonsweet/Desktop/OPS\ APP/OPS/OPS/Onboarding/Views/Screens/UserInfoViewPreview.swift /Users/jacksonsweet/Desktop/OPS\ APP/OPS/OPS/Onboarding/Views/Screens/VerifyPhoneView.swift /Users/jacksonsweet/Desktop/OPS\ APP/OPS/OPS/Onboarding/Views/Screens/WelcomeCompanyView.swift /Users/jacksonsweet/Desktop/OPS\ APP/OPS/OPS/Onboarding/Views/Screens/WelcomeCompanyViewPreview.swift /Users/jacksonsweet/Desktop/OPS\ APP/OPS/OPS/Onboarding/Views/Screens/WelcomeView.swift /Users/jacksonsweet/Desktop/OPS\ APP/OPS/OPS/Onboarding/Views/Screens/WelcomeViewPreview.swift /Users/jacksonsweet/Desktop/OPS\ APP/OPS/OPS/Onboarding/Views/OnboardingContainerView.swift /Users/jacksonsweet/Desktop/OPS\ APP/OPS/OPS/Onboarding/Views/OnboardingFlowPreview.swift /Users/jacksonsweet/Desktop/OPS\ APP/OPS/OPS/Onboarding/Views/OnboardingPresenter.swift /Users/jacksonsweet/Desktop/OPS\ APP/OPS/OPS/Onboarding/Views/OnboardingPreviewHelpers.swift /Users/jacksonsweet/Desktop/OPS\ APP/OPS/OPS/Styles/OPSStyle.swift /Users/jacksonsweet/Desktop/OPS\ APP/OPS/OPS/Utilities/AppConfiguration.swift /Users/jacksonsweet/Desktop/OPS\ APP/OPS/OPS/Utilities/ArrayTransformer.swift /Users/jacksonsweet/Desktop/OPS\ APP/OPS/OPS/Utilities/DataController.swift /Users/jacksonsweet/Desktop/OPS\ APP/OPS/OPS/Utilities/Dateformatter\ +Bubble.swift /Users/jacksonsweet/Desktop/OPS\ APP/OPS/OPS/Utilities/DateHelper.swift /Users/jacksonsweet/Desktop/OPS\ APP/OPS/OPS/Utilities/FieldErrorHandler.swift /Users/jacksonsweet/Desktop/OPS\ APP/OPS/OPS/Utilities/ImageCache.swift /Users/jacksonsweet/Desktop/OPS\ APP/OPS/OPS/Utilities/ImageFileManager.swift /Users/jacksonsweet/Desktop/OPS\ APP/OPS/OPS/Utilities/InProgressManager.swift /Users/jacksonsweet/Desktop/OPS\ APP/OPS/OPS/Utilities/KeyboardDismissalModifier.swift /Users/jacksonsweet/Desktop/OPS\ APP/OPS/OPS/Utilities/LocationManager.swift /Users/jacksonsweet/Desktop/OPS\ APP/OPS/OPS/Utilities/OnboardingEnvironmentKey.swift /Users/jacksonsweet/Desktop/OPS\ APP/OPS/OPS/Utilities/SwiftDataHelper.swift /Users/jacksonsweet/Desktop/OPS\ APP/OPS/OPS/Utilities/UIComponents.swift /Users/jacksonsweet/Desktop/OPS\ APP/OPS/OPS/V2/CertificationsSettingsView.swift /Users/jacksonsweet/Desktop/OPS\ APP/OPS/OPS/ViewModels/CalendarViewModel.swift /Users/jacksonsweet/Desktop/OPS\ APP/OPS/OPS/ViewModels/ProjectsViewModel.swift /Users/jacksonsweet/Desktop/OPS\ APP/OPS/OPS/Views/Calendar\ Tab/Components/CalendarDaySelector.swift /Users/jacksonsweet/Desktop/OPS\ APP/OPS/OPS/Views/Calendar\ Tab/Components/CalendarHeaderView.swift /Users/jacksonsweet/Desktop/OPS\ APP/OPS/OPS/Views/Calendar\ Tab/Components/CalendarProjectCard.swift /Users/jacksonsweet/Desktop/OPS\ APP/OPS/OPS/Views/Calendar\ Tab/Components/CalendarToggleView.swift /Users/jacksonsweet/Desktop/OPS\ APP/OPS/OPS/Views/Calendar\ Tab/Components/DatePickerPopover.swift /Users/jacksonsweet/Desktop/OPS\ APP/OPS/OPS/Views/Calendar\ Tab/Components/DayCell.swift /Users/jacksonsweet/Desktop/OPS\ APP/OPS/OPS/Views/Calendar\ Tab/ProjectViews/DayProjectSheet.swift /Users/jacksonsweet/Desktop/OPS\ APP/OPS/OPS/Views/Calendar\ Tab/ProjectViews/ProjectListView.swift /Users/jacksonsweet/Desktop/OPS\ APP/OPS/OPS/Views/Calendar\ Tab/MonthGridView.swift /Users/jacksonsweet/Desktop/OPS\ APP/OPS/OPS/Views/Components/Common/AppHeader.swift /Users/jacksonsweet/Desktop/OPS\ APP/OPS/OPS/Views/Components/Common/ExpandableNotesView.swift /Users/jacksonsweet/Desktop/OPS\ APP/OPS/OPS/Views/Components/Common/LocationPermissionView.swift /Users/jacksonsweet/Desktop/OPS\ APP/OPS/OPS/Views/Components/Common/NavigationBanner.swift /Users/jacksonsweet/Desktop/OPS\ APP/OPS/OPS/Views/Components/Common/NavigationControlsView.swift /Users/jacksonsweet/Desktop/OPS\ APP/OPS/OPS/Views/Components/Common/TabBarBackground.swift /Users/jacksonsweet/Desktop/OPS\ APP/OPS/OPS/Views/Components/Images/ImagePicker.swift /Users/jacksonsweet/Desktop/OPS\ APP/OPS/OPS/Views/Components/Images/ImagePickerView.swift /Users/jacksonsweet/Desktop/OPS\ APP/OPS/OPS/Views/Components/Images/ProjectImagesSection.swift /Users/jacksonsweet/Desktop/OPS\ APP/OPS/OPS/Views/Components/Images/ProjectImagesSimple.swift /Users/jacksonsweet/Desktop/OPS\ APP/OPS/OPS/Views/Components/Images/ProjectImageView.swift /Users/jacksonsweet/Desktop/OPS\ APP/OPS/OPS/Views/Components/Images/ProjectPhotosGrid.swift /Users/jacksonsweet/Desktop/OPS\ APP/OPS/OPS/Views/Components/Map/MiniMapView.swift /Users/jacksonsweet/Desktop/OPS\ APP/OPS/OPS/Views/Components/Map/ProjectMapAnnotation.swift /Users/jacksonsweet/Desktop/OPS\ APP/OPS/OPS/Views/Components/Map/ProjectMapView.swift /Users/jacksonsweet/Desktop/OPS\ APP/OPS/OPS/Views/Components/Map/ProjectMarkerPopup.swift /Users/jacksonsweet/Desktop/OPS\ APP/OPS/OPS/Views/Components/Map/RouteDirectionsView.swift /Users/jacksonsweet/Desktop/OPS\ APP/OPS/OPS/Views/Components/Project/ProjectActionBar.swift /Users/jacksonsweet/Desktop/OPS\ APP/OPS/OPS/Views/Components/Project/ProjectCard.swift /Users/jacksonsweet/Desktop/OPS\ APP/OPS/OPS/Views/Components/Project/ProjectCarousel.swift /Users/jacksonsweet/Desktop/OPS\ APP/OPS/OPS/Views/Components/Project/ProjectDetailsView.swift /Users/jacksonsweet/Desktop/OPS\ APP/OPS/OPS/Views/Components/Project/ProjectHeader.swift /Users/jacksonsweet/Desktop/OPS\ APP/OPS/OPS/Views/Components/Project/ProjectSheetContainer.swift /Users/jacksonsweet/Desktop/OPS\ APP/OPS/OPS/Views/Components/User/TeamMemberListView.swift /Users/jacksonsweet/Desktop/OPS\ APP/OPS/OPS/Views/Components/User/UserProfileCard.swift /Users/jacksonsweet/Desktop/OPS\ APP/OPS/OPS/Views/Home/HomeContentView.swift /Users/jacksonsweet/Desktop/OPS\ APP/OPS/OPS/Views/Home/HomeView.swift /Users/jacksonsweet/Desktop/OPS\ APP/OPS/OPS/Views/Settings/OrganizationSettingsView.swift /Users/jacksonsweet/Desktop/OPS\ APP/OPS/OPS/Views/Settings/ProfileSettingsView.swift /Users/jacksonsweet/Desktop/OPS\ APP/OPS/OPS/Views/Settings/ProjectHistorySettingsView.swift -primary-file /Users/jacksonsweet/Desktop/OPS\ APP/OPS/OPS/Views/LoginView.swift -primary-file /Users/jacksonsweet/Desktop/OPS\ APP/OPS/OPS/Views/LoginViewPreview.swift -primary-file /Users/jacksonsweet/Desktop/OPS\ APP/OPS/OPS/Views/MainTabView.swift -primary-file /Users/jacksonsweet/Desktop/OPS\ APP/OPS/OPS/Views/NetworkStatusIndicator.swift -primary-file /Users/jacksonsweet/Desktop/OPS\ APP/OPS/OPS/Views/ScheduleView.swift -primary-file /Users/jacksonsweet/Desktop/OPS\ APP/OPS/OPS/Views/SettingsView.swift -primary-file /Users/jacksonsweet/Desktop/OPS\ APP/OPS/OPS/Views/SplashScreen.swift -primary-file /Users/jacksonsweet/Desktop/OPS\ APP/OPS/OPS/AppState.swift -primary-file /Users/jacksonsweet/Desktop/OPS\ APP/OPS/OPS/ContentView.swift -primary-file /Users/jacksonsweet/Desktop/OPS\ APP/OPS/OPS/Item.swift -primary-file /Users/jacksonsweet/Desktop/OPS\ APP/OPS/OPS/OPSApp.swift -primary-file /Users/jacksonsweet/Library/Developer/Xcode/DerivedData/OPS-czavgtmnvamasvcjgszzuulfcsxj/Build/Intermediates.noindex/OPS.build/Debug-iphonesimulator/OPS.build/DerivedSources/GeneratedAssetSymbols.swift -supplementary-output-file-map /Users/jacksonsweet/Library/Developer/Xcode/DerivedData/OPS-czavgtmnvamasvcjgszzuulfcsxj/Build/Intermediates.noindex/OPS.build/Debug-iphonesimulator/OPS.build/Objects-normal/arm64/supplementaryOutputs-10 -emit-localized-strings -emit-localized-strings-path /Users/jacksonsweet/Library/Developer/Xcode/DerivedData/OPS-czavgtmnvamasvcjgszzuulfcsxj/Build/Intermediates.noindex/OPS.build/Debug-iphonesimulator/OPS.build/Objects-normal/arm64 -target arm64-apple-ios18.2-simulator -Xllvm -aarch64-use-tbi -enable-objc-interop -sdk /Applications/Xcode.app/Contents/Developer/Platforms/iPhoneSimulator.platform/Developer/SDKs/iPhoneSimulator18.2.sdk -I /Users/jacksonsweet/Library/Developer/Xcode/DerivedData/OPS-czavgtmnvamasvcjgszzuulfcsxj/Build/Products/Debug-iphonesimulator -F /Users/jacksonsweet/Library/Developer/Xcode/DerivedData/OPS-czavgtmnvamasvcjgszzuulfcsxj/Build/Products/Debug-iphonesimulator -no-color-diagnostics -enable-testing -g -debug-info-format\=dwarf -dwarf-version\=5 -module-cache-path /Users/jacksonsweet/Library/Developer/Xcode/DerivedData/ModuleCache.noindex -profile-generate -profile-coverage-mapping -swift-version 5 -enforce-exclusivity\=checked -Onone -D DEBUG -serialize-debugging-options -const-gather-protocols-file /Users/jacksonsweet/Library/Developer/Xcode/DerivedData/OPS-czavgtmnvamasvcjgszzuulfcsxj/Build/Intermediates.noindex/OPS.build/Debug-iphonesimulator/OPS.build/Objects-normal/arm64/OPS_const_extract_protocols.json -enable-experimental-feature DebugDescriptionMacro -enable-experimental-feature OpaqueTypeErasure -enable-bare-slash-regex -empty-abi-descriptor -validate-clang-modules-once -clang-build-session-file /Users/jacksonsweet/Library/Developer/Xcode/DerivedData/ModuleCache.noindex/Session.modulevalidation -Xcc -working-directory -Xcc /Users/jacksonsweet/Desktop/OPS\ APP/OPS -resource-dir /Applications/Xcode.app/Contents/Developer/Toolchains/XcodeDefault.xctoolchain/usr/lib/swift -enable-anonymous-context-mangled-names -file-compilation-dir /Users/jacksonsweet/Desktop/OPS\ APP/OPS -Xcc -D_LIBCPP_HARDENING_MODE\=_LIBCPP_HARDENING_MODE_DEBUG -Xcc -ivfsstatcache -Xcc /Users/jacksonsweet/Library/Developer/Xcode/DerivedData/SDKStatCaches.noindex/iphonesimulator18.2-22C146-07b28473f605e47e75261259d3ef3b5a.sdkstatcache -Xcc -I/Users/jacksonsweet/Library/Developer/Xcode/DerivedData/OPS-czavgtmnvamasvcjgszzuulfcsxj/Build/Intermediates.noindex/OPS.build/Debug-iphonesimulator/OPS.build/swift-overrides.hmap -Xcc -iquote -Xcc /Users/jacksonsweet/Library/Developer/Xcode/DerivedData/OPS-czavgtmnvamasvcjgszzuulfcsxj/Build/Intermediates.noindex/OPS.build/Debug-iphonesimulator/OPS.build/OPS-generated-files.hmap -Xcc -I/Users/jacksonsweet/Library/Developer/Xcode/DerivedData/OPS-czavgtmnvamasvcjgszzuulfcsxj/Build/Intermediates.noindex/OPS.build/Debug-iphonesimulator/OPS.build/OPS-own-target-headers.hmap -Xcc -I/Users/jacksonsweet/Library/Developer/Xcode/DerivedData/OPS-czavgtmnvamasvcjgszzuulfcsxj/Build/Intermediates.noindex/OPS.build/Debug-iphonesimulator/OPS.build/OPS-all-target-headers.hmap -Xcc -iquote -Xcc /Users/jacksonsweet/Library/Developer/Xcode/DerivedData/OPS-czavgtmnvamasvcjgszzuulfcsxj/Build/Intermediates.noindex/OPS.build/Debug-iphonesimulator/OPS.build/OPS-project-headers.hmap -Xcc -I/Users/jacksonsweet/Library/Developer/Xcode/DerivedData/OPS-czavgtmnvamasvcjgszzuulfcsxj/Build/Products/Debug-iphonesimulator/include -Xcc -I/Users/jacksonsweet/Library/Developer/Xcode/DerivedData/OPS-czavgtmnvamasvcjgszzuulfcsxj/Build/Intermediates.noindex/OPS.build/Debug-iphonesimulator/OPS.build/DerivedSources-normal/arm64 -Xcc -I/Users/jacksonsweet/Library/Developer/Xcode/DerivedData/OPS-czavgtmnvamasvcjgszzuulfcsxj/Build/Intermediates.noindex/OPS.build/Debug-iphonesimulator/OPS.build/DerivedSources/arm64 -Xcc -I/Users/jacksonsweet/Library/Developer/Xcode/DerivedData/OPS-czavgtmnvamasvcjgszzuulfcsxj/Build/Intermediates.noindex/OPS.build/Debug-iphonesimulator/OPS.build/DerivedSources -Xcc -DDEBUG\=1 -module-name OPS -frontend-parseable-output -disable-clang-spi -target-sdk-version 18.2 -target-sdk-name iphonesimulator18.2 -external-plugin-path /Applications/Xcode.app/Contents/Developer/Platforms/iPhoneOS.platform/Developer/usr/lib/swift/host/plugins\#/Applications/Xcode.app/Contents/Developer/Platforms/iPhoneOS.platform/Developer/usr/bin/swift-plugin-server -external-plugin-path /Applications/Xcode.app/Contents/Developer/Platforms/iPhoneOS.platform/Developer/usr/local/lib/swift/host/plugins\#/Applications/Xcode.app/Contents/Developer/Platforms/iPhoneOS.platform/Developer/usr/bin/swift-plugin-server -plugin-path /Applications/Xcode.app/Contents/Developer/Toolchains/XcodeDefault.xctoolchain/usr/lib/swift/host/plugins -plugin-path /Applications/Xcode.app/Contents/Developer/Toolchains/XcodeDefault.xctoolchain/usr/local/lib/swift/host/plugins -o /Users/jacksonsweet/Library/Developer/Xcode/DerivedData/OPS-czavgtmnvamasvcjgszzuulfcsxj/Build/Intermediates.noindex/OPS.build/Debug-iphonesimulator/OPS.build/Objects-normal/arm64/LoginView.o -o /Users/jacksonsweet/Library/Developer/Xcode/DerivedData/OPS-czavgtmnvamasvcjgszzuulfcsxj/Build/Intermediates.noindex/OPS.build/Debug-iphonesimulator/OPS.build/Objects-normal/arm64/LoginViewPreview.o -o /Users/jacksonsweet/Library/Developer/Xcode/DerivedData/OPS-czavgtmnvamasvcjgszzuulfcsxj/Build/Intermediates.noindex/OPS.build/Debug-iphonesimulator/OPS.build/Objects-normal/arm64/MainTabView.o -o /Users/jacksonsweet/Library/Developer/Xcode/DerivedData/OPS-czavgtmnvamasvcjgszzuulfcsxj/Build/Intermediates.noindex/OPS.build/Debug-iphonesimulator/OPS.build/Objects-normal/arm64/NetworkStatusIndicator.o -o /Users/jacksonsweet/Library/Developer/Xcode/DerivedData/OPS-czavgtmnvamasvcjgszzuulfcsxj/Build/Intermediates.noindex/OPS.build/Debug-iphonesimulator/OPS.build/Objects-normal/arm64/ScheduleView.o -o /Users/jacksonsweet/Library/Developer/Xcode/DerivedData/OPS-czavgtmnvamasvcjgszzuulfcsxj/Build/Intermediates.noindex/OPS.build/Debug-iphonesimulator/OPS.build/Objects-normal/arm64/SettingsView.o -o /Users/jacksonsweet/Library/Developer/Xcode/DerivedData/OPS-czavgtmnvamasvcjgszzuulfcsxj/Build/Intermediates.noindex/OPS.build/Debug-iphonesimulator/OPS.build/Objects-normal/arm64/SplashScreen.o -o /Users/jacksonsweet/Library/Developer/Xcode/DerivedData/OPS-czavgtmnvamasvcjgszzuulfcsxj/Build/Intermediates.noindex/OPS.build/Debug-iphonesimulator/OPS.build/Objects-normal/arm64/AppState.o -o /Users/jacksonsweet/Library/Developer/Xcode/DerivedData/OPS-czavgtmnvamasvcjgszzuulfcsxj/Build/Intermediates.noindex/OPS.build/Debug-iphonesimulator/OPS.build/Objects-normal/arm64/ContentView.o -o /Users/jacksonsweet/Library/Developer/Xcode/DerivedData/OPS-czavgtmnvamasvcjgszzuulfcsxj/Build/Intermediates.noindex/OPS.build/Debug-iphonesimulator/OPS.build/Objects-normal/arm64/Item.o -o /Users/jacksonsweet/Library/Developer/Xcode/DerivedData/OPS-czavgtmnvamasvcjgszzuulfcsxj/Build/Intermediates.noindex/OPS.build/Debug-iphonesimulator/OPS.build/Objects-normal/arm64/OPSApp.o -o /Users/jacksonsweet/Library/Developer/Xcode/DerivedData/OPS-czavgtmnvamasvcjgszzuulfcsxj/Build/Intermediates.noindex/OPS.build/Debug-iphonesimulator/OPS.build/Objects-normal/arm64/GeneratedAssetSymbols.o -index-unit-output-path /OPS.build/Debug-iphonesimulator/OPS.build/Objects-normal/arm64/LoginView.o -index-unit-output-path /OPS.build/Debug-iphonesimulator/OPS.build/Objects-normal/arm64/LoginViewPreview.o -index-unit-output-path /OPS.build/Debug-iphonesimulator/OPS.build/Objects-normal/arm64/MainTabView.o -index-unit-output-path /OPS.build/Debug-iphonesimulator/OPS.build/Objects-normal/arm64/NetworkStatusIndicator.o -index-unit-output-path /OPS.build/Debug-iphonesimulator/OPS.build/Objects-normal/arm64/ScheduleView.o -index-unit-output-path /OPS.build/Debug-iphonesimulator/OPS.build/Objects-normal/arm64/SettingsView.o -index-unit-output-path /OPS.build/Debug-iphonesimulator/OPS.build/Objects-normal/arm64/SplashScreen.o -index-unit-output-path /OPS.build/Debug-iphonesimulator/OPS.build/Objects-normal/arm64/AppState.o -index-unit-output-path /OPS.build/Debug-iphonesimulator/OPS.build/Objects-normal/arm64/ContentView.o -index-unit-output-path /OPS.build/Debug-iphonesimulator/OPS.build/Objects-normal/arm64/Item.o -index-unit-output-path /OPS.build/Debug-iphonesimulator/OPS.build/Objects-normal/arm64/OPSApp.o -index-unit-output-path /OPS.build/Debug-iphonesimulator/OPS.build/Objects-normal/arm64/GeneratedAssetSymbols.o -index-store-path /Users/jacksonsweet/Library/Developer/Xcode/DerivedData/OPS-czavgtmnvamasvcjgszzuulfcsxj/Index.noindex/DataStore -index-system-modules

SwiftCompile normal arm64 Compiling\ OnboardingContainerView.swift,\ OnboardingFlowPreview.swift,\ OnboardingPresenter.swift,\ OnboardingPreviewHelpers.swift,\ OPSStyle.swift,\ AppConfiguration.swift,\ ArrayTransformer.swift,\ DataController.swift,\ Dateformatter\ +Bubble.swift,\ DateHelper.swift,\ FieldErrorHandler.swift,\ ImageCache.swift,\ ImageFileManager.swift /Users/jacksonsweet/Desktop/OPS\ APP/OPS/OPS/Onboarding/Views/OnboardingContainerView.swift /Users/jacksonsweet/Desktop/OPS\ APP/OPS/OPS/Onboarding/Views/OnboardingFlowPreview.swift /Users/jacksonsweet/Desktop/OPS\ APP/OPS/OPS/Onboarding/Views/OnboardingPresenter.swift /Users/jacksonsweet/Desktop/OPS\ APP/OPS/OPS/Onboarding/Views/OnboardingPreviewHelpers.swift /Users/jacksonsweet/Desktop/OPS\ APP/OPS/OPS/Styles/OPSStyle.swift /Users/jacksonsweet/Desktop/OPS\ APP/OPS/OPS/Utilities/AppConfiguration.swift /Users/jacksonsweet/Desktop/OPS\ APP/OPS/OPS/Utilities/ArrayTransformer.swift /Users/jacksonsweet/Desktop/OPS\ APP/OPS/OPS/Utilities/DataController.swift /Users/jacksonsweet/Desktop/OPS\ APP/OPS/OPS/Utilities/Dateformatter\ +Bubble.swift /Users/jacksonsweet/Desktop/OPS\ APP/OPS/OPS/Utilities/DateHelper.swift /Users/jacksonsweet/Desktop/OPS\ APP/OPS/OPS/Utilities/FieldErrorHandler.swift /Users/jacksonsweet/Desktop/OPS\ APP/OPS/OPS/Utilities/ImageCache.swift /Users/jacksonsweet/Desktop/OPS\ APP/OPS/OPS/Utilities/ImageFileManager.swift (in target 'OPS' from project 'OPS')
    cd /Users/jacksonsweet/Desktop/OPS\ APP/OPS
    builtin-swiftTaskExecution -- /Applications/Xcode.app/Contents/Developer/Toolchains/XcodeDefault.xctoolchain/usr/bin/swift-frontend -frontend -c /Users/jacksonsweet/Desktop/OPS\ APP/OPS/OPS/DataModels/BubbleImage.swift /Users/jacksonsweet/Desktop/OPS\ APP/OPS/OPS/DataModels/BubbleTypes.swift /Users/jacksonsweet/Desktop/OPS\ APP/OPS/OPS/DataModels/Company.swift /Users/jacksonsweet/Desktop/OPS\ APP/OPS/OPS/DataModels/Project.swift /Users/jacksonsweet/Desktop/OPS\ APP/OPS/OPS/DataModels/Status.swift /Users/jacksonsweet/Desktop/OPS\ APP/OPS/OPS/DataModels/User.swift /Users/jacksonsweet/Desktop/OPS\ APP/OPS/OPS/DataModels/UserRole.swift /Users/jacksonsweet/Desktop/OPS\ APP/OPS/OPS/Extensions/UIImage+Extensions.swift /Users/jacksonsweet/Desktop/OPS\ APP/OPS/OPS/Network/API/APIError.swift /Users/jacksonsweet/Desktop/OPS\ APP/OPS/OPS/Network/API/APIService.swift /Users/jacksonsweet/Desktop/OPS\ APP/OPS/OPS/Network/API/BubbleFields.swift /Users/jacksonsweet/Desktop/OPS\ APP/OPS/OPS/Network/Auth/AuthError.swift /Users/jacksonsweet/Desktop/OPS\ APP/OPS/OPS/Network/Auth/AuthManager.swift /Users/jacksonsweet/Desktop/OPS\ APP/OPS/OPS/Network/Auth/KeychainManager.swift /Users/jacksonsweet/Desktop/OPS\ APP/OPS/OPS/Network/DTOs/CompanyDTO.swift /Users/jacksonsweet/Desktop/OPS\ APP/OPS/OPS/Network/DTOs/ProjectDTO.swift /Users/jacksonsweet/Desktop/OPS\ APP/OPS/OPS/Network/DTOs/UserDTO.swift /Users/jacksonsweet/Desktop/OPS\ APP/OPS/OPS/Network/Endpoints/CompanyEndpoints.swift /Users/jacksonsweet/Desktop/OPS\ APP/OPS/OPS/Network/Endpoints/ProjectEndpoints.swift /Users/jacksonsweet/Desktop/OPS\ APP/OPS/OPS/Network/Endpoints/UserEndpoints.swift /Users/jacksonsweet/Desktop/OPS\ APP/OPS/OPS/Network/Sync/BackgroundTaskManager.swift /Users/jacksonsweet/Desktop/OPS\ APP/OPS/OPS/Network/Sync/SyncManager.swift /Users/jacksonsweet/Desktop/OPS\ APP/OPS/OPS/Network/ConnectivityMonitor.swift /Users/jacksonsweet/Desktop/OPS\ APP/OPS/OPS/Network/ImageSyncManager.swift /Users/jacksonsweet/Desktop/OPS\ APP/OPS/OPS/Onboarding/Coordinators/OnboardingCoordinator.swift /Users/jacksonsweet/Desktop/OPS\ APP/OPS/OPS/Onboarding/Models/OnboardingModels.swift /Users/jacksonsweet/Desktop/OPS\ APP/OPS/OPS/Onboarding/Services/OnboardingService.swift /Users/jacksonsweet/Desktop/OPS\ APP/OPS/OPS/Onboarding/ViewModels/OnboardingViewModel.swift /Users/jacksonsweet/Desktop/OPS\ APP/OPS/OPS/Onboarding/Views/Components/OnboardingComponents.swift /Users/jacksonsweet/Desktop/OPS\ APP/OPS/OPS/Onboarding/Views/Screens/AccountCreatedView.swift /Users/jacksonsweet/Desktop/OPS\ APP/OPS/OPS/Onboarding/Views/Screens/CompanyCodeView.swift /Users/jacksonsweet/Desktop/OPS\ APP/OPS/OPS/Onboarding/Views/Screens/CompanyCodeViewPreview.swift /Users/jacksonsweet/Desktop/OPS\ APP/OPS/OPS/Onboarding/Views/Screens/CompletionView.swift /Users/jacksonsweet/Desktop/OPS\ APP/OPS/OPS/Onboarding/Views/Screens/CompletionViewPreview.swift /Users/jacksonsweet/Desktop/OPS\ APP/OPS/OPS/Onboarding/Views/Screens/EmailView.swift /Users/jacksonsweet/Desktop/OPS\ APP/OPS/OPS/Onboarding/Views/Screens/FieldSetupView.swift /Users/jacksonsweet/Desktop/OPS\ APP/OPS/OPS/Onboarding/Views/Screens/NotificationsView.swift /Users/jacksonsweet/Desktop/OPS\ APP/OPS/OPS/Onboarding/Views/Screens/NotificationsViewPreview.swift /Users/jacksonsweet/Desktop/OPS\ APP/OPS/OPS/Onboarding/Views/Screens/OrganizationJoinView.swift /Users/jacksonsweet/Desktop/OPS\ APP/OPS/OPS/Onboarding/Views/Screens/PasswordView.swift /Users/jacksonsweet/Desktop/OPS\ APP/OPS/OPS/Onboarding/Views/Screens/PasswordViewPreview.swift /Users/jacksonsweet/Desktop/OPS\ APP/OPS/OPS/Onboarding/Views/Screens/PermissionsView.swift /Users/jacksonsweet/Desktop/OPS\ APP/OPS/OPS/Onboarding/Views/Screens/PermissionsViewPreview.swift /Users/jacksonsweet/Desktop/OPS\ APP/OPS/OPS/Onboarding/Views/Screens/PhoneNumberView.swift /Users/jacksonsweet/Desktop/OPS\ APP/OPS/OPS/Onboarding/Views/Screens/PhoneNumberViewPreview.swift /Users/jacksonsweet/Desktop/OPS\ APP/OPS/OPS/Onboarding/Views/Screens/UserInfoView.swift /Users/jacksonsweet/Desktop/OPS\ APP/OPS/OPS/Onboarding/Views/Screens/UserInfoViewPreview.swift /Users/jacksonsweet/Desktop/OPS\ APP/OPS/OPS/Onboarding/Views/Screens/VerifyPhoneView.swift /Users/jacksonsweet/Desktop/OPS\ APP/OPS/OPS/Onboarding/Views/Screens/WelcomeCompanyView.swift /Users/jacksonsweet/Desktop/OPS\ APP/OPS/OPS/Onboarding/Views/Screens/WelcomeCompanyViewPreview.swift /Users/jacksonsweet/Desktop/OPS\ APP/OPS/OPS/Onboarding/Views/Screens/WelcomeView.swift /Users/jacksonsweet/Desktop/OPS\ APP/OPS/OPS/Onboarding/Views/Screens/WelcomeViewPreview.swift -primary-file /Users/jacksonsweet/Desktop/OPS\ APP/OPS/OPS/Onboarding/Views/OnboardingContainerView.swift -primary-file /Users/jacksonsweet/Desktop/OPS\ APP/OPS/OPS/Onboarding/Views/OnboardingFlowPreview.swift -primary-file /Users/jacksonsweet/Desktop/OPS\ APP/OPS/OPS/Onboarding/Views/OnboardingPresenter.swift -primary-file /Users/jacksonsweet/Desktop/OPS\ APP/OPS/OPS/Onboarding/Views/OnboardingPreviewHelpers.swift -primary-file /Users/jacksonsweet/Desktop/OPS\ APP/OPS/OPS/Styles/OPSStyle.swift -primary-file /Users/jacksonsweet/Desktop/OPS\ APP/OPS/OPS/Utilities/AppConfiguration.swift -primary-file /Users/jacksonsweet/Desktop/OPS\ APP/OPS/OPS/Utilities/ArrayTransformer.swift -primary-file /Users/jacksonsweet/Desktop/OPS\ APP/OPS/OPS/Utilities/DataController.swift -primary-file /Users/jacksonsweet/Desktop/OPS\ APP/OPS/OPS/Utilities/Dateformatter\ +Bubble.swift -primary-file /Users/jacksonsweet/Desktop/OPS\ APP/OPS/OPS/Utilities/DateHelper.swift -primary-file /Users/jacksonsweet/Desktop/OPS\ APP/OPS/OPS/Utilities/FieldErrorHandler.swift -primary-file /Users/jacksonsweet/Desktop/OPS\ APP/OPS/OPS/Utilities/ImageCache.swift -primary-file /Users/jacksonsweet/Desktop/OPS\ APP/OPS/OPS/Utilities/ImageFileManager.swift /Users/jacksonsweet/Desktop/OPS\ APP/OPS/OPS/Utilities/InProgressManager.swift /Users/jacksonsweet/Desktop/OPS\ APP/OPS/OPS/Utilities/KeyboardDismissalModifier.swift /Users/jacksonsweet/Desktop/OPS\ APP/OPS/OPS/Utilities/LocationManager.swift /Users/jacksonsweet/Desktop/OPS\ APP/OPS/OPS/Utilities/OnboardingEnvironmentKey.swift /Users/jacksonsweet/Desktop/OPS\ APP/OPS/OPS/Utilities/SwiftDataHelper.swift /Users/jacksonsweet/Desktop/OPS\ APP/OPS/OPS/Utilities/UIComponents.swift /Users/jacksonsweet/Desktop/OPS\ APP/OPS/OPS/V2/CertificationsSettingsView.swift /Users/jacksonsweet/Desktop/OPS\ APP/OPS/OPS/ViewModels/CalendarViewModel.swift /Users/jacksonsweet/Desktop/OPS\ APP/OPS/OPS/ViewModels/ProjectsViewModel.swift /Users/jacksonsweet/Desktop/OPS\ APP/OPS/OPS/Views/Calendar\ Tab/Components/CalendarDaySelector.swift /Users/jacksonsweet/Desktop/OPS\ APP/OPS/OPS/Views/Calendar\ Tab/Components/CalendarHeaderView.swift /Users/jacksonsweet/Desktop/OPS\ APP/OPS/OPS/Views/Calendar\ Tab/Components/CalendarProjectCard.swift /Users/jacksonsweet/Desktop/OPS\ APP/OPS/OPS/Views/Calendar\ Tab/Components/CalendarToggleView.swift /Users/jacksonsweet/Desktop/OPS\ APP/OPS/OPS/Views/Calendar\ Tab/Components/DatePickerPopover.swift /Users/jacksonsweet/Desktop/OPS\ APP/OPS/OPS/Views/Calendar\ Tab/Components/DayCell.swift /Users/jacksonsweet/Desktop/OPS\ APP/OPS/OPS/Views/Calendar\ Tab/ProjectViews/DayProjectSheet.swift /Users/jacksonsweet/Desktop/OPS\ APP/OPS/OPS/Views/Calendar\ Tab/ProjectViews/ProjectListView.swift /Users/jacksonsweet/Desktop/OPS\ APP/OPS/OPS/Views/Calendar\ Tab/MonthGridView.swift /Users/jacksonsweet/Desktop/OPS\ APP/OPS/OPS/Views/Components/Common/AppHeader.swift /Users/jacksonsweet/Desktop/OPS\ APP/OPS/OPS/Views/Components/Common/ExpandableNotesView.swift /Users/jacksonsweet/Desktop/OPS\ APP/OPS/OPS/Views/Components/Common/LocationPermissionView.swift /Users/jacksonsweet/Desktop/OPS\ APP/OPS/OPS/Views/Components/Common/NavigationBanner.swift /Users/jacksonsweet/Desktop/OPS\ APP/OPS/OPS/Views/Components/Common/NavigationControlsView.swift /Users/jacksonsweet/Desktop/OPS\ APP/OPS/OPS/Views/Components/Common/TabBarBackground.swift /Users/jacksonsweet/Desktop/OPS\ APP/OPS/OPS/Views/Components/Images/ImagePicker.swift /Users/jacksonsweet/Desktop/OPS\ APP/OPS/OPS/Views/Components/Images/ImagePickerView.swift /Users/jacksonsweet/Desktop/OPS\ APP/OPS/OPS/Views/Components/Images/ProjectImagesSection.swift /Users/jacksonsweet/Desktop/OPS\ APP/OPS/OPS/Views/Components/Images/ProjectImagesSimple.swift /Users/jacksonsweet/Desktop/OPS\ APP/OPS/OPS/Views/Components/Images/ProjectImageView.swift /Users/jacksonsweet/Desktop/OPS\ APP/OPS/OPS/Views/Components/Images/ProjectPhotosGrid.swift /Users/jacksonsweet/Desktop/OPS\ APP/OPS/OPS/Views/Components/Map/MiniMapView.swift /Users/jacksonsweet/Desktop/OPS\ APP/OPS/OPS/Views/Components/Map/ProjectMapAnnotation.swift /Users/jacksonsweet/Desktop/OPS\ APP/OPS/OPS/Views/Components/Map/ProjectMapView.swift /Users/jacksonsweet/Desktop/OPS\ APP/OPS/OPS/Views/Components/Map/ProjectMarkerPopup.swift /Users/jacksonsweet/Desktop/OPS\ APP/OPS/OPS/Views/Components/Map/RouteDirectionsView.swift /Users/jacksonsweet/Desktop/OPS\ APP/OPS/OPS/Views/Components/Project/ProjectActionBar.swift /Users/jacksonsweet/Desktop/OPS\ APP/OPS/OPS/Views/Components/Project/ProjectCard.swift /Users/jacksonsweet/Desktop/OPS\ APP/OPS/OPS/Views/Components/Project/ProjectCarousel.swift /Users/jacksonsweet/Desktop/OPS\ APP/OPS/OPS/Views/Components/Project/ProjectDetailsView.swift /Users/jacksonsweet/Desktop/OPS\ APP/OPS/OPS/Views/Components/Project/ProjectHeader.swift /Users/jacksonsweet/Desktop/OPS\ APP/OPS/OPS/Views/Components/Project/ProjectSheetContainer.swift /Users/jacksonsweet/Desktop/OPS\ APP/OPS/OPS/Views/Components/User/TeamMemberListView.swift /Users/jacksonsweet/Desktop/OPS\ APP/OPS/OPS/Views/Components/User/UserProfileCard.swift /Users/jacksonsweet/Desktop/OPS\ APP/OPS/OPS/Views/Home/HomeContentView.swift /Users/jacksonsweet/Desktop/OPS\ APP/OPS/OPS/Views/Home/HomeView.swift /Users/jacksonsweet/Desktop/OPS\ APP/OPS/OPS/Views/Settings/OrganizationSettingsView.swift /Users/jacksonsweet/Desktop/OPS\ APP/OPS/OPS/Views/Settings/ProfileSettingsView.swift /Users/jacksonsweet/Desktop/OPS\ APP/OPS/OPS/Views/Settings/ProjectHistorySettingsView.swift /Users/jacksonsweet/Desktop/OPS\ APP/OPS/OPS/Views/LoginView.swift /Users/jacksonsweet/Desktop/OPS\ APP/OPS/OPS/Views/LoginViewPreview.swift /Users/jacksonsweet/Desktop/OPS\ APP/OPS/OPS/Views/MainTabView.swift /Users/jacksonsweet/Desktop/OPS\ APP/OPS/OPS/Views/NetworkStatusIndicator.swift /Users/jacksonsweet/Desktop/OPS\ APP/OPS/OPS/Views/ScheduleView.swift /Users/jacksonsweet/Desktop/OPS\ APP/OPS/OPS/Views/SettingsView.swift /Users/jacksonsweet/Desktop/OPS\ APP/OPS/OPS/Views/SplashScreen.swift /Users/jacksonsweet/Desktop/OPS\ APP/OPS/OPS/AppState.swift /Users/jacksonsweet/Desktop/OPS\ APP/OPS/OPS/ContentView.swift /Users/jacksonsweet/Desktop/OPS\ APP/OPS/OPS/Item.swift /Users/jacksonsweet/Desktop/OPS\ APP/OPS/OPS/OPSApp.swift /Users/jacksonsweet/Library/Developer/Xcode/DerivedData/OPS-czavgtmnvamasvcjgszzuulfcsxj/Build/Intermediates.noindex/OPS.build/Debug-iphonesimulator/OPS.build/DerivedSources/GeneratedAssetSymbols.swift -supplementary-output-file-map /Users/jacksonsweet/Library/Developer/Xcode/DerivedData/OPS-czavgtmnvamasvcjgszzuulfcsxj/Build/Intermediates.noindex/OPS.build/Debug-iphonesimulator/OPS.build/Objects-normal/arm64/supplementaryOutputs-5 -emit-localized-strings -emit-localized-strings-path /Users/jacksonsweet/Library/Developer/Xcode/DerivedData/OPS-czavgtmnvamasvcjgszzuulfcsxj/Build/Intermediates.noindex/OPS.build/Debug-iphonesimulator/OPS.build/Objects-normal/arm64 -target arm64-apple-ios18.2-simulator -Xllvm -aarch64-use-tbi -enable-objc-interop -sdk /Applications/Xcode.app/Contents/Developer/Platforms/iPhoneSimulator.platform/Developer/SDKs/iPhoneSimulator18.2.sdk -I /Users/jacksonsweet/Library/Developer/Xcode/DerivedData/OPS-czavgtmnvamasvcjgszzuulfcsxj/Build/Products/Debug-iphonesimulator -F /Users/jacksonsweet/Library/Developer/Xcode/DerivedData/OPS-czavgtmnvamasvcjgszzuulfcsxj/Build/Products/Debug-iphonesimulator -no-color-diagnostics -enable-testing -g -debug-info-format\=dwarf -dwarf-version\=5 -module-cache-path /Users/jacksonsweet/Library/Developer/Xcode/DerivedData/ModuleCache.noindex -profile-generate -profile-coverage-mapping -swift-version 5 -enforce-exclusivity\=checked -Onone -D DEBUG -serialize-debugging-options -const-gather-protocols-file /Users/jacksonsweet/Library/Developer/Xcode/DerivedData/OPS-czavgtmnvamasvcjgszzuulfcsxj/Build/Intermediates.noindex/OPS.build/Debug-iphonesimulator/OPS.build/Objects-normal/arm64/OPS_const_extract_protocols.json -enable-experimental-feature DebugDescriptionMacro -enable-experimental-feature OpaqueTypeErasure -enable-bare-slash-regex -empty-abi-descriptor -validate-clang-modules-once -clang-build-session-file /Users/jacksonsweet/Library/Developer/Xcode/DerivedData/ModuleCache.noindex/Session.modulevalidation -Xcc -working-directory -Xcc /Users/jacksonsweet/Desktop/OPS\ APP/OPS -resource-dir /Applications/Xcode.app/Contents/Developer/Toolchains/XcodeDefault.xctoolchain/usr/lib/swift -enable-anonymous-context-mangled-names -file-compilation-dir /Users/jacksonsweet/Desktop/OPS\ APP/OPS -Xcc -D_LIBCPP_HARDENING_MODE\=_LIBCPP_HARDENING_MODE_DEBUG -Xcc -ivfsstatcache -Xcc /Users/jacksonsweet/Library/Developer/Xcode/DerivedData/SDKStatCaches.noindex/iphonesimulator18.2-22C146-07b28473f605e47e75261259d3ef3b5a.sdkstatcache -Xcc -I/Users/jacksonsweet/Library/Developer/Xcode/DerivedData/OPS-czavgtmnvamasvcjgszzuulfcsxj/Build/Intermediates.noindex/OPS.build/Debug-iphonesimulator/OPS.build/swift-overrides.hmap -Xcc -iquote -Xcc /Users/jacksonsweet/Library/Developer/Xcode/DerivedData/OPS-czavgtmnvamasvcjgszzuulfcsxj/Build/Intermediates.noindex/OPS.build/Debug-iphonesimulator/OPS.build/OPS-generated-files.hmap -Xcc -I/Users/jacksonsweet/Library/Developer/Xcode/DerivedData/OPS-czavgtmnvamasvcjgszzuulfcsxj/Build/Intermediates.noindex/OPS.build/Debug-iphonesimulator/OPS.build/OPS-own-target-headers.hmap -Xcc -I/Users/jacksonsweet/Library/Developer/Xcode/DerivedData/OPS-czavgtmnvamasvcjgszzuulfcsxj/Build/Intermediates.noindex/OPS.build/Debug-iphonesimulator/OPS.build/OPS-all-target-headers.hmap -Xcc -iquote -Xcc /Users/jacksonsweet/Library/Developer/Xcode/DerivedData/OPS-czavgtmnvamasvcjgszzuulfcsxj/Build/Intermediates.noindex/OPS.build/Debug-iphonesimulator/OPS.build/OPS-project-headers.hmap -Xcc -I/Users/jacksonsweet/Library/Developer/Xcode/DerivedData/OPS-czavgtmnvamasvcjgszzuulfcsxj/Build/Products/Debug-iphonesimulator/include -Xcc -I/Users/jacksonsweet/Library/Developer/Xcode/DerivedData/OPS-czavgtmnvamasvcjgszzuulfcsxj/Build/Intermediates.noindex/OPS.build/Debug-iphonesimulator/OPS.build/DerivedSources-normal/arm64 -Xcc -I/Users/jacksonsweet/Library/Developer/Xcode/DerivedData/OPS-czavgtmnvamasvcjgszzuulfcsxj/Build/Intermediates.noindex/OPS.build/Debug-iphonesimulator/OPS.build/DerivedSources/arm64 -Xcc -I/Users/jacksonsweet/Library/Developer/Xcode/DerivedData/OPS-czavgtmnvamasvcjgszzuulfcsxj/Build/Intermediates.noindex/OPS.build/Debug-iphonesimulator/OPS.build/DerivedSources -Xcc -DDEBUG\=1 -module-name OPS -frontend-parseable-output -disable-clang-spi -target-sdk-version 18.2 -target-sdk-name iphonesimulator18.2 -external-plugin-path /Applications/Xcode.app/Contents/Developer/Platforms/iPhoneOS.platform/Developer/usr/lib/swift/host/plugins\#/Applications/Xcode.app/Contents/Developer/Platforms/iPhoneOS.platform/Developer/usr/bin/swift-plugin-server -external-plugin-path /Applications/Xcode.app/Contents/Developer/Platforms/iPhoneOS.platform/Developer/usr/local/lib/swift/host/plugins\#/Applications/Xcode.app/Contents/Developer/Platforms/iPhoneOS.platform/Developer/usr/bin/swift-plugin-server -plugin-path /Applications/Xcode.app/Contents/Developer/Toolchains/XcodeDefault.xctoolchain/usr/lib/swift/host/plugins -plugin-path /Applications/Xcode.app/Contents/Developer/Toolchains/XcodeDefault.xctoolchain/usr/local/lib/swift/host/plugins -o /Users/jacksonsweet/Library/Developer/Xcode/DerivedData/OPS-czavgtmnvamasvcjgszzuulfcsxj/Build/Intermediates.noindex/OPS.build/Debug-iphonesimulator/OPS.build/Objects-normal/arm64/OnboardingContainerView.o -o /Users/jacksonsweet/Library/Developer/Xcode/DerivedData/OPS-czavgtmnvamasvcjgszzuulfcsxj/Build/Intermediates.noindex/OPS.build/Debug-iphonesimulator/OPS.build/Objects-normal/arm64/OnboardingFlowPreview.o -o /Users/jacksonsweet/Library/Developer/Xcode/DerivedData/OPS-czavgtmnvamasvcjgszzuulfcsxj/Build/Intermediates.noindex/OPS.build/Debug-iphonesimulator/OPS.build/Objects-normal/arm64/OnboardingPresenter.o -o /Users/jacksonsweet/Library/Developer/Xcode/DerivedData/OPS-czavgtmnvamasvcjgszzuulfcsxj/Build/Intermediates.noindex/OPS.build/Debug-iphonesimulator/OPS.build/Objects-normal/arm64/OnboardingPreviewHelpers.o -o /Users/jacksonsweet/Library/Developer/Xcode/DerivedData/OPS-czavgtmnvamasvcjgszzuulfcsxj/Build/Intermediates.noindex/OPS.build/Debug-iphonesimulator/OPS.build/Objects-normal/arm64/OPSStyle.o -o /Users/jacksonsweet/Library/Developer/Xcode/DerivedData/OPS-czavgtmnvamasvcjgszzuulfcsxj/Build/Intermediates.noindex/OPS.build/Debug-iphonesimulator/OPS.build/Objects-normal/arm64/AppConfiguration.o -o /Users/jacksonsweet/Library/Developer/Xcode/DerivedData/OPS-czavgtmnvamasvcjgszzuulfcsxj/Build/Intermediates.noindex/OPS.build/Debug-iphonesimulator/OPS.build/Objects-normal/arm64/ArrayTransformer.o -o /Users/jacksonsweet/Library/Developer/Xcode/DerivedData/OPS-czavgtmnvamasvcjgszzuulfcsxj/Build/Intermediates.noindex/OPS.build/Debug-iphonesimulator/OPS.build/Objects-normal/arm64/DataController.o -o /Users/jacksonsweet/Library/Developer/Xcode/DerivedData/OPS-czavgtmnvamasvcjgszzuulfcsxj/Build/Intermediates.noindex/OPS.build/Debug-iphonesimulator/OPS.build/Objects-normal/arm64/Dateformatter\ +Bubble.o -o /Users/jacksonsweet/Library/Developer/Xcode/DerivedData/OPS-czavgtmnvamasvcjgszzuulfcsxj/Build/Intermediates.noindex/OPS.build/Debug-iphonesimulator/OPS.build/Objects-normal/arm64/DateHelper.o -o /Users/jacksonsweet/Library/Developer/Xcode/DerivedData/OPS-czavgtmnvamasvcjgszzuulfcsxj/Build/Intermediates.noindex/OPS.build/Debug-iphonesimulator/OPS.build/Objects-normal/arm64/FieldErrorHandler.o -o /Users/jacksonsweet/Library/Developer/Xcode/DerivedData/OPS-czavgtmnvamasvcjgszzuulfcsxj/Build/Intermediates.noindex/OPS.build/Debug-iphonesimulator/OPS.build/Objects-normal/arm64/ImageCache.o -o /Users/jacksonsweet/Library/Developer/Xcode/DerivedData/OPS-czavgtmnvamasvcjgszzuulfcsxj/Build/Intermediates.noindex/OPS.build/Debug-iphonesimulator/OPS.build/Objects-normal/arm64/ImageFileManager.o -index-unit-output-path /OPS.build/Debug-iphonesimulator/OPS.build/Objects-normal/arm64/OnboardingContainerView.o -index-unit-output-path /OPS.build/Debug-iphonesimulator/OPS.build/Objects-normal/arm64/OnboardingFlowPreview.o -index-unit-output-path /OPS.build/Debug-iphonesimulator/OPS.build/Objects-normal/arm64/OnboardingPresenter.o -index-unit-output-path /OPS.build/Debug-iphonesimulator/OPS.build/Objects-normal/arm64/OnboardingPreviewHelpers.o -index-unit-output-path /OPS.build/Debug-iphonesimulator/OPS.build/Objects-normal/arm64/OPSStyle.o -index-unit-output-path /OPS.build/Debug-iphonesimulator/OPS.build/Objects-normal/arm64/AppConfiguration.o -index-unit-output-path /OPS.build/Debug-iphonesimulator/OPS.build/Objects-normal/arm64/ArrayTransformer.o -index-unit-output-path /OPS.build/Debug-iphonesimulator/OPS.build/Objects-normal/arm64/DataController.o -index-unit-output-path /OPS.build/Debug-iphonesimulator/OPS.build/Objects-normal/arm64/Dateformatter\ +Bubble.o -index-unit-output-path /OPS.build/Debug-iphonesimulator/OPS.build/Objects-normal/arm64/DateHelper.o -index-unit-output-path /OPS.build/Debug-iphonesimulator/OPS.build/Objects-normal/arm64/FieldErrorHandler.o -index-unit-output-path /OPS.build/Debug-iphonesimulator/OPS.build/Objects-normal/arm64/ImageCache.o -index-unit-output-path /OPS.build/Debug-iphonesimulator/OPS.build/Objects-normal/arm64/ImageFileManager.o -index-store-path /Users/jacksonsweet/Library/Developer/Xcode/DerivedData/OPS-czavgtmnvamasvcjgszzuulfcsxj/Index.noindex/DataStore -index-system-modules
SwiftCompile normal arm64 /Users/jacksonsweet/Desktop/OPS\ APP/OPS/OPS/Onboarding/Views/OnboardingContainerView.swift (in target 'OPS' from project 'OPS')
    cd /Users/jacksonsweet/Desktop/OPS\ APP/OPS
    /Applications/Xcode.app/Contents/Developer/Toolchains/XcodeDefault.xctoolchain/usr/bin/swift-frontend -c /Users/jacksonsweet/Desktop/OPS\ APP/OPS/OPS/DataModels/BubbleImage.swift /Users/jacksonsweet/Desktop/OPS\ APP/OPS/OPS/DataModels/BubbleTypes.swift /Users/jacksonsweet/Desktop/OPS\ APP/OPS/OPS/DataModels/Company.swift /Users/jacksonsweet/Desktop/OPS\ APP/OPS/OPS/DataModels/Project.swift /Users/jacksonsweet/Desktop/OPS\ APP/OPS/OPS/DataModels/Status.swift /Users/jacksonsweet/Desktop/OPS\ APP/OPS/OPS/DataModels/User.swift /Users/jacksonsweet/Desktop/OPS\ APP/OPS/OPS/DataModels/UserRole.swift /Users/jacksonsweet/Desktop/OPS\ APP/OPS/OPS/Extensions/UIImage+Extensions.swift /Users/jacksonsweet/Desktop/OPS\ APP/OPS/OPS/Network/API/APIError.swift /Users/jacksonsweet/Desktop/OPS\ APP/OPS/OPS/Network/API/APIService.swift /Users/jacksonsweet/Desktop/OPS\ APP/OPS/OPS/Network/API/BubbleFields.swift /Users/jacksonsweet/Desktop/OPS\ APP/OPS/OPS/Network/Auth/AuthError.swift /Users/jacksonsweet/Desktop/OPS\ APP/OPS/OPS/Network/Auth/AuthManager.swift /Users/jacksonsweet/Desktop/OPS\ APP/OPS/OPS/Network/Auth/KeychainManager.swift /Users/jacksonsweet/Desktop/OPS\ APP/OPS/OPS/Network/DTOs/CompanyDTO.swift /Users/jacksonsweet/Desktop/OPS\ APP/OPS/OPS/Network/DTOs/ProjectDTO.swift /Users/jacksonsweet/Desktop/OPS\ APP/OPS/OPS/Network/DTOs/UserDTO.swift /Users/jacksonsweet/Desktop/OPS\ APP/OPS/OPS/Network/Endpoints/CompanyEndpoints.swift /Users/jacksonsweet/Desktop/OPS\ APP/OPS/OPS/Network/Endpoints/ProjectEndpoints.swift /Users/jacksonsweet/Desktop/OPS\ APP/OPS/OPS/Network/Endpoints/UserEndpoints.swift /Users/jacksonsweet/Desktop/OPS\ APP/OPS/OPS/Network/Sync/BackgroundTaskManager.swift /Users/jacksonsweet/Desktop/OPS\ APP/OPS/OPS/Network/Sync/SyncManager.swift /Users/jacksonsweet/Desktop/OPS\ APP/OPS/OPS/Network/ConnectivityMonitor.swift /Users/jacksonsweet/Desktop/OPS\ APP/OPS/OPS/Network/ImageSyncManager.swift /Users/jacksonsweet/Desktop/OPS\ APP/OPS/OPS/Onboarding/Coordinators/OnboardingCoordinator.swift /Users/jacksonsweet/Desktop/OPS\ APP/OPS/OPS/Onboarding/Models/OnboardingModels.swift /Users/jacksonsweet/Desktop/OPS\ APP/OPS/OPS/Onboarding/Services/OnboardingService.swift /Users/jacksonsweet/Desktop/OPS\ APP/OPS/OPS/Onboarding/ViewModels/OnboardingViewModel.swift /Users/jacksonsweet/Desktop/OPS\ APP/OPS/OPS/Onboarding/Views/Components/OnboardingComponents.swift /Users/jacksonsweet/Desktop/OPS\ APP/OPS/OPS/Onboarding/Views/Screens/AccountCreatedView.swift /Users/jacksonsweet/Desktop/OPS\ APP/OPS/OPS/Onboarding/Views/Screens/CompanyCodeView.swift /Users/jacksonsweet/Desktop/OPS\ APP/OPS/OPS/Onboarding/Views/Screens/CompanyCodeViewPreview.swift /Users/jacksonsweet/Desktop/OPS\ APP/OPS/OPS/Onboarding/Views/Screens/CompletionView.swift /Users/jacksonsweet/Desktop/OPS\ APP/OPS/OPS/Onboarding/Views/Screens/CompletionViewPreview.swift /Users/jacksonsweet/Desktop/OPS\ APP/OPS/OPS/Onboarding/Views/Screens/EmailView.swift /Users/jacksonsweet/Desktop/OPS\ APP/OPS/OPS/Onboarding/Views/Screens/FieldSetupView.swift /Users/jacksonsweet/Desktop/OPS\ APP/OPS/OPS/Onboarding/Views/Screens/NotificationsView.swift /Users/jacksonsweet/Desktop/OPS\ APP/OPS/OPS/Onboarding/Views/Screens/NotificationsViewPreview.swift /Users/jacksonsweet/Desktop/OPS\ APP/OPS/OPS/Onboarding/Views/Screens/OrganizationJoinView.swift /Users/jacksonsweet/Desktop/OPS\ APP/OPS/OPS/Onboarding/Views/Screens/PasswordView.swift /Users/jacksonsweet/Desktop/OPS\ APP/OPS/OPS/Onboarding/Views/Screens/PasswordViewPreview.swift /Users/jacksonsweet/Desktop/OPS\ APP/OPS/OPS/Onboarding/Views/Screens/PermissionsView.swift /Users/jacksonsweet/Desktop/OPS\ APP/OPS/OPS/Onboarding/Views/Screens/PermissionsViewPreview.swift /Users/jacksonsweet/Desktop/OPS\ APP/OPS/OPS/Onboarding/Views/Screens/PhoneNumberView.swift /Users/jacksonsweet/Desktop/OPS\ APP/OPS/OPS/Onboarding/Views/Screens/PhoneNumberViewPreview.swift /Users/jacksonsweet/Desktop/OPS\ APP/OPS/OPS/Onboarding/Views/Screens/UserInfoView.swift /Users/jacksonsweet/Desktop/OPS\ APP/OPS/OPS/Onboarding/Views/Screens/UserInfoViewPreview.swift /Users/jacksonsweet/Desktop/OPS\ APP/OPS/OPS/Onboarding/Views/Screens/VerifyPhoneView.swift /Users/jacksonsweet/Desktop/OPS\ APP/OPS/OPS/Onboarding/Views/Screens/WelcomeCompanyView.swift /Users/jacksonsweet/Desktop/OPS\ APP/OPS/OPS/Onboarding/Views/Screens/WelcomeCompanyViewPreview.swift /Users/jacksonsweet/Desktop/OPS\ APP/OPS/OPS/Onboarding/Views/Screens/WelcomeView.swift /Users/jacksonsweet/Desktop/OPS\ APP/OPS/OPS/Onboarding/Views/Screens/WelcomeViewPreview.swift -primary-file /Users/jacksonsweet/Desktop/OPS\ APP/OPS/OPS/Onboarding/Views/OnboardingContainerView.swift -primary-file /Users/jacksonsweet/Desktop/OPS\ APP/OPS/OPS/Onboarding/Views/OnboardingFlowPreview.swift -primary-file /Users/jacksonsweet/Desktop/OPS\ APP/OPS/OPS/Onboarding/Views/OnboardingPresenter.swift -primary-file /Users/jacksonsweet/Desktop/OPS\ APP/OPS/OPS/Onboarding/Views/OnboardingPreviewHelpers.swift -primary-file /Users/jacksonsweet/Desktop/OPS\ APP/OPS/OPS/Styles/OPSStyle.swift -primary-file /Users/jacksonsweet/Desktop/OPS\ APP/OPS/OPS/Utilities/AppConfiguration.swift -primary-file /Users/jacksonsweet/Desktop/OPS\ APP/OPS/OPS/Utilities/ArrayTransformer.swift -primary-file /Users/jacksonsweet/Desktop/OPS\ APP/OPS/OPS/Utilities/DataController.swift -primary-file /Users/jacksonsweet/Desktop/OPS\ APP/OPS/OPS/Utilities/Dateformatter\ +Bubble.swift -primary-file /Users/jacksonsweet/Desktop/OPS\ APP/OPS/OPS/Utilities/DateHelper.swift -primary-file /Users/jacksonsweet/Desktop/OPS\ APP/OPS/OPS/Utilities/FieldErrorHandler.swift -primary-file /Users/jacksonsweet/Desktop/OPS\ APP/OPS/OPS/Utilities/ImageCache.swift -primary-file /Users/jacksonsweet/Desktop/OPS\ APP/OPS/OPS/Utilities/ImageFileManager.swift /Users/jacksonsweet/Desktop/OPS\ APP/OPS/OPS/Utilities/InProgressManager.swift /Users/jacksonsweet/Desktop/OPS\ APP/OPS/OPS/Utilities/KeyboardDismissalModifier.swift /Users/jacksonsweet/Desktop/OPS\ APP/OPS/OPS/Utilities/LocationManager.swift /Users/jacksonsweet/Desktop/OPS\ APP/OPS/OPS/Utilities/OnboardingEnvironmentKey.swift /Users/jacksonsweet/Desktop/OPS\ APP/OPS/OPS/Utilities/SwiftDataHelper.swift /Users/jacksonsweet/Desktop/OPS\ APP/OPS/OPS/Utilities/UIComponents.swift /Users/jacksonsweet/Desktop/OPS\ APP/OPS/OPS/V2/CertificationsSettingsView.swift /Users/jacksonsweet/Desktop/OPS\ APP/OPS/OPS/ViewModels/CalendarViewModel.swift /Users/jacksonsweet/Desktop/OPS\ APP/OPS/OPS/ViewModels/ProjectsViewModel.swift /Users/jacksonsweet/Desktop/OPS\ APP/OPS/OPS/Views/Calendar\ Tab/Components/CalendarDaySelector.swift /Users/jacksonsweet/Desktop/OPS\ APP/OPS/OPS/Views/Calendar\ Tab/Components/CalendarHeaderView.swift /Users/jacksonsweet/Desktop/OPS\ APP/OPS/OPS/Views/Calendar\ Tab/Components/CalendarProjectCard.swift /Users/jacksonsweet/Desktop/OPS\ APP/OPS/OPS/Views/Calendar\ Tab/Components/CalendarToggleView.swift /Users/jacksonsweet/Desktop/OPS\ APP/OPS/OPS/Views/Calendar\ Tab/Components/DatePickerPopover.swift /Users/jacksonsweet/Desktop/OPS\ APP/OPS/OPS/Views/Calendar\ Tab/Components/DayCell.swift /Users/jacksonsweet/Desktop/OPS\ APP/OPS/OPS/Views/Calendar\ Tab/ProjectViews/DayProjectSheet.swift /Users/jacksonsweet/Desktop/OPS\ APP/OPS/OPS/Views/Calendar\ Tab/ProjectViews/ProjectListView.swift /Users/jacksonsweet/Desktop/OPS\ APP/OPS/OPS/Views/Calendar\ Tab/MonthGridView.swift /Users/jacksonsweet/Desktop/OPS\ APP/OPS/OPS/Views/Components/Common/AppHeader.swift /Users/jacksonsweet/Desktop/OPS\ APP/OPS/OPS/Views/Components/Common/ExpandableNotesView.swift /Users/jacksonsweet/Desktop/OPS\ APP/OPS/OPS/Views/Components/Common/LocationPermissionView.swift /Users/jacksonsweet/Desktop/OPS\ APP/OPS/OPS/Views/Components/Common/NavigationBanner.swift /Users/jacksonsweet/Desktop/OPS\ APP/OPS/OPS/Views/Components/Common/NavigationControlsView.swift /Users/jacksonsweet/Desktop/OPS\ APP/OPS/OPS/Views/Components/Common/TabBarBackground.swift /Users/jacksonsweet/Desktop/OPS\ APP/OPS/OPS/Views/Components/Images/ImagePicker.swift /Users/jacksonsweet/Desktop/OPS\ APP/OPS/OPS/Views/Components/Images/ImagePickerView.swift /Users/jacksonsweet/Desktop/OPS\ APP/OPS/OPS/Views/Components/Images/ProjectImagesSection.swift /Users/jacksonsweet/Desktop/OPS\ APP/OPS/OPS/Views/Components/Images/ProjectImagesSimple.swift /Users/jacksonsweet/Desktop/OPS\ APP/OPS/OPS/Views/Components/Images/ProjectImageView.swift /Users/jacksonsweet/Desktop/OPS\ APP/OPS/OPS/Views/Components/Images/ProjectPhotosGrid.swift /Users/jacksonsweet/Desktop/OPS\ APP/OPS/OPS/Views/Components/Map/MiniMapView.swift /Users/jacksonsweet/Desktop/OPS\ APP/OPS/OPS/Views/Components/Map/ProjectMapAnnotation.swift /Users/jacksonsweet/Desktop/OPS\ APP/OPS/OPS/Views/Components/Map/ProjectMapView.swift /Users/jacksonsweet/Desktop/OPS\ APP/OPS/OPS/Views/Components/Map/ProjectMarkerPopup.swift /Users/jacksonsweet/Desktop/OPS\ APP/OPS/OPS/Views/Components/Map/RouteDirectionsView.swift /Users/jacksonsweet/Desktop/OPS\ APP/OPS/OPS/Views/Components/Project/ProjectActionBar.swift /Users/jacksonsweet/Desktop/OPS\ APP/OPS/OPS/Views/Components/Project/ProjectCard.swift /Users/jacksonsweet/Desktop/OPS\ APP/OPS/OPS/Views/Components/Project/ProjectCarousel.swift /Users/jacksonsweet/Desktop/OPS\ APP/OPS/OPS/Views/Components/Project/ProjectDetailsView.swift /Users/jacksonsweet/Desktop/OPS\ APP/OPS/OPS/Views/Components/Project/ProjectHeader.swift /Users/jacksonsweet/Desktop/OPS\ APP/OPS/OPS/Views/Components/Project/ProjectSheetContainer.swift /Users/jacksonsweet/Desktop/OPS\ APP/OPS/OPS/Views/Components/User/TeamMemberListView.swift /Users/jacksonsweet/Desktop/OPS\ APP/OPS/OPS/Views/Components/User/UserProfileCard.swift /Users/jacksonsweet/Desktop/OPS\ APP/OPS/OPS/Views/Home/HomeContentView.swift /Users/jacksonsweet/Desktop/OPS\ APP/OPS/OPS/Views/Home/HomeView.swift /Users/jacksonsweet/Desktop/OPS\ APP/OPS/OPS/Views/Settings/OrganizationSettingsView.swift /Users/jacksonsweet/Desktop/OPS\ APP/OPS/OPS/Views/Settings/ProfileSettingsView.swift /Users/jacksonsweet/Desktop/OPS\ APP/OPS/OPS/Views/Settings/ProjectHistorySettingsView.swift /Users/jacksonsweet/Desktop/OPS\ APP/OPS/OPS/Views/LoginView.swift /Users/jacksonsweet/Desktop/OPS\ APP/OPS/OPS/Views/LoginViewPreview.swift /Users/jacksonsweet/Desktop/OPS\ APP/OPS/OPS/Views/MainTabView.swift /Users/jacksonsweet/Desktop/OPS\ APP/OPS/OPS/Views/NetworkStatusIndicator.swift /Users/jacksonsweet/Desktop/OPS\ APP/OPS/OPS/Views/ScheduleView.swift /Users/jacksonsweet/Desktop/OPS\ APP/OPS/OPS/Views/SettingsView.swift /Users/jacksonsweet/Desktop/OPS\ APP/OPS/OPS/Views/SplashScreen.swift /Users/jacksonsweet/Desktop/OPS\ APP/OPS/OPS/AppState.swift /Users/jacksonsweet/Desktop/OPS\ APP/OPS/OPS/ContentView.swift /Users/jacksonsweet/Desktop/OPS\ APP/OPS/OPS/Item.swift /Users/jacksonsweet/Desktop/OPS\ APP/OPS/OPS/OPSApp.swift /Users/jacksonsweet/Library/Developer/Xcode/DerivedData/OPS-czavgtmnvamasvcjgszzuulfcsxj/Build/Intermediates.noindex/OPS.build/Debug-iphonesimulator/OPS.build/DerivedSources/GeneratedAssetSymbols.swift -supplementary-output-file-map /Users/jacksonsweet/Library/Developer/Xcode/DerivedData/OPS-czavgtmnvamasvcjgszzuulfcsxj/Build/Intermediates.noindex/OPS.build/Debug-iphonesimulator/OPS.build/Objects-normal/arm64/supplementaryOutputs-5 -emit-localized-strings -emit-localized-strings-path /Users/jacksonsweet/Library/Developer/Xcode/DerivedData/OPS-czavgtmnvamasvcjgszzuulfcsxj/Build/Intermediates.noindex/OPS.build/Debug-iphonesimulator/OPS.build/Objects-normal/arm64 -target arm64-apple-ios18.2-simulator -Xllvm -aarch64-use-tbi -enable-objc-interop -sdk /Applications/Xcode.app/Contents/Developer/Platforms/iPhoneSimulator.platform/Developer/SDKs/iPhoneSimulator18.2.sdk -I /Users/jacksonsweet/Library/Developer/Xcode/DerivedData/OPS-czavgtmnvamasvcjgszzuulfcsxj/Build/Products/Debug-iphonesimulator -F /Users/jacksonsweet/Library/Developer/Xcode/DerivedData/OPS-czavgtmnvamasvcjgszzuulfcsxj/Build/Products/Debug-iphonesimulator -no-color-diagnostics -enable-testing -g -debug-info-format\=dwarf -dwarf-version\=5 -module-cache-path /Users/jacksonsweet/Library/Developer/Xcode/DerivedData/ModuleCache.noindex -profile-generate -profile-coverage-mapping -swift-version 5 -enforce-exclusivity\=checked -Onone -D DEBUG -serialize-debugging-options -const-gather-protocols-file /Users/jacksonsweet/Library/Developer/Xcode/DerivedData/OPS-czavgtmnvamasvcjgszzuulfcsxj/Build/Intermediates.noindex/OPS.build/Debug-iphonesimulator/OPS.build/Objects-normal/arm64/OPS_const_extract_protocols.json -enable-experimental-feature DebugDescriptionMacro -enable-experimental-feature OpaqueTypeErasure -enable-bare-slash-regex -empty-abi-descriptor -validate-clang-modules-once -clang-build-session-file /Users/jacksonsweet/Library/Developer/Xcode/DerivedData/ModuleCache.noindex/Session.modulevalidation -Xcc -working-directory -Xcc /Users/jacksonsweet/Desktop/OPS\ APP/OPS -resource-dir /Applications/Xcode.app/Contents/Developer/Toolchains/XcodeDefault.xctoolchain/usr/lib/swift -enable-anonymous-context-mangled-names -file-compilation-dir /Users/jacksonsweet/Desktop/OPS\ APP/OPS -Xcc -D_LIBCPP_HARDENING_MODE\=_LIBCPP_HARDENING_MODE_DEBUG -Xcc -ivfsstatcache -Xcc /Users/jacksonsweet/Library/Developer/Xcode/DerivedData/SDKStatCaches.noindex/iphonesimulator18.2-22C146-07b28473f605e47e75261259d3ef3b5a.sdkstatcache -Xcc -I/Users/jacksonsweet/Library/Developer/Xcode/DerivedData/OPS-czavgtmnvamasvcjgszzuulfcsxj/Build/Intermediates.noindex/OPS.build/Debug-iphonesimulator/OPS.build/swift-overrides.hmap -Xcc -iquote -Xcc /Users/jacksonsweet/Library/Developer/Xcode/DerivedData/OPS-czavgtmnvamasvcjgszzuulfcsxj/Build/Intermediates.noindex/OPS.build/Debug-iphonesimulator/OPS.build/OPS-generated-files.hmap -Xcc -I/Users/jacksonsweet/Library/Developer/Xcode/DerivedData/OPS-czavgtmnvamasvcjgszzuulfcsxj/Build/Intermediates.noindex/OPS.build/Debug-iphonesimulator/OPS.build/OPS-own-target-headers.hmap -Xcc -I/Users/jacksonsweet/Library/Developer/Xcode/DerivedData/OPS-czavgtmnvamasvcjgszzuulfcsxj/Build/Intermediates.noindex/OPS.build/Debug-iphonesimulator/OPS.build/OPS-all-target-headers.hmap -Xcc -iquote -Xcc /Users/jacksonsweet/Library/Developer/Xcode/DerivedData/OPS-czavgtmnvamasvcjgszzuulfcsxj/Build/Intermediates.noindex/OPS.build/Debug-iphonesimulator/OPS.build/OPS-project-headers.hmap -Xcc -I/Users/jacksonsweet/Library/Developer/Xcode/DerivedData/OPS-czavgtmnvamasvcjgszzuulfcsxj/Build/Products/Debug-iphonesimulator/include -Xcc -I/Users/jacksonsweet/Library/Developer/Xcode/DerivedData/OPS-czavgtmnvamasvcjgszzuulfcsxj/Build/Intermediates.noindex/OPS.build/Debug-iphonesimulator/OPS.build/DerivedSources-normal/arm64 -Xcc -I/Users/jacksonsweet/Library/Developer/Xcode/DerivedData/OPS-czavgtmnvamasvcjgszzuulfcsxj/Build/Intermediates.noindex/OPS.build/Debug-iphonesimulator/OPS.build/DerivedSources/arm64 -Xcc -I/Users/jacksonsweet/Library/Developer/Xcode/DerivedData/OPS-czavgtmnvamasvcjgszzuulfcsxj/Build/Intermediates.noindex/OPS.build/Debug-iphonesimulator/OPS.build/DerivedSources -Xcc -DDEBUG\=1 -module-name OPS -frontend-parseable-output -disable-clang-spi -target-sdk-version 18.2 -target-sdk-name iphonesimulator18.2 -external-plugin-path /Applications/Xcode.app/Contents/Developer/Platforms/iPhoneOS.platform/Developer/usr/lib/swift/host/plugins\#/Applications/Xcode.app/Contents/Developer/Platforms/iPhoneOS.platform/Developer/usr/bin/swift-plugin-server -external-plugin-path /Applications/Xcode.app/Contents/Developer/Platforms/iPhoneOS.platform/Developer/usr/local/lib/swift/host/plugins\#/Applications/Xcode.app/Contents/Developer/Platforms/iPhoneOS.platform/Developer/usr/bin/swift-plugin-server -plugin-path /Applications/Xcode.app/Contents/Developer/Toolchains/XcodeDefault.xctoolchain/usr/lib/swift/host/plugins -plugin-path /Applications/Xcode.app/Contents/Developer/Toolchains/XcodeDefault.xctoolchain/usr/local/lib/swift/host/plugins -o /Users/jacksonsweet/Library/Developer/Xcode/DerivedData/OPS-czavgtmnvamasvcjgszzuulfcsxj/Build/Intermediates.noindex/OPS.build/Debug-iphonesimulator/OPS.build/Objects-normal/arm64/OnboardingContainerView.o -o /Users/jacksonsweet/Library/Developer/Xcode/DerivedData/OPS-czavgtmnvamasvcjgszzuulfcsxj/Build/Intermediates.noindex/OPS.build/Debug-iphonesimulator/OPS.build/Objects-normal/arm64/OnboardingFlowPreview.o -o /Users/jacksonsweet/Library/Developer/Xcode/DerivedData/OPS-czavgtmnvamasvcjgszzuulfcsxj/Build/Intermediates.noindex/OPS.build/Debug-iphonesimulator/OPS.build/Objects-normal/arm64/OnboardingPresenter.o -o /Users/jacksonsweet/Library/Developer/Xcode/DerivedData/OPS-czavgtmnvamasvcjgszzuulfcsxj/Build/Intermediates.noindex/OPS.build/Debug-iphonesimulator/OPS.build/Objects-normal/arm64/OnboardingPreviewHelpers.o -o /Users/jacksonsweet/Library/Developer/Xcode/DerivedData/OPS-czavgtmnvamasvcjgszzuulfcsxj/Build/Intermediates.noindex/OPS.build/Debug-iphonesimulator/OPS.build/Objects-normal/arm64/OPSStyle.o -o /Users/jacksonsweet/Library/Developer/Xcode/DerivedData/OPS-czavgtmnvamasvcjgszzuulfcsxj/Build/Intermediates.noindex/OPS.build/Debug-iphonesimulator/OPS.build/Objects-normal/arm64/AppConfiguration.o -o /Users/jacksonsweet/Library/Developer/Xcode/DerivedData/OPS-czavgtmnvamasvcjgszzuulfcsxj/Build/Intermediates.noindex/OPS.build/Debug-iphonesimulator/OPS.build/Objects-normal/arm64/ArrayTransformer.o -o /Users/jacksonsweet/Library/Developer/Xcode/DerivedData/OPS-czavgtmnvamasvcjgszzuulfcsxj/Build/Intermediates.noindex/OPS.build/Debug-iphonesimulator/OPS.build/Objects-normal/arm64/DataController.o -o /Users/jacksonsweet/Library/Developer/Xcode/DerivedData/OPS-czavgtmnvamasvcjgszzuulfcsxj/Build/Intermediates.noindex/OPS.build/Debug-iphonesimulator/OPS.build/Objects-normal/arm64/Dateformatter\ +Bubble.o -o /Users/jacksonsweet/Library/Developer/Xcode/DerivedData/OPS-czavgtmnvamasvcjgszzuulfcsxj/Build/Intermediates.noindex/OPS.build/Debug-iphonesimulator/OPS.build/Objects-normal/arm64/DateHelper.o -o /Users/jacksonsweet/Library/Developer/Xcode/DerivedData/OPS-czavgtmnvamasvcjgszzuulfcsxj/Build/Intermediates.noindex/OPS.build/Debug-iphonesimulator/OPS.build/Objects-normal/arm64/FieldErrorHandler.o -o /Users/jacksonsweet/Library/Developer/Xcode/DerivedData/OPS-czavgtmnvamasvcjgszzuulfcsxj/Build/Intermediates.noindex/OPS.build/Debug-iphonesimulator/OPS.build/Objects-normal/arm64/ImageCache.o -o /Users/jacksonsweet/Library/Developer/Xcode/DerivedData/OPS-czavgtmnvamasvcjgszzuulfcsxj/Build/Intermediates.noindex/OPS.build/Debug-iphonesimulator/OPS.build/Objects-normal/arm64/ImageFileManager.o -index-unit-output-path /OPS.build/Debug-iphonesimulator/OPS.build/Objects-normal/arm64/OnboardingContainerView.o -index-unit-output-path /OPS.build/Debug-iphonesimulator/OPS.build/Objects-normal/arm64/OnboardingFlowPreview.o -index-unit-output-path /OPS.build/Debug-iphonesimulator/OPS.build/Objects-normal/arm64/OnboardingPresenter.o -index-unit-output-path /OPS.build/Debug-iphonesimulator/OPS.build/Objects-normal/arm64/OnboardingPreviewHelpers.o -index-unit-output-path /OPS.build/Debug-iphonesimulator/OPS.build/Objects-normal/arm64/OPSStyle.o -index-unit-output-path /OPS.build/Debug-iphonesimulator/OPS.build/Objects-normal/arm64/AppConfiguration.o -index-unit-output-path /OPS.build/Debug-iphonesimulator/OPS.build/Objects-normal/arm64/ArrayTransformer.o -index-unit-output-path /OPS.build/Debug-iphonesimulator/OPS.build/Objects-normal/arm64/DataController.o -index-unit-output-path /OPS.build/Debug-iphonesimulator/OPS.build/Objects-normal/arm64/Dateformatter\ +Bubble.o -index-unit-output-path /OPS.build/Debug-iphonesimulator/OPS.build/Objects-normal/arm64/DateHelper.o -index-unit-output-path /OPS.build/Debug-iphonesimulator/OPS.build/Objects-normal/arm64/FieldErrorHandler.o -index-unit-output-path /OPS.build/Debug-iphonesimulator/OPS.build/Objects-normal/arm64/ImageCache.o -index-unit-output-path /OPS.build/Debug-iphonesimulator/OPS.build/Objects-normal/arm64/ImageFileManager.o -index-store-path /Users/jacksonsweet/Library/Developer/Xcode/DerivedData/OPS-czavgtmnvamasvcjgszzuulfcsxj/Index.noindex/DataStore -index-system-modules
/Users/jacksonsweet/Desktop/OPS APP/OPS/OPS/Onboarding/Views/OnboardingContainerView.swift:175:20: error: initializer for conditional binding must have Optional type, not 'String'
                if let userIdValue = userId, !userIdValue.isEmpty, let modelContext = dataController.modelContext {
                   ^                 ~~~~~~

SwiftCompile normal arm64 /Users/jacksonsweet/Desktop/OPS\ APP/OPS/OPS/Onboarding/Views/OnboardingFlowPreview.swift (in target 'OPS' from project 'OPS')
    cd /Users/jacksonsweet/Desktop/OPS\ APP/OPS
    /Applications/Xcode.app/Contents/Developer/Toolchains/XcodeDefault.xctoolchain/usr/bin/swift-frontend -c /Users/jacksonsweet/Desktop/OPS\ APP/OPS/OPS/DataModels/BubbleImage.swift /Users/jacksonsweet/Desktop/OPS\ APP/OPS/OPS/DataModels/BubbleTypes.swift /Users/jacksonsweet/Desktop/OPS\ APP/OPS/OPS/DataModels/Company.swift /Users/jacksonsweet/Desktop/OPS\ APP/OPS/OPS/DataModels/Project.swift /Users/jacksonsweet/Desktop/OPS\ APP/OPS/OPS/DataModels/Status.swift /Users/jacksonsweet/Desktop/OPS\ APP/OPS/OPS/DataModels/User.swift /Users/jacksonsweet/Desktop/OPS\ APP/OPS/OPS/DataModels/UserRole.swift /Users/jacksonsweet/Desktop/OPS\ APP/OPS/OPS/Extensions/UIImage+Extensions.swift /Users/jacksonsweet/Desktop/OPS\ APP/OPS/OPS/Network/API/APIError.swift /Users/jacksonsweet/Desktop/OPS\ APP/OPS/OPS/Network/API/APIService.swift /Users/jacksonsweet/Desktop/OPS\ APP/OPS/OPS/Network/API/BubbleFields.swift /Users/jacksonsweet/Desktop/OPS\ APP/OPS/OPS/Network/Auth/AuthError.swift /Users/jacksonsweet/Desktop/OPS\ APP/OPS/OPS/Network/Auth/AuthManager.swift /Users/jacksonsweet/Desktop/OPS\ APP/OPS/OPS/Network/Auth/KeychainManager.swift /Users/jacksonsweet/Desktop/OPS\ APP/OPS/OPS/Network/DTOs/CompanyDTO.swift /Users/jacksonsweet/Desktop/OPS\ APP/OPS/OPS/Network/DTOs/ProjectDTO.swift /Users/jacksonsweet/Desktop/OPS\ APP/OPS/OPS/Network/DTOs/UserDTO.swift /Users/jacksonsweet/Desktop/OPS\ APP/OPS/OPS/Network/Endpoints/CompanyEndpoints.swift /Users/jacksonsweet/Desktop/OPS\ APP/OPS/OPS/Network/Endpoints/ProjectEndpoints.swift /Users/jacksonsweet/Desktop/OPS\ APP/OPS/OPS/Network/Endpoints/UserEndpoints.swift /Users/jacksonsweet/Desktop/OPS\ APP/OPS/OPS/Network/Sync/BackgroundTaskManager.swift /Users/jacksonsweet/Desktop/OPS\ APP/OPS/OPS/Network/Sync/SyncManager.swift /Users/jacksonsweet/Desktop/OPS\ APP/OPS/OPS/Network/ConnectivityMonitor.swift /Users/jacksonsweet/Desktop/OPS\ APP/OPS/OPS/Network/ImageSyncManager.swift /Users/jacksonsweet/Desktop/OPS\ APP/OPS/OPS/Onboarding/Coordinators/OnboardingCoordinator.swift /Users/jacksonsweet/Desktop/OPS\ APP/OPS/OPS/Onboarding/Models/OnboardingModels.swift /Users/jacksonsweet/Desktop/OPS\ APP/OPS/OPS/Onboarding/Services/OnboardingService.swift /Users/jacksonsweet/Desktop/OPS\ APP/OPS/OPS/Onboarding/ViewModels/OnboardingViewModel.swift /Users/jacksonsweet/Desktop/OPS\ APP/OPS/OPS/Onboarding/Views/Components/OnboardingComponents.swift /Users/jacksonsweet/Desktop/OPS\ APP/OPS/OPS/Onboarding/Views/Screens/AccountCreatedView.swift /Users/jacksonsweet/Desktop/OPS\ APP/OPS/OPS/Onboarding/Views/Screens/CompanyCodeView.swift /Users/jacksonsweet/Desktop/OPS\ APP/OPS/OPS/Onboarding/Views/Screens/CompanyCodeViewPreview.swift /Users/jacksonsweet/Desktop/OPS\ APP/OPS/OPS/Onboarding/Views/Screens/CompletionView.swift /Users/jacksonsweet/Desktop/OPS\ APP/OPS/OPS/Onboarding/Views/Screens/CompletionViewPreview.swift /Users/jacksonsweet/Desktop/OPS\ APP/OPS/OPS/Onboarding/Views/Screens/EmailView.swift /Users/jacksonsweet/Desktop/OPS\ APP/OPS/OPS/Onboarding/Views/Screens/FieldSetupView.swift /Users/jacksonsweet/Desktop/OPS\ APP/OPS/OPS/Onboarding/Views/Screens/NotificationsView.swift /Users/jacksonsweet/Desktop/OPS\ APP/OPS/OPS/Onboarding/Views/Screens/NotificationsViewPreview.swift /Users/jacksonsweet/Desktop/OPS\ APP/OPS/OPS/Onboarding/Views/Screens/OrganizationJoinView.swift /Users/jacksonsweet/Desktop/OPS\ APP/OPS/OPS/Onboarding/Views/Screens/PasswordView.swift /Users/jacksonsweet/Desktop/OPS\ APP/OPS/OPS/Onboarding/Views/Screens/PasswordViewPreview.swift /Users/jacksonsweet/Desktop/OPS\ APP/OPS/OPS/Onboarding/Views/Screens/PermissionsView.swift /Users/jacksonsweet/Desktop/OPS\ APP/OPS/OPS/Onboarding/Views/Screens/PermissionsViewPreview.swift /Users/jacksonsweet/Desktop/OPS\ APP/OPS/OPS/Onboarding/Views/Screens/PhoneNumberView.swift /Users/jacksonsweet/Desktop/OPS\ APP/OPS/OPS/Onboarding/Views/Screens/PhoneNumberViewPreview.swift /Users/jacksonsweet/Desktop/OPS\ APP/OPS/OPS/Onboarding/Views/Screens/UserInfoView.swift /Users/jacksonsweet/Desktop/OPS\ APP/OPS/OPS/Onboarding/Views/Screens/UserInfoViewPreview.swift /Users/jacksonsweet/Desktop/OPS\ APP/OPS/OPS/Onboarding/Views/Screens/VerifyPhoneView.swift /Users/jacksonsweet/Desktop/OPS\ APP/OPS/OPS/Onboarding/Views/Screens/WelcomeCompanyView.swift /Users/jacksonsweet/Desktop/OPS\ APP/OPS/OPS/Onboarding/Views/Screens/WelcomeCompanyViewPreview.swift /Users/jacksonsweet/Desktop/OPS\ APP/OPS/OPS/Onboarding/Views/Screens/WelcomeView.swift /Users/jacksonsweet/Desktop/OPS\ APP/OPS/OPS/Onboarding/Views/Screens/WelcomeViewPreview.swift -primary-file /Users/jacksonsweet/Desktop/OPS\ APP/OPS/OPS/Onboarding/Views/OnboardingContainerView.swift -primary-file /Users/jacksonsweet/Desktop/OPS\ APP/OPS/OPS/Onboarding/Views/OnboardingFlowPreview.swift -primary-file /Users/jacksonsweet/Desktop/OPS\ APP/OPS/OPS/Onboarding/Views/OnboardingPresenter.swift -primary-file /Users/jacksonsweet/Desktop/OPS\ APP/OPS/OPS/Onboarding/Views/OnboardingPreviewHelpers.swift -primary-file /Users/jacksonsweet/Desktop/OPS\ APP/OPS/OPS/Styles/OPSStyle.swift -primary-file /Users/jacksonsweet/Desktop/OPS\ APP/OPS/OPS/Utilities/AppConfiguration.swift -primary-file /Users/jacksonsweet/Desktop/OPS\ APP/OPS/OPS/Utilities/ArrayTransformer.swift -primary-file /Users/jacksonsweet/Desktop/OPS\ APP/OPS/OPS/Utilities/DataController.swift -primary-file /Users/jacksonsweet/Desktop/OPS\ APP/OPS/OPS/Utilities/Dateformatter\ +Bubble.swift -primary-file /Users/jacksonsweet/Desktop/OPS\ APP/OPS/OPS/Utilities/DateHelper.swift -primary-file /Users/jacksonsweet/Desktop/OPS\ APP/OPS/OPS/Utilities/FieldErrorHandler.swift -primary-file /Users/jacksonsweet/Desktop/OPS\ APP/OPS/OPS/Utilities/ImageCache.swift -primary-file /Users/jacksonsweet/Desktop/OPS\ APP/OPS/OPS/Utilities/ImageFileManager.swift /Users/jacksonsweet/Desktop/OPS\ APP/OPS/OPS/Utilities/InProgressManager.swift /Users/jacksonsweet/Desktop/OPS\ APP/OPS/OPS/Utilities/KeyboardDismissalModifier.swift /Users/jacksonsweet/Desktop/OPS\ APP/OPS/OPS/Utilities/LocationManager.swift /Users/jacksonsweet/Desktop/OPS\ APP/OPS/OPS/Utilities/OnboardingEnvironmentKey.swift /Users/jacksonsweet/Desktop/OPS\ APP/OPS/OPS/Utilities/SwiftDataHelper.swift /Users/jacksonsweet/Desktop/OPS\ APP/OPS/OPS/Utilities/UIComponents.swift /Users/jacksonsweet/Desktop/OPS\ APP/OPS/OPS/V2/CertificationsSettingsView.swift /Users/jacksonsweet/Desktop/OPS\ APP/OPS/OPS/ViewModels/CalendarViewModel.swift /Users/jacksonsweet/Desktop/OPS\ APP/OPS/OPS/ViewModels/ProjectsViewModel.swift /Users/jacksonsweet/Desktop/OPS\ APP/OPS/OPS/Views/Calendar\ Tab/Components/CalendarDaySelector.swift /Users/jacksonsweet/Desktop/OPS\ APP/OPS/OPS/Views/Calendar\ Tab/Components/CalendarHeaderView.swift /Users/jacksonsweet/Desktop/OPS\ APP/OPS/OPS/Views/Calendar\ Tab/Components/CalendarProjectCard.swift /Users/jacksonsweet/Desktop/OPS\ APP/OPS/OPS/Views/Calendar\ Tab/Components/CalendarToggleView.swift /Users/jacksonsweet/Desktop/OPS\ APP/OPS/OPS/Views/Calendar\ Tab/Components/DatePickerPopover.swift /Users/jacksonsweet/Desktop/OPS\ APP/OPS/OPS/Views/Calendar\ Tab/Components/DayCell.swift /Users/jacksonsweet/Desktop/OPS\ APP/OPS/OPS/Views/Calendar\ Tab/ProjectViews/DayProjectSheet.swift /Users/jacksonsweet/Desktop/OPS\ APP/OPS/OPS/Views/Calendar\ Tab/ProjectViews/ProjectListView.swift /Users/jacksonsweet/Desktop/OPS\ APP/OPS/OPS/Views/Calendar\ Tab/MonthGridView.swift /Users/jacksonsweet/Desktop/OPS\ APP/OPS/OPS/Views/Components/Common/AppHeader.swift /Users/jacksonsweet/Desktop/OPS\ APP/OPS/OPS/Views/Components/Common/ExpandableNotesView.swift /Users/jacksonsweet/Desktop/OPS\ APP/OPS/OPS/Views/Components/Common/LocationPermissionView.swift /Users/jacksonsweet/Desktop/OPS\ APP/OPS/OPS/Views/Components/Common/NavigationBanner.swift /Users/jacksonsweet/Desktop/OPS\ APP/OPS/OPS/Views/Components/Common/NavigationControlsView.swift /Users/jacksonsweet/Desktop/OPS\ APP/OPS/OPS/Views/Components/Common/TabBarBackground.swift /Users/jacksonsweet/Desktop/OPS\ APP/OPS/OPS/Views/Components/Images/ImagePicker.swift /Users/jacksonsweet/Desktop/OPS\ APP/OPS/OPS/Views/Components/Images/ImagePickerView.swift /Users/jacksonsweet/Desktop/OPS\ APP/OPS/OPS/Views/Components/Images/ProjectImagesSection.swift /Users/jacksonsweet/Desktop/OPS\ APP/OPS/OPS/Views/Components/Images/ProjectImagesSimple.swift /Users/jacksonsweet/Desktop/OPS\ APP/OPS/OPS/Views/Components/Images/ProjectImageView.swift /Users/jacksonsweet/Desktop/OPS\ APP/OPS/OPS/Views/Components/Images/ProjectPhotosGrid.swift /Users/jacksonsweet/Desktop/OPS\ APP/OPS/OPS/Views/Components/Map/MiniMapView.swift /Users/jacksonsweet/Desktop/OPS\ APP/OPS/OPS/Views/Components/Map/ProjectMapAnnotation.swift /Users/jacksonsweet/Desktop/OPS\ APP/OPS/OPS/Views/Components/Map/ProjectMapView.swift /Users/jacksonsweet/Desktop/OPS\ APP/OPS/OPS/Views/Components/Map/ProjectMarkerPopup.swift /Users/jacksonsweet/Desktop/OPS\ APP/OPS/OPS/Views/Components/Map/RouteDirectionsView.swift /Users/jacksonsweet/Desktop/OPS\ APP/OPS/OPS/Views/Components/Project/ProjectActionBar.swift /Users/jacksonsweet/Desktop/OPS\ APP/OPS/OPS/Views/Components/Project/ProjectCard.swift /Users/jacksonsweet/Desktop/OPS\ APP/OPS/OPS/Views/Components/Project/ProjectCarousel.swift /Users/jacksonsweet/Desktop/OPS\ APP/OPS/OPS/Views/Components/Project/ProjectDetailsView.swift /Users/jacksonsweet/Desktop/OPS\ APP/OPS/OPS/Views/Components/Project/ProjectHeader.swift /Users/jacksonsweet/Desktop/OPS\ APP/OPS/OPS/Views/Components/Project/ProjectSheetContainer.swift /Users/jacksonsweet/Desktop/OPS\ APP/OPS/OPS/Views/Components/User/TeamMemberListView.swift /Users/jacksonsweet/Desktop/OPS\ APP/OPS/OPS/Views/Components/User/UserProfileCard.swift /Users/jacksonsweet/Desktop/OPS\ APP/OPS/OPS/Views/Home/HomeContentView.swift /Users/jacksonsweet/Desktop/OPS\ APP/OPS/OPS/Views/Home/HomeView.swift /Users/jacksonsweet/Desktop/OPS\ APP/OPS/OPS/Views/Settings/OrganizationSettingsView.swift /Users/jacksonsweet/Desktop/OPS\ APP/OPS/OPS/Views/Settings/ProfileSettingsView.swift /Users/jacksonsweet/Desktop/OPS\ APP/OPS/OPS/Views/Settings/ProjectHistorySettingsView.swift /Users/jacksonsweet/Desktop/OPS\ APP/OPS/OPS/Views/LoginView.swift /Users/jacksonsweet/Desktop/OPS\ APP/OPS/OPS/Views/LoginViewPreview.swift /Users/jacksonsweet/Desktop/OPS\ APP/OPS/OPS/Views/MainTabView.swift /Users/jacksonsweet/Desktop/OPS\ APP/OPS/OPS/Views/NetworkStatusIndicator.swift /Users/jacksonsweet/Desktop/OPS\ APP/OPS/OPS/Views/ScheduleView.swift /Users/jacksonsweet/Desktop/OPS\ APP/OPS/OPS/Views/SettingsView.swift /Users/jacksonsweet/Desktop/OPS\ APP/OPS/OPS/Views/SplashScreen.swift /Users/jacksonsweet/Desktop/OPS\ APP/OPS/OPS/AppState.swift /Users/jacksonsweet/Desktop/OPS\ APP/OPS/OPS/ContentView.swift /Users/jacksonsweet/Desktop/OPS\ APP/OPS/OPS/Item.swift /Users/jacksonsweet/Desktop/OPS\ APP/OPS/OPS/OPSApp.swift /Users/jacksonsweet/Library/Developer/Xcode/DerivedData/OPS-czavgtmnvamasvcjgszzuulfcsxj/Build/Intermediates.noindex/OPS.build/Debug-iphonesimulator/OPS.build/DerivedSources/GeneratedAssetSymbols.swift -supplementary-output-file-map /Users/jacksonsweet/Library/Developer/Xcode/DerivedData/OPS-czavgtmnvamasvcjgszzuulfcsxj/Build/Intermediates.noindex/OPS.build/Debug-iphonesimulator/OPS.build/Objects-normal/arm64/supplementaryOutputs-5 -emit-localized-strings -emit-localized-strings-path /Users/jacksonsweet/Library/Developer/Xcode/DerivedData/OPS-czavgtmnvamasvcjgszzuulfcsxj/Build/Intermediates.noindex/OPS.build/Debug-iphonesimulator/OPS.build/Objects-normal/arm64 -target arm64-apple-ios18.2-simulator -Xllvm -aarch64-use-tbi -enable-objc-interop -sdk /Applications/Xcode.app/Contents/Developer/Platforms/iPhoneSimulator.platform/Developer/SDKs/iPhoneSimulator18.2.sdk -I /Users/jacksonsweet/Library/Developer/Xcode/DerivedData/OPS-czavgtmnvamasvcjgszzuulfcsxj/Build/Products/Debug-iphonesimulator -F /Users/jacksonsweet/Library/Developer/Xcode/DerivedData/OPS-czavgtmnvamasvcjgszzuulfcsxj/Build/Products/Debug-iphonesimulator -no-color-diagnostics -enable-testing -g -debug-info-format\=dwarf -dwarf-version\=5 -module-cache-path /Users/jacksonsweet/Library/Developer/Xcode/DerivedData/ModuleCache.noindex -profile-generate -profile-coverage-mapping -swift-version 5 -enforce-exclusivity\=checked -Onone -D DEBUG -serialize-debugging-options -const-gather-protocols-file /Users/jacksonsweet/Library/Developer/Xcode/DerivedData/OPS-czavgtmnvamasvcjgszzuulfcsxj/Build/Intermediates.noindex/OPS.build/Debug-iphonesimulator/OPS.build/Objects-normal/arm64/OPS_const_extract_protocols.json -enable-experimental-feature DebugDescriptionMacro -enable-experimental-feature OpaqueTypeErasure -enable-bare-slash-regex -empty-abi-descriptor -validate-clang-modules-once -clang-build-session-file /Users/jacksonsweet/Library/Developer/Xcode/DerivedData/ModuleCache.noindex/Session.modulevalidation -Xcc -working-directory -Xcc /Users/jacksonsweet/Desktop/OPS\ APP/OPS -resource-dir /Applications/Xcode.app/Contents/Developer/Toolchains/XcodeDefault.xctoolchain/usr/lib/swift -enable-anonymous-context-mangled-names -file-compilation-dir /Users/jacksonsweet/Desktop/OPS\ APP/OPS -Xcc -D_LIBCPP_HARDENING_MODE\=_LIBCPP_HARDENING_MODE_DEBUG -Xcc -ivfsstatcache -Xcc /Users/jacksonsweet/Library/Developer/Xcode/DerivedData/SDKStatCaches.noindex/iphonesimulator18.2-22C146-07b28473f605e47e75261259d3ef3b5a.sdkstatcache -Xcc -I/Users/jacksonsweet/Library/Developer/Xcode/DerivedData/OPS-czavgtmnvamasvcjgszzuulfcsxj/Build/Intermediates.noindex/OPS.build/Debug-iphonesimulator/OPS.build/swift-overrides.hmap -Xcc -iquote -Xcc /Users/jacksonsweet/Library/Developer/Xcode/DerivedData/OPS-czavgtmnvamasvcjgszzuulfcsxj/Build/Intermediates.noindex/OPS.build/Debug-iphonesimulator/OPS.build/OPS-generated-files.hmap -Xcc -I/Users/jacksonsweet/Library/Developer/Xcode/DerivedData/OPS-czavgtmnvamasvcjgszzuulfcsxj/Build/Intermediates.noindex/OPS.build/Debug-iphonesimulator/OPS.build/OPS-own-target-headers.hmap -Xcc -I/Users/jacksonsweet/Library/Developer/Xcode/DerivedData/OPS-czavgtmnvamasvcjgszzuulfcsxj/Build/Intermediates.noindex/OPS.build/Debug-iphonesimulator/OPS.build/OPS-all-target-headers.hmap -Xcc -iquote -Xcc /Users/jacksonsweet/Library/Developer/Xcode/DerivedData/OPS-czavgtmnvamasvcjgszzuulfcsxj/Build/Intermediates.noindex/OPS.build/Debug-iphonesimulator/OPS.build/OPS-project-headers.hmap -Xcc -I/Users/jacksonsweet/Library/Developer/Xcode/DerivedData/OPS-czavgtmnvamasvcjgszzuulfcsxj/Build/Products/Debug-iphonesimulator/include -Xcc -I/Users/jacksonsweet/Library/Developer/Xcode/DerivedData/OPS-czavgtmnvamasvcjgszzuulfcsxj/Build/Intermediates.noindex/OPS.build/Debug-iphonesimulator/OPS.build/DerivedSources-normal/arm64 -Xcc -I/Users/jacksonsweet/Library/Developer/Xcode/DerivedData/OPS-czavgtmnvamasvcjgszzuulfcsxj/Build/Intermediates.noindex/OPS.build/Debug-iphonesimulator/OPS.build/DerivedSources/arm64 -Xcc -I/Users/jacksonsweet/Library/Developer/Xcode/DerivedData/OPS-czavgtmnvamasvcjgszzuulfcsxj/Build/Intermediates.noindex/OPS.build/Debug-iphonesimulator/OPS.build/DerivedSources -Xcc -DDEBUG\=1 -module-name OPS -frontend-parseable-output -disable-clang-spi -target-sdk-version 18.2 -target-sdk-name iphonesimulator18.2 -external-plugin-path /Applications/Xcode.app/Contents/Developer/Platforms/iPhoneOS.platform/Developer/usr/lib/swift/host/plugins\#/Applications/Xcode.app/Contents/Developer/Platforms/iPhoneOS.platform/Developer/usr/bin/swift-plugin-server -external-plugin-path /Applications/Xcode.app/Contents/Developer/Platforms/iPhoneOS.platform/Developer/usr/local/lib/swift/host/plugins\#/Applications/Xcode.app/Contents/Developer/Platforms/iPhoneOS.platform/Developer/usr/bin/swift-plugin-server -plugin-path /Applications/Xcode.app/Contents/Developer/Toolchains/XcodeDefault.xctoolchain/usr/lib/swift/host/plugins -plugin-path /Applications/Xcode.app/Contents/Developer/Toolchains/XcodeDefault.xctoolchain/usr/local/lib/swift/host/plugins -o /Users/jacksonsweet/Library/Developer/Xcode/DerivedData/OPS-czavgtmnvamasvcjgszzuulfcsxj/Build/Intermediates.noindex/OPS.build/Debug-iphonesimulator/OPS.build/Objects-normal/arm64/OnboardingContainerView.o -o /Users/jacksonsweet/Library/Developer/Xcode/DerivedData/OPS-czavgtmnvamasvcjgszzuulfcsxj/Build/Intermediates.noindex/OPS.build/Debug-iphonesimulator/OPS.build/Objects-normal/arm64/OnboardingFlowPreview.o -o /Users/jacksonsweet/Library/Developer/Xcode/DerivedData/OPS-czavgtmnvamasvcjgszzuulfcsxj/Build/Intermediates.noindex/OPS.build/Debug-iphonesimulator/OPS.build/Objects-normal/arm64/OnboardingPresenter.o -o /Users/jacksonsweet/Library/Developer/Xcode/DerivedData/OPS-czavgtmnvamasvcjgszzuulfcsxj/Build/Intermediates.noindex/OPS.build/Debug-iphonesimulator/OPS.build/Objects-normal/arm64/OnboardingPreviewHelpers.o -o /Users/jacksonsweet/Library/Developer/Xcode/DerivedData/OPS-czavgtmnvamasvcjgszzuulfcsxj/Build/Intermediates.noindex/OPS.build/Debug-iphonesimulator/OPS.build/Objects-normal/arm64/OPSStyle.o -o /Users/jacksonsweet/Library/Developer/Xcode/DerivedData/OPS-czavgtmnvamasvcjgszzuulfcsxj/Build/Intermediates.noindex/OPS.build/Debug-iphonesimulator/OPS.build/Objects-normal/arm64/AppConfiguration.o -o /Users/jacksonsweet/Library/Developer/Xcode/DerivedData/OPS-czavgtmnvamasvcjgszzuulfcsxj/Build/Intermediates.noindex/OPS.build/Debug-iphonesimulator/OPS.build/Objects-normal/arm64/ArrayTransformer.o -o /Users/jacksonsweet/Library/Developer/Xcode/DerivedData/OPS-czavgtmnvamasvcjgszzuulfcsxj/Build/Intermediates.noindex/OPS.build/Debug-iphonesimulator/OPS.build/Objects-normal/arm64/DataController.o -o /Users/jacksonsweet/Library/Developer/Xcode/DerivedData/OPS-czavgtmnvamasvcjgszzuulfcsxj/Build/Intermediates.noindex/OPS.build/Debug-iphonesimulator/OPS.build/Objects-normal/arm64/Dateformatter\ +Bubble.o -o /Users/jacksonsweet/Library/Developer/Xcode/DerivedData/OPS-czavgtmnvamasvcjgszzuulfcsxj/Build/Intermediates.noindex/OPS.build/Debug-iphonesimulator/OPS.build/Objects-normal/arm64/DateHelper.o -o /Users/jacksonsweet/Library/Developer/Xcode/DerivedData/OPS-czavgtmnvamasvcjgszzuulfcsxj/Build/Intermediates.noindex/OPS.build/Debug-iphonesimulator/OPS.build/Objects-normal/arm64/FieldErrorHandler.o -o /Users/jacksonsweet/Library/Developer/Xcode/DerivedData/OPS-czavgtmnvamasvcjgszzuulfcsxj/Build/Intermediates.noindex/OPS.build/Debug-iphonesimulator/OPS.build/Objects-normal/arm64/ImageCache.o -o /Users/jacksonsweet/Library/Developer/Xcode/DerivedData/OPS-czavgtmnvamasvcjgszzuulfcsxj/Build/Intermediates.noindex/OPS.build/Debug-iphonesimulator/OPS.build/Objects-normal/arm64/ImageFileManager.o -index-unit-output-path /OPS.build/Debug-iphonesimulator/OPS.build/Objects-normal/arm64/OnboardingContainerView.o -index-unit-output-path /OPS.build/Debug-iphonesimulator/OPS.build/Objects-normal/arm64/OnboardingFlowPreview.o -index-unit-output-path /OPS.build/Debug-iphonesimulator/OPS.build/Objects-normal/arm64/OnboardingPresenter.o -index-unit-output-path /OPS.build/Debug-iphonesimulator/OPS.build/Objects-normal/arm64/OnboardingPreviewHelpers.o -index-unit-output-path /OPS.build/Debug-iphonesimulator/OPS.build/Objects-normal/arm64/OPSStyle.o -index-unit-output-path /OPS.build/Debug-iphonesimulator/OPS.build/Objects-normal/arm64/AppConfiguration.o -index-unit-output-path /OPS.build/Debug-iphonesimulator/OPS.build/Objects-normal/arm64/ArrayTransformer.o -index-unit-output-path /OPS.build/Debug-iphonesimulator/OPS.build/Objects-normal/arm64/DataController.o -index-unit-output-path /OPS.build/Debug-iphonesimulator/OPS.build/Objects-normal/arm64/Dateformatter\ +Bubble.o -index-unit-output-path /OPS.build/Debug-iphonesimulator/OPS.build/Objects-normal/arm64/DateHelper.o -index-unit-output-path /OPS.build/Debug-iphonesimulator/OPS.build/Objects-normal/arm64/FieldErrorHandler.o -index-unit-output-path /OPS.build/Debug-iphonesimulator/OPS.build/Objects-normal/arm64/ImageCache.o -index-unit-output-path /OPS.build/Debug-iphonesimulator/OPS.build/Objects-normal/arm64/ImageFileManager.o -index-store-path /Users/jacksonsweet/Library/Developer/Xcode/DerivedData/OPS-czavgtmnvamasvcjgszzuulfcsxj/Index.noindex/DataStore -index-system-modules

SwiftCompile normal arm64 /Users/jacksonsweet/Desktop/OPS\ APP/OPS/OPS/Onboarding/Views/OnboardingPresenter.swift (in target 'OPS' from project 'OPS')
    cd /Users/jacksonsweet/Desktop/OPS\ APP/OPS
    /Applications/Xcode.app/Contents/Developer/Toolchains/XcodeDefault.xctoolchain/usr/bin/swift-frontend -c /Users/jacksonsweet/Desktop/OPS\ APP/OPS/OPS/DataModels/BubbleImage.swift /Users/jacksonsweet/Desktop/OPS\ APP/OPS/OPS/DataModels/BubbleTypes.swift /Users/jacksonsweet/Desktop/OPS\ APP/OPS/OPS/DataModels/Company.swift /Users/jacksonsweet/Desktop/OPS\ APP/OPS/OPS/DataModels/Project.swift /Users/jacksonsweet/Desktop/OPS\ APP/OPS/OPS/DataModels/Status.swift /Users/jacksonsweet/Desktop/OPS\ APP/OPS/OPS/DataModels/User.swift /Users/jacksonsweet/Desktop/OPS\ APP/OPS/OPS/DataModels/UserRole.swift /Users/jacksonsweet/Desktop/OPS\ APP/OPS/OPS/Extensions/UIImage+Extensions.swift /Users/jacksonsweet/Desktop/OPS\ APP/OPS/OPS/Network/API/APIError.swift /Users/jacksonsweet/Desktop/OPS\ APP/OPS/OPS/Network/API/APIService.swift /Users/jacksonsweet/Desktop/OPS\ APP/OPS/OPS/Network/API/BubbleFields.swift /Users/jacksonsweet/Desktop/OPS\ APP/OPS/OPS/Network/Auth/AuthError.swift /Users/jacksonsweet/Desktop/OPS\ APP/OPS/OPS/Network/Auth/AuthManager.swift /Users/jacksonsweet/Desktop/OPS\ APP/OPS/OPS/Network/Auth/KeychainManager.swift /Users/jacksonsweet/Desktop/OPS\ APP/OPS/OPS/Network/DTOs/CompanyDTO.swift /Users/jacksonsweet/Desktop/OPS\ APP/OPS/OPS/Network/DTOs/ProjectDTO.swift /Users/jacksonsweet/Desktop/OPS\ APP/OPS/OPS/Network/DTOs/UserDTO.swift /Users/jacksonsweet/Desktop/OPS\ APP/OPS/OPS/Network/Endpoints/CompanyEndpoints.swift /Users/jacksonsweet/Desktop/OPS\ APP/OPS/OPS/Network/Endpoints/ProjectEndpoints.swift /Users/jacksonsweet/Desktop/OPS\ APP/OPS/OPS/Network/Endpoints/UserEndpoints.swift /Users/jacksonsweet/Desktop/OPS\ APP/OPS/OPS/Network/Sync/BackgroundTaskManager.swift /Users/jacksonsweet/Desktop/OPS\ APP/OPS/OPS/Network/Sync/SyncManager.swift /Users/jacksonsweet/Desktop/OPS\ APP/OPS/OPS/Network/ConnectivityMonitor.swift /Users/jacksonsweet/Desktop/OPS\ APP/OPS/OPS/Network/ImageSyncManager.swift /Users/jacksonsweet/Desktop/OPS\ APP/OPS/OPS/Onboarding/Coordinators/OnboardingCoordinator.swift /Users/jacksonsweet/Desktop/OPS\ APP/OPS/OPS/Onboarding/Models/OnboardingModels.swift /Users/jacksonsweet/Desktop/OPS\ APP/OPS/OPS/Onboarding/Services/OnboardingService.swift /Users/jacksonsweet/Desktop/OPS\ APP/OPS/OPS/Onboarding/ViewModels/OnboardingViewModel.swift /Users/jacksonsweet/Desktop/OPS\ APP/OPS/OPS/Onboarding/Views/Components/OnboardingComponents.swift /Users/jacksonsweet/Desktop/OPS\ APP/OPS/OPS/Onboarding/Views/Screens/AccountCreatedView.swift /Users/jacksonsweet/Desktop/OPS\ APP/OPS/OPS/Onboarding/Views/Screens/CompanyCodeView.swift /Users/jacksonsweet/Desktop/OPS\ APP/OPS/OPS/Onboarding/Views/Screens/CompanyCodeViewPreview.swift /Users/jacksonsweet/Desktop/OPS\ APP/OPS/OPS/Onboarding/Views/Screens/CompletionView.swift /Users/jacksonsweet/Desktop/OPS\ APP/OPS/OPS/Onboarding/Views/Screens/CompletionViewPreview.swift /Users/jacksonsweet/Desktop/OPS\ APP/OPS/OPS/Onboarding/Views/Screens/EmailView.swift /Users/jacksonsweet/Desktop/OPS\ APP/OPS/OPS/Onboarding/Views/Screens/FieldSetupView.swift /Users/jacksonsweet/Desktop/OPS\ APP/OPS/OPS/Onboarding/Views/Screens/NotificationsView.swift /Users/jacksonsweet/Desktop/OPS\ APP/OPS/OPS/Onboarding/Views/Screens/NotificationsViewPreview.swift /Users/jacksonsweet/Desktop/OPS\ APP/OPS/OPS/Onboarding/Views/Screens/OrganizationJoinView.swift /Users/jacksonsweet/Desktop/OPS\ APP/OPS/OPS/Onboarding/Views/Screens/PasswordView.swift /Users/jacksonsweet/Desktop/OPS\ APP/OPS/OPS/Onboarding/Views/Screens/PasswordViewPreview.swift /Users/jacksonsweet/Desktop/OPS\ APP/OPS/OPS/Onboarding/Views/Screens/PermissionsView.swift /Users/jacksonsweet/Desktop/OPS\ APP/OPS/OPS/Onboarding/Views/Screens/PermissionsViewPreview.swift /Users/jacksonsweet/Desktop/OPS\ APP/OPS/OPS/Onboarding/Views/Screens/PhoneNumberView.swift /Users/jacksonsweet/Desktop/OPS\ APP/OPS/OPS/Onboarding/Views/Screens/PhoneNumberViewPreview.swift /Users/jacksonsweet/Desktop/OPS\ APP/OPS/OPS/Onboarding/Views/Screens/UserInfoView.swift /Users/jacksonsweet/Desktop/OPS\ APP/OPS/OPS/Onboarding/Views/Screens/UserInfoViewPreview.swift /Users/jacksonsweet/Desktop/OPS\ APP/OPS/OPS/Onboarding/Views/Screens/VerifyPhoneView.swift /Users/jacksonsweet/Desktop/OPS\ APP/OPS/OPS/Onboarding/Views/Screens/WelcomeCompanyView.swift /Users/jacksonsweet/Desktop/OPS\ APP/OPS/OPS/Onboarding/Views/Screens/WelcomeCompanyViewPreview.swift /Users/jacksonsweet/Desktop/OPS\ APP/OPS/OPS/Onboarding/Views/Screens/WelcomeView.swift /Users/jacksonsweet/Desktop/OPS\ APP/OPS/OPS/Onboarding/Views/Screens/WelcomeViewPreview.swift -primary-file /Users/jacksonsweet/Desktop/OPS\ APP/OPS/OPS/Onboarding/Views/OnboardingContainerView.swift -primary-file /Users/jacksonsweet/Desktop/OPS\ APP/OPS/OPS/Onboarding/Views/OnboardingFlowPreview.swift -primary-file /Users/jacksonsweet/Desktop/OPS\ APP/OPS/OPS/Onboarding/Views/OnboardingPresenter.swift -primary-file /Users/jacksonsweet/Desktop/OPS\ APP/OPS/OPS/Onboarding/Views/OnboardingPreviewHelpers.swift -primary-file /Users/jacksonsweet/Desktop/OPS\ APP/OPS/OPS/Styles/OPSStyle.swift -primary-file /Users/jacksonsweet/Desktop/OPS\ APP/OPS/OPS/Utilities/AppConfiguration.swift -primary-file /Users/jacksonsweet/Desktop/OPS\ APP/OPS/OPS/Utilities/ArrayTransformer.swift -primary-file /Users/jacksonsweet/Desktop/OPS\ APP/OPS/OPS/Utilities/DataController.swift -primary-file /Users/jacksonsweet/Desktop/OPS\ APP/OPS/OPS/Utilities/Dateformatter\ +Bubble.swift -primary-file /Users/jacksonsweet/Desktop/OPS\ APP/OPS/OPS/Utilities/DateHelper.swift -primary-file /Users/jacksonsweet/Desktop/OPS\ APP/OPS/OPS/Utilities/FieldErrorHandler.swift -primary-file /Users/jacksonsweet/Desktop/OPS\ APP/OPS/OPS/Utilities/ImageCache.swift -primary-file /Users/jacksonsweet/Desktop/OPS\ APP/OPS/OPS/Utilities/ImageFileManager.swift /Users/jacksonsweet/Desktop/OPS\ APP/OPS/OPS/Utilities/InProgressManager.swift /Users/jacksonsweet/Desktop/OPS\ APP/OPS/OPS/Utilities/KeyboardDismissalModifier.swift /Users/jacksonsweet/Desktop/OPS\ APP/OPS/OPS/Utilities/LocationManager.swift /Users/jacksonsweet/Desktop/OPS\ APP/OPS/OPS/Utilities/OnboardingEnvironmentKey.swift /Users/jacksonsweet/Desktop/OPS\ APP/OPS/OPS/Utilities/SwiftDataHelper.swift /Users/jacksonsweet/Desktop/OPS\ APP/OPS/OPS/Utilities/UIComponents.swift /Users/jacksonsweet/Desktop/OPS\ APP/OPS/OPS/V2/CertificationsSettingsView.swift /Users/jacksonsweet/Desktop/OPS\ APP/OPS/OPS/ViewModels/CalendarViewModel.swift /Users/jacksonsweet/Desktop/OPS\ APP/OPS/OPS/ViewModels/ProjectsViewModel.swift /Users/jacksonsweet/Desktop/OPS\ APP/OPS/OPS/Views/Calendar\ Tab/Components/CalendarDaySelector.swift /Users/jacksonsweet/Desktop/OPS\ APP/OPS/OPS/Views/Calendar\ Tab/Components/CalendarHeaderView.swift /Users/jacksonsweet/Desktop/OPS\ APP/OPS/OPS/Views/Calendar\ Tab/Components/CalendarProjectCard.swift /Users/jacksonsweet/Desktop/OPS\ APP/OPS/OPS/Views/Calendar\ Tab/Components/CalendarToggleView.swift /Users/jacksonsweet/Desktop/OPS\ APP/OPS/OPS/Views/Calendar\ Tab/Components/DatePickerPopover.swift /Users/jacksonsweet/Desktop/OPS\ APP/OPS/OPS/Views/Calendar\ Tab/Components/DayCell.swift /Users/jacksonsweet/Desktop/OPS\ APP/OPS/OPS/Views/Calendar\ Tab/ProjectViews/DayProjectSheet.swift /Users/jacksonsweet/Desktop/OPS\ APP/OPS/OPS/Views/Calendar\ Tab/ProjectViews/ProjectListView.swift /Users/jacksonsweet/Desktop/OPS\ APP/OPS/OPS/Views/Calendar\ Tab/MonthGridView.swift /Users/jacksonsweet/Desktop/OPS\ APP/OPS/OPS/Views/Components/Common/AppHeader.swift /Users/jacksonsweet/Desktop/OPS\ APP/OPS/OPS/Views/Components/Common/ExpandableNotesView.swift /Users/jacksonsweet/Desktop/OPS\ APP/OPS/OPS/Views/Components/Common/LocationPermissionView.swift /Users/jacksonsweet/Desktop/OPS\ APP/OPS/OPS/Views/Components/Common/NavigationBanner.swift /Users/jacksonsweet/Desktop/OPS\ APP/OPS/OPS/Views/Components/Common/NavigationControlsView.swift /Users/jacksonsweet/Desktop/OPS\ APP/OPS/OPS/Views/Components/Common/TabBarBackground.swift /Users/jacksonsweet/Desktop/OPS\ APP/OPS/OPS/Views/Components/Images/ImagePicker.swift /Users/jacksonsweet/Desktop/OPS\ APP/OPS/OPS/Views/Components/Images/ImagePickerView.swift /Users/jacksonsweet/Desktop/OPS\ APP/OPS/OPS/Views/Components/Images/ProjectImagesSection.swift /Users/jacksonsweet/Desktop/OPS\ APP/OPS/OPS/Views/Components/Images/ProjectImagesSimple.swift /Users/jacksonsweet/Desktop/OPS\ APP/OPS/OPS/Views/Components/Images/ProjectImageView.swift /Users/jacksonsweet/Desktop/OPS\ APP/OPS/OPS/Views/Components/Images/ProjectPhotosGrid.swift /Users/jacksonsweet/Desktop/OPS\ APP/OPS/OPS/Views/Components/Map/MiniMapView.swift /Users/jacksonsweet/Desktop/OPS\ APP/OPS/OPS/Views/Components/Map/ProjectMapAnnotation.swift /Users/jacksonsweet/Desktop/OPS\ APP/OPS/OPS/Views/Components/Map/ProjectMapView.swift /Users/jacksonsweet/Desktop/OPS\ APP/OPS/OPS/Views/Components/Map/ProjectMarkerPopup.swift /Users/jacksonsweet/Desktop/OPS\ APP/OPS/OPS/Views/Components/Map/RouteDirectionsView.swift /Users/jacksonsweet/Desktop/OPS\ APP/OPS/OPS/Views/Components/Project/ProjectActionBar.swift /Users/jacksonsweet/Desktop/OPS\ APP/OPS/OPS/Views/Components/Project/ProjectCard.swift /Users/jacksonsweet/Desktop/OPS\ APP/OPS/OPS/Views/Components/Project/ProjectCarousel.swift /Users/jacksonsweet/Desktop/OPS\ APP/OPS/OPS/Views/Components/Project/ProjectDetailsView.swift /Users/jacksonsweet/Desktop/OPS\ APP/OPS/OPS/Views/Components/Project/ProjectHeader.swift /Users/jacksonsweet/Desktop/OPS\ APP/OPS/OPS/Views/Components/Project/ProjectSheetContainer.swift /Users/jacksonsweet/Desktop/OPS\ APP/OPS/OPS/Views/Components/User/TeamMemberListView.swift /Users/jacksonsweet/Desktop/OPS\ APP/OPS/OPS/Views/Components/User/UserProfileCard.swift /Users/jacksonsweet/Desktop/OPS\ APP/OPS/OPS/Views/Home/HomeContentView.swift /Users/jacksonsweet/Desktop/OPS\ APP/OPS/OPS/Views/Home/HomeView.swift /Users/jacksonsweet/Desktop/OPS\ APP/OPS/OPS/Views/Settings/OrganizationSettingsView.swift /Users/jacksonsweet/Desktop/OPS\ APP/OPS/OPS/Views/Settings/ProfileSettingsView.swift /Users/jacksonsweet/Desktop/OPS\ APP/OPS/OPS/Views/Settings/ProjectHistorySettingsView.swift /Users/jacksonsweet/Desktop/OPS\ APP/OPS/OPS/Views/LoginView.swift /Users/jacksonsweet/Desktop/OPS\ APP/OPS/OPS/Views/LoginViewPreview.swift /Users/jacksonsweet/Desktop/OPS\ APP/OPS/OPS/Views/MainTabView.swift /Users/jacksonsweet/Desktop/OPS\ APP/OPS/OPS/Views/NetworkStatusIndicator.swift /Users/jacksonsweet/Desktop/OPS\ APP/OPS/OPS/Views/ScheduleView.swift /Users/jacksonsweet/Desktop/OPS\ APP/OPS/OPS/Views/SettingsView.swift /Users/jacksonsweet/Desktop/OPS\ APP/OPS/OPS/Views/SplashScreen.swift /Users/jacksonsweet/Desktop/OPS\ APP/OPS/OPS/AppState.swift /Users/jacksonsweet/Desktop/OPS\ APP/OPS/OPS/ContentView.swift /Users/jacksonsweet/Desktop/OPS\ APP/OPS/OPS/Item.swift /Users/jacksonsweet/Desktop/OPS\ APP/OPS/OPS/OPSApp.swift /Users/jacksonsweet/Library/Developer/Xcode/DerivedData/OPS-czavgtmnvamasvcjgszzuulfcsxj/Build/Intermediates.noindex/OPS.build/Debug-iphonesimulator/OPS.build/DerivedSources/GeneratedAssetSymbols.swift -supplementary-output-file-map /Users/jacksonsweet/Library/Developer/Xcode/DerivedData/OPS-czavgtmnvamasvcjgszzuulfcsxj/Build/Intermediates.noindex/OPS.build/Debug-iphonesimulator/OPS.build/Objects-normal/arm64/supplementaryOutputs-5 -emit-localized-strings -emit-localized-strings-path /Users/jacksonsweet/Library/Developer/Xcode/DerivedData/OPS-czavgtmnvamasvcjgszzuulfcsxj/Build/Intermediates.noindex/OPS.build/Debug-iphonesimulator/OPS.build/Objects-normal/arm64 -target arm64-apple-ios18.2-simulator -Xllvm -aarch64-use-tbi -enable-objc-interop -sdk /Applications/Xcode.app/Contents/Developer/Platforms/iPhoneSimulator.platform/Developer/SDKs/iPhoneSimulator18.2.sdk -I /Users/jacksonsweet/Library/Developer/Xcode/DerivedData/OPS-czavgtmnvamasvcjgszzuulfcsxj/Build/Products/Debug-iphonesimulator -F /Users/jacksonsweet/Library/Developer/Xcode/DerivedData/OPS-czavgtmnvamasvcjgszzuulfcsxj/Build/Products/Debug-iphonesimulator -no-color-diagnostics -enable-testing -g -debug-info-format\=dwarf -dwarf-version\=5 -module-cache-path /Users/jacksonsweet/Library/Developer/Xcode/DerivedData/ModuleCache.noindex -profile-generate -profile-coverage-mapping -swift-version 5 -enforce-exclusivity\=checked -Onone -D DEBUG -serialize-debugging-options -const-gather-protocols-file /Users/jacksonsweet/Library/Developer/Xcode/DerivedData/OPS-czavgtmnvamasvcjgszzuulfcsxj/Build/Intermediates.noindex/OPS.build/Debug-iphonesimulator/OPS.build/Objects-normal/arm64/OPS_const_extract_protocols.json -enable-experimental-feature DebugDescriptionMacro -enable-experimental-feature OpaqueTypeErasure -enable-bare-slash-regex -empty-abi-descriptor -validate-clang-modules-once -clang-build-session-file /Users/jacksonsweet/Library/Developer/Xcode/DerivedData/ModuleCache.noindex/Session.modulevalidation -Xcc -working-directory -Xcc /Users/jacksonsweet/Desktop/OPS\ APP/OPS -resource-dir /Applications/Xcode.app/Contents/Developer/Toolchains/XcodeDefault.xctoolchain/usr/lib/swift -enable-anonymous-context-mangled-names -file-compilation-dir /Users/jacksonsweet/Desktop/OPS\ APP/OPS -Xcc -D_LIBCPP_HARDENING_MODE\=_LIBCPP_HARDENING_MODE_DEBUG -Xcc -ivfsstatcache -Xcc /Users/jacksonsweet/Library/Developer/Xcode/DerivedData/SDKStatCaches.noindex/iphonesimulator18.2-22C146-07b28473f605e47e75261259d3ef3b5a.sdkstatcache -Xcc -I/Users/jacksonsweet/Library/Developer/Xcode/DerivedData/OPS-czavgtmnvamasvcjgszzuulfcsxj/Build/Intermediates.noindex/OPS.build/Debug-iphonesimulator/OPS.build/swift-overrides.hmap -Xcc -iquote -Xcc /Users/jacksonsweet/Library/Developer/Xcode/DerivedData/OPS-czavgtmnvamasvcjgszzuulfcsxj/Build/Intermediates.noindex/OPS.build/Debug-iphonesimulator/OPS.build/OPS-generated-files.hmap -Xcc -I/Users/jacksonsweet/Library/Developer/Xcode/DerivedData/OPS-czavgtmnvamasvcjgszzuulfcsxj/Build/Intermediates.noindex/OPS.build/Debug-iphonesimulator/OPS.build/OPS-own-target-headers.hmap -Xcc -I/Users/jacksonsweet/Library/Developer/Xcode/DerivedData/OPS-czavgtmnvamasvcjgszzuulfcsxj/Build/Intermediates.noindex/OPS.build/Debug-iphonesimulator/OPS.build/OPS-all-target-headers.hmap -Xcc -iquote -Xcc /Users/jacksonsweet/Library/Developer/Xcode/DerivedData/OPS-czavgtmnvamasvcjgszzuulfcsxj/Build/Intermediates.noindex/OPS.build/Debug-iphonesimulator/OPS.build/OPS-project-headers.hmap -Xcc -I/Users/jacksonsweet/Library/Developer/Xcode/DerivedData/OPS-czavgtmnvamasvcjgszzuulfcsxj/Build/Products/Debug-iphonesimulator/include -Xcc -I/Users/jacksonsweet/Library/Developer/Xcode/DerivedData/OPS-czavgtmnvamasvcjgszzuulfcsxj/Build/Intermediates.noindex/OPS.build/Debug-iphonesimulator/OPS.build/DerivedSources-normal/arm64 -Xcc -I/Users/jacksonsweet/Library/Developer/Xcode/DerivedData/OPS-czavgtmnvamasvcjgszzuulfcsxj/Build/Intermediates.noindex/OPS.build/Debug-iphonesimulator/OPS.build/DerivedSources/arm64 -Xcc -I/Users/jacksonsweet/Library/Developer/Xcode/DerivedData/OPS-czavgtmnvamasvcjgszzuulfcsxj/Build/Intermediates.noindex/OPS.build/Debug-iphonesimulator/OPS.build/DerivedSources -Xcc -DDEBUG\=1 -module-name OPS -frontend-parseable-output -disable-clang-spi -target-sdk-version 18.2 -target-sdk-name iphonesimulator18.2 -external-plugin-path /Applications/Xcode.app/Contents/Developer/Platforms/iPhoneOS.platform/Developer/usr/lib/swift/host/plugins\#/Applications/Xcode.app/Contents/Developer/Platforms/iPhoneOS.platform/Developer/usr/bin/swift-plugin-server -external-plugin-path /Applications/Xcode.app/Contents/Developer/Platforms/iPhoneOS.platform/Developer/usr/local/lib/swift/host/plugins\#/Applications/Xcode.app/Contents/Developer/Platforms/iPhoneOS.platform/Developer/usr/bin/swift-plugin-server -plugin-path /Applications/Xcode.app/Contents/Developer/Toolchains/XcodeDefault.xctoolchain/usr/lib/swift/host/plugins -plugin-path /Applications/Xcode.app/Contents/Developer/Toolchains/XcodeDefault.xctoolchain/usr/local/lib/swift/host/plugins -o /Users/jacksonsweet/Library/Developer/Xcode/DerivedData/OPS-czavgtmnvamasvcjgszzuulfcsxj/Build/Intermediates.noindex/OPS.build/Debug-iphonesimulator/OPS.build/Objects-normal/arm64/OnboardingContainerView.o -o /Users/jacksonsweet/Library/Developer/Xcode/DerivedData/OPS-czavgtmnvamasvcjgszzuulfcsxj/Build/Intermediates.noindex/OPS.build/Debug-iphonesimulator/OPS.build/Objects-normal/arm64/OnboardingFlowPreview.o -o /Users/jacksonsweet/Library/Developer/Xcode/DerivedData/OPS-czavgtmnvamasvcjgszzuulfcsxj/Build/Intermediates.noindex/OPS.build/Debug-iphonesimulator/OPS.build/Objects-normal/arm64/OnboardingPresenter.o -o /Users/jacksonsweet/Library/Developer/Xcode/DerivedData/OPS-czavgtmnvamasvcjgszzuulfcsxj/Build/Intermediates.noindex/OPS.build/Debug-iphonesimulator/OPS.build/Objects-normal/arm64/OnboardingPreviewHelpers.o -o /Users/jacksonsweet/Library/Developer/Xcode/DerivedData/OPS-czavgtmnvamasvcjgszzuulfcsxj/Build/Intermediates.noindex/OPS.build/Debug-iphonesimulator/OPS.build/Objects-normal/arm64/OPSStyle.o -o /Users/jacksonsweet/Library/Developer/Xcode/DerivedData/OPS-czavgtmnvamasvcjgszzuulfcsxj/Build/Intermediates.noindex/OPS.build/Debug-iphonesimulator/OPS.build/Objects-normal/arm64/AppConfiguration.o -o /Users/jacksonsweet/Library/Developer/Xcode/DerivedData/OPS-czavgtmnvamasvcjgszzuulfcsxj/Build/Intermediates.noindex/OPS.build/Debug-iphonesimulator/OPS.build/Objects-normal/arm64/ArrayTransformer.o -o /Users/jacksonsweet/Library/Developer/Xcode/DerivedData/OPS-czavgtmnvamasvcjgszzuulfcsxj/Build/Intermediates.noindex/OPS.build/Debug-iphonesimulator/OPS.build/Objects-normal/arm64/DataController.o -o /Users/jacksonsweet/Library/Developer/Xcode/DerivedData/OPS-czavgtmnvamasvcjgszzuulfcsxj/Build/Intermediates.noindex/OPS.build/Debug-iphonesimulator/OPS.build/Objects-normal/arm64/Dateformatter\ +Bubble.o -o /Users/jacksonsweet/Library/Developer/Xcode/DerivedData/OPS-czavgtmnvamasvcjgszzuulfcsxj/Build/Intermediates.noindex/OPS.build/Debug-iphonesimulator/OPS.build/Objects-normal/arm64/DateHelper.o -o /Users/jacksonsweet/Library/Developer/Xcode/DerivedData/OPS-czavgtmnvamasvcjgszzuulfcsxj/Build/Intermediates.noindex/OPS.build/Debug-iphonesimulator/OPS.build/Objects-normal/arm64/FieldErrorHandler.o -o /Users/jacksonsweet/Library/Developer/Xcode/DerivedData/OPS-czavgtmnvamasvcjgszzuulfcsxj/Build/Intermediates.noindex/OPS.build/Debug-iphonesimulator/OPS.build/Objects-normal/arm64/ImageCache.o -o /Users/jacksonsweet/Library/Developer/Xcode/DerivedData/OPS-czavgtmnvamasvcjgszzuulfcsxj/Build/Intermediates.noindex/OPS.build/Debug-iphonesimulator/OPS.build/Objects-normal/arm64/ImageFileManager.o -index-unit-output-path /OPS.build/Debug-iphonesimulator/OPS.build/Objects-normal/arm64/OnboardingContainerView.o -index-unit-output-path /OPS.build/Debug-iphonesimulator/OPS.build/Objects-normal/arm64/OnboardingFlowPreview.o -index-unit-output-path /OPS.build/Debug-iphonesimulator/OPS.build/Objects-normal/arm64/OnboardingPresenter.o -index-unit-output-path /OPS.build/Debug-iphonesimulator/OPS.build/Objects-normal/arm64/OnboardingPreviewHelpers.o -index-unit-output-path /OPS.build/Debug-iphonesimulator/OPS.build/Objects-normal/arm64/OPSStyle.o -index-unit-output-path /OPS.build/Debug-iphonesimulator/OPS.build/Objects-normal/arm64/AppConfiguration.o -index-unit-output-path /OPS.build/Debug-iphonesimulator/OPS.build/Objects-normal/arm64/ArrayTransformer.o -index-unit-output-path /OPS.build/Debug-iphonesimulator/OPS.build/Objects-normal/arm64/DataController.o -index-unit-output-path /OPS.build/Debug-iphonesimulator/OPS.build/Objects-normal/arm64/Dateformatter\ +Bubble.o -index-unit-output-path /OPS.build/Debug-iphonesimulator/OPS.build/Objects-normal/arm64/DateHelper.o -index-unit-output-path /OPS.build/Debug-iphonesimulator/OPS.build/Objects-normal/arm64/FieldErrorHandler.o -index-unit-output-path /OPS.build/Debug-iphonesimulator/OPS.build/Objects-normal/arm64/ImageCache.o -index-unit-output-path /OPS.build/Debug-iphonesimulator/OPS.build/Objects-normal/arm64/ImageFileManager.o -index-store-path /Users/jacksonsweet/Library/Developer/Xcode/DerivedData/OPS-czavgtmnvamasvcjgszzuulfcsxj/Index.noindex/DataStore -index-system-modules

SwiftCompile normal arm64 /Users/jacksonsweet/Desktop/OPS\ APP/OPS/OPS/Onboarding/Views/OnboardingPreviewHelpers.swift (in target 'OPS' from project 'OPS')
    cd /Users/jacksonsweet/Desktop/OPS\ APP/OPS
    /Applications/Xcode.app/Contents/Developer/Toolchains/XcodeDefault.xctoolchain/usr/bin/swift-frontend -c /Users/jacksonsweet/Desktop/OPS\ APP/OPS/OPS/DataModels/BubbleImage.swift /Users/jacksonsweet/Desktop/OPS\ APP/OPS/OPS/DataModels/BubbleTypes.swift /Users/jacksonsweet/Desktop/OPS\ APP/OPS/OPS/DataModels/Company.swift /Users/jacksonsweet/Desktop/OPS\ APP/OPS/OPS/DataModels/Project.swift /Users/jacksonsweet/Desktop/OPS\ APP/OPS/OPS/DataModels/Status.swift /Users/jacksonsweet/Desktop/OPS\ APP/OPS/OPS/DataModels/User.swift /Users/jacksonsweet/Desktop/OPS\ APP/OPS/OPS/DataModels/UserRole.swift /Users/jacksonsweet/Desktop/OPS\ APP/OPS/OPS/Extensions/UIImage+Extensions.swift /Users/jacksonsweet/Desktop/OPS\ APP/OPS/OPS/Network/API/APIError.swift /Users/jacksonsweet/Desktop/OPS\ APP/OPS/OPS/Network/API/APIService.swift /Users/jacksonsweet/Desktop/OPS\ APP/OPS/OPS/Network/API/BubbleFields.swift /Users/jacksonsweet/Desktop/OPS\ APP/OPS/OPS/Network/Auth/AuthError.swift /Users/jacksonsweet/Desktop/OPS\ APP/OPS/OPS/Network/Auth/AuthManager.swift /Users/jacksonsweet/Desktop/OPS\ APP/OPS/OPS/Network/Auth/KeychainManager.swift /Users/jacksonsweet/Desktop/OPS\ APP/OPS/OPS/Network/DTOs/CompanyDTO.swift /Users/jacksonsweet/Desktop/OPS\ APP/OPS/OPS/Network/DTOs/ProjectDTO.swift /Users/jacksonsweet/Desktop/OPS\ APP/OPS/OPS/Network/DTOs/UserDTO.swift /Users/jacksonsweet/Desktop/OPS\ APP/OPS/OPS/Network/Endpoints/CompanyEndpoints.swift /Users/jacksonsweet/Desktop/OPS\ APP/OPS/OPS/Network/Endpoints/ProjectEndpoints.swift /Users/jacksonsweet/Desktop/OPS\ APP/OPS/OPS/Network/Endpoints/UserEndpoints.swift /Users/jacksonsweet/Desktop/OPS\ APP/OPS/OPS/Network/Sync/BackgroundTaskManager.swift /Users/jacksonsweet/Desktop/OPS\ APP/OPS/OPS/Network/Sync/SyncManager.swift /Users/jacksonsweet/Desktop/OPS\ APP/OPS/OPS/Network/ConnectivityMonitor.swift /Users/jacksonsweet/Desktop/OPS\ APP/OPS/OPS/Network/ImageSyncManager.swift /Users/jacksonsweet/Desktop/OPS\ APP/OPS/OPS/Onboarding/Coordinators/OnboardingCoordinator.swift /Users/jacksonsweet/Desktop/OPS\ APP/OPS/OPS/Onboarding/Models/OnboardingModels.swift /Users/jacksonsweet/Desktop/OPS\ APP/OPS/OPS/Onboarding/Services/OnboardingService.swift /Users/jacksonsweet/Desktop/OPS\ APP/OPS/OPS/Onboarding/ViewModels/OnboardingViewModel.swift /Users/jacksonsweet/Desktop/OPS\ APP/OPS/OPS/Onboarding/Views/Components/OnboardingComponents.swift /Users/jacksonsweet/Desktop/OPS\ APP/OPS/OPS/Onboarding/Views/Screens/AccountCreatedView.swift /Users/jacksonsweet/Desktop/OPS\ APP/OPS/OPS/Onboarding/Views/Screens/CompanyCodeView.swift /Users/jacksonsweet/Desktop/OPS\ APP/OPS/OPS/Onboarding/Views/Screens/CompanyCodeViewPreview.swift /Users/jacksonsweet/Desktop/OPS\ APP/OPS/OPS/Onboarding/Views/Screens/CompletionView.swift /Users/jacksonsweet/Desktop/OPS\ APP/OPS/OPS/Onboarding/Views/Screens/CompletionViewPreview.swift /Users/jacksonsweet/Desktop/OPS\ APP/OPS/OPS/Onboarding/Views/Screens/EmailView.swift /Users/jacksonsweet/Desktop/OPS\ APP/OPS/OPS/Onboarding/Views/Screens/FieldSetupView.swift /Users/jacksonsweet/Desktop/OPS\ APP/OPS/OPS/Onboarding/Views/Screens/NotificationsView.swift /Users/jacksonsweet/Desktop/OPS\ APP/OPS/OPS/Onboarding/Views/Screens/NotificationsViewPreview.swift /Users/jacksonsweet/Desktop/OPS\ APP/OPS/OPS/Onboarding/Views/Screens/OrganizationJoinView.swift /Users/jacksonsweet/Desktop/OPS\ APP/OPS/OPS/Onboarding/Views/Screens/PasswordView.swift /Users/jacksonsweet/Desktop/OPS\ APP/OPS/OPS/Onboarding/Views/Screens/PasswordViewPreview.swift /Users/jacksonsweet/Desktop/OPS\ APP/OPS/OPS/Onboarding/Views/Screens/PermissionsView.swift /Users/jacksonsweet/Desktop/OPS\ APP/OPS/OPS/Onboarding/Views/Screens/PermissionsViewPreview.swift /Users/jacksonsweet/Desktop/OPS\ APP/OPS/OPS/Onboarding/Views/Screens/PhoneNumberView.swift /Users/jacksonsweet/Desktop/OPS\ APP/OPS/OPS/Onboarding/Views/Screens/PhoneNumberViewPreview.swift /Users/jacksonsweet/Desktop/OPS\ APP/OPS/OPS/Onboarding/Views/Screens/UserInfoView.swift /Users/jacksonsweet/Desktop/OPS\ APP/OPS/OPS/Onboarding/Views/Screens/UserInfoViewPreview.swift /Users/jacksonsweet/Desktop/OPS\ APP/OPS/OPS/Onboarding/Views/Screens/VerifyPhoneView.swift /Users/jacksonsweet/Desktop/OPS\ APP/OPS/OPS/Onboarding/Views/Screens/WelcomeCompanyView.swift /Users/jacksonsweet/Desktop/OPS\ APP/OPS/OPS/Onboarding/Views/Screens/WelcomeCompanyViewPreview.swift /Users/jacksonsweet/Desktop/OPS\ APP/OPS/OPS/Onboarding/Views/Screens/WelcomeView.swift /Users/jacksonsweet/Desktop/OPS\ APP/OPS/OPS/Onboarding/Views/Screens/WelcomeViewPreview.swift -primary-file /Users/jacksonsweet/Desktop/OPS\ APP/OPS/OPS/Onboarding/Views/OnboardingContainerView.swift -primary-file /Users/jacksonsweet/Desktop/OPS\ APP/OPS/OPS/Onboarding/Views/OnboardingFlowPreview.swift -primary-file /Users/jacksonsweet/Desktop/OPS\ APP/OPS/OPS/Onboarding/Views/OnboardingPresenter.swift -primary-file /Users/jacksonsweet/Desktop/OPS\ APP/OPS/OPS/Onboarding/Views/OnboardingPreviewHelpers.swift -primary-file /Users/jacksonsweet/Desktop/OPS\ APP/OPS/OPS/Styles/OPSStyle.swift -primary-file /Users/jacksonsweet/Desktop/OPS\ APP/OPS/OPS/Utilities/AppConfiguration.swift -primary-file /Users/jacksonsweet/Desktop/OPS\ APP/OPS/OPS/Utilities/ArrayTransformer.swift -primary-file /Users/jacksonsweet/Desktop/OPS\ APP/OPS/OPS/Utilities/DataController.swift -primary-file /Users/jacksonsweet/Desktop/OPS\ APP/OPS/OPS/Utilities/Dateformatter\ +Bubble.swift -primary-file /Users/jacksonsweet/Desktop/OPS\ APP/OPS/OPS/Utilities/DateHelper.swift -primary-file /Users/jacksonsweet/Desktop/OPS\ APP/OPS/OPS/Utilities/FieldErrorHandler.swift -primary-file /Users/jacksonsweet/Desktop/OPS\ APP/OPS/OPS/Utilities/ImageCache.swift -primary-file /Users/jacksonsweet/Desktop/OPS\ APP/OPS/OPS/Utilities/ImageFileManager.swift /Users/jacksonsweet/Desktop/OPS\ APP/OPS/OPS/Utilities/InProgressManager.swift /Users/jacksonsweet/Desktop/OPS\ APP/OPS/OPS/Utilities/KeyboardDismissalModifier.swift /Users/jacksonsweet/Desktop/OPS\ APP/OPS/OPS/Utilities/LocationManager.swift /Users/jacksonsweet/Desktop/OPS\ APP/OPS/OPS/Utilities/OnboardingEnvironmentKey.swift /Users/jacksonsweet/Desktop/OPS\ APP/OPS/OPS/Utilities/SwiftDataHelper.swift /Users/jacksonsweet/Desktop/OPS\ APP/OPS/OPS/Utilities/UIComponents.swift /Users/jacksonsweet/Desktop/OPS\ APP/OPS/OPS/V2/CertificationsSettingsView.swift /Users/jacksonsweet/Desktop/OPS\ APP/OPS/OPS/ViewModels/CalendarViewModel.swift /Users/jacksonsweet/Desktop/OPS\ APP/OPS/OPS/ViewModels/ProjectsViewModel.swift /Users/jacksonsweet/Desktop/OPS\ APP/OPS/OPS/Views/Calendar\ Tab/Components/CalendarDaySelector.swift /Users/jacksonsweet/Desktop/OPS\ APP/OPS/OPS/Views/Calendar\ Tab/Components/CalendarHeaderView.swift /Users/jacksonsweet/Desktop/OPS\ APP/OPS/OPS/Views/Calendar\ Tab/Components/CalendarProjectCard.swift /Users/jacksonsweet/Desktop/OPS\ APP/OPS/OPS/Views/Calendar\ Tab/Components/CalendarToggleView.swift /Users/jacksonsweet/Desktop/OPS\ APP/OPS/OPS/Views/Calendar\ Tab/Components/DatePickerPopover.swift /Users/jacksonsweet/Desktop/OPS\ APP/OPS/OPS/Views/Calendar\ Tab/Components/DayCell.swift /Users/jacksonsweet/Desktop/OPS\ APP/OPS/OPS/Views/Calendar\ Tab/ProjectViews/DayProjectSheet.swift /Users/jacksonsweet/Desktop/OPS\ APP/OPS/OPS/Views/Calendar\ Tab/ProjectViews/ProjectListView.swift /Users/jacksonsweet/Desktop/OPS\ APP/OPS/OPS/Views/Calendar\ Tab/MonthGridView.swift /Users/jacksonsweet/Desktop/OPS\ APP/OPS/OPS/Views/Components/Common/AppHeader.swift /Users/jacksonsweet/Desktop/OPS\ APP/OPS/OPS/Views/Components/Common/ExpandableNotesView.swift /Users/jacksonsweet/Desktop/OPS\ APP/OPS/OPS/Views/Components/Common/LocationPermissionView.swift /Users/jacksonsweet/Desktop/OPS\ APP/OPS/OPS/Views/Components/Common/NavigationBanner.swift /Users/jacksonsweet/Desktop/OPS\ APP/OPS/OPS/Views/Components/Common/NavigationControlsView.swift /Users/jacksonsweet/Desktop/OPS\ APP/OPS/OPS/Views/Components/Common/TabBarBackground.swift /Users/jacksonsweet/Desktop/OPS\ APP/OPS/OPS/Views/Components/Images/ImagePicker.swift /Users/jacksonsweet/Desktop/OPS\ APP/OPS/OPS/Views/Components/Images/ImagePickerView.swift /Users/jacksonsweet/Desktop/OPS\ APP/OPS/OPS/Views/Components/Images/ProjectImagesSection.swift /Users/jacksonsweet/Desktop/OPS\ APP/OPS/OPS/Views/Components/Images/ProjectImagesSimple.swift /Users/jacksonsweet/Desktop/OPS\ APP/OPS/OPS/Views/Components/Images/ProjectImageView.swift /Users/jacksonsweet/Desktop/OPS\ APP/OPS/OPS/Views/Components/Images/ProjectPhotosGrid.swift /Users/jacksonsweet/Desktop/OPS\ APP/OPS/OPS/Views/Components/Map/MiniMapView.swift /Users/jacksonsweet/Desktop/OPS\ APP/OPS/OPS/Views/Components/Map/ProjectMapAnnotation.swift /Users/jacksonsweet/Desktop/OPS\ APP/OPS/OPS/Views/Components/Map/ProjectMapView.swift /Users/jacksonsweet/Desktop/OPS\ APP/OPS/OPS/Views/Components/Map/ProjectMarkerPopup.swift /Users/jacksonsweet/Desktop/OPS\ APP/OPS/OPS/Views/Components/Map/RouteDirectionsView.swift /Users/jacksonsweet/Desktop/OPS\ APP/OPS/OPS/Views/Components/Project/ProjectActionBar.swift /Users/jacksonsweet/Desktop/OPS\ APP/OPS/OPS/Views/Components/Project/ProjectCard.swift /Users/jacksonsweet/Desktop/OPS\ APP/OPS/OPS/Views/Components/Project/ProjectCarousel.swift /Users/jacksonsweet/Desktop/OPS\ APP/OPS/OPS/Views/Components/Project/ProjectDetailsView.swift /Users/jacksonsweet/Desktop/OPS\ APP/OPS/OPS/Views/Components/Project/ProjectHeader.swift /Users/jacksonsweet/Desktop/OPS\ APP/OPS/OPS/Views/Components/Project/ProjectSheetContainer.swift /Users/jacksonsweet/Desktop/OPS\ APP/OPS/OPS/Views/Components/User/TeamMemberListView.swift /Users/jacksonsweet/Desktop/OPS\ APP/OPS/OPS/Views/Components/User/UserProfileCard.swift /Users/jacksonsweet/Desktop/OPS\ APP/OPS/OPS/Views/Home/HomeContentView.swift /Users/jacksonsweet/Desktop/OPS\ APP/OPS/OPS/Views/Home/HomeView.swift /Users/jacksonsweet/Desktop/OPS\ APP/OPS/OPS/Views/Settings/OrganizationSettingsView.swift /Users/jacksonsweet/Desktop/OPS\ APP/OPS/OPS/Views/Settings/ProfileSettingsView.swift /Users/jacksonsweet/Desktop/OPS\ APP/OPS/OPS/Views/Settings/ProjectHistorySettingsView.swift /Users/jacksonsweet/Desktop/OPS\ APP/OPS/OPS/Views/LoginView.swift /Users/jacksonsweet/Desktop/OPS\ APP/OPS/OPS/Views/LoginViewPreview.swift /Users/jacksonsweet/Desktop/OPS\ APP/OPS/OPS/Views/MainTabView.swift /Users/jacksonsweet/Desktop/OPS\ APP/OPS/OPS/Views/NetworkStatusIndicator.swift /Users/jacksonsweet/Desktop/OPS\ APP/OPS/OPS/Views/ScheduleView.swift /Users/jacksonsweet/Desktop/OPS\ APP/OPS/OPS/Views/SettingsView.swift /Users/jacksonsweet/Desktop/OPS\ APP/OPS/OPS/Views/SplashScreen.swift /Users/jacksonsweet/Desktop/OPS\ APP/OPS/OPS/AppState.swift /Users/jacksonsweet/Desktop/OPS\ APP/OPS/OPS/ContentView.swift /Users/jacksonsweet/Desktop/OPS\ APP/OPS/OPS/Item.swift /Users/jacksonsweet/Desktop/OPS\ APP/OPS/OPS/OPSApp.swift /Users/jacksonsweet/Library/Developer/Xcode/DerivedData/OPS-czavgtmnvamasvcjgszzuulfcsxj/Build/Intermediates.noindex/OPS.build/Debug-iphonesimulator/OPS.build/DerivedSources/GeneratedAssetSymbols.swift -supplementary-output-file-map /Users/jacksonsweet/Library/Developer/Xcode/DerivedData/OPS-czavgtmnvamasvcjgszzuulfcsxj/Build/Intermediates.noindex/OPS.build/Debug-iphonesimulator/OPS.build/Objects-normal/arm64/supplementaryOutputs-5 -emit-localized-strings -emit-localized-strings-path /Users/jacksonsweet/Library/Developer/Xcode/DerivedData/OPS-czavgtmnvamasvcjgszzuulfcsxj/Build/Intermediates.noindex/OPS.build/Debug-iphonesimulator/OPS.build/Objects-normal/arm64 -target arm64-apple-ios18.2-simulator -Xllvm -aarch64-use-tbi -enable-objc-interop -sdk /Applications/Xcode.app/Contents/Developer/Platforms/iPhoneSimulator.platform/Developer/SDKs/iPhoneSimulator18.2.sdk -I /Users/jacksonsweet/Library/Developer/Xcode/DerivedData/OPS-czavgtmnvamasvcjgszzuulfcsxj/Build/Products/Debug-iphonesimulator -F /Users/jacksonsweet/Library/Developer/Xcode/DerivedData/OPS-czavgtmnvamasvcjgszzuulfcsxj/Build/Products/Debug-iphonesimulator -no-color-diagnostics -enable-testing -g -debug-info-format\=dwarf -dwarf-version\=5 -module-cache-path /Users/jacksonsweet/Library/Developer/Xcode/DerivedData/ModuleCache.noindex -profile-generate -profile-coverage-mapping -swift-version 5 -enforce-exclusivity\=checked -Onone -D DEBUG -serialize-debugging-options -const-gather-protocols-file /Users/jacksonsweet/Library/Developer/Xcode/DerivedData/OPS-czavgtmnvamasvcjgszzuulfcsxj/Build/Intermediates.noindex/OPS.build/Debug-iphonesimulator/OPS.build/Objects-normal/arm64/OPS_const_extract_protocols.json -enable-experimental-feature DebugDescriptionMacro -enable-experimental-feature OpaqueTypeErasure -enable-bare-slash-regex -empty-abi-descriptor -validate-clang-modules-once -clang-build-session-file /Users/jacksonsweet/Library/Developer/Xcode/DerivedData/ModuleCache.noindex/Session.modulevalidation -Xcc -working-directory -Xcc /Users/jacksonsweet/Desktop/OPS\ APP/OPS -resource-dir /Applications/Xcode.app/Contents/Developer/Toolchains/XcodeDefault.xctoolchain/usr/lib/swift -enable-anonymous-context-mangled-names -file-compilation-dir /Users/jacksonsweet/Desktop/OPS\ APP/OPS -Xcc -D_LIBCPP_HARDENING_MODE\=_LIBCPP_HARDENING_MODE_DEBUG -Xcc -ivfsstatcache -Xcc /Users/jacksonsweet/Library/Developer/Xcode/DerivedData/SDKStatCaches.noindex/iphonesimulator18.2-22C146-07b28473f605e47e75261259d3ef3b5a.sdkstatcache -Xcc -I/Users/jacksonsweet/Library/Developer/Xcode/DerivedData/OPS-czavgtmnvamasvcjgszzuulfcsxj/Build/Intermediates.noindex/OPS.build/Debug-iphonesimulator/OPS.build/swift-overrides.hmap -Xcc -iquote -Xcc /Users/jacksonsweet/Library/Developer/Xcode/DerivedData/OPS-czavgtmnvamasvcjgszzuulfcsxj/Build/Intermediates.noindex/OPS.build/Debug-iphonesimulator/OPS.build/OPS-generated-files.hmap -Xcc -I/Users/jacksonsweet/Library/Developer/Xcode/DerivedData/OPS-czavgtmnvamasvcjgszzuulfcsxj/Build/Intermediates.noindex/OPS.build/Debug-iphonesimulator/OPS.build/OPS-own-target-headers.hmap -Xcc -I/Users/jacksonsweet/Library/Developer/Xcode/DerivedData/OPS-czavgtmnvamasvcjgszzuulfcsxj/Build/Intermediates.noindex/OPS.build/Debug-iphonesimulator/OPS.build/OPS-all-target-headers.hmap -Xcc -iquote -Xcc /Users/jacksonsweet/Library/Developer/Xcode/DerivedData/OPS-czavgtmnvamasvcjgszzuulfcsxj/Build/Intermediates.noindex/OPS.build/Debug-iphonesimulator/OPS.build/OPS-project-headers.hmap -Xcc -I/Users/jacksonsweet/Library/Developer/Xcode/DerivedData/OPS-czavgtmnvamasvcjgszzuulfcsxj/Build/Products/Debug-iphonesimulator/include -Xcc -I/Users/jacksonsweet/Library/Developer/Xcode/DerivedData/OPS-czavgtmnvamasvcjgszzuulfcsxj/Build/Intermediates.noindex/OPS.build/Debug-iphonesimulator/OPS.build/DerivedSources-normal/arm64 -Xcc -I/Users/jacksonsweet/Library/Developer/Xcode/DerivedData/OPS-czavgtmnvamasvcjgszzuulfcsxj/Build/Intermediates.noindex/OPS.build/Debug-iphonesimulator/OPS.build/DerivedSources/arm64 -Xcc -I/Users/jacksonsweet/Library/Developer/Xcode/DerivedData/OPS-czavgtmnvamasvcjgszzuulfcsxj/Build/Intermediates.noindex/OPS.build/Debug-iphonesimulator/OPS.build/DerivedSources -Xcc -DDEBUG\=1 -module-name OPS -frontend-parseable-output -disable-clang-spi -target-sdk-version 18.2 -target-sdk-name iphonesimulator18.2 -external-plugin-path /Applications/Xcode.app/Contents/Developer/Platforms/iPhoneOS.platform/Developer/usr/lib/swift/host/plugins\#/Applications/Xcode.app/Contents/Developer/Platforms/iPhoneOS.platform/Developer/usr/bin/swift-plugin-server -external-plugin-path /Applications/Xcode.app/Contents/Developer/Platforms/iPhoneOS.platform/Developer/usr/local/lib/swift/host/plugins\#/Applications/Xcode.app/Contents/Developer/Platforms/iPhoneOS.platform/Developer/usr/bin/swift-plugin-server -plugin-path /Applications/Xcode.app/Contents/Developer/Toolchains/XcodeDefault.xctoolchain/usr/lib/swift/host/plugins -plugin-path /Applications/Xcode.app/Contents/Developer/Toolchains/XcodeDefault.xctoolchain/usr/local/lib/swift/host/plugins -o /Users/jacksonsweet/Library/Developer/Xcode/DerivedData/OPS-czavgtmnvamasvcjgszzuulfcsxj/Build/Intermediates.noindex/OPS.build/Debug-iphonesimulator/OPS.build/Objects-normal/arm64/OnboardingContainerView.o -o /Users/jacksonsweet/Library/Developer/Xcode/DerivedData/OPS-czavgtmnvamasvcjgszzuulfcsxj/Build/Intermediates.noindex/OPS.build/Debug-iphonesimulator/OPS.build/Objects-normal/arm64/OnboardingFlowPreview.o -o /Users/jacksonsweet/Library/Developer/Xcode/DerivedData/OPS-czavgtmnvamasvcjgszzuulfcsxj/Build/Intermediates.noindex/OPS.build/Debug-iphonesimulator/OPS.build/Objects-normal/arm64/OnboardingPresenter.o -o /Users/jacksonsweet/Library/Developer/Xcode/DerivedData/OPS-czavgtmnvamasvcjgszzuulfcsxj/Build/Intermediates.noindex/OPS.build/Debug-iphonesimulator/OPS.build/Objects-normal/arm64/OnboardingPreviewHelpers.o -o /Users/jacksonsweet/Library/Developer/Xcode/DerivedData/OPS-czavgtmnvamasvcjgszzuulfcsxj/Build/Intermediates.noindex/OPS.build/Debug-iphonesimulator/OPS.build/Objects-normal/arm64/OPSStyle.o -o /Users/jacksonsweet/Library/Developer/Xcode/DerivedData/OPS-czavgtmnvamasvcjgszzuulfcsxj/Build/Intermediates.noindex/OPS.build/Debug-iphonesimulator/OPS.build/Objects-normal/arm64/AppConfiguration.o -o /Users/jacksonsweet/Library/Developer/Xcode/DerivedData/OPS-czavgtmnvamasvcjgszzuulfcsxj/Build/Intermediates.noindex/OPS.build/Debug-iphonesimulator/OPS.build/Objects-normal/arm64/ArrayTransformer.o -o /Users/jacksonsweet/Library/Developer/Xcode/DerivedData/OPS-czavgtmnvamasvcjgszzuulfcsxj/Build/Intermediates.noindex/OPS.build/Debug-iphonesimulator/OPS.build/Objects-normal/arm64/DataController.o -o /Users/jacksonsweet/Library/Developer/Xcode/DerivedData/OPS-czavgtmnvamasvcjgszzuulfcsxj/Build/Intermediates.noindex/OPS.build/Debug-iphonesimulator/OPS.build/Objects-normal/arm64/Dateformatter\ +Bubble.o -o /Users/jacksonsweet/Library/Developer/Xcode/DerivedData/OPS-czavgtmnvamasvcjgszzuulfcsxj/Build/Intermediates.noindex/OPS.build/Debug-iphonesimulator/OPS.build/Objects-normal/arm64/DateHelper.o -o /Users/jacksonsweet/Library/Developer/Xcode/DerivedData/OPS-czavgtmnvamasvcjgszzuulfcsxj/Build/Intermediates.noindex/OPS.build/Debug-iphonesimulator/OPS.build/Objects-normal/arm64/FieldErrorHandler.o -o /Users/jacksonsweet/Library/Developer/Xcode/DerivedData/OPS-czavgtmnvamasvcjgszzuulfcsxj/Build/Intermediates.noindex/OPS.build/Debug-iphonesimulator/OPS.build/Objects-normal/arm64/ImageCache.o -o /Users/jacksonsweet/Library/Developer/Xcode/DerivedData/OPS-czavgtmnvamasvcjgszzuulfcsxj/Build/Intermediates.noindex/OPS.build/Debug-iphonesimulator/OPS.build/Objects-normal/arm64/ImageFileManager.o -index-unit-output-path /OPS.build/Debug-iphonesimulator/OPS.build/Objects-normal/arm64/OnboardingContainerView.o -index-unit-output-path /OPS.build/Debug-iphonesimulator/OPS.build/Objects-normal/arm64/OnboardingFlowPreview.o -index-unit-output-path /OPS.build/Debug-iphonesimulator/OPS.build/Objects-normal/arm64/OnboardingPresenter.o -index-unit-output-path /OPS.build/Debug-iphonesimulator/OPS.build/Objects-normal/arm64/OnboardingPreviewHelpers.o -index-unit-output-path /OPS.build/Debug-iphonesimulator/OPS.build/Objects-normal/arm64/OPSStyle.o -index-unit-output-path /OPS.build/Debug-iphonesimulator/OPS.build/Objects-normal/arm64/AppConfiguration.o -index-unit-output-path /OPS.build/Debug-iphonesimulator/OPS.build/Objects-normal/arm64/ArrayTransformer.o -index-unit-output-path /OPS.build/Debug-iphonesimulator/OPS.build/Objects-normal/arm64/DataController.o -index-unit-output-path /OPS.build/Debug-iphonesimulator/OPS.build/Objects-normal/arm64/Dateformatter\ +Bubble.o -index-unit-output-path /OPS.build/Debug-iphonesimulator/OPS.build/Objects-normal/arm64/DateHelper.o -index-unit-output-path /OPS.build/Debug-iphonesimulator/OPS.build/Objects-normal/arm64/FieldErrorHandler.o -index-unit-output-path /OPS.build/Debug-iphonesimulator/OPS.build/Objects-normal/arm64/ImageCache.o -index-unit-output-path /OPS.build/Debug-iphonesimulator/OPS.build/Objects-normal/arm64/ImageFileManager.o -index-store-path /Users/jacksonsweet/Library/Developer/Xcode/DerivedData/OPS-czavgtmnvamasvcjgszzuulfcsxj/Index.noindex/DataStore -index-system-modules

SwiftCompile normal arm64 /Users/jacksonsweet/Desktop/OPS\ APP/OPS/OPS/Styles/OPSStyle.swift (in target 'OPS' from project 'OPS')
    cd /Users/jacksonsweet/Desktop/OPS\ APP/OPS
    /Applications/Xcode.app/Contents/Developer/Toolchains/XcodeDefault.xctoolchain/usr/bin/swift-frontend -c /Users/jacksonsweet/Desktop/OPS\ APP/OPS/OPS/DataModels/BubbleImage.swift /Users/jacksonsweet/Desktop/OPS\ APP/OPS/OPS/DataModels/BubbleTypes.swift /Users/jacksonsweet/Desktop/OPS\ APP/OPS/OPS/DataModels/Company.swift /Users/jacksonsweet/Desktop/OPS\ APP/OPS/OPS/DataModels/Project.swift /Users/jacksonsweet/Desktop/OPS\ APP/OPS/OPS/DataModels/Status.swift /Users/jacksonsweet/Desktop/OPS\ APP/OPS/OPS/DataModels/User.swift /Users/jacksonsweet/Desktop/OPS\ APP/OPS/OPS/DataModels/UserRole.swift /Users/jacksonsweet/Desktop/OPS\ APP/OPS/OPS/Extensions/UIImage+Extensions.swift /Users/jacksonsweet/Desktop/OPS\ APP/OPS/OPS/Network/API/APIError.swift /Users/jacksonsweet/Desktop/OPS\ APP/OPS/OPS/Network/API/APIService.swift /Users/jacksonsweet/Desktop/OPS\ APP/OPS/OPS/Network/API/BubbleFields.swift /Users/jacksonsweet/Desktop/OPS\ APP/OPS/OPS/Network/Auth/AuthError.swift /Users/jacksonsweet/Desktop/OPS\ APP/OPS/OPS/Network/Auth/AuthManager.swift /Users/jacksonsweet/Desktop/OPS\ APP/OPS/OPS/Network/Auth/KeychainManager.swift /Users/jacksonsweet/Desktop/OPS\ APP/OPS/OPS/Network/DTOs/CompanyDTO.swift /Users/jacksonsweet/Desktop/OPS\ APP/OPS/OPS/Network/DTOs/ProjectDTO.swift /Users/jacksonsweet/Desktop/OPS\ APP/OPS/OPS/Network/DTOs/UserDTO.swift /Users/jacksonsweet/Desktop/OPS\ APP/OPS/OPS/Network/Endpoints/CompanyEndpoints.swift /Users/jacksonsweet/Desktop/OPS\ APP/OPS/OPS/Network/Endpoints/ProjectEndpoints.swift /Users/jacksonsweet/Desktop/OPS\ APP/OPS/OPS/Network/Endpoints/UserEndpoints.swift /Users/jacksonsweet/Desktop/OPS\ APP/OPS/OPS/Network/Sync/BackgroundTaskManager.swift /Users/jacksonsweet/Desktop/OPS\ APP/OPS/OPS/Network/Sync/SyncManager.swift /Users/jacksonsweet/Desktop/OPS\ APP/OPS/OPS/Network/ConnectivityMonitor.swift /Users/jacksonsweet/Desktop/OPS\ APP/OPS/OPS/Network/ImageSyncManager.swift /Users/jacksonsweet/Desktop/OPS\ APP/OPS/OPS/Onboarding/Coordinators/OnboardingCoordinator.swift /Users/jacksonsweet/Desktop/OPS\ APP/OPS/OPS/Onboarding/Models/OnboardingModels.swift /Users/jacksonsweet/Desktop/OPS\ APP/OPS/OPS/Onboarding/Services/OnboardingService.swift /Users/jacksonsweet/Desktop/OPS\ APP/OPS/OPS/Onboarding/ViewModels/OnboardingViewModel.swift /Users/jacksonsweet/Desktop/OPS\ APP/OPS/OPS/Onboarding/Views/Components/OnboardingComponents.swift /Users/jacksonsweet/Desktop/OPS\ APP/OPS/OPS/Onboarding/Views/Screens/AccountCreatedView.swift /Users/jacksonsweet/Desktop/OPS\ APP/OPS/OPS/Onboarding/Views/Screens/CompanyCodeView.swift /Users/jacksonsweet/Desktop/OPS\ APP/OPS/OPS/Onboarding/Views/Screens/CompanyCodeViewPreview.swift /Users/jacksonsweet/Desktop/OPS\ APP/OPS/OPS/Onboarding/Views/Screens/CompletionView.swift /Users/jacksonsweet/Desktop/OPS\ APP/OPS/OPS/Onboarding/Views/Screens/CompletionViewPreview.swift /Users/jacksonsweet/Desktop/OPS\ APP/OPS/OPS/Onboarding/Views/Screens/EmailView.swift /Users/jacksonsweet/Desktop/OPS\ APP/OPS/OPS/Onboarding/Views/Screens/FieldSetupView.swift /Users/jacksonsweet/Desktop/OPS\ APP/OPS/OPS/Onboarding/Views/Screens/NotificationsView.swift /Users/jacksonsweet/Desktop/OPS\ APP/OPS/OPS/Onboarding/Views/Screens/NotificationsViewPreview.swift /Users/jacksonsweet/Desktop/OPS\ APP/OPS/OPS/Onboarding/Views/Screens/OrganizationJoinView.swift /Users/jacksonsweet/Desktop/OPS\ APP/OPS/OPS/Onboarding/Views/Screens/PasswordView.swift /Users/jacksonsweet/Desktop/OPS\ APP/OPS/OPS/Onboarding/Views/Screens/PasswordViewPreview.swift /Users/jacksonsweet/Desktop/OPS\ APP/OPS/OPS/Onboarding/Views/Screens/PermissionsView.swift /Users/jacksonsweet/Desktop/OPS\ APP/OPS/OPS/Onboarding/Views/Screens/PermissionsViewPreview.swift /Users/jacksonsweet/Desktop/OPS\ APP/OPS/OPS/Onboarding/Views/Screens/PhoneNumberView.swift /Users/jacksonsweet/Desktop/OPS\ APP/OPS/OPS/Onboarding/Views/Screens/PhoneNumberViewPreview.swift /Users/jacksonsweet/Desktop/OPS\ APP/OPS/OPS/Onboarding/Views/Screens/UserInfoView.swift /Users/jacksonsweet/Desktop/OPS\ APP/OPS/OPS/Onboarding/Views/Screens/UserInfoViewPreview.swift /Users/jacksonsweet/Desktop/OPS\ APP/OPS/OPS/Onboarding/Views/Screens/VerifyPhoneView.swift /Users/jacksonsweet/Desktop/OPS\ APP/OPS/OPS/Onboarding/Views/Screens/WelcomeCompanyView.swift /Users/jacksonsweet/Desktop/OPS\ APP/OPS/OPS/Onboarding/Views/Screens/WelcomeCompanyViewPreview.swift /Users/jacksonsweet/Desktop/OPS\ APP/OPS/OPS/Onboarding/Views/Screens/WelcomeView.swift /Users/jacksonsweet/Desktop/OPS\ APP/OPS/OPS/Onboarding/Views/Screens/WelcomeViewPreview.swift -primary-file /Users/jacksonsweet/Desktop/OPS\ APP/OPS/OPS/Onboarding/Views/OnboardingContainerView.swift -primary-file /Users/jacksonsweet/Desktop/OPS\ APP/OPS/OPS/Onboarding/Views/OnboardingFlowPreview.swift -primary-file /Users/jacksonsweet/Desktop/OPS\ APP/OPS/OPS/Onboarding/Views/OnboardingPresenter.swift -primary-file /Users/jacksonsweet/Desktop/OPS\ APP/OPS/OPS/Onboarding/Views/OnboardingPreviewHelpers.swift -primary-file /Users/jacksonsweet/Desktop/OPS\ APP/OPS/OPS/Styles/OPSStyle.swift -primary-file /Users/jacksonsweet/Desktop/OPS\ APP/OPS/OPS/Utilities/AppConfiguration.swift -primary-file /Users/jacksonsweet/Desktop/OPS\ APP/OPS/OPS/Utilities/ArrayTransformer.swift -primary-file /Users/jacksonsweet/Desktop/OPS\ APP/OPS/OPS/Utilities/DataController.swift -primary-file /Users/jacksonsweet/Desktop/OPS\ APP/OPS/OPS/Utilities/Dateformatter\ +Bubble.swift -primary-file /Users/jacksonsweet/Desktop/OPS\ APP/OPS/OPS/Utilities/DateHelper.swift -primary-file /Users/jacksonsweet/Desktop/OPS\ APP/OPS/OPS/Utilities/FieldErrorHandler.swift -primary-file /Users/jacksonsweet/Desktop/OPS\ APP/OPS/OPS/Utilities/ImageCache.swift -primary-file /Users/jacksonsweet/Desktop/OPS\ APP/OPS/OPS/Utilities/ImageFileManager.swift /Users/jacksonsweet/Desktop/OPS\ APP/OPS/OPS/Utilities/InProgressManager.swift /Users/jacksonsweet/Desktop/OPS\ APP/OPS/OPS/Utilities/KeyboardDismissalModifier.swift /Users/jacksonsweet/Desktop/OPS\ APP/OPS/OPS/Utilities/LocationManager.swift /Users/jacksonsweet/Desktop/OPS\ APP/OPS/OPS/Utilities/OnboardingEnvironmentKey.swift /Users/jacksonsweet/Desktop/OPS\ APP/OPS/OPS/Utilities/SwiftDataHelper.swift /Users/jacksonsweet/Desktop/OPS\ APP/OPS/OPS/Utilities/UIComponents.swift /Users/jacksonsweet/Desktop/OPS\ APP/OPS/OPS/V2/CertificationsSettingsView.swift /Users/jacksonsweet/Desktop/OPS\ APP/OPS/OPS/ViewModels/CalendarViewModel.swift /Users/jacksonsweet/Desktop/OPS\ APP/OPS/OPS/ViewModels/ProjectsViewModel.swift /Users/jacksonsweet/Desktop/OPS\ APP/OPS/OPS/Views/Calendar\ Tab/Components/CalendarDaySelector.swift /Users/jacksonsweet/Desktop/OPS\ APP/OPS/OPS/Views/Calendar\ Tab/Components/CalendarHeaderView.swift /Users/jacksonsweet/Desktop/OPS\ APP/OPS/OPS/Views/Calendar\ Tab/Components/CalendarProjectCard.swift /Users/jacksonsweet/Desktop/OPS\ APP/OPS/OPS/Views/Calendar\ Tab/Components/CalendarToggleView.swift /Users/jacksonsweet/Desktop/OPS\ APP/OPS/OPS/Views/Calendar\ Tab/Components/DatePickerPopover.swift /Users/jacksonsweet/Desktop/OPS\ APP/OPS/OPS/Views/Calendar\ Tab/Components/DayCell.swift /Users/jacksonsweet/Desktop/OPS\ APP/OPS/OPS/Views/Calendar\ Tab/ProjectViews/DayProjectSheet.swift /Users/jacksonsweet/Desktop/OPS\ APP/OPS/OPS/Views/Calendar\ Tab/ProjectViews/ProjectListView.swift /Users/jacksonsweet/Desktop/OPS\ APP/OPS/OPS/Views/Calendar\ Tab/MonthGridView.swift /Users/jacksonsweet/Desktop/OPS\ APP/OPS/OPS/Views/Components/Common/AppHeader.swift /Users/jacksonsweet/Desktop/OPS\ APP/OPS/OPS/Views/Components/Common/ExpandableNotesView.swift /Users/jacksonsweet/Desktop/OPS\ APP/OPS/OPS/Views/Components/Common/LocationPermissionView.swift /Users/jacksonsweet/Desktop/OPS\ APP/OPS/OPS/Views/Components/Common/NavigationBanner.swift /Users/jacksonsweet/Desktop/OPS\ APP/OPS/OPS/Views/Components/Common/NavigationControlsView.swift /Users/jacksonsweet/Desktop/OPS\ APP/OPS/OPS/Views/Components/Common/TabBarBackground.swift /Users/jacksonsweet/Desktop/OPS\ APP/OPS/OPS/Views/Components/Images/ImagePicker.swift /Users/jacksonsweet/Desktop/OPS\ APP/OPS/OPS/Views/Components/Images/ImagePickerView.swift /Users/jacksonsweet/Desktop/OPS\ APP/OPS/OPS/Views/Components/Images/ProjectImagesSection.swift /Users/jacksonsweet/Desktop/OPS\ APP/OPS/OPS/Views/Components/Images/ProjectImagesSimple.swift /Users/jacksonsweet/Desktop/OPS\ APP/OPS/OPS/Views/Components/Images/ProjectImageView.swift /Users/jacksonsweet/Desktop/OPS\ APP/OPS/OPS/Views/Components/Images/ProjectPhotosGrid.swift /Users/jacksonsweet/Desktop/OPS\ APP/OPS/OPS/Views/Components/Map/MiniMapView.swift /Users/jacksonsweet/Desktop/OPS\ APP/OPS/OPS/Views/Components/Map/ProjectMapAnnotation.swift /Users/jacksonsweet/Desktop/OPS\ APP/OPS/OPS/Views/Components/Map/ProjectMapView.swift /Users/jacksonsweet/Desktop/OPS\ APP/OPS/OPS/Views/Components/Map/ProjectMarkerPopup.swift /Users/jacksonsweet/Desktop/OPS\ APP/OPS/OPS/Views/Components/Map/RouteDirectionsView.swift /Users/jacksonsweet/Desktop/OPS\ APP/OPS/OPS/Views/Components/Project/ProjectActionBar.swift /Users/jacksonsweet/Desktop/OPS\ APP/OPS/OPS/Views/Components/Project/ProjectCard.swift /Users/jacksonsweet/Desktop/OPS\ APP/OPS/OPS/Views/Components/Project/ProjectCarousel.swift /Users/jacksonsweet/Desktop/OPS\ APP/OPS/OPS/Views/Components/Project/ProjectDetailsView.swift /Users/jacksonsweet/Desktop/OPS\ APP/OPS/OPS/Views/Components/Project/ProjectHeader.swift /Users/jacksonsweet/Desktop/OPS\ APP/OPS/OPS/Views/Components/Project/ProjectSheetContainer.swift /Users/jacksonsweet/Desktop/OPS\ APP/OPS/OPS/Views/Components/User/TeamMemberListView.swift /Users/jacksonsweet/Desktop/OPS\ APP/OPS/OPS/Views/Components/User/UserProfileCard.swift /Users/jacksonsweet/Desktop/OPS\ APP/OPS/OPS/Views/Home/HomeContentView.swift /Users/jacksonsweet/Desktop/OPS\ APP/OPS/OPS/Views/Home/HomeView.swift /Users/jacksonsweet/Desktop/OPS\ APP/OPS/OPS/Views/Settings/OrganizationSettingsView.swift /Users/jacksonsweet/Desktop/OPS\ APP/OPS/OPS/Views/Settings/ProfileSettingsView.swift /Users/jacksonsweet/Desktop/OPS\ APP/OPS/OPS/Views/Settings/ProjectHistorySettingsView.swift /Users/jacksonsweet/Desktop/OPS\ APP/OPS/OPS/Views/LoginView.swift /Users/jacksonsweet/Desktop/OPS\ APP/OPS/OPS/Views/LoginViewPreview.swift /Users/jacksonsweet/Desktop/OPS\ APP/OPS/OPS/Views/MainTabView.swift /Users/jacksonsweet/Desktop/OPS\ APP/OPS/OPS/Views/NetworkStatusIndicator.swift /Users/jacksonsweet/Desktop/OPS\ APP/OPS/OPS/Views/ScheduleView.swift /Users/jacksonsweet/Desktop/OPS\ APP/OPS/OPS/Views/SettingsView.swift /Users/jacksonsweet/Desktop/OPS\ APP/OPS/OPS/Views/SplashScreen.swift /Users/jacksonsweet/Desktop/OPS\ APP/OPS/OPS/AppState.swift /Users/jacksonsweet/Desktop/OPS\ APP/OPS/OPS/ContentView.swift /Users/jacksonsweet/Desktop/OPS\ APP/OPS/OPS/Item.swift /Users/jacksonsweet/Desktop/OPS\ APP/OPS/OPS/OPSApp.swift /Users/jacksonsweet/Library/Developer/Xcode/DerivedData/OPS-czavgtmnvamasvcjgszzuulfcsxj/Build/Intermediates.noindex/OPS.build/Debug-iphonesimulator/OPS.build/DerivedSources/GeneratedAssetSymbols.swift -supplementary-output-file-map /Users/jacksonsweet/Library/Developer/Xcode/DerivedData/OPS-czavgtmnvamasvcjgszzuulfcsxj/Build/Intermediates.noindex/OPS.build/Debug-iphonesimulator/OPS.build/Objects-normal/arm64/supplementaryOutputs-5 -emit-localized-strings -emit-localized-strings-path /Users/jacksonsweet/Library/Developer/Xcode/DerivedData/OPS-czavgtmnvamasvcjgszzuulfcsxj/Build/Intermediates.noindex/OPS.build/Debug-iphonesimulator/OPS.build/Objects-normal/arm64 -target arm64-apple-ios18.2-simulator -Xllvm -aarch64-use-tbi -enable-objc-interop -sdk /Applications/Xcode.app/Contents/Developer/Platforms/iPhoneSimulator.platform/Developer/SDKs/iPhoneSimulator18.2.sdk -I /Users/jacksonsweet/Library/Developer/Xcode/DerivedData/OPS-czavgtmnvamasvcjgszzuulfcsxj/Build/Products/Debug-iphonesimulator -F /Users/jacksonsweet/Library/Developer/Xcode/DerivedData/OPS-czavgtmnvamasvcjgszzuulfcsxj/Build/Products/Debug-iphonesimulator -no-color-diagnostics -enable-testing -g -debug-info-format\=dwarf -dwarf-version\=5 -module-cache-path /Users/jacksonsweet/Library/Developer/Xcode/DerivedData/ModuleCache.noindex -profile-generate -profile-coverage-mapping -swift-version 5 -enforce-exclusivity\=checked -Onone -D DEBUG -serialize-debugging-options -const-gather-protocols-file /Users/jacksonsweet/Library/Developer/Xcode/DerivedData/OPS-czavgtmnvamasvcjgszzuulfcsxj/Build/Intermediates.noindex/OPS.build/Debug-iphonesimulator/OPS.build/Objects-normal/arm64/OPS_const_extract_protocols.json -enable-experimental-feature DebugDescriptionMacro -enable-experimental-feature OpaqueTypeErasure -enable-bare-slash-regex -empty-abi-descriptor -validate-clang-modules-once -clang-build-session-file /Users/jacksonsweet/Library/Developer/Xcode/DerivedData/ModuleCache.noindex/Session.modulevalidation -Xcc -working-directory -Xcc /Users/jacksonsweet/Desktop/OPS\ APP/OPS -resource-dir /Applications/Xcode.app/Contents/Developer/Toolchains/XcodeDefault.xctoolchain/usr/lib/swift -enable-anonymous-context-mangled-names -file-compilation-dir /Users/jacksonsweet/Desktop/OPS\ APP/OPS -Xcc -D_LIBCPP_HARDENING_MODE\=_LIBCPP_HARDENING_MODE_DEBUG -Xcc -ivfsstatcache -Xcc /Users/jacksonsweet/Library/Developer/Xcode/DerivedData/SDKStatCaches.noindex/iphonesimulator18.2-22C146-07b28473f605e47e75261259d3ef3b5a.sdkstatcache -Xcc -I/Users/jacksonsweet/Library/Developer/Xcode/DerivedData/OPS-czavgtmnvamasvcjgszzuulfcsxj/Build/Intermediates.noindex/OPS.build/Debug-iphonesimulator/OPS.build/swift-overrides.hmap -Xcc -iquote -Xcc /Users/jacksonsweet/Library/Developer/Xcode/DerivedData/OPS-czavgtmnvamasvcjgszzuulfcsxj/Build/Intermediates.noindex/OPS.build/Debug-iphonesimulator/OPS.build/OPS-generated-files.hmap -Xcc -I/Users/jacksonsweet/Library/Developer/Xcode/DerivedData/OPS-czavgtmnvamasvcjgszzuulfcsxj/Build/Intermediates.noindex/OPS.build/Debug-iphonesimulator/OPS.build/OPS-own-target-headers.hmap -Xcc -I/Users/jacksonsweet/Library/Developer/Xcode/DerivedData/OPS-czavgtmnvamasvcjgszzuulfcsxj/Build/Intermediates.noindex/OPS.build/Debug-iphonesimulator/OPS.build/OPS-all-target-headers.hmap -Xcc -iquote -Xcc /Users/jacksonsweet/Library/Developer/Xcode/DerivedData/OPS-czavgtmnvamasvcjgszzuulfcsxj/Build/Intermediates.noindex/OPS.build/Debug-iphonesimulator/OPS.build/OPS-project-headers.hmap -Xcc -I/Users/jacksonsweet/Library/Developer/Xcode/DerivedData/OPS-czavgtmnvamasvcjgszzuulfcsxj/Build/Products/Debug-iphonesimulator/include -Xcc -I/Users/jacksonsweet/Library/Developer/Xcode/DerivedData/OPS-czavgtmnvamasvcjgszzuulfcsxj/Build/Intermediates.noindex/OPS.build/Debug-iphonesimulator/OPS.build/DerivedSources-normal/arm64 -Xcc -I/Users/jacksonsweet/Library/Developer/Xcode/DerivedData/OPS-czavgtmnvamasvcjgszzuulfcsxj/Build/Intermediates.noindex/OPS.build/Debug-iphonesimulator/OPS.build/DerivedSources/arm64 -Xcc -I/Users/jacksonsweet/Library/Developer/Xcode/DerivedData/OPS-czavgtmnvamasvcjgszzuulfcsxj/Build/Intermediates.noindex/OPS.build/Debug-iphonesimulator/OPS.build/DerivedSources -Xcc -DDEBUG\=1 -module-name OPS -frontend-parseable-output -disable-clang-spi -target-sdk-version 18.2 -target-sdk-name iphonesimulator18.2 -external-plugin-path /Applications/Xcode.app/Contents/Developer/Platforms/iPhoneOS.platform/Developer/usr/lib/swift/host/plugins\#/Applications/Xcode.app/Contents/Developer/Platforms/iPhoneOS.platform/Developer/usr/bin/swift-plugin-server -external-plugin-path /Applications/Xcode.app/Contents/Developer/Platforms/iPhoneOS.platform/Developer/usr/local/lib/swift/host/plugins\#/Applications/Xcode.app/Contents/Developer/Platforms/iPhoneOS.platform/Developer/usr/bin/swift-plugin-server -plugin-path /Applications/Xcode.app/Contents/Developer/Toolchains/XcodeDefault.xctoolchain/usr/lib/swift/host/plugins -plugin-path /Applications/Xcode.app/Contents/Developer/Toolchains/XcodeDefault.xctoolchain/usr/local/lib/swift/host/plugins -o /Users/jacksonsweet/Library/Developer/Xcode/DerivedData/OPS-czavgtmnvamasvcjgszzuulfcsxj/Build/Intermediates.noindex/OPS.build/Debug-iphonesimulator/OPS.build/Objects-normal/arm64/OnboardingContainerView.o -o /Users/jacksonsweet/Library/Developer/Xcode/DerivedData/OPS-czavgtmnvamasvcjgszzuulfcsxj/Build/Intermediates.noindex/OPS.build/Debug-iphonesimulator/OPS.build/Objects-normal/arm64/OnboardingFlowPreview.o -o /Users/jacksonsweet/Library/Developer/Xcode/DerivedData/OPS-czavgtmnvamasvcjgszzuulfcsxj/Build/Intermediates.noindex/OPS.build/Debug-iphonesimulator/OPS.build/Objects-normal/arm64/OnboardingPresenter.o -o /Users/jacksonsweet/Library/Developer/Xcode/DerivedData/OPS-czavgtmnvamasvcjgszzuulfcsxj/Build/Intermediates.noindex/OPS.build/Debug-iphonesimulator/OPS.build/Objects-normal/arm64/OnboardingPreviewHelpers.o -o /Users/jacksonsweet/Library/Developer/Xcode/DerivedData/OPS-czavgtmnvamasvcjgszzuulfcsxj/Build/Intermediates.noindex/OPS.build/Debug-iphonesimulator/OPS.build/Objects-normal/arm64/OPSStyle.o -o /Users/jacksonsweet/Library/Developer/Xcode/DerivedData/OPS-czavgtmnvamasvcjgszzuulfcsxj/Build/Intermediates.noindex/OPS.build/Debug-iphonesimulator/OPS.build/Objects-normal/arm64/AppConfiguration.o -o /Users/jacksonsweet/Library/Developer/Xcode/DerivedData/OPS-czavgtmnvamasvcjgszzuulfcsxj/Build/Intermediates.noindex/OPS.build/Debug-iphonesimulator/OPS.build/Objects-normal/arm64/ArrayTransformer.o -o /Users/jacksonsweet/Library/Developer/Xcode/DerivedData/OPS-czavgtmnvamasvcjgszzuulfcsxj/Build/Intermediates.noindex/OPS.build/Debug-iphonesimulator/OPS.build/Objects-normal/arm64/DataController.o -o /Users/jacksonsweet/Library/Developer/Xcode/DerivedData/OPS-czavgtmnvamasvcjgszzuulfcsxj/Build/Intermediates.noindex/OPS.build/Debug-iphonesimulator/OPS.build/Objects-normal/arm64/Dateformatter\ +Bubble.o -o /Users/jacksonsweet/Library/Developer/Xcode/DerivedData/OPS-czavgtmnvamasvcjgszzuulfcsxj/Build/Intermediates.noindex/OPS.build/Debug-iphonesimulator/OPS.build/Objects-normal/arm64/DateHelper.o -o /Users/jacksonsweet/Library/Developer/Xcode/DerivedData/OPS-czavgtmnvamasvcjgszzuulfcsxj/Build/Intermediates.noindex/OPS.build/Debug-iphonesimulator/OPS.build/Objects-normal/arm64/FieldErrorHandler.o -o /Users/jacksonsweet/Library/Developer/Xcode/DerivedData/OPS-czavgtmnvamasvcjgszzuulfcsxj/Build/Intermediates.noindex/OPS.build/Debug-iphonesimulator/OPS.build/Objects-normal/arm64/ImageCache.o -o /Users/jacksonsweet/Library/Developer/Xcode/DerivedData/OPS-czavgtmnvamasvcjgszzuulfcsxj/Build/Intermediates.noindex/OPS.build/Debug-iphonesimulator/OPS.build/Objects-normal/arm64/ImageFileManager.o -index-unit-output-path /OPS.build/Debug-iphonesimulator/OPS.build/Objects-normal/arm64/OnboardingContainerView.o -index-unit-output-path /OPS.build/Debug-iphonesimulator/OPS.build/Objects-normal/arm64/OnboardingFlowPreview.o -index-unit-output-path /OPS.build/Debug-iphonesimulator/OPS.build/Objects-normal/arm64/OnboardingPresenter.o -index-unit-output-path /OPS.build/Debug-iphonesimulator/OPS.build/Objects-normal/arm64/OnboardingPreviewHelpers.o -index-unit-output-path /OPS.build/Debug-iphonesimulator/OPS.build/Objects-normal/arm64/OPSStyle.o -index-unit-output-path /OPS.build/Debug-iphonesimulator/OPS.build/Objects-normal/arm64/AppConfiguration.o -index-unit-output-path /OPS.build/Debug-iphonesimulator/OPS.build/Objects-normal/arm64/ArrayTransformer.o -index-unit-output-path /OPS.build/Debug-iphonesimulator/OPS.build/Objects-normal/arm64/DataController.o -index-unit-output-path /OPS.build/Debug-iphonesimulator/OPS.build/Objects-normal/arm64/Dateformatter\ +Bubble.o -index-unit-output-path /OPS.build/Debug-iphonesimulator/OPS.build/Objects-normal/arm64/DateHelper.o -index-unit-output-path /OPS.build/Debug-iphonesimulator/OPS.build/Objects-normal/arm64/FieldErrorHandler.o -index-unit-output-path /OPS.build/Debug-iphonesimulator/OPS.build/Objects-normal/arm64/ImageCache.o -index-unit-output-path /OPS.build/Debug-iphonesimulator/OPS.build/Objects-normal/arm64/ImageFileManager.o -index-store-path /Users/jacksonsweet/Library/Developer/Xcode/DerivedData/OPS-czavgtmnvamasvcjgszzuulfcsxj/Index.noindex/DataStore -index-system-modules

SwiftCompile normal arm64 /Users/jacksonsweet/Desktop/OPS\ APP/OPS/OPS/Utilities/AppConfiguration.swift (in target 'OPS' from project 'OPS')
    cd /Users/jacksonsweet/Desktop/OPS\ APP/OPS
    /Applications/Xcode.app/Contents/Developer/Toolchains/XcodeDefault.xctoolchain/usr/bin/swift-frontend -c /Users/jacksonsweet/Desktop/OPS\ APP/OPS/OPS/DataModels/BubbleImage.swift /Users/jacksonsweet/Desktop/OPS\ APP/OPS/OPS/DataModels/BubbleTypes.swift /Users/jacksonsweet/Desktop/OPS\ APP/OPS/OPS/DataModels/Company.swift /Users/jacksonsweet/Desktop/OPS\ APP/OPS/OPS/DataModels/Project.swift /Users/jacksonsweet/Desktop/OPS\ APP/OPS/OPS/DataModels/Status.swift /Users/jacksonsweet/Desktop/OPS\ APP/OPS/OPS/DataModels/User.swift /Users/jacksonsweet/Desktop/OPS\ APP/OPS/OPS/DataModels/UserRole.swift /Users/jacksonsweet/Desktop/OPS\ APP/OPS/OPS/Extensions/UIImage+Extensions.swift /Users/jacksonsweet/Desktop/OPS\ APP/OPS/OPS/Network/API/APIError.swift /Users/jacksonsweet/Desktop/OPS\ APP/OPS/OPS/Network/API/APIService.swift /Users/jacksonsweet/Desktop/OPS\ APP/OPS/OPS/Network/API/BubbleFields.swift /Users/jacksonsweet/Desktop/OPS\ APP/OPS/OPS/Network/Auth/AuthError.swift /Users/jacksonsweet/Desktop/OPS\ APP/OPS/OPS/Network/Auth/AuthManager.swift /Users/jacksonsweet/Desktop/OPS\ APP/OPS/OPS/Network/Auth/KeychainManager.swift /Users/jacksonsweet/Desktop/OPS\ APP/OPS/OPS/Network/DTOs/CompanyDTO.swift /Users/jacksonsweet/Desktop/OPS\ APP/OPS/OPS/Network/DTOs/ProjectDTO.swift /Users/jacksonsweet/Desktop/OPS\ APP/OPS/OPS/Network/DTOs/UserDTO.swift /Users/jacksonsweet/Desktop/OPS\ APP/OPS/OPS/Network/Endpoints/CompanyEndpoints.swift /Users/jacksonsweet/Desktop/OPS\ APP/OPS/OPS/Network/Endpoints/ProjectEndpoints.swift /Users/jacksonsweet/Desktop/OPS\ APP/OPS/OPS/Network/Endpoints/UserEndpoints.swift /Users/jacksonsweet/Desktop/OPS\ APP/OPS/OPS/Network/Sync/BackgroundTaskManager.swift /Users/jacksonsweet/Desktop/OPS\ APP/OPS/OPS/Network/Sync/SyncManager.swift /Users/jacksonsweet/Desktop/OPS\ APP/OPS/OPS/Network/ConnectivityMonitor.swift /Users/jacksonsweet/Desktop/OPS\ APP/OPS/OPS/Network/ImageSyncManager.swift /Users/jacksonsweet/Desktop/OPS\ APP/OPS/OPS/Onboarding/Coordinators/OnboardingCoordinator.swift /Users/jacksonsweet/Desktop/OPS\ APP/OPS/OPS/Onboarding/Models/OnboardingModels.swift /Users/jacksonsweet/Desktop/OPS\ APP/OPS/OPS/Onboarding/Services/OnboardingService.swift /Users/jacksonsweet/Desktop/OPS\ APP/OPS/OPS/Onboarding/ViewModels/OnboardingViewModel.swift /Users/jacksonsweet/Desktop/OPS\ APP/OPS/OPS/Onboarding/Views/Components/OnboardingComponents.swift /Users/jacksonsweet/Desktop/OPS\ APP/OPS/OPS/Onboarding/Views/Screens/AccountCreatedView.swift /Users/jacksonsweet/Desktop/OPS\ APP/OPS/OPS/Onboarding/Views/Screens/CompanyCodeView.swift /Users/jacksonsweet/Desktop/OPS\ APP/OPS/OPS/Onboarding/Views/Screens/CompanyCodeViewPreview.swift /Users/jacksonsweet/Desktop/OPS\ APP/OPS/OPS/Onboarding/Views/Screens/CompletionView.swift /Users/jacksonsweet/Desktop/OPS\ APP/OPS/OPS/Onboarding/Views/Screens/CompletionViewPreview.swift /Users/jacksonsweet/Desktop/OPS\ APP/OPS/OPS/Onboarding/Views/Screens/EmailView.swift /Users/jacksonsweet/Desktop/OPS\ APP/OPS/OPS/Onboarding/Views/Screens/FieldSetupView.swift /Users/jacksonsweet/Desktop/OPS\ APP/OPS/OPS/Onboarding/Views/Screens/NotificationsView.swift /Users/jacksonsweet/Desktop/OPS\ APP/OPS/OPS/Onboarding/Views/Screens/NotificationsViewPreview.swift /Users/jacksonsweet/Desktop/OPS\ APP/OPS/OPS/Onboarding/Views/Screens/OrganizationJoinView.swift /Users/jacksonsweet/Desktop/OPS\ APP/OPS/OPS/Onboarding/Views/Screens/PasswordView.swift /Users/jacksonsweet/Desktop/OPS\ APP/OPS/OPS/Onboarding/Views/Screens/PasswordViewPreview.swift /Users/jacksonsweet/Desktop/OPS\ APP/OPS/OPS/Onboarding/Views/Screens/PermissionsView.swift /Users/jacksonsweet/Desktop/OPS\ APP/OPS/OPS/Onboarding/Views/Screens/PermissionsViewPreview.swift /Users/jacksonsweet/Desktop/OPS\ APP/OPS/OPS/Onboarding/Views/Screens/PhoneNumberView.swift /Users/jacksonsweet/Desktop/OPS\ APP/OPS/OPS/Onboarding/Views/Screens/PhoneNumberViewPreview.swift /Users/jacksonsweet/Desktop/OPS\ APP/OPS/OPS/Onboarding/Views/Screens/UserInfoView.swift /Users/jacksonsweet/Desktop/OPS\ APP/OPS/OPS/Onboarding/Views/Screens/UserInfoViewPreview.swift /Users/jacksonsweet/Desktop/OPS\ APP/OPS/OPS/Onboarding/Views/Screens/VerifyPhoneView.swift /Users/jacksonsweet/Desktop/OPS\ APP/OPS/OPS/Onboarding/Views/Screens/WelcomeCompanyView.swift /Users/jacksonsweet/Desktop/OPS\ APP/OPS/OPS/Onboarding/Views/Screens/WelcomeCompanyViewPreview.swift /Users/jacksonsweet/Desktop/OPS\ APP/OPS/OPS/Onboarding/Views/Screens/WelcomeView.swift /Users/jacksonsweet/Desktop/OPS\ APP/OPS/OPS/Onboarding/Views/Screens/WelcomeViewPreview.swift -primary-file /Users/jacksonsweet/Desktop/OPS\ APP/OPS/OPS/Onboarding/Views/OnboardingContainerView.swift -primary-file /Users/jacksonsweet/Desktop/OPS\ APP/OPS/OPS/Onboarding/Views/OnboardingFlowPreview.swift -primary-file /Users/jacksonsweet/Desktop/OPS\ APP/OPS/OPS/Onboarding/Views/OnboardingPresenter.swift -primary-file /Users/jacksonsweet/Desktop/OPS\ APP/OPS/OPS/Onboarding/Views/OnboardingPreviewHelpers.swift -primary-file /Users/jacksonsweet/Desktop/OPS\ APP/OPS/OPS/Styles/OPSStyle.swift -primary-file /Users/jacksonsweet/Desktop/OPS\ APP/OPS/OPS/Utilities/AppConfiguration.swift -primary-file /Users/jacksonsweet/Desktop/OPS\ APP/OPS/OPS/Utilities/ArrayTransformer.swift -primary-file /Users/jacksonsweet/Desktop/OPS\ APP/OPS/OPS/Utilities/DataController.swift -primary-file /Users/jacksonsweet/Desktop/OPS\ APP/OPS/OPS/Utilities/Dateformatter\ +Bubble.swift -primary-file /Users/jacksonsweet/Desktop/OPS\ APP/OPS/OPS/Utilities/DateHelper.swift -primary-file /Users/jacksonsweet/Desktop/OPS\ APP/OPS/OPS/Utilities/FieldErrorHandler.swift -primary-file /Users/jacksonsweet/Desktop/OPS\ APP/OPS/OPS/Utilities/ImageCache.swift -primary-file /Users/jacksonsweet/Desktop/OPS\ APP/OPS/OPS/Utilities/ImageFileManager.swift /Users/jacksonsweet/Desktop/OPS\ APP/OPS/OPS/Utilities/InProgressManager.swift /Users/jacksonsweet/Desktop/OPS\ APP/OPS/OPS/Utilities/KeyboardDismissalModifier.swift /Users/jacksonsweet/Desktop/OPS\ APP/OPS/OPS/Utilities/LocationManager.swift /Users/jacksonsweet/Desktop/OPS\ APP/OPS/OPS/Utilities/OnboardingEnvironmentKey.swift /Users/jacksonsweet/Desktop/OPS\ APP/OPS/OPS/Utilities/SwiftDataHelper.swift /Users/jacksonsweet/Desktop/OPS\ APP/OPS/OPS/Utilities/UIComponents.swift /Users/jacksonsweet/Desktop/OPS\ APP/OPS/OPS/V2/CertificationsSettingsView.swift /Users/jacksonsweet/Desktop/OPS\ APP/OPS/OPS/ViewModels/CalendarViewModel.swift /Users/jacksonsweet/Desktop/OPS\ APP/OPS/OPS/ViewModels/ProjectsViewModel.swift /Users/jacksonsweet/Desktop/OPS\ APP/OPS/OPS/Views/Calendar\ Tab/Components/CalendarDaySelector.swift /Users/jacksonsweet/Desktop/OPS\ APP/OPS/OPS/Views/Calendar\ Tab/Components/CalendarHeaderView.swift /Users/jacksonsweet/Desktop/OPS\ APP/OPS/OPS/Views/Calendar\ Tab/Components/CalendarProjectCard.swift /Users/jacksonsweet/Desktop/OPS\ APP/OPS/OPS/Views/Calendar\ Tab/Components/CalendarToggleView.swift /Users/jacksonsweet/Desktop/OPS\ APP/OPS/OPS/Views/Calendar\ Tab/Components/DatePickerPopover.swift /Users/jacksonsweet/Desktop/OPS\ APP/OPS/OPS/Views/Calendar\ Tab/Components/DayCell.swift /Users/jacksonsweet/Desktop/OPS\ APP/OPS/OPS/Views/Calendar\ Tab/ProjectViews/DayProjectSheet.swift /Users/jacksonsweet/Desktop/OPS\ APP/OPS/OPS/Views/Calendar\ Tab/ProjectViews/ProjectListView.swift /Users/jacksonsweet/Desktop/OPS\ APP/OPS/OPS/Views/Calendar\ Tab/MonthGridView.swift /Users/jacksonsweet/Desktop/OPS\ APP/OPS/OPS/Views/Components/Common/AppHeader.swift /Users/jacksonsweet/Desktop/OPS\ APP/OPS/OPS/Views/Components/Common/ExpandableNotesView.swift /Users/jacksonsweet/Desktop/OPS\ APP/OPS/OPS/Views/Components/Common/LocationPermissionView.swift /Users/jacksonsweet/Desktop/OPS\ APP/OPS/OPS/Views/Components/Common/NavigationBanner.swift /Users/jacksonsweet/Desktop/OPS\ APP/OPS/OPS/Views/Components/Common/NavigationControlsView.swift /Users/jacksonsweet/Desktop/OPS\ APP/OPS/OPS/Views/Components/Common/TabBarBackground.swift /Users/jacksonsweet/Desktop/OPS\ APP/OPS/OPS/Views/Components/Images/ImagePicker.swift /Users/jacksonsweet/Desktop/OPS\ APP/OPS/OPS/Views/Components/Images/ImagePickerView.swift /Users/jacksonsweet/Desktop/OPS\ APP/OPS/OPS/Views/Components/Images/ProjectImagesSection.swift /Users/jacksonsweet/Desktop/OPS\ APP/OPS/OPS/Views/Components/Images/ProjectImagesSimple.swift /Users/jacksonsweet/Desktop/OPS\ APP/OPS/OPS/Views/Components/Images/ProjectImageView.swift /Users/jacksonsweet/Desktop/OPS\ APP/OPS/OPS/Views/Components/Images/ProjectPhotosGrid.swift /Users/jacksonsweet/Desktop/OPS\ APP/OPS/OPS/Views/Components/Map/MiniMapView.swift /Users/jacksonsweet/Desktop/OPS\ APP/OPS/OPS/Views/Components/Map/ProjectMapAnnotation.swift /Users/jacksonsweet/Desktop/OPS\ APP/OPS/OPS/Views/Components/Map/ProjectMapView.swift /Users/jacksonsweet/Desktop/OPS\ APP/OPS/OPS/Views/Components/Map/ProjectMarkerPopup.swift /Users/jacksonsweet/Desktop/OPS\ APP/OPS/OPS/Views/Components/Map/RouteDirectionsView.swift /Users/jacksonsweet/Desktop/OPS\ APP/OPS/OPS/Views/Components/Project/ProjectActionBar.swift /Users/jacksonsweet/Desktop/OPS\ APP/OPS/OPS/Views/Components/Project/ProjectCard.swift /Users/jacksonsweet/Desktop/OPS\ APP/OPS/OPS/Views/Components/Project/ProjectCarousel.swift /Users/jacksonsweet/Desktop/OPS\ APP/OPS/OPS/Views/Components/Project/ProjectDetailsView.swift /Users/jacksonsweet/Desktop/OPS\ APP/OPS/OPS/Views/Components/Project/ProjectHeader.swift /Users/jacksonsweet/Desktop/OPS\ APP/OPS/OPS/Views/Components/Project/ProjectSheetContainer.swift /Users/jacksonsweet/Desktop/OPS\ APP/OPS/OPS/Views/Components/User/TeamMemberListView.swift /Users/jacksonsweet/Desktop/OPS\ APP/OPS/OPS/Views/Components/User/UserProfileCard.swift /Users/jacksonsweet/Desktop/OPS\ APP/OPS/OPS/Views/Home/HomeContentView.swift /Users/jacksonsweet/Desktop/OPS\ APP/OPS/OPS/Views/Home/HomeView.swift /Users/jacksonsweet/Desktop/OPS\ APP/OPS/OPS/Views/Settings/OrganizationSettingsView.swift /Users/jacksonsweet/Desktop/OPS\ APP/OPS/OPS/Views/Settings/ProfileSettingsView.swift /Users/jacksonsweet/Desktop/OPS\ APP/OPS/OPS/Views/Settings/ProjectHistorySettingsView.swift /Users/jacksonsweet/Desktop/OPS\ APP/OPS/OPS/Views/LoginView.swift /Users/jacksonsweet/Desktop/OPS\ APP/OPS/OPS/Views/LoginViewPreview.swift /Users/jacksonsweet/Desktop/OPS\ APP/OPS/OPS/Views/MainTabView.swift /Users/jacksonsweet/Desktop/OPS\ APP/OPS/OPS/Views/NetworkStatusIndicator.swift /Users/jacksonsweet/Desktop/OPS\ APP/OPS/OPS/Views/ScheduleView.swift /Users/jacksonsweet/Desktop/OPS\ APP/OPS/OPS/Views/SettingsView.swift /Users/jacksonsweet/Desktop/OPS\ APP/OPS/OPS/Views/SplashScreen.swift /Users/jacksonsweet/Desktop/OPS\ APP/OPS/OPS/AppState.swift /Users/jacksonsweet/Desktop/OPS\ APP/OPS/OPS/ContentView.swift /Users/jacksonsweet/Desktop/OPS\ APP/OPS/OPS/Item.swift /Users/jacksonsweet/Desktop/OPS\ APP/OPS/OPS/OPSApp.swift /Users/jacksonsweet/Library/Developer/Xcode/DerivedData/OPS-czavgtmnvamasvcjgszzuulfcsxj/Build/Intermediates.noindex/OPS.build/Debug-iphonesimulator/OPS.build/DerivedSources/GeneratedAssetSymbols.swift -supplementary-output-file-map /Users/jacksonsweet/Library/Developer/Xcode/DerivedData/OPS-czavgtmnvamasvcjgszzuulfcsxj/Build/Intermediates.noindex/OPS.build/Debug-iphonesimulator/OPS.build/Objects-normal/arm64/supplementaryOutputs-5 -emit-localized-strings -emit-localized-strings-path /Users/jacksonsweet/Library/Developer/Xcode/DerivedData/OPS-czavgtmnvamasvcjgszzuulfcsxj/Build/Intermediates.noindex/OPS.build/Debug-iphonesimulator/OPS.build/Objects-normal/arm64 -target arm64-apple-ios18.2-simulator -Xllvm -aarch64-use-tbi -enable-objc-interop -sdk /Applications/Xcode.app/Contents/Developer/Platforms/iPhoneSimulator.platform/Developer/SDKs/iPhoneSimulator18.2.sdk -I /Users/jacksonsweet/Library/Developer/Xcode/DerivedData/OPS-czavgtmnvamasvcjgszzuulfcsxj/Build/Products/Debug-iphonesimulator -F /Users/jacksonsweet/Library/Developer/Xcode/DerivedData/OPS-czavgtmnvamasvcjgszzuulfcsxj/Build/Products/Debug-iphonesimulator -no-color-diagnostics -enable-testing -g -debug-info-format\=dwarf -dwarf-version\=5 -module-cache-path /Users/jacksonsweet/Library/Developer/Xcode/DerivedData/ModuleCache.noindex -profile-generate -profile-coverage-mapping -swift-version 5 -enforce-exclusivity\=checked -Onone -D DEBUG -serialize-debugging-options -const-gather-protocols-file /Users/jacksonsweet/Library/Developer/Xcode/DerivedData/OPS-czavgtmnvamasvcjgszzuulfcsxj/Build/Intermediates.noindex/OPS.build/Debug-iphonesimulator/OPS.build/Objects-normal/arm64/OPS_const_extract_protocols.json -enable-experimental-feature DebugDescriptionMacro -enable-experimental-feature OpaqueTypeErasure -enable-bare-slash-regex -empty-abi-descriptor -validate-clang-modules-once -clang-build-session-file /Users/jacksonsweet/Library/Developer/Xcode/DerivedData/ModuleCache.noindex/Session.modulevalidation -Xcc -working-directory -Xcc /Users/jacksonsweet/Desktop/OPS\ APP/OPS -resource-dir /Applications/Xcode.app/Contents/Developer/Toolchains/XcodeDefault.xctoolchain/usr/lib/swift -enable-anonymous-context-mangled-names -file-compilation-dir /Users/jacksonsweet/Desktop/OPS\ APP/OPS -Xcc -D_LIBCPP_HARDENING_MODE\=_LIBCPP_HARDENING_MODE_DEBUG -Xcc -ivfsstatcache -Xcc /Users/jacksonsweet/Library/Developer/Xcode/DerivedData/SDKStatCaches.noindex/iphonesimulator18.2-22C146-07b28473f605e47e75261259d3ef3b5a.sdkstatcache -Xcc -I/Users/jacksonsweet/Library/Developer/Xcode/DerivedData/OPS-czavgtmnvamasvcjgszzuulfcsxj/Build/Intermediates.noindex/OPS.build/Debug-iphonesimulator/OPS.build/swift-overrides.hmap -Xcc -iquote -Xcc /Users/jacksonsweet/Library/Developer/Xcode/DerivedData/OPS-czavgtmnvamasvcjgszzuulfcsxj/Build/Intermediates.noindex/OPS.build/Debug-iphonesimulator/OPS.build/OPS-generated-files.hmap -Xcc -I/Users/jacksonsweet/Library/Developer/Xcode/DerivedData/OPS-czavgtmnvamasvcjgszzuulfcsxj/Build/Intermediates.noindex/OPS.build/Debug-iphonesimulator/OPS.build/OPS-own-target-headers.hmap -Xcc -I/Users/jacksonsweet/Library/Developer/Xcode/DerivedData/OPS-czavgtmnvamasvcjgszzuulfcsxj/Build/Intermediates.noindex/OPS.build/Debug-iphonesimulator/OPS.build/OPS-all-target-headers.hmap -Xcc -iquote -Xcc /Users/jacksonsweet/Library/Developer/Xcode/DerivedData/OPS-czavgtmnvamasvcjgszzuulfcsxj/Build/Intermediates.noindex/OPS.build/Debug-iphonesimulator/OPS.build/OPS-project-headers.hmap -Xcc -I/Users/jacksonsweet/Library/Developer/Xcode/DerivedData/OPS-czavgtmnvamasvcjgszzuulfcsxj/Build/Products/Debug-iphonesimulator/include -Xcc -I/Users/jacksonsweet/Library/Developer/Xcode/DerivedData/OPS-czavgtmnvamasvcjgszzuulfcsxj/Build/Intermediates.noindex/OPS.build/Debug-iphonesimulator/OPS.build/DerivedSources-normal/arm64 -Xcc -I/Users/jacksonsweet/Library/Developer/Xcode/DerivedData/OPS-czavgtmnvamasvcjgszzuulfcsxj/Build/Intermediates.noindex/OPS.build/Debug-iphonesimulator/OPS.build/DerivedSources/arm64 -Xcc -I/Users/jacksonsweet/Library/Developer/Xcode/DerivedData/OPS-czavgtmnvamasvcjgszzuulfcsxj/Build/Intermediates.noindex/OPS.build/Debug-iphonesimulator/OPS.build/DerivedSources -Xcc -DDEBUG\=1 -module-name OPS -frontend-parseable-output -disable-clang-spi -target-sdk-version 18.2 -target-sdk-name iphonesimulator18.2 -external-plugin-path /Applications/Xcode.app/Contents/Developer/Platforms/iPhoneOS.platform/Developer/usr/lib/swift/host/plugins\#/Applications/Xcode.app/Contents/Developer/Platforms/iPhoneOS.platform/Developer/usr/bin/swift-plugin-server -external-plugin-path /Applications/Xcode.app/Contents/Developer/Platforms/iPhoneOS.platform/Developer/usr/local/lib/swift/host/plugins\#/Applications/Xcode.app/Contents/Developer/Platforms/iPhoneOS.platform/Developer/usr/bin/swift-plugin-server -plugin-path /Applications/Xcode.app/Contents/Developer/Toolchains/XcodeDefault.xctoolchain/usr/lib/swift/host/plugins -plugin-path /Applications/Xcode.app/Contents/Developer/Toolchains/XcodeDefault.xctoolchain/usr/local/lib/swift/host/plugins -o /Users/jacksonsweet/Library/Developer/Xcode/DerivedData/OPS-czavgtmnvamasvcjgszzuulfcsxj/Build/Intermediates.noindex/OPS.build/Debug-iphonesimulator/OPS.build/Objects-normal/arm64/OnboardingContainerView.o -o /Users/jacksonsweet/Library/Developer/Xcode/DerivedData/OPS-czavgtmnvamasvcjgszzuulfcsxj/Build/Intermediates.noindex/OPS.build/Debug-iphonesimulator/OPS.build/Objects-normal/arm64/OnboardingFlowPreview.o -o /Users/jacksonsweet/Library/Developer/Xcode/DerivedData/OPS-czavgtmnvamasvcjgszzuulfcsxj/Build/Intermediates.noindex/OPS.build/Debug-iphonesimulator/OPS.build/Objects-normal/arm64/OnboardingPresenter.o -o /Users/jacksonsweet/Library/Developer/Xcode/DerivedData/OPS-czavgtmnvamasvcjgszzuulfcsxj/Build/Intermediates.noindex/OPS.build/Debug-iphonesimulator/OPS.build/Objects-normal/arm64/OnboardingPreviewHelpers.o -o /Users/jacksonsweet/Library/Developer/Xcode/DerivedData/OPS-czavgtmnvamasvcjgszzuulfcsxj/Build/Intermediates.noindex/OPS.build/Debug-iphonesimulator/OPS.build/Objects-normal/arm64/OPSStyle.o -o /Users/jacksonsweet/Library/Developer/Xcode/DerivedData/OPS-czavgtmnvamasvcjgszzuulfcsxj/Build/Intermediates.noindex/OPS.build/Debug-iphonesimulator/OPS.build/Objects-normal/arm64/AppConfiguration.o -o /Users/jacksonsweet/Library/Developer/Xcode/DerivedData/OPS-czavgtmnvamasvcjgszzuulfcsxj/Build/Intermediates.noindex/OPS.build/Debug-iphonesimulator/OPS.build/Objects-normal/arm64/ArrayTransformer.o -o /Users/jacksonsweet/Library/Developer/Xcode/DerivedData/OPS-czavgtmnvamasvcjgszzuulfcsxj/Build/Intermediates.noindex/OPS.build/Debug-iphonesimulator/OPS.build/Objects-normal/arm64/DataController.o -o /Users/jacksonsweet/Library/Developer/Xcode/DerivedData/OPS-czavgtmnvamasvcjgszzuulfcsxj/Build/Intermediates.noindex/OPS.build/Debug-iphonesimulator/OPS.build/Objects-normal/arm64/Dateformatter\ +Bubble.o -o /Users/jacksonsweet/Library/Developer/Xcode/DerivedData/OPS-czavgtmnvamasvcjgszzuulfcsxj/Build/Intermediates.noindex/OPS.build/Debug-iphonesimulator/OPS.build/Objects-normal/arm64/DateHelper.o -o /Users/jacksonsweet/Library/Developer/Xcode/DerivedData/OPS-czavgtmnvamasvcjgszzuulfcsxj/Build/Intermediates.noindex/OPS.build/Debug-iphonesimulator/OPS.build/Objects-normal/arm64/FieldErrorHandler.o -o /Users/jacksonsweet/Library/Developer/Xcode/DerivedData/OPS-czavgtmnvamasvcjgszzuulfcsxj/Build/Intermediates.noindex/OPS.build/Debug-iphonesimulator/OPS.build/Objects-normal/arm64/ImageCache.o -o /Users/jacksonsweet/Library/Developer/Xcode/DerivedData/OPS-czavgtmnvamasvcjgszzuulfcsxj/Build/Intermediates.noindex/OPS.build/Debug-iphonesimulator/OPS.build/Objects-normal/arm64/ImageFileManager.o -index-unit-output-path /OPS.build/Debug-iphonesimulator/OPS.build/Objects-normal/arm64/OnboardingContainerView.o -index-unit-output-path /OPS.build/Debug-iphonesimulator/OPS.build/Objects-normal/arm64/OnboardingFlowPreview.o -index-unit-output-path /OPS.build/Debug-iphonesimulator/OPS.build/Objects-normal/arm64/OnboardingPresenter.o -index-unit-output-path /OPS.build/Debug-iphonesimulator/OPS.build/Objects-normal/arm64/OnboardingPreviewHelpers.o -index-unit-output-path /OPS.build/Debug-iphonesimulator/OPS.build/Objects-normal/arm64/OPSStyle.o -index-unit-output-path /OPS.build/Debug-iphonesimulator/OPS.build/Objects-normal/arm64/AppConfiguration.o -index-unit-output-path /OPS.build/Debug-iphonesimulator/OPS.build/Objects-normal/arm64/ArrayTransformer.o -index-unit-output-path /OPS.build/Debug-iphonesimulator/OPS.build/Objects-normal/arm64/DataController.o -index-unit-output-path /OPS.build/Debug-iphonesimulator/OPS.build/Objects-normal/arm64/Dateformatter\ +Bubble.o -index-unit-output-path /OPS.build/Debug-iphonesimulator/OPS.build/Objects-normal/arm64/DateHelper.o -index-unit-output-path /OPS.build/Debug-iphonesimulator/OPS.build/Objects-normal/arm64/FieldErrorHandler.o -index-unit-output-path /OPS.build/Debug-iphonesimulator/OPS.build/Objects-normal/arm64/ImageCache.o -index-unit-output-path /OPS.build/Debug-iphonesimulator/OPS.build/Objects-normal/arm64/ImageFileManager.o -index-store-path /Users/jacksonsweet/Library/Developer/Xcode/DerivedData/OPS-czavgtmnvamasvcjgszzuulfcsxj/Index.noindex/DataStore -index-system-modules

SwiftCompile normal arm64 /Users/jacksonsweet/Desktop/OPS\ APP/OPS/OPS/Utilities/ArrayTransformer.swift (in target 'OPS' from project 'OPS')
    cd /Users/jacksonsweet/Desktop/OPS\ APP/OPS
    /Applications/Xcode.app/Contents/Developer/Toolchains/XcodeDefault.xctoolchain/usr/bin/swift-frontend -c /Users/jacksonsweet/Desktop/OPS\ APP/OPS/OPS/DataModels/BubbleImage.swift /Users/jacksonsweet/Desktop/OPS\ APP/OPS/OPS/DataModels/BubbleTypes.swift /Users/jacksonsweet/Desktop/OPS\ APP/OPS/OPS/DataModels/Company.swift /Users/jacksonsweet/Desktop/OPS\ APP/OPS/OPS/DataModels/Project.swift /Users/jacksonsweet/Desktop/OPS\ APP/OPS/OPS/DataModels/Status.swift /Users/jacksonsweet/Desktop/OPS\ APP/OPS/OPS/DataModels/User.swift /Users/jacksonsweet/Desktop/OPS\ APP/OPS/OPS/DataModels/UserRole.swift /Users/jacksonsweet/Desktop/OPS\ APP/OPS/OPS/Extensions/UIImage+Extensions.swift /Users/jacksonsweet/Desktop/OPS\ APP/OPS/OPS/Network/API/APIError.swift /Users/jacksonsweet/Desktop/OPS\ APP/OPS/OPS/Network/API/APIService.swift /Users/jacksonsweet/Desktop/OPS\ APP/OPS/OPS/Network/API/BubbleFields.swift /Users/jacksonsweet/Desktop/OPS\ APP/OPS/OPS/Network/Auth/AuthError.swift /Users/jacksonsweet/Desktop/OPS\ APP/OPS/OPS/Network/Auth/AuthManager.swift /Users/jacksonsweet/Desktop/OPS\ APP/OPS/OPS/Network/Auth/KeychainManager.swift /Users/jacksonsweet/Desktop/OPS\ APP/OPS/OPS/Network/DTOs/CompanyDTO.swift /Users/jacksonsweet/Desktop/OPS\ APP/OPS/OPS/Network/DTOs/ProjectDTO.swift /Users/jacksonsweet/Desktop/OPS\ APP/OPS/OPS/Network/DTOs/UserDTO.swift /Users/jacksonsweet/Desktop/OPS\ APP/OPS/OPS/Network/Endpoints/CompanyEndpoints.swift /Users/jacksonsweet/Desktop/OPS\ APP/OPS/OPS/Network/Endpoints/ProjectEndpoints.swift /Users/jacksonsweet/Desktop/OPS\ APP/OPS/OPS/Network/Endpoints/UserEndpoints.swift /Users/jacksonsweet/Desktop/OPS\ APP/OPS/OPS/Network/Sync/BackgroundTaskManager.swift /Users/jacksonsweet/Desktop/OPS\ APP/OPS/OPS/Network/Sync/SyncManager.swift /Users/jacksonsweet/Desktop/OPS\ APP/OPS/OPS/Network/ConnectivityMonitor.swift /Users/jacksonsweet/Desktop/OPS\ APP/OPS/OPS/Network/ImageSyncManager.swift /Users/jacksonsweet/Desktop/OPS\ APP/OPS/OPS/Onboarding/Coordinators/OnboardingCoordinator.swift /Users/jacksonsweet/Desktop/OPS\ APP/OPS/OPS/Onboarding/Models/OnboardingModels.swift /Users/jacksonsweet/Desktop/OPS\ APP/OPS/OPS/Onboarding/Services/OnboardingService.swift /Users/jacksonsweet/Desktop/OPS\ APP/OPS/OPS/Onboarding/ViewModels/OnboardingViewModel.swift /Users/jacksonsweet/Desktop/OPS\ APP/OPS/OPS/Onboarding/Views/Components/OnboardingComponents.swift /Users/jacksonsweet/Desktop/OPS\ APP/OPS/OPS/Onboarding/Views/Screens/AccountCreatedView.swift /Users/jacksonsweet/Desktop/OPS\ APP/OPS/OPS/Onboarding/Views/Screens/CompanyCodeView.swift /Users/jacksonsweet/Desktop/OPS\ APP/OPS/OPS/Onboarding/Views/Screens/CompanyCodeViewPreview.swift /Users/jacksonsweet/Desktop/OPS\ APP/OPS/OPS/Onboarding/Views/Screens/CompletionView.swift /Users/jacksonsweet/Desktop/OPS\ APP/OPS/OPS/Onboarding/Views/Screens/CompletionViewPreview.swift /Users/jacksonsweet/Desktop/OPS\ APP/OPS/OPS/Onboarding/Views/Screens/EmailView.swift /Users/jacksonsweet/Desktop/OPS\ APP/OPS/OPS/Onboarding/Views/Screens/FieldSetupView.swift /Users/jacksonsweet/Desktop/OPS\ APP/OPS/OPS/Onboarding/Views/Screens/NotificationsView.swift /Users/jacksonsweet/Desktop/OPS\ APP/OPS/OPS/Onboarding/Views/Screens/NotificationsViewPreview.swift /Users/jacksonsweet/Desktop/OPS\ APP/OPS/OPS/Onboarding/Views/Screens/OrganizationJoinView.swift /Users/jacksonsweet/Desktop/OPS\ APP/OPS/OPS/Onboarding/Views/Screens/PasswordView.swift /Users/jacksonsweet/Desktop/OPS\ APP/OPS/OPS/Onboarding/Views/Screens/PasswordViewPreview.swift /Users/jacksonsweet/Desktop/OPS\ APP/OPS/OPS/Onboarding/Views/Screens/PermissionsView.swift /Users/jacksonsweet/Desktop/OPS\ APP/OPS/OPS/Onboarding/Views/Screens/PermissionsViewPreview.swift /Users/jacksonsweet/Desktop/OPS\ APP/OPS/OPS/Onboarding/Views/Screens/PhoneNumberView.swift /Users/jacksonsweet/Desktop/OPS\ APP/OPS/OPS/Onboarding/Views/Screens/PhoneNumberViewPreview.swift /Users/jacksonsweet/Desktop/OPS\ APP/OPS/OPS/Onboarding/Views/Screens/UserInfoView.swift /Users/jacksonsweet/Desktop/OPS\ APP/OPS/OPS/Onboarding/Views/Screens/UserInfoViewPreview.swift /Users/jacksonsweet/Desktop/OPS\ APP/OPS/OPS/Onboarding/Views/Screens/VerifyPhoneView.swift /Users/jacksonsweet/Desktop/OPS\ APP/OPS/OPS/Onboarding/Views/Screens/WelcomeCompanyView.swift /Users/jacksonsweet/Desktop/OPS\ APP/OPS/OPS/Onboarding/Views/Screens/WelcomeCompanyViewPreview.swift /Users/jacksonsweet/Desktop/OPS\ APP/OPS/OPS/Onboarding/Views/Screens/WelcomeView.swift /Users/jacksonsweet/Desktop/OPS\ APP/OPS/OPS/Onboarding/Views/Screens/WelcomeViewPreview.swift -primary-file /Users/jacksonsweet/Desktop/OPS\ APP/OPS/OPS/Onboarding/Views/OnboardingContainerView.swift -primary-file /Users/jacksonsweet/Desktop/OPS\ APP/OPS/OPS/Onboarding/Views/OnboardingFlowPreview.swift -primary-file /Users/jacksonsweet/Desktop/OPS\ APP/OPS/OPS/Onboarding/Views/OnboardingPresenter.swift -primary-file /Users/jacksonsweet/Desktop/OPS\ APP/OPS/OPS/Onboarding/Views/OnboardingPreviewHelpers.swift -primary-file /Users/jacksonsweet/Desktop/OPS\ APP/OPS/OPS/Styles/OPSStyle.swift -primary-file /Users/jacksonsweet/Desktop/OPS\ APP/OPS/OPS/Utilities/AppConfiguration.swift -primary-file /Users/jacksonsweet/Desktop/OPS\ APP/OPS/OPS/Utilities/ArrayTransformer.swift -primary-file /Users/jacksonsweet/Desktop/OPS\ APP/OPS/OPS/Utilities/DataController.swift -primary-file /Users/jacksonsweet/Desktop/OPS\ APP/OPS/OPS/Utilities/Dateformatter\ +Bubble.swift -primary-file /Users/jacksonsweet/Desktop/OPS\ APP/OPS/OPS/Utilities/DateHelper.swift -primary-file /Users/jacksonsweet/Desktop/OPS\ APP/OPS/OPS/Utilities/FieldErrorHandler.swift -primary-file /Users/jacksonsweet/Desktop/OPS\ APP/OPS/OPS/Utilities/ImageCache.swift -primary-file /Users/jacksonsweet/Desktop/OPS\ APP/OPS/OPS/Utilities/ImageFileManager.swift /Users/jacksonsweet/Desktop/OPS\ APP/OPS/OPS/Utilities/InProgressManager.swift /Users/jacksonsweet/Desktop/OPS\ APP/OPS/OPS/Utilities/KeyboardDismissalModifier.swift /Users/jacksonsweet/Desktop/OPS\ APP/OPS/OPS/Utilities/LocationManager.swift /Users/jacksonsweet/Desktop/OPS\ APP/OPS/OPS/Utilities/OnboardingEnvironmentKey.swift /Users/jacksonsweet/Desktop/OPS\ APP/OPS/OPS/Utilities/SwiftDataHelper.swift /Users/jacksonsweet/Desktop/OPS\ APP/OPS/OPS/Utilities/UIComponents.swift /Users/jacksonsweet/Desktop/OPS\ APP/OPS/OPS/V2/CertificationsSettingsView.swift /Users/jacksonsweet/Desktop/OPS\ APP/OPS/OPS/ViewModels/CalendarViewModel.swift /Users/jacksonsweet/Desktop/OPS\ APP/OPS/OPS/ViewModels/ProjectsViewModel.swift /Users/jacksonsweet/Desktop/OPS\ APP/OPS/OPS/Views/Calendar\ Tab/Components/CalendarDaySelector.swift /Users/jacksonsweet/Desktop/OPS\ APP/OPS/OPS/Views/Calendar\ Tab/Components/CalendarHeaderView.swift /Users/jacksonsweet/Desktop/OPS\ APP/OPS/OPS/Views/Calendar\ Tab/Components/CalendarProjectCard.swift /Users/jacksonsweet/Desktop/OPS\ APP/OPS/OPS/Views/Calendar\ Tab/Components/CalendarToggleView.swift /Users/jacksonsweet/Desktop/OPS\ APP/OPS/OPS/Views/Calendar\ Tab/Components/DatePickerPopover.swift /Users/jacksonsweet/Desktop/OPS\ APP/OPS/OPS/Views/Calendar\ Tab/Components/DayCell.swift /Users/jacksonsweet/Desktop/OPS\ APP/OPS/OPS/Views/Calendar\ Tab/ProjectViews/DayProjectSheet.swift /Users/jacksonsweet/Desktop/OPS\ APP/OPS/OPS/Views/Calendar\ Tab/ProjectViews/ProjectListView.swift /Users/jacksonsweet/Desktop/OPS\ APP/OPS/OPS/Views/Calendar\ Tab/MonthGridView.swift /Users/jacksonsweet/Desktop/OPS\ APP/OPS/OPS/Views/Components/Common/AppHeader.swift /Users/jacksonsweet/Desktop/OPS\ APP/OPS/OPS/Views/Components/Common/ExpandableNotesView.swift /Users/jacksonsweet/Desktop/OPS\ APP/OPS/OPS/Views/Components/Common/LocationPermissionView.swift /Users/jacksonsweet/Desktop/OPS\ APP/OPS/OPS/Views/Components/Common/NavigationBanner.swift /Users/jacksonsweet/Desktop/OPS\ APP/OPS/OPS/Views/Components/Common/NavigationControlsView.swift /Users/jacksonsweet/Desktop/OPS\ APP/OPS/OPS/Views/Components/Common/TabBarBackground.swift /Users/jacksonsweet/Desktop/OPS\ APP/OPS/OPS/Views/Components/Images/ImagePicker.swift /Users/jacksonsweet/Desktop/OPS\ APP/OPS/OPS/Views/Components/Images/ImagePickerView.swift /Users/jacksonsweet/Desktop/OPS\ APP/OPS/OPS/Views/Components/Images/ProjectImagesSection.swift /Users/jacksonsweet/Desktop/OPS\ APP/OPS/OPS/Views/Components/Images/ProjectImagesSimple.swift /Users/jacksonsweet/Desktop/OPS\ APP/OPS/OPS/Views/Components/Images/ProjectImageView.swift /Users/jacksonsweet/Desktop/OPS\ APP/OPS/OPS/Views/Components/Images/ProjectPhotosGrid.swift /Users/jacksonsweet/Desktop/OPS\ APP/OPS/OPS/Views/Components/Map/MiniMapView.swift /Users/jacksonsweet/Desktop/OPS\ APP/OPS/OPS/Views/Components/Map/ProjectMapAnnotation.swift /Users/jacksonsweet/Desktop/OPS\ APP/OPS/OPS/Views/Components/Map/ProjectMapView.swift /Users/jacksonsweet/Desktop/OPS\ APP/OPS/OPS/Views/Components/Map/ProjectMarkerPopup.swift /Users/jacksonsweet/Desktop/OPS\ APP/OPS/OPS/Views/Components/Map/RouteDirectionsView.swift /Users/jacksonsweet/Desktop/OPS\ APP/OPS/OPS/Views/Components/Project/ProjectActionBar.swift /Users/jacksonsweet/Desktop/OPS\ APP/OPS/OPS/Views/Components/Project/ProjectCard.swift /Users/jacksonsweet/Desktop/OPS\ APP/OPS/OPS/Views/Components/Project/ProjectCarousel.swift /Users/jacksonsweet/Desktop/OPS\ APP/OPS/OPS/Views/Components/Project/ProjectDetailsView.swift /Users/jacksonsweet/Desktop/OPS\ APP/OPS/OPS/Views/Components/Project/ProjectHeader.swift /Users/jacksonsweet/Desktop/OPS\ APP/OPS/OPS/Views/Components/Project/ProjectSheetContainer.swift /Users/jacksonsweet/Desktop/OPS\ APP/OPS/OPS/Views/Components/User/TeamMemberListView.swift /Users/jacksonsweet/Desktop/OPS\ APP/OPS/OPS/Views/Components/User/UserProfileCard.swift /Users/jacksonsweet/Desktop/OPS\ APP/OPS/OPS/Views/Home/HomeContentView.swift /Users/jacksonsweet/Desktop/OPS\ APP/OPS/OPS/Views/Home/HomeView.swift /Users/jacksonsweet/Desktop/OPS\ APP/OPS/OPS/Views/Settings/OrganizationSettingsView.swift /Users/jacksonsweet/Desktop/OPS\ APP/OPS/OPS/Views/Settings/ProfileSettingsView.swift /Users/jacksonsweet/Desktop/OPS\ APP/OPS/OPS/Views/Settings/ProjectHistorySettingsView.swift /Users/jacksonsweet/Desktop/OPS\ APP/OPS/OPS/Views/LoginView.swift /Users/jacksonsweet/Desktop/OPS\ APP/OPS/OPS/Views/LoginViewPreview.swift /Users/jacksonsweet/Desktop/OPS\ APP/OPS/OPS/Views/MainTabView.swift /Users/jacksonsweet/Desktop/OPS\ APP/OPS/OPS/Views/NetworkStatusIndicator.swift /Users/jacksonsweet/Desktop/OPS\ APP/OPS/OPS/Views/ScheduleView.swift /Users/jacksonsweet/Desktop/OPS\ APP/OPS/OPS/Views/SettingsView.swift /Users/jacksonsweet/Desktop/OPS\ APP/OPS/OPS/Views/SplashScreen.swift /Users/jacksonsweet/Desktop/OPS\ APP/OPS/OPS/AppState.swift /Users/jacksonsweet/Desktop/OPS\ APP/OPS/OPS/ContentView.swift /Users/jacksonsweet/Desktop/OPS\ APP/OPS/OPS/Item.swift /Users/jacksonsweet/Desktop/OPS\ APP/OPS/OPS/OPSApp.swift /Users/jacksonsweet/Library/Developer/Xcode/DerivedData/OPS-czavgtmnvamasvcjgszzuulfcsxj/Build/Intermediates.noindex/OPS.build/Debug-iphonesimulator/OPS.build/DerivedSources/GeneratedAssetSymbols.swift -supplementary-output-file-map /Users/jacksonsweet/Library/Developer/Xcode/DerivedData/OPS-czavgtmnvamasvcjgszzuulfcsxj/Build/Intermediates.noindex/OPS.build/Debug-iphonesimulator/OPS.build/Objects-normal/arm64/supplementaryOutputs-5 -emit-localized-strings -emit-localized-strings-path /Users/jacksonsweet/Library/Developer/Xcode/DerivedData/OPS-czavgtmnvamasvcjgszzuulfcsxj/Build/Intermediates.noindex/OPS.build/Debug-iphonesimulator/OPS.build/Objects-normal/arm64 -target arm64-apple-ios18.2-simulator -Xllvm -aarch64-use-tbi -enable-objc-interop -sdk /Applications/Xcode.app/Contents/Developer/Platforms/iPhoneSimulator.platform/Developer/SDKs/iPhoneSimulator18.2.sdk -I /Users/jacksonsweet/Library/Developer/Xcode/DerivedData/OPS-czavgtmnvamasvcjgszzuulfcsxj/Build/Products/Debug-iphonesimulator -F /Users/jacksonsweet/Library/Developer/Xcode/DerivedData/OPS-czavgtmnvamasvcjgszzuulfcsxj/Build/Products/Debug-iphonesimulator -no-color-diagnostics -enable-testing -g -debug-info-format\=dwarf -dwarf-version\=5 -module-cache-path /Users/jacksonsweet/Library/Developer/Xcode/DerivedData/ModuleCache.noindex -profile-generate -profile-coverage-mapping -swift-version 5 -enforce-exclusivity\=checked -Onone -D DEBUG -serialize-debugging-options -const-gather-protocols-file /Users/jacksonsweet/Library/Developer/Xcode/DerivedData/OPS-czavgtmnvamasvcjgszzuulfcsxj/Build/Intermediates.noindex/OPS.build/Debug-iphonesimulator/OPS.build/Objects-normal/arm64/OPS_const_extract_protocols.json -enable-experimental-feature DebugDescriptionMacro -enable-experimental-feature OpaqueTypeErasure -enable-bare-slash-regex -empty-abi-descriptor -validate-clang-modules-once -clang-build-session-file /Users/jacksonsweet/Library/Developer/Xcode/DerivedData/ModuleCache.noindex/Session.modulevalidation -Xcc -working-directory -Xcc /Users/jacksonsweet/Desktop/OPS\ APP/OPS -resource-dir /Applications/Xcode.app/Contents/Developer/Toolchains/XcodeDefault.xctoolchain/usr/lib/swift -enable-anonymous-context-mangled-names -file-compilation-dir /Users/jacksonsweet/Desktop/OPS\ APP/OPS -Xcc -D_LIBCPP_HARDENING_MODE\=_LIBCPP_HARDENING_MODE_DEBUG -Xcc -ivfsstatcache -Xcc /Users/jacksonsweet/Library/Developer/Xcode/DerivedData/SDKStatCaches.noindex/iphonesimulator18.2-22C146-07b28473f605e47e75261259d3ef3b5a.sdkstatcache -Xcc -I/Users/jacksonsweet/Library/Developer/Xcode/DerivedData/OPS-czavgtmnvamasvcjgszzuulfcsxj/Build/Intermediates.noindex/OPS.build/Debug-iphonesimulator/OPS.build/swift-overrides.hmap -Xcc -iquote -Xcc /Users/jacksonsweet/Library/Developer/Xcode/DerivedData/OPS-czavgtmnvamasvcjgszzuulfcsxj/Build/Intermediates.noindex/OPS.build/Debug-iphonesimulator/OPS.build/OPS-generated-files.hmap -Xcc -I/Users/jacksonsweet/Library/Developer/Xcode/DerivedData/OPS-czavgtmnvamasvcjgszzuulfcsxj/Build/Intermediates.noindex/OPS.build/Debug-iphonesimulator/OPS.build/OPS-own-target-headers.hmap -Xcc -I/Users/jacksonsweet/Library/Developer/Xcode/DerivedData/OPS-czavgtmnvamasvcjgszzuulfcsxj/Build/Intermediates.noindex/OPS.build/Debug-iphonesimulator/OPS.build/OPS-all-target-headers.hmap -Xcc -iquote -Xcc /Users/jacksonsweet/Library/Developer/Xcode/DerivedData/OPS-czavgtmnvamasvcjgszzuulfcsxj/Build/Intermediates.noindex/OPS.build/Debug-iphonesimulator/OPS.build/OPS-project-headers.hmap -Xcc -I/Users/jacksonsweet/Library/Developer/Xcode/DerivedData/OPS-czavgtmnvamasvcjgszzuulfcsxj/Build/Products/Debug-iphonesimulator/include -Xcc -I/Users/jacksonsweet/Library/Developer/Xcode/DerivedData/OPS-czavgtmnvamasvcjgszzuulfcsxj/Build/Intermediates.noindex/OPS.build/Debug-iphonesimulator/OPS.build/DerivedSources-normal/arm64 -Xcc -I/Users/jacksonsweet/Library/Developer/Xcode/DerivedData/OPS-czavgtmnvamasvcjgszzuulfcsxj/Build/Intermediates.noindex/OPS.build/Debug-iphonesimulator/OPS.build/DerivedSources/arm64 -Xcc -I/Users/jacksonsweet/Library/Developer/Xcode/DerivedData/OPS-czavgtmnvamasvcjgszzuulfcsxj/Build/Intermediates.noindex/OPS.build/Debug-iphonesimulator/OPS.build/DerivedSources -Xcc -DDEBUG\=1 -module-name OPS -frontend-parseable-output -disable-clang-spi -target-sdk-version 18.2 -target-sdk-name iphonesimulator18.2 -external-plugin-path /Applications/Xcode.app/Contents/Developer/Platforms/iPhoneOS.platform/Developer/usr/lib/swift/host/plugins\#/Applications/Xcode.app/Contents/Developer/Platforms/iPhoneOS.platform/Developer/usr/bin/swift-plugin-server -external-plugin-path /Applications/Xcode.app/Contents/Developer/Platforms/iPhoneOS.platform/Developer/usr/local/lib/swift/host/plugins\#/Applications/Xcode.app/Contents/Developer/Platforms/iPhoneOS.platform/Developer/usr/bin/swift-plugin-server -plugin-path /Applications/Xcode.app/Contents/Developer/Toolchains/XcodeDefault.xctoolchain/usr/lib/swift/host/plugins -plugin-path /Applications/Xcode.app/Contents/Developer/Toolchains/XcodeDefault.xctoolchain/usr/local/lib/swift/host/plugins -o /Users/jacksonsweet/Library/Developer/Xcode/DerivedData/OPS-czavgtmnvamasvcjgszzuulfcsxj/Build/Intermediates.noindex/OPS.build/Debug-iphonesimulator/OPS.build/Objects-normal/arm64/OnboardingContainerView.o -o /Users/jacksonsweet/Library/Developer/Xcode/DerivedData/OPS-czavgtmnvamasvcjgszzuulfcsxj/Build/Intermediates.noindex/OPS.build/Debug-iphonesimulator/OPS.build/Objects-normal/arm64/OnboardingFlowPreview.o -o /Users/jacksonsweet/Library/Developer/Xcode/DerivedData/OPS-czavgtmnvamasvcjgszzuulfcsxj/Build/Intermediates.noindex/OPS.build/Debug-iphonesimulator/OPS.build/Objects-normal/arm64/OnboardingPresenter.o -o /Users/jacksonsweet/Library/Developer/Xcode/DerivedData/OPS-czavgtmnvamasvcjgszzuulfcsxj/Build/Intermediates.noindex/OPS.build/Debug-iphonesimulator/OPS.build/Objects-normal/arm64/OnboardingPreviewHelpers.o -o /Users/jacksonsweet/Library/Developer/Xcode/DerivedData/OPS-czavgtmnvamasvcjgszzuulfcsxj/Build/Intermediates.noindex/OPS.build/Debug-iphonesimulator/OPS.build/Objects-normal/arm64/OPSStyle.o -o /Users/jacksonsweet/Library/Developer/Xcode/DerivedData/OPS-czavgtmnvamasvcjgszzuulfcsxj/Build/Intermediates.noindex/OPS.build/Debug-iphonesimulator/OPS.build/Objects-normal/arm64/AppConfiguration.o -o /Users/jacksonsweet/Library/Developer/Xcode/DerivedData/OPS-czavgtmnvamasvcjgszzuulfcsxj/Build/Intermediates.noindex/OPS.build/Debug-iphonesimulator/OPS.build/Objects-normal/arm64/ArrayTransformer.o -o /Users/jacksonsweet/Library/Developer/Xcode/DerivedData/OPS-czavgtmnvamasvcjgszzuulfcsxj/Build/Intermediates.noindex/OPS.build/Debug-iphonesimulator/OPS.build/Objects-normal/arm64/DataController.o -o /Users/jacksonsweet/Library/Developer/Xcode/DerivedData/OPS-czavgtmnvamasvcjgszzuulfcsxj/Build/Intermediates.noindex/OPS.build/Debug-iphonesimulator/OPS.build/Objects-normal/arm64/Dateformatter\ +Bubble.o -o /Users/jacksonsweet/Library/Developer/Xcode/DerivedData/OPS-czavgtmnvamasvcjgszzuulfcsxj/Build/Intermediates.noindex/OPS.build/Debug-iphonesimulator/OPS.build/Objects-normal/arm64/DateHelper.o -o /Users/jacksonsweet/Library/Developer/Xcode/DerivedData/OPS-czavgtmnvamasvcjgszzuulfcsxj/Build/Intermediates.noindex/OPS.build/Debug-iphonesimulator/OPS.build/Objects-normal/arm64/FieldErrorHandler.o -o /Users/jacksonsweet/Library/Developer/Xcode/DerivedData/OPS-czavgtmnvamasvcjgszzuulfcsxj/Build/Intermediates.noindex/OPS.build/Debug-iphonesimulator/OPS.build/Objects-normal/arm64/ImageCache.o -o /Users/jacksonsweet/Library/Developer/Xcode/DerivedData/OPS-czavgtmnvamasvcjgszzuulfcsxj/Build/Intermediates.noindex/OPS.build/Debug-iphonesimulator/OPS.build/Objects-normal/arm64/ImageFileManager.o -index-unit-output-path /OPS.build/Debug-iphonesimulator/OPS.build/Objects-normal/arm64/OnboardingContainerView.o -index-unit-output-path /OPS.build/Debug-iphonesimulator/OPS.build/Objects-normal/arm64/OnboardingFlowPreview.o -index-unit-output-path /OPS.build/Debug-iphonesimulator/OPS.build/Objects-normal/arm64/OnboardingPresenter.o -index-unit-output-path /OPS.build/Debug-iphonesimulator/OPS.build/Objects-normal/arm64/OnboardingPreviewHelpers.o -index-unit-output-path /OPS.build/Debug-iphonesimulator/OPS.build/Objects-normal/arm64/OPSStyle.o -index-unit-output-path /OPS.build/Debug-iphonesimulator/OPS.build/Objects-normal/arm64/AppConfiguration.o -index-unit-output-path /OPS.build/Debug-iphonesimulator/OPS.build/Objects-normal/arm64/ArrayTransformer.o -index-unit-output-path /OPS.build/Debug-iphonesimulator/OPS.build/Objects-normal/arm64/DataController.o -index-unit-output-path /OPS.build/Debug-iphonesimulator/OPS.build/Objects-normal/arm64/Dateformatter\ +Bubble.o -index-unit-output-path /OPS.build/Debug-iphonesimulator/OPS.build/Objects-normal/arm64/DateHelper.o -index-unit-output-path /OPS.build/Debug-iphonesimulator/OPS.build/Objects-normal/arm64/FieldErrorHandler.o -index-unit-output-path /OPS.build/Debug-iphonesimulator/OPS.build/Objects-normal/arm64/ImageCache.o -index-unit-output-path /OPS.build/Debug-iphonesimulator/OPS.build/Objects-normal/arm64/ImageFileManager.o -index-store-path /Users/jacksonsweet/Library/Developer/Xcode/DerivedData/OPS-czavgtmnvamasvcjgszzuulfcsxj/Index.noindex/DataStore -index-system-modules

SwiftCompile normal arm64 /Users/jacksonsweet/Desktop/OPS\ APP/OPS/OPS/Utilities/DataController.swift (in target 'OPS' from project 'OPS')
    cd /Users/jacksonsweet/Desktop/OPS\ APP/OPS
    /Applications/Xcode.app/Contents/Developer/Toolchains/XcodeDefault.xctoolchain/usr/bin/swift-frontend -c /Users/jacksonsweet/Desktop/OPS\ APP/OPS/OPS/DataModels/BubbleImage.swift /Users/jacksonsweet/Desktop/OPS\ APP/OPS/OPS/DataModels/BubbleTypes.swift /Users/jacksonsweet/Desktop/OPS\ APP/OPS/OPS/DataModels/Company.swift /Users/jacksonsweet/Desktop/OPS\ APP/OPS/OPS/DataModels/Project.swift /Users/jacksonsweet/Desktop/OPS\ APP/OPS/OPS/DataModels/Status.swift /Users/jacksonsweet/Desktop/OPS\ APP/OPS/OPS/DataModels/User.swift /Users/jacksonsweet/Desktop/OPS\ APP/OPS/OPS/DataModels/UserRole.swift /Users/jacksonsweet/Desktop/OPS\ APP/OPS/OPS/Extensions/UIImage+Extensions.swift /Users/jacksonsweet/Desktop/OPS\ APP/OPS/OPS/Network/API/APIError.swift /Users/jacksonsweet/Desktop/OPS\ APP/OPS/OPS/Network/API/APIService.swift /Users/jacksonsweet/Desktop/OPS\ APP/OPS/OPS/Network/API/BubbleFields.swift /Users/jacksonsweet/Desktop/OPS\ APP/OPS/OPS/Network/Auth/AuthError.swift /Users/jacksonsweet/Desktop/OPS\ APP/OPS/OPS/Network/Auth/AuthManager.swift /Users/jacksonsweet/Desktop/OPS\ APP/OPS/OPS/Network/Auth/KeychainManager.swift /Users/jacksonsweet/Desktop/OPS\ APP/OPS/OPS/Network/DTOs/CompanyDTO.swift /Users/jacksonsweet/Desktop/OPS\ APP/OPS/OPS/Network/DTOs/ProjectDTO.swift /Users/jacksonsweet/Desktop/OPS\ APP/OPS/OPS/Network/DTOs/UserDTO.swift /Users/jacksonsweet/Desktop/OPS\ APP/OPS/OPS/Network/Endpoints/CompanyEndpoints.swift /Users/jacksonsweet/Desktop/OPS\ APP/OPS/OPS/Network/Endpoints/ProjectEndpoints.swift /Users/jacksonsweet/Desktop/OPS\ APP/OPS/OPS/Network/Endpoints/UserEndpoints.swift /Users/jacksonsweet/Desktop/OPS\ APP/OPS/OPS/Network/Sync/BackgroundTaskManager.swift /Users/jacksonsweet/Desktop/OPS\ APP/OPS/OPS/Network/Sync/SyncManager.swift /Users/jacksonsweet/Desktop/OPS\ APP/OPS/OPS/Network/ConnectivityMonitor.swift /Users/jacksonsweet/Desktop/OPS\ APP/OPS/OPS/Network/ImageSyncManager.swift /Users/jacksonsweet/Desktop/OPS\ APP/OPS/OPS/Onboarding/Coordinators/OnboardingCoordinator.swift /Users/jacksonsweet/Desktop/OPS\ APP/OPS/OPS/Onboarding/Models/OnboardingModels.swift /Users/jacksonsweet/Desktop/OPS\ APP/OPS/OPS/Onboarding/Services/OnboardingService.swift /Users/jacksonsweet/Desktop/OPS\ APP/OPS/OPS/Onboarding/ViewModels/OnboardingViewModel.swift /Users/jacksonsweet/Desktop/OPS\ APP/OPS/OPS/Onboarding/Views/Components/OnboardingComponents.swift /Users/jacksonsweet/Desktop/OPS\ APP/OPS/OPS/Onboarding/Views/Screens/AccountCreatedView.swift /Users/jacksonsweet/Desktop/OPS\ APP/OPS/OPS/Onboarding/Views/Screens/CompanyCodeView.swift /Users/jacksonsweet/Desktop/OPS\ APP/OPS/OPS/Onboarding/Views/Screens/CompanyCodeViewPreview.swift /Users/jacksonsweet/Desktop/OPS\ APP/OPS/OPS/Onboarding/Views/Screens/CompletionView.swift /Users/jacksonsweet/Desktop/OPS\ APP/OPS/OPS/Onboarding/Views/Screens/CompletionViewPreview.swift /Users/jacksonsweet/Desktop/OPS\ APP/OPS/OPS/Onboarding/Views/Screens/EmailView.swift /Users/jacksonsweet/Desktop/OPS\ APP/OPS/OPS/Onboarding/Views/Screens/FieldSetupView.swift /Users/jacksonsweet/Desktop/OPS\ APP/OPS/OPS/Onboarding/Views/Screens/NotificationsView.swift /Users/jacksonsweet/Desktop/OPS\ APP/OPS/OPS/Onboarding/Views/Screens/NotificationsViewPreview.swift /Users/jacksonsweet/Desktop/OPS\ APP/OPS/OPS/Onboarding/Views/Screens/OrganizationJoinView.swift /Users/jacksonsweet/Desktop/OPS\ APP/OPS/OPS/Onboarding/Views/Screens/PasswordView.swift /Users/jacksonsweet/Desktop/OPS\ APP/OPS/OPS/Onboarding/Views/Screens/PasswordViewPreview.swift /Users/jacksonsweet/Desktop/OPS\ APP/OPS/OPS/Onboarding/Views/Screens/PermissionsView.swift /Users/jacksonsweet/Desktop/OPS\ APP/OPS/OPS/Onboarding/Views/Screens/PermissionsViewPreview.swift /Users/jacksonsweet/Desktop/OPS\ APP/OPS/OPS/Onboarding/Views/Screens/PhoneNumberView.swift /Users/jacksonsweet/Desktop/OPS\ APP/OPS/OPS/Onboarding/Views/Screens/PhoneNumberViewPreview.swift /Users/jacksonsweet/Desktop/OPS\ APP/OPS/OPS/Onboarding/Views/Screens/UserInfoView.swift /Users/jacksonsweet/Desktop/OPS\ APP/OPS/OPS/Onboarding/Views/Screens/UserInfoViewPreview.swift /Users/jacksonsweet/Desktop/OPS\ APP/OPS/OPS/Onboarding/Views/Screens/VerifyPhoneView.swift /Users/jacksonsweet/Desktop/OPS\ APP/OPS/OPS/Onboarding/Views/Screens/WelcomeCompanyView.swift /Users/jacksonsweet/Desktop/OPS\ APP/OPS/OPS/Onboarding/Views/Screens/WelcomeCompanyViewPreview.swift /Users/jacksonsweet/Desktop/OPS\ APP/OPS/OPS/Onboarding/Views/Screens/WelcomeView.swift /Users/jacksonsweet/Desktop/OPS\ APP/OPS/OPS/Onboarding/Views/Screens/WelcomeViewPreview.swift -primary-file /Users/jacksonsweet/Desktop/OPS\ APP/OPS/OPS/Onboarding/Views/OnboardingContainerView.swift -primary-file /Users/jacksonsweet/Desktop/OPS\ APP/OPS/OPS/Onboarding/Views/OnboardingFlowPreview.swift -primary-file /Users/jacksonsweet/Desktop/OPS\ APP/OPS/OPS/Onboarding/Views/OnboardingPresenter.swift -primary-file /Users/jacksonsweet/Desktop/OPS\ APP/OPS/OPS/Onboarding/Views/OnboardingPreviewHelpers.swift -primary-file /Users/jacksonsweet/Desktop/OPS\ APP/OPS/OPS/Styles/OPSStyle.swift -primary-file /Users/jacksonsweet/Desktop/OPS\ APP/OPS/OPS/Utilities/AppConfiguration.swift -primary-file /Users/jacksonsweet/Desktop/OPS\ APP/OPS/OPS/Utilities/ArrayTransformer.swift -primary-file /Users/jacksonsweet/Desktop/OPS\ APP/OPS/OPS/Utilities/DataController.swift -primary-file /Users/jacksonsweet/Desktop/OPS\ APP/OPS/OPS/Utilities/Dateformatter\ +Bubble.swift -primary-file /Users/jacksonsweet/Desktop/OPS\ APP/OPS/OPS/Utilities/DateHelper.swift -primary-file /Users/jacksonsweet/Desktop/OPS\ APP/OPS/OPS/Utilities/FieldErrorHandler.swift -primary-file /Users/jacksonsweet/Desktop/OPS\ APP/OPS/OPS/Utilities/ImageCache.swift -primary-file /Users/jacksonsweet/Desktop/OPS\ APP/OPS/OPS/Utilities/ImageFileManager.swift /Users/jacksonsweet/Desktop/OPS\ APP/OPS/OPS/Utilities/InProgressManager.swift /Users/jacksonsweet/Desktop/OPS\ APP/OPS/OPS/Utilities/KeyboardDismissalModifier.swift /Users/jacksonsweet/Desktop/OPS\ APP/OPS/OPS/Utilities/LocationManager.swift /Users/jacksonsweet/Desktop/OPS\ APP/OPS/OPS/Utilities/OnboardingEnvironmentKey.swift /Users/jacksonsweet/Desktop/OPS\ APP/OPS/OPS/Utilities/SwiftDataHelper.swift /Users/jacksonsweet/Desktop/OPS\ APP/OPS/OPS/Utilities/UIComponents.swift /Users/jacksonsweet/Desktop/OPS\ APP/OPS/OPS/V2/CertificationsSettingsView.swift /Users/jacksonsweet/Desktop/OPS\ APP/OPS/OPS/ViewModels/CalendarViewModel.swift /Users/jacksonsweet/Desktop/OPS\ APP/OPS/OPS/ViewModels/ProjectsViewModel.swift /Users/jacksonsweet/Desktop/OPS\ APP/OPS/OPS/Views/Calendar\ Tab/Components/CalendarDaySelector.swift /Users/jacksonsweet/Desktop/OPS\ APP/OPS/OPS/Views/Calendar\ Tab/Components/CalendarHeaderView.swift /Users/jacksonsweet/Desktop/OPS\ APP/OPS/OPS/Views/Calendar\ Tab/Components/CalendarProjectCard.swift /Users/jacksonsweet/Desktop/OPS\ APP/OPS/OPS/Views/Calendar\ Tab/Components/CalendarToggleView.swift /Users/jacksonsweet/Desktop/OPS\ APP/OPS/OPS/Views/Calendar\ Tab/Components/DatePickerPopover.swift /Users/jacksonsweet/Desktop/OPS\ APP/OPS/OPS/Views/Calendar\ Tab/Components/DayCell.swift /Users/jacksonsweet/Desktop/OPS\ APP/OPS/OPS/Views/Calendar\ Tab/ProjectViews/DayProjectSheet.swift /Users/jacksonsweet/Desktop/OPS\ APP/OPS/OPS/Views/Calendar\ Tab/ProjectViews/ProjectListView.swift /Users/jacksonsweet/Desktop/OPS\ APP/OPS/OPS/Views/Calendar\ Tab/MonthGridView.swift /Users/jacksonsweet/Desktop/OPS\ APP/OPS/OPS/Views/Components/Common/AppHeader.swift /Users/jacksonsweet/Desktop/OPS\ APP/OPS/OPS/Views/Components/Common/ExpandableNotesView.swift /Users/jacksonsweet/Desktop/OPS\ APP/OPS/OPS/Views/Components/Common/LocationPermissionView.swift /Users/jacksonsweet/Desktop/OPS\ APP/OPS/OPS/Views/Components/Common/NavigationBanner.swift /Users/jacksonsweet/Desktop/OPS\ APP/OPS/OPS/Views/Components/Common/NavigationControlsView.swift /Users/jacksonsweet/Desktop/OPS\ APP/OPS/OPS/Views/Components/Common/TabBarBackground.swift /Users/jacksonsweet/Desktop/OPS\ APP/OPS/OPS/Views/Components/Images/ImagePicker.swift /Users/jacksonsweet/Desktop/OPS\ APP/OPS/OPS/Views/Components/Images/ImagePickerView.swift /Users/jacksonsweet/Desktop/OPS\ APP/OPS/OPS/Views/Components/Images/ProjectImagesSection.swift /Users/jacksonsweet/Desktop/OPS\ APP/OPS/OPS/Views/Components/Images/ProjectImagesSimple.swift /Users/jacksonsweet/Desktop/OPS\ APP/OPS/OPS/Views/Components/Images/ProjectImageView.swift /Users/jacksonsweet/Desktop/OPS\ APP/OPS/OPS/Views/Components/Images/ProjectPhotosGrid.swift /Users/jacksonsweet/Desktop/OPS\ APP/OPS/OPS/Views/Components/Map/MiniMapView.swift /Users/jacksonsweet/Desktop/OPS\ APP/OPS/OPS/Views/Components/Map/ProjectMapAnnotation.swift /Users/jacksonsweet/Desktop/OPS\ APP/OPS/OPS/Views/Components/Map/ProjectMapView.swift /Users/jacksonsweet/Desktop/OPS\ APP/OPS/OPS/Views/Components/Map/ProjectMarkerPopup.swift /Users/jacksonsweet/Desktop/OPS\ APP/OPS/OPS/Views/Components/Map/RouteDirectionsView.swift /Users/jacksonsweet/Desktop/OPS\ APP/OPS/OPS/Views/Components/Project/ProjectActionBar.swift /Users/jacksonsweet/Desktop/OPS\ APP/OPS/OPS/Views/Components/Project/ProjectCard.swift /Users/jacksonsweet/Desktop/OPS\ APP/OPS/OPS/Views/Components/Project/ProjectCarousel.swift /Users/jacksonsweet/Desktop/OPS\ APP/OPS/OPS/Views/Components/Project/ProjectDetailsView.swift /Users/jacksonsweet/Desktop/OPS\ APP/OPS/OPS/Views/Components/Project/ProjectHeader.swift /Users/jacksonsweet/Desktop/OPS\ APP/OPS/OPS/Views/Components/Project/ProjectSheetContainer.swift /Users/jacksonsweet/Desktop/OPS\ APP/OPS/OPS/Views/Components/User/TeamMemberListView.swift /Users/jacksonsweet/Desktop/OPS\ APP/OPS/OPS/Views/Components/User/UserProfileCard.swift /Users/jacksonsweet/Desktop/OPS\ APP/OPS/OPS/Views/Home/HomeContentView.swift /Users/jacksonsweet/Desktop/OPS\ APP/OPS/OPS/Views/Home/HomeView.swift /Users/jacksonsweet/Desktop/OPS\ APP/OPS/OPS/Views/Settings/OrganizationSettingsView.swift /Users/jacksonsweet/Desktop/OPS\ APP/OPS/OPS/Views/Settings/ProfileSettingsView.swift /Users/jacksonsweet/Desktop/OPS\ APP/OPS/OPS/Views/Settings/ProjectHistorySettingsView.swift /Users/jacksonsweet/Desktop/OPS\ APP/OPS/OPS/Views/LoginView.swift /Users/jacksonsweet/Desktop/OPS\ APP/OPS/OPS/Views/LoginViewPreview.swift /Users/jacksonsweet/Desktop/OPS\ APP/OPS/OPS/Views/MainTabView.swift /Users/jacksonsweet/Desktop/OPS\ APP/OPS/OPS/Views/NetworkStatusIndicator.swift /Users/jacksonsweet/Desktop/OPS\ APP/OPS/OPS/Views/ScheduleView.swift /Users/jacksonsweet/Desktop/OPS\ APP/OPS/OPS/Views/SettingsView.swift /Users/jacksonsweet/Desktop/OPS\ APP/OPS/OPS/Views/SplashScreen.swift /Users/jacksonsweet/Desktop/OPS\ APP/OPS/OPS/AppState.swift /Users/jacksonsweet/Desktop/OPS\ APP/OPS/OPS/ContentView.swift /Users/jacksonsweet/Desktop/OPS\ APP/OPS/OPS/Item.swift /Users/jacksonsweet/Desktop/OPS\ APP/OPS/OPS/OPSApp.swift /Users/jacksonsweet/Library/Developer/Xcode/DerivedData/OPS-czavgtmnvamasvcjgszzuulfcsxj/Build/Intermediates.noindex/OPS.build/Debug-iphonesimulator/OPS.build/DerivedSources/GeneratedAssetSymbols.swift -supplementary-output-file-map /Users/jacksonsweet/Library/Developer/Xcode/DerivedData/OPS-czavgtmnvamasvcjgszzuulfcsxj/Build/Intermediates.noindex/OPS.build/Debug-iphonesimulator/OPS.build/Objects-normal/arm64/supplementaryOutputs-5 -emit-localized-strings -emit-localized-strings-path /Users/jacksonsweet/Library/Developer/Xcode/DerivedData/OPS-czavgtmnvamasvcjgszzuulfcsxj/Build/Intermediates.noindex/OPS.build/Debug-iphonesimulator/OPS.build/Objects-normal/arm64 -target arm64-apple-ios18.2-simulator -Xllvm -aarch64-use-tbi -enable-objc-interop -sdk /Applications/Xcode.app/Contents/Developer/Platforms/iPhoneSimulator.platform/Developer/SDKs/iPhoneSimulator18.2.sdk -I /Users/jacksonsweet/Library/Developer/Xcode/DerivedData/OPS-czavgtmnvamasvcjgszzuulfcsxj/Build/Products/Debug-iphonesimulator -F /Users/jacksonsweet/Library/Developer/Xcode/DerivedData/OPS-czavgtmnvamasvcjgszzuulfcsxj/Build/Products/Debug-iphonesimulator -no-color-diagnostics -enable-testing -g -debug-info-format\=dwarf -dwarf-version\=5 -module-cache-path /Users/jacksonsweet/Library/Developer/Xcode/DerivedData/ModuleCache.noindex -profile-generate -profile-coverage-mapping -swift-version 5 -enforce-exclusivity\=checked -Onone -D DEBUG -serialize-debugging-options -const-gather-protocols-file /Users/jacksonsweet/Library/Developer/Xcode/DerivedData/OPS-czavgtmnvamasvcjgszzuulfcsxj/Build/Intermediates.noindex/OPS.build/Debug-iphonesimulator/OPS.build/Objects-normal/arm64/OPS_const_extract_protocols.json -enable-experimental-feature DebugDescriptionMacro -enable-experimental-feature OpaqueTypeErasure -enable-bare-slash-regex -empty-abi-descriptor -validate-clang-modules-once -clang-build-session-file /Users/jacksonsweet/Library/Developer/Xcode/DerivedData/ModuleCache.noindex/Session.modulevalidation -Xcc -working-directory -Xcc /Users/jacksonsweet/Desktop/OPS\ APP/OPS -resource-dir /Applications/Xcode.app/Contents/Developer/Toolchains/XcodeDefault.xctoolchain/usr/lib/swift -enable-anonymous-context-mangled-names -file-compilation-dir /Users/jacksonsweet/Desktop/OPS\ APP/OPS -Xcc -D_LIBCPP_HARDENING_MODE\=_LIBCPP_HARDENING_MODE_DEBUG -Xcc -ivfsstatcache -Xcc /Users/jacksonsweet/Library/Developer/Xcode/DerivedData/SDKStatCaches.noindex/iphonesimulator18.2-22C146-07b28473f605e47e75261259d3ef3b5a.sdkstatcache -Xcc -I/Users/jacksonsweet/Library/Developer/Xcode/DerivedData/OPS-czavgtmnvamasvcjgszzuulfcsxj/Build/Intermediates.noindex/OPS.build/Debug-iphonesimulator/OPS.build/swift-overrides.hmap -Xcc -iquote -Xcc /Users/jacksonsweet/Library/Developer/Xcode/DerivedData/OPS-czavgtmnvamasvcjgszzuulfcsxj/Build/Intermediates.noindex/OPS.build/Debug-iphonesimulator/OPS.build/OPS-generated-files.hmap -Xcc -I/Users/jacksonsweet/Library/Developer/Xcode/DerivedData/OPS-czavgtmnvamasvcjgszzuulfcsxj/Build/Intermediates.noindex/OPS.build/Debug-iphonesimulator/OPS.build/OPS-own-target-headers.hmap -Xcc -I/Users/jacksonsweet/Library/Developer/Xcode/DerivedData/OPS-czavgtmnvamasvcjgszzuulfcsxj/Build/Intermediates.noindex/OPS.build/Debug-iphonesimulator/OPS.build/OPS-all-target-headers.hmap -Xcc -iquote -Xcc /Users/jacksonsweet/Library/Developer/Xcode/DerivedData/OPS-czavgtmnvamasvcjgszzuulfcsxj/Build/Intermediates.noindex/OPS.build/Debug-iphonesimulator/OPS.build/OPS-project-headers.hmap -Xcc -I/Users/jacksonsweet/Library/Developer/Xcode/DerivedData/OPS-czavgtmnvamasvcjgszzuulfcsxj/Build/Products/Debug-iphonesimulator/include -Xcc -I/Users/jacksonsweet/Library/Developer/Xcode/DerivedData/OPS-czavgtmnvamasvcjgszzuulfcsxj/Build/Intermediates.noindex/OPS.build/Debug-iphonesimulator/OPS.build/DerivedSources-normal/arm64 -Xcc -I/Users/jacksonsweet/Library/Developer/Xcode/DerivedData/OPS-czavgtmnvamasvcjgszzuulfcsxj/Build/Intermediates.noindex/OPS.build/Debug-iphonesimulator/OPS.build/DerivedSources/arm64 -Xcc -I/Users/jacksonsweet/Library/Developer/Xcode/DerivedData/OPS-czavgtmnvamasvcjgszzuulfcsxj/Build/Intermediates.noindex/OPS.build/Debug-iphonesimulator/OPS.build/DerivedSources -Xcc -DDEBUG\=1 -module-name OPS -frontend-parseable-output -disable-clang-spi -target-sdk-version 18.2 -target-sdk-name iphonesimulator18.2 -external-plugin-path /Applications/Xcode.app/Contents/Developer/Platforms/iPhoneOS.platform/Developer/usr/lib/swift/host/plugins\#/Applications/Xcode.app/Contents/Developer/Platforms/iPhoneOS.platform/Developer/usr/bin/swift-plugin-server -external-plugin-path /Applications/Xcode.app/Contents/Developer/Platforms/iPhoneOS.platform/Developer/usr/local/lib/swift/host/plugins\#/Applications/Xcode.app/Contents/Developer/Platforms/iPhoneOS.platform/Developer/usr/bin/swift-plugin-server -plugin-path /Applications/Xcode.app/Contents/Developer/Toolchains/XcodeDefault.xctoolchain/usr/lib/swift/host/plugins -plugin-path /Applications/Xcode.app/Contents/Developer/Toolchains/XcodeDefault.xctoolchain/usr/local/lib/swift/host/plugins -o /Users/jacksonsweet/Library/Developer/Xcode/DerivedData/OPS-czavgtmnvamasvcjgszzuulfcsxj/Build/Intermediates.noindex/OPS.build/Debug-iphonesimulator/OPS.build/Objects-normal/arm64/OnboardingContainerView.o -o /Users/jacksonsweet/Library/Developer/Xcode/DerivedData/OPS-czavgtmnvamasvcjgszzuulfcsxj/Build/Intermediates.noindex/OPS.build/Debug-iphonesimulator/OPS.build/Objects-normal/arm64/OnboardingFlowPreview.o -o /Users/jacksonsweet/Library/Developer/Xcode/DerivedData/OPS-czavgtmnvamasvcjgszzuulfcsxj/Build/Intermediates.noindex/OPS.build/Debug-iphonesimulator/OPS.build/Objects-normal/arm64/OnboardingPresenter.o -o /Users/jacksonsweet/Library/Developer/Xcode/DerivedData/OPS-czavgtmnvamasvcjgszzuulfcsxj/Build/Intermediates.noindex/OPS.build/Debug-iphonesimulator/OPS.build/Objects-normal/arm64/OnboardingPreviewHelpers.o -o /Users/jacksonsweet/Library/Developer/Xcode/DerivedData/OPS-czavgtmnvamasvcjgszzuulfcsxj/Build/Intermediates.noindex/OPS.build/Debug-iphonesimulator/OPS.build/Objects-normal/arm64/OPSStyle.o -o /Users/jacksonsweet/Library/Developer/Xcode/DerivedData/OPS-czavgtmnvamasvcjgszzuulfcsxj/Build/Intermediates.noindex/OPS.build/Debug-iphonesimulator/OPS.build/Objects-normal/arm64/AppConfiguration.o -o /Users/jacksonsweet/Library/Developer/Xcode/DerivedData/OPS-czavgtmnvamasvcjgszzuulfcsxj/Build/Intermediates.noindex/OPS.build/Debug-iphonesimulator/OPS.build/Objects-normal/arm64/ArrayTransformer.o -o /Users/jacksonsweet/Library/Developer/Xcode/DerivedData/OPS-czavgtmnvamasvcjgszzuulfcsxj/Build/Intermediates.noindex/OPS.build/Debug-iphonesimulator/OPS.build/Objects-normal/arm64/DataController.o -o /Users/jacksonsweet/Library/Developer/Xcode/DerivedData/OPS-czavgtmnvamasvcjgszzuulfcsxj/Build/Intermediates.noindex/OPS.build/Debug-iphonesimulator/OPS.build/Objects-normal/arm64/Dateformatter\ +Bubble.o -o /Users/jacksonsweet/Library/Developer/Xcode/DerivedData/OPS-czavgtmnvamasvcjgszzuulfcsxj/Build/Intermediates.noindex/OPS.build/Debug-iphonesimulator/OPS.build/Objects-normal/arm64/DateHelper.o -o /Users/jacksonsweet/Library/Developer/Xcode/DerivedData/OPS-czavgtmnvamasvcjgszzuulfcsxj/Build/Intermediates.noindex/OPS.build/Debug-iphonesimulator/OPS.build/Objects-normal/arm64/FieldErrorHandler.o -o /Users/jacksonsweet/Library/Developer/Xcode/DerivedData/OPS-czavgtmnvamasvcjgszzuulfcsxj/Build/Intermediates.noindex/OPS.build/Debug-iphonesimulator/OPS.build/Objects-normal/arm64/ImageCache.o -o /Users/jacksonsweet/Library/Developer/Xcode/DerivedData/OPS-czavgtmnvamasvcjgszzuulfcsxj/Build/Intermediates.noindex/OPS.build/Debug-iphonesimulator/OPS.build/Objects-normal/arm64/ImageFileManager.o -index-unit-output-path /OPS.build/Debug-iphonesimulator/OPS.build/Objects-normal/arm64/OnboardingContainerView.o -index-unit-output-path /OPS.build/Debug-iphonesimulator/OPS.build/Objects-normal/arm64/OnboardingFlowPreview.o -index-unit-output-path /OPS.build/Debug-iphonesimulator/OPS.build/Objects-normal/arm64/OnboardingPresenter.o -index-unit-output-path /OPS.build/Debug-iphonesimulator/OPS.build/Objects-normal/arm64/OnboardingPreviewHelpers.o -index-unit-output-path /OPS.build/Debug-iphonesimulator/OPS.build/Objects-normal/arm64/OPSStyle.o -index-unit-output-path /OPS.build/Debug-iphonesimulator/OPS.build/Objects-normal/arm64/AppConfiguration.o -index-unit-output-path /OPS.build/Debug-iphonesimulator/OPS.build/Objects-normal/arm64/ArrayTransformer.o -index-unit-output-path /OPS.build/Debug-iphonesimulator/OPS.build/Objects-normal/arm64/DataController.o -index-unit-output-path /OPS.build/Debug-iphonesimulator/OPS.build/Objects-normal/arm64/Dateformatter\ +Bubble.o -index-unit-output-path /OPS.build/Debug-iphonesimulator/OPS.build/Objects-normal/arm64/DateHelper.o -index-unit-output-path /OPS.build/Debug-iphonesimulator/OPS.build/Objects-normal/arm64/FieldErrorHandler.o -index-unit-output-path /OPS.build/Debug-iphonesimulator/OPS.build/Objects-normal/arm64/ImageCache.o -index-unit-output-path /OPS.build/Debug-iphonesimulator/OPS.build/Objects-normal/arm64/ImageFileManager.o -index-store-path /Users/jacksonsweet/Library/Developer/Xcode/DerivedData/OPS-czavgtmnvamasvcjgszzuulfcsxj/Index.noindex/DataStore -index-system-modules

SwiftCompile normal arm64 /Users/jacksonsweet/Desktop/OPS\ APP/OPS/OPS/Utilities/Dateformatter\ +Bubble.swift (in target 'OPS' from project 'OPS')
    cd /Users/jacksonsweet/Desktop/OPS\ APP/OPS
    /Applications/Xcode.app/Contents/Developer/Toolchains/XcodeDefault.xctoolchain/usr/bin/swift-frontend -c /Users/jacksonsweet/Desktop/OPS\ APP/OPS/OPS/DataModels/BubbleImage.swift /Users/jacksonsweet/Desktop/OPS\ APP/OPS/OPS/DataModels/BubbleTypes.swift /Users/jacksonsweet/Desktop/OPS\ APP/OPS/OPS/DataModels/Company.swift /Users/jacksonsweet/Desktop/OPS\ APP/OPS/OPS/DataModels/Project.swift /Users/jacksonsweet/Desktop/OPS\ APP/OPS/OPS/DataModels/Status.swift /Users/jacksonsweet/Desktop/OPS\ APP/OPS/OPS/DataModels/User.swift /Users/jacksonsweet/Desktop/OPS\ APP/OPS/OPS/DataModels/UserRole.swift /Users/jacksonsweet/Desktop/OPS\ APP/OPS/OPS/Extensions/UIImage+Extensions.swift /Users/jacksonsweet/Desktop/OPS\ APP/OPS/OPS/Network/API/APIError.swift /Users/jacksonsweet/Desktop/OPS\ APP/OPS/OPS/Network/API/APIService.swift /Users/jacksonsweet/Desktop/OPS\ APP/OPS/OPS/Network/API/BubbleFields.swift /Users/jacksonsweet/Desktop/OPS\ APP/OPS/OPS/Network/Auth/AuthError.swift /Users/jacksonsweet/Desktop/OPS\ APP/OPS/OPS/Network/Auth/AuthManager.swift /Users/jacksonsweet/Desktop/OPS\ APP/OPS/OPS/Network/Auth/KeychainManager.swift /Users/jacksonsweet/Desktop/OPS\ APP/OPS/OPS/Network/DTOs/CompanyDTO.swift /Users/jacksonsweet/Desktop/OPS\ APP/OPS/OPS/Network/DTOs/ProjectDTO.swift /Users/jacksonsweet/Desktop/OPS\ APP/OPS/OPS/Network/DTOs/UserDTO.swift /Users/jacksonsweet/Desktop/OPS\ APP/OPS/OPS/Network/Endpoints/CompanyEndpoints.swift /Users/jacksonsweet/Desktop/OPS\ APP/OPS/OPS/Network/Endpoints/ProjectEndpoints.swift /Users/jacksonsweet/Desktop/OPS\ APP/OPS/OPS/Network/Endpoints/UserEndpoints.swift /Users/jacksonsweet/Desktop/OPS\ APP/OPS/OPS/Network/Sync/BackgroundTaskManager.swift /Users/jacksonsweet/Desktop/OPS\ APP/OPS/OPS/Network/Sync/SyncManager.swift /Users/jacksonsweet/Desktop/OPS\ APP/OPS/OPS/Network/ConnectivityMonitor.swift /Users/jacksonsweet/Desktop/OPS\ APP/OPS/OPS/Network/ImageSyncManager.swift /Users/jacksonsweet/Desktop/OPS\ APP/OPS/OPS/Onboarding/Coordinators/OnboardingCoordinator.swift /Users/jacksonsweet/Desktop/OPS\ APP/OPS/OPS/Onboarding/Models/OnboardingModels.swift /Users/jacksonsweet/Desktop/OPS\ APP/OPS/OPS/Onboarding/Services/OnboardingService.swift /Users/jacksonsweet/Desktop/OPS\ APP/OPS/OPS/Onboarding/ViewModels/OnboardingViewModel.swift /Users/jacksonsweet/Desktop/OPS\ APP/OPS/OPS/Onboarding/Views/Components/OnboardingComponents.swift /Users/jacksonsweet/Desktop/OPS\ APP/OPS/OPS/Onboarding/Views/Screens/AccountCreatedView.swift /Users/jacksonsweet/Desktop/OPS\ APP/OPS/OPS/Onboarding/Views/Screens/CompanyCodeView.swift /Users/jacksonsweet/Desktop/OPS\ APP/OPS/OPS/Onboarding/Views/Screens/CompanyCodeViewPreview.swift /Users/jacksonsweet/Desktop/OPS\ APP/OPS/OPS/Onboarding/Views/Screens/CompletionView.swift /Users/jacksonsweet/Desktop/OPS\ APP/OPS/OPS/Onboarding/Views/Screens/CompletionViewPreview.swift /Users/jacksonsweet/Desktop/OPS\ APP/OPS/OPS/Onboarding/Views/Screens/EmailView.swift /Users/jacksonsweet/Desktop/OPS\ APP/OPS/OPS/Onboarding/Views/Screens/FieldSetupView.swift /Users/jacksonsweet/Desktop/OPS\ APP/OPS/OPS/Onboarding/Views/Screens/NotificationsView.swift /Users/jacksonsweet/Desktop/OPS\ APP/OPS/OPS/Onboarding/Views/Screens/NotificationsViewPreview.swift /Users/jacksonsweet/Desktop/OPS\ APP/OPS/OPS/Onboarding/Views/Screens/OrganizationJoinView.swift /Users/jacksonsweet/Desktop/OPS\ APP/OPS/OPS/Onboarding/Views/Screens/PasswordView.swift /Users/jacksonsweet/Desktop/OPS\ APP/OPS/OPS/Onboarding/Views/Screens/PasswordViewPreview.swift /Users/jacksonsweet/Desktop/OPS\ APP/OPS/OPS/Onboarding/Views/Screens/PermissionsView.swift /Users/jacksonsweet/Desktop/OPS\ APP/OPS/OPS/Onboarding/Views/Screens/PermissionsViewPreview.swift /Users/jacksonsweet/Desktop/OPS\ APP/OPS/OPS/Onboarding/Views/Screens/PhoneNumberView.swift /Users/jacksonsweet/Desktop/OPS\ APP/OPS/OPS/Onboarding/Views/Screens/PhoneNumberViewPreview.swift /Users/jacksonsweet/Desktop/OPS\ APP/OPS/OPS/Onboarding/Views/Screens/UserInfoView.swift /Users/jacksonsweet/Desktop/OPS\ APP/OPS/OPS/Onboarding/Views/Screens/UserInfoViewPreview.swift /Users/jacksonsweet/Desktop/OPS\ APP/OPS/OPS/Onboarding/Views/Screens/VerifyPhoneView.swift /Users/jacksonsweet/Desktop/OPS\ APP/OPS/OPS/Onboarding/Views/Screens/WelcomeCompanyView.swift /Users/jacksonsweet/Desktop/OPS\ APP/OPS/OPS/Onboarding/Views/Screens/WelcomeCompanyViewPreview.swift /Users/jacksonsweet/Desktop/OPS\ APP/OPS/OPS/Onboarding/Views/Screens/WelcomeView.swift /Users/jacksonsweet/Desktop/OPS\ APP/OPS/OPS/Onboarding/Views/Screens/WelcomeViewPreview.swift -primary-file /Users/jacksonsweet/Desktop/OPS\ APP/OPS/OPS/Onboarding/Views/OnboardingContainerView.swift -primary-file /Users/jacksonsweet/Desktop/OPS\ APP/OPS/OPS/Onboarding/Views/OnboardingFlowPreview.swift -primary-file /Users/jacksonsweet/Desktop/OPS\ APP/OPS/OPS/Onboarding/Views/OnboardingPresenter.swift -primary-file /Users/jacksonsweet/Desktop/OPS\ APP/OPS/OPS/Onboarding/Views/OnboardingPreviewHelpers.swift -primary-file /Users/jacksonsweet/Desktop/OPS\ APP/OPS/OPS/Styles/OPSStyle.swift -primary-file /Users/jacksonsweet/Desktop/OPS\ APP/OPS/OPS/Utilities/AppConfiguration.swift -primary-file /Users/jacksonsweet/Desktop/OPS\ APP/OPS/OPS/Utilities/ArrayTransformer.swift -primary-file /Users/jacksonsweet/Desktop/OPS\ APP/OPS/OPS/Utilities/DataController.swift -primary-file /Users/jacksonsweet/Desktop/OPS\ APP/OPS/OPS/Utilities/Dateformatter\ +Bubble.swift -primary-file /Users/jacksonsweet/Desktop/OPS\ APP/OPS/OPS/Utilities/DateHelper.swift -primary-file /Users/jacksonsweet/Desktop/OPS\ APP/OPS/OPS/Utilities/FieldErrorHandler.swift -primary-file /Users/jacksonsweet/Desktop/OPS\ APP/OPS/OPS/Utilities/ImageCache.swift -primary-file /Users/jacksonsweet/Desktop/OPS\ APP/OPS/OPS/Utilities/ImageFileManager.swift /Users/jacksonsweet/Desktop/OPS\ APP/OPS/OPS/Utilities/InProgressManager.swift /Users/jacksonsweet/Desktop/OPS\ APP/OPS/OPS/Utilities/KeyboardDismissalModifier.swift /Users/jacksonsweet/Desktop/OPS\ APP/OPS/OPS/Utilities/LocationManager.swift /Users/jacksonsweet/Desktop/OPS\ APP/OPS/OPS/Utilities/OnboardingEnvironmentKey.swift /Users/jacksonsweet/Desktop/OPS\ APP/OPS/OPS/Utilities/SwiftDataHelper.swift /Users/jacksonsweet/Desktop/OPS\ APP/OPS/OPS/Utilities/UIComponents.swift /Users/jacksonsweet/Desktop/OPS\ APP/OPS/OPS/V2/CertificationsSettingsView.swift /Users/jacksonsweet/Desktop/OPS\ APP/OPS/OPS/ViewModels/CalendarViewModel.swift /Users/jacksonsweet/Desktop/OPS\ APP/OPS/OPS/ViewModels/ProjectsViewModel.swift /Users/jacksonsweet/Desktop/OPS\ APP/OPS/OPS/Views/Calendar\ Tab/Components/CalendarDaySelector.swift /Users/jacksonsweet/Desktop/OPS\ APP/OPS/OPS/Views/Calendar\ Tab/Components/CalendarHeaderView.swift /Users/jacksonsweet/Desktop/OPS\ APP/OPS/OPS/Views/Calendar\ Tab/Components/CalendarProjectCard.swift /Users/jacksonsweet/Desktop/OPS\ APP/OPS/OPS/Views/Calendar\ Tab/Components/CalendarToggleView.swift /Users/jacksonsweet/Desktop/OPS\ APP/OPS/OPS/Views/Calendar\ Tab/Components/DatePickerPopover.swift /Users/jacksonsweet/Desktop/OPS\ APP/OPS/OPS/Views/Calendar\ Tab/Components/DayCell.swift /Users/jacksonsweet/Desktop/OPS\ APP/OPS/OPS/Views/Calendar\ Tab/ProjectViews/DayProjectSheet.swift /Users/jacksonsweet/Desktop/OPS\ APP/OPS/OPS/Views/Calendar\ Tab/ProjectViews/ProjectListView.swift /Users/jacksonsweet/Desktop/OPS\ APP/OPS/OPS/Views/Calendar\ Tab/MonthGridView.swift /Users/jacksonsweet/Desktop/OPS\ APP/OPS/OPS/Views/Components/Common/AppHeader.swift /Users/jacksonsweet/Desktop/OPS\ APP/OPS/OPS/Views/Components/Common/ExpandableNotesView.swift /Users/jacksonsweet/Desktop/OPS\ APP/OPS/OPS/Views/Components/Common/LocationPermissionView.swift /Users/jacksonsweet/Desktop/OPS\ APP/OPS/OPS/Views/Components/Common/NavigationBanner.swift /Users/jacksonsweet/Desktop/OPS\ APP/OPS/OPS/Views/Components/Common/NavigationControlsView.swift /Users/jacksonsweet/Desktop/OPS\ APP/OPS/OPS/Views/Components/Common/TabBarBackground.swift /Users/jacksonsweet/Desktop/OPS\ APP/OPS/OPS/Views/Components/Images/ImagePicker.swift /Users/jacksonsweet/Desktop/OPS\ APP/OPS/OPS/Views/Components/Images/ImagePickerView.swift /Users/jacksonsweet/Desktop/OPS\ APP/OPS/OPS/Views/Components/Images/ProjectImagesSection.swift /Users/jacksonsweet/Desktop/OPS\ APP/OPS/OPS/Views/Components/Images/ProjectImagesSimple.swift /Users/jacksonsweet/Desktop/OPS\ APP/OPS/OPS/Views/Components/Images/ProjectImageView.swift /Users/jacksonsweet/Desktop/OPS\ APP/OPS/OPS/Views/Components/Images/ProjectPhotosGrid.swift /Users/jacksonsweet/Desktop/OPS\ APP/OPS/OPS/Views/Components/Map/MiniMapView.swift /Users/jacksonsweet/Desktop/OPS\ APP/OPS/OPS/Views/Components/Map/ProjectMapAnnotation.swift /Users/jacksonsweet/Desktop/OPS\ APP/OPS/OPS/Views/Components/Map/ProjectMapView.swift /Users/jacksonsweet/Desktop/OPS\ APP/OPS/OPS/Views/Components/Map/ProjectMarkerPopup.swift /Users/jacksonsweet/Desktop/OPS\ APP/OPS/OPS/Views/Components/Map/RouteDirectionsView.swift /Users/jacksonsweet/Desktop/OPS\ APP/OPS/OPS/Views/Components/Project/ProjectActionBar.swift /Users/jacksonsweet/Desktop/OPS\ APP/OPS/OPS/Views/Components/Project/ProjectCard.swift /Users/jacksonsweet/Desktop/OPS\ APP/OPS/OPS/Views/Components/Project/ProjectCarousel.swift /Users/jacksonsweet/Desktop/OPS\ APP/OPS/OPS/Views/Components/Project/ProjectDetailsView.swift /Users/jacksonsweet/Desktop/OPS\ APP/OPS/OPS/Views/Components/Project/ProjectHeader.swift /Users/jacksonsweet/Desktop/OPS\ APP/OPS/OPS/Views/Components/Project/ProjectSheetContainer.swift /Users/jacksonsweet/Desktop/OPS\ APP/OPS/OPS/Views/Components/User/TeamMemberListView.swift /Users/jacksonsweet/Desktop/OPS\ APP/OPS/OPS/Views/Components/User/UserProfileCard.swift /Users/jacksonsweet/Desktop/OPS\ APP/OPS/OPS/Views/Home/HomeContentView.swift /Users/jacksonsweet/Desktop/OPS\ APP/OPS/OPS/Views/Home/HomeView.swift /Users/jacksonsweet/Desktop/OPS\ APP/OPS/OPS/Views/Settings/OrganizationSettingsView.swift /Users/jacksonsweet/Desktop/OPS\ APP/OPS/OPS/Views/Settings/ProfileSettingsView.swift /Users/jacksonsweet/Desktop/OPS\ APP/OPS/OPS/Views/Settings/ProjectHistorySettingsView.swift /Users/jacksonsweet/Desktop/OPS\ APP/OPS/OPS/Views/LoginView.swift /Users/jacksonsweet/Desktop/OPS\ APP/OPS/OPS/Views/LoginViewPreview.swift /Users/jacksonsweet/Desktop/OPS\ APP/OPS/OPS/Views/MainTabView.swift /Users/jacksonsweet/Desktop/OPS\ APP/OPS/OPS/Views/NetworkStatusIndicator.swift /Users/jacksonsweet/Desktop/OPS\ APP/OPS/OPS/Views/ScheduleView.swift /Users/jacksonsweet/Desktop/OPS\ APP/OPS/OPS/Views/SettingsView.swift /Users/jacksonsweet/Desktop/OPS\ APP/OPS/OPS/Views/SplashScreen.swift /Users/jacksonsweet/Desktop/OPS\ APP/OPS/OPS/AppState.swift /Users/jacksonsweet/Desktop/OPS\ APP/OPS/OPS/ContentView.swift /Users/jacksonsweet/Desktop/OPS\ APP/OPS/OPS/Item.swift /Users/jacksonsweet/Desktop/OPS\ APP/OPS/OPS/OPSApp.swift /Users/jacksonsweet/Library/Developer/Xcode/DerivedData/OPS-czavgtmnvamasvcjgszzuulfcsxj/Build/Intermediates.noindex/OPS.build/Debug-iphonesimulator/OPS.build/DerivedSources/GeneratedAssetSymbols.swift -supplementary-output-file-map /Users/jacksonsweet/Library/Developer/Xcode/DerivedData/OPS-czavgtmnvamasvcjgszzuulfcsxj/Build/Intermediates.noindex/OPS.build/Debug-iphonesimulator/OPS.build/Objects-normal/arm64/supplementaryOutputs-5 -emit-localized-strings -emit-localized-strings-path /Users/jacksonsweet/Library/Developer/Xcode/DerivedData/OPS-czavgtmnvamasvcjgszzuulfcsxj/Build/Intermediates.noindex/OPS.build/Debug-iphonesimulator/OPS.build/Objects-normal/arm64 -target arm64-apple-ios18.2-simulator -Xllvm -aarch64-use-tbi -enable-objc-interop -sdk /Applications/Xcode.app/Contents/Developer/Platforms/iPhoneSimulator.platform/Developer/SDKs/iPhoneSimulator18.2.sdk -I /Users/jacksonsweet/Library/Developer/Xcode/DerivedData/OPS-czavgtmnvamasvcjgszzuulfcsxj/Build/Products/Debug-iphonesimulator -F /Users/jacksonsweet/Library/Developer/Xcode/DerivedData/OPS-czavgtmnvamasvcjgszzuulfcsxj/Build/Products/Debug-iphonesimulator -no-color-diagnostics -enable-testing -g -debug-info-format\=dwarf -dwarf-version\=5 -module-cache-path /Users/jacksonsweet/Library/Developer/Xcode/DerivedData/ModuleCache.noindex -profile-generate -profile-coverage-mapping -swift-version 5 -enforce-exclusivity\=checked -Onone -D DEBUG -serialize-debugging-options -const-gather-protocols-file /Users/jacksonsweet/Library/Developer/Xcode/DerivedData/OPS-czavgtmnvamasvcjgszzuulfcsxj/Build/Intermediates.noindex/OPS.build/Debug-iphonesimulator/OPS.build/Objects-normal/arm64/OPS_const_extract_protocols.json -enable-experimental-feature DebugDescriptionMacro -enable-experimental-feature OpaqueTypeErasure -enable-bare-slash-regex -empty-abi-descriptor -validate-clang-modules-once -clang-build-session-file /Users/jacksonsweet/Library/Developer/Xcode/DerivedData/ModuleCache.noindex/Session.modulevalidation -Xcc -working-directory -Xcc /Users/jacksonsweet/Desktop/OPS\ APP/OPS -resource-dir /Applications/Xcode.app/Contents/Developer/Toolchains/XcodeDefault.xctoolchain/usr/lib/swift -enable-anonymous-context-mangled-names -file-compilation-dir /Users/jacksonsweet/Desktop/OPS\ APP/OPS -Xcc -D_LIBCPP_HARDENING_MODE\=_LIBCPP_HARDENING_MODE_DEBUG -Xcc -ivfsstatcache -Xcc /Users/jacksonsweet/Library/Developer/Xcode/DerivedData/SDKStatCaches.noindex/iphonesimulator18.2-22C146-07b28473f605e47e75261259d3ef3b5a.sdkstatcache -Xcc -I/Users/jacksonsweet/Library/Developer/Xcode/DerivedData/OPS-czavgtmnvamasvcjgszzuulfcsxj/Build/Intermediates.noindex/OPS.build/Debug-iphonesimulator/OPS.build/swift-overrides.hmap -Xcc -iquote -Xcc /Users/jacksonsweet/Library/Developer/Xcode/DerivedData/OPS-czavgtmnvamasvcjgszzuulfcsxj/Build/Intermediates.noindex/OPS.build/Debug-iphonesimulator/OPS.build/OPS-generated-files.hmap -Xcc -I/Users/jacksonsweet/Library/Developer/Xcode/DerivedData/OPS-czavgtmnvamasvcjgszzuulfcsxj/Build/Intermediates.noindex/OPS.build/Debug-iphonesimulator/OPS.build/OPS-own-target-headers.hmap -Xcc -I/Users/jacksonsweet/Library/Developer/Xcode/DerivedData/OPS-czavgtmnvamasvcjgszzuulfcsxj/Build/Intermediates.noindex/OPS.build/Debug-iphonesimulator/OPS.build/OPS-all-target-headers.hmap -Xcc -iquote -Xcc /Users/jacksonsweet/Library/Developer/Xcode/DerivedData/OPS-czavgtmnvamasvcjgszzuulfcsxj/Build/Intermediates.noindex/OPS.build/Debug-iphonesimulator/OPS.build/OPS-project-headers.hmap -Xcc -I/Users/jacksonsweet/Library/Developer/Xcode/DerivedData/OPS-czavgtmnvamasvcjgszzuulfcsxj/Build/Products/Debug-iphonesimulator/include -Xcc -I/Users/jacksonsweet/Library/Developer/Xcode/DerivedData/OPS-czavgtmnvamasvcjgszzuulfcsxj/Build/Intermediates.noindex/OPS.build/Debug-iphonesimulator/OPS.build/DerivedSources-normal/arm64 -Xcc -I/Users/jacksonsweet/Library/Developer/Xcode/DerivedData/OPS-czavgtmnvamasvcjgszzuulfcsxj/Build/Intermediates.noindex/OPS.build/Debug-iphonesimulator/OPS.build/DerivedSources/arm64 -Xcc -I/Users/jacksonsweet/Library/Developer/Xcode/DerivedData/OPS-czavgtmnvamasvcjgszzuulfcsxj/Build/Intermediates.noindex/OPS.build/Debug-iphonesimulator/OPS.build/DerivedSources -Xcc -DDEBUG\=1 -module-name OPS -frontend-parseable-output -disable-clang-spi -target-sdk-version 18.2 -target-sdk-name iphonesimulator18.2 -external-plugin-path /Applications/Xcode.app/Contents/Developer/Platforms/iPhoneOS.platform/Developer/usr/lib/swift/host/plugins\#/Applications/Xcode.app/Contents/Developer/Platforms/iPhoneOS.platform/Developer/usr/bin/swift-plugin-server -external-plugin-path /Applications/Xcode.app/Contents/Developer/Platforms/iPhoneOS.platform/Developer/usr/local/lib/swift/host/plugins\#/Applications/Xcode.app/Contents/Developer/Platforms/iPhoneOS.platform/Developer/usr/bin/swift-plugin-server -plugin-path /Applications/Xcode.app/Contents/Developer/Toolchains/XcodeDefault.xctoolchain/usr/lib/swift/host/plugins -plugin-path /Applications/Xcode.app/Contents/Developer/Toolchains/XcodeDefault.xctoolchain/usr/local/lib/swift/host/plugins -o /Users/jacksonsweet/Library/Developer/Xcode/DerivedData/OPS-czavgtmnvamasvcjgszzuulfcsxj/Build/Intermediates.noindex/OPS.build/Debug-iphonesimulator/OPS.build/Objects-normal/arm64/OnboardingContainerView.o -o /Users/jacksonsweet/Library/Developer/Xcode/DerivedData/OPS-czavgtmnvamasvcjgszzuulfcsxj/Build/Intermediates.noindex/OPS.build/Debug-iphonesimulator/OPS.build/Objects-normal/arm64/OnboardingFlowPreview.o -o /Users/jacksonsweet/Library/Developer/Xcode/DerivedData/OPS-czavgtmnvamasvcjgszzuulfcsxj/Build/Intermediates.noindex/OPS.build/Debug-iphonesimulator/OPS.build/Objects-normal/arm64/OnboardingPresenter.o -o /Users/jacksonsweet/Library/Developer/Xcode/DerivedData/OPS-czavgtmnvamasvcjgszzuulfcsxj/Build/Intermediates.noindex/OPS.build/Debug-iphonesimulator/OPS.build/Objects-normal/arm64/OnboardingPreviewHelpers.o -o /Users/jacksonsweet/Library/Developer/Xcode/DerivedData/OPS-czavgtmnvamasvcjgszzuulfcsxj/Build/Intermediates.noindex/OPS.build/Debug-iphonesimulator/OPS.build/Objects-normal/arm64/OPSStyle.o -o /Users/jacksonsweet/Library/Developer/Xcode/DerivedData/OPS-czavgtmnvamasvcjgszzuulfcsxj/Build/Intermediates.noindex/OPS.build/Debug-iphonesimulator/OPS.build/Objects-normal/arm64/AppConfiguration.o -o /Users/jacksonsweet/Library/Developer/Xcode/DerivedData/OPS-czavgtmnvamasvcjgszzuulfcsxj/Build/Intermediates.noindex/OPS.build/Debug-iphonesimulator/OPS.build/Objects-normal/arm64/ArrayTransformer.o -o /Users/jacksonsweet/Library/Developer/Xcode/DerivedData/OPS-czavgtmnvamasvcjgszzuulfcsxj/Build/Intermediates.noindex/OPS.build/Debug-iphonesimulator/OPS.build/Objects-normal/arm64/DataController.o -o /Users/jacksonsweet/Library/Developer/Xcode/DerivedData/OPS-czavgtmnvamasvcjgszzuulfcsxj/Build/Intermediates.noindex/OPS.build/Debug-iphonesimulator/OPS.build/Objects-normal/arm64/Dateformatter\ +Bubble.o -o /Users/jacksonsweet/Library/Developer/Xcode/DerivedData/OPS-czavgtmnvamasvcjgszzuulfcsxj/Build/Intermediates.noindex/OPS.build/Debug-iphonesimulator/OPS.build/Objects-normal/arm64/DateHelper.o -o /Users/jacksonsweet/Library/Developer/Xcode/DerivedData/OPS-czavgtmnvamasvcjgszzuulfcsxj/Build/Intermediates.noindex/OPS.build/Debug-iphonesimulator/OPS.build/Objects-normal/arm64/FieldErrorHandler.o -o /Users/jacksonsweet/Library/Developer/Xcode/DerivedData/OPS-czavgtmnvamasvcjgszzuulfcsxj/Build/Intermediates.noindex/OPS.build/Debug-iphonesimulator/OPS.build/Objects-normal/arm64/ImageCache.o -o /Users/jacksonsweet/Library/Developer/Xcode/DerivedData/OPS-czavgtmnvamasvcjgszzuulfcsxj/Build/Intermediates.noindex/OPS.build/Debug-iphonesimulator/OPS.build/Objects-normal/arm64/ImageFileManager.o -index-unit-output-path /OPS.build/Debug-iphonesimulator/OPS.build/Objects-normal/arm64/OnboardingContainerView.o -index-unit-output-path /OPS.build/Debug-iphonesimulator/OPS.build/Objects-normal/arm64/OnboardingFlowPreview.o -index-unit-output-path /OPS.build/Debug-iphonesimulator/OPS.build/Objects-normal/arm64/OnboardingPresenter.o -index-unit-output-path /OPS.build/Debug-iphonesimulator/OPS.build/Objects-normal/arm64/OnboardingPreviewHelpers.o -index-unit-output-path /OPS.build/Debug-iphonesimulator/OPS.build/Objects-normal/arm64/OPSStyle.o -index-unit-output-path /OPS.build/Debug-iphonesimulator/OPS.build/Objects-normal/arm64/AppConfiguration.o -index-unit-output-path /OPS.build/Debug-iphonesimulator/OPS.build/Objects-normal/arm64/ArrayTransformer.o -index-unit-output-path /OPS.build/Debug-iphonesimulator/OPS.build/Objects-normal/arm64/DataController.o -index-unit-output-path /OPS.build/Debug-iphonesimulator/OPS.build/Objects-normal/arm64/Dateformatter\ +Bubble.o -index-unit-output-path /OPS.build/Debug-iphonesimulator/OPS.build/Objects-normal/arm64/DateHelper.o -index-unit-output-path /OPS.build/Debug-iphonesimulator/OPS.build/Objects-normal/arm64/FieldErrorHandler.o -index-unit-output-path /OPS.build/Debug-iphonesimulator/OPS.build/Objects-normal/arm64/ImageCache.o -index-unit-output-path /OPS.build/Debug-iphonesimulator/OPS.build/Objects-normal/arm64/ImageFileManager.o -index-store-path /Users/jacksonsweet/Library/Developer/Xcode/DerivedData/OPS-czavgtmnvamasvcjgszzuulfcsxj/Index.noindex/DataStore -index-system-modules

SwiftCompile normal arm64 /Users/jacksonsweet/Desktop/OPS\ APP/OPS/OPS/Utilities/DateHelper.swift (in target 'OPS' from project 'OPS')
    cd /Users/jacksonsweet/Desktop/OPS\ APP/OPS
    /Applications/Xcode.app/Contents/Developer/Toolchains/XcodeDefault.xctoolchain/usr/bin/swift-frontend -c /Users/jacksonsweet/Desktop/OPS\ APP/OPS/OPS/DataModels/BubbleImage.swift /Users/jacksonsweet/Desktop/OPS\ APP/OPS/OPS/DataModels/BubbleTypes.swift /Users/jacksonsweet/Desktop/OPS\ APP/OPS/OPS/DataModels/Company.swift /Users/jacksonsweet/Desktop/OPS\ APP/OPS/OPS/DataModels/Project.swift /Users/jacksonsweet/Desktop/OPS\ APP/OPS/OPS/DataModels/Status.swift /Users/jacksonsweet/Desktop/OPS\ APP/OPS/OPS/DataModels/User.swift /Users/jacksonsweet/Desktop/OPS\ APP/OPS/OPS/DataModels/UserRole.swift /Users/jacksonsweet/Desktop/OPS\ APP/OPS/OPS/Extensions/UIImage+Extensions.swift /Users/jacksonsweet/Desktop/OPS\ APP/OPS/OPS/Network/API/APIError.swift /Users/jacksonsweet/Desktop/OPS\ APP/OPS/OPS/Network/API/APIService.swift /Users/jacksonsweet/Desktop/OPS\ APP/OPS/OPS/Network/API/BubbleFields.swift /Users/jacksonsweet/Desktop/OPS\ APP/OPS/OPS/Network/Auth/AuthError.swift /Users/jacksonsweet/Desktop/OPS\ APP/OPS/OPS/Network/Auth/AuthManager.swift /Users/jacksonsweet/Desktop/OPS\ APP/OPS/OPS/Network/Auth/KeychainManager.swift /Users/jacksonsweet/Desktop/OPS\ APP/OPS/OPS/Network/DTOs/CompanyDTO.swift /Users/jacksonsweet/Desktop/OPS\ APP/OPS/OPS/Network/DTOs/ProjectDTO.swift /Users/jacksonsweet/Desktop/OPS\ APP/OPS/OPS/Network/DTOs/UserDTO.swift /Users/jacksonsweet/Desktop/OPS\ APP/OPS/OPS/Network/Endpoints/CompanyEndpoints.swift /Users/jacksonsweet/Desktop/OPS\ APP/OPS/OPS/Network/Endpoints/ProjectEndpoints.swift /Users/jacksonsweet/Desktop/OPS\ APP/OPS/OPS/Network/Endpoints/UserEndpoints.swift /Users/jacksonsweet/Desktop/OPS\ APP/OPS/OPS/Network/Sync/BackgroundTaskManager.swift /Users/jacksonsweet/Desktop/OPS\ APP/OPS/OPS/Network/Sync/SyncManager.swift /Users/jacksonsweet/Desktop/OPS\ APP/OPS/OPS/Network/ConnectivityMonitor.swift /Users/jacksonsweet/Desktop/OPS\ APP/OPS/OPS/Network/ImageSyncManager.swift /Users/jacksonsweet/Desktop/OPS\ APP/OPS/OPS/Onboarding/Coordinators/OnboardingCoordinator.swift /Users/jacksonsweet/Desktop/OPS\ APP/OPS/OPS/Onboarding/Models/OnboardingModels.swift /Users/jacksonsweet/Desktop/OPS\ APP/OPS/OPS/Onboarding/Services/OnboardingService.swift /Users/jacksonsweet/Desktop/OPS\ APP/OPS/OPS/Onboarding/ViewModels/OnboardingViewModel.swift /Users/jacksonsweet/Desktop/OPS\ APP/OPS/OPS/Onboarding/Views/Components/OnboardingComponents.swift /Users/jacksonsweet/Desktop/OPS\ APP/OPS/OPS/Onboarding/Views/Screens/AccountCreatedView.swift /Users/jacksonsweet/Desktop/OPS\ APP/OPS/OPS/Onboarding/Views/Screens/CompanyCodeView.swift /Users/jacksonsweet/Desktop/OPS\ APP/OPS/OPS/Onboarding/Views/Screens/CompanyCodeViewPreview.swift /Users/jacksonsweet/Desktop/OPS\ APP/OPS/OPS/Onboarding/Views/Screens/CompletionView.swift /Users/jacksonsweet/Desktop/OPS\ APP/OPS/OPS/Onboarding/Views/Screens/CompletionViewPreview.swift /Users/jacksonsweet/Desktop/OPS\ APP/OPS/OPS/Onboarding/Views/Screens/EmailView.swift /Users/jacksonsweet/Desktop/OPS\ APP/OPS/OPS/Onboarding/Views/Screens/FieldSetupView.swift /Users/jacksonsweet/Desktop/OPS\ APP/OPS/OPS/Onboarding/Views/Screens/NotificationsView.swift /Users/jacksonsweet/Desktop/OPS\ APP/OPS/OPS/Onboarding/Views/Screens/NotificationsViewPreview.swift /Users/jacksonsweet/Desktop/OPS\ APP/OPS/OPS/Onboarding/Views/Screens/OrganizationJoinView.swift /Users/jacksonsweet/Desktop/OPS\ APP/OPS/OPS/Onboarding/Views/Screens/PasswordView.swift /Users/jacksonsweet/Desktop/OPS\ APP/OPS/OPS/Onboarding/Views/Screens/PasswordViewPreview.swift /Users/jacksonsweet/Desktop/OPS\ APP/OPS/OPS/Onboarding/Views/Screens/PermissionsView.swift /Users/jacksonsweet/Desktop/OPS\ APP/OPS/OPS/Onboarding/Views/Screens/PermissionsViewPreview.swift /Users/jacksonsweet/Desktop/OPS\ APP/OPS/OPS/Onboarding/Views/Screens/PhoneNumberView.swift /Users/jacksonsweet/Desktop/OPS\ APP/OPS/OPS/Onboarding/Views/Screens/PhoneNumberViewPreview.swift /Users/jacksonsweet/Desktop/OPS\ APP/OPS/OPS/Onboarding/Views/Screens/UserInfoView.swift /Users/jacksonsweet/Desktop/OPS\ APP/OPS/OPS/Onboarding/Views/Screens/UserInfoViewPreview.swift /Users/jacksonsweet/Desktop/OPS\ APP/OPS/OPS/Onboarding/Views/Screens/VerifyPhoneView.swift /Users/jacksonsweet/Desktop/OPS\ APP/OPS/OPS/Onboarding/Views/Screens/WelcomeCompanyView.swift /Users/jacksonsweet/Desktop/OPS\ APP/OPS/OPS/Onboarding/Views/Screens/WelcomeCompanyViewPreview.swift /Users/jacksonsweet/Desktop/OPS\ APP/OPS/OPS/Onboarding/Views/Screens/WelcomeView.swift /Users/jacksonsweet/Desktop/OPS\ APP/OPS/OPS/Onboarding/Views/Screens/WelcomeViewPreview.swift -primary-file /Users/jacksonsweet/Desktop/OPS\ APP/OPS/OPS/Onboarding/Views/OnboardingContainerView.swift -primary-file /Users/jacksonsweet/Desktop/OPS\ APP/OPS/OPS/Onboarding/Views/OnboardingFlowPreview.swift -primary-file /Users/jacksonsweet/Desktop/OPS\ APP/OPS/OPS/Onboarding/Views/OnboardingPresenter.swift -primary-file /Users/jacksonsweet/Desktop/OPS\ APP/OPS/OPS/Onboarding/Views/OnboardingPreviewHelpers.swift -primary-file /Users/jacksonsweet/Desktop/OPS\ APP/OPS/OPS/Styles/OPSStyle.swift -primary-file /Users/jacksonsweet/Desktop/OPS\ APP/OPS/OPS/Utilities/AppConfiguration.swift -primary-file /Users/jacksonsweet/Desktop/OPS\ APP/OPS/OPS/Utilities/ArrayTransformer.swift -primary-file /Users/jacksonsweet/Desktop/OPS\ APP/OPS/OPS/Utilities/DataController.swift -primary-file /Users/jacksonsweet/Desktop/OPS\ APP/OPS/OPS/Utilities/Dateformatter\ +Bubble.swift -primary-file /Users/jacksonsweet/Desktop/OPS\ APP/OPS/OPS/Utilities/DateHelper.swift -primary-file /Users/jacksonsweet/Desktop/OPS\ APP/OPS/OPS/Utilities/FieldErrorHandler.swift -primary-file /Users/jacksonsweet/Desktop/OPS\ APP/OPS/OPS/Utilities/ImageCache.swift -primary-file /Users/jacksonsweet/Desktop/OPS\ APP/OPS/OPS/Utilities/ImageFileManager.swift /Users/jacksonsweet/Desktop/OPS\ APP/OPS/OPS/Utilities/InProgressManager.swift /Users/jacksonsweet/Desktop/OPS\ APP/OPS/OPS/Utilities/KeyboardDismissalModifier.swift /Users/jacksonsweet/Desktop/OPS\ APP/OPS/OPS/Utilities/LocationManager.swift /Users/jacksonsweet/Desktop/OPS\ APP/OPS/OPS/Utilities/OnboardingEnvironmentKey.swift /Users/jacksonsweet/Desktop/OPS\ APP/OPS/OPS/Utilities/SwiftDataHelper.swift /Users/jacksonsweet/Desktop/OPS\ APP/OPS/OPS/Utilities/UIComponents.swift /Users/jacksonsweet/Desktop/OPS\ APP/OPS/OPS/V2/CertificationsSettingsView.swift /Users/jacksonsweet/Desktop/OPS\ APP/OPS/OPS/ViewModels/CalendarViewModel.swift /Users/jacksonsweet/Desktop/OPS\ APP/OPS/OPS/ViewModels/ProjectsViewModel.swift /Users/jacksonsweet/Desktop/OPS\ APP/OPS/OPS/Views/Calendar\ Tab/Components/CalendarDaySelector.swift /Users/jacksonsweet/Desktop/OPS\ APP/OPS/OPS/Views/Calendar\ Tab/Components/CalendarHeaderView.swift /Users/jacksonsweet/Desktop/OPS\ APP/OPS/OPS/Views/Calendar\ Tab/Components/CalendarProjectCard.swift /Users/jacksonsweet/Desktop/OPS\ APP/OPS/OPS/Views/Calendar\ Tab/Components/CalendarToggleView.swift /Users/jacksonsweet/Desktop/OPS\ APP/OPS/OPS/Views/Calendar\ Tab/Components/DatePickerPopover.swift /Users/jacksonsweet/Desktop/OPS\ APP/OPS/OPS/Views/Calendar\ Tab/Components/DayCell.swift /Users/jacksonsweet/Desktop/OPS\ APP/OPS/OPS/Views/Calendar\ Tab/ProjectViews/DayProjectSheet.swift /Users/jacksonsweet/Desktop/OPS\ APP/OPS/OPS/Views/Calendar\ Tab/ProjectViews/ProjectListView.swift /Users/jacksonsweet/Desktop/OPS\ APP/OPS/OPS/Views/Calendar\ Tab/MonthGridView.swift /Users/jacksonsweet/Desktop/OPS\ APP/OPS/OPS/Views/Components/Common/AppHeader.swift /Users/jacksonsweet/Desktop/OPS\ APP/OPS/OPS/Views/Components/Common/ExpandableNotesView.swift /Users/jacksonsweet/Desktop/OPS\ APP/OPS/OPS/Views/Components/Common/LocationPermissionView.swift /Users/jacksonsweet/Desktop/OPS\ APP/OPS/OPS/Views/Components/Common/NavigationBanner.swift /Users/jacksonsweet/Desktop/OPS\ APP/OPS/OPS/Views/Components/Common/NavigationControlsView.swift /Users/jacksonsweet/Desktop/OPS\ APP/OPS/OPS/Views/Components/Common/TabBarBackground.swift /Users/jacksonsweet/Desktop/OPS\ APP/OPS/OPS/Views/Components/Images/ImagePicker.swift /Users/jacksonsweet/Desktop/OPS\ APP/OPS/OPS/Views/Components/Images/ImagePickerView.swift /Users/jacksonsweet/Desktop/OPS\ APP/OPS/OPS/Views/Components/Images/ProjectImagesSection.swift /Users/jacksonsweet/Desktop/OPS\ APP/OPS/OPS/Views/Components/Images/ProjectImagesSimple.swift /Users/jacksonsweet/Desktop/OPS\ APP/OPS/OPS/Views/Components/Images/ProjectImageView.swift /Users/jacksonsweet/Desktop/OPS\ APP/OPS/OPS/Views/Components/Images/ProjectPhotosGrid.swift /Users/jacksonsweet/Desktop/OPS\ APP/OPS/OPS/Views/Components/Map/MiniMapView.swift /Users/jacksonsweet/Desktop/OPS\ APP/OPS/OPS/Views/Components/Map/ProjectMapAnnotation.swift /Users/jacksonsweet/Desktop/OPS\ APP/OPS/OPS/Views/Components/Map/ProjectMapView.swift /Users/jacksonsweet/Desktop/OPS\ APP/OPS/OPS/Views/Components/Map/ProjectMarkerPopup.swift /Users/jacksonsweet/Desktop/OPS\ APP/OPS/OPS/Views/Components/Map/RouteDirectionsView.swift /Users/jacksonsweet/Desktop/OPS\ APP/OPS/OPS/Views/Components/Project/ProjectActionBar.swift /Users/jacksonsweet/Desktop/OPS\ APP/OPS/OPS/Views/Components/Project/ProjectCard.swift /Users/jacksonsweet/Desktop/OPS\ APP/OPS/OPS/Views/Components/Project/ProjectCarousel.swift /Users/jacksonsweet/Desktop/OPS\ APP/OPS/OPS/Views/Components/Project/ProjectDetailsView.swift /Users/jacksonsweet/Desktop/OPS\ APP/OPS/OPS/Views/Components/Project/ProjectHeader.swift /Users/jacksonsweet/Desktop/OPS\ APP/OPS/OPS/Views/Components/Project/ProjectSheetContainer.swift /Users/jacksonsweet/Desktop/OPS\ APP/OPS/OPS/Views/Components/User/TeamMemberListView.swift /Users/jacksonsweet/Desktop/OPS\ APP/OPS/OPS/Views/Components/User/UserProfileCard.swift /Users/jacksonsweet/Desktop/OPS\ APP/OPS/OPS/Views/Home/HomeContentView.swift /Users/jacksonsweet/Desktop/OPS\ APP/OPS/OPS/Views/Home/HomeView.swift /Users/jacksonsweet/Desktop/OPS\ APP/OPS/OPS/Views/Settings/OrganizationSettingsView.swift /Users/jacksonsweet/Desktop/OPS\ APP/OPS/OPS/Views/Settings/ProfileSettingsView.swift /Users/jacksonsweet/Desktop/OPS\ APP/OPS/OPS/Views/Settings/ProjectHistorySettingsView.swift /Users/jacksonsweet/Desktop/OPS\ APP/OPS/OPS/Views/LoginView.swift /Users/jacksonsweet/Desktop/OPS\ APP/OPS/OPS/Views/LoginViewPreview.swift /Users/jacksonsweet/Desktop/OPS\ APP/OPS/OPS/Views/MainTabView.swift /Users/jacksonsweet/Desktop/OPS\ APP/OPS/OPS/Views/NetworkStatusIndicator.swift /Users/jacksonsweet/Desktop/OPS\ APP/OPS/OPS/Views/ScheduleView.swift /Users/jacksonsweet/Desktop/OPS\ APP/OPS/OPS/Views/SettingsView.swift /Users/jacksonsweet/Desktop/OPS\ APP/OPS/OPS/Views/SplashScreen.swift /Users/jacksonsweet/Desktop/OPS\ APP/OPS/OPS/AppState.swift /Users/jacksonsweet/Desktop/OPS\ APP/OPS/OPS/ContentView.swift /Users/jacksonsweet/Desktop/OPS\ APP/OPS/OPS/Item.swift /Users/jacksonsweet/Desktop/OPS\ APP/OPS/OPS/OPSApp.swift /Users/jacksonsweet/Library/Developer/Xcode/DerivedData/OPS-czavgtmnvamasvcjgszzuulfcsxj/Build/Intermediates.noindex/OPS.build/Debug-iphonesimulator/OPS.build/DerivedSources/GeneratedAssetSymbols.swift -supplementary-output-file-map /Users/jacksonsweet/Library/Developer/Xcode/DerivedData/OPS-czavgtmnvamasvcjgszzuulfcsxj/Build/Intermediates.noindex/OPS.build/Debug-iphonesimulator/OPS.build/Objects-normal/arm64/supplementaryOutputs-5 -emit-localized-strings -emit-localized-strings-path /Users/jacksonsweet/Library/Developer/Xcode/DerivedData/OPS-czavgtmnvamasvcjgszzuulfcsxj/Build/Intermediates.noindex/OPS.build/Debug-iphonesimulator/OPS.build/Objects-normal/arm64 -target arm64-apple-ios18.2-simulator -Xllvm -aarch64-use-tbi -enable-objc-interop -sdk /Applications/Xcode.app/Contents/Developer/Platforms/iPhoneSimulator.platform/Developer/SDKs/iPhoneSimulator18.2.sdk -I /Users/jacksonsweet/Library/Developer/Xcode/DerivedData/OPS-czavgtmnvamasvcjgszzuulfcsxj/Build/Products/Debug-iphonesimulator -F /Users/jacksonsweet/Library/Developer/Xcode/DerivedData/OPS-czavgtmnvamasvcjgszzuulfcsxj/Build/Products/Debug-iphonesimulator -no-color-diagnostics -enable-testing -g -debug-info-format\=dwarf -dwarf-version\=5 -module-cache-path /Users/jacksonsweet/Library/Developer/Xcode/DerivedData/ModuleCache.noindex -profile-generate -profile-coverage-mapping -swift-version 5 -enforce-exclusivity\=checked -Onone -D DEBUG -serialize-debugging-options -const-gather-protocols-file /Users/jacksonsweet/Library/Developer/Xcode/DerivedData/OPS-czavgtmnvamasvcjgszzuulfcsxj/Build/Intermediates.noindex/OPS.build/Debug-iphonesimulator/OPS.build/Objects-normal/arm64/OPS_const_extract_protocols.json -enable-experimental-feature DebugDescriptionMacro -enable-experimental-feature OpaqueTypeErasure -enable-bare-slash-regex -empty-abi-descriptor -validate-clang-modules-once -clang-build-session-file /Users/jacksonsweet/Library/Developer/Xcode/DerivedData/ModuleCache.noindex/Session.modulevalidation -Xcc -working-directory -Xcc /Users/jacksonsweet/Desktop/OPS\ APP/OPS -resource-dir /Applications/Xcode.app/Contents/Developer/Toolchains/XcodeDefault.xctoolchain/usr/lib/swift -enable-anonymous-context-mangled-names -file-compilation-dir /Users/jacksonsweet/Desktop/OPS\ APP/OPS -Xcc -D_LIBCPP_HARDENING_MODE\=_LIBCPP_HARDENING_MODE_DEBUG -Xcc -ivfsstatcache -Xcc /Users/jacksonsweet/Library/Developer/Xcode/DerivedData/SDKStatCaches.noindex/iphonesimulator18.2-22C146-07b28473f605e47e75261259d3ef3b5a.sdkstatcache -Xcc -I/Users/jacksonsweet/Library/Developer/Xcode/DerivedData/OPS-czavgtmnvamasvcjgszzuulfcsxj/Build/Intermediates.noindex/OPS.build/Debug-iphonesimulator/OPS.build/swift-overrides.hmap -Xcc -iquote -Xcc /Users/jacksonsweet/Library/Developer/Xcode/DerivedData/OPS-czavgtmnvamasvcjgszzuulfcsxj/Build/Intermediates.noindex/OPS.build/Debug-iphonesimulator/OPS.build/OPS-generated-files.hmap -Xcc -I/Users/jacksonsweet/Library/Developer/Xcode/DerivedData/OPS-czavgtmnvamasvcjgszzuulfcsxj/Build/Intermediates.noindex/OPS.build/Debug-iphonesimulator/OPS.build/OPS-own-target-headers.hmap -Xcc -I/Users/jacksonsweet/Library/Developer/Xcode/DerivedData/OPS-czavgtmnvamasvcjgszzuulfcsxj/Build/Intermediates.noindex/OPS.build/Debug-iphonesimulator/OPS.build/OPS-all-target-headers.hmap -Xcc -iquote -Xcc /Users/jacksonsweet/Library/Developer/Xcode/DerivedData/OPS-czavgtmnvamasvcjgszzuulfcsxj/Build/Intermediates.noindex/OPS.build/Debug-iphonesimulator/OPS.build/OPS-project-headers.hmap -Xcc -I/Users/jacksonsweet/Library/Developer/Xcode/DerivedData/OPS-czavgtmnvamasvcjgszzuulfcsxj/Build/Products/Debug-iphonesimulator/include -Xcc -I/Users/jacksonsweet/Library/Developer/Xcode/DerivedData/OPS-czavgtmnvamasvcjgszzuulfcsxj/Build/Intermediates.noindex/OPS.build/Debug-iphonesimulator/OPS.build/DerivedSources-normal/arm64 -Xcc -I/Users/jacksonsweet/Library/Developer/Xcode/DerivedData/OPS-czavgtmnvamasvcjgszzuulfcsxj/Build/Intermediates.noindex/OPS.build/Debug-iphonesimulator/OPS.build/DerivedSources/arm64 -Xcc -I/Users/jacksonsweet/Library/Developer/Xcode/DerivedData/OPS-czavgtmnvamasvcjgszzuulfcsxj/Build/Intermediates.noindex/OPS.build/Debug-iphonesimulator/OPS.build/DerivedSources -Xcc -DDEBUG\=1 -module-name OPS -frontend-parseable-output -disable-clang-spi -target-sdk-version 18.2 -target-sdk-name iphonesimulator18.2 -external-plugin-path /Applications/Xcode.app/Contents/Developer/Platforms/iPhoneOS.platform/Developer/usr/lib/swift/host/plugins\#/Applications/Xcode.app/Contents/Developer/Platforms/iPhoneOS.platform/Developer/usr/bin/swift-plugin-server -external-plugin-path /Applications/Xcode.app/Contents/Developer/Platforms/iPhoneOS.platform/Developer/usr/local/lib/swift/host/plugins\#/Applications/Xcode.app/Contents/Developer/Platforms/iPhoneOS.platform/Developer/usr/bin/swift-plugin-server -plugin-path /Applications/Xcode.app/Contents/Developer/Toolchains/XcodeDefault.xctoolchain/usr/lib/swift/host/plugins -plugin-path /Applications/Xcode.app/Contents/Developer/Toolchains/XcodeDefault.xctoolchain/usr/local/lib/swift/host/plugins -o /Users/jacksonsweet/Library/Developer/Xcode/DerivedData/OPS-czavgtmnvamasvcjgszzuulfcsxj/Build/Intermediates.noindex/OPS.build/Debug-iphonesimulator/OPS.build/Objects-normal/arm64/OnboardingContainerView.o -o /Users/jacksonsweet/Library/Developer/Xcode/DerivedData/OPS-czavgtmnvamasvcjgszzuulfcsxj/Build/Intermediates.noindex/OPS.build/Debug-iphonesimulator/OPS.build/Objects-normal/arm64/OnboardingFlowPreview.o -o /Users/jacksonsweet/Library/Developer/Xcode/DerivedData/OPS-czavgtmnvamasvcjgszzuulfcsxj/Build/Intermediates.noindex/OPS.build/Debug-iphonesimulator/OPS.build/Objects-normal/arm64/OnboardingPresenter.o -o /Users/jacksonsweet/Library/Developer/Xcode/DerivedData/OPS-czavgtmnvamasvcjgszzuulfcsxj/Build/Intermediates.noindex/OPS.build/Debug-iphonesimulator/OPS.build/Objects-normal/arm64/OnboardingPreviewHelpers.o -o /Users/jacksonsweet/Library/Developer/Xcode/DerivedData/OPS-czavgtmnvamasvcjgszzuulfcsxj/Build/Intermediates.noindex/OPS.build/Debug-iphonesimulator/OPS.build/Objects-normal/arm64/OPSStyle.o -o /Users/jacksonsweet/Library/Developer/Xcode/DerivedData/OPS-czavgtmnvamasvcjgszzuulfcsxj/Build/Intermediates.noindex/OPS.build/Debug-iphonesimulator/OPS.build/Objects-normal/arm64/AppConfiguration.o -o /Users/jacksonsweet/Library/Developer/Xcode/DerivedData/OPS-czavgtmnvamasvcjgszzuulfcsxj/Build/Intermediates.noindex/OPS.build/Debug-iphonesimulator/OPS.build/Objects-normal/arm64/ArrayTransformer.o -o /Users/jacksonsweet/Library/Developer/Xcode/DerivedData/OPS-czavgtmnvamasvcjgszzuulfcsxj/Build/Intermediates.noindex/OPS.build/Debug-iphonesimulator/OPS.build/Objects-normal/arm64/DataController.o -o /Users/jacksonsweet/Library/Developer/Xcode/DerivedData/OPS-czavgtmnvamasvcjgszzuulfcsxj/Build/Intermediates.noindex/OPS.build/Debug-iphonesimulator/OPS.build/Objects-normal/arm64/Dateformatter\ +Bubble.o -o /Users/jacksonsweet/Library/Developer/Xcode/DerivedData/OPS-czavgtmnvamasvcjgszzuulfcsxj/Build/Intermediates.noindex/OPS.build/Debug-iphonesimulator/OPS.build/Objects-normal/arm64/DateHelper.o -o /Users/jacksonsweet/Library/Developer/Xcode/DerivedData/OPS-czavgtmnvamasvcjgszzuulfcsxj/Build/Intermediates.noindex/OPS.build/Debug-iphonesimulator/OPS.build/Objects-normal/arm64/FieldErrorHandler.o -o /Users/jacksonsweet/Library/Developer/Xcode/DerivedData/OPS-czavgtmnvamasvcjgszzuulfcsxj/Build/Intermediates.noindex/OPS.build/Debug-iphonesimulator/OPS.build/Objects-normal/arm64/ImageCache.o -o /Users/jacksonsweet/Library/Developer/Xcode/DerivedData/OPS-czavgtmnvamasvcjgszzuulfcsxj/Build/Intermediates.noindex/OPS.build/Debug-iphonesimulator/OPS.build/Objects-normal/arm64/ImageFileManager.o -index-unit-output-path /OPS.build/Debug-iphonesimulator/OPS.build/Objects-normal/arm64/OnboardingContainerView.o -index-unit-output-path /OPS.build/Debug-iphonesimulator/OPS.build/Objects-normal/arm64/OnboardingFlowPreview.o -index-unit-output-path /OPS.build/Debug-iphonesimulator/OPS.build/Objects-normal/arm64/OnboardingPresenter.o -index-unit-output-path /OPS.build/Debug-iphonesimulator/OPS.build/Objects-normal/arm64/OnboardingPreviewHelpers.o -index-unit-output-path /OPS.build/Debug-iphonesimulator/OPS.build/Objects-normal/arm64/OPSStyle.o -index-unit-output-path /OPS.build/Debug-iphonesimulator/OPS.build/Objects-normal/arm64/AppConfiguration.o -index-unit-output-path /OPS.build/Debug-iphonesimulator/OPS.build/Objects-normal/arm64/ArrayTransformer.o -index-unit-output-path /OPS.build/Debug-iphonesimulator/OPS.build/Objects-normal/arm64/DataController.o -index-unit-output-path /OPS.build/Debug-iphonesimulator/OPS.build/Objects-normal/arm64/Dateformatter\ +Bubble.o -index-unit-output-path /OPS.build/Debug-iphonesimulator/OPS.build/Objects-normal/arm64/DateHelper.o -index-unit-output-path /OPS.build/Debug-iphonesimulator/OPS.build/Objects-normal/arm64/FieldErrorHandler.o -index-unit-output-path /OPS.build/Debug-iphonesimulator/OPS.build/Objects-normal/arm64/ImageCache.o -index-unit-output-path /OPS.build/Debug-iphonesimulator/OPS.build/Objects-normal/arm64/ImageFileManager.o -index-store-path /Users/jacksonsweet/Library/Developer/Xcode/DerivedData/OPS-czavgtmnvamasvcjgszzuulfcsxj/Index.noindex/DataStore -index-system-modules

SwiftCompile normal arm64 /Users/jacksonsweet/Desktop/OPS\ APP/OPS/OPS/Utilities/FieldErrorHandler.swift (in target 'OPS' from project 'OPS')
    cd /Users/jacksonsweet/Desktop/OPS\ APP/OPS
    /Applications/Xcode.app/Contents/Developer/Toolchains/XcodeDefault.xctoolchain/usr/bin/swift-frontend -c /Users/jacksonsweet/Desktop/OPS\ APP/OPS/OPS/DataModels/BubbleImage.swift /Users/jacksonsweet/Desktop/OPS\ APP/OPS/OPS/DataModels/BubbleTypes.swift /Users/jacksonsweet/Desktop/OPS\ APP/OPS/OPS/DataModels/Company.swift /Users/jacksonsweet/Desktop/OPS\ APP/OPS/OPS/DataModels/Project.swift /Users/jacksonsweet/Desktop/OPS\ APP/OPS/OPS/DataModels/Status.swift /Users/jacksonsweet/Desktop/OPS\ APP/OPS/OPS/DataModels/User.swift /Users/jacksonsweet/Desktop/OPS\ APP/OPS/OPS/DataModels/UserRole.swift /Users/jacksonsweet/Desktop/OPS\ APP/OPS/OPS/Extensions/UIImage+Extensions.swift /Users/jacksonsweet/Desktop/OPS\ APP/OPS/OPS/Network/API/APIError.swift /Users/jacksonsweet/Desktop/OPS\ APP/OPS/OPS/Network/API/APIService.swift /Users/jacksonsweet/Desktop/OPS\ APP/OPS/OPS/Network/API/BubbleFields.swift /Users/jacksonsweet/Desktop/OPS\ APP/OPS/OPS/Network/Auth/AuthError.swift /Users/jacksonsweet/Desktop/OPS\ APP/OPS/OPS/Network/Auth/AuthManager.swift /Users/jacksonsweet/Desktop/OPS\ APP/OPS/OPS/Network/Auth/KeychainManager.swift /Users/jacksonsweet/Desktop/OPS\ APP/OPS/OPS/Network/DTOs/CompanyDTO.swift /Users/jacksonsweet/Desktop/OPS\ APP/OPS/OPS/Network/DTOs/ProjectDTO.swift /Users/jacksonsweet/Desktop/OPS\ APP/OPS/OPS/Network/DTOs/UserDTO.swift /Users/jacksonsweet/Desktop/OPS\ APP/OPS/OPS/Network/Endpoints/CompanyEndpoints.swift /Users/jacksonsweet/Desktop/OPS\ APP/OPS/OPS/Network/Endpoints/ProjectEndpoints.swift /Users/jacksonsweet/Desktop/OPS\ APP/OPS/OPS/Network/Endpoints/UserEndpoints.swift /Users/jacksonsweet/Desktop/OPS\ APP/OPS/OPS/Network/Sync/BackgroundTaskManager.swift /Users/jacksonsweet/Desktop/OPS\ APP/OPS/OPS/Network/Sync/SyncManager.swift /Users/jacksonsweet/Desktop/OPS\ APP/OPS/OPS/Network/ConnectivityMonitor.swift /Users/jacksonsweet/Desktop/OPS\ APP/OPS/OPS/Network/ImageSyncManager.swift /Users/jacksonsweet/Desktop/OPS\ APP/OPS/OPS/Onboarding/Coordinators/OnboardingCoordinator.swift /Users/jacksonsweet/Desktop/OPS\ APP/OPS/OPS/Onboarding/Models/OnboardingModels.swift /Users/jacksonsweet/Desktop/OPS\ APP/OPS/OPS/Onboarding/Services/OnboardingService.swift /Users/jacksonsweet/Desktop/OPS\ APP/OPS/OPS/Onboarding/ViewModels/OnboardingViewModel.swift /Users/jacksonsweet/Desktop/OPS\ APP/OPS/OPS/Onboarding/Views/Components/OnboardingComponents.swift /Users/jacksonsweet/Desktop/OPS\ APP/OPS/OPS/Onboarding/Views/Screens/AccountCreatedView.swift /Users/jacksonsweet/Desktop/OPS\ APP/OPS/OPS/Onboarding/Views/Screens/CompanyCodeView.swift /Users/jacksonsweet/Desktop/OPS\ APP/OPS/OPS/Onboarding/Views/Screens/CompanyCodeViewPreview.swift /Users/jacksonsweet/Desktop/OPS\ APP/OPS/OPS/Onboarding/Views/Screens/CompletionView.swift /Users/jacksonsweet/Desktop/OPS\ APP/OPS/OPS/Onboarding/Views/Screens/CompletionViewPreview.swift /Users/jacksonsweet/Desktop/OPS\ APP/OPS/OPS/Onboarding/Views/Screens/EmailView.swift /Users/jacksonsweet/Desktop/OPS\ APP/OPS/OPS/Onboarding/Views/Screens/FieldSetupView.swift /Users/jacksonsweet/Desktop/OPS\ APP/OPS/OPS/Onboarding/Views/Screens/NotificationsView.swift /Users/jacksonsweet/Desktop/OPS\ APP/OPS/OPS/Onboarding/Views/Screens/NotificationsViewPreview.swift /Users/jacksonsweet/Desktop/OPS\ APP/OPS/OPS/Onboarding/Views/Screens/OrganizationJoinView.swift /Users/jacksonsweet/Desktop/OPS\ APP/OPS/OPS/Onboarding/Views/Screens/PasswordView.swift /Users/jacksonsweet/Desktop/OPS\ APP/OPS/OPS/Onboarding/Views/Screens/PasswordViewPreview.swift /Users/jacksonsweet/Desktop/OPS\ APP/OPS/OPS/Onboarding/Views/Screens/PermissionsView.swift /Users/jacksonsweet/Desktop/OPS\ APP/OPS/OPS/Onboarding/Views/Screens/PermissionsViewPreview.swift /Users/jacksonsweet/Desktop/OPS\ APP/OPS/OPS/Onboarding/Views/Screens/PhoneNumberView.swift /Users/jacksonsweet/Desktop/OPS\ APP/OPS/OPS/Onboarding/Views/Screens/PhoneNumberViewPreview.swift /Users/jacksonsweet/Desktop/OPS\ APP/OPS/OPS/Onboarding/Views/Screens/UserInfoView.swift /Users/jacksonsweet/Desktop/OPS\ APP/OPS/OPS/Onboarding/Views/Screens/UserInfoViewPreview.swift /Users/jacksonsweet/Desktop/OPS\ APP/OPS/OPS/Onboarding/Views/Screens/VerifyPhoneView.swift /Users/jacksonsweet/Desktop/OPS\ APP/OPS/OPS/Onboarding/Views/Screens/WelcomeCompanyView.swift /Users/jacksonsweet/Desktop/OPS\ APP/OPS/OPS/Onboarding/Views/Screens/WelcomeCompanyViewPreview.swift /Users/jacksonsweet/Desktop/OPS\ APP/OPS/OPS/Onboarding/Views/Screens/WelcomeView.swift /Users/jacksonsweet/Desktop/OPS\ APP/OPS/OPS/Onboarding/Views/Screens/WelcomeViewPreview.swift -primary-file /Users/jacksonsweet/Desktop/OPS\ APP/OPS/OPS/Onboarding/Views/OnboardingContainerView.swift -primary-file /Users/jacksonsweet/Desktop/OPS\ APP/OPS/OPS/Onboarding/Views/OnboardingFlowPreview.swift -primary-file /Users/jacksonsweet/Desktop/OPS\ APP/OPS/OPS/Onboarding/Views/OnboardingPresenter.swift -primary-file /Users/jacksonsweet/Desktop/OPS\ APP/OPS/OPS/Onboarding/Views/OnboardingPreviewHelpers.swift -primary-file /Users/jacksonsweet/Desktop/OPS\ APP/OPS/OPS/Styles/OPSStyle.swift -primary-file /Users/jacksonsweet/Desktop/OPS\ APP/OPS/OPS/Utilities/AppConfiguration.swift -primary-file /Users/jacksonsweet/Desktop/OPS\ APP/OPS/OPS/Utilities/ArrayTransformer.swift -primary-file /Users/jacksonsweet/Desktop/OPS\ APP/OPS/OPS/Utilities/DataController.swift -primary-file /Users/jacksonsweet/Desktop/OPS\ APP/OPS/OPS/Utilities/Dateformatter\ +Bubble.swift -primary-file /Users/jacksonsweet/Desktop/OPS\ APP/OPS/OPS/Utilities/DateHelper.swift -primary-file /Users/jacksonsweet/Desktop/OPS\ APP/OPS/OPS/Utilities/FieldErrorHandler.swift -primary-file /Users/jacksonsweet/Desktop/OPS\ APP/OPS/OPS/Utilities/ImageCache.swift -primary-file /Users/jacksonsweet/Desktop/OPS\ APP/OPS/OPS/Utilities/ImageFileManager.swift /Users/jacksonsweet/Desktop/OPS\ APP/OPS/OPS/Utilities/InProgressManager.swift /Users/jacksonsweet/Desktop/OPS\ APP/OPS/OPS/Utilities/KeyboardDismissalModifier.swift /Users/jacksonsweet/Desktop/OPS\ APP/OPS/OPS/Utilities/LocationManager.swift /Users/jacksonsweet/Desktop/OPS\ APP/OPS/OPS/Utilities/OnboardingEnvironmentKey.swift /Users/jacksonsweet/Desktop/OPS\ APP/OPS/OPS/Utilities/SwiftDataHelper.swift /Users/jacksonsweet/Desktop/OPS\ APP/OPS/OPS/Utilities/UIComponents.swift /Users/jacksonsweet/Desktop/OPS\ APP/OPS/OPS/V2/CertificationsSettingsView.swift /Users/jacksonsweet/Desktop/OPS\ APP/OPS/OPS/ViewModels/CalendarViewModel.swift /Users/jacksonsweet/Desktop/OPS\ APP/OPS/OPS/ViewModels/ProjectsViewModel.swift /Users/jacksonsweet/Desktop/OPS\ APP/OPS/OPS/Views/Calendar\ Tab/Components/CalendarDaySelector.swift /Users/jacksonsweet/Desktop/OPS\ APP/OPS/OPS/Views/Calendar\ Tab/Components/CalendarHeaderView.swift /Users/jacksonsweet/Desktop/OPS\ APP/OPS/OPS/Views/Calendar\ Tab/Components/CalendarProjectCard.swift /Users/jacksonsweet/Desktop/OPS\ APP/OPS/OPS/Views/Calendar\ Tab/Components/CalendarToggleView.swift /Users/jacksonsweet/Desktop/OPS\ APP/OPS/OPS/Views/Calendar\ Tab/Components/DatePickerPopover.swift /Users/jacksonsweet/Desktop/OPS\ APP/OPS/OPS/Views/Calendar\ Tab/Components/DayCell.swift /Users/jacksonsweet/Desktop/OPS\ APP/OPS/OPS/Views/Calendar\ Tab/ProjectViews/DayProjectSheet.swift /Users/jacksonsweet/Desktop/OPS\ APP/OPS/OPS/Views/Calendar\ Tab/ProjectViews/ProjectListView.swift /Users/jacksonsweet/Desktop/OPS\ APP/OPS/OPS/Views/Calendar\ Tab/MonthGridView.swift /Users/jacksonsweet/Desktop/OPS\ APP/OPS/OPS/Views/Components/Common/AppHeader.swift /Users/jacksonsweet/Desktop/OPS\ APP/OPS/OPS/Views/Components/Common/ExpandableNotesView.swift /Users/jacksonsweet/Desktop/OPS\ APP/OPS/OPS/Views/Components/Common/LocationPermissionView.swift /Users/jacksonsweet/Desktop/OPS\ APP/OPS/OPS/Views/Components/Common/NavigationBanner.swift /Users/jacksonsweet/Desktop/OPS\ APP/OPS/OPS/Views/Components/Common/NavigationControlsView.swift /Users/jacksonsweet/Desktop/OPS\ APP/OPS/OPS/Views/Components/Common/TabBarBackground.swift /Users/jacksonsweet/Desktop/OPS\ APP/OPS/OPS/Views/Components/Images/ImagePicker.swift /Users/jacksonsweet/Desktop/OPS\ APP/OPS/OPS/Views/Components/Images/ImagePickerView.swift /Users/jacksonsweet/Desktop/OPS\ APP/OPS/OPS/Views/Components/Images/ProjectImagesSection.swift /Users/jacksonsweet/Desktop/OPS\ APP/OPS/OPS/Views/Components/Images/ProjectImagesSimple.swift /Users/jacksonsweet/Desktop/OPS\ APP/OPS/OPS/Views/Components/Images/ProjectImageView.swift /Users/jacksonsweet/Desktop/OPS\ APP/OPS/OPS/Views/Components/Images/ProjectPhotosGrid.swift /Users/jacksonsweet/Desktop/OPS\ APP/OPS/OPS/Views/Components/Map/MiniMapView.swift /Users/jacksonsweet/Desktop/OPS\ APP/OPS/OPS/Views/Components/Map/ProjectMapAnnotation.swift /Users/jacksonsweet/Desktop/OPS\ APP/OPS/OPS/Views/Components/Map/ProjectMapView.swift /Users/jacksonsweet/Desktop/OPS\ APP/OPS/OPS/Views/Components/Map/ProjectMarkerPopup.swift /Users/jacksonsweet/Desktop/OPS\ APP/OPS/OPS/Views/Components/Map/RouteDirectionsView.swift /Users/jacksonsweet/Desktop/OPS\ APP/OPS/OPS/Views/Components/Project/ProjectActionBar.swift /Users/jacksonsweet/Desktop/OPS\ APP/OPS/OPS/Views/Components/Project/ProjectCard.swift /Users/jacksonsweet/Desktop/OPS\ APP/OPS/OPS/Views/Components/Project/ProjectCarousel.swift /Users/jacksonsweet/Desktop/OPS\ APP/OPS/OPS/Views/Components/Project/ProjectDetailsView.swift /Users/jacksonsweet/Desktop/OPS\ APP/OPS/OPS/Views/Components/Project/ProjectHeader.swift /Users/jacksonsweet/Desktop/OPS\ APP/OPS/OPS/Views/Components/Project/ProjectSheetContainer.swift /Users/jacksonsweet/Desktop/OPS\ APP/OPS/OPS/Views/Components/User/TeamMemberListView.swift /Users/jacksonsweet/Desktop/OPS\ APP/OPS/OPS/Views/Components/User/UserProfileCard.swift /Users/jacksonsweet/Desktop/OPS\ APP/OPS/OPS/Views/Home/HomeContentView.swift /Users/jacksonsweet/Desktop/OPS\ APP/OPS/OPS/Views/Home/HomeView.swift /Users/jacksonsweet/Desktop/OPS\ APP/OPS/OPS/Views/Settings/OrganizationSettingsView.swift /Users/jacksonsweet/Desktop/OPS\ APP/OPS/OPS/Views/Settings/ProfileSettingsView.swift /Users/jacksonsweet/Desktop/OPS\ APP/OPS/OPS/Views/Settings/ProjectHistorySettingsView.swift /Users/jacksonsweet/Desktop/OPS\ APP/OPS/OPS/Views/LoginView.swift /Users/jacksonsweet/Desktop/OPS\ APP/OPS/OPS/Views/LoginViewPreview.swift /Users/jacksonsweet/Desktop/OPS\ APP/OPS/OPS/Views/MainTabView.swift /Users/jacksonsweet/Desktop/OPS\ APP/OPS/OPS/Views/NetworkStatusIndicator.swift /Users/jacksonsweet/Desktop/OPS\ APP/OPS/OPS/Views/ScheduleView.swift /Users/jacksonsweet/Desktop/OPS\ APP/OPS/OPS/Views/SettingsView.swift /Users/jacksonsweet/Desktop/OPS\ APP/OPS/OPS/Views/SplashScreen.swift /Users/jacksonsweet/Desktop/OPS\ APP/OPS/OPS/AppState.swift /Users/jacksonsweet/Desktop/OPS\ APP/OPS/OPS/ContentView.swift /Users/jacksonsweet/Desktop/OPS\ APP/OPS/OPS/Item.swift /Users/jacksonsweet/Desktop/OPS\ APP/OPS/OPS/OPSApp.swift /Users/jacksonsweet/Library/Developer/Xcode/DerivedData/OPS-czavgtmnvamasvcjgszzuulfcsxj/Build/Intermediates.noindex/OPS.build/Debug-iphonesimulator/OPS.build/DerivedSources/GeneratedAssetSymbols.swift -supplementary-output-file-map /Users/jacksonsweet/Library/Developer/Xcode/DerivedData/OPS-czavgtmnvamasvcjgszzuulfcsxj/Build/Intermediates.noindex/OPS.build/Debug-iphonesimulator/OPS.build/Objects-normal/arm64/supplementaryOutputs-5 -emit-localized-strings -emit-localized-strings-path /Users/jacksonsweet/Library/Developer/Xcode/DerivedData/OPS-czavgtmnvamasvcjgszzuulfcsxj/Build/Intermediates.noindex/OPS.build/Debug-iphonesimulator/OPS.build/Objects-normal/arm64 -target arm64-apple-ios18.2-simulator -Xllvm -aarch64-use-tbi -enable-objc-interop -sdk /Applications/Xcode.app/Contents/Developer/Platforms/iPhoneSimulator.platform/Developer/SDKs/iPhoneSimulator18.2.sdk -I /Users/jacksonsweet/Library/Developer/Xcode/DerivedData/OPS-czavgtmnvamasvcjgszzuulfcsxj/Build/Products/Debug-iphonesimulator -F /Users/jacksonsweet/Library/Developer/Xcode/DerivedData/OPS-czavgtmnvamasvcjgszzuulfcsxj/Build/Products/Debug-iphonesimulator -no-color-diagnostics -enable-testing -g -debug-info-format\=dwarf -dwarf-version\=5 -module-cache-path /Users/jacksonsweet/Library/Developer/Xcode/DerivedData/ModuleCache.noindex -profile-generate -profile-coverage-mapping -swift-version 5 -enforce-exclusivity\=checked -Onone -D DEBUG -serialize-debugging-options -const-gather-protocols-file /Users/jacksonsweet/Library/Developer/Xcode/DerivedData/OPS-czavgtmnvamasvcjgszzuulfcsxj/Build/Intermediates.noindex/OPS.build/Debug-iphonesimulator/OPS.build/Objects-normal/arm64/OPS_const_extract_protocols.json -enable-experimental-feature DebugDescriptionMacro -enable-experimental-feature OpaqueTypeErasure -enable-bare-slash-regex -empty-abi-descriptor -validate-clang-modules-once -clang-build-session-file /Users/jacksonsweet/Library/Developer/Xcode/DerivedData/ModuleCache.noindex/Session.modulevalidation -Xcc -working-directory -Xcc /Users/jacksonsweet/Desktop/OPS\ APP/OPS -resource-dir /Applications/Xcode.app/Contents/Developer/Toolchains/XcodeDefault.xctoolchain/usr/lib/swift -enable-anonymous-context-mangled-names -file-compilation-dir /Users/jacksonsweet/Desktop/OPS\ APP/OPS -Xcc -D_LIBCPP_HARDENING_MODE\=_LIBCPP_HARDENING_MODE_DEBUG -Xcc -ivfsstatcache -Xcc /Users/jacksonsweet/Library/Developer/Xcode/DerivedData/SDKStatCaches.noindex/iphonesimulator18.2-22C146-07b28473f605e47e75261259d3ef3b5a.sdkstatcache -Xcc -I/Users/jacksonsweet/Library/Developer/Xcode/DerivedData/OPS-czavgtmnvamasvcjgszzuulfcsxj/Build/Intermediates.noindex/OPS.build/Debug-iphonesimulator/OPS.build/swift-overrides.hmap -Xcc -iquote -Xcc /Users/jacksonsweet/Library/Developer/Xcode/DerivedData/OPS-czavgtmnvamasvcjgszzuulfcsxj/Build/Intermediates.noindex/OPS.build/Debug-iphonesimulator/OPS.build/OPS-generated-files.hmap -Xcc -I/Users/jacksonsweet/Library/Developer/Xcode/DerivedData/OPS-czavgtmnvamasvcjgszzuulfcsxj/Build/Intermediates.noindex/OPS.build/Debug-iphonesimulator/OPS.build/OPS-own-target-headers.hmap -Xcc -I/Users/jacksonsweet/Library/Developer/Xcode/DerivedData/OPS-czavgtmnvamasvcjgszzuulfcsxj/Build/Intermediates.noindex/OPS.build/Debug-iphonesimulator/OPS.build/OPS-all-target-headers.hmap -Xcc -iquote -Xcc /Users/jacksonsweet/Library/Developer/Xcode/DerivedData/OPS-czavgtmnvamasvcjgszzuulfcsxj/Build/Intermediates.noindex/OPS.build/Debug-iphonesimulator/OPS.build/OPS-project-headers.hmap -Xcc -I/Users/jacksonsweet/Library/Developer/Xcode/DerivedData/OPS-czavgtmnvamasvcjgszzuulfcsxj/Build/Products/Debug-iphonesimulator/include -Xcc -I/Users/jacksonsweet/Library/Developer/Xcode/DerivedData/OPS-czavgtmnvamasvcjgszzuulfcsxj/Build/Intermediates.noindex/OPS.build/Debug-iphonesimulator/OPS.build/DerivedSources-normal/arm64 -Xcc -I/Users/jacksonsweet/Library/Developer/Xcode/DerivedData/OPS-czavgtmnvamasvcjgszzuulfcsxj/Build/Intermediates.noindex/OPS.build/Debug-iphonesimulator/OPS.build/DerivedSources/arm64 -Xcc -I/Users/jacksonsweet/Library/Developer/Xcode/DerivedData/OPS-czavgtmnvamasvcjgszzuulfcsxj/Build/Intermediates.noindex/OPS.build/Debug-iphonesimulator/OPS.build/DerivedSources -Xcc -DDEBUG\=1 -module-name OPS -frontend-parseable-output -disable-clang-spi -target-sdk-version 18.2 -target-sdk-name iphonesimulator18.2 -external-plugin-path /Applications/Xcode.app/Contents/Developer/Platforms/iPhoneOS.platform/Developer/usr/lib/swift/host/plugins\#/Applications/Xcode.app/Contents/Developer/Platforms/iPhoneOS.platform/Developer/usr/bin/swift-plugin-server -external-plugin-path /Applications/Xcode.app/Contents/Developer/Platforms/iPhoneOS.platform/Developer/usr/local/lib/swift/host/plugins\#/Applications/Xcode.app/Contents/Developer/Platforms/iPhoneOS.platform/Developer/usr/bin/swift-plugin-server -plugin-path /Applications/Xcode.app/Contents/Developer/Toolchains/XcodeDefault.xctoolchain/usr/lib/swift/host/plugins -plugin-path /Applications/Xcode.app/Contents/Developer/Toolchains/XcodeDefault.xctoolchain/usr/local/lib/swift/host/plugins -o /Users/jacksonsweet/Library/Developer/Xcode/DerivedData/OPS-czavgtmnvamasvcjgszzuulfcsxj/Build/Intermediates.noindex/OPS.build/Debug-iphonesimulator/OPS.build/Objects-normal/arm64/OnboardingContainerView.o -o /Users/jacksonsweet/Library/Developer/Xcode/DerivedData/OPS-czavgtmnvamasvcjgszzuulfcsxj/Build/Intermediates.noindex/OPS.build/Debug-iphonesimulator/OPS.build/Objects-normal/arm64/OnboardingFlowPreview.o -o /Users/jacksonsweet/Library/Developer/Xcode/DerivedData/OPS-czavgtmnvamasvcjgszzuulfcsxj/Build/Intermediates.noindex/OPS.build/Debug-iphonesimulator/OPS.build/Objects-normal/arm64/OnboardingPresenter.o -o /Users/jacksonsweet/Library/Developer/Xcode/DerivedData/OPS-czavgtmnvamasvcjgszzuulfcsxj/Build/Intermediates.noindex/OPS.build/Debug-iphonesimulator/OPS.build/Objects-normal/arm64/OnboardingPreviewHelpers.o -o /Users/jacksonsweet/Library/Developer/Xcode/DerivedData/OPS-czavgtmnvamasvcjgszzuulfcsxj/Build/Intermediates.noindex/OPS.build/Debug-iphonesimulator/OPS.build/Objects-normal/arm64/OPSStyle.o -o /Users/jacksonsweet/Library/Developer/Xcode/DerivedData/OPS-czavgtmnvamasvcjgszzuulfcsxj/Build/Intermediates.noindex/OPS.build/Debug-iphonesimulator/OPS.build/Objects-normal/arm64/AppConfiguration.o -o /Users/jacksonsweet/Library/Developer/Xcode/DerivedData/OPS-czavgtmnvamasvcjgszzuulfcsxj/Build/Intermediates.noindex/OPS.build/Debug-iphonesimulator/OPS.build/Objects-normal/arm64/ArrayTransformer.o -o /Users/jacksonsweet/Library/Developer/Xcode/DerivedData/OPS-czavgtmnvamasvcjgszzuulfcsxj/Build/Intermediates.noindex/OPS.build/Debug-iphonesimulator/OPS.build/Objects-normal/arm64/DataController.o -o /Users/jacksonsweet/Library/Developer/Xcode/DerivedData/OPS-czavgtmnvamasvcjgszzuulfcsxj/Build/Intermediates.noindex/OPS.build/Debug-iphonesimulator/OPS.build/Objects-normal/arm64/Dateformatter\ +Bubble.o -o /Users/jacksonsweet/Library/Developer/Xcode/DerivedData/OPS-czavgtmnvamasvcjgszzuulfcsxj/Build/Intermediates.noindex/OPS.build/Debug-iphonesimulator/OPS.build/Objects-normal/arm64/DateHelper.o -o /Users/jacksonsweet/Library/Developer/Xcode/DerivedData/OPS-czavgtmnvamasvcjgszzuulfcsxj/Build/Intermediates.noindex/OPS.build/Debug-iphonesimulator/OPS.build/Objects-normal/arm64/FieldErrorHandler.o -o /Users/jacksonsweet/Library/Developer/Xcode/DerivedData/OPS-czavgtmnvamasvcjgszzuulfcsxj/Build/Intermediates.noindex/OPS.build/Debug-iphonesimulator/OPS.build/Objects-normal/arm64/ImageCache.o -o /Users/jacksonsweet/Library/Developer/Xcode/DerivedData/OPS-czavgtmnvamasvcjgszzuulfcsxj/Build/Intermediates.noindex/OPS.build/Debug-iphonesimulator/OPS.build/Objects-normal/arm64/ImageFileManager.o -index-unit-output-path /OPS.build/Debug-iphonesimulator/OPS.build/Objects-normal/arm64/OnboardingContainerView.o -index-unit-output-path /OPS.build/Debug-iphonesimulator/OPS.build/Objects-normal/arm64/OnboardingFlowPreview.o -index-unit-output-path /OPS.build/Debug-iphonesimulator/OPS.build/Objects-normal/arm64/OnboardingPresenter.o -index-unit-output-path /OPS.build/Debug-iphonesimulator/OPS.build/Objects-normal/arm64/OnboardingPreviewHelpers.o -index-unit-output-path /OPS.build/Debug-iphonesimulator/OPS.build/Objects-normal/arm64/OPSStyle.o -index-unit-output-path /OPS.build/Debug-iphonesimulator/OPS.build/Objects-normal/arm64/AppConfiguration.o -index-unit-output-path /OPS.build/Debug-iphonesimulator/OPS.build/Objects-normal/arm64/ArrayTransformer.o -index-unit-output-path /OPS.build/Debug-iphonesimulator/OPS.build/Objects-normal/arm64/DataController.o -index-unit-output-path /OPS.build/Debug-iphonesimulator/OPS.build/Objects-normal/arm64/Dateformatter\ +Bubble.o -index-unit-output-path /OPS.build/Debug-iphonesimulator/OPS.build/Objects-normal/arm64/DateHelper.o -index-unit-output-path /OPS.build/Debug-iphonesimulator/OPS.build/Objects-normal/arm64/FieldErrorHandler.o -index-unit-output-path /OPS.build/Debug-iphonesimulator/OPS.build/Objects-normal/arm64/ImageCache.o -index-unit-output-path /OPS.build/Debug-iphonesimulator/OPS.build/Objects-normal/arm64/ImageFileManager.o -index-store-path /Users/jacksonsweet/Library/Developer/Xcode/DerivedData/OPS-czavgtmnvamasvcjgszzuulfcsxj/Index.noindex/DataStore -index-system-modules

SwiftCompile normal arm64 /Users/jacksonsweet/Desktop/OPS\ APP/OPS/OPS/Utilities/ImageCache.swift (in target 'OPS' from project 'OPS')
    cd /Users/jacksonsweet/Desktop/OPS\ APP/OPS
    /Applications/Xcode.app/Contents/Developer/Toolchains/XcodeDefault.xctoolchain/usr/bin/swift-frontend -c /Users/jacksonsweet/Desktop/OPS\ APP/OPS/OPS/DataModels/BubbleImage.swift /Users/jacksonsweet/Desktop/OPS\ APP/OPS/OPS/DataModels/BubbleTypes.swift /Users/jacksonsweet/Desktop/OPS\ APP/OPS/OPS/DataModels/Company.swift /Users/jacksonsweet/Desktop/OPS\ APP/OPS/OPS/DataModels/Project.swift /Users/jacksonsweet/Desktop/OPS\ APP/OPS/OPS/DataModels/Status.swift /Users/jacksonsweet/Desktop/OPS\ APP/OPS/OPS/DataModels/User.swift /Users/jacksonsweet/Desktop/OPS\ APP/OPS/OPS/DataModels/UserRole.swift /Users/jacksonsweet/Desktop/OPS\ APP/OPS/OPS/Extensions/UIImage+Extensions.swift /Users/jacksonsweet/Desktop/OPS\ APP/OPS/OPS/Network/API/APIError.swift /Users/jacksonsweet/Desktop/OPS\ APP/OPS/OPS/Network/API/APIService.swift /Users/jacksonsweet/Desktop/OPS\ APP/OPS/OPS/Network/API/BubbleFields.swift /Users/jacksonsweet/Desktop/OPS\ APP/OPS/OPS/Network/Auth/AuthError.swift /Users/jacksonsweet/Desktop/OPS\ APP/OPS/OPS/Network/Auth/AuthManager.swift /Users/jacksonsweet/Desktop/OPS\ APP/OPS/OPS/Network/Auth/KeychainManager.swift /Users/jacksonsweet/Desktop/OPS\ APP/OPS/OPS/Network/DTOs/CompanyDTO.swift /Users/jacksonsweet/Desktop/OPS\ APP/OPS/OPS/Network/DTOs/ProjectDTO.swift /Users/jacksonsweet/Desktop/OPS\ APP/OPS/OPS/Network/DTOs/UserDTO.swift /Users/jacksonsweet/Desktop/OPS\ APP/OPS/OPS/Network/Endpoints/CompanyEndpoints.swift /Users/jacksonsweet/Desktop/OPS\ APP/OPS/OPS/Network/Endpoints/ProjectEndpoints.swift /Users/jacksonsweet/Desktop/OPS\ APP/OPS/OPS/Network/Endpoints/UserEndpoints.swift /Users/jacksonsweet/Desktop/OPS\ APP/OPS/OPS/Network/Sync/BackgroundTaskManager.swift /Users/jacksonsweet/Desktop/OPS\ APP/OPS/OPS/Network/Sync/SyncManager.swift /Users/jacksonsweet/Desktop/OPS\ APP/OPS/OPS/Network/ConnectivityMonitor.swift /Users/jacksonsweet/Desktop/OPS\ APP/OPS/OPS/Network/ImageSyncManager.swift /Users/jacksonsweet/Desktop/OPS\ APP/OPS/OPS/Onboarding/Coordinators/OnboardingCoordinator.swift /Users/jacksonsweet/Desktop/OPS\ APP/OPS/OPS/Onboarding/Models/OnboardingModels.swift /Users/jacksonsweet/Desktop/OPS\ APP/OPS/OPS/Onboarding/Services/OnboardingService.swift /Users/jacksonsweet/Desktop/OPS\ APP/OPS/OPS/Onboarding/ViewModels/OnboardingViewModel.swift /Users/jacksonsweet/Desktop/OPS\ APP/OPS/OPS/Onboarding/Views/Components/OnboardingComponents.swift /Users/jacksonsweet/Desktop/OPS\ APP/OPS/OPS/Onboarding/Views/Screens/AccountCreatedView.swift /Users/jacksonsweet/Desktop/OPS\ APP/OPS/OPS/Onboarding/Views/Screens/CompanyCodeView.swift /Users/jacksonsweet/Desktop/OPS\ APP/OPS/OPS/Onboarding/Views/Screens/CompanyCodeViewPreview.swift /Users/jacksonsweet/Desktop/OPS\ APP/OPS/OPS/Onboarding/Views/Screens/CompletionView.swift /Users/jacksonsweet/Desktop/OPS\ APP/OPS/OPS/Onboarding/Views/Screens/CompletionViewPreview.swift /Users/jacksonsweet/Desktop/OPS\ APP/OPS/OPS/Onboarding/Views/Screens/EmailView.swift /Users/jacksonsweet/Desktop/OPS\ APP/OPS/OPS/Onboarding/Views/Screens/FieldSetupView.swift /Users/jacksonsweet/Desktop/OPS\ APP/OPS/OPS/Onboarding/Views/Screens/NotificationsView.swift /Users/jacksonsweet/Desktop/OPS\ APP/OPS/OPS/Onboarding/Views/Screens/NotificationsViewPreview.swift /Users/jacksonsweet/Desktop/OPS\ APP/OPS/OPS/Onboarding/Views/Screens/OrganizationJoinView.swift /Users/jacksonsweet/Desktop/OPS\ APP/OPS/OPS/Onboarding/Views/Screens/PasswordView.swift /Users/jacksonsweet/Desktop/OPS\ APP/OPS/OPS/Onboarding/Views/Screens/PasswordViewPreview.swift /Users/jacksonsweet/Desktop/OPS\ APP/OPS/OPS/Onboarding/Views/Screens/PermissionsView.swift /Users/jacksonsweet/Desktop/OPS\ APP/OPS/OPS/Onboarding/Views/Screens/PermissionsViewPreview.swift /Users/jacksonsweet/Desktop/OPS\ APP/OPS/OPS/Onboarding/Views/Screens/PhoneNumberView.swift /Users/jacksonsweet/Desktop/OPS\ APP/OPS/OPS/Onboarding/Views/Screens/PhoneNumberViewPreview.swift /Users/jacksonsweet/Desktop/OPS\ APP/OPS/OPS/Onboarding/Views/Screens/UserInfoView.swift /Users/jacksonsweet/Desktop/OPS\ APP/OPS/OPS/Onboarding/Views/Screens/UserInfoViewPreview.swift /Users/jacksonsweet/Desktop/OPS\ APP/OPS/OPS/Onboarding/Views/Screens/VerifyPhoneView.swift /Users/jacksonsweet/Desktop/OPS\ APP/OPS/OPS/Onboarding/Views/Screens/WelcomeCompanyView.swift /Users/jacksonsweet/Desktop/OPS\ APP/OPS/OPS/Onboarding/Views/Screens/WelcomeCompanyViewPreview.swift /Users/jacksonsweet/Desktop/OPS\ APP/OPS/OPS/Onboarding/Views/Screens/WelcomeView.swift /Users/jacksonsweet/Desktop/OPS\ APP/OPS/OPS/Onboarding/Views/Screens/WelcomeViewPreview.swift -primary-file /Users/jacksonsweet/Desktop/OPS\ APP/OPS/OPS/Onboarding/Views/OnboardingContainerView.swift -primary-file /Users/jacksonsweet/Desktop/OPS\ APP/OPS/OPS/Onboarding/Views/OnboardingFlowPreview.swift -primary-file /Users/jacksonsweet/Desktop/OPS\ APP/OPS/OPS/Onboarding/Views/OnboardingPresenter.swift -primary-file /Users/jacksonsweet/Desktop/OPS\ APP/OPS/OPS/Onboarding/Views/OnboardingPreviewHelpers.swift -primary-file /Users/jacksonsweet/Desktop/OPS\ APP/OPS/OPS/Styles/OPSStyle.swift -primary-file /Users/jacksonsweet/Desktop/OPS\ APP/OPS/OPS/Utilities/AppConfiguration.swift -primary-file /Users/jacksonsweet/Desktop/OPS\ APP/OPS/OPS/Utilities/ArrayTransformer.swift -primary-file /Users/jacksonsweet/Desktop/OPS\ APP/OPS/OPS/Utilities/DataController.swift -primary-file /Users/jacksonsweet/Desktop/OPS\ APP/OPS/OPS/Utilities/Dateformatter\ +Bubble.swift -primary-file /Users/jacksonsweet/Desktop/OPS\ APP/OPS/OPS/Utilities/DateHelper.swift -primary-file /Users/jacksonsweet/Desktop/OPS\ APP/OPS/OPS/Utilities/FieldErrorHandler.swift -primary-file /Users/jacksonsweet/Desktop/OPS\ APP/OPS/OPS/Utilities/ImageCache.swift -primary-file /Users/jacksonsweet/Desktop/OPS\ APP/OPS/OPS/Utilities/ImageFileManager.swift /Users/jacksonsweet/Desktop/OPS\ APP/OPS/OPS/Utilities/InProgressManager.swift /Users/jacksonsweet/Desktop/OPS\ APP/OPS/OPS/Utilities/KeyboardDismissalModifier.swift /Users/jacksonsweet/Desktop/OPS\ APP/OPS/OPS/Utilities/LocationManager.swift /Users/jacksonsweet/Desktop/OPS\ APP/OPS/OPS/Utilities/OnboardingEnvironmentKey.swift /Users/jacksonsweet/Desktop/OPS\ APP/OPS/OPS/Utilities/SwiftDataHelper.swift /Users/jacksonsweet/Desktop/OPS\ APP/OPS/OPS/Utilities/UIComponents.swift /Users/jacksonsweet/Desktop/OPS\ APP/OPS/OPS/V2/CertificationsSettingsView.swift /Users/jacksonsweet/Desktop/OPS\ APP/OPS/OPS/ViewModels/CalendarViewModel.swift /Users/jacksonsweet/Desktop/OPS\ APP/OPS/OPS/ViewModels/ProjectsViewModel.swift /Users/jacksonsweet/Desktop/OPS\ APP/OPS/OPS/Views/Calendar\ Tab/Components/CalendarDaySelector.swift /Users/jacksonsweet/Desktop/OPS\ APP/OPS/OPS/Views/Calendar\ Tab/Components/CalendarHeaderView.swift /Users/jacksonsweet/Desktop/OPS\ APP/OPS/OPS/Views/Calendar\ Tab/Components/CalendarProjectCard.swift /Users/jacksonsweet/Desktop/OPS\ APP/OPS/OPS/Views/Calendar\ Tab/Components/CalendarToggleView.swift /Users/jacksonsweet/Desktop/OPS\ APP/OPS/OPS/Views/Calendar\ Tab/Components/DatePickerPopover.swift /Users/jacksonsweet/Desktop/OPS\ APP/OPS/OPS/Views/Calendar\ Tab/Components/DayCell.swift /Users/jacksonsweet/Desktop/OPS\ APP/OPS/OPS/Views/Calendar\ Tab/ProjectViews/DayProjectSheet.swift /Users/jacksonsweet/Desktop/OPS\ APP/OPS/OPS/Views/Calendar\ Tab/ProjectViews/ProjectListView.swift /Users/jacksonsweet/Desktop/OPS\ APP/OPS/OPS/Views/Calendar\ Tab/MonthGridView.swift /Users/jacksonsweet/Desktop/OPS\ APP/OPS/OPS/Views/Components/Common/AppHeader.swift /Users/jacksonsweet/Desktop/OPS\ APP/OPS/OPS/Views/Components/Common/ExpandableNotesView.swift /Users/jacksonsweet/Desktop/OPS\ APP/OPS/OPS/Views/Components/Common/LocationPermissionView.swift /Users/jacksonsweet/Desktop/OPS\ APP/OPS/OPS/Views/Components/Common/NavigationBanner.swift /Users/jacksonsweet/Desktop/OPS\ APP/OPS/OPS/Views/Components/Common/NavigationControlsView.swift /Users/jacksonsweet/Desktop/OPS\ APP/OPS/OPS/Views/Components/Common/TabBarBackground.swift /Users/jacksonsweet/Desktop/OPS\ APP/OPS/OPS/Views/Components/Images/ImagePicker.swift /Users/jacksonsweet/Desktop/OPS\ APP/OPS/OPS/Views/Components/Images/ImagePickerView.swift /Users/jacksonsweet/Desktop/OPS\ APP/OPS/OPS/Views/Components/Images/ProjectImagesSection.swift /Users/jacksonsweet/Desktop/OPS\ APP/OPS/OPS/Views/Components/Images/ProjectImagesSimple.swift /Users/jacksonsweet/Desktop/OPS\ APP/OPS/OPS/Views/Components/Images/ProjectImageView.swift /Users/jacksonsweet/Desktop/OPS\ APP/OPS/OPS/Views/Components/Images/ProjectPhotosGrid.swift /Users/jacksonsweet/Desktop/OPS\ APP/OPS/OPS/Views/Components/Map/MiniMapView.swift /Users/jacksonsweet/Desktop/OPS\ APP/OPS/OPS/Views/Components/Map/ProjectMapAnnotation.swift /Users/jacksonsweet/Desktop/OPS\ APP/OPS/OPS/Views/Components/Map/ProjectMapView.swift /Users/jacksonsweet/Desktop/OPS\ APP/OPS/OPS/Views/Components/Map/ProjectMarkerPopup.swift /Users/jacksonsweet/Desktop/OPS\ APP/OPS/OPS/Views/Components/Map/RouteDirectionsView.swift /Users/jacksonsweet/Desktop/OPS\ APP/OPS/OPS/Views/Components/Project/ProjectActionBar.swift /Users/jacksonsweet/Desktop/OPS\ APP/OPS/OPS/Views/Components/Project/ProjectCard.swift /Users/jacksonsweet/Desktop/OPS\ APP/OPS/OPS/Views/Components/Project/ProjectCarousel.swift /Users/jacksonsweet/Desktop/OPS\ APP/OPS/OPS/Views/Components/Project/ProjectDetailsView.swift /Users/jacksonsweet/Desktop/OPS\ APP/OPS/OPS/Views/Components/Project/ProjectHeader.swift /Users/jacksonsweet/Desktop/OPS\ APP/OPS/OPS/Views/Components/Project/ProjectSheetContainer.swift /Users/jacksonsweet/Desktop/OPS\ APP/OPS/OPS/Views/Components/User/TeamMemberListView.swift /Users/jacksonsweet/Desktop/OPS\ APP/OPS/OPS/Views/Components/User/UserProfileCard.swift /Users/jacksonsweet/Desktop/OPS\ APP/OPS/OPS/Views/Home/HomeContentView.swift /Users/jacksonsweet/Desktop/OPS\ APP/OPS/OPS/Views/Home/HomeView.swift /Users/jacksonsweet/Desktop/OPS\ APP/OPS/OPS/Views/Settings/OrganizationSettingsView.swift /Users/jacksonsweet/Desktop/OPS\ APP/OPS/OPS/Views/Settings/ProfileSettingsView.swift /Users/jacksonsweet/Desktop/OPS\ APP/OPS/OPS/Views/Settings/ProjectHistorySettingsView.swift /Users/jacksonsweet/Desktop/OPS\ APP/OPS/OPS/Views/LoginView.swift /Users/jacksonsweet/Desktop/OPS\ APP/OPS/OPS/Views/LoginViewPreview.swift /Users/jacksonsweet/Desktop/OPS\ APP/OPS/OPS/Views/MainTabView.swift /Users/jacksonsweet/Desktop/OPS\ APP/OPS/OPS/Views/NetworkStatusIndicator.swift /Users/jacksonsweet/Desktop/OPS\ APP/OPS/OPS/Views/ScheduleView.swift /Users/jacksonsweet/Desktop/OPS\ APP/OPS/OPS/Views/SettingsView.swift /Users/jacksonsweet/Desktop/OPS\ APP/OPS/OPS/Views/SplashScreen.swift /Users/jacksonsweet/Desktop/OPS\ APP/OPS/OPS/AppState.swift /Users/jacksonsweet/Desktop/OPS\ APP/OPS/OPS/ContentView.swift /Users/jacksonsweet/Desktop/OPS\ APP/OPS/OPS/Item.swift /Users/jacksonsweet/Desktop/OPS\ APP/OPS/OPS/OPSApp.swift /Users/jacksonsweet/Library/Developer/Xcode/DerivedData/OPS-czavgtmnvamasvcjgszzuulfcsxj/Build/Intermediates.noindex/OPS.build/Debug-iphonesimulator/OPS.build/DerivedSources/GeneratedAssetSymbols.swift -supplementary-output-file-map /Users/jacksonsweet/Library/Developer/Xcode/DerivedData/OPS-czavgtmnvamasvcjgszzuulfcsxj/Build/Intermediates.noindex/OPS.build/Debug-iphonesimulator/OPS.build/Objects-normal/arm64/supplementaryOutputs-5 -emit-localized-strings -emit-localized-strings-path /Users/jacksonsweet/Library/Developer/Xcode/DerivedData/OPS-czavgtmnvamasvcjgszzuulfcsxj/Build/Intermediates.noindex/OPS.build/Debug-iphonesimulator/OPS.build/Objects-normal/arm64 -target arm64-apple-ios18.2-simulator -Xllvm -aarch64-use-tbi -enable-objc-interop -sdk /Applications/Xcode.app/Contents/Developer/Platforms/iPhoneSimulator.platform/Developer/SDKs/iPhoneSimulator18.2.sdk -I /Users/jacksonsweet/Library/Developer/Xcode/DerivedData/OPS-czavgtmnvamasvcjgszzuulfcsxj/Build/Products/Debug-iphonesimulator -F /Users/jacksonsweet/Library/Developer/Xcode/DerivedData/OPS-czavgtmnvamasvcjgszzuulfcsxj/Build/Products/Debug-iphonesimulator -no-color-diagnostics -enable-testing -g -debug-info-format\=dwarf -dwarf-version\=5 -module-cache-path /Users/jacksonsweet/Library/Developer/Xcode/DerivedData/ModuleCache.noindex -profile-generate -profile-coverage-mapping -swift-version 5 -enforce-exclusivity\=checked -Onone -D DEBUG -serialize-debugging-options -const-gather-protocols-file /Users/jacksonsweet/Library/Developer/Xcode/DerivedData/OPS-czavgtmnvamasvcjgszzuulfcsxj/Build/Intermediates.noindex/OPS.build/Debug-iphonesimulator/OPS.build/Objects-normal/arm64/OPS_const_extract_protocols.json -enable-experimental-feature DebugDescriptionMacro -enable-experimental-feature OpaqueTypeErasure -enable-bare-slash-regex -empty-abi-descriptor -validate-clang-modules-once -clang-build-session-file /Users/jacksonsweet/Library/Developer/Xcode/DerivedData/ModuleCache.noindex/Session.modulevalidation -Xcc -working-directory -Xcc /Users/jacksonsweet/Desktop/OPS\ APP/OPS -resource-dir /Applications/Xcode.app/Contents/Developer/Toolchains/XcodeDefault.xctoolchain/usr/lib/swift -enable-anonymous-context-mangled-names -file-compilation-dir /Users/jacksonsweet/Desktop/OPS\ APP/OPS -Xcc -D_LIBCPP_HARDENING_MODE\=_LIBCPP_HARDENING_MODE_DEBUG -Xcc -ivfsstatcache -Xcc /Users/jacksonsweet/Library/Developer/Xcode/DerivedData/SDKStatCaches.noindex/iphonesimulator18.2-22C146-07b28473f605e47e75261259d3ef3b5a.sdkstatcache -Xcc -I/Users/jacksonsweet/Library/Developer/Xcode/DerivedData/OPS-czavgtmnvamasvcjgszzuulfcsxj/Build/Intermediates.noindex/OPS.build/Debug-iphonesimulator/OPS.build/swift-overrides.hmap -Xcc -iquote -Xcc /Users/jacksonsweet/Library/Developer/Xcode/DerivedData/OPS-czavgtmnvamasvcjgszzuulfcsxj/Build/Intermediates.noindex/OPS.build/Debug-iphonesimulator/OPS.build/OPS-generated-files.hmap -Xcc -I/Users/jacksonsweet/Library/Developer/Xcode/DerivedData/OPS-czavgtmnvamasvcjgszzuulfcsxj/Build/Intermediates.noindex/OPS.build/Debug-iphonesimulator/OPS.build/OPS-own-target-headers.hmap -Xcc -I/Users/jacksonsweet/Library/Developer/Xcode/DerivedData/OPS-czavgtmnvamasvcjgszzuulfcsxj/Build/Intermediates.noindex/OPS.build/Debug-iphonesimulator/OPS.build/OPS-all-target-headers.hmap -Xcc -iquote -Xcc /Users/jacksonsweet/Library/Developer/Xcode/DerivedData/OPS-czavgtmnvamasvcjgszzuulfcsxj/Build/Intermediates.noindex/OPS.build/Debug-iphonesimulator/OPS.build/OPS-project-headers.hmap -Xcc -I/Users/jacksonsweet/Library/Developer/Xcode/DerivedData/OPS-czavgtmnvamasvcjgszzuulfcsxj/Build/Products/Debug-iphonesimulator/include -Xcc -I/Users/jacksonsweet/Library/Developer/Xcode/DerivedData/OPS-czavgtmnvamasvcjgszzuulfcsxj/Build/Intermediates.noindex/OPS.build/Debug-iphonesimulator/OPS.build/DerivedSources-normal/arm64 -Xcc -I/Users/jacksonsweet/Library/Developer/Xcode/DerivedData/OPS-czavgtmnvamasvcjgszzuulfcsxj/Build/Intermediates.noindex/OPS.build/Debug-iphonesimulator/OPS.build/DerivedSources/arm64 -Xcc -I/Users/jacksonsweet/Library/Developer/Xcode/DerivedData/OPS-czavgtmnvamasvcjgszzuulfcsxj/Build/Intermediates.noindex/OPS.build/Debug-iphonesimulator/OPS.build/DerivedSources -Xcc -DDEBUG\=1 -module-name OPS -frontend-parseable-output -disable-clang-spi -target-sdk-version 18.2 -target-sdk-name iphonesimulator18.2 -external-plugin-path /Applications/Xcode.app/Contents/Developer/Platforms/iPhoneOS.platform/Developer/usr/lib/swift/host/plugins\#/Applications/Xcode.app/Contents/Developer/Platforms/iPhoneOS.platform/Developer/usr/bin/swift-plugin-server -external-plugin-path /Applications/Xcode.app/Contents/Developer/Platforms/iPhoneOS.platform/Developer/usr/local/lib/swift/host/plugins\#/Applications/Xcode.app/Contents/Developer/Platforms/iPhoneOS.platform/Developer/usr/bin/swift-plugin-server -plugin-path /Applications/Xcode.app/Contents/Developer/Toolchains/XcodeDefault.xctoolchain/usr/lib/swift/host/plugins -plugin-path /Applications/Xcode.app/Contents/Developer/Toolchains/XcodeDefault.xctoolchain/usr/local/lib/swift/host/plugins -o /Users/jacksonsweet/Library/Developer/Xcode/DerivedData/OPS-czavgtmnvamasvcjgszzuulfcsxj/Build/Intermediates.noindex/OPS.build/Debug-iphonesimulator/OPS.build/Objects-normal/arm64/OnboardingContainerView.o -o /Users/jacksonsweet/Library/Developer/Xcode/DerivedData/OPS-czavgtmnvamasvcjgszzuulfcsxj/Build/Intermediates.noindex/OPS.build/Debug-iphonesimulator/OPS.build/Objects-normal/arm64/OnboardingFlowPreview.o -o /Users/jacksonsweet/Library/Developer/Xcode/DerivedData/OPS-czavgtmnvamasvcjgszzuulfcsxj/Build/Intermediates.noindex/OPS.build/Debug-iphonesimulator/OPS.build/Objects-normal/arm64/OnboardingPresenter.o -o /Users/jacksonsweet/Library/Developer/Xcode/DerivedData/OPS-czavgtmnvamasvcjgszzuulfcsxj/Build/Intermediates.noindex/OPS.build/Debug-iphonesimulator/OPS.build/Objects-normal/arm64/OnboardingPreviewHelpers.o -o /Users/jacksonsweet/Library/Developer/Xcode/DerivedData/OPS-czavgtmnvamasvcjgszzuulfcsxj/Build/Intermediates.noindex/OPS.build/Debug-iphonesimulator/OPS.build/Objects-normal/arm64/OPSStyle.o -o /Users/jacksonsweet/Library/Developer/Xcode/DerivedData/OPS-czavgtmnvamasvcjgszzuulfcsxj/Build/Intermediates.noindex/OPS.build/Debug-iphonesimulator/OPS.build/Objects-normal/arm64/AppConfiguration.o -o /Users/jacksonsweet/Library/Developer/Xcode/DerivedData/OPS-czavgtmnvamasvcjgszzuulfcsxj/Build/Intermediates.noindex/OPS.build/Debug-iphonesimulator/OPS.build/Objects-normal/arm64/ArrayTransformer.o -o /Users/jacksonsweet/Library/Developer/Xcode/DerivedData/OPS-czavgtmnvamasvcjgszzuulfcsxj/Build/Intermediates.noindex/OPS.build/Debug-iphonesimulator/OPS.build/Objects-normal/arm64/DataController.o -o /Users/jacksonsweet/Library/Developer/Xcode/DerivedData/OPS-czavgtmnvamasvcjgszzuulfcsxj/Build/Intermediates.noindex/OPS.build/Debug-iphonesimulator/OPS.build/Objects-normal/arm64/Dateformatter\ +Bubble.o -o /Users/jacksonsweet/Library/Developer/Xcode/DerivedData/OPS-czavgtmnvamasvcjgszzuulfcsxj/Build/Intermediates.noindex/OPS.build/Debug-iphonesimulator/OPS.build/Objects-normal/arm64/DateHelper.o -o /Users/jacksonsweet/Library/Developer/Xcode/DerivedData/OPS-czavgtmnvamasvcjgszzuulfcsxj/Build/Intermediates.noindex/OPS.build/Debug-iphonesimulator/OPS.build/Objects-normal/arm64/FieldErrorHandler.o -o /Users/jacksonsweet/Library/Developer/Xcode/DerivedData/OPS-czavgtmnvamasvcjgszzuulfcsxj/Build/Intermediates.noindex/OPS.build/Debug-iphonesimulator/OPS.build/Objects-normal/arm64/ImageCache.o -o /Users/jacksonsweet/Library/Developer/Xcode/DerivedData/OPS-czavgtmnvamasvcjgszzuulfcsxj/Build/Intermediates.noindex/OPS.build/Debug-iphonesimulator/OPS.build/Objects-normal/arm64/ImageFileManager.o -index-unit-output-path /OPS.build/Debug-iphonesimulator/OPS.build/Objects-normal/arm64/OnboardingContainerView.o -index-unit-output-path /OPS.build/Debug-iphonesimulator/OPS.build/Objects-normal/arm64/OnboardingFlowPreview.o -index-unit-output-path /OPS.build/Debug-iphonesimulator/OPS.build/Objects-normal/arm64/OnboardingPresenter.o -index-unit-output-path /OPS.build/Debug-iphonesimulator/OPS.build/Objects-normal/arm64/OnboardingPreviewHelpers.o -index-unit-output-path /OPS.build/Debug-iphonesimulator/OPS.build/Objects-normal/arm64/OPSStyle.o -index-unit-output-path /OPS.build/Debug-iphonesimulator/OPS.build/Objects-normal/arm64/AppConfiguration.o -index-unit-output-path /OPS.build/Debug-iphonesimulator/OPS.build/Objects-normal/arm64/ArrayTransformer.o -index-unit-output-path /OPS.build/Debug-iphonesimulator/OPS.build/Objects-normal/arm64/DataController.o -index-unit-output-path /OPS.build/Debug-iphonesimulator/OPS.build/Objects-normal/arm64/Dateformatter\ +Bubble.o -index-unit-output-path /OPS.build/Debug-iphonesimulator/OPS.build/Objects-normal/arm64/DateHelper.o -index-unit-output-path /OPS.build/Debug-iphonesimulator/OPS.build/Objects-normal/arm64/FieldErrorHandler.o -index-unit-output-path /OPS.build/Debug-iphonesimulator/OPS.build/Objects-normal/arm64/ImageCache.o -index-unit-output-path /OPS.build/Debug-iphonesimulator/OPS.build/Objects-normal/arm64/ImageFileManager.o -index-store-path /Users/jacksonsweet/Library/Developer/Xcode/DerivedData/OPS-czavgtmnvamasvcjgszzuulfcsxj/Index.noindex/DataStore -index-system-modules

SwiftCompile normal arm64 /Users/jacksonsweet/Desktop/OPS\ APP/OPS/OPS/Utilities/ImageFileManager.swift (in target 'OPS' from project 'OPS')
    cd /Users/jacksonsweet/Desktop/OPS\ APP/OPS
    /Applications/Xcode.app/Contents/Developer/Toolchains/XcodeDefault.xctoolchain/usr/bin/swift-frontend -c /Users/jacksonsweet/Desktop/OPS\ APP/OPS/OPS/DataModels/BubbleImage.swift /Users/jacksonsweet/Desktop/OPS\ APP/OPS/OPS/DataModels/BubbleTypes.swift /Users/jacksonsweet/Desktop/OPS\ APP/OPS/OPS/DataModels/Company.swift /Users/jacksonsweet/Desktop/OPS\ APP/OPS/OPS/DataModels/Project.swift /Users/jacksonsweet/Desktop/OPS\ APP/OPS/OPS/DataModels/Status.swift /Users/jacksonsweet/Desktop/OPS\ APP/OPS/OPS/DataModels/User.swift /Users/jacksonsweet/Desktop/OPS\ APP/OPS/OPS/DataModels/UserRole.swift /Users/jacksonsweet/Desktop/OPS\ APP/OPS/OPS/Extensions/UIImage+Extensions.swift /Users/jacksonsweet/Desktop/OPS\ APP/OPS/OPS/Network/API/APIError.swift /Users/jacksonsweet/Desktop/OPS\ APP/OPS/OPS/Network/API/APIService.swift /Users/jacksonsweet/Desktop/OPS\ APP/OPS/OPS/Network/API/BubbleFields.swift /Users/jacksonsweet/Desktop/OPS\ APP/OPS/OPS/Network/Auth/AuthError.swift /Users/jacksonsweet/Desktop/OPS\ APP/OPS/OPS/Network/Auth/AuthManager.swift /Users/jacksonsweet/Desktop/OPS\ APP/OPS/OPS/Network/Auth/KeychainManager.swift /Users/jacksonsweet/Desktop/OPS\ APP/OPS/OPS/Network/DTOs/CompanyDTO.swift /Users/jacksonsweet/Desktop/OPS\ APP/OPS/OPS/Network/DTOs/ProjectDTO.swift /Users/jacksonsweet/Desktop/OPS\ APP/OPS/OPS/Network/DTOs/UserDTO.swift /Users/jacksonsweet/Desktop/OPS\ APP/OPS/OPS/Network/Endpoints/CompanyEndpoints.swift /Users/jacksonsweet/Desktop/OPS\ APP/OPS/OPS/Network/Endpoints/ProjectEndpoints.swift /Users/jacksonsweet/Desktop/OPS\ APP/OPS/OPS/Network/Endpoints/UserEndpoints.swift /Users/jacksonsweet/Desktop/OPS\ APP/OPS/OPS/Network/Sync/BackgroundTaskManager.swift /Users/jacksonsweet/Desktop/OPS\ APP/OPS/OPS/Network/Sync/SyncManager.swift /Users/jacksonsweet/Desktop/OPS\ APP/OPS/OPS/Network/ConnectivityMonitor.swift /Users/jacksonsweet/Desktop/OPS\ APP/OPS/OPS/Network/ImageSyncManager.swift /Users/jacksonsweet/Desktop/OPS\ APP/OPS/OPS/Onboarding/Coordinators/OnboardingCoordinator.swift /Users/jacksonsweet/Desktop/OPS\ APP/OPS/OPS/Onboarding/Models/OnboardingModels.swift /Users/jacksonsweet/Desktop/OPS\ APP/OPS/OPS/Onboarding/Services/OnboardingService.swift /Users/jacksonsweet/Desktop/OPS\ APP/OPS/OPS/Onboarding/ViewModels/OnboardingViewModel.swift /Users/jacksonsweet/Desktop/OPS\ APP/OPS/OPS/Onboarding/Views/Components/OnboardingComponents.swift /Users/jacksonsweet/Desktop/OPS\ APP/OPS/OPS/Onboarding/Views/Screens/AccountCreatedView.swift /Users/jacksonsweet/Desktop/OPS\ APP/OPS/OPS/Onboarding/Views/Screens/CompanyCodeView.swift /Users/jacksonsweet/Desktop/OPS\ APP/OPS/OPS/Onboarding/Views/Screens/CompanyCodeViewPreview.swift /Users/jacksonsweet/Desktop/OPS\ APP/OPS/OPS/Onboarding/Views/Screens/CompletionView.swift /Users/jacksonsweet/Desktop/OPS\ APP/OPS/OPS/Onboarding/Views/Screens/CompletionViewPreview.swift /Users/jacksonsweet/Desktop/OPS\ APP/OPS/OPS/Onboarding/Views/Screens/EmailView.swift /Users/jacksonsweet/Desktop/OPS\ APP/OPS/OPS/Onboarding/Views/Screens/FieldSetupView.swift /Users/jacksonsweet/Desktop/OPS\ APP/OPS/OPS/Onboarding/Views/Screens/NotificationsView.swift /Users/jacksonsweet/Desktop/OPS\ APP/OPS/OPS/Onboarding/Views/Screens/NotificationsViewPreview.swift /Users/jacksonsweet/Desktop/OPS\ APP/OPS/OPS/Onboarding/Views/Screens/OrganizationJoinView.swift /Users/jacksonsweet/Desktop/OPS\ APP/OPS/OPS/Onboarding/Views/Screens/PasswordView.swift /Users/jacksonsweet/Desktop/OPS\ APP/OPS/OPS/Onboarding/Views/Screens/PasswordViewPreview.swift /Users/jacksonsweet/Desktop/OPS\ APP/OPS/OPS/Onboarding/Views/Screens/PermissionsView.swift /Users/jacksonsweet/Desktop/OPS\ APP/OPS/OPS/Onboarding/Views/Screens/PermissionsViewPreview.swift /Users/jacksonsweet/Desktop/OPS\ APP/OPS/OPS/Onboarding/Views/Screens/PhoneNumberView.swift /Users/jacksonsweet/Desktop/OPS\ APP/OPS/OPS/Onboarding/Views/Screens/PhoneNumberViewPreview.swift /Users/jacksonsweet/Desktop/OPS\ APP/OPS/OPS/Onboarding/Views/Screens/UserInfoView.swift /Users/jacksonsweet/Desktop/OPS\ APP/OPS/OPS/Onboarding/Views/Screens/UserInfoViewPreview.swift /Users/jacksonsweet/Desktop/OPS\ APP/OPS/OPS/Onboarding/Views/Screens/VerifyPhoneView.swift /Users/jacksonsweet/Desktop/OPS\ APP/OPS/OPS/Onboarding/Views/Screens/WelcomeCompanyView.swift /Users/jacksonsweet/Desktop/OPS\ APP/OPS/OPS/Onboarding/Views/Screens/WelcomeCompanyViewPreview.swift /Users/jacksonsweet/Desktop/OPS\ APP/OPS/OPS/Onboarding/Views/Screens/WelcomeView.swift /Users/jacksonsweet/Desktop/OPS\ APP/OPS/OPS/Onboarding/Views/Screens/WelcomeViewPreview.swift -primary-file /Users/jacksonsweet/Desktop/OPS\ APP/OPS/OPS/Onboarding/Views/OnboardingContainerView.swift -primary-file /Users/jacksonsweet/Desktop/OPS\ APP/OPS/OPS/Onboarding/Views/OnboardingFlowPreview.swift -primary-file /Users/jacksonsweet/Desktop/OPS\ APP/OPS/OPS/Onboarding/Views/OnboardingPresenter.swift -primary-file /Users/jacksonsweet/Desktop/OPS\ APP/OPS/OPS/Onboarding/Views/OnboardingPreviewHelpers.swift -primary-file /Users/jacksonsweet/Desktop/OPS\ APP/OPS/OPS/Styles/OPSStyle.swift -primary-file /Users/jacksonsweet/Desktop/OPS\ APP/OPS/OPS/Utilities/AppConfiguration.swift -primary-file /Users/jacksonsweet/Desktop/OPS\ APP/OPS/OPS/Utilities/ArrayTransformer.swift -primary-file /Users/jacksonsweet/Desktop/OPS\ APP/OPS/OPS/Utilities/DataController.swift -primary-file /Users/jacksonsweet/Desktop/OPS\ APP/OPS/OPS/Utilities/Dateformatter\ +Bubble.swift -primary-file /Users/jacksonsweet/Desktop/OPS\ APP/OPS/OPS/Utilities/DateHelper.swift -primary-file /Users/jacksonsweet/Desktop/OPS\ APP/OPS/OPS/Utilities/FieldErrorHandler.swift -primary-file /Users/jacksonsweet/Desktop/OPS\ APP/OPS/OPS/Utilities/ImageCache.swift -primary-file /Users/jacksonsweet/Desktop/OPS\ APP/OPS/OPS/Utilities/ImageFileManager.swift /Users/jacksonsweet/Desktop/OPS\ APP/OPS/OPS/Utilities/InProgressManager.swift /Users/jacksonsweet/Desktop/OPS\ APP/OPS/OPS/Utilities/KeyboardDismissalModifier.swift /Users/jacksonsweet/Desktop/OPS\ APP/OPS/OPS/Utilities/LocationManager.swift /Users/jacksonsweet/Desktop/OPS\ APP/OPS/OPS/Utilities/OnboardingEnvironmentKey.swift /Users/jacksonsweet/Desktop/OPS\ APP/OPS/OPS/Utilities/SwiftDataHelper.swift /Users/jacksonsweet/Desktop/OPS\ APP/OPS/OPS/Utilities/UIComponents.swift /Users/jacksonsweet/Desktop/OPS\ APP/OPS/OPS/V2/CertificationsSettingsView.swift /Users/jacksonsweet/Desktop/OPS\ APP/OPS/OPS/ViewModels/CalendarViewModel.swift /Users/jacksonsweet/Desktop/OPS\ APP/OPS/OPS/ViewModels/ProjectsViewModel.swift /Users/jacksonsweet/Desktop/OPS\ APP/OPS/OPS/Views/Calendar\ Tab/Components/CalendarDaySelector.swift /Users/jacksonsweet/Desktop/OPS\ APP/OPS/OPS/Views/Calendar\ Tab/Components/CalendarHeaderView.swift /Users/jacksonsweet/Desktop/OPS\ APP/OPS/OPS/Views/Calendar\ Tab/Components/CalendarProjectCard.swift /Users/jacksonsweet/Desktop/OPS\ APP/OPS/OPS/Views/Calendar\ Tab/Components/CalendarToggleView.swift /Users/jacksonsweet/Desktop/OPS\ APP/OPS/OPS/Views/Calendar\ Tab/Components/DatePickerPopover.swift /Users/jacksonsweet/Desktop/OPS\ APP/OPS/OPS/Views/Calendar\ Tab/Components/DayCell.swift /Users/jacksonsweet/Desktop/OPS\ APP/OPS/OPS/Views/Calendar\ Tab/ProjectViews/DayProjectSheet.swift /Users/jacksonsweet/Desktop/OPS\ APP/OPS/OPS/Views/Calendar\ Tab/ProjectViews/ProjectListView.swift /Users/jacksonsweet/Desktop/OPS\ APP/OPS/OPS/Views/Calendar\ Tab/MonthGridView.swift /Users/jacksonsweet/Desktop/OPS\ APP/OPS/OPS/Views/Components/Common/AppHeader.swift /Users/jacksonsweet/Desktop/OPS\ APP/OPS/OPS/Views/Components/Common/ExpandableNotesView.swift /Users/jacksonsweet/Desktop/OPS\ APP/OPS/OPS/Views/Components/Common/LocationPermissionView.swift /Users/jacksonsweet/Desktop/OPS\ APP/OPS/OPS/Views/Components/Common/NavigationBanner.swift /Users/jacksonsweet/Desktop/OPS\ APP/OPS/OPS/Views/Components/Common/NavigationControlsView.swift /Users/jacksonsweet/Desktop/OPS\ APP/OPS/OPS/Views/Components/Common/TabBarBackground.swift /Users/jacksonsweet/Desktop/OPS\ APP/OPS/OPS/Views/Components/Images/ImagePicker.swift /Users/jacksonsweet/Desktop/OPS\ APP/OPS/OPS/Views/Components/Images/ImagePickerView.swift /Users/jacksonsweet/Desktop/OPS\ APP/OPS/OPS/Views/Components/Images/ProjectImagesSection.swift /Users/jacksonsweet/Desktop/OPS\ APP/OPS/OPS/Views/Components/Images/ProjectImagesSimple.swift /Users/jacksonsweet/Desktop/OPS\ APP/OPS/OPS/Views/Components/Images/ProjectImageView.swift /Users/jacksonsweet/Desktop/OPS\ APP/OPS/OPS/Views/Components/Images/ProjectPhotosGrid.swift /Users/jacksonsweet/Desktop/OPS\ APP/OPS/OPS/Views/Components/Map/MiniMapView.swift /Users/jacksonsweet/Desktop/OPS\ APP/OPS/OPS/Views/Components/Map/ProjectMapAnnotation.swift /Users/jacksonsweet/Desktop/OPS\ APP/OPS/OPS/Views/Components/Map/ProjectMapView.swift /Users/jacksonsweet/Desktop/OPS\ APP/OPS/OPS/Views/Components/Map/ProjectMarkerPopup.swift /Users/jacksonsweet/Desktop/OPS\ APP/OPS/OPS/Views/Components/Map/RouteDirectionsView.swift /Users/jacksonsweet/Desktop/OPS\ APP/OPS/OPS/Views/Components/Project/ProjectActionBar.swift /Users/jacksonsweet/Desktop/OPS\ APP/OPS/OPS/Views/Components/Project/ProjectCard.swift /Users/jacksonsweet/Desktop/OPS\ APP/OPS/OPS/Views/Components/Project/ProjectCarousel.swift /Users/jacksonsweet/Desktop/OPS\ APP/OPS/OPS/Views/Components/Project/ProjectDetailsView.swift /Users/jacksonsweet/Desktop/OPS\ APP/OPS/OPS/Views/Components/Project/ProjectHeader.swift /Users/jacksonsweet/Desktop/OPS\ APP/OPS/OPS/Views/Components/Project/ProjectSheetContainer.swift /Users/jacksonsweet/Desktop/OPS\ APP/OPS/OPS/Views/Components/User/TeamMemberListView.swift /Users/jacksonsweet/Desktop/OPS\ APP/OPS/OPS/Views/Components/User/UserProfileCard.swift /Users/jacksonsweet/Desktop/OPS\ APP/OPS/OPS/Views/Home/HomeContentView.swift /Users/jacksonsweet/Desktop/OPS\ APP/OPS/OPS/Views/Home/HomeView.swift /Users/jacksonsweet/Desktop/OPS\ APP/OPS/OPS/Views/Settings/OrganizationSettingsView.swift /Users/jacksonsweet/Desktop/OPS\ APP/OPS/OPS/Views/Settings/ProfileSettingsView.swift /Users/jacksonsweet/Desktop/OPS\ APP/OPS/OPS/Views/Settings/ProjectHistorySettingsView.swift /Users/jacksonsweet/Desktop/OPS\ APP/OPS/OPS/Views/LoginView.swift /Users/jacksonsweet/Desktop/OPS\ APP/OPS/OPS/Views/LoginViewPreview.swift /Users/jacksonsweet/Desktop/OPS\ APP/OPS/OPS/Views/MainTabView.swift /Users/jacksonsweet/Desktop/OPS\ APP/OPS/OPS/Views/NetworkStatusIndicator.swift /Users/jacksonsweet/Desktop/OPS\ APP/OPS/OPS/Views/ScheduleView.swift /Users/jacksonsweet/Desktop/OPS\ APP/OPS/OPS/Views/SettingsView.swift /Users/jacksonsweet/Desktop/OPS\ APP/OPS/OPS/Views/SplashScreen.swift /Users/jacksonsweet/Desktop/OPS\ APP/OPS/OPS/AppState.swift /Users/jacksonsweet/Desktop/OPS\ APP/OPS/OPS/ContentView.swift /Users/jacksonsweet/Desktop/OPS\ APP/OPS/OPS/Item.swift /Users/jacksonsweet/Desktop/OPS\ APP/OPS/OPS/OPSApp.swift /Users/jacksonsweet/Library/Developer/Xcode/DerivedData/OPS-czavgtmnvamasvcjgszzuulfcsxj/Build/Intermediates.noindex/OPS.build/Debug-iphonesimulator/OPS.build/DerivedSources/GeneratedAssetSymbols.swift -supplementary-output-file-map /Users/jacksonsweet/Library/Developer/Xcode/DerivedData/OPS-czavgtmnvamasvcjgszzuulfcsxj/Build/Intermediates.noindex/OPS.build/Debug-iphonesimulator/OPS.build/Objects-normal/arm64/supplementaryOutputs-5 -emit-localized-strings -emit-localized-strings-path /Users/jacksonsweet/Library/Developer/Xcode/DerivedData/OPS-czavgtmnvamasvcjgszzuulfcsxj/Build/Intermediates.noindex/OPS.build/Debug-iphonesimulator/OPS.build/Objects-normal/arm64 -target arm64-apple-ios18.2-simulator -Xllvm -aarch64-use-tbi -enable-objc-interop -sdk /Applications/Xcode.app/Contents/Developer/Platforms/iPhoneSimulator.platform/Developer/SDKs/iPhoneSimulator18.2.sdk -I /Users/jacksonsweet/Library/Developer/Xcode/DerivedData/OPS-czavgtmnvamasvcjgszzuulfcsxj/Build/Products/Debug-iphonesimulator -F /Users/jacksonsweet/Library/Developer/Xcode/DerivedData/OPS-czavgtmnvamasvcjgszzuulfcsxj/Build/Products/Debug-iphonesimulator -no-color-diagnostics -enable-testing -g -debug-info-format\=dwarf -dwarf-version\=5 -module-cache-path /Users/jacksonsweet/Library/Developer/Xcode/DerivedData/ModuleCache.noindex -profile-generate -profile-coverage-mapping -swift-version 5 -enforce-exclusivity\=checked -Onone -D DEBUG -serialize-debugging-options -const-gather-protocols-file /Users/jacksonsweet/Library/Developer/Xcode/DerivedData/OPS-czavgtmnvamasvcjgszzuulfcsxj/Build/Intermediates.noindex/OPS.build/Debug-iphonesimulator/OPS.build/Objects-normal/arm64/OPS_const_extract_protocols.json -enable-experimental-feature DebugDescriptionMacro -enable-experimental-feature OpaqueTypeErasure -enable-bare-slash-regex -empty-abi-descriptor -validate-clang-modules-once -clang-build-session-file /Users/jacksonsweet/Library/Developer/Xcode/DerivedData/ModuleCache.noindex/Session.modulevalidation -Xcc -working-directory -Xcc /Users/jacksonsweet/Desktop/OPS\ APP/OPS -resource-dir /Applications/Xcode.app/Contents/Developer/Toolchains/XcodeDefault.xctoolchain/usr/lib/swift -enable-anonymous-context-mangled-names -file-compilation-dir /Users/jacksonsweet/Desktop/OPS\ APP/OPS -Xcc -D_LIBCPP_HARDENING_MODE\=_LIBCPP_HARDENING_MODE_DEBUG -Xcc -ivfsstatcache -Xcc /Users/jacksonsweet/Library/Developer/Xcode/DerivedData/SDKStatCaches.noindex/iphonesimulator18.2-22C146-07b28473f605e47e75261259d3ef3b5a.sdkstatcache -Xcc -I/Users/jacksonsweet/Library/Developer/Xcode/DerivedData/OPS-czavgtmnvamasvcjgszzuulfcsxj/Build/Intermediates.noindex/OPS.build/Debug-iphonesimulator/OPS.build/swift-overrides.hmap -Xcc -iquote -Xcc /Users/jacksonsweet/Library/Developer/Xcode/DerivedData/OPS-czavgtmnvamasvcjgszzuulfcsxj/Build/Intermediates.noindex/OPS.build/Debug-iphonesimulator/OPS.build/OPS-generated-files.hmap -Xcc -I/Users/jacksonsweet/Library/Developer/Xcode/DerivedData/OPS-czavgtmnvamasvcjgszzuulfcsxj/Build/Intermediates.noindex/OPS.build/Debug-iphonesimulator/OPS.build/OPS-own-target-headers.hmap -Xcc -I/Users/jacksonsweet/Library/Developer/Xcode/DerivedData/OPS-czavgtmnvamasvcjgszzuulfcsxj/Build/Intermediates.noindex/OPS.build/Debug-iphonesimulator/OPS.build/OPS-all-target-headers.hmap -Xcc -iquote -Xcc /Users/jacksonsweet/Library/Developer/Xcode/DerivedData/OPS-czavgtmnvamasvcjgszzuulfcsxj/Build/Intermediates.noindex/OPS.build/Debug-iphonesimulator/OPS.build/OPS-project-headers.hmap -Xcc -I/Users/jacksonsweet/Library/Developer/Xcode/DerivedData/OPS-czavgtmnvamasvcjgszzuulfcsxj/Build/Products/Debug-iphonesimulator/include -Xcc -I/Users/jacksonsweet/Library/Developer/Xcode/DerivedData/OPS-czavgtmnvamasvcjgszzuulfcsxj/Build/Intermediates.noindex/OPS.build/Debug-iphonesimulator/OPS.build/DerivedSources-normal/arm64 -Xcc -I/Users/jacksonsweet/Library/Developer/Xcode/DerivedData/OPS-czavgtmnvamasvcjgszzuulfcsxj/Build/Intermediates.noindex/OPS.build/Debug-iphonesimulator/OPS.build/DerivedSources/arm64 -Xcc -I/Users/jacksonsweet/Library/Developer/Xcode/DerivedData/OPS-czavgtmnvamasvcjgszzuulfcsxj/Build/Intermediates.noindex/OPS.build/Debug-iphonesimulator/OPS.build/DerivedSources -Xcc -DDEBUG\=1 -module-name OPS -frontend-parseable-output -disable-clang-spi -target-sdk-version 18.2 -target-sdk-name iphonesimulator18.2 -external-plugin-path /Applications/Xcode.app/Contents/Developer/Platforms/iPhoneOS.platform/Developer/usr/lib/swift/host/plugins\#/Applications/Xcode.app/Contents/Developer/Platforms/iPhoneOS.platform/Developer/usr/bin/swift-plugin-server -external-plugin-path /Applications/Xcode.app/Contents/Developer/Platforms/iPhoneOS.platform/Developer/usr/local/lib/swift/host/plugins\#/Applications/Xcode.app/Contents/Developer/Platforms/iPhoneOS.platform/Developer/usr/bin/swift-plugin-server -plugin-path /Applications/Xcode.app/Contents/Developer/Toolchains/XcodeDefault.xctoolchain/usr/lib/swift/host/plugins -plugin-path /Applications/Xcode.app/Contents/Developer/Toolchains/XcodeDefault.xctoolchain/usr/local/lib/swift/host/plugins -o /Users/jacksonsweet/Library/Developer/Xcode/DerivedData/OPS-czavgtmnvamasvcjgszzuulfcsxj/Build/Intermediates.noindex/OPS.build/Debug-iphonesimulator/OPS.build/Objects-normal/arm64/OnboardingContainerView.o -o /Users/jacksonsweet/Library/Developer/Xcode/DerivedData/OPS-czavgtmnvamasvcjgszzuulfcsxj/Build/Intermediates.noindex/OPS.build/Debug-iphonesimulator/OPS.build/Objects-normal/arm64/OnboardingFlowPreview.o -o /Users/jacksonsweet/Library/Developer/Xcode/DerivedData/OPS-czavgtmnvamasvcjgszzuulfcsxj/Build/Intermediates.noindex/OPS.build/Debug-iphonesimulator/OPS.build/Objects-normal/arm64/OnboardingPresenter.o -o /Users/jacksonsweet/Library/Developer/Xcode/DerivedData/OPS-czavgtmnvamasvcjgszzuulfcsxj/Build/Intermediates.noindex/OPS.build/Debug-iphonesimulator/OPS.build/Objects-normal/arm64/OnboardingPreviewHelpers.o -o /Users/jacksonsweet/Library/Developer/Xcode/DerivedData/OPS-czavgtmnvamasvcjgszzuulfcsxj/Build/Intermediates.noindex/OPS.build/Debug-iphonesimulator/OPS.build/Objects-normal/arm64/OPSStyle.o -o /Users/jacksonsweet/Library/Developer/Xcode/DerivedData/OPS-czavgtmnvamasvcjgszzuulfcsxj/Build/Intermediates.noindex/OPS.build/Debug-iphonesimulator/OPS.build/Objects-normal/arm64/AppConfiguration.o -o /Users/jacksonsweet/Library/Developer/Xcode/DerivedData/OPS-czavgtmnvamasvcjgszzuulfcsxj/Build/Intermediates.noindex/OPS.build/Debug-iphonesimulator/OPS.build/Objects-normal/arm64/ArrayTransformer.o -o /Users/jacksonsweet/Library/Developer/Xcode/DerivedData/OPS-czavgtmnvamasvcjgszzuulfcsxj/Build/Intermediates.noindex/OPS.build/Debug-iphonesimulator/OPS.build/Objects-normal/arm64/DataController.o -o /Users/jacksonsweet/Library/Developer/Xcode/DerivedData/OPS-czavgtmnvamasvcjgszzuulfcsxj/Build/Intermediates.noindex/OPS.build/Debug-iphonesimulator/OPS.build/Objects-normal/arm64/Dateformatter\ +Bubble.o -o /Users/jacksonsweet/Library/Developer/Xcode/DerivedData/OPS-czavgtmnvamasvcjgszzuulfcsxj/Build/Intermediates.noindex/OPS.build/Debug-iphonesimulator/OPS.build/Objects-normal/arm64/DateHelper.o -o /Users/jacksonsweet/Library/Developer/Xcode/DerivedData/OPS-czavgtmnvamasvcjgszzuulfcsxj/Build/Intermediates.noindex/OPS.build/Debug-iphonesimulator/OPS.build/Objects-normal/arm64/FieldErrorHandler.o -o /Users/jacksonsweet/Library/Developer/Xcode/DerivedData/OPS-czavgtmnvamasvcjgszzuulfcsxj/Build/Intermediates.noindex/OPS.build/Debug-iphonesimulator/OPS.build/Objects-normal/arm64/ImageCache.o -o /Users/jacksonsweet/Library/Developer/Xcode/DerivedData/OPS-czavgtmnvamasvcjgszzuulfcsxj/Build/Intermediates.noindex/OPS.build/Debug-iphonesimulator/OPS.build/Objects-normal/arm64/ImageFileManager.o -index-unit-output-path /OPS.build/Debug-iphonesimulator/OPS.build/Objects-normal/arm64/OnboardingContainerView.o -index-unit-output-path /OPS.build/Debug-iphonesimulator/OPS.build/Objects-normal/arm64/OnboardingFlowPreview.o -index-unit-output-path /OPS.build/Debug-iphonesimulator/OPS.build/Objects-normal/arm64/OnboardingPresenter.o -index-unit-output-path /OPS.build/Debug-iphonesimulator/OPS.build/Objects-normal/arm64/OnboardingPreviewHelpers.o -index-unit-output-path /OPS.build/Debug-iphonesimulator/OPS.build/Objects-normal/arm64/OPSStyle.o -index-unit-output-path /OPS.build/Debug-iphonesimulator/OPS.build/Objects-normal/arm64/AppConfiguration.o -index-unit-output-path /OPS.build/Debug-iphonesimulator/OPS.build/Objects-normal/arm64/ArrayTransformer.o -index-unit-output-path /OPS.build/Debug-iphonesimulator/OPS.build/Objects-normal/arm64/DataController.o -index-unit-output-path /OPS.build/Debug-iphonesimulator/OPS.build/Objects-normal/arm64/Dateformatter\ +Bubble.o -index-unit-output-path /OPS.build/Debug-iphonesimulator/OPS.build/Objects-normal/arm64/DateHelper.o -index-unit-output-path /OPS.build/Debug-iphonesimulator/OPS.build/Objects-normal/arm64/FieldErrorHandler.o -index-unit-output-path /OPS.build/Debug-iphonesimulator/OPS.build/Objects-normal/arm64/ImageCache.o -index-unit-output-path /OPS.build/Debug-iphonesimulator/OPS.build/Objects-normal/arm64/ImageFileManager.o -index-store-path /Users/jacksonsweet/Library/Developer/Xcode/DerivedData/OPS-czavgtmnvamasvcjgszzuulfcsxj/Index.noindex/DataStore -index-system-modules
/Users/jacksonsweet/Desktop/OPS APP/OPS/OPS/Utilities/ImageFileManager.swift:247:25: warning: initialization of immutable value 'encodedID' was never used; consider replacing with assignment to '_' or removing it
                    let encodedID = encodeRemoteURL(key)
                    ~~~~^~~~~~~~~
                    _

SwiftCompile normal arm64 Compiling\ CalendarToggleView.swift,\ DatePickerPopover.swift,\ DayCell.swift,\ DayProjectSheet.swift,\ ProjectListView.swift,\ MonthGridView.swift,\ AppHeader.swift,\ ExpandableNotesView.swift,\ LocationPermissionView.swift,\ NavigationBanner.swift,\ NavigationControlsView.swift,\ TabBarBackground.swift /Users/jacksonsweet/Desktop/OPS\ APP/OPS/OPS/Views/Calendar\ Tab/Components/CalendarToggleView.swift /Users/jacksonsweet/Desktop/OPS\ APP/OPS/OPS/Views/Calendar\ Tab/Components/DatePickerPopover.swift /Users/jacksonsweet/Desktop/OPS\ APP/OPS/OPS/Views/Calendar\ Tab/Components/DayCell.swift /Users/jacksonsweet/Desktop/OPS\ APP/OPS/OPS/Views/Calendar\ Tab/ProjectViews/DayProjectSheet.swift /Users/jacksonsweet/Desktop/OPS\ APP/OPS/OPS/Views/Calendar\ Tab/ProjectViews/ProjectListView.swift /Users/jacksonsweet/Desktop/OPS\ APP/OPS/OPS/Views/Calendar\ Tab/MonthGridView.swift /Users/jacksonsweet/Desktop/OPS\ APP/OPS/OPS/Views/Components/Common/AppHeader.swift /Users/jacksonsweet/Desktop/OPS\ APP/OPS/OPS/Views/Components/Common/ExpandableNotesView.swift /Users/jacksonsweet/Desktop/OPS\ APP/OPS/OPS/Views/Components/Common/LocationPermissionView.swift /Users/jacksonsweet/Desktop/OPS\ APP/OPS/OPS/Views/Components/Common/NavigationBanner.swift /Users/jacksonsweet/Desktop/OPS\ APP/OPS/OPS/Views/Components/Common/NavigationControlsView.swift /Users/jacksonsweet/Desktop/OPS\ APP/OPS/OPS/Views/Components/Common/TabBarBackground.swift (in target 'OPS' from project 'OPS')
    cd /Users/jacksonsweet/Desktop/OPS\ APP/OPS
    builtin-swiftTaskExecution -- /Applications/Xcode.app/Contents/Developer/Toolchains/XcodeDefault.xctoolchain/usr/bin/swift-frontend -frontend -c /Users/jacksonsweet/Desktop/OPS\ APP/OPS/OPS/DataModels/BubbleImage.swift /Users/jacksonsweet/Desktop/OPS\ APP/OPS/OPS/DataModels/BubbleTypes.swift /Users/jacksonsweet/Desktop/OPS\ APP/OPS/OPS/DataModels/Company.swift /Users/jacksonsweet/Desktop/OPS\ APP/OPS/OPS/DataModels/Project.swift /Users/jacksonsweet/Desktop/OPS\ APP/OPS/OPS/DataModels/Status.swift /Users/jacksonsweet/Desktop/OPS\ APP/OPS/OPS/DataModels/User.swift /Users/jacksonsweet/Desktop/OPS\ APP/OPS/OPS/DataModels/UserRole.swift /Users/jacksonsweet/Desktop/OPS\ APP/OPS/OPS/Extensions/UIImage+Extensions.swift /Users/jacksonsweet/Desktop/OPS\ APP/OPS/OPS/Network/API/APIError.swift /Users/jacksonsweet/Desktop/OPS\ APP/OPS/OPS/Network/API/APIService.swift /Users/jacksonsweet/Desktop/OPS\ APP/OPS/OPS/Network/API/BubbleFields.swift /Users/jacksonsweet/Desktop/OPS\ APP/OPS/OPS/Network/Auth/AuthError.swift /Users/jacksonsweet/Desktop/OPS\ APP/OPS/OPS/Network/Auth/AuthManager.swift /Users/jacksonsweet/Desktop/OPS\ APP/OPS/OPS/Network/Auth/KeychainManager.swift /Users/jacksonsweet/Desktop/OPS\ APP/OPS/OPS/Network/DTOs/CompanyDTO.swift /Users/jacksonsweet/Desktop/OPS\ APP/OPS/OPS/Network/DTOs/ProjectDTO.swift /Users/jacksonsweet/Desktop/OPS\ APP/OPS/OPS/Network/DTOs/UserDTO.swift /Users/jacksonsweet/Desktop/OPS\ APP/OPS/OPS/Network/Endpoints/CompanyEndpoints.swift /Users/jacksonsweet/Desktop/OPS\ APP/OPS/OPS/Network/Endpoints/ProjectEndpoints.swift /Users/jacksonsweet/Desktop/OPS\ APP/OPS/OPS/Network/Endpoints/UserEndpoints.swift /Users/jacksonsweet/Desktop/OPS\ APP/OPS/OPS/Network/Sync/BackgroundTaskManager.swift /Users/jacksonsweet/Desktop/OPS\ APP/OPS/OPS/Network/Sync/SyncManager.swift /Users/jacksonsweet/Desktop/OPS\ APP/OPS/OPS/Network/ConnectivityMonitor.swift /Users/jacksonsweet/Desktop/OPS\ APP/OPS/OPS/Network/ImageSyncManager.swift /Users/jacksonsweet/Desktop/OPS\ APP/OPS/OPS/Onboarding/Coordinators/OnboardingCoordinator.swift /Users/jacksonsweet/Desktop/OPS\ APP/OPS/OPS/Onboarding/Models/OnboardingModels.swift /Users/jacksonsweet/Desktop/OPS\ APP/OPS/OPS/Onboarding/Services/OnboardingService.swift /Users/jacksonsweet/Desktop/OPS\ APP/OPS/OPS/Onboarding/ViewModels/OnboardingViewModel.swift /Users/jacksonsweet/Desktop/OPS\ APP/OPS/OPS/Onboarding/Views/Components/OnboardingComponents.swift /Users/jacksonsweet/Desktop/OPS\ APP/OPS/OPS/Onboarding/Views/Screens/AccountCreatedView.swift /Users/jacksonsweet/Desktop/OPS\ APP/OPS/OPS/Onboarding/Views/Screens/CompanyCodeView.swift /Users/jacksonsweet/Desktop/OPS\ APP/OPS/OPS/Onboarding/Views/Screens/CompanyCodeViewPreview.swift /Users/jacksonsweet/Desktop/OPS\ APP/OPS/OPS/Onboarding/Views/Screens/CompletionView.swift /Users/jacksonsweet/Desktop/OPS\ APP/OPS/OPS/Onboarding/Views/Screens/CompletionViewPreview.swift /Users/jacksonsweet/Desktop/OPS\ APP/OPS/OPS/Onboarding/Views/Screens/EmailView.swift /Users/jacksonsweet/Desktop/OPS\ APP/OPS/OPS/Onboarding/Views/Screens/FieldSetupView.swift /Users/jacksonsweet/Desktop/OPS\ APP/OPS/OPS/Onboarding/Views/Screens/NotificationsView.swift /Users/jacksonsweet/Desktop/OPS\ APP/OPS/OPS/Onboarding/Views/Screens/NotificationsViewPreview.swift /Users/jacksonsweet/Desktop/OPS\ APP/OPS/OPS/Onboarding/Views/Screens/OrganizationJoinView.swift /Users/jacksonsweet/Desktop/OPS\ APP/OPS/OPS/Onboarding/Views/Screens/PasswordView.swift /Users/jacksonsweet/Desktop/OPS\ APP/OPS/OPS/Onboarding/Views/Screens/PasswordViewPreview.swift /Users/jacksonsweet/Desktop/OPS\ APP/OPS/OPS/Onboarding/Views/Screens/PermissionsView.swift /Users/jacksonsweet/Desktop/OPS\ APP/OPS/OPS/Onboarding/Views/Screens/PermissionsViewPreview.swift /Users/jacksonsweet/Desktop/OPS\ APP/OPS/OPS/Onboarding/Views/Screens/PhoneNumberView.swift /Users/jacksonsweet/Desktop/OPS\ APP/OPS/OPS/Onboarding/Views/Screens/PhoneNumberViewPreview.swift /Users/jacksonsweet/Desktop/OPS\ APP/OPS/OPS/Onboarding/Views/Screens/UserInfoView.swift /Users/jacksonsweet/Desktop/OPS\ APP/OPS/OPS/Onboarding/Views/Screens/UserInfoViewPreview.swift /Users/jacksonsweet/Desktop/OPS\ APP/OPS/OPS/Onboarding/Views/Screens/VerifyPhoneView.swift /Users/jacksonsweet/Desktop/OPS\ APP/OPS/OPS/Onboarding/Views/Screens/WelcomeCompanyView.swift /Users/jacksonsweet/Desktop/OPS\ APP/OPS/OPS/Onboarding/Views/Screens/WelcomeCompanyViewPreview.swift /Users/jacksonsweet/Desktop/OPS\ APP/OPS/OPS/Onboarding/Views/Screens/WelcomeView.swift /Users/jacksonsweet/Desktop/OPS\ APP/OPS/OPS/Onboarding/Views/Screens/WelcomeViewPreview.swift /Users/jacksonsweet/Desktop/OPS\ APP/OPS/OPS/Onboarding/Views/OnboardingContainerView.swift /Users/jacksonsweet/Desktop/OPS\ APP/OPS/OPS/Onboarding/Views/OnboardingFlowPreview.swift /Users/jacksonsweet/Desktop/OPS\ APP/OPS/OPS/Onboarding/Views/OnboardingPresenter.swift /Users/jacksonsweet/Desktop/OPS\ APP/OPS/OPS/Onboarding/Views/OnboardingPreviewHelpers.swift /Users/jacksonsweet/Desktop/OPS\ APP/OPS/OPS/Styles/OPSStyle.swift /Users/jacksonsweet/Desktop/OPS\ APP/OPS/OPS/Utilities/AppConfiguration.swift /Users/jacksonsweet/Desktop/OPS\ APP/OPS/OPS/Utilities/ArrayTransformer.swift /Users/jacksonsweet/Desktop/OPS\ APP/OPS/OPS/Utilities/DataController.swift /Users/jacksonsweet/Desktop/OPS\ APP/OPS/OPS/Utilities/Dateformatter\ +Bubble.swift /Users/jacksonsweet/Desktop/OPS\ APP/OPS/OPS/Utilities/DateHelper.swift /Users/jacksonsweet/Desktop/OPS\ APP/OPS/OPS/Utilities/FieldErrorHandler.swift /Users/jacksonsweet/Desktop/OPS\ APP/OPS/OPS/Utilities/ImageCache.swift /Users/jacksonsweet/Desktop/OPS\ APP/OPS/OPS/Utilities/ImageFileManager.swift /Users/jacksonsweet/Desktop/OPS\ APP/OPS/OPS/Utilities/InProgressManager.swift /Users/jacksonsweet/Desktop/OPS\ APP/OPS/OPS/Utilities/KeyboardDismissalModifier.swift /Users/jacksonsweet/Desktop/OPS\ APP/OPS/OPS/Utilities/LocationManager.swift /Users/jacksonsweet/Desktop/OPS\ APP/OPS/OPS/Utilities/OnboardingEnvironmentKey.swift /Users/jacksonsweet/Desktop/OPS\ APP/OPS/OPS/Utilities/SwiftDataHelper.swift /Users/jacksonsweet/Desktop/OPS\ APP/OPS/OPS/Utilities/UIComponents.swift /Users/jacksonsweet/Desktop/OPS\ APP/OPS/OPS/V2/CertificationsSettingsView.swift /Users/jacksonsweet/Desktop/OPS\ APP/OPS/OPS/ViewModels/CalendarViewModel.swift /Users/jacksonsweet/Desktop/OPS\ APP/OPS/OPS/ViewModels/ProjectsViewModel.swift /Users/jacksonsweet/Desktop/OPS\ APP/OPS/OPS/Views/Calendar\ Tab/Components/CalendarDaySelector.swift /Users/jacksonsweet/Desktop/OPS\ APP/OPS/OPS/Views/Calendar\ Tab/Components/CalendarHeaderView.swift /Users/jacksonsweet/Desktop/OPS\ APP/OPS/OPS/Views/Calendar\ Tab/Components/CalendarProjectCard.swift -primary-file /Users/jacksonsweet/Desktop/OPS\ APP/OPS/OPS/Views/Calendar\ Tab/Components/CalendarToggleView.swift -primary-file /Users/jacksonsweet/Desktop/OPS\ APP/OPS/OPS/Views/Calendar\ Tab/Components/DatePickerPopover.swift -primary-file /Users/jacksonsweet/Desktop/OPS\ APP/OPS/OPS/Views/Calendar\ Tab/Components/DayCell.swift -primary-file /Users/jacksonsweet/Desktop/OPS\ APP/OPS/OPS/Views/Calendar\ Tab/ProjectViews/DayProjectSheet.swift -primary-file /Users/jacksonsweet/Desktop/OPS\ APP/OPS/OPS/Views/Calendar\ Tab/ProjectViews/ProjectListView.swift -primary-file /Users/jacksonsweet/Desktop/OPS\ APP/OPS/OPS/Views/Calendar\ Tab/MonthGridView.swift -primary-file /Users/jacksonsweet/Desktop/OPS\ APP/OPS/OPS/Views/Components/Common/AppHeader.swift -primary-file /Users/jacksonsweet/Desktop/OPS\ APP/OPS/OPS/Views/Components/Common/ExpandableNotesView.swift -primary-file /Users/jacksonsweet/Desktop/OPS\ APP/OPS/OPS/Views/Components/Common/LocationPermissionView.swift -primary-file /Users/jacksonsweet/Desktop/OPS\ APP/OPS/OPS/Views/Components/Common/NavigationBanner.swift -primary-file /Users/jacksonsweet/Desktop/OPS\ APP/OPS/OPS/Views/Components/Common/NavigationControlsView.swift -primary-file /Users/jacksonsweet/Desktop/OPS\ APP/OPS/OPS/Views/Components/Common/TabBarBackground.swift /Users/jacksonsweet/Desktop/OPS\ APP/OPS/OPS/Views/Components/Images/ImagePicker.swift /Users/jacksonsweet/Desktop/OPS\ APP/OPS/OPS/Views/Components/Images/ImagePickerView.swift /Users/jacksonsweet/Desktop/OPS\ APP/OPS/OPS/Views/Components/Images/ProjectImagesSection.swift /Users/jacksonsweet/Desktop/OPS\ APP/OPS/OPS/Views/Components/Images/ProjectImagesSimple.swift /Users/jacksonsweet/Desktop/OPS\ APP/OPS/OPS/Views/Components/Images/ProjectImageView.swift /Users/jacksonsweet/Desktop/OPS\ APP/OPS/OPS/Views/Components/Images/ProjectPhotosGrid.swift /Users/jacksonsweet/Desktop/OPS\ APP/OPS/OPS/Views/Components/Map/MiniMapView.swift /Users/jacksonsweet/Desktop/OPS\ APP/OPS/OPS/Views/Components/Map/ProjectMapAnnotation.swift /Users/jacksonsweet/Desktop/OPS\ APP/OPS/OPS/Views/Components/Map/ProjectMapView.swift /Users/jacksonsweet/Desktop/OPS\ APP/OPS/OPS/Views/Components/Map/ProjectMarkerPopup.swift /Users/jacksonsweet/Desktop/OPS\ APP/OPS/OPS/Views/Components/Map/RouteDirectionsView.swift /Users/jacksonsweet/Desktop/OPS\ APP/OPS/OPS/Views/Components/Project/ProjectActionBar.swift /Users/jacksonsweet/Desktop/OPS\ APP/OPS/OPS/Views/Components/Project/ProjectCard.swift /Users/jacksonsweet/Desktop/OPS\ APP/OPS/OPS/Views/Components/Project/ProjectCarousel.swift /Users/jacksonsweet/Desktop/OPS\ APP/OPS/OPS/Views/Components/Project/ProjectDetailsView.swift /Users/jacksonsweet/Desktop/OPS\ APP/OPS/OPS/Views/Components/Project/ProjectHeader.swift /Users/jacksonsweet/Desktop/OPS\ APP/OPS/OPS/Views/Components/Project/ProjectSheetContainer.swift /Users/jacksonsweet/Desktop/OPS\ APP/OPS/OPS/Views/Components/User/TeamMemberListView.swift /Users/jacksonsweet/Desktop/OPS\ APP/OPS/OPS/Views/Components/User/UserProfileCard.swift /Users/jacksonsweet/Desktop/OPS\ APP/OPS/OPS/Views/Home/HomeContentView.swift /Users/jacksonsweet/Desktop/OPS\ APP/OPS/OPS/Views/Home/HomeView.swift /Users/jacksonsweet/Desktop/OPS\ APP/OPS/OPS/Views/Settings/OrganizationSettingsView.swift /Users/jacksonsweet/Desktop/OPS\ APP/OPS/OPS/Views/Settings/ProfileSettingsView.swift /Users/jacksonsweet/Desktop/OPS\ APP/OPS/OPS/Views/Settings/ProjectHistorySettingsView.swift /Users/jacksonsweet/Desktop/OPS\ APP/OPS/OPS/Views/LoginView.swift /Users/jacksonsweet/Desktop/OPS\ APP/OPS/OPS/Views/LoginViewPreview.swift /Users/jacksonsweet/Desktop/OPS\ APP/OPS/OPS/Views/MainTabView.swift /Users/jacksonsweet/Desktop/OPS\ APP/OPS/OPS/Views/NetworkStatusIndicator.swift /Users/jacksonsweet/Desktop/OPS\ APP/OPS/OPS/Views/ScheduleView.swift /Users/jacksonsweet/Desktop/OPS\ APP/OPS/OPS/Views/SettingsView.swift /Users/jacksonsweet/Desktop/OPS\ APP/OPS/OPS/Views/SplashScreen.swift /Users/jacksonsweet/Desktop/OPS\ APP/OPS/OPS/AppState.swift /Users/jacksonsweet/Desktop/OPS\ APP/OPS/OPS/ContentView.swift /Users/jacksonsweet/Desktop/OPS\ APP/OPS/OPS/Item.swift /Users/jacksonsweet/Desktop/OPS\ APP/OPS/OPS/OPSApp.swift /Users/jacksonsweet/Library/Developer/Xcode/DerivedData/OPS-czavgtmnvamasvcjgszzuulfcsxj/Build/Intermediates.noindex/OPS.build/Debug-iphonesimulator/OPS.build/DerivedSources/GeneratedAssetSymbols.swift -supplementary-output-file-map /Users/jacksonsweet/Library/Developer/Xcode/DerivedData/OPS-czavgtmnvamasvcjgszzuulfcsxj/Build/Intermediates.noindex/OPS.build/Debug-iphonesimulator/OPS.build/Objects-normal/arm64/supplementaryOutputs-7 -emit-localized-strings -emit-localized-strings-path /Users/jacksonsweet/Library/Developer/Xcode/DerivedData/OPS-czavgtmnvamasvcjgszzuulfcsxj/Build/Intermediates.noindex/OPS.build/Debug-iphonesimulator/OPS.build/Objects-normal/arm64 -target arm64-apple-ios18.2-simulator -Xllvm -aarch64-use-tbi -enable-objc-interop -sdk /Applications/Xcode.app/Contents/Developer/Platforms/iPhoneSimulator.platform/Developer/SDKs/iPhoneSimulator18.2.sdk -I /Users/jacksonsweet/Library/Developer/Xcode/DerivedData/OPS-czavgtmnvamasvcjgszzuulfcsxj/Build/Products/Debug-iphonesimulator -F /Users/jacksonsweet/Library/Developer/Xcode/DerivedData/OPS-czavgtmnvamasvcjgszzuulfcsxj/Build/Products/Debug-iphonesimulator -no-color-diagnostics -enable-testing -g -debug-info-format\=dwarf -dwarf-version\=5 -module-cache-path /Users/jacksonsweet/Library/Developer/Xcode/DerivedData/ModuleCache.noindex -profile-generate -profile-coverage-mapping -swift-version 5 -enforce-exclusivity\=checked -Onone -D DEBUG -serialize-debugging-options -const-gather-protocols-file /Users/jacksonsweet/Library/Developer/Xcode/DerivedData/OPS-czavgtmnvamasvcjgszzuulfcsxj/Build/Intermediates.noindex/OPS.build/Debug-iphonesimulator/OPS.build/Objects-normal/arm64/OPS_const_extract_protocols.json -enable-experimental-feature DebugDescriptionMacro -enable-experimental-feature OpaqueTypeErasure -enable-bare-slash-regex -empty-abi-descriptor -validate-clang-modules-once -clang-build-session-file /Users/jacksonsweet/Library/Developer/Xcode/DerivedData/ModuleCache.noindex/Session.modulevalidation -Xcc -working-directory -Xcc /Users/jacksonsweet/Desktop/OPS\ APP/OPS -resource-dir /Applications/Xcode.app/Contents/Developer/Toolchains/XcodeDefault.xctoolchain/usr/lib/swift -enable-anonymous-context-mangled-names -file-compilation-dir /Users/jacksonsweet/Desktop/OPS\ APP/OPS -Xcc -D_LIBCPP_HARDENING_MODE\=_LIBCPP_HARDENING_MODE_DEBUG -Xcc -ivfsstatcache -Xcc /Users/jacksonsweet/Library/Developer/Xcode/DerivedData/SDKStatCaches.noindex/iphonesimulator18.2-22C146-07b28473f605e47e75261259d3ef3b5a.sdkstatcache -Xcc -I/Users/jacksonsweet/Library/Developer/Xcode/DerivedData/OPS-czavgtmnvamasvcjgszzuulfcsxj/Build/Intermediates.noindex/OPS.build/Debug-iphonesimulator/OPS.build/swift-overrides.hmap -Xcc -iquote -Xcc /Users/jacksonsweet/Library/Developer/Xcode/DerivedData/OPS-czavgtmnvamasvcjgszzuulfcsxj/Build/Intermediates.noindex/OPS.build/Debug-iphonesimulator/OPS.build/OPS-generated-files.hmap -Xcc -I/Users/jacksonsweet/Library/Developer/Xcode/DerivedData/OPS-czavgtmnvamasvcjgszzuulfcsxj/Build/Intermediates.noindex/OPS.build/Debug-iphonesimulator/OPS.build/OPS-own-target-headers.hmap -Xcc -I/Users/jacksonsweet/Library/Developer/Xcode/DerivedData/OPS-czavgtmnvamasvcjgszzuulfcsxj/Build/Intermediates.noindex/OPS.build/Debug-iphonesimulator/OPS.build/OPS-all-target-headers.hmap -Xcc -iquote -Xcc /Users/jacksonsweet/Library/Developer/Xcode/DerivedData/OPS-czavgtmnvamasvcjgszzuulfcsxj/Build/Intermediates.noindex/OPS.build/Debug-iphonesimulator/OPS.build/OPS-project-headers.hmap -Xcc -I/Users/jacksonsweet/Library/Developer/Xcode/DerivedData/OPS-czavgtmnvamasvcjgszzuulfcsxj/Build/Products/Debug-iphonesimulator/include -Xcc -I/Users/jacksonsweet/Library/Developer/Xcode/DerivedData/OPS-czavgtmnvamasvcjgszzuulfcsxj/Build/Intermediates.noindex/OPS.build/Debug-iphonesimulator/OPS.build/DerivedSources-normal/arm64 -Xcc -I/Users/jacksonsweet/Library/Developer/Xcode/DerivedData/OPS-czavgtmnvamasvcjgszzuulfcsxj/Build/Intermediates.noindex/OPS.build/Debug-iphonesimulator/OPS.build/DerivedSources/arm64 -Xcc -I/Users/jacksonsweet/Library/Developer/Xcode/DerivedData/OPS-czavgtmnvamasvcjgszzuulfcsxj/Build/Intermediates.noindex/OPS.build/Debug-iphonesimulator/OPS.build/DerivedSources -Xcc -DDEBUG\=1 -module-name OPS -frontend-parseable-output -disable-clang-spi -target-sdk-version 18.2 -target-sdk-name iphonesimulator18.2 -external-plugin-path /Applications/Xcode.app/Contents/Developer/Platforms/iPhoneOS.platform/Developer/usr/lib/swift/host/plugins\#/Applications/Xcode.app/Contents/Developer/Platforms/iPhoneOS.platform/Developer/usr/bin/swift-plugin-server -external-plugin-path /Applications/Xcode.app/Contents/Developer/Platforms/iPhoneOS.platform/Developer/usr/local/lib/swift/host/plugins\#/Applications/Xcode.app/Contents/Developer/Platforms/iPhoneOS.platform/Developer/usr/bin/swift-plugin-server -plugin-path /Applications/Xcode.app/Contents/Developer/Toolchains/XcodeDefault.xctoolchain/usr/lib/swift/host/plugins -plugin-path /Applications/Xcode.app/Contents/Developer/Toolchains/XcodeDefault.xctoolchain/usr/local/lib/swift/host/plugins -o /Users/jacksonsweet/Library/Developer/Xcode/DerivedData/OPS-czavgtmnvamasvcjgszzuulfcsxj/Build/Intermediates.noindex/OPS.build/Debug-iphonesimulator/OPS.build/Objects-normal/arm64/CalendarToggleView.o -o /Users/jacksonsweet/Library/Developer/Xcode/DerivedData/OPS-czavgtmnvamasvcjgszzuulfcsxj/Build/Intermediates.noindex/OPS.build/Debug-iphonesimulator/OPS.build/Objects-normal/arm64/DatePickerPopover.o -o /Users/jacksonsweet/Library/Developer/Xcode/DerivedData/OPS-czavgtmnvamasvcjgszzuulfcsxj/Build/Intermediates.noindex/OPS.build/Debug-iphonesimulator/OPS.build/Objects-normal/arm64/DayCell.o -o /Users/jacksonsweet/Library/Developer/Xcode/DerivedData/OPS-czavgtmnvamasvcjgszzuulfcsxj/Build/Intermediates.noindex/OPS.build/Debug-iphonesimulator/OPS.build/Objects-normal/arm64/DayProjectSheet.o -o /Users/jacksonsweet/Library/Developer/Xcode/DerivedData/OPS-czavgtmnvamasvcjgszzuulfcsxj/Build/Intermediates.noindex/OPS.build/Debug-iphonesimulator/OPS.build/Objects-normal/arm64/ProjectListView.o -o /Users/jacksonsweet/Library/Developer/Xcode/DerivedData/OPS-czavgtmnvamasvcjgszzuulfcsxj/Build/Intermediates.noindex/OPS.build/Debug-iphonesimulator/OPS.build/Objects-normal/arm64/MonthGridView.o -o /Users/jacksonsweet/Library/Developer/Xcode/DerivedData/OPS-czavgtmnvamasvcjgszzuulfcsxj/Build/Intermediates.noindex/OPS.build/Debug-iphonesimulator/OPS.build/Objects-normal/arm64/AppHeader.o -o /Users/jacksonsweet/Library/Developer/Xcode/DerivedData/OPS-czavgtmnvamasvcjgszzuulfcsxj/Build/Intermediates.noindex/OPS.build/Debug-iphonesimulator/OPS.build/Objects-normal/arm64/ExpandableNotesView.o -o /Users/jacksonsweet/Library/Developer/Xcode/DerivedData/OPS-czavgtmnvamasvcjgszzuulfcsxj/Build/Intermediates.noindex/OPS.build/Debug-iphonesimulator/OPS.build/Objects-normal/arm64/LocationPermissionView.o -o /Users/jacksonsweet/Library/Developer/Xcode/DerivedData/OPS-czavgtmnvamasvcjgszzuulfcsxj/Build/Intermediates.noindex/OPS.build/Debug-iphonesimulator/OPS.build/Objects-normal/arm64/NavigationBanner.o -o /Users/jacksonsweet/Library/Developer/Xcode/DerivedData/OPS-czavgtmnvamasvcjgszzuulfcsxj/Build/Intermediates.noindex/OPS.build/Debug-iphonesimulator/OPS.build/Objects-normal/arm64/NavigationControlsView.o -o /Users/jacksonsweet/Library/Developer/Xcode/DerivedData/OPS-czavgtmnvamasvcjgszzuulfcsxj/Build/Intermediates.noindex/OPS.build/Debug-iphonesimulator/OPS.build/Objects-normal/arm64/TabBarBackground.o -index-unit-output-path /OPS.build/Debug-iphonesimulator/OPS.build/Objects-normal/arm64/CalendarToggleView.o -index-unit-output-path /OPS.build/Debug-iphonesimulator/OPS.build/Objects-normal/arm64/DatePickerPopover.o -index-unit-output-path /OPS.build/Debug-iphonesimulator/OPS.build/Objects-normal/arm64/DayCell.o -index-unit-output-path /OPS.build/Debug-iphonesimulator/OPS.build/Objects-normal/arm64/DayProjectSheet.o -index-unit-output-path /OPS.build/Debug-iphonesimulator/OPS.build/Objects-normal/arm64/ProjectListView.o -index-unit-output-path /OPS.build/Debug-iphonesimulator/OPS.build/Objects-normal/arm64/MonthGridView.o -index-unit-output-path /OPS.build/Debug-iphonesimulator/OPS.build/Objects-normal/arm64/AppHeader.o -index-unit-output-path /OPS.build/Debug-iphonesimulator/OPS.build/Objects-normal/arm64/ExpandableNotesView.o -index-unit-output-path /OPS.build/Debug-iphonesimulator/OPS.build/Objects-normal/arm64/LocationPermissionView.o -index-unit-output-path /OPS.build/Debug-iphonesimulator/OPS.build/Objects-normal/arm64/NavigationBanner.o -index-unit-output-path /OPS.build/Debug-iphonesimulator/OPS.build/Objects-normal/arm64/NavigationControlsView.o -index-unit-output-path /OPS.build/Debug-iphonesimulator/OPS.build/Objects-normal/arm64/TabBarBackground.o -index-store-path /Users/jacksonsweet/Library/Developer/Xcode/DerivedData/OPS-czavgtmnvamasvcjgszzuulfcsxj/Index.noindex/DataStore -index-system-modules

SwiftCompile normal arm64 /Users/jacksonsweet/Desktop/OPS\ APP/OPS/OPS/Views/Calendar\ Tab/Components/CalendarToggleView.swift (in target 'OPS' from project 'OPS')
    cd /Users/jacksonsweet/Desktop/OPS\ APP/OPS
    /Applications/Xcode.app/Contents/Developer/Toolchains/XcodeDefault.xctoolchain/usr/bin/swift-frontend -c /Users/jacksonsweet/Desktop/OPS\ APP/OPS/OPS/DataModels/BubbleImage.swift /Users/jacksonsweet/Desktop/OPS\ APP/OPS/OPS/DataModels/BubbleTypes.swift /Users/jacksonsweet/Desktop/OPS\ APP/OPS/OPS/DataModels/Company.swift /Users/jacksonsweet/Desktop/OPS\ APP/OPS/OPS/DataModels/Project.swift /Users/jacksonsweet/Desktop/OPS\ APP/OPS/OPS/DataModels/Status.swift /Users/jacksonsweet/Desktop/OPS\ APP/OPS/OPS/DataModels/User.swift /Users/jacksonsweet/Desktop/OPS\ APP/OPS/OPS/DataModels/UserRole.swift /Users/jacksonsweet/Desktop/OPS\ APP/OPS/OPS/Extensions/UIImage+Extensions.swift /Users/jacksonsweet/Desktop/OPS\ APP/OPS/OPS/Network/API/APIError.swift /Users/jacksonsweet/Desktop/OPS\ APP/OPS/OPS/Network/API/APIService.swift /Users/jacksonsweet/Desktop/OPS\ APP/OPS/OPS/Network/API/BubbleFields.swift /Users/jacksonsweet/Desktop/OPS\ APP/OPS/OPS/Network/Auth/AuthError.swift /Users/jacksonsweet/Desktop/OPS\ APP/OPS/OPS/Network/Auth/AuthManager.swift /Users/jacksonsweet/Desktop/OPS\ APP/OPS/OPS/Network/Auth/KeychainManager.swift /Users/jacksonsweet/Desktop/OPS\ APP/OPS/OPS/Network/DTOs/CompanyDTO.swift /Users/jacksonsweet/Desktop/OPS\ APP/OPS/OPS/Network/DTOs/ProjectDTO.swift /Users/jacksonsweet/Desktop/OPS\ APP/OPS/OPS/Network/DTOs/UserDTO.swift /Users/jacksonsweet/Desktop/OPS\ APP/OPS/OPS/Network/Endpoints/CompanyEndpoints.swift /Users/jacksonsweet/Desktop/OPS\ APP/OPS/OPS/Network/Endpoints/ProjectEndpoints.swift /Users/jacksonsweet/Desktop/OPS\ APP/OPS/OPS/Network/Endpoints/UserEndpoints.swift /Users/jacksonsweet/Desktop/OPS\ APP/OPS/OPS/Network/Sync/BackgroundTaskManager.swift /Users/jacksonsweet/Desktop/OPS\ APP/OPS/OPS/Network/Sync/SyncManager.swift /Users/jacksonsweet/Desktop/OPS\ APP/OPS/OPS/Network/ConnectivityMonitor.swift /Users/jacksonsweet/Desktop/OPS\ APP/OPS/OPS/Network/ImageSyncManager.swift /Users/jacksonsweet/Desktop/OPS\ APP/OPS/OPS/Onboarding/Coordinators/OnboardingCoordinator.swift /Users/jacksonsweet/Desktop/OPS\ APP/OPS/OPS/Onboarding/Models/OnboardingModels.swift /Users/jacksonsweet/Desktop/OPS\ APP/OPS/OPS/Onboarding/Services/OnboardingService.swift /Users/jacksonsweet/Desktop/OPS\ APP/OPS/OPS/Onboarding/ViewModels/OnboardingViewModel.swift /Users/jacksonsweet/Desktop/OPS\ APP/OPS/OPS/Onboarding/Views/Components/OnboardingComponents.swift /Users/jacksonsweet/Desktop/OPS\ APP/OPS/OPS/Onboarding/Views/Screens/AccountCreatedView.swift /Users/jacksonsweet/Desktop/OPS\ APP/OPS/OPS/Onboarding/Views/Screens/CompanyCodeView.swift /Users/jacksonsweet/Desktop/OPS\ APP/OPS/OPS/Onboarding/Views/Screens/CompanyCodeViewPreview.swift /Users/jacksonsweet/Desktop/OPS\ APP/OPS/OPS/Onboarding/Views/Screens/CompletionView.swift /Users/jacksonsweet/Desktop/OPS\ APP/OPS/OPS/Onboarding/Views/Screens/CompletionViewPreview.swift /Users/jacksonsweet/Desktop/OPS\ APP/OPS/OPS/Onboarding/Views/Screens/EmailView.swift /Users/jacksonsweet/Desktop/OPS\ APP/OPS/OPS/Onboarding/Views/Screens/FieldSetupView.swift /Users/jacksonsweet/Desktop/OPS\ APP/OPS/OPS/Onboarding/Views/Screens/NotificationsView.swift /Users/jacksonsweet/Desktop/OPS\ APP/OPS/OPS/Onboarding/Views/Screens/NotificationsViewPreview.swift /Users/jacksonsweet/Desktop/OPS\ APP/OPS/OPS/Onboarding/Views/Screens/OrganizationJoinView.swift /Users/jacksonsweet/Desktop/OPS\ APP/OPS/OPS/Onboarding/Views/Screens/PasswordView.swift /Users/jacksonsweet/Desktop/OPS\ APP/OPS/OPS/Onboarding/Views/Screens/PasswordViewPreview.swift /Users/jacksonsweet/Desktop/OPS\ APP/OPS/OPS/Onboarding/Views/Screens/PermissionsView.swift /Users/jacksonsweet/Desktop/OPS\ APP/OPS/OPS/Onboarding/Views/Screens/PermissionsViewPreview.swift /Users/jacksonsweet/Desktop/OPS\ APP/OPS/OPS/Onboarding/Views/Screens/PhoneNumberView.swift /Users/jacksonsweet/Desktop/OPS\ APP/OPS/OPS/Onboarding/Views/Screens/PhoneNumberViewPreview.swift /Users/jacksonsweet/Desktop/OPS\ APP/OPS/OPS/Onboarding/Views/Screens/UserInfoView.swift /Users/jacksonsweet/Desktop/OPS\ APP/OPS/OPS/Onboarding/Views/Screens/UserInfoViewPreview.swift /Users/jacksonsweet/Desktop/OPS\ APP/OPS/OPS/Onboarding/Views/Screens/VerifyPhoneView.swift /Users/jacksonsweet/Desktop/OPS\ APP/OPS/OPS/Onboarding/Views/Screens/WelcomeCompanyView.swift /Users/jacksonsweet/Desktop/OPS\ APP/OPS/OPS/Onboarding/Views/Screens/WelcomeCompanyViewPreview.swift /Users/jacksonsweet/Desktop/OPS\ APP/OPS/OPS/Onboarding/Views/Screens/WelcomeView.swift /Users/jacksonsweet/Desktop/OPS\ APP/OPS/OPS/Onboarding/Views/Screens/WelcomeViewPreview.swift /Users/jacksonsweet/Desktop/OPS\ APP/OPS/OPS/Onboarding/Views/OnboardingContainerView.swift /Users/jacksonsweet/Desktop/OPS\ APP/OPS/OPS/Onboarding/Views/OnboardingFlowPreview.swift /Users/jacksonsweet/Desktop/OPS\ APP/OPS/OPS/Onboarding/Views/OnboardingPresenter.swift /Users/jacksonsweet/Desktop/OPS\ APP/OPS/OPS/Onboarding/Views/OnboardingPreviewHelpers.swift /Users/jacksonsweet/Desktop/OPS\ APP/OPS/OPS/Styles/OPSStyle.swift /Users/jacksonsweet/Desktop/OPS\ APP/OPS/OPS/Utilities/AppConfiguration.swift /Users/jacksonsweet/Desktop/OPS\ APP/OPS/OPS/Utilities/ArrayTransformer.swift /Users/jacksonsweet/Desktop/OPS\ APP/OPS/OPS/Utilities/DataController.swift /Users/jacksonsweet/Desktop/OPS\ APP/OPS/OPS/Utilities/Dateformatter\ +Bubble.swift /Users/jacksonsweet/Desktop/OPS\ APP/OPS/OPS/Utilities/DateHelper.swift /Users/jacksonsweet/Desktop/OPS\ APP/OPS/OPS/Utilities/FieldErrorHandler.swift /Users/jacksonsweet/Desktop/OPS\ APP/OPS/OPS/Utilities/ImageCache.swift /Users/jacksonsweet/Desktop/OPS\ APP/OPS/OPS/Utilities/ImageFileManager.swift /Users/jacksonsweet/Desktop/OPS\ APP/OPS/OPS/Utilities/InProgressManager.swift /Users/jacksonsweet/Desktop/OPS\ APP/OPS/OPS/Utilities/KeyboardDismissalModifier.swift /Users/jacksonsweet/Desktop/OPS\ APP/OPS/OPS/Utilities/LocationManager.swift /Users/jacksonsweet/Desktop/OPS\ APP/OPS/OPS/Utilities/OnboardingEnvironmentKey.swift /Users/jacksonsweet/Desktop/OPS\ APP/OPS/OPS/Utilities/SwiftDataHelper.swift /Users/jacksonsweet/Desktop/OPS\ APP/OPS/OPS/Utilities/UIComponents.swift /Users/jacksonsweet/Desktop/OPS\ APP/OPS/OPS/V2/CertificationsSettingsView.swift /Users/jacksonsweet/Desktop/OPS\ APP/OPS/OPS/ViewModels/CalendarViewModel.swift /Users/jacksonsweet/Desktop/OPS\ APP/OPS/OPS/ViewModels/ProjectsViewModel.swift /Users/jacksonsweet/Desktop/OPS\ APP/OPS/OPS/Views/Calendar\ Tab/Components/CalendarDaySelector.swift /Users/jacksonsweet/Desktop/OPS\ APP/OPS/OPS/Views/Calendar\ Tab/Components/CalendarHeaderView.swift /Users/jacksonsweet/Desktop/OPS\ APP/OPS/OPS/Views/Calendar\ Tab/Components/CalendarProjectCard.swift -primary-file /Users/jacksonsweet/Desktop/OPS\ APP/OPS/OPS/Views/Calendar\ Tab/Components/CalendarToggleView.swift -primary-file /Users/jacksonsweet/Desktop/OPS\ APP/OPS/OPS/Views/Calendar\ Tab/Components/DatePickerPopover.swift -primary-file /Users/jacksonsweet/Desktop/OPS\ APP/OPS/OPS/Views/Calendar\ Tab/Components/DayCell.swift -primary-file /Users/jacksonsweet/Desktop/OPS\ APP/OPS/OPS/Views/Calendar\ Tab/ProjectViews/DayProjectSheet.swift -primary-file /Users/jacksonsweet/Desktop/OPS\ APP/OPS/OPS/Views/Calendar\ Tab/ProjectViews/ProjectListView.swift -primary-file /Users/jacksonsweet/Desktop/OPS\ APP/OPS/OPS/Views/Calendar\ Tab/MonthGridView.swift -primary-file /Users/jacksonsweet/Desktop/OPS\ APP/OPS/OPS/Views/Components/Common/AppHeader.swift -primary-file /Users/jacksonsweet/Desktop/OPS\ APP/OPS/OPS/Views/Components/Common/ExpandableNotesView.swift -primary-file /Users/jacksonsweet/Desktop/OPS\ APP/OPS/OPS/Views/Components/Common/LocationPermissionView.swift -primary-file /Users/jacksonsweet/Desktop/OPS\ APP/OPS/OPS/Views/Components/Common/NavigationBanner.swift -primary-file /Users/jacksonsweet/Desktop/OPS\ APP/OPS/OPS/Views/Components/Common/NavigationControlsView.swift -primary-file /Users/jacksonsweet/Desktop/OPS\ APP/OPS/OPS/Views/Components/Common/TabBarBackground.swift /Users/jacksonsweet/Desktop/OPS\ APP/OPS/OPS/Views/Components/Images/ImagePicker.swift /Users/jacksonsweet/Desktop/OPS\ APP/OPS/OPS/Views/Components/Images/ImagePickerView.swift /Users/jacksonsweet/Desktop/OPS\ APP/OPS/OPS/Views/Components/Images/ProjectImagesSection.swift /Users/jacksonsweet/Desktop/OPS\ APP/OPS/OPS/Views/Components/Images/ProjectImagesSimple.swift /Users/jacksonsweet/Desktop/OPS\ APP/OPS/OPS/Views/Components/Images/ProjectImageView.swift /Users/jacksonsweet/Desktop/OPS\ APP/OPS/OPS/Views/Components/Images/ProjectPhotosGrid.swift /Users/jacksonsweet/Desktop/OPS\ APP/OPS/OPS/Views/Components/Map/MiniMapView.swift /Users/jacksonsweet/Desktop/OPS\ APP/OPS/OPS/Views/Components/Map/ProjectMapAnnotation.swift /Users/jacksonsweet/Desktop/OPS\ APP/OPS/OPS/Views/Components/Map/ProjectMapView.swift /Users/jacksonsweet/Desktop/OPS\ APP/OPS/OPS/Views/Components/Map/ProjectMarkerPopup.swift /Users/jacksonsweet/Desktop/OPS\ APP/OPS/OPS/Views/Components/Map/RouteDirectionsView.swift /Users/jacksonsweet/Desktop/OPS\ APP/OPS/OPS/Views/Components/Project/ProjectActionBar.swift /Users/jacksonsweet/Desktop/OPS\ APP/OPS/OPS/Views/Components/Project/ProjectCard.swift /Users/jacksonsweet/Desktop/OPS\ APP/OPS/OPS/Views/Components/Project/ProjectCarousel.swift /Users/jacksonsweet/Desktop/OPS\ APP/OPS/OPS/Views/Components/Project/ProjectDetailsView.swift /Users/jacksonsweet/Desktop/OPS\ APP/OPS/OPS/Views/Components/Project/ProjectHeader.swift /Users/jacksonsweet/Desktop/OPS\ APP/OPS/OPS/Views/Components/Project/ProjectSheetContainer.swift /Users/jacksonsweet/Desktop/OPS\ APP/OPS/OPS/Views/Components/User/TeamMemberListView.swift /Users/jacksonsweet/Desktop/OPS\ APP/OPS/OPS/Views/Components/User/UserProfileCard.swift /Users/jacksonsweet/Desktop/OPS\ APP/OPS/OPS/Views/Home/HomeContentView.swift /Users/jacksonsweet/Desktop/OPS\ APP/OPS/OPS/Views/Home/HomeView.swift /Users/jacksonsweet/Desktop/OPS\ APP/OPS/OPS/Views/Settings/OrganizationSettingsView.swift /Users/jacksonsweet/Desktop/OPS\ APP/OPS/OPS/Views/Settings/ProfileSettingsView.swift /Users/jacksonsweet/Desktop/OPS\ APP/OPS/OPS/Views/Settings/ProjectHistorySettingsView.swift /Users/jacksonsweet/Desktop/OPS\ APP/OPS/OPS/Views/LoginView.swift /Users/jacksonsweet/Desktop/OPS\ APP/OPS/OPS/Views/LoginViewPreview.swift /Users/jacksonsweet/Desktop/OPS\ APP/OPS/OPS/Views/MainTabView.swift /Users/jacksonsweet/Desktop/OPS\ APP/OPS/OPS/Views/NetworkStatusIndicator.swift /Users/jacksonsweet/Desktop/OPS\ APP/OPS/OPS/Views/ScheduleView.swift /Users/jacksonsweet/Desktop/OPS\ APP/OPS/OPS/Views/SettingsView.swift /Users/jacksonsweet/Desktop/OPS\ APP/OPS/OPS/Views/SplashScreen.swift /Users/jacksonsweet/Desktop/OPS\ APP/OPS/OPS/AppState.swift /Users/jacksonsweet/Desktop/OPS\ APP/OPS/OPS/ContentView.swift /Users/jacksonsweet/Desktop/OPS\ APP/OPS/OPS/Item.swift /Users/jacksonsweet/Desktop/OPS\ APP/OPS/OPS/OPSApp.swift /Users/jacksonsweet/Library/Developer/Xcode/DerivedData/OPS-czavgtmnvamasvcjgszzuulfcsxj/Build/Intermediates.noindex/OPS.build/Debug-iphonesimulator/OPS.build/DerivedSources/GeneratedAssetSymbols.swift -supplementary-output-file-map /Users/jacksonsweet/Library/Developer/Xcode/DerivedData/OPS-czavgtmnvamasvcjgszzuulfcsxj/Build/Intermediates.noindex/OPS.build/Debug-iphonesimulator/OPS.build/Objects-normal/arm64/supplementaryOutputs-7 -emit-localized-strings -emit-localized-strings-path /Users/jacksonsweet/Library/Developer/Xcode/DerivedData/OPS-czavgtmnvamasvcjgszzuulfcsxj/Build/Intermediates.noindex/OPS.build/Debug-iphonesimulator/OPS.build/Objects-normal/arm64 -target arm64-apple-ios18.2-simulator -Xllvm -aarch64-use-tbi -enable-objc-interop -sdk /Applications/Xcode.app/Contents/Developer/Platforms/iPhoneSimulator.platform/Developer/SDKs/iPhoneSimulator18.2.sdk -I /Users/jacksonsweet/Library/Developer/Xcode/DerivedData/OPS-czavgtmnvamasvcjgszzuulfcsxj/Build/Products/Debug-iphonesimulator -F /Users/jacksonsweet/Library/Developer/Xcode/DerivedData/OPS-czavgtmnvamasvcjgszzuulfcsxj/Build/Products/Debug-iphonesimulator -no-color-diagnostics -enable-testing -g -debug-info-format\=dwarf -dwarf-version\=5 -module-cache-path /Users/jacksonsweet/Library/Developer/Xcode/DerivedData/ModuleCache.noindex -profile-generate -profile-coverage-mapping -swift-version 5 -enforce-exclusivity\=checked -Onone -D DEBUG -serialize-debugging-options -const-gather-protocols-file /Users/jacksonsweet/Library/Developer/Xcode/DerivedData/OPS-czavgtmnvamasvcjgszzuulfcsxj/Build/Intermediates.noindex/OPS.build/Debug-iphonesimulator/OPS.build/Objects-normal/arm64/OPS_const_extract_protocols.json -enable-experimental-feature DebugDescriptionMacro -enable-experimental-feature OpaqueTypeErasure -enable-bare-slash-regex -empty-abi-descriptor -validate-clang-modules-once -clang-build-session-file /Users/jacksonsweet/Library/Developer/Xcode/DerivedData/ModuleCache.noindex/Session.modulevalidation -Xcc -working-directory -Xcc /Users/jacksonsweet/Desktop/OPS\ APP/OPS -resource-dir /Applications/Xcode.app/Contents/Developer/Toolchains/XcodeDefault.xctoolchain/usr/lib/swift -enable-anonymous-context-mangled-names -file-compilation-dir /Users/jacksonsweet/Desktop/OPS\ APP/OPS -Xcc -D_LIBCPP_HARDENING_MODE\=_LIBCPP_HARDENING_MODE_DEBUG -Xcc -ivfsstatcache -Xcc /Users/jacksonsweet/Library/Developer/Xcode/DerivedData/SDKStatCaches.noindex/iphonesimulator18.2-22C146-07b28473f605e47e75261259d3ef3b5a.sdkstatcache -Xcc -I/Users/jacksonsweet/Library/Developer/Xcode/DerivedData/OPS-czavgtmnvamasvcjgszzuulfcsxj/Build/Intermediates.noindex/OPS.build/Debug-iphonesimulator/OPS.build/swift-overrides.hmap -Xcc -iquote -Xcc /Users/jacksonsweet/Library/Developer/Xcode/DerivedData/OPS-czavgtmnvamasvcjgszzuulfcsxj/Build/Intermediates.noindex/OPS.build/Debug-iphonesimulator/OPS.build/OPS-generated-files.hmap -Xcc -I/Users/jacksonsweet/Library/Developer/Xcode/DerivedData/OPS-czavgtmnvamasvcjgszzuulfcsxj/Build/Intermediates.noindex/OPS.build/Debug-iphonesimulator/OPS.build/OPS-own-target-headers.hmap -Xcc -I/Users/jacksonsweet/Library/Developer/Xcode/DerivedData/OPS-czavgtmnvamasvcjgszzuulfcsxj/Build/Intermediates.noindex/OPS.build/Debug-iphonesimulator/OPS.build/OPS-all-target-headers.hmap -Xcc -iquote -Xcc /Users/jacksonsweet/Library/Developer/Xcode/DerivedData/OPS-czavgtmnvamasvcjgszzuulfcsxj/Build/Intermediates.noindex/OPS.build/Debug-iphonesimulator/OPS.build/OPS-project-headers.hmap -Xcc -I/Users/jacksonsweet/Library/Developer/Xcode/DerivedData/OPS-czavgtmnvamasvcjgszzuulfcsxj/Build/Products/Debug-iphonesimulator/include -Xcc -I/Users/jacksonsweet/Library/Developer/Xcode/DerivedData/OPS-czavgtmnvamasvcjgszzuulfcsxj/Build/Intermediates.noindex/OPS.build/Debug-iphonesimulator/OPS.build/DerivedSources-normal/arm64 -Xcc -I/Users/jacksonsweet/Library/Developer/Xcode/DerivedData/OPS-czavgtmnvamasvcjgszzuulfcsxj/Build/Intermediates.noindex/OPS.build/Debug-iphonesimulator/OPS.build/DerivedSources/arm64 -Xcc -I/Users/jacksonsweet/Library/Developer/Xcode/DerivedData/OPS-czavgtmnvamasvcjgszzuulfcsxj/Build/Intermediates.noindex/OPS.build/Debug-iphonesimulator/OPS.build/DerivedSources -Xcc -DDEBUG\=1 -module-name OPS -frontend-parseable-output -disable-clang-spi -target-sdk-version 18.2 -target-sdk-name iphonesimulator18.2 -external-plugin-path /Applications/Xcode.app/Contents/Developer/Platforms/iPhoneOS.platform/Developer/usr/lib/swift/host/plugins\#/Applications/Xcode.app/Contents/Developer/Platforms/iPhoneOS.platform/Developer/usr/bin/swift-plugin-server -external-plugin-path /Applications/Xcode.app/Contents/Developer/Platforms/iPhoneOS.platform/Developer/usr/local/lib/swift/host/plugins\#/Applications/Xcode.app/Contents/Developer/Platforms/iPhoneOS.platform/Developer/usr/bin/swift-plugin-server -plugin-path /Applications/Xcode.app/Contents/Developer/Toolchains/XcodeDefault.xctoolchain/usr/lib/swift/host/plugins -plugin-path /Applications/Xcode.app/Contents/Developer/Toolchains/XcodeDefault.xctoolchain/usr/local/lib/swift/host/plugins -o /Users/jacksonsweet/Library/Developer/Xcode/DerivedData/OPS-czavgtmnvamasvcjgszzuulfcsxj/Build/Intermediates.noindex/OPS.build/Debug-iphonesimulator/OPS.build/Objects-normal/arm64/CalendarToggleView.o -o /Users/jacksonsweet/Library/Developer/Xcode/DerivedData/OPS-czavgtmnvamasvcjgszzuulfcsxj/Build/Intermediates.noindex/OPS.build/Debug-iphonesimulator/OPS.build/Objects-normal/arm64/DatePickerPopover.o -o /Users/jacksonsweet/Library/Developer/Xcode/DerivedData/OPS-czavgtmnvamasvcjgszzuulfcsxj/Build/Intermediates.noindex/OPS.build/Debug-iphonesimulator/OPS.build/Objects-normal/arm64/DayCell.o -o /Users/jacksonsweet/Library/Developer/Xcode/DerivedData/OPS-czavgtmnvamasvcjgszzuulfcsxj/Build/Intermediates.noindex/OPS.build/Debug-iphonesimulator/OPS.build/Objects-normal/arm64/DayProjectSheet.o -o /Users/jacksonsweet/Library/Developer/Xcode/DerivedData/OPS-czavgtmnvamasvcjgszzuulfcsxj/Build/Intermediates.noindex/OPS.build/Debug-iphonesimulator/OPS.build/Objects-normal/arm64/ProjectListView.o -o /Users/jacksonsweet/Library/Developer/Xcode/DerivedData/OPS-czavgtmnvamasvcjgszzuulfcsxj/Build/Intermediates.noindex/OPS.build/Debug-iphonesimulator/OPS.build/Objects-normal/arm64/MonthGridView.o -o /Users/jacksonsweet/Library/Developer/Xcode/DerivedData/OPS-czavgtmnvamasvcjgszzuulfcsxj/Build/Intermediates.noindex/OPS.build/Debug-iphonesimulator/OPS.build/Objects-normal/arm64/AppHeader.o -o /Users/jacksonsweet/Library/Developer/Xcode/DerivedData/OPS-czavgtmnvamasvcjgszzuulfcsxj/Build/Intermediates.noindex/OPS.build/Debug-iphonesimulator/OPS.build/Objects-normal/arm64/ExpandableNotesView.o -o /Users/jacksonsweet/Library/Developer/Xcode/DerivedData/OPS-czavgtmnvamasvcjgszzuulfcsxj/Build/Intermediates.noindex/OPS.build/Debug-iphonesimulator/OPS.build/Objects-normal/arm64/LocationPermissionView.o -o /Users/jacksonsweet/Library/Developer/Xcode/DerivedData/OPS-czavgtmnvamasvcjgszzuulfcsxj/Build/Intermediates.noindex/OPS.build/Debug-iphonesimulator/OPS.build/Objects-normal/arm64/NavigationBanner.o -o /Users/jacksonsweet/Library/Developer/Xcode/DerivedData/OPS-czavgtmnvamasvcjgszzuulfcsxj/Build/Intermediates.noindex/OPS.build/Debug-iphonesimulator/OPS.build/Objects-normal/arm64/NavigationControlsView.o -o /Users/jacksonsweet/Library/Developer/Xcode/DerivedData/OPS-czavgtmnvamasvcjgszzuulfcsxj/Build/Intermediates.noindex/OPS.build/Debug-iphonesimulator/OPS.build/Objects-normal/arm64/TabBarBackground.o -index-unit-output-path /OPS.build/Debug-iphonesimulator/OPS.build/Objects-normal/arm64/CalendarToggleView.o -index-unit-output-path /OPS.build/Debug-iphonesimulator/OPS.build/Objects-normal/arm64/DatePickerPopover.o -index-unit-output-path /OPS.build/Debug-iphonesimulator/OPS.build/Objects-normal/arm64/DayCell.o -index-unit-output-path /OPS.build/Debug-iphonesimulator/OPS.build/Objects-normal/arm64/DayProjectSheet.o -index-unit-output-path /OPS.build/Debug-iphonesimulator/OPS.build/Objects-normal/arm64/ProjectListView.o -index-unit-output-path /OPS.build/Debug-iphonesimulator/OPS.build/Objects-normal/arm64/MonthGridView.o -index-unit-output-path /OPS.build/Debug-iphonesimulator/OPS.build/Objects-normal/arm64/AppHeader.o -index-unit-output-path /OPS.build/Debug-iphonesimulator/OPS.build/Objects-normal/arm64/ExpandableNotesView.o -index-unit-output-path /OPS.build/Debug-iphonesimulator/OPS.build/Objects-normal/arm64/LocationPermissionView.o -index-unit-output-path /OPS.build/Debug-iphonesimulator/OPS.build/Objects-normal/arm64/NavigationBanner.o -index-unit-output-path /OPS.build/Debug-iphonesimulator/OPS.build/Objects-normal/arm64/NavigationControlsView.o -index-unit-output-path /OPS.build/Debug-iphonesimulator/OPS.build/Objects-normal/arm64/TabBarBackground.o -index-store-path /Users/jacksonsweet/Library/Developer/Xcode/DerivedData/OPS-czavgtmnvamasvcjgszzuulfcsxj/Index.noindex/DataStore -index-system-modules

SwiftCompile normal arm64 /Users/jacksonsweet/Desktop/OPS\ APP/OPS/OPS/Views/Calendar\ Tab/Components/DatePickerPopover.swift (in target 'OPS' from project 'OPS')
    cd /Users/jacksonsweet/Desktop/OPS\ APP/OPS
    /Applications/Xcode.app/Contents/Developer/Toolchains/XcodeDefault.xctoolchain/usr/bin/swift-frontend -c /Users/jacksonsweet/Desktop/OPS\ APP/OPS/OPS/DataModels/BubbleImage.swift /Users/jacksonsweet/Desktop/OPS\ APP/OPS/OPS/DataModels/BubbleTypes.swift /Users/jacksonsweet/Desktop/OPS\ APP/OPS/OPS/DataModels/Company.swift /Users/jacksonsweet/Desktop/OPS\ APP/OPS/OPS/DataModels/Project.swift /Users/jacksonsweet/Desktop/OPS\ APP/OPS/OPS/DataModels/Status.swift /Users/jacksonsweet/Desktop/OPS\ APP/OPS/OPS/DataModels/User.swift /Users/jacksonsweet/Desktop/OPS\ APP/OPS/OPS/DataModels/UserRole.swift /Users/jacksonsweet/Desktop/OPS\ APP/OPS/OPS/Extensions/UIImage+Extensions.swift /Users/jacksonsweet/Desktop/OPS\ APP/OPS/OPS/Network/API/APIError.swift /Users/jacksonsweet/Desktop/OPS\ APP/OPS/OPS/Network/API/APIService.swift /Users/jacksonsweet/Desktop/OPS\ APP/OPS/OPS/Network/API/BubbleFields.swift /Users/jacksonsweet/Desktop/OPS\ APP/OPS/OPS/Network/Auth/AuthError.swift /Users/jacksonsweet/Desktop/OPS\ APP/OPS/OPS/Network/Auth/AuthManager.swift /Users/jacksonsweet/Desktop/OPS\ APP/OPS/OPS/Network/Auth/KeychainManager.swift /Users/jacksonsweet/Desktop/OPS\ APP/OPS/OPS/Network/DTOs/CompanyDTO.swift /Users/jacksonsweet/Desktop/OPS\ APP/OPS/OPS/Network/DTOs/ProjectDTO.swift /Users/jacksonsweet/Desktop/OPS\ APP/OPS/OPS/Network/DTOs/UserDTO.swift /Users/jacksonsweet/Desktop/OPS\ APP/OPS/OPS/Network/Endpoints/CompanyEndpoints.swift /Users/jacksonsweet/Desktop/OPS\ APP/OPS/OPS/Network/Endpoints/ProjectEndpoints.swift /Users/jacksonsweet/Desktop/OPS\ APP/OPS/OPS/Network/Endpoints/UserEndpoints.swift /Users/jacksonsweet/Desktop/OPS\ APP/OPS/OPS/Network/Sync/BackgroundTaskManager.swift /Users/jacksonsweet/Desktop/OPS\ APP/OPS/OPS/Network/Sync/SyncManager.swift /Users/jacksonsweet/Desktop/OPS\ APP/OPS/OPS/Network/ConnectivityMonitor.swift /Users/jacksonsweet/Desktop/OPS\ APP/OPS/OPS/Network/ImageSyncManager.swift /Users/jacksonsweet/Desktop/OPS\ APP/OPS/OPS/Onboarding/Coordinators/OnboardingCoordinator.swift /Users/jacksonsweet/Desktop/OPS\ APP/OPS/OPS/Onboarding/Models/OnboardingModels.swift /Users/jacksonsweet/Desktop/OPS\ APP/OPS/OPS/Onboarding/Services/OnboardingService.swift /Users/jacksonsweet/Desktop/OPS\ APP/OPS/OPS/Onboarding/ViewModels/OnboardingViewModel.swift /Users/jacksonsweet/Desktop/OPS\ APP/OPS/OPS/Onboarding/Views/Components/OnboardingComponents.swift /Users/jacksonsweet/Desktop/OPS\ APP/OPS/OPS/Onboarding/Views/Screens/AccountCreatedView.swift /Users/jacksonsweet/Desktop/OPS\ APP/OPS/OPS/Onboarding/Views/Screens/CompanyCodeView.swift /Users/jacksonsweet/Desktop/OPS\ APP/OPS/OPS/Onboarding/Views/Screens/CompanyCodeViewPreview.swift /Users/jacksonsweet/Desktop/OPS\ APP/OPS/OPS/Onboarding/Views/Screens/CompletionView.swift /Users/jacksonsweet/Desktop/OPS\ APP/OPS/OPS/Onboarding/Views/Screens/CompletionViewPreview.swift /Users/jacksonsweet/Desktop/OPS\ APP/OPS/OPS/Onboarding/Views/Screens/EmailView.swift /Users/jacksonsweet/Desktop/OPS\ APP/OPS/OPS/Onboarding/Views/Screens/FieldSetupView.swift /Users/jacksonsweet/Desktop/OPS\ APP/OPS/OPS/Onboarding/Views/Screens/NotificationsView.swift /Users/jacksonsweet/Desktop/OPS\ APP/OPS/OPS/Onboarding/Views/Screens/NotificationsViewPreview.swift /Users/jacksonsweet/Desktop/OPS\ APP/OPS/OPS/Onboarding/Views/Screens/OrganizationJoinView.swift /Users/jacksonsweet/Desktop/OPS\ APP/OPS/OPS/Onboarding/Views/Screens/PasswordView.swift /Users/jacksonsweet/Desktop/OPS\ APP/OPS/OPS/Onboarding/Views/Screens/PasswordViewPreview.swift /Users/jacksonsweet/Desktop/OPS\ APP/OPS/OPS/Onboarding/Views/Screens/PermissionsView.swift /Users/jacksonsweet/Desktop/OPS\ APP/OPS/OPS/Onboarding/Views/Screens/PermissionsViewPreview.swift /Users/jacksonsweet/Desktop/OPS\ APP/OPS/OPS/Onboarding/Views/Screens/PhoneNumberView.swift /Users/jacksonsweet/Desktop/OPS\ APP/OPS/OPS/Onboarding/Views/Screens/PhoneNumberViewPreview.swift /Users/jacksonsweet/Desktop/OPS\ APP/OPS/OPS/Onboarding/Views/Screens/UserInfoView.swift /Users/jacksonsweet/Desktop/OPS\ APP/OPS/OPS/Onboarding/Views/Screens/UserInfoViewPreview.swift /Users/jacksonsweet/Desktop/OPS\ APP/OPS/OPS/Onboarding/Views/Screens/VerifyPhoneView.swift /Users/jacksonsweet/Desktop/OPS\ APP/OPS/OPS/Onboarding/Views/Screens/WelcomeCompanyView.swift /Users/jacksonsweet/Desktop/OPS\ APP/OPS/OPS/Onboarding/Views/Screens/WelcomeCompanyViewPreview.swift /Users/jacksonsweet/Desktop/OPS\ APP/OPS/OPS/Onboarding/Views/Screens/WelcomeView.swift /Users/jacksonsweet/Desktop/OPS\ APP/OPS/OPS/Onboarding/Views/Screens/WelcomeViewPreview.swift /Users/jacksonsweet/Desktop/OPS\ APP/OPS/OPS/Onboarding/Views/OnboardingContainerView.swift /Users/jacksonsweet/Desktop/OPS\ APP/OPS/OPS/Onboarding/Views/OnboardingFlowPreview.swift /Users/jacksonsweet/Desktop/OPS\ APP/OPS/OPS/Onboarding/Views/OnboardingPresenter.swift /Users/jacksonsweet/Desktop/OPS\ APP/OPS/OPS/Onboarding/Views/OnboardingPreviewHelpers.swift /Users/jacksonsweet/Desktop/OPS\ APP/OPS/OPS/Styles/OPSStyle.swift /Users/jacksonsweet/Desktop/OPS\ APP/OPS/OPS/Utilities/AppConfiguration.swift /Users/jacksonsweet/Desktop/OPS\ APP/OPS/OPS/Utilities/ArrayTransformer.swift /Users/jacksonsweet/Desktop/OPS\ APP/OPS/OPS/Utilities/DataController.swift /Users/jacksonsweet/Desktop/OPS\ APP/OPS/OPS/Utilities/Dateformatter\ +Bubble.swift /Users/jacksonsweet/Desktop/OPS\ APP/OPS/OPS/Utilities/DateHelper.swift /Users/jacksonsweet/Desktop/OPS\ APP/OPS/OPS/Utilities/FieldErrorHandler.swift /Users/jacksonsweet/Desktop/OPS\ APP/OPS/OPS/Utilities/ImageCache.swift /Users/jacksonsweet/Desktop/OPS\ APP/OPS/OPS/Utilities/ImageFileManager.swift /Users/jacksonsweet/Desktop/OPS\ APP/OPS/OPS/Utilities/InProgressManager.swift /Users/jacksonsweet/Desktop/OPS\ APP/OPS/OPS/Utilities/KeyboardDismissalModifier.swift /Users/jacksonsweet/Desktop/OPS\ APP/OPS/OPS/Utilities/LocationManager.swift /Users/jacksonsweet/Desktop/OPS\ APP/OPS/OPS/Utilities/OnboardingEnvironmentKey.swift /Users/jacksonsweet/Desktop/OPS\ APP/OPS/OPS/Utilities/SwiftDataHelper.swift /Users/jacksonsweet/Desktop/OPS\ APP/OPS/OPS/Utilities/UIComponents.swift /Users/jacksonsweet/Desktop/OPS\ APP/OPS/OPS/V2/CertificationsSettingsView.swift /Users/jacksonsweet/Desktop/OPS\ APP/OPS/OPS/ViewModels/CalendarViewModel.swift /Users/jacksonsweet/Desktop/OPS\ APP/OPS/OPS/ViewModels/ProjectsViewModel.swift /Users/jacksonsweet/Desktop/OPS\ APP/OPS/OPS/Views/Calendar\ Tab/Components/CalendarDaySelector.swift /Users/jacksonsweet/Desktop/OPS\ APP/OPS/OPS/Views/Calendar\ Tab/Components/CalendarHeaderView.swift /Users/jacksonsweet/Desktop/OPS\ APP/OPS/OPS/Views/Calendar\ Tab/Components/CalendarProjectCard.swift -primary-file /Users/jacksonsweet/Desktop/OPS\ APP/OPS/OPS/Views/Calendar\ Tab/Components/CalendarToggleView.swift -primary-file /Users/jacksonsweet/Desktop/OPS\ APP/OPS/OPS/Views/Calendar\ Tab/Components/DatePickerPopover.swift -primary-file /Users/jacksonsweet/Desktop/OPS\ APP/OPS/OPS/Views/Calendar\ Tab/Components/DayCell.swift -primary-file /Users/jacksonsweet/Desktop/OPS\ APP/OPS/OPS/Views/Calendar\ Tab/ProjectViews/DayProjectSheet.swift -primary-file /Users/jacksonsweet/Desktop/OPS\ APP/OPS/OPS/Views/Calendar\ Tab/ProjectViews/ProjectListView.swift -primary-file /Users/jacksonsweet/Desktop/OPS\ APP/OPS/OPS/Views/Calendar\ Tab/MonthGridView.swift -primary-file /Users/jacksonsweet/Desktop/OPS\ APP/OPS/OPS/Views/Components/Common/AppHeader.swift -primary-file /Users/jacksonsweet/Desktop/OPS\ APP/OPS/OPS/Views/Components/Common/ExpandableNotesView.swift -primary-file /Users/jacksonsweet/Desktop/OPS\ APP/OPS/OPS/Views/Components/Common/LocationPermissionView.swift -primary-file /Users/jacksonsweet/Desktop/OPS\ APP/OPS/OPS/Views/Components/Common/NavigationBanner.swift -primary-file /Users/jacksonsweet/Desktop/OPS\ APP/OPS/OPS/Views/Components/Common/NavigationControlsView.swift -primary-file /Users/jacksonsweet/Desktop/OPS\ APP/OPS/OPS/Views/Components/Common/TabBarBackground.swift /Users/jacksonsweet/Desktop/OPS\ APP/OPS/OPS/Views/Components/Images/ImagePicker.swift /Users/jacksonsweet/Desktop/OPS\ APP/OPS/OPS/Views/Components/Images/ImagePickerView.swift /Users/jacksonsweet/Desktop/OPS\ APP/OPS/OPS/Views/Components/Images/ProjectImagesSection.swift /Users/jacksonsweet/Desktop/OPS\ APP/OPS/OPS/Views/Components/Images/ProjectImagesSimple.swift /Users/jacksonsweet/Desktop/OPS\ APP/OPS/OPS/Views/Components/Images/ProjectImageView.swift /Users/jacksonsweet/Desktop/OPS\ APP/OPS/OPS/Views/Components/Images/ProjectPhotosGrid.swift /Users/jacksonsweet/Desktop/OPS\ APP/OPS/OPS/Views/Components/Map/MiniMapView.swift /Users/jacksonsweet/Desktop/OPS\ APP/OPS/OPS/Views/Components/Map/ProjectMapAnnotation.swift /Users/jacksonsweet/Desktop/OPS\ APP/OPS/OPS/Views/Components/Map/ProjectMapView.swift /Users/jacksonsweet/Desktop/OPS\ APP/OPS/OPS/Views/Components/Map/ProjectMarkerPopup.swift /Users/jacksonsweet/Desktop/OPS\ APP/OPS/OPS/Views/Components/Map/RouteDirectionsView.swift /Users/jacksonsweet/Desktop/OPS\ APP/OPS/OPS/Views/Components/Project/ProjectActionBar.swift /Users/jacksonsweet/Desktop/OPS\ APP/OPS/OPS/Views/Components/Project/ProjectCard.swift /Users/jacksonsweet/Desktop/OPS\ APP/OPS/OPS/Views/Components/Project/ProjectCarousel.swift /Users/jacksonsweet/Desktop/OPS\ APP/OPS/OPS/Views/Components/Project/ProjectDetailsView.swift /Users/jacksonsweet/Desktop/OPS\ APP/OPS/OPS/Views/Components/Project/ProjectHeader.swift /Users/jacksonsweet/Desktop/OPS\ APP/OPS/OPS/Views/Components/Project/ProjectSheetContainer.swift /Users/jacksonsweet/Desktop/OPS\ APP/OPS/OPS/Views/Components/User/TeamMemberListView.swift /Users/jacksonsweet/Desktop/OPS\ APP/OPS/OPS/Views/Components/User/UserProfileCard.swift /Users/jacksonsweet/Desktop/OPS\ APP/OPS/OPS/Views/Home/HomeContentView.swift /Users/jacksonsweet/Desktop/OPS\ APP/OPS/OPS/Views/Home/HomeView.swift /Users/jacksonsweet/Desktop/OPS\ APP/OPS/OPS/Views/Settings/OrganizationSettingsView.swift /Users/jacksonsweet/Desktop/OPS\ APP/OPS/OPS/Views/Settings/ProfileSettingsView.swift /Users/jacksonsweet/Desktop/OPS\ APP/OPS/OPS/Views/Settings/ProjectHistorySettingsView.swift /Users/jacksonsweet/Desktop/OPS\ APP/OPS/OPS/Views/LoginView.swift /Users/jacksonsweet/Desktop/OPS\ APP/OPS/OPS/Views/LoginViewPreview.swift /Users/jacksonsweet/Desktop/OPS\ APP/OPS/OPS/Views/MainTabView.swift /Users/jacksonsweet/Desktop/OPS\ APP/OPS/OPS/Views/NetworkStatusIndicator.swift /Users/jacksonsweet/Desktop/OPS\ APP/OPS/OPS/Views/ScheduleView.swift /Users/jacksonsweet/Desktop/OPS\ APP/OPS/OPS/Views/SettingsView.swift /Users/jacksonsweet/Desktop/OPS\ APP/OPS/OPS/Views/SplashScreen.swift /Users/jacksonsweet/Desktop/OPS\ APP/OPS/OPS/AppState.swift /Users/jacksonsweet/Desktop/OPS\ APP/OPS/OPS/ContentView.swift /Users/jacksonsweet/Desktop/OPS\ APP/OPS/OPS/Item.swift /Users/jacksonsweet/Desktop/OPS\ APP/OPS/OPS/OPSApp.swift /Users/jacksonsweet/Library/Developer/Xcode/DerivedData/OPS-czavgtmnvamasvcjgszzuulfcsxj/Build/Intermediates.noindex/OPS.build/Debug-iphonesimulator/OPS.build/DerivedSources/GeneratedAssetSymbols.swift -supplementary-output-file-map /Users/jacksonsweet/Library/Developer/Xcode/DerivedData/OPS-czavgtmnvamasvcjgszzuulfcsxj/Build/Intermediates.noindex/OPS.build/Debug-iphonesimulator/OPS.build/Objects-normal/arm64/supplementaryOutputs-7 -emit-localized-strings -emit-localized-strings-path /Users/jacksonsweet/Library/Developer/Xcode/DerivedData/OPS-czavgtmnvamasvcjgszzuulfcsxj/Build/Intermediates.noindex/OPS.build/Debug-iphonesimulator/OPS.build/Objects-normal/arm64 -target arm64-apple-ios18.2-simulator -Xllvm -aarch64-use-tbi -enable-objc-interop -sdk /Applications/Xcode.app/Contents/Developer/Platforms/iPhoneSimulator.platform/Developer/SDKs/iPhoneSimulator18.2.sdk -I /Users/jacksonsweet/Library/Developer/Xcode/DerivedData/OPS-czavgtmnvamasvcjgszzuulfcsxj/Build/Products/Debug-iphonesimulator -F /Users/jacksonsweet/Library/Developer/Xcode/DerivedData/OPS-czavgtmnvamasvcjgszzuulfcsxj/Build/Products/Debug-iphonesimulator -no-color-diagnostics -enable-testing -g -debug-info-format\=dwarf -dwarf-version\=5 -module-cache-path /Users/jacksonsweet/Library/Developer/Xcode/DerivedData/ModuleCache.noindex -profile-generate -profile-coverage-mapping -swift-version 5 -enforce-exclusivity\=checked -Onone -D DEBUG -serialize-debugging-options -const-gather-protocols-file /Users/jacksonsweet/Library/Developer/Xcode/DerivedData/OPS-czavgtmnvamasvcjgszzuulfcsxj/Build/Intermediates.noindex/OPS.build/Debug-iphonesimulator/OPS.build/Objects-normal/arm64/OPS_const_extract_protocols.json -enable-experimental-feature DebugDescriptionMacro -enable-experimental-feature OpaqueTypeErasure -enable-bare-slash-regex -empty-abi-descriptor -validate-clang-modules-once -clang-build-session-file /Users/jacksonsweet/Library/Developer/Xcode/DerivedData/ModuleCache.noindex/Session.modulevalidation -Xcc -working-directory -Xcc /Users/jacksonsweet/Desktop/OPS\ APP/OPS -resource-dir /Applications/Xcode.app/Contents/Developer/Toolchains/XcodeDefault.xctoolchain/usr/lib/swift -enable-anonymous-context-mangled-names -file-compilation-dir /Users/jacksonsweet/Desktop/OPS\ APP/OPS -Xcc -D_LIBCPP_HARDENING_MODE\=_LIBCPP_HARDENING_MODE_DEBUG -Xcc -ivfsstatcache -Xcc /Users/jacksonsweet/Library/Developer/Xcode/DerivedData/SDKStatCaches.noindex/iphonesimulator18.2-22C146-07b28473f605e47e75261259d3ef3b5a.sdkstatcache -Xcc -I/Users/jacksonsweet/Library/Developer/Xcode/DerivedData/OPS-czavgtmnvamasvcjgszzuulfcsxj/Build/Intermediates.noindex/OPS.build/Debug-iphonesimulator/OPS.build/swift-overrides.hmap -Xcc -iquote -Xcc /Users/jacksonsweet/Library/Developer/Xcode/DerivedData/OPS-czavgtmnvamasvcjgszzuulfcsxj/Build/Intermediates.noindex/OPS.build/Debug-iphonesimulator/OPS.build/OPS-generated-files.hmap -Xcc -I/Users/jacksonsweet/Library/Developer/Xcode/DerivedData/OPS-czavgtmnvamasvcjgszzuulfcsxj/Build/Intermediates.noindex/OPS.build/Debug-iphonesimulator/OPS.build/OPS-own-target-headers.hmap -Xcc -I/Users/jacksonsweet/Library/Developer/Xcode/DerivedData/OPS-czavgtmnvamasvcjgszzuulfcsxj/Build/Intermediates.noindex/OPS.build/Debug-iphonesimulator/OPS.build/OPS-all-target-headers.hmap -Xcc -iquote -Xcc /Users/jacksonsweet/Library/Developer/Xcode/DerivedData/OPS-czavgtmnvamasvcjgszzuulfcsxj/Build/Intermediates.noindex/OPS.build/Debug-iphonesimulator/OPS.build/OPS-project-headers.hmap -Xcc -I/Users/jacksonsweet/Library/Developer/Xcode/DerivedData/OPS-czavgtmnvamasvcjgszzuulfcsxj/Build/Products/Debug-iphonesimulator/include -Xcc -I/Users/jacksonsweet/Library/Developer/Xcode/DerivedData/OPS-czavgtmnvamasvcjgszzuulfcsxj/Build/Intermediates.noindex/OPS.build/Debug-iphonesimulator/OPS.build/DerivedSources-normal/arm64 -Xcc -I/Users/jacksonsweet/Library/Developer/Xcode/DerivedData/OPS-czavgtmnvamasvcjgszzuulfcsxj/Build/Intermediates.noindex/OPS.build/Debug-iphonesimulator/OPS.build/DerivedSources/arm64 -Xcc -I/Users/jacksonsweet/Library/Developer/Xcode/DerivedData/OPS-czavgtmnvamasvcjgszzuulfcsxj/Build/Intermediates.noindex/OPS.build/Debug-iphonesimulator/OPS.build/DerivedSources -Xcc -DDEBUG\=1 -module-name OPS -frontend-parseable-output -disable-clang-spi -target-sdk-version 18.2 -target-sdk-name iphonesimulator18.2 -external-plugin-path /Applications/Xcode.app/Contents/Developer/Platforms/iPhoneOS.platform/Developer/usr/lib/swift/host/plugins\#/Applications/Xcode.app/Contents/Developer/Platforms/iPhoneOS.platform/Developer/usr/bin/swift-plugin-server -external-plugin-path /Applications/Xcode.app/Contents/Developer/Platforms/iPhoneOS.platform/Developer/usr/local/lib/swift/host/plugins\#/Applications/Xcode.app/Contents/Developer/Platforms/iPhoneOS.platform/Developer/usr/bin/swift-plugin-server -plugin-path /Applications/Xcode.app/Contents/Developer/Toolchains/XcodeDefault.xctoolchain/usr/lib/swift/host/plugins -plugin-path /Applications/Xcode.app/Contents/Developer/Toolchains/XcodeDefault.xctoolchain/usr/local/lib/swift/host/plugins -o /Users/jacksonsweet/Library/Developer/Xcode/DerivedData/OPS-czavgtmnvamasvcjgszzuulfcsxj/Build/Intermediates.noindex/OPS.build/Debug-iphonesimulator/OPS.build/Objects-normal/arm64/CalendarToggleView.o -o /Users/jacksonsweet/Library/Developer/Xcode/DerivedData/OPS-czavgtmnvamasvcjgszzuulfcsxj/Build/Intermediates.noindex/OPS.build/Debug-iphonesimulator/OPS.build/Objects-normal/arm64/DatePickerPopover.o -o /Users/jacksonsweet/Library/Developer/Xcode/DerivedData/OPS-czavgtmnvamasvcjgszzuulfcsxj/Build/Intermediates.noindex/OPS.build/Debug-iphonesimulator/OPS.build/Objects-normal/arm64/DayCell.o -o /Users/jacksonsweet/Library/Developer/Xcode/DerivedData/OPS-czavgtmnvamasvcjgszzuulfcsxj/Build/Intermediates.noindex/OPS.build/Debug-iphonesimulator/OPS.build/Objects-normal/arm64/DayProjectSheet.o -o /Users/jacksonsweet/Library/Developer/Xcode/DerivedData/OPS-czavgtmnvamasvcjgszzuulfcsxj/Build/Intermediates.noindex/OPS.build/Debug-iphonesimulator/OPS.build/Objects-normal/arm64/ProjectListView.o -o /Users/jacksonsweet/Library/Developer/Xcode/DerivedData/OPS-czavgtmnvamasvcjgszzuulfcsxj/Build/Intermediates.noindex/OPS.build/Debug-iphonesimulator/OPS.build/Objects-normal/arm64/MonthGridView.o -o /Users/jacksonsweet/Library/Developer/Xcode/DerivedData/OPS-czavgtmnvamasvcjgszzuulfcsxj/Build/Intermediates.noindex/OPS.build/Debug-iphonesimulator/OPS.build/Objects-normal/arm64/AppHeader.o -o /Users/jacksonsweet/Library/Developer/Xcode/DerivedData/OPS-czavgtmnvamasvcjgszzuulfcsxj/Build/Intermediates.noindex/OPS.build/Debug-iphonesimulator/OPS.build/Objects-normal/arm64/ExpandableNotesView.o -o /Users/jacksonsweet/Library/Developer/Xcode/DerivedData/OPS-czavgtmnvamasvcjgszzuulfcsxj/Build/Intermediates.noindex/OPS.build/Debug-iphonesimulator/OPS.build/Objects-normal/arm64/LocationPermissionView.o -o /Users/jacksonsweet/Library/Developer/Xcode/DerivedData/OPS-czavgtmnvamasvcjgszzuulfcsxj/Build/Intermediates.noindex/OPS.build/Debug-iphonesimulator/OPS.build/Objects-normal/arm64/NavigationBanner.o -o /Users/jacksonsweet/Library/Developer/Xcode/DerivedData/OPS-czavgtmnvamasvcjgszzuulfcsxj/Build/Intermediates.noindex/OPS.build/Debug-iphonesimulator/OPS.build/Objects-normal/arm64/NavigationControlsView.o -o /Users/jacksonsweet/Library/Developer/Xcode/DerivedData/OPS-czavgtmnvamasvcjgszzuulfcsxj/Build/Intermediates.noindex/OPS.build/Debug-iphonesimulator/OPS.build/Objects-normal/arm64/TabBarBackground.o -index-unit-output-path /OPS.build/Debug-iphonesimulator/OPS.build/Objects-normal/arm64/CalendarToggleView.o -index-unit-output-path /OPS.build/Debug-iphonesimulator/OPS.build/Objects-normal/arm64/DatePickerPopover.o -index-unit-output-path /OPS.build/Debug-iphonesimulator/OPS.build/Objects-normal/arm64/DayCell.o -index-unit-output-path /OPS.build/Debug-iphonesimulator/OPS.build/Objects-normal/arm64/DayProjectSheet.o -index-unit-output-path /OPS.build/Debug-iphonesimulator/OPS.build/Objects-normal/arm64/ProjectListView.o -index-unit-output-path /OPS.build/Debug-iphonesimulator/OPS.build/Objects-normal/arm64/MonthGridView.o -index-unit-output-path /OPS.build/Debug-iphonesimulator/OPS.build/Objects-normal/arm64/AppHeader.o -index-unit-output-path /OPS.build/Debug-iphonesimulator/OPS.build/Objects-normal/arm64/ExpandableNotesView.o -index-unit-output-path /OPS.build/Debug-iphonesimulator/OPS.build/Objects-normal/arm64/LocationPermissionView.o -index-unit-output-path /OPS.build/Debug-iphonesimulator/OPS.build/Objects-normal/arm64/NavigationBanner.o -index-unit-output-path /OPS.build/Debug-iphonesimulator/OPS.build/Objects-normal/arm64/NavigationControlsView.o -index-unit-output-path /OPS.build/Debug-iphonesimulator/OPS.build/Objects-normal/arm64/TabBarBackground.o -index-store-path /Users/jacksonsweet/Library/Developer/Xcode/DerivedData/OPS-czavgtmnvamasvcjgszzuulfcsxj/Index.noindex/DataStore -index-system-modules
/Users/jacksonsweet/Desktop/OPS APP/OPS/OPS/Views/Calendar Tab/Components/DatePickerPopover.swift:289:13: warning: immutable value 'i' was never used; consider replacing with '_' or removing it
        for i in 0..<remainingDays {
            ^
            _
/Users/jacksonsweet/Desktop/OPS APP/OPS/OPS/Views/Calendar Tab/Components/DatePickerPopover.swift:312:13: warning: variable 'components' was never mutated; consider changing to 'let' constant
        var components = calendar.dateComponents([.yearForWeekOfYear, .weekOfYear], from: date)
        ~~~ ^
        let

SwiftCompile normal arm64 /Users/jacksonsweet/Desktop/OPS\ APP/OPS/OPS/Views/Calendar\ Tab/Components/DayCell.swift (in target 'OPS' from project 'OPS')
    cd /Users/jacksonsweet/Desktop/OPS\ APP/OPS
    /Applications/Xcode.app/Contents/Developer/Toolchains/XcodeDefault.xctoolchain/usr/bin/swift-frontend -c /Users/jacksonsweet/Desktop/OPS\ APP/OPS/OPS/DataModels/BubbleImage.swift /Users/jacksonsweet/Desktop/OPS\ APP/OPS/OPS/DataModels/BubbleTypes.swift /Users/jacksonsweet/Desktop/OPS\ APP/OPS/OPS/DataModels/Company.swift /Users/jacksonsweet/Desktop/OPS\ APP/OPS/OPS/DataModels/Project.swift /Users/jacksonsweet/Desktop/OPS\ APP/OPS/OPS/DataModels/Status.swift /Users/jacksonsweet/Desktop/OPS\ APP/OPS/OPS/DataModels/User.swift /Users/jacksonsweet/Desktop/OPS\ APP/OPS/OPS/DataModels/UserRole.swift /Users/jacksonsweet/Desktop/OPS\ APP/OPS/OPS/Extensions/UIImage+Extensions.swift /Users/jacksonsweet/Desktop/OPS\ APP/OPS/OPS/Network/API/APIError.swift /Users/jacksonsweet/Desktop/OPS\ APP/OPS/OPS/Network/API/APIService.swift /Users/jacksonsweet/Desktop/OPS\ APP/OPS/OPS/Network/API/BubbleFields.swift /Users/jacksonsweet/Desktop/OPS\ APP/OPS/OPS/Network/Auth/AuthError.swift /Users/jacksonsweet/Desktop/OPS\ APP/OPS/OPS/Network/Auth/AuthManager.swift /Users/jacksonsweet/Desktop/OPS\ APP/OPS/OPS/Network/Auth/KeychainManager.swift /Users/jacksonsweet/Desktop/OPS\ APP/OPS/OPS/Network/DTOs/CompanyDTO.swift /Users/jacksonsweet/Desktop/OPS\ APP/OPS/OPS/Network/DTOs/ProjectDTO.swift /Users/jacksonsweet/Desktop/OPS\ APP/OPS/OPS/Network/DTOs/UserDTO.swift /Users/jacksonsweet/Desktop/OPS\ APP/OPS/OPS/Network/Endpoints/CompanyEndpoints.swift /Users/jacksonsweet/Desktop/OPS\ APP/OPS/OPS/Network/Endpoints/ProjectEndpoints.swift /Users/jacksonsweet/Desktop/OPS\ APP/OPS/OPS/Network/Endpoints/UserEndpoints.swift /Users/jacksonsweet/Desktop/OPS\ APP/OPS/OPS/Network/Sync/BackgroundTaskManager.swift /Users/jacksonsweet/Desktop/OPS\ APP/OPS/OPS/Network/Sync/SyncManager.swift /Users/jacksonsweet/Desktop/OPS\ APP/OPS/OPS/Network/ConnectivityMonitor.swift /Users/jacksonsweet/Desktop/OPS\ APP/OPS/OPS/Network/ImageSyncManager.swift /Users/jacksonsweet/Desktop/OPS\ APP/OPS/OPS/Onboarding/Coordinators/OnboardingCoordinator.swift /Users/jacksonsweet/Desktop/OPS\ APP/OPS/OPS/Onboarding/Models/OnboardingModels.swift /Users/jacksonsweet/Desktop/OPS\ APP/OPS/OPS/Onboarding/Services/OnboardingService.swift /Users/jacksonsweet/Desktop/OPS\ APP/OPS/OPS/Onboarding/ViewModels/OnboardingViewModel.swift /Users/jacksonsweet/Desktop/OPS\ APP/OPS/OPS/Onboarding/Views/Components/OnboardingComponents.swift /Users/jacksonsweet/Desktop/OPS\ APP/OPS/OPS/Onboarding/Views/Screens/AccountCreatedView.swift /Users/jacksonsweet/Desktop/OPS\ APP/OPS/OPS/Onboarding/Views/Screens/CompanyCodeView.swift /Users/jacksonsweet/Desktop/OPS\ APP/OPS/OPS/Onboarding/Views/Screens/CompanyCodeViewPreview.swift /Users/jacksonsweet/Desktop/OPS\ APP/OPS/OPS/Onboarding/Views/Screens/CompletionView.swift /Users/jacksonsweet/Desktop/OPS\ APP/OPS/OPS/Onboarding/Views/Screens/CompletionViewPreview.swift /Users/jacksonsweet/Desktop/OPS\ APP/OPS/OPS/Onboarding/Views/Screens/EmailView.swift /Users/jacksonsweet/Desktop/OPS\ APP/OPS/OPS/Onboarding/Views/Screens/FieldSetupView.swift /Users/jacksonsweet/Desktop/OPS\ APP/OPS/OPS/Onboarding/Views/Screens/NotificationsView.swift /Users/jacksonsweet/Desktop/OPS\ APP/OPS/OPS/Onboarding/Views/Screens/NotificationsViewPreview.swift /Users/jacksonsweet/Desktop/OPS\ APP/OPS/OPS/Onboarding/Views/Screens/OrganizationJoinView.swift /Users/jacksonsweet/Desktop/OPS\ APP/OPS/OPS/Onboarding/Views/Screens/PasswordView.swift /Users/jacksonsweet/Desktop/OPS\ APP/OPS/OPS/Onboarding/Views/Screens/PasswordViewPreview.swift /Users/jacksonsweet/Desktop/OPS\ APP/OPS/OPS/Onboarding/Views/Screens/PermissionsView.swift /Users/jacksonsweet/Desktop/OPS\ APP/OPS/OPS/Onboarding/Views/Screens/PermissionsViewPreview.swift /Users/jacksonsweet/Desktop/OPS\ APP/OPS/OPS/Onboarding/Views/Screens/PhoneNumberView.swift /Users/jacksonsweet/Desktop/OPS\ APP/OPS/OPS/Onboarding/Views/Screens/PhoneNumberViewPreview.swift /Users/jacksonsweet/Desktop/OPS\ APP/OPS/OPS/Onboarding/Views/Screens/UserInfoView.swift /Users/jacksonsweet/Desktop/OPS\ APP/OPS/OPS/Onboarding/Views/Screens/UserInfoViewPreview.swift /Users/jacksonsweet/Desktop/OPS\ APP/OPS/OPS/Onboarding/Views/Screens/VerifyPhoneView.swift /Users/jacksonsweet/Desktop/OPS\ APP/OPS/OPS/Onboarding/Views/Screens/WelcomeCompanyView.swift /Users/jacksonsweet/Desktop/OPS\ APP/OPS/OPS/Onboarding/Views/Screens/WelcomeCompanyViewPreview.swift /Users/jacksonsweet/Desktop/OPS\ APP/OPS/OPS/Onboarding/Views/Screens/WelcomeView.swift /Users/jacksonsweet/Desktop/OPS\ APP/OPS/OPS/Onboarding/Views/Screens/WelcomeViewPreview.swift /Users/jacksonsweet/Desktop/OPS\ APP/OPS/OPS/Onboarding/Views/OnboardingContainerView.swift /Users/jacksonsweet/Desktop/OPS\ APP/OPS/OPS/Onboarding/Views/OnboardingFlowPreview.swift /Users/jacksonsweet/Desktop/OPS\ APP/OPS/OPS/Onboarding/Views/OnboardingPresenter.swift /Users/jacksonsweet/Desktop/OPS\ APP/OPS/OPS/Onboarding/Views/OnboardingPreviewHelpers.swift /Users/jacksonsweet/Desktop/OPS\ APP/OPS/OPS/Styles/OPSStyle.swift /Users/jacksonsweet/Desktop/OPS\ APP/OPS/OPS/Utilities/AppConfiguration.swift /Users/jacksonsweet/Desktop/OPS\ APP/OPS/OPS/Utilities/ArrayTransformer.swift /Users/jacksonsweet/Desktop/OPS\ APP/OPS/OPS/Utilities/DataController.swift /Users/jacksonsweet/Desktop/OPS\ APP/OPS/OPS/Utilities/Dateformatter\ +Bubble.swift /Users/jacksonsweet/Desktop/OPS\ APP/OPS/OPS/Utilities/DateHelper.swift /Users/jacksonsweet/Desktop/OPS\ APP/OPS/OPS/Utilities/FieldErrorHandler.swift /Users/jacksonsweet/Desktop/OPS\ APP/OPS/OPS/Utilities/ImageCache.swift /Users/jacksonsweet/Desktop/OPS\ APP/OPS/OPS/Utilities/ImageFileManager.swift /Users/jacksonsweet/Desktop/OPS\ APP/OPS/OPS/Utilities/InProgressManager.swift /Users/jacksonsweet/Desktop/OPS\ APP/OPS/OPS/Utilities/KeyboardDismissalModifier.swift /Users/jacksonsweet/Desktop/OPS\ APP/OPS/OPS/Utilities/LocationManager.swift /Users/jacksonsweet/Desktop/OPS\ APP/OPS/OPS/Utilities/OnboardingEnvironmentKey.swift /Users/jacksonsweet/Desktop/OPS\ APP/OPS/OPS/Utilities/SwiftDataHelper.swift /Users/jacksonsweet/Desktop/OPS\ APP/OPS/OPS/Utilities/UIComponents.swift /Users/jacksonsweet/Desktop/OPS\ APP/OPS/OPS/V2/CertificationsSettingsView.swift /Users/jacksonsweet/Desktop/OPS\ APP/OPS/OPS/ViewModels/CalendarViewModel.swift /Users/jacksonsweet/Desktop/OPS\ APP/OPS/OPS/ViewModels/ProjectsViewModel.swift /Users/jacksonsweet/Desktop/OPS\ APP/OPS/OPS/Views/Calendar\ Tab/Components/CalendarDaySelector.swift /Users/jacksonsweet/Desktop/OPS\ APP/OPS/OPS/Views/Calendar\ Tab/Components/CalendarHeaderView.swift /Users/jacksonsweet/Desktop/OPS\ APP/OPS/OPS/Views/Calendar\ Tab/Components/CalendarProjectCard.swift -primary-file /Users/jacksonsweet/Desktop/OPS\ APP/OPS/OPS/Views/Calendar\ Tab/Components/CalendarToggleView.swift -primary-file /Users/jacksonsweet/Desktop/OPS\ APP/OPS/OPS/Views/Calendar\ Tab/Components/DatePickerPopover.swift -primary-file /Users/jacksonsweet/Desktop/OPS\ APP/OPS/OPS/Views/Calendar\ Tab/Components/DayCell.swift -primary-file /Users/jacksonsweet/Desktop/OPS\ APP/OPS/OPS/Views/Calendar\ Tab/ProjectViews/DayProjectSheet.swift -primary-file /Users/jacksonsweet/Desktop/OPS\ APP/OPS/OPS/Views/Calendar\ Tab/ProjectViews/ProjectListView.swift -primary-file /Users/jacksonsweet/Desktop/OPS\ APP/OPS/OPS/Views/Calendar\ Tab/MonthGridView.swift -primary-file /Users/jacksonsweet/Desktop/OPS\ APP/OPS/OPS/Views/Components/Common/AppHeader.swift -primary-file /Users/jacksonsweet/Desktop/OPS\ APP/OPS/OPS/Views/Components/Common/ExpandableNotesView.swift -primary-file /Users/jacksonsweet/Desktop/OPS\ APP/OPS/OPS/Views/Components/Common/LocationPermissionView.swift -primary-file /Users/jacksonsweet/Desktop/OPS\ APP/OPS/OPS/Views/Components/Common/NavigationBanner.swift -primary-file /Users/jacksonsweet/Desktop/OPS\ APP/OPS/OPS/Views/Components/Common/NavigationControlsView.swift -primary-file /Users/jacksonsweet/Desktop/OPS\ APP/OPS/OPS/Views/Components/Common/TabBarBackground.swift /Users/jacksonsweet/Desktop/OPS\ APP/OPS/OPS/Views/Components/Images/ImagePicker.swift /Users/jacksonsweet/Desktop/OPS\ APP/OPS/OPS/Views/Components/Images/ImagePickerView.swift /Users/jacksonsweet/Desktop/OPS\ APP/OPS/OPS/Views/Components/Images/ProjectImagesSection.swift /Users/jacksonsweet/Desktop/OPS\ APP/OPS/OPS/Views/Components/Images/ProjectImagesSimple.swift /Users/jacksonsweet/Desktop/OPS\ APP/OPS/OPS/Views/Components/Images/ProjectImageView.swift /Users/jacksonsweet/Desktop/OPS\ APP/OPS/OPS/Views/Components/Images/ProjectPhotosGrid.swift /Users/jacksonsweet/Desktop/OPS\ APP/OPS/OPS/Views/Components/Map/MiniMapView.swift /Users/jacksonsweet/Desktop/OPS\ APP/OPS/OPS/Views/Components/Map/ProjectMapAnnotation.swift /Users/jacksonsweet/Desktop/OPS\ APP/OPS/OPS/Views/Components/Map/ProjectMapView.swift /Users/jacksonsweet/Desktop/OPS\ APP/OPS/OPS/Views/Components/Map/ProjectMarkerPopup.swift /Users/jacksonsweet/Desktop/OPS\ APP/OPS/OPS/Views/Components/Map/RouteDirectionsView.swift /Users/jacksonsweet/Desktop/OPS\ APP/OPS/OPS/Views/Components/Project/ProjectActionBar.swift /Users/jacksonsweet/Desktop/OPS\ APP/OPS/OPS/Views/Components/Project/ProjectCard.swift /Users/jacksonsweet/Desktop/OPS\ APP/OPS/OPS/Views/Components/Project/ProjectCarousel.swift /Users/jacksonsweet/Desktop/OPS\ APP/OPS/OPS/Views/Components/Project/ProjectDetailsView.swift /Users/jacksonsweet/Desktop/OPS\ APP/OPS/OPS/Views/Components/Project/ProjectHeader.swift /Users/jacksonsweet/Desktop/OPS\ APP/OPS/OPS/Views/Components/Project/ProjectSheetContainer.swift /Users/jacksonsweet/Desktop/OPS\ APP/OPS/OPS/Views/Components/User/TeamMemberListView.swift /Users/jacksonsweet/Desktop/OPS\ APP/OPS/OPS/Views/Components/User/UserProfileCard.swift /Users/jacksonsweet/Desktop/OPS\ APP/OPS/OPS/Views/Home/HomeContentView.swift /Users/jacksonsweet/Desktop/OPS\ APP/OPS/OPS/Views/Home/HomeView.swift /Users/jacksonsweet/Desktop/OPS\ APP/OPS/OPS/Views/Settings/OrganizationSettingsView.swift /Users/jacksonsweet/Desktop/OPS\ APP/OPS/OPS/Views/Settings/ProfileSettingsView.swift /Users/jacksonsweet/Desktop/OPS\ APP/OPS/OPS/Views/Settings/ProjectHistorySettingsView.swift /Users/jacksonsweet/Desktop/OPS\ APP/OPS/OPS/Views/LoginView.swift /Users/jacksonsweet/Desktop/OPS\ APP/OPS/OPS/Views/LoginViewPreview.swift /Users/jacksonsweet/Desktop/OPS\ APP/OPS/OPS/Views/MainTabView.swift /Users/jacksonsweet/Desktop/OPS\ APP/OPS/OPS/Views/NetworkStatusIndicator.swift /Users/jacksonsweet/Desktop/OPS\ APP/OPS/OPS/Views/ScheduleView.swift /Users/jacksonsweet/Desktop/OPS\ APP/OPS/OPS/Views/SettingsView.swift /Users/jacksonsweet/Desktop/OPS\ APP/OPS/OPS/Views/SplashScreen.swift /Users/jacksonsweet/Desktop/OPS\ APP/OPS/OPS/AppState.swift /Users/jacksonsweet/Desktop/OPS\ APP/OPS/OPS/ContentView.swift /Users/jacksonsweet/Desktop/OPS\ APP/OPS/OPS/Item.swift /Users/jacksonsweet/Desktop/OPS\ APP/OPS/OPS/OPSApp.swift /Users/jacksonsweet/Library/Developer/Xcode/DerivedData/OPS-czavgtmnvamasvcjgszzuulfcsxj/Build/Intermediates.noindex/OPS.build/Debug-iphonesimulator/OPS.build/DerivedSources/GeneratedAssetSymbols.swift -supplementary-output-file-map /Users/jacksonsweet/Library/Developer/Xcode/DerivedData/OPS-czavgtmnvamasvcjgszzuulfcsxj/Build/Intermediates.noindex/OPS.build/Debug-iphonesimulator/OPS.build/Objects-normal/arm64/supplementaryOutputs-7 -emit-localized-strings -emit-localized-strings-path /Users/jacksonsweet/Library/Developer/Xcode/DerivedData/OPS-czavgtmnvamasvcjgszzuulfcsxj/Build/Intermediates.noindex/OPS.build/Debug-iphonesimulator/OPS.build/Objects-normal/arm64 -target arm64-apple-ios18.2-simulator -Xllvm -aarch64-use-tbi -enable-objc-interop -sdk /Applications/Xcode.app/Contents/Developer/Platforms/iPhoneSimulator.platform/Developer/SDKs/iPhoneSimulator18.2.sdk -I /Users/jacksonsweet/Library/Developer/Xcode/DerivedData/OPS-czavgtmnvamasvcjgszzuulfcsxj/Build/Products/Debug-iphonesimulator -F /Users/jacksonsweet/Library/Developer/Xcode/DerivedData/OPS-czavgtmnvamasvcjgszzuulfcsxj/Build/Products/Debug-iphonesimulator -no-color-diagnostics -enable-testing -g -debug-info-format\=dwarf -dwarf-version\=5 -module-cache-path /Users/jacksonsweet/Library/Developer/Xcode/DerivedData/ModuleCache.noindex -profile-generate -profile-coverage-mapping -swift-version 5 -enforce-exclusivity\=checked -Onone -D DEBUG -serialize-debugging-options -const-gather-protocols-file /Users/jacksonsweet/Library/Developer/Xcode/DerivedData/OPS-czavgtmnvamasvcjgszzuulfcsxj/Build/Intermediates.noindex/OPS.build/Debug-iphonesimulator/OPS.build/Objects-normal/arm64/OPS_const_extract_protocols.json -enable-experimental-feature DebugDescriptionMacro -enable-experimental-feature OpaqueTypeErasure -enable-bare-slash-regex -empty-abi-descriptor -validate-clang-modules-once -clang-build-session-file /Users/jacksonsweet/Library/Developer/Xcode/DerivedData/ModuleCache.noindex/Session.modulevalidation -Xcc -working-directory -Xcc /Users/jacksonsweet/Desktop/OPS\ APP/OPS -resource-dir /Applications/Xcode.app/Contents/Developer/Toolchains/XcodeDefault.xctoolchain/usr/lib/swift -enable-anonymous-context-mangled-names -file-compilation-dir /Users/jacksonsweet/Desktop/OPS\ APP/OPS -Xcc -D_LIBCPP_HARDENING_MODE\=_LIBCPP_HARDENING_MODE_DEBUG -Xcc -ivfsstatcache -Xcc /Users/jacksonsweet/Library/Developer/Xcode/DerivedData/SDKStatCaches.noindex/iphonesimulator18.2-22C146-07b28473f605e47e75261259d3ef3b5a.sdkstatcache -Xcc -I/Users/jacksonsweet/Library/Developer/Xcode/DerivedData/OPS-czavgtmnvamasvcjgszzuulfcsxj/Build/Intermediates.noindex/OPS.build/Debug-iphonesimulator/OPS.build/swift-overrides.hmap -Xcc -iquote -Xcc /Users/jacksonsweet/Library/Developer/Xcode/DerivedData/OPS-czavgtmnvamasvcjgszzuulfcsxj/Build/Intermediates.noindex/OPS.build/Debug-iphonesimulator/OPS.build/OPS-generated-files.hmap -Xcc -I/Users/jacksonsweet/Library/Developer/Xcode/DerivedData/OPS-czavgtmnvamasvcjgszzuulfcsxj/Build/Intermediates.noindex/OPS.build/Debug-iphonesimulator/OPS.build/OPS-own-target-headers.hmap -Xcc -I/Users/jacksonsweet/Library/Developer/Xcode/DerivedData/OPS-czavgtmnvamasvcjgszzuulfcsxj/Build/Intermediates.noindex/OPS.build/Debug-iphonesimulator/OPS.build/OPS-all-target-headers.hmap -Xcc -iquote -Xcc /Users/jacksonsweet/Library/Developer/Xcode/DerivedData/OPS-czavgtmnvamasvcjgszzuulfcsxj/Build/Intermediates.noindex/OPS.build/Debug-iphonesimulator/OPS.build/OPS-project-headers.hmap -Xcc -I/Users/jacksonsweet/Library/Developer/Xcode/DerivedData/OPS-czavgtmnvamasvcjgszzuulfcsxj/Build/Products/Debug-iphonesimulator/include -Xcc -I/Users/jacksonsweet/Library/Developer/Xcode/DerivedData/OPS-czavgtmnvamasvcjgszzuulfcsxj/Build/Intermediates.noindex/OPS.build/Debug-iphonesimulator/OPS.build/DerivedSources-normal/arm64 -Xcc -I/Users/jacksonsweet/Library/Developer/Xcode/DerivedData/OPS-czavgtmnvamasvcjgszzuulfcsxj/Build/Intermediates.noindex/OPS.build/Debug-iphonesimulator/OPS.build/DerivedSources/arm64 -Xcc -I/Users/jacksonsweet/Library/Developer/Xcode/DerivedData/OPS-czavgtmnvamasvcjgszzuulfcsxj/Build/Intermediates.noindex/OPS.build/Debug-iphonesimulator/OPS.build/DerivedSources -Xcc -DDEBUG\=1 -module-name OPS -frontend-parseable-output -disable-clang-spi -target-sdk-version 18.2 -target-sdk-name iphonesimulator18.2 -external-plugin-path /Applications/Xcode.app/Contents/Developer/Platforms/iPhoneOS.platform/Developer/usr/lib/swift/host/plugins\#/Applications/Xcode.app/Contents/Developer/Platforms/iPhoneOS.platform/Developer/usr/bin/swift-plugin-server -external-plugin-path /Applications/Xcode.app/Contents/Developer/Platforms/iPhoneOS.platform/Developer/usr/local/lib/swift/host/plugins\#/Applications/Xcode.app/Contents/Developer/Platforms/iPhoneOS.platform/Developer/usr/bin/swift-plugin-server -plugin-path /Applications/Xcode.app/Contents/Developer/Toolchains/XcodeDefault.xctoolchain/usr/lib/swift/host/plugins -plugin-path /Applications/Xcode.app/Contents/Developer/Toolchains/XcodeDefault.xctoolchain/usr/local/lib/swift/host/plugins -o /Users/jacksonsweet/Library/Developer/Xcode/DerivedData/OPS-czavgtmnvamasvcjgszzuulfcsxj/Build/Intermediates.noindex/OPS.build/Debug-iphonesimulator/OPS.build/Objects-normal/arm64/CalendarToggleView.o -o /Users/jacksonsweet/Library/Developer/Xcode/DerivedData/OPS-czavgtmnvamasvcjgszzuulfcsxj/Build/Intermediates.noindex/OPS.build/Debug-iphonesimulator/OPS.build/Objects-normal/arm64/DatePickerPopover.o -o /Users/jacksonsweet/Library/Developer/Xcode/DerivedData/OPS-czavgtmnvamasvcjgszzuulfcsxj/Build/Intermediates.noindex/OPS.build/Debug-iphonesimulator/OPS.build/Objects-normal/arm64/DayCell.o -o /Users/jacksonsweet/Library/Developer/Xcode/DerivedData/OPS-czavgtmnvamasvcjgszzuulfcsxj/Build/Intermediates.noindex/OPS.build/Debug-iphonesimulator/OPS.build/Objects-normal/arm64/DayProjectSheet.o -o /Users/jacksonsweet/Library/Developer/Xcode/DerivedData/OPS-czavgtmnvamasvcjgszzuulfcsxj/Build/Intermediates.noindex/OPS.build/Debug-iphonesimulator/OPS.build/Objects-normal/arm64/ProjectListView.o -o /Users/jacksonsweet/Library/Developer/Xcode/DerivedData/OPS-czavgtmnvamasvcjgszzuulfcsxj/Build/Intermediates.noindex/OPS.build/Debug-iphonesimulator/OPS.build/Objects-normal/arm64/MonthGridView.o -o /Users/jacksonsweet/Library/Developer/Xcode/DerivedData/OPS-czavgtmnvamasvcjgszzuulfcsxj/Build/Intermediates.noindex/OPS.build/Debug-iphonesimulator/OPS.build/Objects-normal/arm64/AppHeader.o -o /Users/jacksonsweet/Library/Developer/Xcode/DerivedData/OPS-czavgtmnvamasvcjgszzuulfcsxj/Build/Intermediates.noindex/OPS.build/Debug-iphonesimulator/OPS.build/Objects-normal/arm64/ExpandableNotesView.o -o /Users/jacksonsweet/Library/Developer/Xcode/DerivedData/OPS-czavgtmnvamasvcjgszzuulfcsxj/Build/Intermediates.noindex/OPS.build/Debug-iphonesimulator/OPS.build/Objects-normal/arm64/LocationPermissionView.o -o /Users/jacksonsweet/Library/Developer/Xcode/DerivedData/OPS-czavgtmnvamasvcjgszzuulfcsxj/Build/Intermediates.noindex/OPS.build/Debug-iphonesimulator/OPS.build/Objects-normal/arm64/NavigationBanner.o -o /Users/jacksonsweet/Library/Developer/Xcode/DerivedData/OPS-czavgtmnvamasvcjgszzuulfcsxj/Build/Intermediates.noindex/OPS.build/Debug-iphonesimulator/OPS.build/Objects-normal/arm64/NavigationControlsView.o -o /Users/jacksonsweet/Library/Developer/Xcode/DerivedData/OPS-czavgtmnvamasvcjgszzuulfcsxj/Build/Intermediates.noindex/OPS.build/Debug-iphonesimulator/OPS.build/Objects-normal/arm64/TabBarBackground.o -index-unit-output-path /OPS.build/Debug-iphonesimulator/OPS.build/Objects-normal/arm64/CalendarToggleView.o -index-unit-output-path /OPS.build/Debug-iphonesimulator/OPS.build/Objects-normal/arm64/DatePickerPopover.o -index-unit-output-path /OPS.build/Debug-iphonesimulator/OPS.build/Objects-normal/arm64/DayCell.o -index-unit-output-path /OPS.build/Debug-iphonesimulator/OPS.build/Objects-normal/arm64/DayProjectSheet.o -index-unit-output-path /OPS.build/Debug-iphonesimulator/OPS.build/Objects-normal/arm64/ProjectListView.o -index-unit-output-path /OPS.build/Debug-iphonesimulator/OPS.build/Objects-normal/arm64/MonthGridView.o -index-unit-output-path /OPS.build/Debug-iphonesimulator/OPS.build/Objects-normal/arm64/AppHeader.o -index-unit-output-path /OPS.build/Debug-iphonesimulator/OPS.build/Objects-normal/arm64/ExpandableNotesView.o -index-unit-output-path /OPS.build/Debug-iphonesimulator/OPS.build/Objects-normal/arm64/LocationPermissionView.o -index-unit-output-path /OPS.build/Debug-iphonesimulator/OPS.build/Objects-normal/arm64/NavigationBanner.o -index-unit-output-path /OPS.build/Debug-iphonesimulator/OPS.build/Objects-normal/arm64/NavigationControlsView.o -index-unit-output-path /OPS.build/Debug-iphonesimulator/OPS.build/Objects-normal/arm64/TabBarBackground.o -index-store-path /Users/jacksonsweet/Library/Developer/Xcode/DerivedData/OPS-czavgtmnvamasvcjgszzuulfcsxj/Index.noindex/DataStore -index-system-modules

SwiftCompile normal arm64 /Users/jacksonsweet/Desktop/OPS\ APP/OPS/OPS/Views/Calendar\ Tab/ProjectViews/DayProjectSheet.swift (in target 'OPS' from project 'OPS')
    cd /Users/jacksonsweet/Desktop/OPS\ APP/OPS
    /Applications/Xcode.app/Contents/Developer/Toolchains/XcodeDefault.xctoolchain/usr/bin/swift-frontend -c /Users/jacksonsweet/Desktop/OPS\ APP/OPS/OPS/DataModels/BubbleImage.swift /Users/jacksonsweet/Desktop/OPS\ APP/OPS/OPS/DataModels/BubbleTypes.swift /Users/jacksonsweet/Desktop/OPS\ APP/OPS/OPS/DataModels/Company.swift /Users/jacksonsweet/Desktop/OPS\ APP/OPS/OPS/DataModels/Project.swift /Users/jacksonsweet/Desktop/OPS\ APP/OPS/OPS/DataModels/Status.swift /Users/jacksonsweet/Desktop/OPS\ APP/OPS/OPS/DataModels/User.swift /Users/jacksonsweet/Desktop/OPS\ APP/OPS/OPS/DataModels/UserRole.swift /Users/jacksonsweet/Desktop/OPS\ APP/OPS/OPS/Extensions/UIImage+Extensions.swift /Users/jacksonsweet/Desktop/OPS\ APP/OPS/OPS/Network/API/APIError.swift /Users/jacksonsweet/Desktop/OPS\ APP/OPS/OPS/Network/API/APIService.swift /Users/jacksonsweet/Desktop/OPS\ APP/OPS/OPS/Network/API/BubbleFields.swift /Users/jacksonsweet/Desktop/OPS\ APP/OPS/OPS/Network/Auth/AuthError.swift /Users/jacksonsweet/Desktop/OPS\ APP/OPS/OPS/Network/Auth/AuthManager.swift /Users/jacksonsweet/Desktop/OPS\ APP/OPS/OPS/Network/Auth/KeychainManager.swift /Users/jacksonsweet/Desktop/OPS\ APP/OPS/OPS/Network/DTOs/CompanyDTO.swift /Users/jacksonsweet/Desktop/OPS\ APP/OPS/OPS/Network/DTOs/ProjectDTO.swift /Users/jacksonsweet/Desktop/OPS\ APP/OPS/OPS/Network/DTOs/UserDTO.swift /Users/jacksonsweet/Desktop/OPS\ APP/OPS/OPS/Network/Endpoints/CompanyEndpoints.swift /Users/jacksonsweet/Desktop/OPS\ APP/OPS/OPS/Network/Endpoints/ProjectEndpoints.swift /Users/jacksonsweet/Desktop/OPS\ APP/OPS/OPS/Network/Endpoints/UserEndpoints.swift /Users/jacksonsweet/Desktop/OPS\ APP/OPS/OPS/Network/Sync/BackgroundTaskManager.swift /Users/jacksonsweet/Desktop/OPS\ APP/OPS/OPS/Network/Sync/SyncManager.swift /Users/jacksonsweet/Desktop/OPS\ APP/OPS/OPS/Network/ConnectivityMonitor.swift /Users/jacksonsweet/Desktop/OPS\ APP/OPS/OPS/Network/ImageSyncManager.swift /Users/jacksonsweet/Desktop/OPS\ APP/OPS/OPS/Onboarding/Coordinators/OnboardingCoordinator.swift /Users/jacksonsweet/Desktop/OPS\ APP/OPS/OPS/Onboarding/Models/OnboardingModels.swift /Users/jacksonsweet/Desktop/OPS\ APP/OPS/OPS/Onboarding/Services/OnboardingService.swift /Users/jacksonsweet/Desktop/OPS\ APP/OPS/OPS/Onboarding/ViewModels/OnboardingViewModel.swift /Users/jacksonsweet/Desktop/OPS\ APP/OPS/OPS/Onboarding/Views/Components/OnboardingComponents.swift /Users/jacksonsweet/Desktop/OPS\ APP/OPS/OPS/Onboarding/Views/Screens/AccountCreatedView.swift /Users/jacksonsweet/Desktop/OPS\ APP/OPS/OPS/Onboarding/Views/Screens/CompanyCodeView.swift /Users/jacksonsweet/Desktop/OPS\ APP/OPS/OPS/Onboarding/Views/Screens/CompanyCodeViewPreview.swift /Users/jacksonsweet/Desktop/OPS\ APP/OPS/OPS/Onboarding/Views/Screens/CompletionView.swift /Users/jacksonsweet/Desktop/OPS\ APP/OPS/OPS/Onboarding/Views/Screens/CompletionViewPreview.swift /Users/jacksonsweet/Desktop/OPS\ APP/OPS/OPS/Onboarding/Views/Screens/EmailView.swift /Users/jacksonsweet/Desktop/OPS\ APP/OPS/OPS/Onboarding/Views/Screens/FieldSetupView.swift /Users/jacksonsweet/Desktop/OPS\ APP/OPS/OPS/Onboarding/Views/Screens/NotificationsView.swift /Users/jacksonsweet/Desktop/OPS\ APP/OPS/OPS/Onboarding/Views/Screens/NotificationsViewPreview.swift /Users/jacksonsweet/Desktop/OPS\ APP/OPS/OPS/Onboarding/Views/Screens/OrganizationJoinView.swift /Users/jacksonsweet/Desktop/OPS\ APP/OPS/OPS/Onboarding/Views/Screens/PasswordView.swift /Users/jacksonsweet/Desktop/OPS\ APP/OPS/OPS/Onboarding/Views/Screens/PasswordViewPreview.swift /Users/jacksonsweet/Desktop/OPS\ APP/OPS/OPS/Onboarding/Views/Screens/PermissionsView.swift /Users/jacksonsweet/Desktop/OPS\ APP/OPS/OPS/Onboarding/Views/Screens/PermissionsViewPreview.swift /Users/jacksonsweet/Desktop/OPS\ APP/OPS/OPS/Onboarding/Views/Screens/PhoneNumberView.swift /Users/jacksonsweet/Desktop/OPS\ APP/OPS/OPS/Onboarding/Views/Screens/PhoneNumberViewPreview.swift /Users/jacksonsweet/Desktop/OPS\ APP/OPS/OPS/Onboarding/Views/Screens/UserInfoView.swift /Users/jacksonsweet/Desktop/OPS\ APP/OPS/OPS/Onboarding/Views/Screens/UserInfoViewPreview.swift /Users/jacksonsweet/Desktop/OPS\ APP/OPS/OPS/Onboarding/Views/Screens/VerifyPhoneView.swift /Users/jacksonsweet/Desktop/OPS\ APP/OPS/OPS/Onboarding/Views/Screens/WelcomeCompanyView.swift /Users/jacksonsweet/Desktop/OPS\ APP/OPS/OPS/Onboarding/Views/Screens/WelcomeCompanyViewPreview.swift /Users/jacksonsweet/Desktop/OPS\ APP/OPS/OPS/Onboarding/Views/Screens/WelcomeView.swift /Users/jacksonsweet/Desktop/OPS\ APP/OPS/OPS/Onboarding/Views/Screens/WelcomeViewPreview.swift /Users/jacksonsweet/Desktop/OPS\ APP/OPS/OPS/Onboarding/Views/OnboardingContainerView.swift /Users/jacksonsweet/Desktop/OPS\ APP/OPS/OPS/Onboarding/Views/OnboardingFlowPreview.swift /Users/jacksonsweet/Desktop/OPS\ APP/OPS/OPS/Onboarding/Views/OnboardingPresenter.swift /Users/jacksonsweet/Desktop/OPS\ APP/OPS/OPS/Onboarding/Views/OnboardingPreviewHelpers.swift /Users/jacksonsweet/Desktop/OPS\ APP/OPS/OPS/Styles/OPSStyle.swift /Users/jacksonsweet/Desktop/OPS\ APP/OPS/OPS/Utilities/AppConfiguration.swift /Users/jacksonsweet/Desktop/OPS\ APP/OPS/OPS/Utilities/ArrayTransformer.swift /Users/jacksonsweet/Desktop/OPS\ APP/OPS/OPS/Utilities/DataController.swift /Users/jacksonsweet/Desktop/OPS\ APP/OPS/OPS/Utilities/Dateformatter\ +Bubble.swift /Users/jacksonsweet/Desktop/OPS\ APP/OPS/OPS/Utilities/DateHelper.swift /Users/jacksonsweet/Desktop/OPS\ APP/OPS/OPS/Utilities/FieldErrorHandler.swift /Users/jacksonsweet/Desktop/OPS\ APP/OPS/OPS/Utilities/ImageCache.swift /Users/jacksonsweet/Desktop/OPS\ APP/OPS/OPS/Utilities/ImageFileManager.swift /Users/jacksonsweet/Desktop/OPS\ APP/OPS/OPS/Utilities/InProgressManager.swift /Users/jacksonsweet/Desktop/OPS\ APP/OPS/OPS/Utilities/KeyboardDismissalModifier.swift /Users/jacksonsweet/Desktop/OPS\ APP/OPS/OPS/Utilities/LocationManager.swift /Users/jacksonsweet/Desktop/OPS\ APP/OPS/OPS/Utilities/OnboardingEnvironmentKey.swift /Users/jacksonsweet/Desktop/OPS\ APP/OPS/OPS/Utilities/SwiftDataHelper.swift /Users/jacksonsweet/Desktop/OPS\ APP/OPS/OPS/Utilities/UIComponents.swift /Users/jacksonsweet/Desktop/OPS\ APP/OPS/OPS/V2/CertificationsSettingsView.swift /Users/jacksonsweet/Desktop/OPS\ APP/OPS/OPS/ViewModels/CalendarViewModel.swift /Users/jacksonsweet/Desktop/OPS\ APP/OPS/OPS/ViewModels/ProjectsViewModel.swift /Users/jacksonsweet/Desktop/OPS\ APP/OPS/OPS/Views/Calendar\ Tab/Components/CalendarDaySelector.swift /Users/jacksonsweet/Desktop/OPS\ APP/OPS/OPS/Views/Calendar\ Tab/Components/CalendarHeaderView.swift /Users/jacksonsweet/Desktop/OPS\ APP/OPS/OPS/Views/Calendar\ Tab/Components/CalendarProjectCard.swift -primary-file /Users/jacksonsweet/Desktop/OPS\ APP/OPS/OPS/Views/Calendar\ Tab/Components/CalendarToggleView.swift -primary-file /Users/jacksonsweet/Desktop/OPS\ APP/OPS/OPS/Views/Calendar\ Tab/Components/DatePickerPopover.swift -primary-file /Users/jacksonsweet/Desktop/OPS\ APP/OPS/OPS/Views/Calendar\ Tab/Components/DayCell.swift -primary-file /Users/jacksonsweet/Desktop/OPS\ APP/OPS/OPS/Views/Calendar\ Tab/ProjectViews/DayProjectSheet.swift -primary-file /Users/jacksonsweet/Desktop/OPS\ APP/OPS/OPS/Views/Calendar\ Tab/ProjectViews/ProjectListView.swift -primary-file /Users/jacksonsweet/Desktop/OPS\ APP/OPS/OPS/Views/Calendar\ Tab/MonthGridView.swift -primary-file /Users/jacksonsweet/Desktop/OPS\ APP/OPS/OPS/Views/Components/Common/AppHeader.swift -primary-file /Users/jacksonsweet/Desktop/OPS\ APP/OPS/OPS/Views/Components/Common/ExpandableNotesView.swift -primary-file /Users/jacksonsweet/Desktop/OPS\ APP/OPS/OPS/Views/Components/Common/LocationPermissionView.swift -primary-file /Users/jacksonsweet/Desktop/OPS\ APP/OPS/OPS/Views/Components/Common/NavigationBanner.swift -primary-file /Users/jacksonsweet/Desktop/OPS\ APP/OPS/OPS/Views/Components/Common/NavigationControlsView.swift -primary-file /Users/jacksonsweet/Desktop/OPS\ APP/OPS/OPS/Views/Components/Common/TabBarBackground.swift /Users/jacksonsweet/Desktop/OPS\ APP/OPS/OPS/Views/Components/Images/ImagePicker.swift /Users/jacksonsweet/Desktop/OPS\ APP/OPS/OPS/Views/Components/Images/ImagePickerView.swift /Users/jacksonsweet/Desktop/OPS\ APP/OPS/OPS/Views/Components/Images/ProjectImagesSection.swift /Users/jacksonsweet/Desktop/OPS\ APP/OPS/OPS/Views/Components/Images/ProjectImagesSimple.swift /Users/jacksonsweet/Desktop/OPS\ APP/OPS/OPS/Views/Components/Images/ProjectImageView.swift /Users/jacksonsweet/Desktop/OPS\ APP/OPS/OPS/Views/Components/Images/ProjectPhotosGrid.swift /Users/jacksonsweet/Desktop/OPS\ APP/OPS/OPS/Views/Components/Map/MiniMapView.swift /Users/jacksonsweet/Desktop/OPS\ APP/OPS/OPS/Views/Components/Map/ProjectMapAnnotation.swift /Users/jacksonsweet/Desktop/OPS\ APP/OPS/OPS/Views/Components/Map/ProjectMapView.swift /Users/jacksonsweet/Desktop/OPS\ APP/OPS/OPS/Views/Components/Map/ProjectMarkerPopup.swift /Users/jacksonsweet/Desktop/OPS\ APP/OPS/OPS/Views/Components/Map/RouteDirectionsView.swift /Users/jacksonsweet/Desktop/OPS\ APP/OPS/OPS/Views/Components/Project/ProjectActionBar.swift /Users/jacksonsweet/Desktop/OPS\ APP/OPS/OPS/Views/Components/Project/ProjectCard.swift /Users/jacksonsweet/Desktop/OPS\ APP/OPS/OPS/Views/Components/Project/ProjectCarousel.swift /Users/jacksonsweet/Desktop/OPS\ APP/OPS/OPS/Views/Components/Project/ProjectDetailsView.swift /Users/jacksonsweet/Desktop/OPS\ APP/OPS/OPS/Views/Components/Project/ProjectHeader.swift /Users/jacksonsweet/Desktop/OPS\ APP/OPS/OPS/Views/Components/Project/ProjectSheetContainer.swift /Users/jacksonsweet/Desktop/OPS\ APP/OPS/OPS/Views/Components/User/TeamMemberListView.swift /Users/jacksonsweet/Desktop/OPS\ APP/OPS/OPS/Views/Components/User/UserProfileCard.swift /Users/jacksonsweet/Desktop/OPS\ APP/OPS/OPS/Views/Home/HomeContentView.swift /Users/jacksonsweet/Desktop/OPS\ APP/OPS/OPS/Views/Home/HomeView.swift /Users/jacksonsweet/Desktop/OPS\ APP/OPS/OPS/Views/Settings/OrganizationSettingsView.swift /Users/jacksonsweet/Desktop/OPS\ APP/OPS/OPS/Views/Settings/ProfileSettingsView.swift /Users/jacksonsweet/Desktop/OPS\ APP/OPS/OPS/Views/Settings/ProjectHistorySettingsView.swift /Users/jacksonsweet/Desktop/OPS\ APP/OPS/OPS/Views/LoginView.swift /Users/jacksonsweet/Desktop/OPS\ APP/OPS/OPS/Views/LoginViewPreview.swift /Users/jacksonsweet/Desktop/OPS\ APP/OPS/OPS/Views/MainTabView.swift /Users/jacksonsweet/Desktop/OPS\ APP/OPS/OPS/Views/NetworkStatusIndicator.swift /Users/jacksonsweet/Desktop/OPS\ APP/OPS/OPS/Views/ScheduleView.swift /Users/jacksonsweet/Desktop/OPS\ APP/OPS/OPS/Views/SettingsView.swift /Users/jacksonsweet/Desktop/OPS\ APP/OPS/OPS/Views/SplashScreen.swift /Users/jacksonsweet/Desktop/OPS\ APP/OPS/OPS/AppState.swift /Users/jacksonsweet/Desktop/OPS\ APP/OPS/OPS/ContentView.swift /Users/jacksonsweet/Desktop/OPS\ APP/OPS/OPS/Item.swift /Users/jacksonsweet/Desktop/OPS\ APP/OPS/OPS/OPSApp.swift /Users/jacksonsweet/Library/Developer/Xcode/DerivedData/OPS-czavgtmnvamasvcjgszzuulfcsxj/Build/Intermediates.noindex/OPS.build/Debug-iphonesimulator/OPS.build/DerivedSources/GeneratedAssetSymbols.swift -supplementary-output-file-map /Users/jacksonsweet/Library/Developer/Xcode/DerivedData/OPS-czavgtmnvamasvcjgszzuulfcsxj/Build/Intermediates.noindex/OPS.build/Debug-iphonesimulator/OPS.build/Objects-normal/arm64/supplementaryOutputs-7 -emit-localized-strings -emit-localized-strings-path /Users/jacksonsweet/Library/Developer/Xcode/DerivedData/OPS-czavgtmnvamasvcjgszzuulfcsxj/Build/Intermediates.noindex/OPS.build/Debug-iphonesimulator/OPS.build/Objects-normal/arm64 -target arm64-apple-ios18.2-simulator -Xllvm -aarch64-use-tbi -enable-objc-interop -sdk /Applications/Xcode.app/Contents/Developer/Platforms/iPhoneSimulator.platform/Developer/SDKs/iPhoneSimulator18.2.sdk -I /Users/jacksonsweet/Library/Developer/Xcode/DerivedData/OPS-czavgtmnvamasvcjgszzuulfcsxj/Build/Products/Debug-iphonesimulator -F /Users/jacksonsweet/Library/Developer/Xcode/DerivedData/OPS-czavgtmnvamasvcjgszzuulfcsxj/Build/Products/Debug-iphonesimulator -no-color-diagnostics -enable-testing -g -debug-info-format\=dwarf -dwarf-version\=5 -module-cache-path /Users/jacksonsweet/Library/Developer/Xcode/DerivedData/ModuleCache.noindex -profile-generate -profile-coverage-mapping -swift-version 5 -enforce-exclusivity\=checked -Onone -D DEBUG -serialize-debugging-options -const-gather-protocols-file /Users/jacksonsweet/Library/Developer/Xcode/DerivedData/OPS-czavgtmnvamasvcjgszzuulfcsxj/Build/Intermediates.noindex/OPS.build/Debug-iphonesimulator/OPS.build/Objects-normal/arm64/OPS_const_extract_protocols.json -enable-experimental-feature DebugDescriptionMacro -enable-experimental-feature OpaqueTypeErasure -enable-bare-slash-regex -empty-abi-descriptor -validate-clang-modules-once -clang-build-session-file /Users/jacksonsweet/Library/Developer/Xcode/DerivedData/ModuleCache.noindex/Session.modulevalidation -Xcc -working-directory -Xcc /Users/jacksonsweet/Desktop/OPS\ APP/OPS -resource-dir /Applications/Xcode.app/Contents/Developer/Toolchains/XcodeDefault.xctoolchain/usr/lib/swift -enable-anonymous-context-mangled-names -file-compilation-dir /Users/jacksonsweet/Desktop/OPS\ APP/OPS -Xcc -D_LIBCPP_HARDENING_MODE\=_LIBCPP_HARDENING_MODE_DEBUG -Xcc -ivfsstatcache -Xcc /Users/jacksonsweet/Library/Developer/Xcode/DerivedData/SDKStatCaches.noindex/iphonesimulator18.2-22C146-07b28473f605e47e75261259d3ef3b5a.sdkstatcache -Xcc -I/Users/jacksonsweet/Library/Developer/Xcode/DerivedData/OPS-czavgtmnvamasvcjgszzuulfcsxj/Build/Intermediates.noindex/OPS.build/Debug-iphonesimulator/OPS.build/swift-overrides.hmap -Xcc -iquote -Xcc /Users/jacksonsweet/Library/Developer/Xcode/DerivedData/OPS-czavgtmnvamasvcjgszzuulfcsxj/Build/Intermediates.noindex/OPS.build/Debug-iphonesimulator/OPS.build/OPS-generated-files.hmap -Xcc -I/Users/jacksonsweet/Library/Developer/Xcode/DerivedData/OPS-czavgtmnvamasvcjgszzuulfcsxj/Build/Intermediates.noindex/OPS.build/Debug-iphonesimulator/OPS.build/OPS-own-target-headers.hmap -Xcc -I/Users/jacksonsweet/Library/Developer/Xcode/DerivedData/OPS-czavgtmnvamasvcjgszzuulfcsxj/Build/Intermediates.noindex/OPS.build/Debug-iphonesimulator/OPS.build/OPS-all-target-headers.hmap -Xcc -iquote -Xcc /Users/jacksonsweet/Library/Developer/Xcode/DerivedData/OPS-czavgtmnvamasvcjgszzuulfcsxj/Build/Intermediates.noindex/OPS.build/Debug-iphonesimulator/OPS.build/OPS-project-headers.hmap -Xcc -I/Users/jacksonsweet/Library/Developer/Xcode/DerivedData/OPS-czavgtmnvamasvcjgszzuulfcsxj/Build/Products/Debug-iphonesimulator/include -Xcc -I/Users/jacksonsweet/Library/Developer/Xcode/DerivedData/OPS-czavgtmnvamasvcjgszzuulfcsxj/Build/Intermediates.noindex/OPS.build/Debug-iphonesimulator/OPS.build/DerivedSources-normal/arm64 -Xcc -I/Users/jacksonsweet/Library/Developer/Xcode/DerivedData/OPS-czavgtmnvamasvcjgszzuulfcsxj/Build/Intermediates.noindex/OPS.build/Debug-iphonesimulator/OPS.build/DerivedSources/arm64 -Xcc -I/Users/jacksonsweet/Library/Developer/Xcode/DerivedData/OPS-czavgtmnvamasvcjgszzuulfcsxj/Build/Intermediates.noindex/OPS.build/Debug-iphonesimulator/OPS.build/DerivedSources -Xcc -DDEBUG\=1 -module-name OPS -frontend-parseable-output -disable-clang-spi -target-sdk-version 18.2 -target-sdk-name iphonesimulator18.2 -external-plugin-path /Applications/Xcode.app/Contents/Developer/Platforms/iPhoneOS.platform/Developer/usr/lib/swift/host/plugins\#/Applications/Xcode.app/Contents/Developer/Platforms/iPhoneOS.platform/Developer/usr/bin/swift-plugin-server -external-plugin-path /Applications/Xcode.app/Contents/Developer/Platforms/iPhoneOS.platform/Developer/usr/local/lib/swift/host/plugins\#/Applications/Xcode.app/Contents/Developer/Platforms/iPhoneOS.platform/Developer/usr/bin/swift-plugin-server -plugin-path /Applications/Xcode.app/Contents/Developer/Toolchains/XcodeDefault.xctoolchain/usr/lib/swift/host/plugins -plugin-path /Applications/Xcode.app/Contents/Developer/Toolchains/XcodeDefault.xctoolchain/usr/local/lib/swift/host/plugins -o /Users/jacksonsweet/Library/Developer/Xcode/DerivedData/OPS-czavgtmnvamasvcjgszzuulfcsxj/Build/Intermediates.noindex/OPS.build/Debug-iphonesimulator/OPS.build/Objects-normal/arm64/CalendarToggleView.o -o /Users/jacksonsweet/Library/Developer/Xcode/DerivedData/OPS-czavgtmnvamasvcjgszzuulfcsxj/Build/Intermediates.noindex/OPS.build/Debug-iphonesimulator/OPS.build/Objects-normal/arm64/DatePickerPopover.o -o /Users/jacksonsweet/Library/Developer/Xcode/DerivedData/OPS-czavgtmnvamasvcjgszzuulfcsxj/Build/Intermediates.noindex/OPS.build/Debug-iphonesimulator/OPS.build/Objects-normal/arm64/DayCell.o -o /Users/jacksonsweet/Library/Developer/Xcode/DerivedData/OPS-czavgtmnvamasvcjgszzuulfcsxj/Build/Intermediates.noindex/OPS.build/Debug-iphonesimulator/OPS.build/Objects-normal/arm64/DayProjectSheet.o -o /Users/jacksonsweet/Library/Developer/Xcode/DerivedData/OPS-czavgtmnvamasvcjgszzuulfcsxj/Build/Intermediates.noindex/OPS.build/Debug-iphonesimulator/OPS.build/Objects-normal/arm64/ProjectListView.o -o /Users/jacksonsweet/Library/Developer/Xcode/DerivedData/OPS-czavgtmnvamasvcjgszzuulfcsxj/Build/Intermediates.noindex/OPS.build/Debug-iphonesimulator/OPS.build/Objects-normal/arm64/MonthGridView.o -o /Users/jacksonsweet/Library/Developer/Xcode/DerivedData/OPS-czavgtmnvamasvcjgszzuulfcsxj/Build/Intermediates.noindex/OPS.build/Debug-iphonesimulator/OPS.build/Objects-normal/arm64/AppHeader.o -o /Users/jacksonsweet/Library/Developer/Xcode/DerivedData/OPS-czavgtmnvamasvcjgszzuulfcsxj/Build/Intermediates.noindex/OPS.build/Debug-iphonesimulator/OPS.build/Objects-normal/arm64/ExpandableNotesView.o -o /Users/jacksonsweet/Library/Developer/Xcode/DerivedData/OPS-czavgtmnvamasvcjgszzuulfcsxj/Build/Intermediates.noindex/OPS.build/Debug-iphonesimulator/OPS.build/Objects-normal/arm64/LocationPermissionView.o -o /Users/jacksonsweet/Library/Developer/Xcode/DerivedData/OPS-czavgtmnvamasvcjgszzuulfcsxj/Build/Intermediates.noindex/OPS.build/Debug-iphonesimulator/OPS.build/Objects-normal/arm64/NavigationBanner.o -o /Users/jacksonsweet/Library/Developer/Xcode/DerivedData/OPS-czavgtmnvamasvcjgszzuulfcsxj/Build/Intermediates.noindex/OPS.build/Debug-iphonesimulator/OPS.build/Objects-normal/arm64/NavigationControlsView.o -o /Users/jacksonsweet/Library/Developer/Xcode/DerivedData/OPS-czavgtmnvamasvcjgszzuulfcsxj/Build/Intermediates.noindex/OPS.build/Debug-iphonesimulator/OPS.build/Objects-normal/arm64/TabBarBackground.o -index-unit-output-path /OPS.build/Debug-iphonesimulator/OPS.build/Objects-normal/arm64/CalendarToggleView.o -index-unit-output-path /OPS.build/Debug-iphonesimulator/OPS.build/Objects-normal/arm64/DatePickerPopover.o -index-unit-output-path /OPS.build/Debug-iphonesimulator/OPS.build/Objects-normal/arm64/DayCell.o -index-unit-output-path /OPS.build/Debug-iphonesimulator/OPS.build/Objects-normal/arm64/DayProjectSheet.o -index-unit-output-path /OPS.build/Debug-iphonesimulator/OPS.build/Objects-normal/arm64/ProjectListView.o -index-unit-output-path /OPS.build/Debug-iphonesimulator/OPS.build/Objects-normal/arm64/MonthGridView.o -index-unit-output-path /OPS.build/Debug-iphonesimulator/OPS.build/Objects-normal/arm64/AppHeader.o -index-unit-output-path /OPS.build/Debug-iphonesimulator/OPS.build/Objects-normal/arm64/ExpandableNotesView.o -index-unit-output-path /OPS.build/Debug-iphonesimulator/OPS.build/Objects-normal/arm64/LocationPermissionView.o -index-unit-output-path /OPS.build/Debug-iphonesimulator/OPS.build/Objects-normal/arm64/NavigationBanner.o -index-unit-output-path /OPS.build/Debug-iphonesimulator/OPS.build/Objects-normal/arm64/NavigationControlsView.o -index-unit-output-path /OPS.build/Debug-iphonesimulator/OPS.build/Objects-normal/arm64/TabBarBackground.o -index-store-path /Users/jacksonsweet/Library/Developer/Xcode/DerivedData/OPS-czavgtmnvamasvcjgszzuulfcsxj/Index.noindex/DataStore -index-system-modules

SwiftCompile normal arm64 /Users/jacksonsweet/Desktop/OPS\ APP/OPS/OPS/Views/Calendar\ Tab/ProjectViews/ProjectListView.swift (in target 'OPS' from project 'OPS')
    cd /Users/jacksonsweet/Desktop/OPS\ APP/OPS
    /Applications/Xcode.app/Contents/Developer/Toolchains/XcodeDefault.xctoolchain/usr/bin/swift-frontend -c /Users/jacksonsweet/Desktop/OPS\ APP/OPS/OPS/DataModels/BubbleImage.swift /Users/jacksonsweet/Desktop/OPS\ APP/OPS/OPS/DataModels/BubbleTypes.swift /Users/jacksonsweet/Desktop/OPS\ APP/OPS/OPS/DataModels/Company.swift /Users/jacksonsweet/Desktop/OPS\ APP/OPS/OPS/DataModels/Project.swift /Users/jacksonsweet/Desktop/OPS\ APP/OPS/OPS/DataModels/Status.swift /Users/jacksonsweet/Desktop/OPS\ APP/OPS/OPS/DataModels/User.swift /Users/jacksonsweet/Desktop/OPS\ APP/OPS/OPS/DataModels/UserRole.swift /Users/jacksonsweet/Desktop/OPS\ APP/OPS/OPS/Extensions/UIImage+Extensions.swift /Users/jacksonsweet/Desktop/OPS\ APP/OPS/OPS/Network/API/APIError.swift /Users/jacksonsweet/Desktop/OPS\ APP/OPS/OPS/Network/API/APIService.swift /Users/jacksonsweet/Desktop/OPS\ APP/OPS/OPS/Network/API/BubbleFields.swift /Users/jacksonsweet/Desktop/OPS\ APP/OPS/OPS/Network/Auth/AuthError.swift /Users/jacksonsweet/Desktop/OPS\ APP/OPS/OPS/Network/Auth/AuthManager.swift /Users/jacksonsweet/Desktop/OPS\ APP/OPS/OPS/Network/Auth/KeychainManager.swift /Users/jacksonsweet/Desktop/OPS\ APP/OPS/OPS/Network/DTOs/CompanyDTO.swift /Users/jacksonsweet/Desktop/OPS\ APP/OPS/OPS/Network/DTOs/ProjectDTO.swift /Users/jacksonsweet/Desktop/OPS\ APP/OPS/OPS/Network/DTOs/UserDTO.swift /Users/jacksonsweet/Desktop/OPS\ APP/OPS/OPS/Network/Endpoints/CompanyEndpoints.swift /Users/jacksonsweet/Desktop/OPS\ APP/OPS/OPS/Network/Endpoints/ProjectEndpoints.swift /Users/jacksonsweet/Desktop/OPS\ APP/OPS/OPS/Network/Endpoints/UserEndpoints.swift /Users/jacksonsweet/Desktop/OPS\ APP/OPS/OPS/Network/Sync/BackgroundTaskManager.swift /Users/jacksonsweet/Desktop/OPS\ APP/OPS/OPS/Network/Sync/SyncManager.swift /Users/jacksonsweet/Desktop/OPS\ APP/OPS/OPS/Network/ConnectivityMonitor.swift /Users/jacksonsweet/Desktop/OPS\ APP/OPS/OPS/Network/ImageSyncManager.swift /Users/jacksonsweet/Desktop/OPS\ APP/OPS/OPS/Onboarding/Coordinators/OnboardingCoordinator.swift /Users/jacksonsweet/Desktop/OPS\ APP/OPS/OPS/Onboarding/Models/OnboardingModels.swift /Users/jacksonsweet/Desktop/OPS\ APP/OPS/OPS/Onboarding/Services/OnboardingService.swift /Users/jacksonsweet/Desktop/OPS\ APP/OPS/OPS/Onboarding/ViewModels/OnboardingViewModel.swift /Users/jacksonsweet/Desktop/OPS\ APP/OPS/OPS/Onboarding/Views/Components/OnboardingComponents.swift /Users/jacksonsweet/Desktop/OPS\ APP/OPS/OPS/Onboarding/Views/Screens/AccountCreatedView.swift /Users/jacksonsweet/Desktop/OPS\ APP/OPS/OPS/Onboarding/Views/Screens/CompanyCodeView.swift /Users/jacksonsweet/Desktop/OPS\ APP/OPS/OPS/Onboarding/Views/Screens/CompanyCodeViewPreview.swift /Users/jacksonsweet/Desktop/OPS\ APP/OPS/OPS/Onboarding/Views/Screens/CompletionView.swift /Users/jacksonsweet/Desktop/OPS\ APP/OPS/OPS/Onboarding/Views/Screens/CompletionViewPreview.swift /Users/jacksonsweet/Desktop/OPS\ APP/OPS/OPS/Onboarding/Views/Screens/EmailView.swift /Users/jacksonsweet/Desktop/OPS\ APP/OPS/OPS/Onboarding/Views/Screens/FieldSetupView.swift /Users/jacksonsweet/Desktop/OPS\ APP/OPS/OPS/Onboarding/Views/Screens/NotificationsView.swift /Users/jacksonsweet/Desktop/OPS\ APP/OPS/OPS/Onboarding/Views/Screens/NotificationsViewPreview.swift /Users/jacksonsweet/Desktop/OPS\ APP/OPS/OPS/Onboarding/Views/Screens/OrganizationJoinView.swift /Users/jacksonsweet/Desktop/OPS\ APP/OPS/OPS/Onboarding/Views/Screens/PasswordView.swift /Users/jacksonsweet/Desktop/OPS\ APP/OPS/OPS/Onboarding/Views/Screens/PasswordViewPreview.swift /Users/jacksonsweet/Desktop/OPS\ APP/OPS/OPS/Onboarding/Views/Screens/PermissionsView.swift /Users/jacksonsweet/Desktop/OPS\ APP/OPS/OPS/Onboarding/Views/Screens/PermissionsViewPreview.swift /Users/jacksonsweet/Desktop/OPS\ APP/OPS/OPS/Onboarding/Views/Screens/PhoneNumberView.swift /Users/jacksonsweet/Desktop/OPS\ APP/OPS/OPS/Onboarding/Views/Screens/PhoneNumberViewPreview.swift /Users/jacksonsweet/Desktop/OPS\ APP/OPS/OPS/Onboarding/Views/Screens/UserInfoView.swift /Users/jacksonsweet/Desktop/OPS\ APP/OPS/OPS/Onboarding/Views/Screens/UserInfoViewPreview.swift /Users/jacksonsweet/Desktop/OPS\ APP/OPS/OPS/Onboarding/Views/Screens/VerifyPhoneView.swift /Users/jacksonsweet/Desktop/OPS\ APP/OPS/OPS/Onboarding/Views/Screens/WelcomeCompanyView.swift /Users/jacksonsweet/Desktop/OPS\ APP/OPS/OPS/Onboarding/Views/Screens/WelcomeCompanyViewPreview.swift /Users/jacksonsweet/Desktop/OPS\ APP/OPS/OPS/Onboarding/Views/Screens/WelcomeView.swift /Users/jacksonsweet/Desktop/OPS\ APP/OPS/OPS/Onboarding/Views/Screens/WelcomeViewPreview.swift /Users/jacksonsweet/Desktop/OPS\ APP/OPS/OPS/Onboarding/Views/OnboardingContainerView.swift /Users/jacksonsweet/Desktop/OPS\ APP/OPS/OPS/Onboarding/Views/OnboardingFlowPreview.swift /Users/jacksonsweet/Desktop/OPS\ APP/OPS/OPS/Onboarding/Views/OnboardingPresenter.swift /Users/jacksonsweet/Desktop/OPS\ APP/OPS/OPS/Onboarding/Views/OnboardingPreviewHelpers.swift /Users/jacksonsweet/Desktop/OPS\ APP/OPS/OPS/Styles/OPSStyle.swift /Users/jacksonsweet/Desktop/OPS\ APP/OPS/OPS/Utilities/AppConfiguration.swift /Users/jacksonsweet/Desktop/OPS\ APP/OPS/OPS/Utilities/ArrayTransformer.swift /Users/jacksonsweet/Desktop/OPS\ APP/OPS/OPS/Utilities/DataController.swift /Users/jacksonsweet/Desktop/OPS\ APP/OPS/OPS/Utilities/Dateformatter\ +Bubble.swift /Users/jacksonsweet/Desktop/OPS\ APP/OPS/OPS/Utilities/DateHelper.swift /Users/jacksonsweet/Desktop/OPS\ APP/OPS/OPS/Utilities/FieldErrorHandler.swift /Users/jacksonsweet/Desktop/OPS\ APP/OPS/OPS/Utilities/ImageCache.swift /Users/jacksonsweet/Desktop/OPS\ APP/OPS/OPS/Utilities/ImageFileManager.swift /Users/jacksonsweet/Desktop/OPS\ APP/OPS/OPS/Utilities/InProgressManager.swift /Users/jacksonsweet/Desktop/OPS\ APP/OPS/OPS/Utilities/KeyboardDismissalModifier.swift /Users/jacksonsweet/Desktop/OPS\ APP/OPS/OPS/Utilities/LocationManager.swift /Users/jacksonsweet/Desktop/OPS\ APP/OPS/OPS/Utilities/OnboardingEnvironmentKey.swift /Users/jacksonsweet/Desktop/OPS\ APP/OPS/OPS/Utilities/SwiftDataHelper.swift /Users/jacksonsweet/Desktop/OPS\ APP/OPS/OPS/Utilities/UIComponents.swift /Users/jacksonsweet/Desktop/OPS\ APP/OPS/OPS/V2/CertificationsSettingsView.swift /Users/jacksonsweet/Desktop/OPS\ APP/OPS/OPS/ViewModels/CalendarViewModel.swift /Users/jacksonsweet/Desktop/OPS\ APP/OPS/OPS/ViewModels/ProjectsViewModel.swift /Users/jacksonsweet/Desktop/OPS\ APP/OPS/OPS/Views/Calendar\ Tab/Components/CalendarDaySelector.swift /Users/jacksonsweet/Desktop/OPS\ APP/OPS/OPS/Views/Calendar\ Tab/Components/CalendarHeaderView.swift /Users/jacksonsweet/Desktop/OPS\ APP/OPS/OPS/Views/Calendar\ Tab/Components/CalendarProjectCard.swift -primary-file /Users/jacksonsweet/Desktop/OPS\ APP/OPS/OPS/Views/Calendar\ Tab/Components/CalendarToggleView.swift -primary-file /Users/jacksonsweet/Desktop/OPS\ APP/OPS/OPS/Views/Calendar\ Tab/Components/DatePickerPopover.swift -primary-file /Users/jacksonsweet/Desktop/OPS\ APP/OPS/OPS/Views/Calendar\ Tab/Components/DayCell.swift -primary-file /Users/jacksonsweet/Desktop/OPS\ APP/OPS/OPS/Views/Calendar\ Tab/ProjectViews/DayProjectSheet.swift -primary-file /Users/jacksonsweet/Desktop/OPS\ APP/OPS/OPS/Views/Calendar\ Tab/ProjectViews/ProjectListView.swift -primary-file /Users/jacksonsweet/Desktop/OPS\ APP/OPS/OPS/Views/Calendar\ Tab/MonthGridView.swift -primary-file /Users/jacksonsweet/Desktop/OPS\ APP/OPS/OPS/Views/Components/Common/AppHeader.swift -primary-file /Users/jacksonsweet/Desktop/OPS\ APP/OPS/OPS/Views/Components/Common/ExpandableNotesView.swift -primary-file /Users/jacksonsweet/Desktop/OPS\ APP/OPS/OPS/Views/Components/Common/LocationPermissionView.swift -primary-file /Users/jacksonsweet/Desktop/OPS\ APP/OPS/OPS/Views/Components/Common/NavigationBanner.swift -primary-file /Users/jacksonsweet/Desktop/OPS\ APP/OPS/OPS/Views/Components/Common/NavigationControlsView.swift -primary-file /Users/jacksonsweet/Desktop/OPS\ APP/OPS/OPS/Views/Components/Common/TabBarBackground.swift /Users/jacksonsweet/Desktop/OPS\ APP/OPS/OPS/Views/Components/Images/ImagePicker.swift /Users/jacksonsweet/Desktop/OPS\ APP/OPS/OPS/Views/Components/Images/ImagePickerView.swift /Users/jacksonsweet/Desktop/OPS\ APP/OPS/OPS/Views/Components/Images/ProjectImagesSection.swift /Users/jacksonsweet/Desktop/OPS\ APP/OPS/OPS/Views/Components/Images/ProjectImagesSimple.swift /Users/jacksonsweet/Desktop/OPS\ APP/OPS/OPS/Views/Components/Images/ProjectImageView.swift /Users/jacksonsweet/Desktop/OPS\ APP/OPS/OPS/Views/Components/Images/ProjectPhotosGrid.swift /Users/jacksonsweet/Desktop/OPS\ APP/OPS/OPS/Views/Components/Map/MiniMapView.swift /Users/jacksonsweet/Desktop/OPS\ APP/OPS/OPS/Views/Components/Map/ProjectMapAnnotation.swift /Users/jacksonsweet/Desktop/OPS\ APP/OPS/OPS/Views/Components/Map/ProjectMapView.swift /Users/jacksonsweet/Desktop/OPS\ APP/OPS/OPS/Views/Components/Map/ProjectMarkerPopup.swift /Users/jacksonsweet/Desktop/OPS\ APP/OPS/OPS/Views/Components/Map/RouteDirectionsView.swift /Users/jacksonsweet/Desktop/OPS\ APP/OPS/OPS/Views/Components/Project/ProjectActionBar.swift /Users/jacksonsweet/Desktop/OPS\ APP/OPS/OPS/Views/Components/Project/ProjectCard.swift /Users/jacksonsweet/Desktop/OPS\ APP/OPS/OPS/Views/Components/Project/ProjectCarousel.swift /Users/jacksonsweet/Desktop/OPS\ APP/OPS/OPS/Views/Components/Project/ProjectDetailsView.swift /Users/jacksonsweet/Desktop/OPS\ APP/OPS/OPS/Views/Components/Project/ProjectHeader.swift /Users/jacksonsweet/Desktop/OPS\ APP/OPS/OPS/Views/Components/Project/ProjectSheetContainer.swift /Users/jacksonsweet/Desktop/OPS\ APP/OPS/OPS/Views/Components/User/TeamMemberListView.swift /Users/jacksonsweet/Desktop/OPS\ APP/OPS/OPS/Views/Components/User/UserProfileCard.swift /Users/jacksonsweet/Desktop/OPS\ APP/OPS/OPS/Views/Home/HomeContentView.swift /Users/jacksonsweet/Desktop/OPS\ APP/OPS/OPS/Views/Home/HomeView.swift /Users/jacksonsweet/Desktop/OPS\ APP/OPS/OPS/Views/Settings/OrganizationSettingsView.swift /Users/jacksonsweet/Desktop/OPS\ APP/OPS/OPS/Views/Settings/ProfileSettingsView.swift /Users/jacksonsweet/Desktop/OPS\ APP/OPS/OPS/Views/Settings/ProjectHistorySettingsView.swift /Users/jacksonsweet/Desktop/OPS\ APP/OPS/OPS/Views/LoginView.swift /Users/jacksonsweet/Desktop/OPS\ APP/OPS/OPS/Views/LoginViewPreview.swift /Users/jacksonsweet/Desktop/OPS\ APP/OPS/OPS/Views/MainTabView.swift /Users/jacksonsweet/Desktop/OPS\ APP/OPS/OPS/Views/NetworkStatusIndicator.swift /Users/jacksonsweet/Desktop/OPS\ APP/OPS/OPS/Views/ScheduleView.swift /Users/jacksonsweet/Desktop/OPS\ APP/OPS/OPS/Views/SettingsView.swift /Users/jacksonsweet/Desktop/OPS\ APP/OPS/OPS/Views/SplashScreen.swift /Users/jacksonsweet/Desktop/OPS\ APP/OPS/OPS/AppState.swift /Users/jacksonsweet/Desktop/OPS\ APP/OPS/OPS/ContentView.swift /Users/jacksonsweet/Desktop/OPS\ APP/OPS/OPS/Item.swift /Users/jacksonsweet/Desktop/OPS\ APP/OPS/OPS/OPSApp.swift /Users/jacksonsweet/Library/Developer/Xcode/DerivedData/OPS-czavgtmnvamasvcjgszzuulfcsxj/Build/Intermediates.noindex/OPS.build/Debug-iphonesimulator/OPS.build/DerivedSources/GeneratedAssetSymbols.swift -supplementary-output-file-map /Users/jacksonsweet/Library/Developer/Xcode/DerivedData/OPS-czavgtmnvamasvcjgszzuulfcsxj/Build/Intermediates.noindex/OPS.build/Debug-iphonesimulator/OPS.build/Objects-normal/arm64/supplementaryOutputs-7 -emit-localized-strings -emit-localized-strings-path /Users/jacksonsweet/Library/Developer/Xcode/DerivedData/OPS-czavgtmnvamasvcjgszzuulfcsxj/Build/Intermediates.noindex/OPS.build/Debug-iphonesimulator/OPS.build/Objects-normal/arm64 -target arm64-apple-ios18.2-simulator -Xllvm -aarch64-use-tbi -enable-objc-interop -sdk /Applications/Xcode.app/Contents/Developer/Platforms/iPhoneSimulator.platform/Developer/SDKs/iPhoneSimulator18.2.sdk -I /Users/jacksonsweet/Library/Developer/Xcode/DerivedData/OPS-czavgtmnvamasvcjgszzuulfcsxj/Build/Products/Debug-iphonesimulator -F /Users/jacksonsweet/Library/Developer/Xcode/DerivedData/OPS-czavgtmnvamasvcjgszzuulfcsxj/Build/Products/Debug-iphonesimulator -no-color-diagnostics -enable-testing -g -debug-info-format\=dwarf -dwarf-version\=5 -module-cache-path /Users/jacksonsweet/Library/Developer/Xcode/DerivedData/ModuleCache.noindex -profile-generate -profile-coverage-mapping -swift-version 5 -enforce-exclusivity\=checked -Onone -D DEBUG -serialize-debugging-options -const-gather-protocols-file /Users/jacksonsweet/Library/Developer/Xcode/DerivedData/OPS-czavgtmnvamasvcjgszzuulfcsxj/Build/Intermediates.noindex/OPS.build/Debug-iphonesimulator/OPS.build/Objects-normal/arm64/OPS_const_extract_protocols.json -enable-experimental-feature DebugDescriptionMacro -enable-experimental-feature OpaqueTypeErasure -enable-bare-slash-regex -empty-abi-descriptor -validate-clang-modules-once -clang-build-session-file /Users/jacksonsweet/Library/Developer/Xcode/DerivedData/ModuleCache.noindex/Session.modulevalidation -Xcc -working-directory -Xcc /Users/jacksonsweet/Desktop/OPS\ APP/OPS -resource-dir /Applications/Xcode.app/Contents/Developer/Toolchains/XcodeDefault.xctoolchain/usr/lib/swift -enable-anonymous-context-mangled-names -file-compilation-dir /Users/jacksonsweet/Desktop/OPS\ APP/OPS -Xcc -D_LIBCPP_HARDENING_MODE\=_LIBCPP_HARDENING_MODE_DEBUG -Xcc -ivfsstatcache -Xcc /Users/jacksonsweet/Library/Developer/Xcode/DerivedData/SDKStatCaches.noindex/iphonesimulator18.2-22C146-07b28473f605e47e75261259d3ef3b5a.sdkstatcache -Xcc -I/Users/jacksonsweet/Library/Developer/Xcode/DerivedData/OPS-czavgtmnvamasvcjgszzuulfcsxj/Build/Intermediates.noindex/OPS.build/Debug-iphonesimulator/OPS.build/swift-overrides.hmap -Xcc -iquote -Xcc /Users/jacksonsweet/Library/Developer/Xcode/DerivedData/OPS-czavgtmnvamasvcjgszzuulfcsxj/Build/Intermediates.noindex/OPS.build/Debug-iphonesimulator/OPS.build/OPS-generated-files.hmap -Xcc -I/Users/jacksonsweet/Library/Developer/Xcode/DerivedData/OPS-czavgtmnvamasvcjgszzuulfcsxj/Build/Intermediates.noindex/OPS.build/Debug-iphonesimulator/OPS.build/OPS-own-target-headers.hmap -Xcc -I/Users/jacksonsweet/Library/Developer/Xcode/DerivedData/OPS-czavgtmnvamasvcjgszzuulfcsxj/Build/Intermediates.noindex/OPS.build/Debug-iphonesimulator/OPS.build/OPS-all-target-headers.hmap -Xcc -iquote -Xcc /Users/jacksonsweet/Library/Developer/Xcode/DerivedData/OPS-czavgtmnvamasvcjgszzuulfcsxj/Build/Intermediates.noindex/OPS.build/Debug-iphonesimulator/OPS.build/OPS-project-headers.hmap -Xcc -I/Users/jacksonsweet/Library/Developer/Xcode/DerivedData/OPS-czavgtmnvamasvcjgszzuulfcsxj/Build/Products/Debug-iphonesimulator/include -Xcc -I/Users/jacksonsweet/Library/Developer/Xcode/DerivedData/OPS-czavgtmnvamasvcjgszzuulfcsxj/Build/Intermediates.noindex/OPS.build/Debug-iphonesimulator/OPS.build/DerivedSources-normal/arm64 -Xcc -I/Users/jacksonsweet/Library/Developer/Xcode/DerivedData/OPS-czavgtmnvamasvcjgszzuulfcsxj/Build/Intermediates.noindex/OPS.build/Debug-iphonesimulator/OPS.build/DerivedSources/arm64 -Xcc -I/Users/jacksonsweet/Library/Developer/Xcode/DerivedData/OPS-czavgtmnvamasvcjgszzuulfcsxj/Build/Intermediates.noindex/OPS.build/Debug-iphonesimulator/OPS.build/DerivedSources -Xcc -DDEBUG\=1 -module-name OPS -frontend-parseable-output -disable-clang-spi -target-sdk-version 18.2 -target-sdk-name iphonesimulator18.2 -external-plugin-path /Applications/Xcode.app/Contents/Developer/Platforms/iPhoneOS.platform/Developer/usr/lib/swift/host/plugins\#/Applications/Xcode.app/Contents/Developer/Platforms/iPhoneOS.platform/Developer/usr/bin/swift-plugin-server -external-plugin-path /Applications/Xcode.app/Contents/Developer/Platforms/iPhoneOS.platform/Developer/usr/local/lib/swift/host/plugins\#/Applications/Xcode.app/Contents/Developer/Platforms/iPhoneOS.platform/Developer/usr/bin/swift-plugin-server -plugin-path /Applications/Xcode.app/Contents/Developer/Toolchains/XcodeDefault.xctoolchain/usr/lib/swift/host/plugins -plugin-path /Applications/Xcode.app/Contents/Developer/Toolchains/XcodeDefault.xctoolchain/usr/local/lib/swift/host/plugins -o /Users/jacksonsweet/Library/Developer/Xcode/DerivedData/OPS-czavgtmnvamasvcjgszzuulfcsxj/Build/Intermediates.noindex/OPS.build/Debug-iphonesimulator/OPS.build/Objects-normal/arm64/CalendarToggleView.o -o /Users/jacksonsweet/Library/Developer/Xcode/DerivedData/OPS-czavgtmnvamasvcjgszzuulfcsxj/Build/Intermediates.noindex/OPS.build/Debug-iphonesimulator/OPS.build/Objects-normal/arm64/DatePickerPopover.o -o /Users/jacksonsweet/Library/Developer/Xcode/DerivedData/OPS-czavgtmnvamasvcjgszzuulfcsxj/Build/Intermediates.noindex/OPS.build/Debug-iphonesimulator/OPS.build/Objects-normal/arm64/DayCell.o -o /Users/jacksonsweet/Library/Developer/Xcode/DerivedData/OPS-czavgtmnvamasvcjgszzuulfcsxj/Build/Intermediates.noindex/OPS.build/Debug-iphonesimulator/OPS.build/Objects-normal/arm64/DayProjectSheet.o -o /Users/jacksonsweet/Library/Developer/Xcode/DerivedData/OPS-czavgtmnvamasvcjgszzuulfcsxj/Build/Intermediates.noindex/OPS.build/Debug-iphonesimulator/OPS.build/Objects-normal/arm64/ProjectListView.o -o /Users/jacksonsweet/Library/Developer/Xcode/DerivedData/OPS-czavgtmnvamasvcjgszzuulfcsxj/Build/Intermediates.noindex/OPS.build/Debug-iphonesimulator/OPS.build/Objects-normal/arm64/MonthGridView.o -o /Users/jacksonsweet/Library/Developer/Xcode/DerivedData/OPS-czavgtmnvamasvcjgszzuulfcsxj/Build/Intermediates.noindex/OPS.build/Debug-iphonesimulator/OPS.build/Objects-normal/arm64/AppHeader.o -o /Users/jacksonsweet/Library/Developer/Xcode/DerivedData/OPS-czavgtmnvamasvcjgszzuulfcsxj/Build/Intermediates.noindex/OPS.build/Debug-iphonesimulator/OPS.build/Objects-normal/arm64/ExpandableNotesView.o -o /Users/jacksonsweet/Library/Developer/Xcode/DerivedData/OPS-czavgtmnvamasvcjgszzuulfcsxj/Build/Intermediates.noindex/OPS.build/Debug-iphonesimulator/OPS.build/Objects-normal/arm64/LocationPermissionView.o -o /Users/jacksonsweet/Library/Developer/Xcode/DerivedData/OPS-czavgtmnvamasvcjgszzuulfcsxj/Build/Intermediates.noindex/OPS.build/Debug-iphonesimulator/OPS.build/Objects-normal/arm64/NavigationBanner.o -o /Users/jacksonsweet/Library/Developer/Xcode/DerivedData/OPS-czavgtmnvamasvcjgszzuulfcsxj/Build/Intermediates.noindex/OPS.build/Debug-iphonesimulator/OPS.build/Objects-normal/arm64/NavigationControlsView.o -o /Users/jacksonsweet/Library/Developer/Xcode/DerivedData/OPS-czavgtmnvamasvcjgszzuulfcsxj/Build/Intermediates.noindex/OPS.build/Debug-iphonesimulator/OPS.build/Objects-normal/arm64/TabBarBackground.o -index-unit-output-path /OPS.build/Debug-iphonesimulator/OPS.build/Objects-normal/arm64/CalendarToggleView.o -index-unit-output-path /OPS.build/Debug-iphonesimulator/OPS.build/Objects-normal/arm64/DatePickerPopover.o -index-unit-output-path /OPS.build/Debug-iphonesimulator/OPS.build/Objects-normal/arm64/DayCell.o -index-unit-output-path /OPS.build/Debug-iphonesimulator/OPS.build/Objects-normal/arm64/DayProjectSheet.o -index-unit-output-path /OPS.build/Debug-iphonesimulator/OPS.build/Objects-normal/arm64/ProjectListView.o -index-unit-output-path /OPS.build/Debug-iphonesimulator/OPS.build/Objects-normal/arm64/MonthGridView.o -index-unit-output-path /OPS.build/Debug-iphonesimulator/OPS.build/Objects-normal/arm64/AppHeader.o -index-unit-output-path /OPS.build/Debug-iphonesimulator/OPS.build/Objects-normal/arm64/ExpandableNotesView.o -index-unit-output-path /OPS.build/Debug-iphonesimulator/OPS.build/Objects-normal/arm64/LocationPermissionView.o -index-unit-output-path /OPS.build/Debug-iphonesimulator/OPS.build/Objects-normal/arm64/NavigationBanner.o -index-unit-output-path /OPS.build/Debug-iphonesimulator/OPS.build/Objects-normal/arm64/NavigationControlsView.o -index-unit-output-path /OPS.build/Debug-iphonesimulator/OPS.build/Objects-normal/arm64/TabBarBackground.o -index-store-path /Users/jacksonsweet/Library/Developer/Xcode/DerivedData/OPS-czavgtmnvamasvcjgszzuulfcsxj/Index.noindex/DataStore -index-system-modules

SwiftCompile normal arm64 /Users/jacksonsweet/Desktop/OPS\ APP/OPS/OPS/Views/Calendar\ Tab/MonthGridView.swift (in target 'OPS' from project 'OPS')
    cd /Users/jacksonsweet/Desktop/OPS\ APP/OPS
    /Applications/Xcode.app/Contents/Developer/Toolchains/XcodeDefault.xctoolchain/usr/bin/swift-frontend -c /Users/jacksonsweet/Desktop/OPS\ APP/OPS/OPS/DataModels/BubbleImage.swift /Users/jacksonsweet/Desktop/OPS\ APP/OPS/OPS/DataModels/BubbleTypes.swift /Users/jacksonsweet/Desktop/OPS\ APP/OPS/OPS/DataModels/Company.swift /Users/jacksonsweet/Desktop/OPS\ APP/OPS/OPS/DataModels/Project.swift /Users/jacksonsweet/Desktop/OPS\ APP/OPS/OPS/DataModels/Status.swift /Users/jacksonsweet/Desktop/OPS\ APP/OPS/OPS/DataModels/User.swift /Users/jacksonsweet/Desktop/OPS\ APP/OPS/OPS/DataModels/UserRole.swift /Users/jacksonsweet/Desktop/OPS\ APP/OPS/OPS/Extensions/UIImage+Extensions.swift /Users/jacksonsweet/Desktop/OPS\ APP/OPS/OPS/Network/API/APIError.swift /Users/jacksonsweet/Desktop/OPS\ APP/OPS/OPS/Network/API/APIService.swift /Users/jacksonsweet/Desktop/OPS\ APP/OPS/OPS/Network/API/BubbleFields.swift /Users/jacksonsweet/Desktop/OPS\ APP/OPS/OPS/Network/Auth/AuthError.swift /Users/jacksonsweet/Desktop/OPS\ APP/OPS/OPS/Network/Auth/AuthManager.swift /Users/jacksonsweet/Desktop/OPS\ APP/OPS/OPS/Network/Auth/KeychainManager.swift /Users/jacksonsweet/Desktop/OPS\ APP/OPS/OPS/Network/DTOs/CompanyDTO.swift /Users/jacksonsweet/Desktop/OPS\ APP/OPS/OPS/Network/DTOs/ProjectDTO.swift /Users/jacksonsweet/Desktop/OPS\ APP/OPS/OPS/Network/DTOs/UserDTO.swift /Users/jacksonsweet/Desktop/OPS\ APP/OPS/OPS/Network/Endpoints/CompanyEndpoints.swift /Users/jacksonsweet/Desktop/OPS\ APP/OPS/OPS/Network/Endpoints/ProjectEndpoints.swift /Users/jacksonsweet/Desktop/OPS\ APP/OPS/OPS/Network/Endpoints/UserEndpoints.swift /Users/jacksonsweet/Desktop/OPS\ APP/OPS/OPS/Network/Sync/BackgroundTaskManager.swift /Users/jacksonsweet/Desktop/OPS\ APP/OPS/OPS/Network/Sync/SyncManager.swift /Users/jacksonsweet/Desktop/OPS\ APP/OPS/OPS/Network/ConnectivityMonitor.swift /Users/jacksonsweet/Desktop/OPS\ APP/OPS/OPS/Network/ImageSyncManager.swift /Users/jacksonsweet/Desktop/OPS\ APP/OPS/OPS/Onboarding/Coordinators/OnboardingCoordinator.swift /Users/jacksonsweet/Desktop/OPS\ APP/OPS/OPS/Onboarding/Models/OnboardingModels.swift /Users/jacksonsweet/Desktop/OPS\ APP/OPS/OPS/Onboarding/Services/OnboardingService.swift /Users/jacksonsweet/Desktop/OPS\ APP/OPS/OPS/Onboarding/ViewModels/OnboardingViewModel.swift /Users/jacksonsweet/Desktop/OPS\ APP/OPS/OPS/Onboarding/Views/Components/OnboardingComponents.swift /Users/jacksonsweet/Desktop/OPS\ APP/OPS/OPS/Onboarding/Views/Screens/AccountCreatedView.swift /Users/jacksonsweet/Desktop/OPS\ APP/OPS/OPS/Onboarding/Views/Screens/CompanyCodeView.swift /Users/jacksonsweet/Desktop/OPS\ APP/OPS/OPS/Onboarding/Views/Screens/CompanyCodeViewPreview.swift /Users/jacksonsweet/Desktop/OPS\ APP/OPS/OPS/Onboarding/Views/Screens/CompletionView.swift /Users/jacksonsweet/Desktop/OPS\ APP/OPS/OPS/Onboarding/Views/Screens/CompletionViewPreview.swift /Users/jacksonsweet/Desktop/OPS\ APP/OPS/OPS/Onboarding/Views/Screens/EmailView.swift /Users/jacksonsweet/Desktop/OPS\ APP/OPS/OPS/Onboarding/Views/Screens/FieldSetupView.swift /Users/jacksonsweet/Desktop/OPS\ APP/OPS/OPS/Onboarding/Views/Screens/NotificationsView.swift /Users/jacksonsweet/Desktop/OPS\ APP/OPS/OPS/Onboarding/Views/Screens/NotificationsViewPreview.swift /Users/jacksonsweet/Desktop/OPS\ APP/OPS/OPS/Onboarding/Views/Screens/OrganizationJoinView.swift /Users/jacksonsweet/Desktop/OPS\ APP/OPS/OPS/Onboarding/Views/Screens/PasswordView.swift /Users/jacksonsweet/Desktop/OPS\ APP/OPS/OPS/Onboarding/Views/Screens/PasswordViewPreview.swift /Users/jacksonsweet/Desktop/OPS\ APP/OPS/OPS/Onboarding/Views/Screens/PermissionsView.swift /Users/jacksonsweet/Desktop/OPS\ APP/OPS/OPS/Onboarding/Views/Screens/PermissionsViewPreview.swift /Users/jacksonsweet/Desktop/OPS\ APP/OPS/OPS/Onboarding/Views/Screens/PhoneNumberView.swift /Users/jacksonsweet/Desktop/OPS\ APP/OPS/OPS/Onboarding/Views/Screens/PhoneNumberViewPreview.swift /Users/jacksonsweet/Desktop/OPS\ APP/OPS/OPS/Onboarding/Views/Screens/UserInfoView.swift /Users/jacksonsweet/Desktop/OPS\ APP/OPS/OPS/Onboarding/Views/Screens/UserInfoViewPreview.swift /Users/jacksonsweet/Desktop/OPS\ APP/OPS/OPS/Onboarding/Views/Screens/VerifyPhoneView.swift /Users/jacksonsweet/Desktop/OPS\ APP/OPS/OPS/Onboarding/Views/Screens/WelcomeCompanyView.swift /Users/jacksonsweet/Desktop/OPS\ APP/OPS/OPS/Onboarding/Views/Screens/WelcomeCompanyViewPreview.swift /Users/jacksonsweet/Desktop/OPS\ APP/OPS/OPS/Onboarding/Views/Screens/WelcomeView.swift /Users/jacksonsweet/Desktop/OPS\ APP/OPS/OPS/Onboarding/Views/Screens/WelcomeViewPreview.swift /Users/jacksonsweet/Desktop/OPS\ APP/OPS/OPS/Onboarding/Views/OnboardingContainerView.swift /Users/jacksonsweet/Desktop/OPS\ APP/OPS/OPS/Onboarding/Views/OnboardingFlowPreview.swift /Users/jacksonsweet/Desktop/OPS\ APP/OPS/OPS/Onboarding/Views/OnboardingPresenter.swift /Users/jacksonsweet/Desktop/OPS\ APP/OPS/OPS/Onboarding/Views/OnboardingPreviewHelpers.swift /Users/jacksonsweet/Desktop/OPS\ APP/OPS/OPS/Styles/OPSStyle.swift /Users/jacksonsweet/Desktop/OPS\ APP/OPS/OPS/Utilities/AppConfiguration.swift /Users/jacksonsweet/Desktop/OPS\ APP/OPS/OPS/Utilities/ArrayTransformer.swift /Users/jacksonsweet/Desktop/OPS\ APP/OPS/OPS/Utilities/DataController.swift /Users/jacksonsweet/Desktop/OPS\ APP/OPS/OPS/Utilities/Dateformatter\ +Bubble.swift /Users/jacksonsweet/Desktop/OPS\ APP/OPS/OPS/Utilities/DateHelper.swift /Users/jacksonsweet/Desktop/OPS\ APP/OPS/OPS/Utilities/FieldErrorHandler.swift /Users/jacksonsweet/Desktop/OPS\ APP/OPS/OPS/Utilities/ImageCache.swift /Users/jacksonsweet/Desktop/OPS\ APP/OPS/OPS/Utilities/ImageFileManager.swift /Users/jacksonsweet/Desktop/OPS\ APP/OPS/OPS/Utilities/InProgressManager.swift /Users/jacksonsweet/Desktop/OPS\ APP/OPS/OPS/Utilities/KeyboardDismissalModifier.swift /Users/jacksonsweet/Desktop/OPS\ APP/OPS/OPS/Utilities/LocationManager.swift /Users/jacksonsweet/Desktop/OPS\ APP/OPS/OPS/Utilities/OnboardingEnvironmentKey.swift /Users/jacksonsweet/Desktop/OPS\ APP/OPS/OPS/Utilities/SwiftDataHelper.swift /Users/jacksonsweet/Desktop/OPS\ APP/OPS/OPS/Utilities/UIComponents.swift /Users/jacksonsweet/Desktop/OPS\ APP/OPS/OPS/V2/CertificationsSettingsView.swift /Users/jacksonsweet/Desktop/OPS\ APP/OPS/OPS/ViewModels/CalendarViewModel.swift /Users/jacksonsweet/Desktop/OPS\ APP/OPS/OPS/ViewModels/ProjectsViewModel.swift /Users/jacksonsweet/Desktop/OPS\ APP/OPS/OPS/Views/Calendar\ Tab/Components/CalendarDaySelector.swift /Users/jacksonsweet/Desktop/OPS\ APP/OPS/OPS/Views/Calendar\ Tab/Components/CalendarHeaderView.swift /Users/jacksonsweet/Desktop/OPS\ APP/OPS/OPS/Views/Calendar\ Tab/Components/CalendarProjectCard.swift -primary-file /Users/jacksonsweet/Desktop/OPS\ APP/OPS/OPS/Views/Calendar\ Tab/Components/CalendarToggleView.swift -primary-file /Users/jacksonsweet/Desktop/OPS\ APP/OPS/OPS/Views/Calendar\ Tab/Components/DatePickerPopover.swift -primary-file /Users/jacksonsweet/Desktop/OPS\ APP/OPS/OPS/Views/Calendar\ Tab/Components/DayCell.swift -primary-file /Users/jacksonsweet/Desktop/OPS\ APP/OPS/OPS/Views/Calendar\ Tab/ProjectViews/DayProjectSheet.swift -primary-file /Users/jacksonsweet/Desktop/OPS\ APP/OPS/OPS/Views/Calendar\ Tab/ProjectViews/ProjectListView.swift -primary-file /Users/jacksonsweet/Desktop/OPS\ APP/OPS/OPS/Views/Calendar\ Tab/MonthGridView.swift -primary-file /Users/jacksonsweet/Desktop/OPS\ APP/OPS/OPS/Views/Components/Common/AppHeader.swift -primary-file /Users/jacksonsweet/Desktop/OPS\ APP/OPS/OPS/Views/Components/Common/ExpandableNotesView.swift -primary-file /Users/jacksonsweet/Desktop/OPS\ APP/OPS/OPS/Views/Components/Common/LocationPermissionView.swift -primary-file /Users/jacksonsweet/Desktop/OPS\ APP/OPS/OPS/Views/Components/Common/NavigationBanner.swift -primary-file /Users/jacksonsweet/Desktop/OPS\ APP/OPS/OPS/Views/Components/Common/NavigationControlsView.swift -primary-file /Users/jacksonsweet/Desktop/OPS\ APP/OPS/OPS/Views/Components/Common/TabBarBackground.swift /Users/jacksonsweet/Desktop/OPS\ APP/OPS/OPS/Views/Components/Images/ImagePicker.swift /Users/jacksonsweet/Desktop/OPS\ APP/OPS/OPS/Views/Components/Images/ImagePickerView.swift /Users/jacksonsweet/Desktop/OPS\ APP/OPS/OPS/Views/Components/Images/ProjectImagesSection.swift /Users/jacksonsweet/Desktop/OPS\ APP/OPS/OPS/Views/Components/Images/ProjectImagesSimple.swift /Users/jacksonsweet/Desktop/OPS\ APP/OPS/OPS/Views/Components/Images/ProjectImageView.swift /Users/jacksonsweet/Desktop/OPS\ APP/OPS/OPS/Views/Components/Images/ProjectPhotosGrid.swift /Users/jacksonsweet/Desktop/OPS\ APP/OPS/OPS/Views/Components/Map/MiniMapView.swift /Users/jacksonsweet/Desktop/OPS\ APP/OPS/OPS/Views/Components/Map/ProjectMapAnnotation.swift /Users/jacksonsweet/Desktop/OPS\ APP/OPS/OPS/Views/Components/Map/ProjectMapView.swift /Users/jacksonsweet/Desktop/OPS\ APP/OPS/OPS/Views/Components/Map/ProjectMarkerPopup.swift /Users/jacksonsweet/Desktop/OPS\ APP/OPS/OPS/Views/Components/Map/RouteDirectionsView.swift /Users/jacksonsweet/Desktop/OPS\ APP/OPS/OPS/Views/Components/Project/ProjectActionBar.swift /Users/jacksonsweet/Desktop/OPS\ APP/OPS/OPS/Views/Components/Project/ProjectCard.swift /Users/jacksonsweet/Desktop/OPS\ APP/OPS/OPS/Views/Components/Project/ProjectCarousel.swift /Users/jacksonsweet/Desktop/OPS\ APP/OPS/OPS/Views/Components/Project/ProjectDetailsView.swift /Users/jacksonsweet/Desktop/OPS\ APP/OPS/OPS/Views/Components/Project/ProjectHeader.swift /Users/jacksonsweet/Desktop/OPS\ APP/OPS/OPS/Views/Components/Project/ProjectSheetContainer.swift /Users/jacksonsweet/Desktop/OPS\ APP/OPS/OPS/Views/Components/User/TeamMemberListView.swift /Users/jacksonsweet/Desktop/OPS\ APP/OPS/OPS/Views/Components/User/UserProfileCard.swift /Users/jacksonsweet/Desktop/OPS\ APP/OPS/OPS/Views/Home/HomeContentView.swift /Users/jacksonsweet/Desktop/OPS\ APP/OPS/OPS/Views/Home/HomeView.swift /Users/jacksonsweet/Desktop/OPS\ APP/OPS/OPS/Views/Settings/OrganizationSettingsView.swift /Users/jacksonsweet/Desktop/OPS\ APP/OPS/OPS/Views/Settings/ProfileSettingsView.swift /Users/jacksonsweet/Desktop/OPS\ APP/OPS/OPS/Views/Settings/ProjectHistorySettingsView.swift /Users/jacksonsweet/Desktop/OPS\ APP/OPS/OPS/Views/LoginView.swift /Users/jacksonsweet/Desktop/OPS\ APP/OPS/OPS/Views/LoginViewPreview.swift /Users/jacksonsweet/Desktop/OPS\ APP/OPS/OPS/Views/MainTabView.swift /Users/jacksonsweet/Desktop/OPS\ APP/OPS/OPS/Views/NetworkStatusIndicator.swift /Users/jacksonsweet/Desktop/OPS\ APP/OPS/OPS/Views/ScheduleView.swift /Users/jacksonsweet/Desktop/OPS\ APP/OPS/OPS/Views/SettingsView.swift /Users/jacksonsweet/Desktop/OPS\ APP/OPS/OPS/Views/SplashScreen.swift /Users/jacksonsweet/Desktop/OPS\ APP/OPS/OPS/AppState.swift /Users/jacksonsweet/Desktop/OPS\ APP/OPS/OPS/ContentView.swift /Users/jacksonsweet/Desktop/OPS\ APP/OPS/OPS/Item.swift /Users/jacksonsweet/Desktop/OPS\ APP/OPS/OPS/OPSApp.swift /Users/jacksonsweet/Library/Developer/Xcode/DerivedData/OPS-czavgtmnvamasvcjgszzuulfcsxj/Build/Intermediates.noindex/OPS.build/Debug-iphonesimulator/OPS.build/DerivedSources/GeneratedAssetSymbols.swift -supplementary-output-file-map /Users/jacksonsweet/Library/Developer/Xcode/DerivedData/OPS-czavgtmnvamasvcjgszzuulfcsxj/Build/Intermediates.noindex/OPS.build/Debug-iphonesimulator/OPS.build/Objects-normal/arm64/supplementaryOutputs-7 -emit-localized-strings -emit-localized-strings-path /Users/jacksonsweet/Library/Developer/Xcode/DerivedData/OPS-czavgtmnvamasvcjgszzuulfcsxj/Build/Intermediates.noindex/OPS.build/Debug-iphonesimulator/OPS.build/Objects-normal/arm64 -target arm64-apple-ios18.2-simulator -Xllvm -aarch64-use-tbi -enable-objc-interop -sdk /Applications/Xcode.app/Contents/Developer/Platforms/iPhoneSimulator.platform/Developer/SDKs/iPhoneSimulator18.2.sdk -I /Users/jacksonsweet/Library/Developer/Xcode/DerivedData/OPS-czavgtmnvamasvcjgszzuulfcsxj/Build/Products/Debug-iphonesimulator -F /Users/jacksonsweet/Library/Developer/Xcode/DerivedData/OPS-czavgtmnvamasvcjgszzuulfcsxj/Build/Products/Debug-iphonesimulator -no-color-diagnostics -enable-testing -g -debug-info-format\=dwarf -dwarf-version\=5 -module-cache-path /Users/jacksonsweet/Library/Developer/Xcode/DerivedData/ModuleCache.noindex -profile-generate -profile-coverage-mapping -swift-version 5 -enforce-exclusivity\=checked -Onone -D DEBUG -serialize-debugging-options -const-gather-protocols-file /Users/jacksonsweet/Library/Developer/Xcode/DerivedData/OPS-czavgtmnvamasvcjgszzuulfcsxj/Build/Intermediates.noindex/OPS.build/Debug-iphonesimulator/OPS.build/Objects-normal/arm64/OPS_const_extract_protocols.json -enable-experimental-feature DebugDescriptionMacro -enable-experimental-feature OpaqueTypeErasure -enable-bare-slash-regex -empty-abi-descriptor -validate-clang-modules-once -clang-build-session-file /Users/jacksonsweet/Library/Developer/Xcode/DerivedData/ModuleCache.noindex/Session.modulevalidation -Xcc -working-directory -Xcc /Users/jacksonsweet/Desktop/OPS\ APP/OPS -resource-dir /Applications/Xcode.app/Contents/Developer/Toolchains/XcodeDefault.xctoolchain/usr/lib/swift -enable-anonymous-context-mangled-names -file-compilation-dir /Users/jacksonsweet/Desktop/OPS\ APP/OPS -Xcc -D_LIBCPP_HARDENING_MODE\=_LIBCPP_HARDENING_MODE_DEBUG -Xcc -ivfsstatcache -Xcc /Users/jacksonsweet/Library/Developer/Xcode/DerivedData/SDKStatCaches.noindex/iphonesimulator18.2-22C146-07b28473f605e47e75261259d3ef3b5a.sdkstatcache -Xcc -I/Users/jacksonsweet/Library/Developer/Xcode/DerivedData/OPS-czavgtmnvamasvcjgszzuulfcsxj/Build/Intermediates.noindex/OPS.build/Debug-iphonesimulator/OPS.build/swift-overrides.hmap -Xcc -iquote -Xcc /Users/jacksonsweet/Library/Developer/Xcode/DerivedData/OPS-czavgtmnvamasvcjgszzuulfcsxj/Build/Intermediates.noindex/OPS.build/Debug-iphonesimulator/OPS.build/OPS-generated-files.hmap -Xcc -I/Users/jacksonsweet/Library/Developer/Xcode/DerivedData/OPS-czavgtmnvamasvcjgszzuulfcsxj/Build/Intermediates.noindex/OPS.build/Debug-iphonesimulator/OPS.build/OPS-own-target-headers.hmap -Xcc -I/Users/jacksonsweet/Library/Developer/Xcode/DerivedData/OPS-czavgtmnvamasvcjgszzuulfcsxj/Build/Intermediates.noindex/OPS.build/Debug-iphonesimulator/OPS.build/OPS-all-target-headers.hmap -Xcc -iquote -Xcc /Users/jacksonsweet/Library/Developer/Xcode/DerivedData/OPS-czavgtmnvamasvcjgszzuulfcsxj/Build/Intermediates.noindex/OPS.build/Debug-iphonesimulator/OPS.build/OPS-project-headers.hmap -Xcc -I/Users/jacksonsweet/Library/Developer/Xcode/DerivedData/OPS-czavgtmnvamasvcjgszzuulfcsxj/Build/Products/Debug-iphonesimulator/include -Xcc -I/Users/jacksonsweet/Library/Developer/Xcode/DerivedData/OPS-czavgtmnvamasvcjgszzuulfcsxj/Build/Intermediates.noindex/OPS.build/Debug-iphonesimulator/OPS.build/DerivedSources-normal/arm64 -Xcc -I/Users/jacksonsweet/Library/Developer/Xcode/DerivedData/OPS-czavgtmnvamasvcjgszzuulfcsxj/Build/Intermediates.noindex/OPS.build/Debug-iphonesimulator/OPS.build/DerivedSources/arm64 -Xcc -I/Users/jacksonsweet/Library/Developer/Xcode/DerivedData/OPS-czavgtmnvamasvcjgszzuulfcsxj/Build/Intermediates.noindex/OPS.build/Debug-iphonesimulator/OPS.build/DerivedSources -Xcc -DDEBUG\=1 -module-name OPS -frontend-parseable-output -disable-clang-spi -target-sdk-version 18.2 -target-sdk-name iphonesimulator18.2 -external-plugin-path /Applications/Xcode.app/Contents/Developer/Platforms/iPhoneOS.platform/Developer/usr/lib/swift/host/plugins\#/Applications/Xcode.app/Contents/Developer/Platforms/iPhoneOS.platform/Developer/usr/bin/swift-plugin-server -external-plugin-path /Applications/Xcode.app/Contents/Developer/Platforms/iPhoneOS.platform/Developer/usr/local/lib/swift/host/plugins\#/Applications/Xcode.app/Contents/Developer/Platforms/iPhoneOS.platform/Developer/usr/bin/swift-plugin-server -plugin-path /Applications/Xcode.app/Contents/Developer/Toolchains/XcodeDefault.xctoolchain/usr/lib/swift/host/plugins -plugin-path /Applications/Xcode.app/Contents/Developer/Toolchains/XcodeDefault.xctoolchain/usr/local/lib/swift/host/plugins -o /Users/jacksonsweet/Library/Developer/Xcode/DerivedData/OPS-czavgtmnvamasvcjgszzuulfcsxj/Build/Intermediates.noindex/OPS.build/Debug-iphonesimulator/OPS.build/Objects-normal/arm64/CalendarToggleView.o -o /Users/jacksonsweet/Library/Developer/Xcode/DerivedData/OPS-czavgtmnvamasvcjgszzuulfcsxj/Build/Intermediates.noindex/OPS.build/Debug-iphonesimulator/OPS.build/Objects-normal/arm64/DatePickerPopover.o -o /Users/jacksonsweet/Library/Developer/Xcode/DerivedData/OPS-czavgtmnvamasvcjgszzuulfcsxj/Build/Intermediates.noindex/OPS.build/Debug-iphonesimulator/OPS.build/Objects-normal/arm64/DayCell.o -o /Users/jacksonsweet/Library/Developer/Xcode/DerivedData/OPS-czavgtmnvamasvcjgszzuulfcsxj/Build/Intermediates.noindex/OPS.build/Debug-iphonesimulator/OPS.build/Objects-normal/arm64/DayProjectSheet.o -o /Users/jacksonsweet/Library/Developer/Xcode/DerivedData/OPS-czavgtmnvamasvcjgszzuulfcsxj/Build/Intermediates.noindex/OPS.build/Debug-iphonesimulator/OPS.build/Objects-normal/arm64/ProjectListView.o -o /Users/jacksonsweet/Library/Developer/Xcode/DerivedData/OPS-czavgtmnvamasvcjgszzuulfcsxj/Build/Intermediates.noindex/OPS.build/Debug-iphonesimulator/OPS.build/Objects-normal/arm64/MonthGridView.o -o /Users/jacksonsweet/Library/Developer/Xcode/DerivedData/OPS-czavgtmnvamasvcjgszzuulfcsxj/Build/Intermediates.noindex/OPS.build/Debug-iphonesimulator/OPS.build/Objects-normal/arm64/AppHeader.o -o /Users/jacksonsweet/Library/Developer/Xcode/DerivedData/OPS-czavgtmnvamasvcjgszzuulfcsxj/Build/Intermediates.noindex/OPS.build/Debug-iphonesimulator/OPS.build/Objects-normal/arm64/ExpandableNotesView.o -o /Users/jacksonsweet/Library/Developer/Xcode/DerivedData/OPS-czavgtmnvamasvcjgszzuulfcsxj/Build/Intermediates.noindex/OPS.build/Debug-iphonesimulator/OPS.build/Objects-normal/arm64/LocationPermissionView.o -o /Users/jacksonsweet/Library/Developer/Xcode/DerivedData/OPS-czavgtmnvamasvcjgszzuulfcsxj/Build/Intermediates.noindex/OPS.build/Debug-iphonesimulator/OPS.build/Objects-normal/arm64/NavigationBanner.o -o /Users/jacksonsweet/Library/Developer/Xcode/DerivedData/OPS-czavgtmnvamasvcjgszzuulfcsxj/Build/Intermediates.noindex/OPS.build/Debug-iphonesimulator/OPS.build/Objects-normal/arm64/NavigationControlsView.o -o /Users/jacksonsweet/Library/Developer/Xcode/DerivedData/OPS-czavgtmnvamasvcjgszzuulfcsxj/Build/Intermediates.noindex/OPS.build/Debug-iphonesimulator/OPS.build/Objects-normal/arm64/TabBarBackground.o -index-unit-output-path /OPS.build/Debug-iphonesimulator/OPS.build/Objects-normal/arm64/CalendarToggleView.o -index-unit-output-path /OPS.build/Debug-iphonesimulator/OPS.build/Objects-normal/arm64/DatePickerPopover.o -index-unit-output-path /OPS.build/Debug-iphonesimulator/OPS.build/Objects-normal/arm64/DayCell.o -index-unit-output-path /OPS.build/Debug-iphonesimulator/OPS.build/Objects-normal/arm64/DayProjectSheet.o -index-unit-output-path /OPS.build/Debug-iphonesimulator/OPS.build/Objects-normal/arm64/ProjectListView.o -index-unit-output-path /OPS.build/Debug-iphonesimulator/OPS.build/Objects-normal/arm64/MonthGridView.o -index-unit-output-path /OPS.build/Debug-iphonesimulator/OPS.build/Objects-normal/arm64/AppHeader.o -index-unit-output-path /OPS.build/Debug-iphonesimulator/OPS.build/Objects-normal/arm64/ExpandableNotesView.o -index-unit-output-path /OPS.build/Debug-iphonesimulator/OPS.build/Objects-normal/arm64/LocationPermissionView.o -index-unit-output-path /OPS.build/Debug-iphonesimulator/OPS.build/Objects-normal/arm64/NavigationBanner.o -index-unit-output-path /OPS.build/Debug-iphonesimulator/OPS.build/Objects-normal/arm64/NavigationControlsView.o -index-unit-output-path /OPS.build/Debug-iphonesimulator/OPS.build/Objects-normal/arm64/TabBarBackground.o -index-store-path /Users/jacksonsweet/Library/Developer/Xcode/DerivedData/OPS-czavgtmnvamasvcjgszzuulfcsxj/Index.noindex/DataStore -index-system-modules

SwiftCompile normal arm64 /Users/jacksonsweet/Desktop/OPS\ APP/OPS/OPS/Views/Components/Common/AppHeader.swift (in target 'OPS' from project 'OPS')
    cd /Users/jacksonsweet/Desktop/OPS\ APP/OPS
    /Applications/Xcode.app/Contents/Developer/Toolchains/XcodeDefault.xctoolchain/usr/bin/swift-frontend -c /Users/jacksonsweet/Desktop/OPS\ APP/OPS/OPS/DataModels/BubbleImage.swift /Users/jacksonsweet/Desktop/OPS\ APP/OPS/OPS/DataModels/BubbleTypes.swift /Users/jacksonsweet/Desktop/OPS\ APP/OPS/OPS/DataModels/Company.swift /Users/jacksonsweet/Desktop/OPS\ APP/OPS/OPS/DataModels/Project.swift /Users/jacksonsweet/Desktop/OPS\ APP/OPS/OPS/DataModels/Status.swift /Users/jacksonsweet/Desktop/OPS\ APP/OPS/OPS/DataModels/User.swift /Users/jacksonsweet/Desktop/OPS\ APP/OPS/OPS/DataModels/UserRole.swift /Users/jacksonsweet/Desktop/OPS\ APP/OPS/OPS/Extensions/UIImage+Extensions.swift /Users/jacksonsweet/Desktop/OPS\ APP/OPS/OPS/Network/API/APIError.swift /Users/jacksonsweet/Desktop/OPS\ APP/OPS/OPS/Network/API/APIService.swift /Users/jacksonsweet/Desktop/OPS\ APP/OPS/OPS/Network/API/BubbleFields.swift /Users/jacksonsweet/Desktop/OPS\ APP/OPS/OPS/Network/Auth/AuthError.swift /Users/jacksonsweet/Desktop/OPS\ APP/OPS/OPS/Network/Auth/AuthManager.swift /Users/jacksonsweet/Desktop/OPS\ APP/OPS/OPS/Network/Auth/KeychainManager.swift /Users/jacksonsweet/Desktop/OPS\ APP/OPS/OPS/Network/DTOs/CompanyDTO.swift /Users/jacksonsweet/Desktop/OPS\ APP/OPS/OPS/Network/DTOs/ProjectDTO.swift /Users/jacksonsweet/Desktop/OPS\ APP/OPS/OPS/Network/DTOs/UserDTO.swift /Users/jacksonsweet/Desktop/OPS\ APP/OPS/OPS/Network/Endpoints/CompanyEndpoints.swift /Users/jacksonsweet/Desktop/OPS\ APP/OPS/OPS/Network/Endpoints/ProjectEndpoints.swift /Users/jacksonsweet/Desktop/OPS\ APP/OPS/OPS/Network/Endpoints/UserEndpoints.swift /Users/jacksonsweet/Desktop/OPS\ APP/OPS/OPS/Network/Sync/BackgroundTaskManager.swift /Users/jacksonsweet/Desktop/OPS\ APP/OPS/OPS/Network/Sync/SyncManager.swift /Users/jacksonsweet/Desktop/OPS\ APP/OPS/OPS/Network/ConnectivityMonitor.swift /Users/jacksonsweet/Desktop/OPS\ APP/OPS/OPS/Network/ImageSyncManager.swift /Users/jacksonsweet/Desktop/OPS\ APP/OPS/OPS/Onboarding/Coordinators/OnboardingCoordinator.swift /Users/jacksonsweet/Desktop/OPS\ APP/OPS/OPS/Onboarding/Models/OnboardingModels.swift /Users/jacksonsweet/Desktop/OPS\ APP/OPS/OPS/Onboarding/Services/OnboardingService.swift /Users/jacksonsweet/Desktop/OPS\ APP/OPS/OPS/Onboarding/ViewModels/OnboardingViewModel.swift /Users/jacksonsweet/Desktop/OPS\ APP/OPS/OPS/Onboarding/Views/Components/OnboardingComponents.swift /Users/jacksonsweet/Desktop/OPS\ APP/OPS/OPS/Onboarding/Views/Screens/AccountCreatedView.swift /Users/jacksonsweet/Desktop/OPS\ APP/OPS/OPS/Onboarding/Views/Screens/CompanyCodeView.swift /Users/jacksonsweet/Desktop/OPS\ APP/OPS/OPS/Onboarding/Views/Screens/CompanyCodeViewPreview.swift /Users/jacksonsweet/Desktop/OPS\ APP/OPS/OPS/Onboarding/Views/Screens/CompletionView.swift /Users/jacksonsweet/Desktop/OPS\ APP/OPS/OPS/Onboarding/Views/Screens/CompletionViewPreview.swift /Users/jacksonsweet/Desktop/OPS\ APP/OPS/OPS/Onboarding/Views/Screens/EmailView.swift /Users/jacksonsweet/Desktop/OPS\ APP/OPS/OPS/Onboarding/Views/Screens/FieldSetupView.swift /Users/jacksonsweet/Desktop/OPS\ APP/OPS/OPS/Onboarding/Views/Screens/NotificationsView.swift /Users/jacksonsweet/Desktop/OPS\ APP/OPS/OPS/Onboarding/Views/Screens/NotificationsViewPreview.swift /Users/jacksonsweet/Desktop/OPS\ APP/OPS/OPS/Onboarding/Views/Screens/OrganizationJoinView.swift /Users/jacksonsweet/Desktop/OPS\ APP/OPS/OPS/Onboarding/Views/Screens/PasswordView.swift /Users/jacksonsweet/Desktop/OPS\ APP/OPS/OPS/Onboarding/Views/Screens/PasswordViewPreview.swift /Users/jacksonsweet/Desktop/OPS\ APP/OPS/OPS/Onboarding/Views/Screens/PermissionsView.swift /Users/jacksonsweet/Desktop/OPS\ APP/OPS/OPS/Onboarding/Views/Screens/PermissionsViewPreview.swift /Users/jacksonsweet/Desktop/OPS\ APP/OPS/OPS/Onboarding/Views/Screens/PhoneNumberView.swift /Users/jacksonsweet/Desktop/OPS\ APP/OPS/OPS/Onboarding/Views/Screens/PhoneNumberViewPreview.swift /Users/jacksonsweet/Desktop/OPS\ APP/OPS/OPS/Onboarding/Views/Screens/UserInfoView.swift /Users/jacksonsweet/Desktop/OPS\ APP/OPS/OPS/Onboarding/Views/Screens/UserInfoViewPreview.swift /Users/jacksonsweet/Desktop/OPS\ APP/OPS/OPS/Onboarding/Views/Screens/VerifyPhoneView.swift /Users/jacksonsweet/Desktop/OPS\ APP/OPS/OPS/Onboarding/Views/Screens/WelcomeCompanyView.swift /Users/jacksonsweet/Desktop/OPS\ APP/OPS/OPS/Onboarding/Views/Screens/WelcomeCompanyViewPreview.swift /Users/jacksonsweet/Desktop/OPS\ APP/OPS/OPS/Onboarding/Views/Screens/WelcomeView.swift /Users/jacksonsweet/Desktop/OPS\ APP/OPS/OPS/Onboarding/Views/Screens/WelcomeViewPreview.swift /Users/jacksonsweet/Desktop/OPS\ APP/OPS/OPS/Onboarding/Views/OnboardingContainerView.swift /Users/jacksonsweet/Desktop/OPS\ APP/OPS/OPS/Onboarding/Views/OnboardingFlowPreview.swift /Users/jacksonsweet/Desktop/OPS\ APP/OPS/OPS/Onboarding/Views/OnboardingPresenter.swift /Users/jacksonsweet/Desktop/OPS\ APP/OPS/OPS/Onboarding/Views/OnboardingPreviewHelpers.swift /Users/jacksonsweet/Desktop/OPS\ APP/OPS/OPS/Styles/OPSStyle.swift /Users/jacksonsweet/Desktop/OPS\ APP/OPS/OPS/Utilities/AppConfiguration.swift /Users/jacksonsweet/Desktop/OPS\ APP/OPS/OPS/Utilities/ArrayTransformer.swift /Users/jacksonsweet/Desktop/OPS\ APP/OPS/OPS/Utilities/DataController.swift /Users/jacksonsweet/Desktop/OPS\ APP/OPS/OPS/Utilities/Dateformatter\ +Bubble.swift /Users/jacksonsweet/Desktop/OPS\ APP/OPS/OPS/Utilities/DateHelper.swift /Users/jacksonsweet/Desktop/OPS\ APP/OPS/OPS/Utilities/FieldErrorHandler.swift /Users/jacksonsweet/Desktop/OPS\ APP/OPS/OPS/Utilities/ImageCache.swift /Users/jacksonsweet/Desktop/OPS\ APP/OPS/OPS/Utilities/ImageFileManager.swift /Users/jacksonsweet/Desktop/OPS\ APP/OPS/OPS/Utilities/InProgressManager.swift /Users/jacksonsweet/Desktop/OPS\ APP/OPS/OPS/Utilities/KeyboardDismissalModifier.swift /Users/jacksonsweet/Desktop/OPS\ APP/OPS/OPS/Utilities/LocationManager.swift /Users/jacksonsweet/Desktop/OPS\ APP/OPS/OPS/Utilities/OnboardingEnvironmentKey.swift /Users/jacksonsweet/Desktop/OPS\ APP/OPS/OPS/Utilities/SwiftDataHelper.swift /Users/jacksonsweet/Desktop/OPS\ APP/OPS/OPS/Utilities/UIComponents.swift /Users/jacksonsweet/Desktop/OPS\ APP/OPS/OPS/V2/CertificationsSettingsView.swift /Users/jacksonsweet/Desktop/OPS\ APP/OPS/OPS/ViewModels/CalendarViewModel.swift /Users/jacksonsweet/Desktop/OPS\ APP/OPS/OPS/ViewModels/ProjectsViewModel.swift /Users/jacksonsweet/Desktop/OPS\ APP/OPS/OPS/Views/Calendar\ Tab/Components/CalendarDaySelector.swift /Users/jacksonsweet/Desktop/OPS\ APP/OPS/OPS/Views/Calendar\ Tab/Components/CalendarHeaderView.swift /Users/jacksonsweet/Desktop/OPS\ APP/OPS/OPS/Views/Calendar\ Tab/Components/CalendarProjectCard.swift -primary-file /Users/jacksonsweet/Desktop/OPS\ APP/OPS/OPS/Views/Calendar\ Tab/Components/CalendarToggleView.swift -primary-file /Users/jacksonsweet/Desktop/OPS\ APP/OPS/OPS/Views/Calendar\ Tab/Components/DatePickerPopover.swift -primary-file /Users/jacksonsweet/Desktop/OPS\ APP/OPS/OPS/Views/Calendar\ Tab/Components/DayCell.swift -primary-file /Users/jacksonsweet/Desktop/OPS\ APP/OPS/OPS/Views/Calendar\ Tab/ProjectViews/DayProjectSheet.swift -primary-file /Users/jacksonsweet/Desktop/OPS\ APP/OPS/OPS/Views/Calendar\ Tab/ProjectViews/ProjectListView.swift -primary-file /Users/jacksonsweet/Desktop/OPS\ APP/OPS/OPS/Views/Calendar\ Tab/MonthGridView.swift -primary-file /Users/jacksonsweet/Desktop/OPS\ APP/OPS/OPS/Views/Components/Common/AppHeader.swift -primary-file /Users/jacksonsweet/Desktop/OPS\ APP/OPS/OPS/Views/Components/Common/ExpandableNotesView.swift -primary-file /Users/jacksonsweet/Desktop/OPS\ APP/OPS/OPS/Views/Components/Common/LocationPermissionView.swift -primary-file /Users/jacksonsweet/Desktop/OPS\ APP/OPS/OPS/Views/Components/Common/NavigationBanner.swift -primary-file /Users/jacksonsweet/Desktop/OPS\ APP/OPS/OPS/Views/Components/Common/NavigationControlsView.swift -primary-file /Users/jacksonsweet/Desktop/OPS\ APP/OPS/OPS/Views/Components/Common/TabBarBackground.swift /Users/jacksonsweet/Desktop/OPS\ APP/OPS/OPS/Views/Components/Images/ImagePicker.swift /Users/jacksonsweet/Desktop/OPS\ APP/OPS/OPS/Views/Components/Images/ImagePickerView.swift /Users/jacksonsweet/Desktop/OPS\ APP/OPS/OPS/Views/Components/Images/ProjectImagesSection.swift /Users/jacksonsweet/Desktop/OPS\ APP/OPS/OPS/Views/Components/Images/ProjectImagesSimple.swift /Users/jacksonsweet/Desktop/OPS\ APP/OPS/OPS/Views/Components/Images/ProjectImageView.swift /Users/jacksonsweet/Desktop/OPS\ APP/OPS/OPS/Views/Components/Images/ProjectPhotosGrid.swift /Users/jacksonsweet/Desktop/OPS\ APP/OPS/OPS/Views/Components/Map/MiniMapView.swift /Users/jacksonsweet/Desktop/OPS\ APP/OPS/OPS/Views/Components/Map/ProjectMapAnnotation.swift /Users/jacksonsweet/Desktop/OPS\ APP/OPS/OPS/Views/Components/Map/ProjectMapView.swift /Users/jacksonsweet/Desktop/OPS\ APP/OPS/OPS/Views/Components/Map/ProjectMarkerPopup.swift /Users/jacksonsweet/Desktop/OPS\ APP/OPS/OPS/Views/Components/Map/RouteDirectionsView.swift /Users/jacksonsweet/Desktop/OPS\ APP/OPS/OPS/Views/Components/Project/ProjectActionBar.swift /Users/jacksonsweet/Desktop/OPS\ APP/OPS/OPS/Views/Components/Project/ProjectCard.swift /Users/jacksonsweet/Desktop/OPS\ APP/OPS/OPS/Views/Components/Project/ProjectCarousel.swift /Users/jacksonsweet/Desktop/OPS\ APP/OPS/OPS/Views/Components/Project/ProjectDetailsView.swift /Users/jacksonsweet/Desktop/OPS\ APP/OPS/OPS/Views/Components/Project/ProjectHeader.swift /Users/jacksonsweet/Desktop/OPS\ APP/OPS/OPS/Views/Components/Project/ProjectSheetContainer.swift /Users/jacksonsweet/Desktop/OPS\ APP/OPS/OPS/Views/Components/User/TeamMemberListView.swift /Users/jacksonsweet/Desktop/OPS\ APP/OPS/OPS/Views/Components/User/UserProfileCard.swift /Users/jacksonsweet/Desktop/OPS\ APP/OPS/OPS/Views/Home/HomeContentView.swift /Users/jacksonsweet/Desktop/OPS\ APP/OPS/OPS/Views/Home/HomeView.swift /Users/jacksonsweet/Desktop/OPS\ APP/OPS/OPS/Views/Settings/OrganizationSettingsView.swift /Users/jacksonsweet/Desktop/OPS\ APP/OPS/OPS/Views/Settings/ProfileSettingsView.swift /Users/jacksonsweet/Desktop/OPS\ APP/OPS/OPS/Views/Settings/ProjectHistorySettingsView.swift /Users/jacksonsweet/Desktop/OPS\ APP/OPS/OPS/Views/LoginView.swift /Users/jacksonsweet/Desktop/OPS\ APP/OPS/OPS/Views/LoginViewPreview.swift /Users/jacksonsweet/Desktop/OPS\ APP/OPS/OPS/Views/MainTabView.swift /Users/jacksonsweet/Desktop/OPS\ APP/OPS/OPS/Views/NetworkStatusIndicator.swift /Users/jacksonsweet/Desktop/OPS\ APP/OPS/OPS/Views/ScheduleView.swift /Users/jacksonsweet/Desktop/OPS\ APP/OPS/OPS/Views/SettingsView.swift /Users/jacksonsweet/Desktop/OPS\ APP/OPS/OPS/Views/SplashScreen.swift /Users/jacksonsweet/Desktop/OPS\ APP/OPS/OPS/AppState.swift /Users/jacksonsweet/Desktop/OPS\ APP/OPS/OPS/ContentView.swift /Users/jacksonsweet/Desktop/OPS\ APP/OPS/OPS/Item.swift /Users/jacksonsweet/Desktop/OPS\ APP/OPS/OPS/OPSApp.swift /Users/jacksonsweet/Library/Developer/Xcode/DerivedData/OPS-czavgtmnvamasvcjgszzuulfcsxj/Build/Intermediates.noindex/OPS.build/Debug-iphonesimulator/OPS.build/DerivedSources/GeneratedAssetSymbols.swift -supplementary-output-file-map /Users/jacksonsweet/Library/Developer/Xcode/DerivedData/OPS-czavgtmnvamasvcjgszzuulfcsxj/Build/Intermediates.noindex/OPS.build/Debug-iphonesimulator/OPS.build/Objects-normal/arm64/supplementaryOutputs-7 -emit-localized-strings -emit-localized-strings-path /Users/jacksonsweet/Library/Developer/Xcode/DerivedData/OPS-czavgtmnvamasvcjgszzuulfcsxj/Build/Intermediates.noindex/OPS.build/Debug-iphonesimulator/OPS.build/Objects-normal/arm64 -target arm64-apple-ios18.2-simulator -Xllvm -aarch64-use-tbi -enable-objc-interop -sdk /Applications/Xcode.app/Contents/Developer/Platforms/iPhoneSimulator.platform/Developer/SDKs/iPhoneSimulator18.2.sdk -I /Users/jacksonsweet/Library/Developer/Xcode/DerivedData/OPS-czavgtmnvamasvcjgszzuulfcsxj/Build/Products/Debug-iphonesimulator -F /Users/jacksonsweet/Library/Developer/Xcode/DerivedData/OPS-czavgtmnvamasvcjgszzuulfcsxj/Build/Products/Debug-iphonesimulator -no-color-diagnostics -enable-testing -g -debug-info-format\=dwarf -dwarf-version\=5 -module-cache-path /Users/jacksonsweet/Library/Developer/Xcode/DerivedData/ModuleCache.noindex -profile-generate -profile-coverage-mapping -swift-version 5 -enforce-exclusivity\=checked -Onone -D DEBUG -serialize-debugging-options -const-gather-protocols-file /Users/jacksonsweet/Library/Developer/Xcode/DerivedData/OPS-czavgtmnvamasvcjgszzuulfcsxj/Build/Intermediates.noindex/OPS.build/Debug-iphonesimulator/OPS.build/Objects-normal/arm64/OPS_const_extract_protocols.json -enable-experimental-feature DebugDescriptionMacro -enable-experimental-feature OpaqueTypeErasure -enable-bare-slash-regex -empty-abi-descriptor -validate-clang-modules-once -clang-build-session-file /Users/jacksonsweet/Library/Developer/Xcode/DerivedData/ModuleCache.noindex/Session.modulevalidation -Xcc -working-directory -Xcc /Users/jacksonsweet/Desktop/OPS\ APP/OPS -resource-dir /Applications/Xcode.app/Contents/Developer/Toolchains/XcodeDefault.xctoolchain/usr/lib/swift -enable-anonymous-context-mangled-names -file-compilation-dir /Users/jacksonsweet/Desktop/OPS\ APP/OPS -Xcc -D_LIBCPP_HARDENING_MODE\=_LIBCPP_HARDENING_MODE_DEBUG -Xcc -ivfsstatcache -Xcc /Users/jacksonsweet/Library/Developer/Xcode/DerivedData/SDKStatCaches.noindex/iphonesimulator18.2-22C146-07b28473f605e47e75261259d3ef3b5a.sdkstatcache -Xcc -I/Users/jacksonsweet/Library/Developer/Xcode/DerivedData/OPS-czavgtmnvamasvcjgszzuulfcsxj/Build/Intermediates.noindex/OPS.build/Debug-iphonesimulator/OPS.build/swift-overrides.hmap -Xcc -iquote -Xcc /Users/jacksonsweet/Library/Developer/Xcode/DerivedData/OPS-czavgtmnvamasvcjgszzuulfcsxj/Build/Intermediates.noindex/OPS.build/Debug-iphonesimulator/OPS.build/OPS-generated-files.hmap -Xcc -I/Users/jacksonsweet/Library/Developer/Xcode/DerivedData/OPS-czavgtmnvamasvcjgszzuulfcsxj/Build/Intermediates.noindex/OPS.build/Debug-iphonesimulator/OPS.build/OPS-own-target-headers.hmap -Xcc -I/Users/jacksonsweet/Library/Developer/Xcode/DerivedData/OPS-czavgtmnvamasvcjgszzuulfcsxj/Build/Intermediates.noindex/OPS.build/Debug-iphonesimulator/OPS.build/OPS-all-target-headers.hmap -Xcc -iquote -Xcc /Users/jacksonsweet/Library/Developer/Xcode/DerivedData/OPS-czavgtmnvamasvcjgszzuulfcsxj/Build/Intermediates.noindex/OPS.build/Debug-iphonesimulator/OPS.build/OPS-project-headers.hmap -Xcc -I/Users/jacksonsweet/Library/Developer/Xcode/DerivedData/OPS-czavgtmnvamasvcjgszzuulfcsxj/Build/Products/Debug-iphonesimulator/include -Xcc -I/Users/jacksonsweet/Library/Developer/Xcode/DerivedData/OPS-czavgtmnvamasvcjgszzuulfcsxj/Build/Intermediates.noindex/OPS.build/Debug-iphonesimulator/OPS.build/DerivedSources-normal/arm64 -Xcc -I/Users/jacksonsweet/Library/Developer/Xcode/DerivedData/OPS-czavgtmnvamasvcjgszzuulfcsxj/Build/Intermediates.noindex/OPS.build/Debug-iphonesimulator/OPS.build/DerivedSources/arm64 -Xcc -I/Users/jacksonsweet/Library/Developer/Xcode/DerivedData/OPS-czavgtmnvamasvcjgszzuulfcsxj/Build/Intermediates.noindex/OPS.build/Debug-iphonesimulator/OPS.build/DerivedSources -Xcc -DDEBUG\=1 -module-name OPS -frontend-parseable-output -disable-clang-spi -target-sdk-version 18.2 -target-sdk-name iphonesimulator18.2 -external-plugin-path /Applications/Xcode.app/Contents/Developer/Platforms/iPhoneOS.platform/Developer/usr/lib/swift/host/plugins\#/Applications/Xcode.app/Contents/Developer/Platforms/iPhoneOS.platform/Developer/usr/bin/swift-plugin-server -external-plugin-path /Applications/Xcode.app/Contents/Developer/Platforms/iPhoneOS.platform/Developer/usr/local/lib/swift/host/plugins\#/Applications/Xcode.app/Contents/Developer/Platforms/iPhoneOS.platform/Developer/usr/bin/swift-plugin-server -plugin-path /Applications/Xcode.app/Contents/Developer/Toolchains/XcodeDefault.xctoolchain/usr/lib/swift/host/plugins -plugin-path /Applications/Xcode.app/Contents/Developer/Toolchains/XcodeDefault.xctoolchain/usr/local/lib/swift/host/plugins -o /Users/jacksonsweet/Library/Developer/Xcode/DerivedData/OPS-czavgtmnvamasvcjgszzuulfcsxj/Build/Intermediates.noindex/OPS.build/Debug-iphonesimulator/OPS.build/Objects-normal/arm64/CalendarToggleView.o -o /Users/jacksonsweet/Library/Developer/Xcode/DerivedData/OPS-czavgtmnvamasvcjgszzuulfcsxj/Build/Intermediates.noindex/OPS.build/Debug-iphonesimulator/OPS.build/Objects-normal/arm64/DatePickerPopover.o -o /Users/jacksonsweet/Library/Developer/Xcode/DerivedData/OPS-czavgtmnvamasvcjgszzuulfcsxj/Build/Intermediates.noindex/OPS.build/Debug-iphonesimulator/OPS.build/Objects-normal/arm64/DayCell.o -o /Users/jacksonsweet/Library/Developer/Xcode/DerivedData/OPS-czavgtmnvamasvcjgszzuulfcsxj/Build/Intermediates.noindex/OPS.build/Debug-iphonesimulator/OPS.build/Objects-normal/arm64/DayProjectSheet.o -o /Users/jacksonsweet/Library/Developer/Xcode/DerivedData/OPS-czavgtmnvamasvcjgszzuulfcsxj/Build/Intermediates.noindex/OPS.build/Debug-iphonesimulator/OPS.build/Objects-normal/arm64/ProjectListView.o -o /Users/jacksonsweet/Library/Developer/Xcode/DerivedData/OPS-czavgtmnvamasvcjgszzuulfcsxj/Build/Intermediates.noindex/OPS.build/Debug-iphonesimulator/OPS.build/Objects-normal/arm64/MonthGridView.o -o /Users/jacksonsweet/Library/Developer/Xcode/DerivedData/OPS-czavgtmnvamasvcjgszzuulfcsxj/Build/Intermediates.noindex/OPS.build/Debug-iphonesimulator/OPS.build/Objects-normal/arm64/AppHeader.o -o /Users/jacksonsweet/Library/Developer/Xcode/DerivedData/OPS-czavgtmnvamasvcjgszzuulfcsxj/Build/Intermediates.noindex/OPS.build/Debug-iphonesimulator/OPS.build/Objects-normal/arm64/ExpandableNotesView.o -o /Users/jacksonsweet/Library/Developer/Xcode/DerivedData/OPS-czavgtmnvamasvcjgszzuulfcsxj/Build/Intermediates.noindex/OPS.build/Debug-iphonesimulator/OPS.build/Objects-normal/arm64/LocationPermissionView.o -o /Users/jacksonsweet/Library/Developer/Xcode/DerivedData/OPS-czavgtmnvamasvcjgszzuulfcsxj/Build/Intermediates.noindex/OPS.build/Debug-iphonesimulator/OPS.build/Objects-normal/arm64/NavigationBanner.o -o /Users/jacksonsweet/Library/Developer/Xcode/DerivedData/OPS-czavgtmnvamasvcjgszzuulfcsxj/Build/Intermediates.noindex/OPS.build/Debug-iphonesimulator/OPS.build/Objects-normal/arm64/NavigationControlsView.o -o /Users/jacksonsweet/Library/Developer/Xcode/DerivedData/OPS-czavgtmnvamasvcjgszzuulfcsxj/Build/Intermediates.noindex/OPS.build/Debug-iphonesimulator/OPS.build/Objects-normal/arm64/TabBarBackground.o -index-unit-output-path /OPS.build/Debug-iphonesimulator/OPS.build/Objects-normal/arm64/CalendarToggleView.o -index-unit-output-path /OPS.build/Debug-iphonesimulator/OPS.build/Objects-normal/arm64/DatePickerPopover.o -index-unit-output-path /OPS.build/Debug-iphonesimulator/OPS.build/Objects-normal/arm64/DayCell.o -index-unit-output-path /OPS.build/Debug-iphonesimulator/OPS.build/Objects-normal/arm64/DayProjectSheet.o -index-unit-output-path /OPS.build/Debug-iphonesimulator/OPS.build/Objects-normal/arm64/ProjectListView.o -index-unit-output-path /OPS.build/Debug-iphonesimulator/OPS.build/Objects-normal/arm64/MonthGridView.o -index-unit-output-path /OPS.build/Debug-iphonesimulator/OPS.build/Objects-normal/arm64/AppHeader.o -index-unit-output-path /OPS.build/Debug-iphonesimulator/OPS.build/Objects-normal/arm64/ExpandableNotesView.o -index-unit-output-path /OPS.build/Debug-iphonesimulator/OPS.build/Objects-normal/arm64/LocationPermissionView.o -index-unit-output-path /OPS.build/Debug-iphonesimulator/OPS.build/Objects-normal/arm64/NavigationBanner.o -index-unit-output-path /OPS.build/Debug-iphonesimulator/OPS.build/Objects-normal/arm64/NavigationControlsView.o -index-unit-output-path /OPS.build/Debug-iphonesimulator/OPS.build/Objects-normal/arm64/TabBarBackground.o -index-store-path /Users/jacksonsweet/Library/Developer/Xcode/DerivedData/OPS-czavgtmnvamasvcjgszzuulfcsxj/Index.noindex/DataStore -index-system-modules

SwiftCompile normal arm64 /Users/jacksonsweet/Desktop/OPS\ APP/OPS/OPS/Views/Components/Common/ExpandableNotesView.swift (in target 'OPS' from project 'OPS')
    cd /Users/jacksonsweet/Desktop/OPS\ APP/OPS
    /Applications/Xcode.app/Contents/Developer/Toolchains/XcodeDefault.xctoolchain/usr/bin/swift-frontend -c /Users/jacksonsweet/Desktop/OPS\ APP/OPS/OPS/DataModels/BubbleImage.swift /Users/jacksonsweet/Desktop/OPS\ APP/OPS/OPS/DataModels/BubbleTypes.swift /Users/jacksonsweet/Desktop/OPS\ APP/OPS/OPS/DataModels/Company.swift /Users/jacksonsweet/Desktop/OPS\ APP/OPS/OPS/DataModels/Project.swift /Users/jacksonsweet/Desktop/OPS\ APP/OPS/OPS/DataModels/Status.swift /Users/jacksonsweet/Desktop/OPS\ APP/OPS/OPS/DataModels/User.swift /Users/jacksonsweet/Desktop/OPS\ APP/OPS/OPS/DataModels/UserRole.swift /Users/jacksonsweet/Desktop/OPS\ APP/OPS/OPS/Extensions/UIImage+Extensions.swift /Users/jacksonsweet/Desktop/OPS\ APP/OPS/OPS/Network/API/APIError.swift /Users/jacksonsweet/Desktop/OPS\ APP/OPS/OPS/Network/API/APIService.swift /Users/jacksonsweet/Desktop/OPS\ APP/OPS/OPS/Network/API/BubbleFields.swift /Users/jacksonsweet/Desktop/OPS\ APP/OPS/OPS/Network/Auth/AuthError.swift /Users/jacksonsweet/Desktop/OPS\ APP/OPS/OPS/Network/Auth/AuthManager.swift /Users/jacksonsweet/Desktop/OPS\ APP/OPS/OPS/Network/Auth/KeychainManager.swift /Users/jacksonsweet/Desktop/OPS\ APP/OPS/OPS/Network/DTOs/CompanyDTO.swift /Users/jacksonsweet/Desktop/OPS\ APP/OPS/OPS/Network/DTOs/ProjectDTO.swift /Users/jacksonsweet/Desktop/OPS\ APP/OPS/OPS/Network/DTOs/UserDTO.swift /Users/jacksonsweet/Desktop/OPS\ APP/OPS/OPS/Network/Endpoints/CompanyEndpoints.swift /Users/jacksonsweet/Desktop/OPS\ APP/OPS/OPS/Network/Endpoints/ProjectEndpoints.swift /Users/jacksonsweet/Desktop/OPS\ APP/OPS/OPS/Network/Endpoints/UserEndpoints.swift /Users/jacksonsweet/Desktop/OPS\ APP/OPS/OPS/Network/Sync/BackgroundTaskManager.swift /Users/jacksonsweet/Desktop/OPS\ APP/OPS/OPS/Network/Sync/SyncManager.swift /Users/jacksonsweet/Desktop/OPS\ APP/OPS/OPS/Network/ConnectivityMonitor.swift /Users/jacksonsweet/Desktop/OPS\ APP/OPS/OPS/Network/ImageSyncManager.swift /Users/jacksonsweet/Desktop/OPS\ APP/OPS/OPS/Onboarding/Coordinators/OnboardingCoordinator.swift /Users/jacksonsweet/Desktop/OPS\ APP/OPS/OPS/Onboarding/Models/OnboardingModels.swift /Users/jacksonsweet/Desktop/OPS\ APP/OPS/OPS/Onboarding/Services/OnboardingService.swift /Users/jacksonsweet/Desktop/OPS\ APP/OPS/OPS/Onboarding/ViewModels/OnboardingViewModel.swift /Users/jacksonsweet/Desktop/OPS\ APP/OPS/OPS/Onboarding/Views/Components/OnboardingComponents.swift /Users/jacksonsweet/Desktop/OPS\ APP/OPS/OPS/Onboarding/Views/Screens/AccountCreatedView.swift /Users/jacksonsweet/Desktop/OPS\ APP/OPS/OPS/Onboarding/Views/Screens/CompanyCodeView.swift /Users/jacksonsweet/Desktop/OPS\ APP/OPS/OPS/Onboarding/Views/Screens/CompanyCodeViewPreview.swift /Users/jacksonsweet/Desktop/OPS\ APP/OPS/OPS/Onboarding/Views/Screens/CompletionView.swift /Users/jacksonsweet/Desktop/OPS\ APP/OPS/OPS/Onboarding/Views/Screens/CompletionViewPreview.swift /Users/jacksonsweet/Desktop/OPS\ APP/OPS/OPS/Onboarding/Views/Screens/EmailView.swift /Users/jacksonsweet/Desktop/OPS\ APP/OPS/OPS/Onboarding/Views/Screens/FieldSetupView.swift /Users/jacksonsweet/Desktop/OPS\ APP/OPS/OPS/Onboarding/Views/Screens/NotificationsView.swift /Users/jacksonsweet/Desktop/OPS\ APP/OPS/OPS/Onboarding/Views/Screens/NotificationsViewPreview.swift /Users/jacksonsweet/Desktop/OPS\ APP/OPS/OPS/Onboarding/Views/Screens/OrganizationJoinView.swift /Users/jacksonsweet/Desktop/OPS\ APP/OPS/OPS/Onboarding/Views/Screens/PasswordView.swift /Users/jacksonsweet/Desktop/OPS\ APP/OPS/OPS/Onboarding/Views/Screens/PasswordViewPreview.swift /Users/jacksonsweet/Desktop/OPS\ APP/OPS/OPS/Onboarding/Views/Screens/PermissionsView.swift /Users/jacksonsweet/Desktop/OPS\ APP/OPS/OPS/Onboarding/Views/Screens/PermissionsViewPreview.swift /Users/jacksonsweet/Desktop/OPS\ APP/OPS/OPS/Onboarding/Views/Screens/PhoneNumberView.swift /Users/jacksonsweet/Desktop/OPS\ APP/OPS/OPS/Onboarding/Views/Screens/PhoneNumberViewPreview.swift /Users/jacksonsweet/Desktop/OPS\ APP/OPS/OPS/Onboarding/Views/Screens/UserInfoView.swift /Users/jacksonsweet/Desktop/OPS\ APP/OPS/OPS/Onboarding/Views/Screens/UserInfoViewPreview.swift /Users/jacksonsweet/Desktop/OPS\ APP/OPS/OPS/Onboarding/Views/Screens/VerifyPhoneView.swift /Users/jacksonsweet/Desktop/OPS\ APP/OPS/OPS/Onboarding/Views/Screens/WelcomeCompanyView.swift /Users/jacksonsweet/Desktop/OPS\ APP/OPS/OPS/Onboarding/Views/Screens/WelcomeCompanyViewPreview.swift /Users/jacksonsweet/Desktop/OPS\ APP/OPS/OPS/Onboarding/Views/Screens/WelcomeView.swift /Users/jacksonsweet/Desktop/OPS\ APP/OPS/OPS/Onboarding/Views/Screens/WelcomeViewPreview.swift /Users/jacksonsweet/Desktop/OPS\ APP/OPS/OPS/Onboarding/Views/OnboardingContainerView.swift /Users/jacksonsweet/Desktop/OPS\ APP/OPS/OPS/Onboarding/Views/OnboardingFlowPreview.swift /Users/jacksonsweet/Desktop/OPS\ APP/OPS/OPS/Onboarding/Views/OnboardingPresenter.swift /Users/jacksonsweet/Desktop/OPS\ APP/OPS/OPS/Onboarding/Views/OnboardingPreviewHelpers.swift /Users/jacksonsweet/Desktop/OPS\ APP/OPS/OPS/Styles/OPSStyle.swift /Users/jacksonsweet/Desktop/OPS\ APP/OPS/OPS/Utilities/AppConfiguration.swift /Users/jacksonsweet/Desktop/OPS\ APP/OPS/OPS/Utilities/ArrayTransformer.swift /Users/jacksonsweet/Desktop/OPS\ APP/OPS/OPS/Utilities/DataController.swift /Users/jacksonsweet/Desktop/OPS\ APP/OPS/OPS/Utilities/Dateformatter\ +Bubble.swift /Users/jacksonsweet/Desktop/OPS\ APP/OPS/OPS/Utilities/DateHelper.swift /Users/jacksonsweet/Desktop/OPS\ APP/OPS/OPS/Utilities/FieldErrorHandler.swift /Users/jacksonsweet/Desktop/OPS\ APP/OPS/OPS/Utilities/ImageCache.swift /Users/jacksonsweet/Desktop/OPS\ APP/OPS/OPS/Utilities/ImageFileManager.swift /Users/jacksonsweet/Desktop/OPS\ APP/OPS/OPS/Utilities/InProgressManager.swift /Users/jacksonsweet/Desktop/OPS\ APP/OPS/OPS/Utilities/KeyboardDismissalModifier.swift /Users/jacksonsweet/Desktop/OPS\ APP/OPS/OPS/Utilities/LocationManager.swift /Users/jacksonsweet/Desktop/OPS\ APP/OPS/OPS/Utilities/OnboardingEnvironmentKey.swift /Users/jacksonsweet/Desktop/OPS\ APP/OPS/OPS/Utilities/SwiftDataHelper.swift /Users/jacksonsweet/Desktop/OPS\ APP/OPS/OPS/Utilities/UIComponents.swift /Users/jacksonsweet/Desktop/OPS\ APP/OPS/OPS/V2/CertificationsSettingsView.swift /Users/jacksonsweet/Desktop/OPS\ APP/OPS/OPS/ViewModels/CalendarViewModel.swift /Users/jacksonsweet/Desktop/OPS\ APP/OPS/OPS/ViewModels/ProjectsViewModel.swift /Users/jacksonsweet/Desktop/OPS\ APP/OPS/OPS/Views/Calendar\ Tab/Components/CalendarDaySelector.swift /Users/jacksonsweet/Desktop/OPS\ APP/OPS/OPS/Views/Calendar\ Tab/Components/CalendarHeaderView.swift /Users/jacksonsweet/Desktop/OPS\ APP/OPS/OPS/Views/Calendar\ Tab/Components/CalendarProjectCard.swift -primary-file /Users/jacksonsweet/Desktop/OPS\ APP/OPS/OPS/Views/Calendar\ Tab/Components/CalendarToggleView.swift -primary-file /Users/jacksonsweet/Desktop/OPS\ APP/OPS/OPS/Views/Calendar\ Tab/Components/DatePickerPopover.swift -primary-file /Users/jacksonsweet/Desktop/OPS\ APP/OPS/OPS/Views/Calendar\ Tab/Components/DayCell.swift -primary-file /Users/jacksonsweet/Desktop/OPS\ APP/OPS/OPS/Views/Calendar\ Tab/ProjectViews/DayProjectSheet.swift -primary-file /Users/jacksonsweet/Desktop/OPS\ APP/OPS/OPS/Views/Calendar\ Tab/ProjectViews/ProjectListView.swift -primary-file /Users/jacksonsweet/Desktop/OPS\ APP/OPS/OPS/Views/Calendar\ Tab/MonthGridView.swift -primary-file /Users/jacksonsweet/Desktop/OPS\ APP/OPS/OPS/Views/Components/Common/AppHeader.swift -primary-file /Users/jacksonsweet/Desktop/OPS\ APP/OPS/OPS/Views/Components/Common/ExpandableNotesView.swift -primary-file /Users/jacksonsweet/Desktop/OPS\ APP/OPS/OPS/Views/Components/Common/LocationPermissionView.swift -primary-file /Users/jacksonsweet/Desktop/OPS\ APP/OPS/OPS/Views/Components/Common/NavigationBanner.swift -primary-file /Users/jacksonsweet/Desktop/OPS\ APP/OPS/OPS/Views/Components/Common/NavigationControlsView.swift -primary-file /Users/jacksonsweet/Desktop/OPS\ APP/OPS/OPS/Views/Components/Common/TabBarBackground.swift /Users/jacksonsweet/Desktop/OPS\ APP/OPS/OPS/Views/Components/Images/ImagePicker.swift /Users/jacksonsweet/Desktop/OPS\ APP/OPS/OPS/Views/Components/Images/ImagePickerView.swift /Users/jacksonsweet/Desktop/OPS\ APP/OPS/OPS/Views/Components/Images/ProjectImagesSection.swift /Users/jacksonsweet/Desktop/OPS\ APP/OPS/OPS/Views/Components/Images/ProjectImagesSimple.swift /Users/jacksonsweet/Desktop/OPS\ APP/OPS/OPS/Views/Components/Images/ProjectImageView.swift /Users/jacksonsweet/Desktop/OPS\ APP/OPS/OPS/Views/Components/Images/ProjectPhotosGrid.swift /Users/jacksonsweet/Desktop/OPS\ APP/OPS/OPS/Views/Components/Map/MiniMapView.swift /Users/jacksonsweet/Desktop/OPS\ APP/OPS/OPS/Views/Components/Map/ProjectMapAnnotation.swift /Users/jacksonsweet/Desktop/OPS\ APP/OPS/OPS/Views/Components/Map/ProjectMapView.swift /Users/jacksonsweet/Desktop/OPS\ APP/OPS/OPS/Views/Components/Map/ProjectMarkerPopup.swift /Users/jacksonsweet/Desktop/OPS\ APP/OPS/OPS/Views/Components/Map/RouteDirectionsView.swift /Users/jacksonsweet/Desktop/OPS\ APP/OPS/OPS/Views/Components/Project/ProjectActionBar.swift /Users/jacksonsweet/Desktop/OPS\ APP/OPS/OPS/Views/Components/Project/ProjectCard.swift /Users/jacksonsweet/Desktop/OPS\ APP/OPS/OPS/Views/Components/Project/ProjectCarousel.swift /Users/jacksonsweet/Desktop/OPS\ APP/OPS/OPS/Views/Components/Project/ProjectDetailsView.swift /Users/jacksonsweet/Desktop/OPS\ APP/OPS/OPS/Views/Components/Project/ProjectHeader.swift /Users/jacksonsweet/Desktop/OPS\ APP/OPS/OPS/Views/Components/Project/ProjectSheetContainer.swift /Users/jacksonsweet/Desktop/OPS\ APP/OPS/OPS/Views/Components/User/TeamMemberListView.swift /Users/jacksonsweet/Desktop/OPS\ APP/OPS/OPS/Views/Components/User/UserProfileCard.swift /Users/jacksonsweet/Desktop/OPS\ APP/OPS/OPS/Views/Home/HomeContentView.swift /Users/jacksonsweet/Desktop/OPS\ APP/OPS/OPS/Views/Home/HomeView.swift /Users/jacksonsweet/Desktop/OPS\ APP/OPS/OPS/Views/Settings/OrganizationSettingsView.swift /Users/jacksonsweet/Desktop/OPS\ APP/OPS/OPS/Views/Settings/ProfileSettingsView.swift /Users/jacksonsweet/Desktop/OPS\ APP/OPS/OPS/Views/Settings/ProjectHistorySettingsView.swift /Users/jacksonsweet/Desktop/OPS\ APP/OPS/OPS/Views/LoginView.swift /Users/jacksonsweet/Desktop/OPS\ APP/OPS/OPS/Views/LoginViewPreview.swift /Users/jacksonsweet/Desktop/OPS\ APP/OPS/OPS/Views/MainTabView.swift /Users/jacksonsweet/Desktop/OPS\ APP/OPS/OPS/Views/NetworkStatusIndicator.swift /Users/jacksonsweet/Desktop/OPS\ APP/OPS/OPS/Views/ScheduleView.swift /Users/jacksonsweet/Desktop/OPS\ APP/OPS/OPS/Views/SettingsView.swift /Users/jacksonsweet/Desktop/OPS\ APP/OPS/OPS/Views/SplashScreen.swift /Users/jacksonsweet/Desktop/OPS\ APP/OPS/OPS/AppState.swift /Users/jacksonsweet/Desktop/OPS\ APP/OPS/OPS/ContentView.swift /Users/jacksonsweet/Desktop/OPS\ APP/OPS/OPS/Item.swift /Users/jacksonsweet/Desktop/OPS\ APP/OPS/OPS/OPSApp.swift /Users/jacksonsweet/Library/Developer/Xcode/DerivedData/OPS-czavgtmnvamasvcjgszzuulfcsxj/Build/Intermediates.noindex/OPS.build/Debug-iphonesimulator/OPS.build/DerivedSources/GeneratedAssetSymbols.swift -supplementary-output-file-map /Users/jacksonsweet/Library/Developer/Xcode/DerivedData/OPS-czavgtmnvamasvcjgszzuulfcsxj/Build/Intermediates.noindex/OPS.build/Debug-iphonesimulator/OPS.build/Objects-normal/arm64/supplementaryOutputs-7 -emit-localized-strings -emit-localized-strings-path /Users/jacksonsweet/Library/Developer/Xcode/DerivedData/OPS-czavgtmnvamasvcjgszzuulfcsxj/Build/Intermediates.noindex/OPS.build/Debug-iphonesimulator/OPS.build/Objects-normal/arm64 -target arm64-apple-ios18.2-simulator -Xllvm -aarch64-use-tbi -enable-objc-interop -sdk /Applications/Xcode.app/Contents/Developer/Platforms/iPhoneSimulator.platform/Developer/SDKs/iPhoneSimulator18.2.sdk -I /Users/jacksonsweet/Library/Developer/Xcode/DerivedData/OPS-czavgtmnvamasvcjgszzuulfcsxj/Build/Products/Debug-iphonesimulator -F /Users/jacksonsweet/Library/Developer/Xcode/DerivedData/OPS-czavgtmnvamasvcjgszzuulfcsxj/Build/Products/Debug-iphonesimulator -no-color-diagnostics -enable-testing -g -debug-info-format\=dwarf -dwarf-version\=5 -module-cache-path /Users/jacksonsweet/Library/Developer/Xcode/DerivedData/ModuleCache.noindex -profile-generate -profile-coverage-mapping -swift-version 5 -enforce-exclusivity\=checked -Onone -D DEBUG -serialize-debugging-options -const-gather-protocols-file /Users/jacksonsweet/Library/Developer/Xcode/DerivedData/OPS-czavgtmnvamasvcjgszzuulfcsxj/Build/Intermediates.noindex/OPS.build/Debug-iphonesimulator/OPS.build/Objects-normal/arm64/OPS_const_extract_protocols.json -enable-experimental-feature DebugDescriptionMacro -enable-experimental-feature OpaqueTypeErasure -enable-bare-slash-regex -empty-abi-descriptor -validate-clang-modules-once -clang-build-session-file /Users/jacksonsweet/Library/Developer/Xcode/DerivedData/ModuleCache.noindex/Session.modulevalidation -Xcc -working-directory -Xcc /Users/jacksonsweet/Desktop/OPS\ APP/OPS -resource-dir /Applications/Xcode.app/Contents/Developer/Toolchains/XcodeDefault.xctoolchain/usr/lib/swift -enable-anonymous-context-mangled-names -file-compilation-dir /Users/jacksonsweet/Desktop/OPS\ APP/OPS -Xcc -D_LIBCPP_HARDENING_MODE\=_LIBCPP_HARDENING_MODE_DEBUG -Xcc -ivfsstatcache -Xcc /Users/jacksonsweet/Library/Developer/Xcode/DerivedData/SDKStatCaches.noindex/iphonesimulator18.2-22C146-07b28473f605e47e75261259d3ef3b5a.sdkstatcache -Xcc -I/Users/jacksonsweet/Library/Developer/Xcode/DerivedData/OPS-czavgtmnvamasvcjgszzuulfcsxj/Build/Intermediates.noindex/OPS.build/Debug-iphonesimulator/OPS.build/swift-overrides.hmap -Xcc -iquote -Xcc /Users/jacksonsweet/Library/Developer/Xcode/DerivedData/OPS-czavgtmnvamasvcjgszzuulfcsxj/Build/Intermediates.noindex/OPS.build/Debug-iphonesimulator/OPS.build/OPS-generated-files.hmap -Xcc -I/Users/jacksonsweet/Library/Developer/Xcode/DerivedData/OPS-czavgtmnvamasvcjgszzuulfcsxj/Build/Intermediates.noindex/OPS.build/Debug-iphonesimulator/OPS.build/OPS-own-target-headers.hmap -Xcc -I/Users/jacksonsweet/Library/Developer/Xcode/DerivedData/OPS-czavgtmnvamasvcjgszzuulfcsxj/Build/Intermediates.noindex/OPS.build/Debug-iphonesimulator/OPS.build/OPS-all-target-headers.hmap -Xcc -iquote -Xcc /Users/jacksonsweet/Library/Developer/Xcode/DerivedData/OPS-czavgtmnvamasvcjgszzuulfcsxj/Build/Intermediates.noindex/OPS.build/Debug-iphonesimulator/OPS.build/OPS-project-headers.hmap -Xcc -I/Users/jacksonsweet/Library/Developer/Xcode/DerivedData/OPS-czavgtmnvamasvcjgszzuulfcsxj/Build/Products/Debug-iphonesimulator/include -Xcc -I/Users/jacksonsweet/Library/Developer/Xcode/DerivedData/OPS-czavgtmnvamasvcjgszzuulfcsxj/Build/Intermediates.noindex/OPS.build/Debug-iphonesimulator/OPS.build/DerivedSources-normal/arm64 -Xcc -I/Users/jacksonsweet/Library/Developer/Xcode/DerivedData/OPS-czavgtmnvamasvcjgszzuulfcsxj/Build/Intermediates.noindex/OPS.build/Debug-iphonesimulator/OPS.build/DerivedSources/arm64 -Xcc -I/Users/jacksonsweet/Library/Developer/Xcode/DerivedData/OPS-czavgtmnvamasvcjgszzuulfcsxj/Build/Intermediates.noindex/OPS.build/Debug-iphonesimulator/OPS.build/DerivedSources -Xcc -DDEBUG\=1 -module-name OPS -frontend-parseable-output -disable-clang-spi -target-sdk-version 18.2 -target-sdk-name iphonesimulator18.2 -external-plugin-path /Applications/Xcode.app/Contents/Developer/Platforms/iPhoneOS.platform/Developer/usr/lib/swift/host/plugins\#/Applications/Xcode.app/Contents/Developer/Platforms/iPhoneOS.platform/Developer/usr/bin/swift-plugin-server -external-plugin-path /Applications/Xcode.app/Contents/Developer/Platforms/iPhoneOS.platform/Developer/usr/local/lib/swift/host/plugins\#/Applications/Xcode.app/Contents/Developer/Platforms/iPhoneOS.platform/Developer/usr/bin/swift-plugin-server -plugin-path /Applications/Xcode.app/Contents/Developer/Toolchains/XcodeDefault.xctoolchain/usr/lib/swift/host/plugins -plugin-path /Applications/Xcode.app/Contents/Developer/Toolchains/XcodeDefault.xctoolchain/usr/local/lib/swift/host/plugins -o /Users/jacksonsweet/Library/Developer/Xcode/DerivedData/OPS-czavgtmnvamasvcjgszzuulfcsxj/Build/Intermediates.noindex/OPS.build/Debug-iphonesimulator/OPS.build/Objects-normal/arm64/CalendarToggleView.o -o /Users/jacksonsweet/Library/Developer/Xcode/DerivedData/OPS-czavgtmnvamasvcjgszzuulfcsxj/Build/Intermediates.noindex/OPS.build/Debug-iphonesimulator/OPS.build/Objects-normal/arm64/DatePickerPopover.o -o /Users/jacksonsweet/Library/Developer/Xcode/DerivedData/OPS-czavgtmnvamasvcjgszzuulfcsxj/Build/Intermediates.noindex/OPS.build/Debug-iphonesimulator/OPS.build/Objects-normal/arm64/DayCell.o -o /Users/jacksonsweet/Library/Developer/Xcode/DerivedData/OPS-czavgtmnvamasvcjgszzuulfcsxj/Build/Intermediates.noindex/OPS.build/Debug-iphonesimulator/OPS.build/Objects-normal/arm64/DayProjectSheet.o -o /Users/jacksonsweet/Library/Developer/Xcode/DerivedData/OPS-czavgtmnvamasvcjgszzuulfcsxj/Build/Intermediates.noindex/OPS.build/Debug-iphonesimulator/OPS.build/Objects-normal/arm64/ProjectListView.o -o /Users/jacksonsweet/Library/Developer/Xcode/DerivedData/OPS-czavgtmnvamasvcjgszzuulfcsxj/Build/Intermediates.noindex/OPS.build/Debug-iphonesimulator/OPS.build/Objects-normal/arm64/MonthGridView.o -o /Users/jacksonsweet/Library/Developer/Xcode/DerivedData/OPS-czavgtmnvamasvcjgszzuulfcsxj/Build/Intermediates.noindex/OPS.build/Debug-iphonesimulator/OPS.build/Objects-normal/arm64/AppHeader.o -o /Users/jacksonsweet/Library/Developer/Xcode/DerivedData/OPS-czavgtmnvamasvcjgszzuulfcsxj/Build/Intermediates.noindex/OPS.build/Debug-iphonesimulator/OPS.build/Objects-normal/arm64/ExpandableNotesView.o -o /Users/jacksonsweet/Library/Developer/Xcode/DerivedData/OPS-czavgtmnvamasvcjgszzuulfcsxj/Build/Intermediates.noindex/OPS.build/Debug-iphonesimulator/OPS.build/Objects-normal/arm64/LocationPermissionView.o -o /Users/jacksonsweet/Library/Developer/Xcode/DerivedData/OPS-czavgtmnvamasvcjgszzuulfcsxj/Build/Intermediates.noindex/OPS.build/Debug-iphonesimulator/OPS.build/Objects-normal/arm64/NavigationBanner.o -o /Users/jacksonsweet/Library/Developer/Xcode/DerivedData/OPS-czavgtmnvamasvcjgszzuulfcsxj/Build/Intermediates.noindex/OPS.build/Debug-iphonesimulator/OPS.build/Objects-normal/arm64/NavigationControlsView.o -o /Users/jacksonsweet/Library/Developer/Xcode/DerivedData/OPS-czavgtmnvamasvcjgszzuulfcsxj/Build/Intermediates.noindex/OPS.build/Debug-iphonesimulator/OPS.build/Objects-normal/arm64/TabBarBackground.o -index-unit-output-path /OPS.build/Debug-iphonesimulator/OPS.build/Objects-normal/arm64/CalendarToggleView.o -index-unit-output-path /OPS.build/Debug-iphonesimulator/OPS.build/Objects-normal/arm64/DatePickerPopover.o -index-unit-output-path /OPS.build/Debug-iphonesimulator/OPS.build/Objects-normal/arm64/DayCell.o -index-unit-output-path /OPS.build/Debug-iphonesimulator/OPS.build/Objects-normal/arm64/DayProjectSheet.o -index-unit-output-path /OPS.build/Debug-iphonesimulator/OPS.build/Objects-normal/arm64/ProjectListView.o -index-unit-output-path /OPS.build/Debug-iphonesimulator/OPS.build/Objects-normal/arm64/MonthGridView.o -index-unit-output-path /OPS.build/Debug-iphonesimulator/OPS.build/Objects-normal/arm64/AppHeader.o -index-unit-output-path /OPS.build/Debug-iphonesimulator/OPS.build/Objects-normal/arm64/ExpandableNotesView.o -index-unit-output-path /OPS.build/Debug-iphonesimulator/OPS.build/Objects-normal/arm64/LocationPermissionView.o -index-unit-output-path /OPS.build/Debug-iphonesimulator/OPS.build/Objects-normal/arm64/NavigationBanner.o -index-unit-output-path /OPS.build/Debug-iphonesimulator/OPS.build/Objects-normal/arm64/NavigationControlsView.o -index-unit-output-path /OPS.build/Debug-iphonesimulator/OPS.build/Objects-normal/arm64/TabBarBackground.o -index-store-path /Users/jacksonsweet/Library/Developer/Xcode/DerivedData/OPS-czavgtmnvamasvcjgszzuulfcsxj/Index.noindex/DataStore -index-system-modules

SwiftCompile normal arm64 /Users/jacksonsweet/Desktop/OPS\ APP/OPS/OPS/Views/Components/Common/LocationPermissionView.swift (in target 'OPS' from project 'OPS')
    cd /Users/jacksonsweet/Desktop/OPS\ APP/OPS
    /Applications/Xcode.app/Contents/Developer/Toolchains/XcodeDefault.xctoolchain/usr/bin/swift-frontend -c /Users/jacksonsweet/Desktop/OPS\ APP/OPS/OPS/DataModels/BubbleImage.swift /Users/jacksonsweet/Desktop/OPS\ APP/OPS/OPS/DataModels/BubbleTypes.swift /Users/jacksonsweet/Desktop/OPS\ APP/OPS/OPS/DataModels/Company.swift /Users/jacksonsweet/Desktop/OPS\ APP/OPS/OPS/DataModels/Project.swift /Users/jacksonsweet/Desktop/OPS\ APP/OPS/OPS/DataModels/Status.swift /Users/jacksonsweet/Desktop/OPS\ APP/OPS/OPS/DataModels/User.swift /Users/jacksonsweet/Desktop/OPS\ APP/OPS/OPS/DataModels/UserRole.swift /Users/jacksonsweet/Desktop/OPS\ APP/OPS/OPS/Extensions/UIImage+Extensions.swift /Users/jacksonsweet/Desktop/OPS\ APP/OPS/OPS/Network/API/APIError.swift /Users/jacksonsweet/Desktop/OPS\ APP/OPS/OPS/Network/API/APIService.swift /Users/jacksonsweet/Desktop/OPS\ APP/OPS/OPS/Network/API/BubbleFields.swift /Users/jacksonsweet/Desktop/OPS\ APP/OPS/OPS/Network/Auth/AuthError.swift /Users/jacksonsweet/Desktop/OPS\ APP/OPS/OPS/Network/Auth/AuthManager.swift /Users/jacksonsweet/Desktop/OPS\ APP/OPS/OPS/Network/Auth/KeychainManager.swift /Users/jacksonsweet/Desktop/OPS\ APP/OPS/OPS/Network/DTOs/CompanyDTO.swift /Users/jacksonsweet/Desktop/OPS\ APP/OPS/OPS/Network/DTOs/ProjectDTO.swift /Users/jacksonsweet/Desktop/OPS\ APP/OPS/OPS/Network/DTOs/UserDTO.swift /Users/jacksonsweet/Desktop/OPS\ APP/OPS/OPS/Network/Endpoints/CompanyEndpoints.swift /Users/jacksonsweet/Desktop/OPS\ APP/OPS/OPS/Network/Endpoints/ProjectEndpoints.swift /Users/jacksonsweet/Desktop/OPS\ APP/OPS/OPS/Network/Endpoints/UserEndpoints.swift /Users/jacksonsweet/Desktop/OPS\ APP/OPS/OPS/Network/Sync/BackgroundTaskManager.swift /Users/jacksonsweet/Desktop/OPS\ APP/OPS/OPS/Network/Sync/SyncManager.swift /Users/jacksonsweet/Desktop/OPS\ APP/OPS/OPS/Network/ConnectivityMonitor.swift /Users/jacksonsweet/Desktop/OPS\ APP/OPS/OPS/Network/ImageSyncManager.swift /Users/jacksonsweet/Desktop/OPS\ APP/OPS/OPS/Onboarding/Coordinators/OnboardingCoordinator.swift /Users/jacksonsweet/Desktop/OPS\ APP/OPS/OPS/Onboarding/Models/OnboardingModels.swift /Users/jacksonsweet/Desktop/OPS\ APP/OPS/OPS/Onboarding/Services/OnboardingService.swift /Users/jacksonsweet/Desktop/OPS\ APP/OPS/OPS/Onboarding/ViewModels/OnboardingViewModel.swift /Users/jacksonsweet/Desktop/OPS\ APP/OPS/OPS/Onboarding/Views/Components/OnboardingComponents.swift /Users/jacksonsweet/Desktop/OPS\ APP/OPS/OPS/Onboarding/Views/Screens/AccountCreatedView.swift /Users/jacksonsweet/Desktop/OPS\ APP/OPS/OPS/Onboarding/Views/Screens/CompanyCodeView.swift /Users/jacksonsweet/Desktop/OPS\ APP/OPS/OPS/Onboarding/Views/Screens/CompanyCodeViewPreview.swift /Users/jacksonsweet/Desktop/OPS\ APP/OPS/OPS/Onboarding/Views/Screens/CompletionView.swift /Users/jacksonsweet/Desktop/OPS\ APP/OPS/OPS/Onboarding/Views/Screens/CompletionViewPreview.swift /Users/jacksonsweet/Desktop/OPS\ APP/OPS/OPS/Onboarding/Views/Screens/EmailView.swift /Users/jacksonsweet/Desktop/OPS\ APP/OPS/OPS/Onboarding/Views/Screens/FieldSetupView.swift /Users/jacksonsweet/Desktop/OPS\ APP/OPS/OPS/Onboarding/Views/Screens/NotificationsView.swift /Users/jacksonsweet/Desktop/OPS\ APP/OPS/OPS/Onboarding/Views/Screens/NotificationsViewPreview.swift /Users/jacksonsweet/Desktop/OPS\ APP/OPS/OPS/Onboarding/Views/Screens/OrganizationJoinView.swift /Users/jacksonsweet/Desktop/OPS\ APP/OPS/OPS/Onboarding/Views/Screens/PasswordView.swift /Users/jacksonsweet/Desktop/OPS\ APP/OPS/OPS/Onboarding/Views/Screens/PasswordViewPreview.swift /Users/jacksonsweet/Desktop/OPS\ APP/OPS/OPS/Onboarding/Views/Screens/PermissionsView.swift /Users/jacksonsweet/Desktop/OPS\ APP/OPS/OPS/Onboarding/Views/Screens/PermissionsViewPreview.swift /Users/jacksonsweet/Desktop/OPS\ APP/OPS/OPS/Onboarding/Views/Screens/PhoneNumberView.swift /Users/jacksonsweet/Desktop/OPS\ APP/OPS/OPS/Onboarding/Views/Screens/PhoneNumberViewPreview.swift /Users/jacksonsweet/Desktop/OPS\ APP/OPS/OPS/Onboarding/Views/Screens/UserInfoView.swift /Users/jacksonsweet/Desktop/OPS\ APP/OPS/OPS/Onboarding/Views/Screens/UserInfoViewPreview.swift /Users/jacksonsweet/Desktop/OPS\ APP/OPS/OPS/Onboarding/Views/Screens/VerifyPhoneView.swift /Users/jacksonsweet/Desktop/OPS\ APP/OPS/OPS/Onboarding/Views/Screens/WelcomeCompanyView.swift /Users/jacksonsweet/Desktop/OPS\ APP/OPS/OPS/Onboarding/Views/Screens/WelcomeCompanyViewPreview.swift /Users/jacksonsweet/Desktop/OPS\ APP/OPS/OPS/Onboarding/Views/Screens/WelcomeView.swift /Users/jacksonsweet/Desktop/OPS\ APP/OPS/OPS/Onboarding/Views/Screens/WelcomeViewPreview.swift /Users/jacksonsweet/Desktop/OPS\ APP/OPS/OPS/Onboarding/Views/OnboardingContainerView.swift /Users/jacksonsweet/Desktop/OPS\ APP/OPS/OPS/Onboarding/Views/OnboardingFlowPreview.swift /Users/jacksonsweet/Desktop/OPS\ APP/OPS/OPS/Onboarding/Views/OnboardingPresenter.swift /Users/jacksonsweet/Desktop/OPS\ APP/OPS/OPS/Onboarding/Views/OnboardingPreviewHelpers.swift /Users/jacksonsweet/Desktop/OPS\ APP/OPS/OPS/Styles/OPSStyle.swift /Users/jacksonsweet/Desktop/OPS\ APP/OPS/OPS/Utilities/AppConfiguration.swift /Users/jacksonsweet/Desktop/OPS\ APP/OPS/OPS/Utilities/ArrayTransformer.swift /Users/jacksonsweet/Desktop/OPS\ APP/OPS/OPS/Utilities/DataController.swift /Users/jacksonsweet/Desktop/OPS\ APP/OPS/OPS/Utilities/Dateformatter\ +Bubble.swift /Users/jacksonsweet/Desktop/OPS\ APP/OPS/OPS/Utilities/DateHelper.swift /Users/jacksonsweet/Desktop/OPS\ APP/OPS/OPS/Utilities/FieldErrorHandler.swift /Users/jacksonsweet/Desktop/OPS\ APP/OPS/OPS/Utilities/ImageCache.swift /Users/jacksonsweet/Desktop/OPS\ APP/OPS/OPS/Utilities/ImageFileManager.swift /Users/jacksonsweet/Desktop/OPS\ APP/OPS/OPS/Utilities/InProgressManager.swift /Users/jacksonsweet/Desktop/OPS\ APP/OPS/OPS/Utilities/KeyboardDismissalModifier.swift /Users/jacksonsweet/Desktop/OPS\ APP/OPS/OPS/Utilities/LocationManager.swift /Users/jacksonsweet/Desktop/OPS\ APP/OPS/OPS/Utilities/OnboardingEnvironmentKey.swift /Users/jacksonsweet/Desktop/OPS\ APP/OPS/OPS/Utilities/SwiftDataHelper.swift /Users/jacksonsweet/Desktop/OPS\ APP/OPS/OPS/Utilities/UIComponents.swift /Users/jacksonsweet/Desktop/OPS\ APP/OPS/OPS/V2/CertificationsSettingsView.swift /Users/jacksonsweet/Desktop/OPS\ APP/OPS/OPS/ViewModels/CalendarViewModel.swift /Users/jacksonsweet/Desktop/OPS\ APP/OPS/OPS/ViewModels/ProjectsViewModel.swift /Users/jacksonsweet/Desktop/OPS\ APP/OPS/OPS/Views/Calendar\ Tab/Components/CalendarDaySelector.swift /Users/jacksonsweet/Desktop/OPS\ APP/OPS/OPS/Views/Calendar\ Tab/Components/CalendarHeaderView.swift /Users/jacksonsweet/Desktop/OPS\ APP/OPS/OPS/Views/Calendar\ Tab/Components/CalendarProjectCard.swift -primary-file /Users/jacksonsweet/Desktop/OPS\ APP/OPS/OPS/Views/Calendar\ Tab/Components/CalendarToggleView.swift -primary-file /Users/jacksonsweet/Desktop/OPS\ APP/OPS/OPS/Views/Calendar\ Tab/Components/DatePickerPopover.swift -primary-file /Users/jacksonsweet/Desktop/OPS\ APP/OPS/OPS/Views/Calendar\ Tab/Components/DayCell.swift -primary-file /Users/jacksonsweet/Desktop/OPS\ APP/OPS/OPS/Views/Calendar\ Tab/ProjectViews/DayProjectSheet.swift -primary-file /Users/jacksonsweet/Desktop/OPS\ APP/OPS/OPS/Views/Calendar\ Tab/ProjectViews/ProjectListView.swift -primary-file /Users/jacksonsweet/Desktop/OPS\ APP/OPS/OPS/Views/Calendar\ Tab/MonthGridView.swift -primary-file /Users/jacksonsweet/Desktop/OPS\ APP/OPS/OPS/Views/Components/Common/AppHeader.swift -primary-file /Users/jacksonsweet/Desktop/OPS\ APP/OPS/OPS/Views/Components/Common/ExpandableNotesView.swift -primary-file /Users/jacksonsweet/Desktop/OPS\ APP/OPS/OPS/Views/Components/Common/LocationPermissionView.swift -primary-file /Users/jacksonsweet/Desktop/OPS\ APP/OPS/OPS/Views/Components/Common/NavigationBanner.swift -primary-file /Users/jacksonsweet/Desktop/OPS\ APP/OPS/OPS/Views/Components/Common/NavigationControlsView.swift -primary-file /Users/jacksonsweet/Desktop/OPS\ APP/OPS/OPS/Views/Components/Common/TabBarBackground.swift /Users/jacksonsweet/Desktop/OPS\ APP/OPS/OPS/Views/Components/Images/ImagePicker.swift /Users/jacksonsweet/Desktop/OPS\ APP/OPS/OPS/Views/Components/Images/ImagePickerView.swift /Users/jacksonsweet/Desktop/OPS\ APP/OPS/OPS/Views/Components/Images/ProjectImagesSection.swift /Users/jacksonsweet/Desktop/OPS\ APP/OPS/OPS/Views/Components/Images/ProjectImagesSimple.swift /Users/jacksonsweet/Desktop/OPS\ APP/OPS/OPS/Views/Components/Images/ProjectImageView.swift /Users/jacksonsweet/Desktop/OPS\ APP/OPS/OPS/Views/Components/Images/ProjectPhotosGrid.swift /Users/jacksonsweet/Desktop/OPS\ APP/OPS/OPS/Views/Components/Map/MiniMapView.swift /Users/jacksonsweet/Desktop/OPS\ APP/OPS/OPS/Views/Components/Map/ProjectMapAnnotation.swift /Users/jacksonsweet/Desktop/OPS\ APP/OPS/OPS/Views/Components/Map/ProjectMapView.swift /Users/jacksonsweet/Desktop/OPS\ APP/OPS/OPS/Views/Components/Map/ProjectMarkerPopup.swift /Users/jacksonsweet/Desktop/OPS\ APP/OPS/OPS/Views/Components/Map/RouteDirectionsView.swift /Users/jacksonsweet/Desktop/OPS\ APP/OPS/OPS/Views/Components/Project/ProjectActionBar.swift /Users/jacksonsweet/Desktop/OPS\ APP/OPS/OPS/Views/Components/Project/ProjectCard.swift /Users/jacksonsweet/Desktop/OPS\ APP/OPS/OPS/Views/Components/Project/ProjectCarousel.swift /Users/jacksonsweet/Desktop/OPS\ APP/OPS/OPS/Views/Components/Project/ProjectDetailsView.swift /Users/jacksonsweet/Desktop/OPS\ APP/OPS/OPS/Views/Components/Project/ProjectHeader.swift /Users/jacksonsweet/Desktop/OPS\ APP/OPS/OPS/Views/Components/Project/ProjectSheetContainer.swift /Users/jacksonsweet/Desktop/OPS\ APP/OPS/OPS/Views/Components/User/TeamMemberListView.swift /Users/jacksonsweet/Desktop/OPS\ APP/OPS/OPS/Views/Components/User/UserProfileCard.swift /Users/jacksonsweet/Desktop/OPS\ APP/OPS/OPS/Views/Home/HomeContentView.swift /Users/jacksonsweet/Desktop/OPS\ APP/OPS/OPS/Views/Home/HomeView.swift /Users/jacksonsweet/Desktop/OPS\ APP/OPS/OPS/Views/Settings/OrganizationSettingsView.swift /Users/jacksonsweet/Desktop/OPS\ APP/OPS/OPS/Views/Settings/ProfileSettingsView.swift /Users/jacksonsweet/Desktop/OPS\ APP/OPS/OPS/Views/Settings/ProjectHistorySettingsView.swift /Users/jacksonsweet/Desktop/OPS\ APP/OPS/OPS/Views/LoginView.swift /Users/jacksonsweet/Desktop/OPS\ APP/OPS/OPS/Views/LoginViewPreview.swift /Users/jacksonsweet/Desktop/OPS\ APP/OPS/OPS/Views/MainTabView.swift /Users/jacksonsweet/Desktop/OPS\ APP/OPS/OPS/Views/NetworkStatusIndicator.swift /Users/jacksonsweet/Desktop/OPS\ APP/OPS/OPS/Views/ScheduleView.swift /Users/jacksonsweet/Desktop/OPS\ APP/OPS/OPS/Views/SettingsView.swift /Users/jacksonsweet/Desktop/OPS\ APP/OPS/OPS/Views/SplashScreen.swift /Users/jacksonsweet/Desktop/OPS\ APP/OPS/OPS/AppState.swift /Users/jacksonsweet/Desktop/OPS\ APP/OPS/OPS/ContentView.swift /Users/jacksonsweet/Desktop/OPS\ APP/OPS/OPS/Item.swift /Users/jacksonsweet/Desktop/OPS\ APP/OPS/OPS/OPSApp.swift /Users/jacksonsweet/Library/Developer/Xcode/DerivedData/OPS-czavgtmnvamasvcjgszzuulfcsxj/Build/Intermediates.noindex/OPS.build/Debug-iphonesimulator/OPS.build/DerivedSources/GeneratedAssetSymbols.swift -supplementary-output-file-map /Users/jacksonsweet/Library/Developer/Xcode/DerivedData/OPS-czavgtmnvamasvcjgszzuulfcsxj/Build/Intermediates.noindex/OPS.build/Debug-iphonesimulator/OPS.build/Objects-normal/arm64/supplementaryOutputs-7 -emit-localized-strings -emit-localized-strings-path /Users/jacksonsweet/Library/Developer/Xcode/DerivedData/OPS-czavgtmnvamasvcjgszzuulfcsxj/Build/Intermediates.noindex/OPS.build/Debug-iphonesimulator/OPS.build/Objects-normal/arm64 -target arm64-apple-ios18.2-simulator -Xllvm -aarch64-use-tbi -enable-objc-interop -sdk /Applications/Xcode.app/Contents/Developer/Platforms/iPhoneSimulator.platform/Developer/SDKs/iPhoneSimulator18.2.sdk -I /Users/jacksonsweet/Library/Developer/Xcode/DerivedData/OPS-czavgtmnvamasvcjgszzuulfcsxj/Build/Products/Debug-iphonesimulator -F /Users/jacksonsweet/Library/Developer/Xcode/DerivedData/OPS-czavgtmnvamasvcjgszzuulfcsxj/Build/Products/Debug-iphonesimulator -no-color-diagnostics -enable-testing -g -debug-info-format\=dwarf -dwarf-version\=5 -module-cache-path /Users/jacksonsweet/Library/Developer/Xcode/DerivedData/ModuleCache.noindex -profile-generate -profile-coverage-mapping -swift-version 5 -enforce-exclusivity\=checked -Onone -D DEBUG -serialize-debugging-options -const-gather-protocols-file /Users/jacksonsweet/Library/Developer/Xcode/DerivedData/OPS-czavgtmnvamasvcjgszzuulfcsxj/Build/Intermediates.noindex/OPS.build/Debug-iphonesimulator/OPS.build/Objects-normal/arm64/OPS_const_extract_protocols.json -enable-experimental-feature DebugDescriptionMacro -enable-experimental-feature OpaqueTypeErasure -enable-bare-slash-regex -empty-abi-descriptor -validate-clang-modules-once -clang-build-session-file /Users/jacksonsweet/Library/Developer/Xcode/DerivedData/ModuleCache.noindex/Session.modulevalidation -Xcc -working-directory -Xcc /Users/jacksonsweet/Desktop/OPS\ APP/OPS -resource-dir /Applications/Xcode.app/Contents/Developer/Toolchains/XcodeDefault.xctoolchain/usr/lib/swift -enable-anonymous-context-mangled-names -file-compilation-dir /Users/jacksonsweet/Desktop/OPS\ APP/OPS -Xcc -D_LIBCPP_HARDENING_MODE\=_LIBCPP_HARDENING_MODE_DEBUG -Xcc -ivfsstatcache -Xcc /Users/jacksonsweet/Library/Developer/Xcode/DerivedData/SDKStatCaches.noindex/iphonesimulator18.2-22C146-07b28473f605e47e75261259d3ef3b5a.sdkstatcache -Xcc -I/Users/jacksonsweet/Library/Developer/Xcode/DerivedData/OPS-czavgtmnvamasvcjgszzuulfcsxj/Build/Intermediates.noindex/OPS.build/Debug-iphonesimulator/OPS.build/swift-overrides.hmap -Xcc -iquote -Xcc /Users/jacksonsweet/Library/Developer/Xcode/DerivedData/OPS-czavgtmnvamasvcjgszzuulfcsxj/Build/Intermediates.noindex/OPS.build/Debug-iphonesimulator/OPS.build/OPS-generated-files.hmap -Xcc -I/Users/jacksonsweet/Library/Developer/Xcode/DerivedData/OPS-czavgtmnvamasvcjgszzuulfcsxj/Build/Intermediates.noindex/OPS.build/Debug-iphonesimulator/OPS.build/OPS-own-target-headers.hmap -Xcc -I/Users/jacksonsweet/Library/Developer/Xcode/DerivedData/OPS-czavgtmnvamasvcjgszzuulfcsxj/Build/Intermediates.noindex/OPS.build/Debug-iphonesimulator/OPS.build/OPS-all-target-headers.hmap -Xcc -iquote -Xcc /Users/jacksonsweet/Library/Developer/Xcode/DerivedData/OPS-czavgtmnvamasvcjgszzuulfcsxj/Build/Intermediates.noindex/OPS.build/Debug-iphonesimulator/OPS.build/OPS-project-headers.hmap -Xcc -I/Users/jacksonsweet/Library/Developer/Xcode/DerivedData/OPS-czavgtmnvamasvcjgszzuulfcsxj/Build/Products/Debug-iphonesimulator/include -Xcc -I/Users/jacksonsweet/Library/Developer/Xcode/DerivedData/OPS-czavgtmnvamasvcjgszzuulfcsxj/Build/Intermediates.noindex/OPS.build/Debug-iphonesimulator/OPS.build/DerivedSources-normal/arm64 -Xcc -I/Users/jacksonsweet/Library/Developer/Xcode/DerivedData/OPS-czavgtmnvamasvcjgszzuulfcsxj/Build/Intermediates.noindex/OPS.build/Debug-iphonesimulator/OPS.build/DerivedSources/arm64 -Xcc -I/Users/jacksonsweet/Library/Developer/Xcode/DerivedData/OPS-czavgtmnvamasvcjgszzuulfcsxj/Build/Intermediates.noindex/OPS.build/Debug-iphonesimulator/OPS.build/DerivedSources -Xcc -DDEBUG\=1 -module-name OPS -frontend-parseable-output -disable-clang-spi -target-sdk-version 18.2 -target-sdk-name iphonesimulator18.2 -external-plugin-path /Applications/Xcode.app/Contents/Developer/Platforms/iPhoneOS.platform/Developer/usr/lib/swift/host/plugins\#/Applications/Xcode.app/Contents/Developer/Platforms/iPhoneOS.platform/Developer/usr/bin/swift-plugin-server -external-plugin-path /Applications/Xcode.app/Contents/Developer/Platforms/iPhoneOS.platform/Developer/usr/local/lib/swift/host/plugins\#/Applications/Xcode.app/Contents/Developer/Platforms/iPhoneOS.platform/Developer/usr/bin/swift-plugin-server -plugin-path /Applications/Xcode.app/Contents/Developer/Toolchains/XcodeDefault.xctoolchain/usr/lib/swift/host/plugins -plugin-path /Applications/Xcode.app/Contents/Developer/Toolchains/XcodeDefault.xctoolchain/usr/local/lib/swift/host/plugins -o /Users/jacksonsweet/Library/Developer/Xcode/DerivedData/OPS-czavgtmnvamasvcjgszzuulfcsxj/Build/Intermediates.noindex/OPS.build/Debug-iphonesimulator/OPS.build/Objects-normal/arm64/CalendarToggleView.o -o /Users/jacksonsweet/Library/Developer/Xcode/DerivedData/OPS-czavgtmnvamasvcjgszzuulfcsxj/Build/Intermediates.noindex/OPS.build/Debug-iphonesimulator/OPS.build/Objects-normal/arm64/DatePickerPopover.o -o /Users/jacksonsweet/Library/Developer/Xcode/DerivedData/OPS-czavgtmnvamasvcjgszzuulfcsxj/Build/Intermediates.noindex/OPS.build/Debug-iphonesimulator/OPS.build/Objects-normal/arm64/DayCell.o -o /Users/jacksonsweet/Library/Developer/Xcode/DerivedData/OPS-czavgtmnvamasvcjgszzuulfcsxj/Build/Intermediates.noindex/OPS.build/Debug-iphonesimulator/OPS.build/Objects-normal/arm64/DayProjectSheet.o -o /Users/jacksonsweet/Library/Developer/Xcode/DerivedData/OPS-czavgtmnvamasvcjgszzuulfcsxj/Build/Intermediates.noindex/OPS.build/Debug-iphonesimulator/OPS.build/Objects-normal/arm64/ProjectListView.o -o /Users/jacksonsweet/Library/Developer/Xcode/DerivedData/OPS-czavgtmnvamasvcjgszzuulfcsxj/Build/Intermediates.noindex/OPS.build/Debug-iphonesimulator/OPS.build/Objects-normal/arm64/MonthGridView.o -o /Users/jacksonsweet/Library/Developer/Xcode/DerivedData/OPS-czavgtmnvamasvcjgszzuulfcsxj/Build/Intermediates.noindex/OPS.build/Debug-iphonesimulator/OPS.build/Objects-normal/arm64/AppHeader.o -o /Users/jacksonsweet/Library/Developer/Xcode/DerivedData/OPS-czavgtmnvamasvcjgszzuulfcsxj/Build/Intermediates.noindex/OPS.build/Debug-iphonesimulator/OPS.build/Objects-normal/arm64/ExpandableNotesView.o -o /Users/jacksonsweet/Library/Developer/Xcode/DerivedData/OPS-czavgtmnvamasvcjgszzuulfcsxj/Build/Intermediates.noindex/OPS.build/Debug-iphonesimulator/OPS.build/Objects-normal/arm64/LocationPermissionView.o -o /Users/jacksonsweet/Library/Developer/Xcode/DerivedData/OPS-czavgtmnvamasvcjgszzuulfcsxj/Build/Intermediates.noindex/OPS.build/Debug-iphonesimulator/OPS.build/Objects-normal/arm64/NavigationBanner.o -o /Users/jacksonsweet/Library/Developer/Xcode/DerivedData/OPS-czavgtmnvamasvcjgszzuulfcsxj/Build/Intermediates.noindex/OPS.build/Debug-iphonesimulator/OPS.build/Objects-normal/arm64/NavigationControlsView.o -o /Users/jacksonsweet/Library/Developer/Xcode/DerivedData/OPS-czavgtmnvamasvcjgszzuulfcsxj/Build/Intermediates.noindex/OPS.build/Debug-iphonesimulator/OPS.build/Objects-normal/arm64/TabBarBackground.o -index-unit-output-path /OPS.build/Debug-iphonesimulator/OPS.build/Objects-normal/arm64/CalendarToggleView.o -index-unit-output-path /OPS.build/Debug-iphonesimulator/OPS.build/Objects-normal/arm64/DatePickerPopover.o -index-unit-output-path /OPS.build/Debug-iphonesimulator/OPS.build/Objects-normal/arm64/DayCell.o -index-unit-output-path /OPS.build/Debug-iphonesimulator/OPS.build/Objects-normal/arm64/DayProjectSheet.o -index-unit-output-path /OPS.build/Debug-iphonesimulator/OPS.build/Objects-normal/arm64/ProjectListView.o -index-unit-output-path /OPS.build/Debug-iphonesimulator/OPS.build/Objects-normal/arm64/MonthGridView.o -index-unit-output-path /OPS.build/Debug-iphonesimulator/OPS.build/Objects-normal/arm64/AppHeader.o -index-unit-output-path /OPS.build/Debug-iphonesimulator/OPS.build/Objects-normal/arm64/ExpandableNotesView.o -index-unit-output-path /OPS.build/Debug-iphonesimulator/OPS.build/Objects-normal/arm64/LocationPermissionView.o -index-unit-output-path /OPS.build/Debug-iphonesimulator/OPS.build/Objects-normal/arm64/NavigationBanner.o -index-unit-output-path /OPS.build/Debug-iphonesimulator/OPS.build/Objects-normal/arm64/NavigationControlsView.o -index-unit-output-path /OPS.build/Debug-iphonesimulator/OPS.build/Objects-normal/arm64/TabBarBackground.o -index-store-path /Users/jacksonsweet/Library/Developer/Xcode/DerivedData/OPS-czavgtmnvamasvcjgszzuulfcsxj/Index.noindex/DataStore -index-system-modules

SwiftCompile normal arm64 /Users/jacksonsweet/Desktop/OPS\ APP/OPS/OPS/Views/Components/Common/NavigationBanner.swift (in target 'OPS' from project 'OPS')
    cd /Users/jacksonsweet/Desktop/OPS\ APP/OPS
    /Applications/Xcode.app/Contents/Developer/Toolchains/XcodeDefault.xctoolchain/usr/bin/swift-frontend -c /Users/jacksonsweet/Desktop/OPS\ APP/OPS/OPS/DataModels/BubbleImage.swift /Users/jacksonsweet/Desktop/OPS\ APP/OPS/OPS/DataModels/BubbleTypes.swift /Users/jacksonsweet/Desktop/OPS\ APP/OPS/OPS/DataModels/Company.swift /Users/jacksonsweet/Desktop/OPS\ APP/OPS/OPS/DataModels/Project.swift /Users/jacksonsweet/Desktop/OPS\ APP/OPS/OPS/DataModels/Status.swift /Users/jacksonsweet/Desktop/OPS\ APP/OPS/OPS/DataModels/User.swift /Users/jacksonsweet/Desktop/OPS\ APP/OPS/OPS/DataModels/UserRole.swift /Users/jacksonsweet/Desktop/OPS\ APP/OPS/OPS/Extensions/UIImage+Extensions.swift /Users/jacksonsweet/Desktop/OPS\ APP/OPS/OPS/Network/API/APIError.swift /Users/jacksonsweet/Desktop/OPS\ APP/OPS/OPS/Network/API/APIService.swift /Users/jacksonsweet/Desktop/OPS\ APP/OPS/OPS/Network/API/BubbleFields.swift /Users/jacksonsweet/Desktop/OPS\ APP/OPS/OPS/Network/Auth/AuthError.swift /Users/jacksonsweet/Desktop/OPS\ APP/OPS/OPS/Network/Auth/AuthManager.swift /Users/jacksonsweet/Desktop/OPS\ APP/OPS/OPS/Network/Auth/KeychainManager.swift /Users/jacksonsweet/Desktop/OPS\ APP/OPS/OPS/Network/DTOs/CompanyDTO.swift /Users/jacksonsweet/Desktop/OPS\ APP/OPS/OPS/Network/DTOs/ProjectDTO.swift /Users/jacksonsweet/Desktop/OPS\ APP/OPS/OPS/Network/DTOs/UserDTO.swift /Users/jacksonsweet/Desktop/OPS\ APP/OPS/OPS/Network/Endpoints/CompanyEndpoints.swift /Users/jacksonsweet/Desktop/OPS\ APP/OPS/OPS/Network/Endpoints/ProjectEndpoints.swift /Users/jacksonsweet/Desktop/OPS\ APP/OPS/OPS/Network/Endpoints/UserEndpoints.swift /Users/jacksonsweet/Desktop/OPS\ APP/OPS/OPS/Network/Sync/BackgroundTaskManager.swift /Users/jacksonsweet/Desktop/OPS\ APP/OPS/OPS/Network/Sync/SyncManager.swift /Users/jacksonsweet/Desktop/OPS\ APP/OPS/OPS/Network/ConnectivityMonitor.swift /Users/jacksonsweet/Desktop/OPS\ APP/OPS/OPS/Network/ImageSyncManager.swift /Users/jacksonsweet/Desktop/OPS\ APP/OPS/OPS/Onboarding/Coordinators/OnboardingCoordinator.swift /Users/jacksonsweet/Desktop/OPS\ APP/OPS/OPS/Onboarding/Models/OnboardingModels.swift /Users/jacksonsweet/Desktop/OPS\ APP/OPS/OPS/Onboarding/Services/OnboardingService.swift /Users/jacksonsweet/Desktop/OPS\ APP/OPS/OPS/Onboarding/ViewModels/OnboardingViewModel.swift /Users/jacksonsweet/Desktop/OPS\ APP/OPS/OPS/Onboarding/Views/Components/OnboardingComponents.swift /Users/jacksonsweet/Desktop/OPS\ APP/OPS/OPS/Onboarding/Views/Screens/AccountCreatedView.swift /Users/jacksonsweet/Desktop/OPS\ APP/OPS/OPS/Onboarding/Views/Screens/CompanyCodeView.swift /Users/jacksonsweet/Desktop/OPS\ APP/OPS/OPS/Onboarding/Views/Screens/CompanyCodeViewPreview.swift /Users/jacksonsweet/Desktop/OPS\ APP/OPS/OPS/Onboarding/Views/Screens/CompletionView.swift /Users/jacksonsweet/Desktop/OPS\ APP/OPS/OPS/Onboarding/Views/Screens/CompletionViewPreview.swift /Users/jacksonsweet/Desktop/OPS\ APP/OPS/OPS/Onboarding/Views/Screens/EmailView.swift /Users/jacksonsweet/Desktop/OPS\ APP/OPS/OPS/Onboarding/Views/Screens/FieldSetupView.swift /Users/jacksonsweet/Desktop/OPS\ APP/OPS/OPS/Onboarding/Views/Screens/NotificationsView.swift /Users/jacksonsweet/Desktop/OPS\ APP/OPS/OPS/Onboarding/Views/Screens/NotificationsViewPreview.swift /Users/jacksonsweet/Desktop/OPS\ APP/OPS/OPS/Onboarding/Views/Screens/OrganizationJoinView.swift /Users/jacksonsweet/Desktop/OPS\ APP/OPS/OPS/Onboarding/Views/Screens/PasswordView.swift /Users/jacksonsweet/Desktop/OPS\ APP/OPS/OPS/Onboarding/Views/Screens/PasswordViewPreview.swift /Users/jacksonsweet/Desktop/OPS\ APP/OPS/OPS/Onboarding/Views/Screens/PermissionsView.swift /Users/jacksonsweet/Desktop/OPS\ APP/OPS/OPS/Onboarding/Views/Screens/PermissionsViewPreview.swift /Users/jacksonsweet/Desktop/OPS\ APP/OPS/OPS/Onboarding/Views/Screens/PhoneNumberView.swift /Users/jacksonsweet/Desktop/OPS\ APP/OPS/OPS/Onboarding/Views/Screens/PhoneNumberViewPreview.swift /Users/jacksonsweet/Desktop/OPS\ APP/OPS/OPS/Onboarding/Views/Screens/UserInfoView.swift /Users/jacksonsweet/Desktop/OPS\ APP/OPS/OPS/Onboarding/Views/Screens/UserInfoViewPreview.swift /Users/jacksonsweet/Desktop/OPS\ APP/OPS/OPS/Onboarding/Views/Screens/VerifyPhoneView.swift /Users/jacksonsweet/Desktop/OPS\ APP/OPS/OPS/Onboarding/Views/Screens/WelcomeCompanyView.swift /Users/jacksonsweet/Desktop/OPS\ APP/OPS/OPS/Onboarding/Views/Screens/WelcomeCompanyViewPreview.swift /Users/jacksonsweet/Desktop/OPS\ APP/OPS/OPS/Onboarding/Views/Screens/WelcomeView.swift /Users/jacksonsweet/Desktop/OPS\ APP/OPS/OPS/Onboarding/Views/Screens/WelcomeViewPreview.swift /Users/jacksonsweet/Desktop/OPS\ APP/OPS/OPS/Onboarding/Views/OnboardingContainerView.swift /Users/jacksonsweet/Desktop/OPS\ APP/OPS/OPS/Onboarding/Views/OnboardingFlowPreview.swift /Users/jacksonsweet/Desktop/OPS\ APP/OPS/OPS/Onboarding/Views/OnboardingPresenter.swift /Users/jacksonsweet/Desktop/OPS\ APP/OPS/OPS/Onboarding/Views/OnboardingPreviewHelpers.swift /Users/jacksonsweet/Desktop/OPS\ APP/OPS/OPS/Styles/OPSStyle.swift /Users/jacksonsweet/Desktop/OPS\ APP/OPS/OPS/Utilities/AppConfiguration.swift /Users/jacksonsweet/Desktop/OPS\ APP/OPS/OPS/Utilities/ArrayTransformer.swift /Users/jacksonsweet/Desktop/OPS\ APP/OPS/OPS/Utilities/DataController.swift /Users/jacksonsweet/Desktop/OPS\ APP/OPS/OPS/Utilities/Dateformatter\ +Bubble.swift /Users/jacksonsweet/Desktop/OPS\ APP/OPS/OPS/Utilities/DateHelper.swift /Users/jacksonsweet/Desktop/OPS\ APP/OPS/OPS/Utilities/FieldErrorHandler.swift /Users/jacksonsweet/Desktop/OPS\ APP/OPS/OPS/Utilities/ImageCache.swift /Users/jacksonsweet/Desktop/OPS\ APP/OPS/OPS/Utilities/ImageFileManager.swift /Users/jacksonsweet/Desktop/OPS\ APP/OPS/OPS/Utilities/InProgressManager.swift /Users/jacksonsweet/Desktop/OPS\ APP/OPS/OPS/Utilities/KeyboardDismissalModifier.swift /Users/jacksonsweet/Desktop/OPS\ APP/OPS/OPS/Utilities/LocationManager.swift /Users/jacksonsweet/Desktop/OPS\ APP/OPS/OPS/Utilities/OnboardingEnvironmentKey.swift /Users/jacksonsweet/Desktop/OPS\ APP/OPS/OPS/Utilities/SwiftDataHelper.swift /Users/jacksonsweet/Desktop/OPS\ APP/OPS/OPS/Utilities/UIComponents.swift /Users/jacksonsweet/Desktop/OPS\ APP/OPS/OPS/V2/CertificationsSettingsView.swift /Users/jacksonsweet/Desktop/OPS\ APP/OPS/OPS/ViewModels/CalendarViewModel.swift /Users/jacksonsweet/Desktop/OPS\ APP/OPS/OPS/ViewModels/ProjectsViewModel.swift /Users/jacksonsweet/Desktop/OPS\ APP/OPS/OPS/Views/Calendar\ Tab/Components/CalendarDaySelector.swift /Users/jacksonsweet/Desktop/OPS\ APP/OPS/OPS/Views/Calendar\ Tab/Components/CalendarHeaderView.swift /Users/jacksonsweet/Desktop/OPS\ APP/OPS/OPS/Views/Calendar\ Tab/Components/CalendarProjectCard.swift -primary-file /Users/jacksonsweet/Desktop/OPS\ APP/OPS/OPS/Views/Calendar\ Tab/Components/CalendarToggleView.swift -primary-file /Users/jacksonsweet/Desktop/OPS\ APP/OPS/OPS/Views/Calendar\ Tab/Components/DatePickerPopover.swift -primary-file /Users/jacksonsweet/Desktop/OPS\ APP/OPS/OPS/Views/Calendar\ Tab/Components/DayCell.swift -primary-file /Users/jacksonsweet/Desktop/OPS\ APP/OPS/OPS/Views/Calendar\ Tab/ProjectViews/DayProjectSheet.swift -primary-file /Users/jacksonsweet/Desktop/OPS\ APP/OPS/OPS/Views/Calendar\ Tab/ProjectViews/ProjectListView.swift -primary-file /Users/jacksonsweet/Desktop/OPS\ APP/OPS/OPS/Views/Calendar\ Tab/MonthGridView.swift -primary-file /Users/jacksonsweet/Desktop/OPS\ APP/OPS/OPS/Views/Components/Common/AppHeader.swift -primary-file /Users/jacksonsweet/Desktop/OPS\ APP/OPS/OPS/Views/Components/Common/ExpandableNotesView.swift -primary-file /Users/jacksonsweet/Desktop/OPS\ APP/OPS/OPS/Views/Components/Common/LocationPermissionView.swift -primary-file /Users/jacksonsweet/Desktop/OPS\ APP/OPS/OPS/Views/Components/Common/NavigationBanner.swift -primary-file /Users/jacksonsweet/Desktop/OPS\ APP/OPS/OPS/Views/Components/Common/NavigationControlsView.swift -primary-file /Users/jacksonsweet/Desktop/OPS\ APP/OPS/OPS/Views/Components/Common/TabBarBackground.swift /Users/jacksonsweet/Desktop/OPS\ APP/OPS/OPS/Views/Components/Images/ImagePicker.swift /Users/jacksonsweet/Desktop/OPS\ APP/OPS/OPS/Views/Components/Images/ImagePickerView.swift /Users/jacksonsweet/Desktop/OPS\ APP/OPS/OPS/Views/Components/Images/ProjectImagesSection.swift /Users/jacksonsweet/Desktop/OPS\ APP/OPS/OPS/Views/Components/Images/ProjectImagesSimple.swift /Users/jacksonsweet/Desktop/OPS\ APP/OPS/OPS/Views/Components/Images/ProjectImageView.swift /Users/jacksonsweet/Desktop/OPS\ APP/OPS/OPS/Views/Components/Images/ProjectPhotosGrid.swift /Users/jacksonsweet/Desktop/OPS\ APP/OPS/OPS/Views/Components/Map/MiniMapView.swift /Users/jacksonsweet/Desktop/OPS\ APP/OPS/OPS/Views/Components/Map/ProjectMapAnnotation.swift /Users/jacksonsweet/Desktop/OPS\ APP/OPS/OPS/Views/Components/Map/ProjectMapView.swift /Users/jacksonsweet/Desktop/OPS\ APP/OPS/OPS/Views/Components/Map/ProjectMarkerPopup.swift /Users/jacksonsweet/Desktop/OPS\ APP/OPS/OPS/Views/Components/Map/RouteDirectionsView.swift /Users/jacksonsweet/Desktop/OPS\ APP/OPS/OPS/Views/Components/Project/ProjectActionBar.swift /Users/jacksonsweet/Desktop/OPS\ APP/OPS/OPS/Views/Components/Project/ProjectCard.swift /Users/jacksonsweet/Desktop/OPS\ APP/OPS/OPS/Views/Components/Project/ProjectCarousel.swift /Users/jacksonsweet/Desktop/OPS\ APP/OPS/OPS/Views/Components/Project/ProjectDetailsView.swift /Users/jacksonsweet/Desktop/OPS\ APP/OPS/OPS/Views/Components/Project/ProjectHeader.swift /Users/jacksonsweet/Desktop/OPS\ APP/OPS/OPS/Views/Components/Project/ProjectSheetContainer.swift /Users/jacksonsweet/Desktop/OPS\ APP/OPS/OPS/Views/Components/User/TeamMemberListView.swift /Users/jacksonsweet/Desktop/OPS\ APP/OPS/OPS/Views/Components/User/UserProfileCard.swift /Users/jacksonsweet/Desktop/OPS\ APP/OPS/OPS/Views/Home/HomeContentView.swift /Users/jacksonsweet/Desktop/OPS\ APP/OPS/OPS/Views/Home/HomeView.swift /Users/jacksonsweet/Desktop/OPS\ APP/OPS/OPS/Views/Settings/OrganizationSettingsView.swift /Users/jacksonsweet/Desktop/OPS\ APP/OPS/OPS/Views/Settings/ProfileSettingsView.swift /Users/jacksonsweet/Desktop/OPS\ APP/OPS/OPS/Views/Settings/ProjectHistorySettingsView.swift /Users/jacksonsweet/Desktop/OPS\ APP/OPS/OPS/Views/LoginView.swift /Users/jacksonsweet/Desktop/OPS\ APP/OPS/OPS/Views/LoginViewPreview.swift /Users/jacksonsweet/Desktop/OPS\ APP/OPS/OPS/Views/MainTabView.swift /Users/jacksonsweet/Desktop/OPS\ APP/OPS/OPS/Views/NetworkStatusIndicator.swift /Users/jacksonsweet/Desktop/OPS\ APP/OPS/OPS/Views/ScheduleView.swift /Users/jacksonsweet/Desktop/OPS\ APP/OPS/OPS/Views/SettingsView.swift /Users/jacksonsweet/Desktop/OPS\ APP/OPS/OPS/Views/SplashScreen.swift /Users/jacksonsweet/Desktop/OPS\ APP/OPS/OPS/AppState.swift /Users/jacksonsweet/Desktop/OPS\ APP/OPS/OPS/ContentView.swift /Users/jacksonsweet/Desktop/OPS\ APP/OPS/OPS/Item.swift /Users/jacksonsweet/Desktop/OPS\ APP/OPS/OPS/OPSApp.swift /Users/jacksonsweet/Library/Developer/Xcode/DerivedData/OPS-czavgtmnvamasvcjgszzuulfcsxj/Build/Intermediates.noindex/OPS.build/Debug-iphonesimulator/OPS.build/DerivedSources/GeneratedAssetSymbols.swift -supplementary-output-file-map /Users/jacksonsweet/Library/Developer/Xcode/DerivedData/OPS-czavgtmnvamasvcjgszzuulfcsxj/Build/Intermediates.noindex/OPS.build/Debug-iphonesimulator/OPS.build/Objects-normal/arm64/supplementaryOutputs-7 -emit-localized-strings -emit-localized-strings-path /Users/jacksonsweet/Library/Developer/Xcode/DerivedData/OPS-czavgtmnvamasvcjgszzuulfcsxj/Build/Intermediates.noindex/OPS.build/Debug-iphonesimulator/OPS.build/Objects-normal/arm64 -target arm64-apple-ios18.2-simulator -Xllvm -aarch64-use-tbi -enable-objc-interop -sdk /Applications/Xcode.app/Contents/Developer/Platforms/iPhoneSimulator.platform/Developer/SDKs/iPhoneSimulator18.2.sdk -I /Users/jacksonsweet/Library/Developer/Xcode/DerivedData/OPS-czavgtmnvamasvcjgszzuulfcsxj/Build/Products/Debug-iphonesimulator -F /Users/jacksonsweet/Library/Developer/Xcode/DerivedData/OPS-czavgtmnvamasvcjgszzuulfcsxj/Build/Products/Debug-iphonesimulator -no-color-diagnostics -enable-testing -g -debug-info-format\=dwarf -dwarf-version\=5 -module-cache-path /Users/jacksonsweet/Library/Developer/Xcode/DerivedData/ModuleCache.noindex -profile-generate -profile-coverage-mapping -swift-version 5 -enforce-exclusivity\=checked -Onone -D DEBUG -serialize-debugging-options -const-gather-protocols-file /Users/jacksonsweet/Library/Developer/Xcode/DerivedData/OPS-czavgtmnvamasvcjgszzuulfcsxj/Build/Intermediates.noindex/OPS.build/Debug-iphonesimulator/OPS.build/Objects-normal/arm64/OPS_const_extract_protocols.json -enable-experimental-feature DebugDescriptionMacro -enable-experimental-feature OpaqueTypeErasure -enable-bare-slash-regex -empty-abi-descriptor -validate-clang-modules-once -clang-build-session-file /Users/jacksonsweet/Library/Developer/Xcode/DerivedData/ModuleCache.noindex/Session.modulevalidation -Xcc -working-directory -Xcc /Users/jacksonsweet/Desktop/OPS\ APP/OPS -resource-dir /Applications/Xcode.app/Contents/Developer/Toolchains/XcodeDefault.xctoolchain/usr/lib/swift -enable-anonymous-context-mangled-names -file-compilation-dir /Users/jacksonsweet/Desktop/OPS\ APP/OPS -Xcc -D_LIBCPP_HARDENING_MODE\=_LIBCPP_HARDENING_MODE_DEBUG -Xcc -ivfsstatcache -Xcc /Users/jacksonsweet/Library/Developer/Xcode/DerivedData/SDKStatCaches.noindex/iphonesimulator18.2-22C146-07b28473f605e47e75261259d3ef3b5a.sdkstatcache -Xcc -I/Users/jacksonsweet/Library/Developer/Xcode/DerivedData/OPS-czavgtmnvamasvcjgszzuulfcsxj/Build/Intermediates.noindex/OPS.build/Debug-iphonesimulator/OPS.build/swift-overrides.hmap -Xcc -iquote -Xcc /Users/jacksonsweet/Library/Developer/Xcode/DerivedData/OPS-czavgtmnvamasvcjgszzuulfcsxj/Build/Intermediates.noindex/OPS.build/Debug-iphonesimulator/OPS.build/OPS-generated-files.hmap -Xcc -I/Users/jacksonsweet/Library/Developer/Xcode/DerivedData/OPS-czavgtmnvamasvcjgszzuulfcsxj/Build/Intermediates.noindex/OPS.build/Debug-iphonesimulator/OPS.build/OPS-own-target-headers.hmap -Xcc -I/Users/jacksonsweet/Library/Developer/Xcode/DerivedData/OPS-czavgtmnvamasvcjgszzuulfcsxj/Build/Intermediates.noindex/OPS.build/Debug-iphonesimulator/OPS.build/OPS-all-target-headers.hmap -Xcc -iquote -Xcc /Users/jacksonsweet/Library/Developer/Xcode/DerivedData/OPS-czavgtmnvamasvcjgszzuulfcsxj/Build/Intermediates.noindex/OPS.build/Debug-iphonesimulator/OPS.build/OPS-project-headers.hmap -Xcc -I/Users/jacksonsweet/Library/Developer/Xcode/DerivedData/OPS-czavgtmnvamasvcjgszzuulfcsxj/Build/Products/Debug-iphonesimulator/include -Xcc -I/Users/jacksonsweet/Library/Developer/Xcode/DerivedData/OPS-czavgtmnvamasvcjgszzuulfcsxj/Build/Intermediates.noindex/OPS.build/Debug-iphonesimulator/OPS.build/DerivedSources-normal/arm64 -Xcc -I/Users/jacksonsweet/Library/Developer/Xcode/DerivedData/OPS-czavgtmnvamasvcjgszzuulfcsxj/Build/Intermediates.noindex/OPS.build/Debug-iphonesimulator/OPS.build/DerivedSources/arm64 -Xcc -I/Users/jacksonsweet/Library/Developer/Xcode/DerivedData/OPS-czavgtmnvamasvcjgszzuulfcsxj/Build/Intermediates.noindex/OPS.build/Debug-iphonesimulator/OPS.build/DerivedSources -Xcc -DDEBUG\=1 -module-name OPS -frontend-parseable-output -disable-clang-spi -target-sdk-version 18.2 -target-sdk-name iphonesimulator18.2 -external-plugin-path /Applications/Xcode.app/Contents/Developer/Platforms/iPhoneOS.platform/Developer/usr/lib/swift/host/plugins\#/Applications/Xcode.app/Contents/Developer/Platforms/iPhoneOS.platform/Developer/usr/bin/swift-plugin-server -external-plugin-path /Applications/Xcode.app/Contents/Developer/Platforms/iPhoneOS.platform/Developer/usr/local/lib/swift/host/plugins\#/Applications/Xcode.app/Contents/Developer/Platforms/iPhoneOS.platform/Developer/usr/bin/swift-plugin-server -plugin-path /Applications/Xcode.app/Contents/Developer/Toolchains/XcodeDefault.xctoolchain/usr/lib/swift/host/plugins -plugin-path /Applications/Xcode.app/Contents/Developer/Toolchains/XcodeDefault.xctoolchain/usr/local/lib/swift/host/plugins -o /Users/jacksonsweet/Library/Developer/Xcode/DerivedData/OPS-czavgtmnvamasvcjgszzuulfcsxj/Build/Intermediates.noindex/OPS.build/Debug-iphonesimulator/OPS.build/Objects-normal/arm64/CalendarToggleView.o -o /Users/jacksonsweet/Library/Developer/Xcode/DerivedData/OPS-czavgtmnvamasvcjgszzuulfcsxj/Build/Intermediates.noindex/OPS.build/Debug-iphonesimulator/OPS.build/Objects-normal/arm64/DatePickerPopover.o -o /Users/jacksonsweet/Library/Developer/Xcode/DerivedData/OPS-czavgtmnvamasvcjgszzuulfcsxj/Build/Intermediates.noindex/OPS.build/Debug-iphonesimulator/OPS.build/Objects-normal/arm64/DayCell.o -o /Users/jacksonsweet/Library/Developer/Xcode/DerivedData/OPS-czavgtmnvamasvcjgszzuulfcsxj/Build/Intermediates.noindex/OPS.build/Debug-iphonesimulator/OPS.build/Objects-normal/arm64/DayProjectSheet.o -o /Users/jacksonsweet/Library/Developer/Xcode/DerivedData/OPS-czavgtmnvamasvcjgszzuulfcsxj/Build/Intermediates.noindex/OPS.build/Debug-iphonesimulator/OPS.build/Objects-normal/arm64/ProjectListView.o -o /Users/jacksonsweet/Library/Developer/Xcode/DerivedData/OPS-czavgtmnvamasvcjgszzuulfcsxj/Build/Intermediates.noindex/OPS.build/Debug-iphonesimulator/OPS.build/Objects-normal/arm64/MonthGridView.o -o /Users/jacksonsweet/Library/Developer/Xcode/DerivedData/OPS-czavgtmnvamasvcjgszzuulfcsxj/Build/Intermediates.noindex/OPS.build/Debug-iphonesimulator/OPS.build/Objects-normal/arm64/AppHeader.o -o /Users/jacksonsweet/Library/Developer/Xcode/DerivedData/OPS-czavgtmnvamasvcjgszzuulfcsxj/Build/Intermediates.noindex/OPS.build/Debug-iphonesimulator/OPS.build/Objects-normal/arm64/ExpandableNotesView.o -o /Users/jacksonsweet/Library/Developer/Xcode/DerivedData/OPS-czavgtmnvamasvcjgszzuulfcsxj/Build/Intermediates.noindex/OPS.build/Debug-iphonesimulator/OPS.build/Objects-normal/arm64/LocationPermissionView.o -o /Users/jacksonsweet/Library/Developer/Xcode/DerivedData/OPS-czavgtmnvamasvcjgszzuulfcsxj/Build/Intermediates.noindex/OPS.build/Debug-iphonesimulator/OPS.build/Objects-normal/arm64/NavigationBanner.o -o /Users/jacksonsweet/Library/Developer/Xcode/DerivedData/OPS-czavgtmnvamasvcjgszzuulfcsxj/Build/Intermediates.noindex/OPS.build/Debug-iphonesimulator/OPS.build/Objects-normal/arm64/NavigationControlsView.o -o /Users/jacksonsweet/Library/Developer/Xcode/DerivedData/OPS-czavgtmnvamasvcjgszzuulfcsxj/Build/Intermediates.noindex/OPS.build/Debug-iphonesimulator/OPS.build/Objects-normal/arm64/TabBarBackground.o -index-unit-output-path /OPS.build/Debug-iphonesimulator/OPS.build/Objects-normal/arm64/CalendarToggleView.o -index-unit-output-path /OPS.build/Debug-iphonesimulator/OPS.build/Objects-normal/arm64/DatePickerPopover.o -index-unit-output-path /OPS.build/Debug-iphonesimulator/OPS.build/Objects-normal/arm64/DayCell.o -index-unit-output-path /OPS.build/Debug-iphonesimulator/OPS.build/Objects-normal/arm64/DayProjectSheet.o -index-unit-output-path /OPS.build/Debug-iphonesimulator/OPS.build/Objects-normal/arm64/ProjectListView.o -index-unit-output-path /OPS.build/Debug-iphonesimulator/OPS.build/Objects-normal/arm64/MonthGridView.o -index-unit-output-path /OPS.build/Debug-iphonesimulator/OPS.build/Objects-normal/arm64/AppHeader.o -index-unit-output-path /OPS.build/Debug-iphonesimulator/OPS.build/Objects-normal/arm64/ExpandableNotesView.o -index-unit-output-path /OPS.build/Debug-iphonesimulator/OPS.build/Objects-normal/arm64/LocationPermissionView.o -index-unit-output-path /OPS.build/Debug-iphonesimulator/OPS.build/Objects-normal/arm64/NavigationBanner.o -index-unit-output-path /OPS.build/Debug-iphonesimulator/OPS.build/Objects-normal/arm64/NavigationControlsView.o -index-unit-output-path /OPS.build/Debug-iphonesimulator/OPS.build/Objects-normal/arm64/TabBarBackground.o -index-store-path /Users/jacksonsweet/Library/Developer/Xcode/DerivedData/OPS-czavgtmnvamasvcjgszzuulfcsxj/Index.noindex/DataStore -index-system-modules

SwiftCompile normal arm64 /Users/jacksonsweet/Desktop/OPS\ APP/OPS/OPS/Views/Components/Common/NavigationControlsView.swift (in target 'OPS' from project 'OPS')
    cd /Users/jacksonsweet/Desktop/OPS\ APP/OPS
    /Applications/Xcode.app/Contents/Developer/Toolchains/XcodeDefault.xctoolchain/usr/bin/swift-frontend -c /Users/jacksonsweet/Desktop/OPS\ APP/OPS/OPS/DataModels/BubbleImage.swift /Users/jacksonsweet/Desktop/OPS\ APP/OPS/OPS/DataModels/BubbleTypes.swift /Users/jacksonsweet/Desktop/OPS\ APP/OPS/OPS/DataModels/Company.swift /Users/jacksonsweet/Desktop/OPS\ APP/OPS/OPS/DataModels/Project.swift /Users/jacksonsweet/Desktop/OPS\ APP/OPS/OPS/DataModels/Status.swift /Users/jacksonsweet/Desktop/OPS\ APP/OPS/OPS/DataModels/User.swift /Users/jacksonsweet/Desktop/OPS\ APP/OPS/OPS/DataModels/UserRole.swift /Users/jacksonsweet/Desktop/OPS\ APP/OPS/OPS/Extensions/UIImage+Extensions.swift /Users/jacksonsweet/Desktop/OPS\ APP/OPS/OPS/Network/API/APIError.swift /Users/jacksonsweet/Desktop/OPS\ APP/OPS/OPS/Network/API/APIService.swift /Users/jacksonsweet/Desktop/OPS\ APP/OPS/OPS/Network/API/BubbleFields.swift /Users/jacksonsweet/Desktop/OPS\ APP/OPS/OPS/Network/Auth/AuthError.swift /Users/jacksonsweet/Desktop/OPS\ APP/OPS/OPS/Network/Auth/AuthManager.swift /Users/jacksonsweet/Desktop/OPS\ APP/OPS/OPS/Network/Auth/KeychainManager.swift /Users/jacksonsweet/Desktop/OPS\ APP/OPS/OPS/Network/DTOs/CompanyDTO.swift /Users/jacksonsweet/Desktop/OPS\ APP/OPS/OPS/Network/DTOs/ProjectDTO.swift /Users/jacksonsweet/Desktop/OPS\ APP/OPS/OPS/Network/DTOs/UserDTO.swift /Users/jacksonsweet/Desktop/OPS\ APP/OPS/OPS/Network/Endpoints/CompanyEndpoints.swift /Users/jacksonsweet/Desktop/OPS\ APP/OPS/OPS/Network/Endpoints/ProjectEndpoints.swift /Users/jacksonsweet/Desktop/OPS\ APP/OPS/OPS/Network/Endpoints/UserEndpoints.swift /Users/jacksonsweet/Desktop/OPS\ APP/OPS/OPS/Network/Sync/BackgroundTaskManager.swift /Users/jacksonsweet/Desktop/OPS\ APP/OPS/OPS/Network/Sync/SyncManager.swift /Users/jacksonsweet/Desktop/OPS\ APP/OPS/OPS/Network/ConnectivityMonitor.swift /Users/jacksonsweet/Desktop/OPS\ APP/OPS/OPS/Network/ImageSyncManager.swift /Users/jacksonsweet/Desktop/OPS\ APP/OPS/OPS/Onboarding/Coordinators/OnboardingCoordinator.swift /Users/jacksonsweet/Desktop/OPS\ APP/OPS/OPS/Onboarding/Models/OnboardingModels.swift /Users/jacksonsweet/Desktop/OPS\ APP/OPS/OPS/Onboarding/Services/OnboardingService.swift /Users/jacksonsweet/Desktop/OPS\ APP/OPS/OPS/Onboarding/ViewModels/OnboardingViewModel.swift /Users/jacksonsweet/Desktop/OPS\ APP/OPS/OPS/Onboarding/Views/Components/OnboardingComponents.swift /Users/jacksonsweet/Desktop/OPS\ APP/OPS/OPS/Onboarding/Views/Screens/AccountCreatedView.swift /Users/jacksonsweet/Desktop/OPS\ APP/OPS/OPS/Onboarding/Views/Screens/CompanyCodeView.swift /Users/jacksonsweet/Desktop/OPS\ APP/OPS/OPS/Onboarding/Views/Screens/CompanyCodeViewPreview.swift /Users/jacksonsweet/Desktop/OPS\ APP/OPS/OPS/Onboarding/Views/Screens/CompletionView.swift /Users/jacksonsweet/Desktop/OPS\ APP/OPS/OPS/Onboarding/Views/Screens/CompletionViewPreview.swift /Users/jacksonsweet/Desktop/OPS\ APP/OPS/OPS/Onboarding/Views/Screens/EmailView.swift /Users/jacksonsweet/Desktop/OPS\ APP/OPS/OPS/Onboarding/Views/Screens/FieldSetupView.swift /Users/jacksonsweet/Desktop/OPS\ APP/OPS/OPS/Onboarding/Views/Screens/NotificationsView.swift /Users/jacksonsweet/Desktop/OPS\ APP/OPS/OPS/Onboarding/Views/Screens/NotificationsViewPreview.swift /Users/jacksonsweet/Desktop/OPS\ APP/OPS/OPS/Onboarding/Views/Screens/OrganizationJoinView.swift /Users/jacksonsweet/Desktop/OPS\ APP/OPS/OPS/Onboarding/Views/Screens/PasswordView.swift /Users/jacksonsweet/Desktop/OPS\ APP/OPS/OPS/Onboarding/Views/Screens/PasswordViewPreview.swift /Users/jacksonsweet/Desktop/OPS\ APP/OPS/OPS/Onboarding/Views/Screens/PermissionsView.swift /Users/jacksonsweet/Desktop/OPS\ APP/OPS/OPS/Onboarding/Views/Screens/PermissionsViewPreview.swift /Users/jacksonsweet/Desktop/OPS\ APP/OPS/OPS/Onboarding/Views/Screens/PhoneNumberView.swift /Users/jacksonsweet/Desktop/OPS\ APP/OPS/OPS/Onboarding/Views/Screens/PhoneNumberViewPreview.swift /Users/jacksonsweet/Desktop/OPS\ APP/OPS/OPS/Onboarding/Views/Screens/UserInfoView.swift /Users/jacksonsweet/Desktop/OPS\ APP/OPS/OPS/Onboarding/Views/Screens/UserInfoViewPreview.swift /Users/jacksonsweet/Desktop/OPS\ APP/OPS/OPS/Onboarding/Views/Screens/VerifyPhoneView.swift /Users/jacksonsweet/Desktop/OPS\ APP/OPS/OPS/Onboarding/Views/Screens/WelcomeCompanyView.swift /Users/jacksonsweet/Desktop/OPS\ APP/OPS/OPS/Onboarding/Views/Screens/WelcomeCompanyViewPreview.swift /Users/jacksonsweet/Desktop/OPS\ APP/OPS/OPS/Onboarding/Views/Screens/WelcomeView.swift /Users/jacksonsweet/Desktop/OPS\ APP/OPS/OPS/Onboarding/Views/Screens/WelcomeViewPreview.swift /Users/jacksonsweet/Desktop/OPS\ APP/OPS/OPS/Onboarding/Views/OnboardingContainerView.swift /Users/jacksonsweet/Desktop/OPS\ APP/OPS/OPS/Onboarding/Views/OnboardingFlowPreview.swift /Users/jacksonsweet/Desktop/OPS\ APP/OPS/OPS/Onboarding/Views/OnboardingPresenter.swift /Users/jacksonsweet/Desktop/OPS\ APP/OPS/OPS/Onboarding/Views/OnboardingPreviewHelpers.swift /Users/jacksonsweet/Desktop/OPS\ APP/OPS/OPS/Styles/OPSStyle.swift /Users/jacksonsweet/Desktop/OPS\ APP/OPS/OPS/Utilities/AppConfiguration.swift /Users/jacksonsweet/Desktop/OPS\ APP/OPS/OPS/Utilities/ArrayTransformer.swift /Users/jacksonsweet/Desktop/OPS\ APP/OPS/OPS/Utilities/DataController.swift /Users/jacksonsweet/Desktop/OPS\ APP/OPS/OPS/Utilities/Dateformatter\ +Bubble.swift /Users/jacksonsweet/Desktop/OPS\ APP/OPS/OPS/Utilities/DateHelper.swift /Users/jacksonsweet/Desktop/OPS\ APP/OPS/OPS/Utilities/FieldErrorHandler.swift /Users/jacksonsweet/Desktop/OPS\ APP/OPS/OPS/Utilities/ImageCache.swift /Users/jacksonsweet/Desktop/OPS\ APP/OPS/OPS/Utilities/ImageFileManager.swift /Users/jacksonsweet/Desktop/OPS\ APP/OPS/OPS/Utilities/InProgressManager.swift /Users/jacksonsweet/Desktop/OPS\ APP/OPS/OPS/Utilities/KeyboardDismissalModifier.swift /Users/jacksonsweet/Desktop/OPS\ APP/OPS/OPS/Utilities/LocationManager.swift /Users/jacksonsweet/Desktop/OPS\ APP/OPS/OPS/Utilities/OnboardingEnvironmentKey.swift /Users/jacksonsweet/Desktop/OPS\ APP/OPS/OPS/Utilities/SwiftDataHelper.swift /Users/jacksonsweet/Desktop/OPS\ APP/OPS/OPS/Utilities/UIComponents.swift /Users/jacksonsweet/Desktop/OPS\ APP/OPS/OPS/V2/CertificationsSettingsView.swift /Users/jacksonsweet/Desktop/OPS\ APP/OPS/OPS/ViewModels/CalendarViewModel.swift /Users/jacksonsweet/Desktop/OPS\ APP/OPS/OPS/ViewModels/ProjectsViewModel.swift /Users/jacksonsweet/Desktop/OPS\ APP/OPS/OPS/Views/Calendar\ Tab/Components/CalendarDaySelector.swift /Users/jacksonsweet/Desktop/OPS\ APP/OPS/OPS/Views/Calendar\ Tab/Components/CalendarHeaderView.swift /Users/jacksonsweet/Desktop/OPS\ APP/OPS/OPS/Views/Calendar\ Tab/Components/CalendarProjectCard.swift -primary-file /Users/jacksonsweet/Desktop/OPS\ APP/OPS/OPS/Views/Calendar\ Tab/Components/CalendarToggleView.swift -primary-file /Users/jacksonsweet/Desktop/OPS\ APP/OPS/OPS/Views/Calendar\ Tab/Components/DatePickerPopover.swift -primary-file /Users/jacksonsweet/Desktop/OPS\ APP/OPS/OPS/Views/Calendar\ Tab/Components/DayCell.swift -primary-file /Users/jacksonsweet/Desktop/OPS\ APP/OPS/OPS/Views/Calendar\ Tab/ProjectViews/DayProjectSheet.swift -primary-file /Users/jacksonsweet/Desktop/OPS\ APP/OPS/OPS/Views/Calendar\ Tab/ProjectViews/ProjectListView.swift -primary-file /Users/jacksonsweet/Desktop/OPS\ APP/OPS/OPS/Views/Calendar\ Tab/MonthGridView.swift -primary-file /Users/jacksonsweet/Desktop/OPS\ APP/OPS/OPS/Views/Components/Common/AppHeader.swift -primary-file /Users/jacksonsweet/Desktop/OPS\ APP/OPS/OPS/Views/Components/Common/ExpandableNotesView.swift -primary-file /Users/jacksonsweet/Desktop/OPS\ APP/OPS/OPS/Views/Components/Common/LocationPermissionView.swift -primary-file /Users/jacksonsweet/Desktop/OPS\ APP/OPS/OPS/Views/Components/Common/NavigationBanner.swift -primary-file /Users/jacksonsweet/Desktop/OPS\ APP/OPS/OPS/Views/Components/Common/NavigationControlsView.swift -primary-file /Users/jacksonsweet/Desktop/OPS\ APP/OPS/OPS/Views/Components/Common/TabBarBackground.swift /Users/jacksonsweet/Desktop/OPS\ APP/OPS/OPS/Views/Components/Images/ImagePicker.swift /Users/jacksonsweet/Desktop/OPS\ APP/OPS/OPS/Views/Components/Images/ImagePickerView.swift /Users/jacksonsweet/Desktop/OPS\ APP/OPS/OPS/Views/Components/Images/ProjectImagesSection.swift /Users/jacksonsweet/Desktop/OPS\ APP/OPS/OPS/Views/Components/Images/ProjectImagesSimple.swift /Users/jacksonsweet/Desktop/OPS\ APP/OPS/OPS/Views/Components/Images/ProjectImageView.swift /Users/jacksonsweet/Desktop/OPS\ APP/OPS/OPS/Views/Components/Images/ProjectPhotosGrid.swift /Users/jacksonsweet/Desktop/OPS\ APP/OPS/OPS/Views/Components/Map/MiniMapView.swift /Users/jacksonsweet/Desktop/OPS\ APP/OPS/OPS/Views/Components/Map/ProjectMapAnnotation.swift /Users/jacksonsweet/Desktop/OPS\ APP/OPS/OPS/Views/Components/Map/ProjectMapView.swift /Users/jacksonsweet/Desktop/OPS\ APP/OPS/OPS/Views/Components/Map/ProjectMarkerPopup.swift /Users/jacksonsweet/Desktop/OPS\ APP/OPS/OPS/Views/Components/Map/RouteDirectionsView.swift /Users/jacksonsweet/Desktop/OPS\ APP/OPS/OPS/Views/Components/Project/ProjectActionBar.swift /Users/jacksonsweet/Desktop/OPS\ APP/OPS/OPS/Views/Components/Project/ProjectCard.swift /Users/jacksonsweet/Desktop/OPS\ APP/OPS/OPS/Views/Components/Project/ProjectCarousel.swift /Users/jacksonsweet/Desktop/OPS\ APP/OPS/OPS/Views/Components/Project/ProjectDetailsView.swift /Users/jacksonsweet/Desktop/OPS\ APP/OPS/OPS/Views/Components/Project/ProjectHeader.swift /Users/jacksonsweet/Desktop/OPS\ APP/OPS/OPS/Views/Components/Project/ProjectSheetContainer.swift /Users/jacksonsweet/Desktop/OPS\ APP/OPS/OPS/Views/Components/User/TeamMemberListView.swift /Users/jacksonsweet/Desktop/OPS\ APP/OPS/OPS/Views/Components/User/UserProfileCard.swift /Users/jacksonsweet/Desktop/OPS\ APP/OPS/OPS/Views/Home/HomeContentView.swift /Users/jacksonsweet/Desktop/OPS\ APP/OPS/OPS/Views/Home/HomeView.swift /Users/jacksonsweet/Desktop/OPS\ APP/OPS/OPS/Views/Settings/OrganizationSettingsView.swift /Users/jacksonsweet/Desktop/OPS\ APP/OPS/OPS/Views/Settings/ProfileSettingsView.swift /Users/jacksonsweet/Desktop/OPS\ APP/OPS/OPS/Views/Settings/ProjectHistorySettingsView.swift /Users/jacksonsweet/Desktop/OPS\ APP/OPS/OPS/Views/LoginView.swift /Users/jacksonsweet/Desktop/OPS\ APP/OPS/OPS/Views/LoginViewPreview.swift /Users/jacksonsweet/Desktop/OPS\ APP/OPS/OPS/Views/MainTabView.swift /Users/jacksonsweet/Desktop/OPS\ APP/OPS/OPS/Views/NetworkStatusIndicator.swift /Users/jacksonsweet/Desktop/OPS\ APP/OPS/OPS/Views/ScheduleView.swift /Users/jacksonsweet/Desktop/OPS\ APP/OPS/OPS/Views/SettingsView.swift /Users/jacksonsweet/Desktop/OPS\ APP/OPS/OPS/Views/SplashScreen.swift /Users/jacksonsweet/Desktop/OPS\ APP/OPS/OPS/AppState.swift /Users/jacksonsweet/Desktop/OPS\ APP/OPS/OPS/ContentView.swift /Users/jacksonsweet/Desktop/OPS\ APP/OPS/OPS/Item.swift /Users/jacksonsweet/Desktop/OPS\ APP/OPS/OPS/OPSApp.swift /Users/jacksonsweet/Library/Developer/Xcode/DerivedData/OPS-czavgtmnvamasvcjgszzuulfcsxj/Build/Intermediates.noindex/OPS.build/Debug-iphonesimulator/OPS.build/DerivedSources/GeneratedAssetSymbols.swift -supplementary-output-file-map /Users/jacksonsweet/Library/Developer/Xcode/DerivedData/OPS-czavgtmnvamasvcjgszzuulfcsxj/Build/Intermediates.noindex/OPS.build/Debug-iphonesimulator/OPS.build/Objects-normal/arm64/supplementaryOutputs-7 -emit-localized-strings -emit-localized-strings-path /Users/jacksonsweet/Library/Developer/Xcode/DerivedData/OPS-czavgtmnvamasvcjgszzuulfcsxj/Build/Intermediates.noindex/OPS.build/Debug-iphonesimulator/OPS.build/Objects-normal/arm64 -target arm64-apple-ios18.2-simulator -Xllvm -aarch64-use-tbi -enable-objc-interop -sdk /Applications/Xcode.app/Contents/Developer/Platforms/iPhoneSimulator.platform/Developer/SDKs/iPhoneSimulator18.2.sdk -I /Users/jacksonsweet/Library/Developer/Xcode/DerivedData/OPS-czavgtmnvamasvcjgszzuulfcsxj/Build/Products/Debug-iphonesimulator -F /Users/jacksonsweet/Library/Developer/Xcode/DerivedData/OPS-czavgtmnvamasvcjgszzuulfcsxj/Build/Products/Debug-iphonesimulator -no-color-diagnostics -enable-testing -g -debug-info-format\=dwarf -dwarf-version\=5 -module-cache-path /Users/jacksonsweet/Library/Developer/Xcode/DerivedData/ModuleCache.noindex -profile-generate -profile-coverage-mapping -swift-version 5 -enforce-exclusivity\=checked -Onone -D DEBUG -serialize-debugging-options -const-gather-protocols-file /Users/jacksonsweet/Library/Developer/Xcode/DerivedData/OPS-czavgtmnvamasvcjgszzuulfcsxj/Build/Intermediates.noindex/OPS.build/Debug-iphonesimulator/OPS.build/Objects-normal/arm64/OPS_const_extract_protocols.json -enable-experimental-feature DebugDescriptionMacro -enable-experimental-feature OpaqueTypeErasure -enable-bare-slash-regex -empty-abi-descriptor -validate-clang-modules-once -clang-build-session-file /Users/jacksonsweet/Library/Developer/Xcode/DerivedData/ModuleCache.noindex/Session.modulevalidation -Xcc -working-directory -Xcc /Users/jacksonsweet/Desktop/OPS\ APP/OPS -resource-dir /Applications/Xcode.app/Contents/Developer/Toolchains/XcodeDefault.xctoolchain/usr/lib/swift -enable-anonymous-context-mangled-names -file-compilation-dir /Users/jacksonsweet/Desktop/OPS\ APP/OPS -Xcc -D_LIBCPP_HARDENING_MODE\=_LIBCPP_HARDENING_MODE_DEBUG -Xcc -ivfsstatcache -Xcc /Users/jacksonsweet/Library/Developer/Xcode/DerivedData/SDKStatCaches.noindex/iphonesimulator18.2-22C146-07b28473f605e47e75261259d3ef3b5a.sdkstatcache -Xcc -I/Users/jacksonsweet/Library/Developer/Xcode/DerivedData/OPS-czavgtmnvamasvcjgszzuulfcsxj/Build/Intermediates.noindex/OPS.build/Debug-iphonesimulator/OPS.build/swift-overrides.hmap -Xcc -iquote -Xcc /Users/jacksonsweet/Library/Developer/Xcode/DerivedData/OPS-czavgtmnvamasvcjgszzuulfcsxj/Build/Intermediates.noindex/OPS.build/Debug-iphonesimulator/OPS.build/OPS-generated-files.hmap -Xcc -I/Users/jacksonsweet/Library/Developer/Xcode/DerivedData/OPS-czavgtmnvamasvcjgszzuulfcsxj/Build/Intermediates.noindex/OPS.build/Debug-iphonesimulator/OPS.build/OPS-own-target-headers.hmap -Xcc -I/Users/jacksonsweet/Library/Developer/Xcode/DerivedData/OPS-czavgtmnvamasvcjgszzuulfcsxj/Build/Intermediates.noindex/OPS.build/Debug-iphonesimulator/OPS.build/OPS-all-target-headers.hmap -Xcc -iquote -Xcc /Users/jacksonsweet/Library/Developer/Xcode/DerivedData/OPS-czavgtmnvamasvcjgszzuulfcsxj/Build/Intermediates.noindex/OPS.build/Debug-iphonesimulator/OPS.build/OPS-project-headers.hmap -Xcc -I/Users/jacksonsweet/Library/Developer/Xcode/DerivedData/OPS-czavgtmnvamasvcjgszzuulfcsxj/Build/Products/Debug-iphonesimulator/include -Xcc -I/Users/jacksonsweet/Library/Developer/Xcode/DerivedData/OPS-czavgtmnvamasvcjgszzuulfcsxj/Build/Intermediates.noindex/OPS.build/Debug-iphonesimulator/OPS.build/DerivedSources-normal/arm64 -Xcc -I/Users/jacksonsweet/Library/Developer/Xcode/DerivedData/OPS-czavgtmnvamasvcjgszzuulfcsxj/Build/Intermediates.noindex/OPS.build/Debug-iphonesimulator/OPS.build/DerivedSources/arm64 -Xcc -I/Users/jacksonsweet/Library/Developer/Xcode/DerivedData/OPS-czavgtmnvamasvcjgszzuulfcsxj/Build/Intermediates.noindex/OPS.build/Debug-iphonesimulator/OPS.build/DerivedSources -Xcc -DDEBUG\=1 -module-name OPS -frontend-parseable-output -disable-clang-spi -target-sdk-version 18.2 -target-sdk-name iphonesimulator18.2 -external-plugin-path /Applications/Xcode.app/Contents/Developer/Platforms/iPhoneOS.platform/Developer/usr/lib/swift/host/plugins\#/Applications/Xcode.app/Contents/Developer/Platforms/iPhoneOS.platform/Developer/usr/bin/swift-plugin-server -external-plugin-path /Applications/Xcode.app/Contents/Developer/Platforms/iPhoneOS.platform/Developer/usr/local/lib/swift/host/plugins\#/Applications/Xcode.app/Contents/Developer/Platforms/iPhoneOS.platform/Developer/usr/bin/swift-plugin-server -plugin-path /Applications/Xcode.app/Contents/Developer/Toolchains/XcodeDefault.xctoolchain/usr/lib/swift/host/plugins -plugin-path /Applications/Xcode.app/Contents/Developer/Toolchains/XcodeDefault.xctoolchain/usr/local/lib/swift/host/plugins -o /Users/jacksonsweet/Library/Developer/Xcode/DerivedData/OPS-czavgtmnvamasvcjgszzuulfcsxj/Build/Intermediates.noindex/OPS.build/Debug-iphonesimulator/OPS.build/Objects-normal/arm64/CalendarToggleView.o -o /Users/jacksonsweet/Library/Developer/Xcode/DerivedData/OPS-czavgtmnvamasvcjgszzuulfcsxj/Build/Intermediates.noindex/OPS.build/Debug-iphonesimulator/OPS.build/Objects-normal/arm64/DatePickerPopover.o -o /Users/jacksonsweet/Library/Developer/Xcode/DerivedData/OPS-czavgtmnvamasvcjgszzuulfcsxj/Build/Intermediates.noindex/OPS.build/Debug-iphonesimulator/OPS.build/Objects-normal/arm64/DayCell.o -o /Users/jacksonsweet/Library/Developer/Xcode/DerivedData/OPS-czavgtmnvamasvcjgszzuulfcsxj/Build/Intermediates.noindex/OPS.build/Debug-iphonesimulator/OPS.build/Objects-normal/arm64/DayProjectSheet.o -o /Users/jacksonsweet/Library/Developer/Xcode/DerivedData/OPS-czavgtmnvamasvcjgszzuulfcsxj/Build/Intermediates.noindex/OPS.build/Debug-iphonesimulator/OPS.build/Objects-normal/arm64/ProjectListView.o -o /Users/jacksonsweet/Library/Developer/Xcode/DerivedData/OPS-czavgtmnvamasvcjgszzuulfcsxj/Build/Intermediates.noindex/OPS.build/Debug-iphonesimulator/OPS.build/Objects-normal/arm64/MonthGridView.o -o /Users/jacksonsweet/Library/Developer/Xcode/DerivedData/OPS-czavgtmnvamasvcjgszzuulfcsxj/Build/Intermediates.noindex/OPS.build/Debug-iphonesimulator/OPS.build/Objects-normal/arm64/AppHeader.o -o /Users/jacksonsweet/Library/Developer/Xcode/DerivedData/OPS-czavgtmnvamasvcjgszzuulfcsxj/Build/Intermediates.noindex/OPS.build/Debug-iphonesimulator/OPS.build/Objects-normal/arm64/ExpandableNotesView.o -o /Users/jacksonsweet/Library/Developer/Xcode/DerivedData/OPS-czavgtmnvamasvcjgszzuulfcsxj/Build/Intermediates.noindex/OPS.build/Debug-iphonesimulator/OPS.build/Objects-normal/arm64/LocationPermissionView.o -o /Users/jacksonsweet/Library/Developer/Xcode/DerivedData/OPS-czavgtmnvamasvcjgszzuulfcsxj/Build/Intermediates.noindex/OPS.build/Debug-iphonesimulator/OPS.build/Objects-normal/arm64/NavigationBanner.o -o /Users/jacksonsweet/Library/Developer/Xcode/DerivedData/OPS-czavgtmnvamasvcjgszzuulfcsxj/Build/Intermediates.noindex/OPS.build/Debug-iphonesimulator/OPS.build/Objects-normal/arm64/NavigationControlsView.o -o /Users/jacksonsweet/Library/Developer/Xcode/DerivedData/OPS-czavgtmnvamasvcjgszzuulfcsxj/Build/Intermediates.noindex/OPS.build/Debug-iphonesimulator/OPS.build/Objects-normal/arm64/TabBarBackground.o -index-unit-output-path /OPS.build/Debug-iphonesimulator/OPS.build/Objects-normal/arm64/CalendarToggleView.o -index-unit-output-path /OPS.build/Debug-iphonesimulator/OPS.build/Objects-normal/arm64/DatePickerPopover.o -index-unit-output-path /OPS.build/Debug-iphonesimulator/OPS.build/Objects-normal/arm64/DayCell.o -index-unit-output-path /OPS.build/Debug-iphonesimulator/OPS.build/Objects-normal/arm64/DayProjectSheet.o -index-unit-output-path /OPS.build/Debug-iphonesimulator/OPS.build/Objects-normal/arm64/ProjectListView.o -index-unit-output-path /OPS.build/Debug-iphonesimulator/OPS.build/Objects-normal/arm64/MonthGridView.o -index-unit-output-path /OPS.build/Debug-iphonesimulator/OPS.build/Objects-normal/arm64/AppHeader.o -index-unit-output-path /OPS.build/Debug-iphonesimulator/OPS.build/Objects-normal/arm64/ExpandableNotesView.o -index-unit-output-path /OPS.build/Debug-iphonesimulator/OPS.build/Objects-normal/arm64/LocationPermissionView.o -index-unit-output-path /OPS.build/Debug-iphonesimulator/OPS.build/Objects-normal/arm64/NavigationBanner.o -index-unit-output-path /OPS.build/Debug-iphonesimulator/OPS.build/Objects-normal/arm64/NavigationControlsView.o -index-unit-output-path /OPS.build/Debug-iphonesimulator/OPS.build/Objects-normal/arm64/TabBarBackground.o -index-store-path /Users/jacksonsweet/Library/Developer/Xcode/DerivedData/OPS-czavgtmnvamasvcjgszzuulfcsxj/Index.noindex/DataStore -index-system-modules
/Users/jacksonsweet/Desktop/OPS APP/OPS/OPS/Views/Components/Common/NavigationControlsView.swift:33:31: warning: immutable value 'currentStep' was never used; consider replacing with '_' or removing it
            if isRouting, let currentStep = currentNavStep {
                          ~~~~^~~~~~~~~~~
                          _

SwiftCompile normal arm64 /Users/jacksonsweet/Desktop/OPS\ APP/OPS/OPS/Views/Components/Common/TabBarBackground.swift (in target 'OPS' from project 'OPS')
    cd /Users/jacksonsweet/Desktop/OPS\ APP/OPS
    /Applications/Xcode.app/Contents/Developer/Toolchains/XcodeDefault.xctoolchain/usr/bin/swift-frontend -c /Users/jacksonsweet/Desktop/OPS\ APP/OPS/OPS/DataModels/BubbleImage.swift /Users/jacksonsweet/Desktop/OPS\ APP/OPS/OPS/DataModels/BubbleTypes.swift /Users/jacksonsweet/Desktop/OPS\ APP/OPS/OPS/DataModels/Company.swift /Users/jacksonsweet/Desktop/OPS\ APP/OPS/OPS/DataModels/Project.swift /Users/jacksonsweet/Desktop/OPS\ APP/OPS/OPS/DataModels/Status.swift /Users/jacksonsweet/Desktop/OPS\ APP/OPS/OPS/DataModels/User.swift /Users/jacksonsweet/Desktop/OPS\ APP/OPS/OPS/DataModels/UserRole.swift /Users/jacksonsweet/Desktop/OPS\ APP/OPS/OPS/Extensions/UIImage+Extensions.swift /Users/jacksonsweet/Desktop/OPS\ APP/OPS/OPS/Network/API/APIError.swift /Users/jacksonsweet/Desktop/OPS\ APP/OPS/OPS/Network/API/APIService.swift /Users/jacksonsweet/Desktop/OPS\ APP/OPS/OPS/Network/API/BubbleFields.swift /Users/jacksonsweet/Desktop/OPS\ APP/OPS/OPS/Network/Auth/AuthError.swift /Users/jacksonsweet/Desktop/OPS\ APP/OPS/OPS/Network/Auth/AuthManager.swift /Users/jacksonsweet/Desktop/OPS\ APP/OPS/OPS/Network/Auth/KeychainManager.swift /Users/jacksonsweet/Desktop/OPS\ APP/OPS/OPS/Network/DTOs/CompanyDTO.swift /Users/jacksonsweet/Desktop/OPS\ APP/OPS/OPS/Network/DTOs/ProjectDTO.swift /Users/jacksonsweet/Desktop/OPS\ APP/OPS/OPS/Network/DTOs/UserDTO.swift /Users/jacksonsweet/Desktop/OPS\ APP/OPS/OPS/Network/Endpoints/CompanyEndpoints.swift /Users/jacksonsweet/Desktop/OPS\ APP/OPS/OPS/Network/Endpoints/ProjectEndpoints.swift /Users/jacksonsweet/Desktop/OPS\ APP/OPS/OPS/Network/Endpoints/UserEndpoints.swift /Users/jacksonsweet/Desktop/OPS\ APP/OPS/OPS/Network/Sync/BackgroundTaskManager.swift /Users/jacksonsweet/Desktop/OPS\ APP/OPS/OPS/Network/Sync/SyncManager.swift /Users/jacksonsweet/Desktop/OPS\ APP/OPS/OPS/Network/ConnectivityMonitor.swift /Users/jacksonsweet/Desktop/OPS\ APP/OPS/OPS/Network/ImageSyncManager.swift /Users/jacksonsweet/Desktop/OPS\ APP/OPS/OPS/Onboarding/Coordinators/OnboardingCoordinator.swift /Users/jacksonsweet/Desktop/OPS\ APP/OPS/OPS/Onboarding/Models/OnboardingModels.swift /Users/jacksonsweet/Desktop/OPS\ APP/OPS/OPS/Onboarding/Services/OnboardingService.swift /Users/jacksonsweet/Desktop/OPS\ APP/OPS/OPS/Onboarding/ViewModels/OnboardingViewModel.swift /Users/jacksonsweet/Desktop/OPS\ APP/OPS/OPS/Onboarding/Views/Components/OnboardingComponents.swift /Users/jacksonsweet/Desktop/OPS\ APP/OPS/OPS/Onboarding/Views/Screens/AccountCreatedView.swift /Users/jacksonsweet/Desktop/OPS\ APP/OPS/OPS/Onboarding/Views/Screens/CompanyCodeView.swift /Users/jacksonsweet/Desktop/OPS\ APP/OPS/OPS/Onboarding/Views/Screens/CompanyCodeViewPreview.swift /Users/jacksonsweet/Desktop/OPS\ APP/OPS/OPS/Onboarding/Views/Screens/CompletionView.swift /Users/jacksonsweet/Desktop/OPS\ APP/OPS/OPS/Onboarding/Views/Screens/CompletionViewPreview.swift /Users/jacksonsweet/Desktop/OPS\ APP/OPS/OPS/Onboarding/Views/Screens/EmailView.swift /Users/jacksonsweet/Desktop/OPS\ APP/OPS/OPS/Onboarding/Views/Screens/FieldSetupView.swift /Users/jacksonsweet/Desktop/OPS\ APP/OPS/OPS/Onboarding/Views/Screens/NotificationsView.swift /Users/jacksonsweet/Desktop/OPS\ APP/OPS/OPS/Onboarding/Views/Screens/NotificationsViewPreview.swift /Users/jacksonsweet/Desktop/OPS\ APP/OPS/OPS/Onboarding/Views/Screens/OrganizationJoinView.swift /Users/jacksonsweet/Desktop/OPS\ APP/OPS/OPS/Onboarding/Views/Screens/PasswordView.swift /Users/jacksonsweet/Desktop/OPS\ APP/OPS/OPS/Onboarding/Views/Screens/PasswordViewPreview.swift /Users/jacksonsweet/Desktop/OPS\ APP/OPS/OPS/Onboarding/Views/Screens/PermissionsView.swift /Users/jacksonsweet/Desktop/OPS\ APP/OPS/OPS/Onboarding/Views/Screens/PermissionsViewPreview.swift /Users/jacksonsweet/Desktop/OPS\ APP/OPS/OPS/Onboarding/Views/Screens/PhoneNumberView.swift /Users/jacksonsweet/Desktop/OPS\ APP/OPS/OPS/Onboarding/Views/Screens/PhoneNumberViewPreview.swift /Users/jacksonsweet/Desktop/OPS\ APP/OPS/OPS/Onboarding/Views/Screens/UserInfoView.swift /Users/jacksonsweet/Desktop/OPS\ APP/OPS/OPS/Onboarding/Views/Screens/UserInfoViewPreview.swift /Users/jacksonsweet/Desktop/OPS\ APP/OPS/OPS/Onboarding/Views/Screens/VerifyPhoneView.swift /Users/jacksonsweet/Desktop/OPS\ APP/OPS/OPS/Onboarding/Views/Screens/WelcomeCompanyView.swift /Users/jacksonsweet/Desktop/OPS\ APP/OPS/OPS/Onboarding/Views/Screens/WelcomeCompanyViewPreview.swift /Users/jacksonsweet/Desktop/OPS\ APP/OPS/OPS/Onboarding/Views/Screens/WelcomeView.swift /Users/jacksonsweet/Desktop/OPS\ APP/OPS/OPS/Onboarding/Views/Screens/WelcomeViewPreview.swift /Users/jacksonsweet/Desktop/OPS\ APP/OPS/OPS/Onboarding/Views/OnboardingContainerView.swift /Users/jacksonsweet/Desktop/OPS\ APP/OPS/OPS/Onboarding/Views/OnboardingFlowPreview.swift /Users/jacksonsweet/Desktop/OPS\ APP/OPS/OPS/Onboarding/Views/OnboardingPresenter.swift /Users/jacksonsweet/Desktop/OPS\ APP/OPS/OPS/Onboarding/Views/OnboardingPreviewHelpers.swift /Users/jacksonsweet/Desktop/OPS\ APP/OPS/OPS/Styles/OPSStyle.swift /Users/jacksonsweet/Desktop/OPS\ APP/OPS/OPS/Utilities/AppConfiguration.swift /Users/jacksonsweet/Desktop/OPS\ APP/OPS/OPS/Utilities/ArrayTransformer.swift /Users/jacksonsweet/Desktop/OPS\ APP/OPS/OPS/Utilities/DataController.swift /Users/jacksonsweet/Desktop/OPS\ APP/OPS/OPS/Utilities/Dateformatter\ +Bubble.swift /Users/jacksonsweet/Desktop/OPS\ APP/OPS/OPS/Utilities/DateHelper.swift /Users/jacksonsweet/Desktop/OPS\ APP/OPS/OPS/Utilities/FieldErrorHandler.swift /Users/jacksonsweet/Desktop/OPS\ APP/OPS/OPS/Utilities/ImageCache.swift /Users/jacksonsweet/Desktop/OPS\ APP/OPS/OPS/Utilities/ImageFileManager.swift /Users/jacksonsweet/Desktop/OPS\ APP/OPS/OPS/Utilities/InProgressManager.swift /Users/jacksonsweet/Desktop/OPS\ APP/OPS/OPS/Utilities/KeyboardDismissalModifier.swift /Users/jacksonsweet/Desktop/OPS\ APP/OPS/OPS/Utilities/LocationManager.swift /Users/jacksonsweet/Desktop/OPS\ APP/OPS/OPS/Utilities/OnboardingEnvironmentKey.swift /Users/jacksonsweet/Desktop/OPS\ APP/OPS/OPS/Utilities/SwiftDataHelper.swift /Users/jacksonsweet/Desktop/OPS\ APP/OPS/OPS/Utilities/UIComponents.swift /Users/jacksonsweet/Desktop/OPS\ APP/OPS/OPS/V2/CertificationsSettingsView.swift /Users/jacksonsweet/Desktop/OPS\ APP/OPS/OPS/ViewModels/CalendarViewModel.swift /Users/jacksonsweet/Desktop/OPS\ APP/OPS/OPS/ViewModels/ProjectsViewModel.swift /Users/jacksonsweet/Desktop/OPS\ APP/OPS/OPS/Views/Calendar\ Tab/Components/CalendarDaySelector.swift /Users/jacksonsweet/Desktop/OPS\ APP/OPS/OPS/Views/Calendar\ Tab/Components/CalendarHeaderView.swift /Users/jacksonsweet/Desktop/OPS\ APP/OPS/OPS/Views/Calendar\ Tab/Components/CalendarProjectCard.swift -primary-file /Users/jacksonsweet/Desktop/OPS\ APP/OPS/OPS/Views/Calendar\ Tab/Components/CalendarToggleView.swift -primary-file /Users/jacksonsweet/Desktop/OPS\ APP/OPS/OPS/Views/Calendar\ Tab/Components/DatePickerPopover.swift -primary-file /Users/jacksonsweet/Desktop/OPS\ APP/OPS/OPS/Views/Calendar\ Tab/Components/DayCell.swift -primary-file /Users/jacksonsweet/Desktop/OPS\ APP/OPS/OPS/Views/Calendar\ Tab/ProjectViews/DayProjectSheet.swift -primary-file /Users/jacksonsweet/Desktop/OPS\ APP/OPS/OPS/Views/Calendar\ Tab/ProjectViews/ProjectListView.swift -primary-file /Users/jacksonsweet/Desktop/OPS\ APP/OPS/OPS/Views/Calendar\ Tab/MonthGridView.swift -primary-file /Users/jacksonsweet/Desktop/OPS\ APP/OPS/OPS/Views/Components/Common/AppHeader.swift -primary-file /Users/jacksonsweet/Desktop/OPS\ APP/OPS/OPS/Views/Components/Common/ExpandableNotesView.swift -primary-file /Users/jacksonsweet/Desktop/OPS\ APP/OPS/OPS/Views/Components/Common/LocationPermissionView.swift -primary-file /Users/jacksonsweet/Desktop/OPS\ APP/OPS/OPS/Views/Components/Common/NavigationBanner.swift -primary-file /Users/jacksonsweet/Desktop/OPS\ APP/OPS/OPS/Views/Components/Common/NavigationControlsView.swift -primary-file /Users/jacksonsweet/Desktop/OPS\ APP/OPS/OPS/Views/Components/Common/TabBarBackground.swift /Users/jacksonsweet/Desktop/OPS\ APP/OPS/OPS/Views/Components/Images/ImagePicker.swift /Users/jacksonsweet/Desktop/OPS\ APP/OPS/OPS/Views/Components/Images/ImagePickerView.swift /Users/jacksonsweet/Desktop/OPS\ APP/OPS/OPS/Views/Components/Images/ProjectImagesSection.swift /Users/jacksonsweet/Desktop/OPS\ APP/OPS/OPS/Views/Components/Images/ProjectImagesSimple.swift /Users/jacksonsweet/Desktop/OPS\ APP/OPS/OPS/Views/Components/Images/ProjectImageView.swift /Users/jacksonsweet/Desktop/OPS\ APP/OPS/OPS/Views/Components/Images/ProjectPhotosGrid.swift /Users/jacksonsweet/Desktop/OPS\ APP/OPS/OPS/Views/Components/Map/MiniMapView.swift /Users/jacksonsweet/Desktop/OPS\ APP/OPS/OPS/Views/Components/Map/ProjectMapAnnotation.swift /Users/jacksonsweet/Desktop/OPS\ APP/OPS/OPS/Views/Components/Map/ProjectMapView.swift /Users/jacksonsweet/Desktop/OPS\ APP/OPS/OPS/Views/Components/Map/ProjectMarkerPopup.swift /Users/jacksonsweet/Desktop/OPS\ APP/OPS/OPS/Views/Components/Map/RouteDirectionsView.swift /Users/jacksonsweet/Desktop/OPS\ APP/OPS/OPS/Views/Components/Project/ProjectActionBar.swift /Users/jacksonsweet/Desktop/OPS\ APP/OPS/OPS/Views/Components/Project/ProjectCard.swift /Users/jacksonsweet/Desktop/OPS\ APP/OPS/OPS/Views/Components/Project/ProjectCarousel.swift /Users/jacksonsweet/Desktop/OPS\ APP/OPS/OPS/Views/Components/Project/ProjectDetailsView.swift /Users/jacksonsweet/Desktop/OPS\ APP/OPS/OPS/Views/Components/Project/ProjectHeader.swift /Users/jacksonsweet/Desktop/OPS\ APP/OPS/OPS/Views/Components/Project/ProjectSheetContainer.swift /Users/jacksonsweet/Desktop/OPS\ APP/OPS/OPS/Views/Components/User/TeamMemberListView.swift /Users/jacksonsweet/Desktop/OPS\ APP/OPS/OPS/Views/Components/User/UserProfileCard.swift /Users/jacksonsweet/Desktop/OPS\ APP/OPS/OPS/Views/Home/HomeContentView.swift /Users/jacksonsweet/Desktop/OPS\ APP/OPS/OPS/Views/Home/HomeView.swift /Users/jacksonsweet/Desktop/OPS\ APP/OPS/OPS/Views/Settings/OrganizationSettingsView.swift /Users/jacksonsweet/Desktop/OPS\ APP/OPS/OPS/Views/Settings/ProfileSettingsView.swift /Users/jacksonsweet/Desktop/OPS\ APP/OPS/OPS/Views/Settings/ProjectHistorySettingsView.swift /Users/jacksonsweet/Desktop/OPS\ APP/OPS/OPS/Views/LoginView.swift /Users/jacksonsweet/Desktop/OPS\ APP/OPS/OPS/Views/LoginViewPreview.swift /Users/jacksonsweet/Desktop/OPS\ APP/OPS/OPS/Views/MainTabView.swift /Users/jacksonsweet/Desktop/OPS\ APP/OPS/OPS/Views/NetworkStatusIndicator.swift /Users/jacksonsweet/Desktop/OPS\ APP/OPS/OPS/Views/ScheduleView.swift /Users/jacksonsweet/Desktop/OPS\ APP/OPS/OPS/Views/SettingsView.swift /Users/jacksonsweet/Desktop/OPS\ APP/OPS/OPS/Views/SplashScreen.swift /Users/jacksonsweet/Desktop/OPS\ APP/OPS/OPS/AppState.swift /Users/jacksonsweet/Desktop/OPS\ APP/OPS/OPS/ContentView.swift /Users/jacksonsweet/Desktop/OPS\ APP/OPS/OPS/Item.swift /Users/jacksonsweet/Desktop/OPS\ APP/OPS/OPS/OPSApp.swift /Users/jacksonsweet/Library/Developer/Xcode/DerivedData/OPS-czavgtmnvamasvcjgszzuulfcsxj/Build/Intermediates.noindex/OPS.build/Debug-iphonesimulator/OPS.build/DerivedSources/GeneratedAssetSymbols.swift -supplementary-output-file-map /Users/jacksonsweet/Library/Developer/Xcode/DerivedData/OPS-czavgtmnvamasvcjgszzuulfcsxj/Build/Intermediates.noindex/OPS.build/Debug-iphonesimulator/OPS.build/Objects-normal/arm64/supplementaryOutputs-7 -emit-localized-strings -emit-localized-strings-path /Users/jacksonsweet/Library/Developer/Xcode/DerivedData/OPS-czavgtmnvamasvcjgszzuulfcsxj/Build/Intermediates.noindex/OPS.build/Debug-iphonesimulator/OPS.build/Objects-normal/arm64 -target arm64-apple-ios18.2-simulator -Xllvm -aarch64-use-tbi -enable-objc-interop -sdk /Applications/Xcode.app/Contents/Developer/Platforms/iPhoneSimulator.platform/Developer/SDKs/iPhoneSimulator18.2.sdk -I /Users/jacksonsweet/Library/Developer/Xcode/DerivedData/OPS-czavgtmnvamasvcjgszzuulfcsxj/Build/Products/Debug-iphonesimulator -F /Users/jacksonsweet/Library/Developer/Xcode/DerivedData/OPS-czavgtmnvamasvcjgszzuulfcsxj/Build/Products/Debug-iphonesimulator -no-color-diagnostics -enable-testing -g -debug-info-format\=dwarf -dwarf-version\=5 -module-cache-path /Users/jacksonsweet/Library/Developer/Xcode/DerivedData/ModuleCache.noindex -profile-generate -profile-coverage-mapping -swift-version 5 -enforce-exclusivity\=checked -Onone -D DEBUG -serialize-debugging-options -const-gather-protocols-file /Users/jacksonsweet/Library/Developer/Xcode/DerivedData/OPS-czavgtmnvamasvcjgszzuulfcsxj/Build/Intermediates.noindex/OPS.build/Debug-iphonesimulator/OPS.build/Objects-normal/arm64/OPS_const_extract_protocols.json -enable-experimental-feature DebugDescriptionMacro -enable-experimental-feature OpaqueTypeErasure -enable-bare-slash-regex -empty-abi-descriptor -validate-clang-modules-once -clang-build-session-file /Users/jacksonsweet/Library/Developer/Xcode/DerivedData/ModuleCache.noindex/Session.modulevalidation -Xcc -working-directory -Xcc /Users/jacksonsweet/Desktop/OPS\ APP/OPS -resource-dir /Applications/Xcode.app/Contents/Developer/Toolchains/XcodeDefault.xctoolchain/usr/lib/swift -enable-anonymous-context-mangled-names -file-compilation-dir /Users/jacksonsweet/Desktop/OPS\ APP/OPS -Xcc -D_LIBCPP_HARDENING_MODE\=_LIBCPP_HARDENING_MODE_DEBUG -Xcc -ivfsstatcache -Xcc /Users/jacksonsweet/Library/Developer/Xcode/DerivedData/SDKStatCaches.noindex/iphonesimulator18.2-22C146-07b28473f605e47e75261259d3ef3b5a.sdkstatcache -Xcc -I/Users/jacksonsweet/Library/Developer/Xcode/DerivedData/OPS-czavgtmnvamasvcjgszzuulfcsxj/Build/Intermediates.noindex/OPS.build/Debug-iphonesimulator/OPS.build/swift-overrides.hmap -Xcc -iquote -Xcc /Users/jacksonsweet/Library/Developer/Xcode/DerivedData/OPS-czavgtmnvamasvcjgszzuulfcsxj/Build/Intermediates.noindex/OPS.build/Debug-iphonesimulator/OPS.build/OPS-generated-files.hmap -Xcc -I/Users/jacksonsweet/Library/Developer/Xcode/DerivedData/OPS-czavgtmnvamasvcjgszzuulfcsxj/Build/Intermediates.noindex/OPS.build/Debug-iphonesimulator/OPS.build/OPS-own-target-headers.hmap -Xcc -I/Users/jacksonsweet/Library/Developer/Xcode/DerivedData/OPS-czavgtmnvamasvcjgszzuulfcsxj/Build/Intermediates.noindex/OPS.build/Debug-iphonesimulator/OPS.build/OPS-all-target-headers.hmap -Xcc -iquote -Xcc /Users/jacksonsweet/Library/Developer/Xcode/DerivedData/OPS-czavgtmnvamasvcjgszzuulfcsxj/Build/Intermediates.noindex/OPS.build/Debug-iphonesimulator/OPS.build/OPS-project-headers.hmap -Xcc -I/Users/jacksonsweet/Library/Developer/Xcode/DerivedData/OPS-czavgtmnvamasvcjgszzuulfcsxj/Build/Products/Debug-iphonesimulator/include -Xcc -I/Users/jacksonsweet/Library/Developer/Xcode/DerivedData/OPS-czavgtmnvamasvcjgszzuulfcsxj/Build/Intermediates.noindex/OPS.build/Debug-iphonesimulator/OPS.build/DerivedSources-normal/arm64 -Xcc -I/Users/jacksonsweet/Library/Developer/Xcode/DerivedData/OPS-czavgtmnvamasvcjgszzuulfcsxj/Build/Intermediates.noindex/OPS.build/Debug-iphonesimulator/OPS.build/DerivedSources/arm64 -Xcc -I/Users/jacksonsweet/Library/Developer/Xcode/DerivedData/OPS-czavgtmnvamasvcjgszzuulfcsxj/Build/Intermediates.noindex/OPS.build/Debug-iphonesimulator/OPS.build/DerivedSources -Xcc -DDEBUG\=1 -module-name OPS -frontend-parseable-output -disable-clang-spi -target-sdk-version 18.2 -target-sdk-name iphonesimulator18.2 -external-plugin-path /Applications/Xcode.app/Contents/Developer/Platforms/iPhoneOS.platform/Developer/usr/lib/swift/host/plugins\#/Applications/Xcode.app/Contents/Developer/Platforms/iPhoneOS.platform/Developer/usr/bin/swift-plugin-server -external-plugin-path /Applications/Xcode.app/Contents/Developer/Platforms/iPhoneOS.platform/Developer/usr/local/lib/swift/host/plugins\#/Applications/Xcode.app/Contents/Developer/Platforms/iPhoneOS.platform/Developer/usr/bin/swift-plugin-server -plugin-path /Applications/Xcode.app/Contents/Developer/Toolchains/XcodeDefault.xctoolchain/usr/lib/swift/host/plugins -plugin-path /Applications/Xcode.app/Contents/Developer/Toolchains/XcodeDefault.xctoolchain/usr/local/lib/swift/host/plugins -o /Users/jacksonsweet/Library/Developer/Xcode/DerivedData/OPS-czavgtmnvamasvcjgszzuulfcsxj/Build/Intermediates.noindex/OPS.build/Debug-iphonesimulator/OPS.build/Objects-normal/arm64/CalendarToggleView.o -o /Users/jacksonsweet/Library/Developer/Xcode/DerivedData/OPS-czavgtmnvamasvcjgszzuulfcsxj/Build/Intermediates.noindex/OPS.build/Debug-iphonesimulator/OPS.build/Objects-normal/arm64/DatePickerPopover.o -o /Users/jacksonsweet/Library/Developer/Xcode/DerivedData/OPS-czavgtmnvamasvcjgszzuulfcsxj/Build/Intermediates.noindex/OPS.build/Debug-iphonesimulator/OPS.build/Objects-normal/arm64/DayCell.o -o /Users/jacksonsweet/Library/Developer/Xcode/DerivedData/OPS-czavgtmnvamasvcjgszzuulfcsxj/Build/Intermediates.noindex/OPS.build/Debug-iphonesimulator/OPS.build/Objects-normal/arm64/DayProjectSheet.o -o /Users/jacksonsweet/Library/Developer/Xcode/DerivedData/OPS-czavgtmnvamasvcjgszzuulfcsxj/Build/Intermediates.noindex/OPS.build/Debug-iphonesimulator/OPS.build/Objects-normal/arm64/ProjectListView.o -o /Users/jacksonsweet/Library/Developer/Xcode/DerivedData/OPS-czavgtmnvamasvcjgszzuulfcsxj/Build/Intermediates.noindex/OPS.build/Debug-iphonesimulator/OPS.build/Objects-normal/arm64/MonthGridView.o -o /Users/jacksonsweet/Library/Developer/Xcode/DerivedData/OPS-czavgtmnvamasvcjgszzuulfcsxj/Build/Intermediates.noindex/OPS.build/Debug-iphonesimulator/OPS.build/Objects-normal/arm64/AppHeader.o -o /Users/jacksonsweet/Library/Developer/Xcode/DerivedData/OPS-czavgtmnvamasvcjgszzuulfcsxj/Build/Intermediates.noindex/OPS.build/Debug-iphonesimulator/OPS.build/Objects-normal/arm64/ExpandableNotesView.o -o /Users/jacksonsweet/Library/Developer/Xcode/DerivedData/OPS-czavgtmnvamasvcjgszzuulfcsxj/Build/Intermediates.noindex/OPS.build/Debug-iphonesimulator/OPS.build/Objects-normal/arm64/LocationPermissionView.o -o /Users/jacksonsweet/Library/Developer/Xcode/DerivedData/OPS-czavgtmnvamasvcjgszzuulfcsxj/Build/Intermediates.noindex/OPS.build/Debug-iphonesimulator/OPS.build/Objects-normal/arm64/NavigationBanner.o -o /Users/jacksonsweet/Library/Developer/Xcode/DerivedData/OPS-czavgtmnvamasvcjgszzuulfcsxj/Build/Intermediates.noindex/OPS.build/Debug-iphonesimulator/OPS.build/Objects-normal/arm64/NavigationControlsView.o -o /Users/jacksonsweet/Library/Developer/Xcode/DerivedData/OPS-czavgtmnvamasvcjgszzuulfcsxj/Build/Intermediates.noindex/OPS.build/Debug-iphonesimulator/OPS.build/Objects-normal/arm64/TabBarBackground.o -index-unit-output-path /OPS.build/Debug-iphonesimulator/OPS.build/Objects-normal/arm64/CalendarToggleView.o -index-unit-output-path /OPS.build/Debug-iphonesimulator/OPS.build/Objects-normal/arm64/DatePickerPopover.o -index-unit-output-path /OPS.build/Debug-iphonesimulator/OPS.build/Objects-normal/arm64/DayCell.o -index-unit-output-path /OPS.build/Debug-iphonesimulator/OPS.build/Objects-normal/arm64/DayProjectSheet.o -index-unit-output-path /OPS.build/Debug-iphonesimulator/OPS.build/Objects-normal/arm64/ProjectListView.o -index-unit-output-path /OPS.build/Debug-iphonesimulator/OPS.build/Objects-normal/arm64/MonthGridView.o -index-unit-output-path /OPS.build/Debug-iphonesimulator/OPS.build/Objects-normal/arm64/AppHeader.o -index-unit-output-path /OPS.build/Debug-iphonesimulator/OPS.build/Objects-normal/arm64/ExpandableNotesView.o -index-unit-output-path /OPS.build/Debug-iphonesimulator/OPS.build/Objects-normal/arm64/LocationPermissionView.o -index-unit-output-path /OPS.build/Debug-iphonesimulator/OPS.build/Objects-normal/arm64/NavigationBanner.o -index-unit-output-path /OPS.build/Debug-iphonesimulator/OPS.build/Objects-normal/arm64/NavigationControlsView.o -index-unit-output-path /OPS.build/Debug-iphonesimulator/OPS.build/Objects-normal/arm64/TabBarBackground.o -index-store-path /Users/jacksonsweet/Library/Developer/Xcode/DerivedData/OPS-czavgtmnvamasvcjgszzuulfcsxj/Index.noindex/DataStore -index-system-modules

SwiftCompile normal arm64 Compiling\ BubbleImage.swift,\ BubbleTypes.swift,\ Company.swift,\ Project.swift,\ Status.swift,\ User.swift,\ UserRole.swift,\ UIImage+Extensions.swift,\ APIError.swift,\ APIService.swift,\ BubbleFields.swift,\ AuthError.swift,\ AuthManager.swift /Users/jacksonsweet/Desktop/OPS\ APP/OPS/OPS/DataModels/BubbleImage.swift /Users/jacksonsweet/Desktop/OPS\ APP/OPS/OPS/DataModels/BubbleTypes.swift /Users/jacksonsweet/Desktop/OPS\ APP/OPS/OPS/DataModels/Company.swift /Users/jacksonsweet/Desktop/OPS\ APP/OPS/OPS/DataModels/Project.swift /Users/jacksonsweet/Desktop/OPS\ APP/OPS/OPS/DataModels/Status.swift /Users/jacksonsweet/Desktop/OPS\ APP/OPS/OPS/DataModels/User.swift /Users/jacksonsweet/Desktop/OPS\ APP/OPS/OPS/DataModels/UserRole.swift /Users/jacksonsweet/Desktop/OPS\ APP/OPS/OPS/Extensions/UIImage+Extensions.swift /Users/jacksonsweet/Desktop/OPS\ APP/OPS/OPS/Network/API/APIError.swift /Users/jacksonsweet/Desktop/OPS\ APP/OPS/OPS/Network/API/APIService.swift /Users/jacksonsweet/Desktop/OPS\ APP/OPS/OPS/Network/API/BubbleFields.swift /Users/jacksonsweet/Desktop/OPS\ APP/OPS/OPS/Network/Auth/AuthError.swift /Users/jacksonsweet/Desktop/OPS\ APP/OPS/OPS/Network/Auth/AuthManager.swift (in target 'OPS' from project 'OPS')
    cd /Users/jacksonsweet/Desktop/OPS\ APP/OPS
    builtin-swiftTaskExecution -- /Applications/Xcode.app/Contents/Developer/Toolchains/XcodeDefault.xctoolchain/usr/bin/swift-frontend -frontend -c -primary-file /Users/jacksonsweet/Desktop/OPS\ APP/OPS/OPS/DataModels/BubbleImage.swift -primary-file /Users/jacksonsweet/Desktop/OPS\ APP/OPS/OPS/DataModels/BubbleTypes.swift -primary-file /Users/jacksonsweet/Desktop/OPS\ APP/OPS/OPS/DataModels/Company.swift -primary-file /Users/jacksonsweet/Desktop/OPS\ APP/OPS/OPS/DataModels/Project.swift -primary-file /Users/jacksonsweet/Desktop/OPS\ APP/OPS/OPS/DataModels/Status.swift -primary-file /Users/jacksonsweet/Desktop/OPS\ APP/OPS/OPS/DataModels/User.swift -primary-file /Users/jacksonsweet/Desktop/OPS\ APP/OPS/OPS/DataModels/UserRole.swift -primary-file /Users/jacksonsweet/Desktop/OPS\ APP/OPS/OPS/Extensions/UIImage+Extensions.swift -primary-file /Users/jacksonsweet/Desktop/OPS\ APP/OPS/OPS/Network/API/APIError.swift -primary-file /Users/jacksonsweet/Desktop/OPS\ APP/OPS/OPS/Network/API/APIService.swift -primary-file /Users/jacksonsweet/Desktop/OPS\ APP/OPS/OPS/Network/API/BubbleFields.swift -primary-file /Users/jacksonsweet/Desktop/OPS\ APP/OPS/OPS/Network/Auth/AuthError.swift -primary-file /Users/jacksonsweet/Desktop/OPS\ APP/OPS/OPS/Network/Auth/AuthManager.swift /Users/jacksonsweet/Desktop/OPS\ APP/OPS/OPS/Network/Auth/KeychainManager.swift /Users/jacksonsweet/Desktop/OPS\ APP/OPS/OPS/Network/DTOs/CompanyDTO.swift /Users/jacksonsweet/Desktop/OPS\ APP/OPS/OPS/Network/DTOs/ProjectDTO.swift /Users/jacksonsweet/Desktop/OPS\ APP/OPS/OPS/Network/DTOs/UserDTO.swift /Users/jacksonsweet/Desktop/OPS\ APP/OPS/OPS/Network/Endpoints/CompanyEndpoints.swift /Users/jacksonsweet/Desktop/OPS\ APP/OPS/OPS/Network/Endpoints/ProjectEndpoints.swift /Users/jacksonsweet/Desktop/OPS\ APP/OPS/OPS/Network/Endpoints/UserEndpoints.swift /Users/jacksonsweet/Desktop/OPS\ APP/OPS/OPS/Network/Sync/BackgroundTaskManager.swift /Users/jacksonsweet/Desktop/OPS\ APP/OPS/OPS/Network/Sync/SyncManager.swift /Users/jacksonsweet/Desktop/OPS\ APP/OPS/OPS/Network/ConnectivityMonitor.swift /Users/jacksonsweet/Desktop/OPS\ APP/OPS/OPS/Network/ImageSyncManager.swift /Users/jacksonsweet/Desktop/OPS\ APP/OPS/OPS/Onboarding/Coordinators/OnboardingCoordinator.swift /Users/jacksonsweet/Desktop/OPS\ APP/OPS/OPS/Onboarding/Models/OnboardingModels.swift /Users/jacksonsweet/Desktop/OPS\ APP/OPS/OPS/Onboarding/Services/OnboardingService.swift /Users/jacksonsweet/Desktop/OPS\ APP/OPS/OPS/Onboarding/ViewModels/OnboardingViewModel.swift /Users/jacksonsweet/Desktop/OPS\ APP/OPS/OPS/Onboarding/Views/Components/OnboardingComponents.swift /Users/jacksonsweet/Desktop/OPS\ APP/OPS/OPS/Onboarding/Views/Screens/AccountCreatedView.swift /Users/jacksonsweet/Desktop/OPS\ APP/OPS/OPS/Onboarding/Views/Screens/CompanyCodeView.swift /Users/jacksonsweet/Desktop/OPS\ APP/OPS/OPS/Onboarding/Views/Screens/CompanyCodeViewPreview.swift /Users/jacksonsweet/Desktop/OPS\ APP/OPS/OPS/Onboarding/Views/Screens/CompletionView.swift /Users/jacksonsweet/Desktop/OPS\ APP/OPS/OPS/Onboarding/Views/Screens/CompletionViewPreview.swift /Users/jacksonsweet/Desktop/OPS\ APP/OPS/OPS/Onboarding/Views/Screens/EmailView.swift /Users/jacksonsweet/Desktop/OPS\ APP/OPS/OPS/Onboarding/Views/Screens/FieldSetupView.swift /Users/jacksonsweet/Desktop/OPS\ APP/OPS/OPS/Onboarding/Views/Screens/NotificationsView.swift /Users/jacksonsweet/Desktop/OPS\ APP/OPS/OPS/Onboarding/Views/Screens/NotificationsViewPreview.swift /Users/jacksonsweet/Desktop/OPS\ APP/OPS/OPS/Onboarding/Views/Screens/OrganizationJoinView.swift /Users/jacksonsweet/Desktop/OPS\ APP/OPS/OPS/Onboarding/Views/Screens/PasswordView.swift /Users/jacksonsweet/Desktop/OPS\ APP/OPS/OPS/Onboarding/Views/Screens/PasswordViewPreview.swift /Users/jacksonsweet/Desktop/OPS\ APP/OPS/OPS/Onboarding/Views/Screens/PermissionsView.swift /Users/jacksonsweet/Desktop/OPS\ APP/OPS/OPS/Onboarding/Views/Screens/PermissionsViewPreview.swift /Users/jacksonsweet/Desktop/OPS\ APP/OPS/OPS/Onboarding/Views/Screens/PhoneNumberView.swift /Users/jacksonsweet/Desktop/OPS\ APP/OPS/OPS/Onboarding/Views/Screens/PhoneNumberViewPreview.swift /Users/jacksonsweet/Desktop/OPS\ APP/OPS/OPS/Onboarding/Views/Screens/UserInfoView.swift /Users/jacksonsweet/Desktop/OPS\ APP/OPS/OPS/Onboarding/Views/Screens/UserInfoViewPreview.swift /Users/jacksonsweet/Desktop/OPS\ APP/OPS/OPS/Onboarding/Views/Screens/VerifyPhoneView.swift /Users/jacksonsweet/Desktop/OPS\ APP/OPS/OPS/Onboarding/Views/Screens/WelcomeCompanyView.swift /Users/jacksonsweet/Desktop/OPS\ APP/OPS/OPS/Onboarding/Views/Screens/WelcomeCompanyViewPreview.swift /Users/jacksonsweet/Desktop/OPS\ APP/OPS/OPS/Onboarding/Views/Screens/WelcomeView.swift /Users/jacksonsweet/Desktop/OPS\ APP/OPS/OPS/Onboarding/Views/Screens/WelcomeViewPreview.swift /Users/jacksonsweet/Desktop/OPS\ APP/OPS/OPS/Onboarding/Views/OnboardingContainerView.swift /Users/jacksonsweet/Desktop/OPS\ APP/OPS/OPS/Onboarding/Views/OnboardingFlowPreview.swift /Users/jacksonsweet/Desktop/OPS\ APP/OPS/OPS/Onboarding/Views/OnboardingPresenter.swift /Users/jacksonsweet/Desktop/OPS\ APP/OPS/OPS/Onboarding/Views/OnboardingPreviewHelpers.swift /Users/jacksonsweet/Desktop/OPS\ APP/OPS/OPS/Styles/OPSStyle.swift /Users/jacksonsweet/Desktop/OPS\ APP/OPS/OPS/Utilities/AppConfiguration.swift /Users/jacksonsweet/Desktop/OPS\ APP/OPS/OPS/Utilities/ArrayTransformer.swift /Users/jacksonsweet/Desktop/OPS\ APP/OPS/OPS/Utilities/DataController.swift /Users/jacksonsweet/Desktop/OPS\ APP/OPS/OPS/Utilities/Dateformatter\ +Bubble.swift /Users/jacksonsweet/Desktop/OPS\ APP/OPS/OPS/Utilities/DateHelper.swift /Users/jacksonsweet/Desktop/OPS\ APP/OPS/OPS/Utilities/FieldErrorHandler.swift /Users/jacksonsweet/Desktop/OPS\ APP/OPS/OPS/Utilities/ImageCache.swift /Users/jacksonsweet/Desktop/OPS\ APP/OPS/OPS/Utilities/ImageFileManager.swift /Users/jacksonsweet/Desktop/OPS\ APP/OPS/OPS/Utilities/InProgressManager.swift /Users/jacksonsweet/Desktop/OPS\ APP/OPS/OPS/Utilities/KeyboardDismissalModifier.swift /Users/jacksonsweet/Desktop/OPS\ APP/OPS/OPS/Utilities/LocationManager.swift /Users/jacksonsweet/Desktop/OPS\ APP/OPS/OPS/Utilities/OnboardingEnvironmentKey.swift /Users/jacksonsweet/Desktop/OPS\ APP/OPS/OPS/Utilities/SwiftDataHelper.swift /Users/jacksonsweet/Desktop/OPS\ APP/OPS/OPS/Utilities/UIComponents.swift /Users/jacksonsweet/Desktop/OPS\ APP/OPS/OPS/V2/CertificationsSettingsView.swift /Users/jacksonsweet/Desktop/OPS\ APP/OPS/OPS/ViewModels/CalendarViewModel.swift /Users/jacksonsweet/Desktop/OPS\ APP/OPS/OPS/ViewModels/ProjectsViewModel.swift /Users/jacksonsweet/Desktop/OPS\ APP/OPS/OPS/Views/Calendar\ Tab/Components/CalendarDaySelector.swift /Users/jacksonsweet/Desktop/OPS\ APP/OPS/OPS/Views/Calendar\ Tab/Components/CalendarHeaderView.swift /Users/jacksonsweet/Desktop/OPS\ APP/OPS/OPS/Views/Calendar\ Tab/Components/CalendarProjectCard.swift /Users/jacksonsweet/Desktop/OPS\ APP/OPS/OPS/Views/Calendar\ Tab/Components/CalendarToggleView.swift /Users/jacksonsweet/Desktop/OPS\ APP/OPS/OPS/Views/Calendar\ Tab/Components/DatePickerPopover.swift /Users/jacksonsweet/Desktop/OPS\ APP/OPS/OPS/Views/Calendar\ Tab/Components/DayCell.swift /Users/jacksonsweet/Desktop/OPS\ APP/OPS/OPS/Views/Calendar\ Tab/ProjectViews/DayProjectSheet.swift /Users/jacksonsweet/Desktop/OPS\ APP/OPS/OPS/Views/Calendar\ Tab/ProjectViews/ProjectListView.swift /Users/jacksonsweet/Desktop/OPS\ APP/OPS/OPS/Views/Calendar\ Tab/MonthGridView.swift /Users/jacksonsweet/Desktop/OPS\ APP/OPS/OPS/Views/Components/Common/AppHeader.swift /Users/jacksonsweet/Desktop/OPS\ APP/OPS/OPS/Views/Components/Common/ExpandableNotesView.swift /Users/jacksonsweet/Desktop/OPS\ APP/OPS/OPS/Views/Components/Common/LocationPermissionView.swift /Users/jacksonsweet/Desktop/OPS\ APP/OPS/OPS/Views/Components/Common/NavigationBanner.swift /Users/jacksonsweet/Desktop/OPS\ APP/OPS/OPS/Views/Components/Common/NavigationControlsView.swift /Users/jacksonsweet/Desktop/OPS\ APP/OPS/OPS/Views/Components/Common/TabBarBackground.swift /Users/jacksonsweet/Desktop/OPS\ APP/OPS/OPS/Views/Components/Images/ImagePicker.swift /Users/jacksonsweet/Desktop/OPS\ APP/OPS/OPS/Views/Components/Images/ImagePickerView.swift /Users/jacksonsweet/Desktop/OPS\ APP/OPS/OPS/Views/Components/Images/ProjectImagesSection.swift /Users/jacksonsweet/Desktop/OPS\ APP/OPS/OPS/Views/Components/Images/ProjectImagesSimple.swift /Users/jacksonsweet/Desktop/OPS\ APP/OPS/OPS/Views/Components/Images/ProjectImageView.swift /Users/jacksonsweet/Desktop/OPS\ APP/OPS/OPS/Views/Components/Images/ProjectPhotosGrid.swift /Users/jacksonsweet/Desktop/OPS\ APP/OPS/OPS/Views/Components/Map/MiniMapView.swift /Users/jacksonsweet/Desktop/OPS\ APP/OPS/OPS/Views/Components/Map/ProjectMapAnnotation.swift /Users/jacksonsweet/Desktop/OPS\ APP/OPS/OPS/Views/Components/Map/ProjectMapView.swift /Users/jacksonsweet/Desktop/OPS\ APP/OPS/OPS/Views/Components/Map/ProjectMarkerPopup.swift /Users/jacksonsweet/Desktop/OPS\ APP/OPS/OPS/Views/Components/Map/RouteDirectionsView.swift /Users/jacksonsweet/Desktop/OPS\ APP/OPS/OPS/Views/Components/Project/ProjectActionBar.swift /Users/jacksonsweet/Desktop/OPS\ APP/OPS/OPS/Views/Components/Project/ProjectCard.swift /Users/jacksonsweet/Desktop/OPS\ APP/OPS/OPS/Views/Components/Project/ProjectCarousel.swift /Users/jacksonsweet/Desktop/OPS\ APP/OPS/OPS/Views/Components/Project/ProjectDetailsView.swift /Users/jacksonsweet/Desktop/OPS\ APP/OPS/OPS/Views/Components/Project/ProjectHeader.swift /Users/jacksonsweet/Desktop/OPS\ APP/OPS/OPS/Views/Components/Project/ProjectSheetContainer.swift /Users/jacksonsweet/Desktop/OPS\ APP/OPS/OPS/Views/Components/User/TeamMemberListView.swift /Users/jacksonsweet/Desktop/OPS\ APP/OPS/OPS/Views/Components/User/UserProfileCard.swift /Users/jacksonsweet/Desktop/OPS\ APP/OPS/OPS/Views/Home/HomeContentView.swift /Users/jacksonsweet/Desktop/OPS\ APP/OPS/OPS/Views/Home/HomeView.swift /Users/jacksonsweet/Desktop/OPS\ APP/OPS/OPS/Views/Settings/OrganizationSettingsView.swift /Users/jacksonsweet/Desktop/OPS\ APP/OPS/OPS/Views/Settings/ProfileSettingsView.swift /Users/jacksonsweet/Desktop/OPS\ APP/OPS/OPS/Views/Settings/ProjectHistorySettingsView.swift /Users/jacksonsweet/Desktop/OPS\ APP/OPS/OPS/Views/LoginView.swift /Users/jacksonsweet/Desktop/OPS\ APP/OPS/OPS/Views/LoginViewPreview.swift /Users/jacksonsweet/Desktop/OPS\ APP/OPS/OPS/Views/MainTabView.swift /Users/jacksonsweet/Desktop/OPS\ APP/OPS/OPS/Views/NetworkStatusIndicator.swift /Users/jacksonsweet/Desktop/OPS\ APP/OPS/OPS/Views/ScheduleView.swift /Users/jacksonsweet/Desktop/OPS\ APP/OPS/OPS/Views/SettingsView.swift /Users/jacksonsweet/Desktop/OPS\ APP/OPS/OPS/Views/SplashScreen.swift /Users/jacksonsweet/Desktop/OPS\ APP/OPS/OPS/AppState.swift /Users/jacksonsweet/Desktop/OPS\ APP/OPS/OPS/ContentView.swift /Users/jacksonsweet/Desktop/OPS\ APP/OPS/OPS/Item.swift /Users/jacksonsweet/Desktop/OPS\ APP/OPS/OPS/OPSApp.swift /Users/jacksonsweet/Library/Developer/Xcode/DerivedData/OPS-czavgtmnvamasvcjgszzuulfcsxj/Build/Intermediates.noindex/OPS.build/Debug-iphonesimulator/OPS.build/DerivedSources/GeneratedAssetSymbols.swift -supplementary-output-file-map /Users/jacksonsweet/Library/Developer/Xcode/DerivedData/OPS-czavgtmnvamasvcjgszzuulfcsxj/Build/Intermediates.noindex/OPS.build/Debug-iphonesimulator/OPS.build/Objects-normal/arm64/supplementaryOutputs-1 -emit-localized-strings -emit-localized-strings-path /Users/jacksonsweet/Library/Developer/Xcode/DerivedData/OPS-czavgtmnvamasvcjgszzuulfcsxj/Build/Intermediates.noindex/OPS.build/Debug-iphonesimulator/OPS.build/Objects-normal/arm64 -target arm64-apple-ios18.2-simulator -Xllvm -aarch64-use-tbi -enable-objc-interop -sdk /Applications/Xcode.app/Contents/Developer/Platforms/iPhoneSimulator.platform/Developer/SDKs/iPhoneSimulator18.2.sdk -I /Users/jacksonsweet/Library/Developer/Xcode/DerivedData/OPS-czavgtmnvamasvcjgszzuulfcsxj/Build/Products/Debug-iphonesimulator -F /Users/jacksonsweet/Library/Developer/Xcode/DerivedData/OPS-czavgtmnvamasvcjgszzuulfcsxj/Build/Products/Debug-iphonesimulator -no-color-diagnostics -enable-testing -g -debug-info-format\=dwarf -dwarf-version\=5 -module-cache-path /Users/jacksonsweet/Library/Developer/Xcode/DerivedData/ModuleCache.noindex -profile-generate -profile-coverage-mapping -swift-version 5 -enforce-exclusivity\=checked -Onone -D DEBUG -serialize-debugging-options -const-gather-protocols-file /Users/jacksonsweet/Library/Developer/Xcode/DerivedData/OPS-czavgtmnvamasvcjgszzuulfcsxj/Build/Intermediates.noindex/OPS.build/Debug-iphonesimulator/OPS.build/Objects-normal/arm64/OPS_const_extract_protocols.json -enable-experimental-feature DebugDescriptionMacro -enable-experimental-feature OpaqueTypeErasure -enable-bare-slash-regex -empty-abi-descriptor -validate-clang-modules-once -clang-build-session-file /Users/jacksonsweet/Library/Developer/Xcode/DerivedData/ModuleCache.noindex/Session.modulevalidation -Xcc -working-directory -Xcc /Users/jacksonsweet/Desktop/OPS\ APP/OPS -resource-dir /Applications/Xcode.app/Contents/Developer/Toolchains/XcodeDefault.xctoolchain/usr/lib/swift -enable-anonymous-context-mangled-names -file-compilation-dir /Users/jacksonsweet/Desktop/OPS\ APP/OPS -Xcc -D_LIBCPP_HARDENING_MODE\=_LIBCPP_HARDENING_MODE_DEBUG -Xcc -ivfsstatcache -Xcc /Users/jacksonsweet/Library/Developer/Xcode/DerivedData/SDKStatCaches.noindex/iphonesimulator18.2-22C146-07b28473f605e47e75261259d3ef3b5a.sdkstatcache -Xcc -I/Users/jacksonsweet/Library/Developer/Xcode/DerivedData/OPS-czavgtmnvamasvcjgszzuulfcsxj/Build/Intermediates.noindex/OPS.build/Debug-iphonesimulator/OPS.build/swift-overrides.hmap -Xcc -iquote -Xcc /Users/jacksonsweet/Library/Developer/Xcode/DerivedData/OPS-czavgtmnvamasvcjgszzuulfcsxj/Build/Intermediates.noindex/OPS.build/Debug-iphonesimulator/OPS.build/OPS-generated-files.hmap -Xcc -I/Users/jacksonsweet/Library/Developer/Xcode/DerivedData/OPS-czavgtmnvamasvcjgszzuulfcsxj/Build/Intermediates.noindex/OPS.build/Debug-iphonesimulator/OPS.build/OPS-own-target-headers.hmap -Xcc -I/Users/jacksonsweet/Library/Developer/Xcode/DerivedData/OPS-czavgtmnvamasvcjgszzuulfcsxj/Build/Intermediates.noindex/OPS.build/Debug-iphonesimulator/OPS.build/OPS-all-target-headers.hmap -Xcc -iquote -Xcc /Users/jacksonsweet/Library/Developer/Xcode/DerivedData/OPS-czavgtmnvamasvcjgszzuulfcsxj/Build/Intermediates.noindex/OPS.build/Debug-iphonesimulator/OPS.build/OPS-project-headers.hmap -Xcc -I/Users/jacksonsweet/Library/Developer/Xcode/DerivedData/OPS-czavgtmnvamasvcjgszzuulfcsxj/Build/Products/Debug-iphonesimulator/include -Xcc -I/Users/jacksonsweet/Library/Developer/Xcode/DerivedData/OPS-czavgtmnvamasvcjgszzuulfcsxj/Build/Intermediates.noindex/OPS.build/Debug-iphonesimulator/OPS.build/DerivedSources-normal/arm64 -Xcc -I/Users/jacksonsweet/Library/Developer/Xcode/DerivedData/OPS-czavgtmnvamasvcjgszzuulfcsxj/Build/Intermediates.noindex/OPS.build/Debug-iphonesimulator/OPS.build/DerivedSources/arm64 -Xcc -I/Users/jacksonsweet/Library/Developer/Xcode/DerivedData/OPS-czavgtmnvamasvcjgszzuulfcsxj/Build/Intermediates.noindex/OPS.build/Debug-iphonesimulator/OPS.build/DerivedSources -Xcc -DDEBUG\=1 -module-name OPS -frontend-parseable-output -disable-clang-spi -target-sdk-version 18.2 -target-sdk-name iphonesimulator18.2 -external-plugin-path /Applications/Xcode.app/Contents/Developer/Platforms/iPhoneOS.platform/Developer/usr/lib/swift/host/plugins\#/Applications/Xcode.app/Contents/Developer/Platforms/iPhoneOS.platform/Developer/usr/bin/swift-plugin-server -external-plugin-path /Applications/Xcode.app/Contents/Developer/Platforms/iPhoneOS.platform/Developer/usr/local/lib/swift/host/plugins\#/Applications/Xcode.app/Contents/Developer/Platforms/iPhoneOS.platform/Developer/usr/bin/swift-plugin-server -plugin-path /Applications/Xcode.app/Contents/Developer/Toolchains/XcodeDefault.xctoolchain/usr/lib/swift/host/plugins -plugin-path /Applications/Xcode.app/Contents/Developer/Toolchains/XcodeDefault.xctoolchain/usr/local/lib/swift/host/plugins -o /Users/jacksonsweet/Library/Developer/Xcode/DerivedData/OPS-czavgtmnvamasvcjgszzuulfcsxj/Build/Intermediates.noindex/OPS.build/Debug-iphonesimulator/OPS.build/Objects-normal/arm64/BubbleImage.o -o /Users/jacksonsweet/Library/Developer/Xcode/DerivedData/OPS-czavgtmnvamasvcjgszzuulfcsxj/Build/Intermediates.noindex/OPS.build/Debug-iphonesimulator/OPS.build/Objects-normal/arm64/BubbleTypes.o -o /Users/jacksonsweet/Library/Developer/Xcode/DerivedData/OPS-czavgtmnvamasvcjgszzuulfcsxj/Build/Intermediates.noindex/OPS.build/Debug-iphonesimulator/OPS.build/Objects-normal/arm64/Company.o -o /Users/jacksonsweet/Library/Developer/Xcode/DerivedData/OPS-czavgtmnvamasvcjgszzuulfcsxj/Build/Intermediates.noindex/OPS.build/Debug-iphonesimulator/OPS.build/Objects-normal/arm64/Project.o -o /Users/jacksonsweet/Library/Developer/Xcode/DerivedData/OPS-czavgtmnvamasvcjgszzuulfcsxj/Build/Intermediates.noindex/OPS.build/Debug-iphonesimulator/OPS.build/Objects-normal/arm64/Status.o -o /Users/jacksonsweet/Library/Developer/Xcode/DerivedData/OPS-czavgtmnvamasvcjgszzuulfcsxj/Build/Intermediates.noindex/OPS.build/Debug-iphonesimulator/OPS.build/Objects-normal/arm64/User.o -o /Users/jacksonsweet/Library/Developer/Xcode/DerivedData/OPS-czavgtmnvamasvcjgszzuulfcsxj/Build/Intermediates.noindex/OPS.build/Debug-iphonesimulator/OPS.build/Objects-normal/arm64/UserRole.o -o /Users/jacksonsweet/Library/Developer/Xcode/DerivedData/OPS-czavgtmnvamasvcjgszzuulfcsxj/Build/Intermediates.noindex/OPS.build/Debug-iphonesimulator/OPS.build/Objects-normal/arm64/UIImage+Extensions.o -o /Users/jacksonsweet/Library/Developer/Xcode/DerivedData/OPS-czavgtmnvamasvcjgszzuulfcsxj/Build/Intermediates.noindex/OPS.build/Debug-iphonesimulator/OPS.build/Objects-normal/arm64/APIError.o -o /Users/jacksonsweet/Library/Developer/Xcode/DerivedData/OPS-czavgtmnvamasvcjgszzuulfcsxj/Build/Intermediates.noindex/OPS.build/Debug-iphonesimulator/OPS.build/Objects-normal/arm64/APIService.o -o /Users/jacksonsweet/Library/Developer/Xcode/DerivedData/OPS-czavgtmnvamasvcjgszzuulfcsxj/Build/Intermediates.noindex/OPS.build/Debug-iphonesimulator/OPS.build/Objects-normal/arm64/BubbleFields.o -o /Users/jacksonsweet/Library/Developer/Xcode/DerivedData/OPS-czavgtmnvamasvcjgszzuulfcsxj/Build/Intermediates.noindex/OPS.build/Debug-iphonesimulator/OPS.build/Objects-normal/arm64/AuthError.o -o /Users/jacksonsweet/Library/Developer/Xcode/DerivedData/OPS-czavgtmnvamasvcjgszzuulfcsxj/Build/Intermediates.noindex/OPS.build/Debug-iphonesimulator/OPS.build/Objects-normal/arm64/AuthManager.o -index-unit-output-path /OPS.build/Debug-iphonesimulator/OPS.build/Objects-normal/arm64/BubbleImage.o -index-unit-output-path /OPS.build/Debug-iphonesimulator/OPS.build/Objects-normal/arm64/BubbleTypes.o -index-unit-output-path /OPS.build/Debug-iphonesimulator/OPS.build/Objects-normal/arm64/Company.o -index-unit-output-path /OPS.build/Debug-iphonesimulator/OPS.build/Objects-normal/arm64/Project.o -index-unit-output-path /OPS.build/Debug-iphonesimulator/OPS.build/Objects-normal/arm64/Status.o -index-unit-output-path /OPS.build/Debug-iphonesimulator/OPS.build/Objects-normal/arm64/User.o -index-unit-output-path /OPS.build/Debug-iphonesimulator/OPS.build/Objects-normal/arm64/UserRole.o -index-unit-output-path /OPS.build/Debug-iphonesimulator/OPS.build/Objects-normal/arm64/UIImage+Extensions.o -index-unit-output-path /OPS.build/Debug-iphonesimulator/OPS.build/Objects-normal/arm64/APIError.o -index-unit-output-path /OPS.build/Debug-iphonesimulator/OPS.build/Objects-normal/arm64/APIService.o -index-unit-output-path /OPS.build/Debug-iphonesimulator/OPS.build/Objects-normal/arm64/BubbleFields.o -index-unit-output-path /OPS.build/Debug-iphonesimulator/OPS.build/Objects-normal/arm64/AuthError.o -index-unit-output-path /OPS.build/Debug-iphonesimulator/OPS.build/Objects-normal/arm64/AuthManager.o -index-store-path /Users/jacksonsweet/Library/Developer/Xcode/DerivedData/OPS-czavgtmnvamasvcjgszzuulfcsxj/Index.noindex/DataStore -index-system-modules

SwiftCompile normal arm64 /Users/jacksonsweet/Desktop/OPS\ APP/OPS/OPS/DataModels/BubbleImage.swift (in target 'OPS' from project 'OPS')
    cd /Users/jacksonsweet/Desktop/OPS\ APP/OPS
    /Applications/Xcode.app/Contents/Developer/Toolchains/XcodeDefault.xctoolchain/usr/bin/swift-frontend -c -primary-file /Users/jacksonsweet/Desktop/OPS\ APP/OPS/OPS/DataModels/BubbleImage.swift -primary-file /Users/jacksonsweet/Desktop/OPS\ APP/OPS/OPS/DataModels/BubbleTypes.swift -primary-file /Users/jacksonsweet/Desktop/OPS\ APP/OPS/OPS/DataModels/Company.swift -primary-file /Users/jacksonsweet/Desktop/OPS\ APP/OPS/OPS/DataModels/Project.swift -primary-file /Users/jacksonsweet/Desktop/OPS\ APP/OPS/OPS/DataModels/Status.swift -primary-file /Users/jacksonsweet/Desktop/OPS\ APP/OPS/OPS/DataModels/User.swift -primary-file /Users/jacksonsweet/Desktop/OPS\ APP/OPS/OPS/DataModels/UserRole.swift -primary-file /Users/jacksonsweet/Desktop/OPS\ APP/OPS/OPS/Extensions/UIImage+Extensions.swift -primary-file /Users/jacksonsweet/Desktop/OPS\ APP/OPS/OPS/Network/API/APIError.swift -primary-file /Users/jacksonsweet/Desktop/OPS\ APP/OPS/OPS/Network/API/APIService.swift -primary-file /Users/jacksonsweet/Desktop/OPS\ APP/OPS/OPS/Network/API/BubbleFields.swift -primary-file /Users/jacksonsweet/Desktop/OPS\ APP/OPS/OPS/Network/Auth/AuthError.swift -primary-file /Users/jacksonsweet/Desktop/OPS\ APP/OPS/OPS/Network/Auth/AuthManager.swift /Users/jacksonsweet/Desktop/OPS\ APP/OPS/OPS/Network/Auth/KeychainManager.swift /Users/jacksonsweet/Desktop/OPS\ APP/OPS/OPS/Network/DTOs/CompanyDTO.swift /Users/jacksonsweet/Desktop/OPS\ APP/OPS/OPS/Network/DTOs/ProjectDTO.swift /Users/jacksonsweet/Desktop/OPS\ APP/OPS/OPS/Network/DTOs/UserDTO.swift /Users/jacksonsweet/Desktop/OPS\ APP/OPS/OPS/Network/Endpoints/CompanyEndpoints.swift /Users/jacksonsweet/Desktop/OPS\ APP/OPS/OPS/Network/Endpoints/ProjectEndpoints.swift /Users/jacksonsweet/Desktop/OPS\ APP/OPS/OPS/Network/Endpoints/UserEndpoints.swift /Users/jacksonsweet/Desktop/OPS\ APP/OPS/OPS/Network/Sync/BackgroundTaskManager.swift /Users/jacksonsweet/Desktop/OPS\ APP/OPS/OPS/Network/Sync/SyncManager.swift /Users/jacksonsweet/Desktop/OPS\ APP/OPS/OPS/Network/ConnectivityMonitor.swift /Users/jacksonsweet/Desktop/OPS\ APP/OPS/OPS/Network/ImageSyncManager.swift /Users/jacksonsweet/Desktop/OPS\ APP/OPS/OPS/Onboarding/Coordinators/OnboardingCoordinator.swift /Users/jacksonsweet/Desktop/OPS\ APP/OPS/OPS/Onboarding/Models/OnboardingModels.swift /Users/jacksonsweet/Desktop/OPS\ APP/OPS/OPS/Onboarding/Services/OnboardingService.swift /Users/jacksonsweet/Desktop/OPS\ APP/OPS/OPS/Onboarding/ViewModels/OnboardingViewModel.swift /Users/jacksonsweet/Desktop/OPS\ APP/OPS/OPS/Onboarding/Views/Components/OnboardingComponents.swift /Users/jacksonsweet/Desktop/OPS\ APP/OPS/OPS/Onboarding/Views/Screens/AccountCreatedView.swift /Users/jacksonsweet/Desktop/OPS\ APP/OPS/OPS/Onboarding/Views/Screens/CompanyCodeView.swift /Users/jacksonsweet/Desktop/OPS\ APP/OPS/OPS/Onboarding/Views/Screens/CompanyCodeViewPreview.swift /Users/jacksonsweet/Desktop/OPS\ APP/OPS/OPS/Onboarding/Views/Screens/CompletionView.swift /Users/jacksonsweet/Desktop/OPS\ APP/OPS/OPS/Onboarding/Views/Screens/CompletionViewPreview.swift /Users/jacksonsweet/Desktop/OPS\ APP/OPS/OPS/Onboarding/Views/Screens/EmailView.swift /Users/jacksonsweet/Desktop/OPS\ APP/OPS/OPS/Onboarding/Views/Screens/FieldSetupView.swift /Users/jacksonsweet/Desktop/OPS\ APP/OPS/OPS/Onboarding/Views/Screens/NotificationsView.swift /Users/jacksonsweet/Desktop/OPS\ APP/OPS/OPS/Onboarding/Views/Screens/NotificationsViewPreview.swift /Users/jacksonsweet/Desktop/OPS\ APP/OPS/OPS/Onboarding/Views/Screens/OrganizationJoinView.swift /Users/jacksonsweet/Desktop/OPS\ APP/OPS/OPS/Onboarding/Views/Screens/PasswordView.swift /Users/jacksonsweet/Desktop/OPS\ APP/OPS/OPS/Onboarding/Views/Screens/PasswordViewPreview.swift /Users/jacksonsweet/Desktop/OPS\ APP/OPS/OPS/Onboarding/Views/Screens/PermissionsView.swift /Users/jacksonsweet/Desktop/OPS\ APP/OPS/OPS/Onboarding/Views/Screens/PermissionsViewPreview.swift /Users/jacksonsweet/Desktop/OPS\ APP/OPS/OPS/Onboarding/Views/Screens/PhoneNumberView.swift /Users/jacksonsweet/Desktop/OPS\ APP/OPS/OPS/Onboarding/Views/Screens/PhoneNumberViewPreview.swift /Users/jacksonsweet/Desktop/OPS\ APP/OPS/OPS/Onboarding/Views/Screens/UserInfoView.swift /Users/jacksonsweet/Desktop/OPS\ APP/OPS/OPS/Onboarding/Views/Screens/UserInfoViewPreview.swift /Users/jacksonsweet/Desktop/OPS\ APP/OPS/OPS/Onboarding/Views/Screens/VerifyPhoneView.swift /Users/jacksonsweet/Desktop/OPS\ APP/OPS/OPS/Onboarding/Views/Screens/WelcomeCompanyView.swift /Users/jacksonsweet/Desktop/OPS\ APP/OPS/OPS/Onboarding/Views/Screens/WelcomeCompanyViewPreview.swift /Users/jacksonsweet/Desktop/OPS\ APP/OPS/OPS/Onboarding/Views/Screens/WelcomeView.swift /Users/jacksonsweet/Desktop/OPS\ APP/OPS/OPS/Onboarding/Views/Screens/WelcomeViewPreview.swift /Users/jacksonsweet/Desktop/OPS\ APP/OPS/OPS/Onboarding/Views/OnboardingContainerView.swift /Users/jacksonsweet/Desktop/OPS\ APP/OPS/OPS/Onboarding/Views/OnboardingFlowPreview.swift /Users/jacksonsweet/Desktop/OPS\ APP/OPS/OPS/Onboarding/Views/OnboardingPresenter.swift /Users/jacksonsweet/Desktop/OPS\ APP/OPS/OPS/Onboarding/Views/OnboardingPreviewHelpers.swift /Users/jacksonsweet/Desktop/OPS\ APP/OPS/OPS/Styles/OPSStyle.swift /Users/jacksonsweet/Desktop/OPS\ APP/OPS/OPS/Utilities/AppConfiguration.swift /Users/jacksonsweet/Desktop/OPS\ APP/OPS/OPS/Utilities/ArrayTransformer.swift /Users/jacksonsweet/Desktop/OPS\ APP/OPS/OPS/Utilities/DataController.swift /Users/jacksonsweet/Desktop/OPS\ APP/OPS/OPS/Utilities/Dateformatter\ +Bubble.swift /Users/jacksonsweet/Desktop/OPS\ APP/OPS/OPS/Utilities/DateHelper.swift /Users/jacksonsweet/Desktop/OPS\ APP/OPS/OPS/Utilities/FieldErrorHandler.swift /Users/jacksonsweet/Desktop/OPS\ APP/OPS/OPS/Utilities/ImageCache.swift /Users/jacksonsweet/Desktop/OPS\ APP/OPS/OPS/Utilities/ImageFileManager.swift /Users/jacksonsweet/Desktop/OPS\ APP/OPS/OPS/Utilities/InProgressManager.swift /Users/jacksonsweet/Desktop/OPS\ APP/OPS/OPS/Utilities/KeyboardDismissalModifier.swift /Users/jacksonsweet/Desktop/OPS\ APP/OPS/OPS/Utilities/LocationManager.swift /Users/jacksonsweet/Desktop/OPS\ APP/OPS/OPS/Utilities/OnboardingEnvironmentKey.swift /Users/jacksonsweet/Desktop/OPS\ APP/OPS/OPS/Utilities/SwiftDataHelper.swift /Users/jacksonsweet/Desktop/OPS\ APP/OPS/OPS/Utilities/UIComponents.swift /Users/jacksonsweet/Desktop/OPS\ APP/OPS/OPS/V2/CertificationsSettingsView.swift /Users/jacksonsweet/Desktop/OPS\ APP/OPS/OPS/ViewModels/CalendarViewModel.swift /Users/jacksonsweet/Desktop/OPS\ APP/OPS/OPS/ViewModels/ProjectsViewModel.swift /Users/jacksonsweet/Desktop/OPS\ APP/OPS/OPS/Views/Calendar\ Tab/Components/CalendarDaySelector.swift /Users/jacksonsweet/Desktop/OPS\ APP/OPS/OPS/Views/Calendar\ Tab/Components/CalendarHeaderView.swift /Users/jacksonsweet/Desktop/OPS\ APP/OPS/OPS/Views/Calendar\ Tab/Components/CalendarProjectCard.swift /Users/jacksonsweet/Desktop/OPS\ APP/OPS/OPS/Views/Calendar\ Tab/Components/CalendarToggleView.swift /Users/jacksonsweet/Desktop/OPS\ APP/OPS/OPS/Views/Calendar\ Tab/Components/DatePickerPopover.swift /Users/jacksonsweet/Desktop/OPS\ APP/OPS/OPS/Views/Calendar\ Tab/Components/DayCell.swift /Users/jacksonsweet/Desktop/OPS\ APP/OPS/OPS/Views/Calendar\ Tab/ProjectViews/DayProjectSheet.swift /Users/jacksonsweet/Desktop/OPS\ APP/OPS/OPS/Views/Calendar\ Tab/ProjectViews/ProjectListView.swift /Users/jacksonsweet/Desktop/OPS\ APP/OPS/OPS/Views/Calendar\ Tab/MonthGridView.swift /Users/jacksonsweet/Desktop/OPS\ APP/OPS/OPS/Views/Components/Common/AppHeader.swift /Users/jacksonsweet/Desktop/OPS\ APP/OPS/OPS/Views/Components/Common/ExpandableNotesView.swift /Users/jacksonsweet/Desktop/OPS\ APP/OPS/OPS/Views/Components/Common/LocationPermissionView.swift /Users/jacksonsweet/Desktop/OPS\ APP/OPS/OPS/Views/Components/Common/NavigationBanner.swift /Users/jacksonsweet/Desktop/OPS\ APP/OPS/OPS/Views/Components/Common/NavigationControlsView.swift /Users/jacksonsweet/Desktop/OPS\ APP/OPS/OPS/Views/Components/Common/TabBarBackground.swift /Users/jacksonsweet/Desktop/OPS\ APP/OPS/OPS/Views/Components/Images/ImagePicker.swift /Users/jacksonsweet/Desktop/OPS\ APP/OPS/OPS/Views/Components/Images/ImagePickerView.swift /Users/jacksonsweet/Desktop/OPS\ APP/OPS/OPS/Views/Components/Images/ProjectImagesSection.swift /Users/jacksonsweet/Desktop/OPS\ APP/OPS/OPS/Views/Components/Images/ProjectImagesSimple.swift /Users/jacksonsweet/Desktop/OPS\ APP/OPS/OPS/Views/Components/Images/ProjectImageView.swift /Users/jacksonsweet/Desktop/OPS\ APP/OPS/OPS/Views/Components/Images/ProjectPhotosGrid.swift /Users/jacksonsweet/Desktop/OPS\ APP/OPS/OPS/Views/Components/Map/MiniMapView.swift /Users/jacksonsweet/Desktop/OPS\ APP/OPS/OPS/Views/Components/Map/ProjectMapAnnotation.swift /Users/jacksonsweet/Desktop/OPS\ APP/OPS/OPS/Views/Components/Map/ProjectMapView.swift /Users/jacksonsweet/Desktop/OPS\ APP/OPS/OPS/Views/Components/Map/ProjectMarkerPopup.swift /Users/jacksonsweet/Desktop/OPS\ APP/OPS/OPS/Views/Components/Map/RouteDirectionsView.swift /Users/jacksonsweet/Desktop/OPS\ APP/OPS/OPS/Views/Components/Project/ProjectActionBar.swift /Users/jacksonsweet/Desktop/OPS\ APP/OPS/OPS/Views/Components/Project/ProjectCard.swift /Users/jacksonsweet/Desktop/OPS\ APP/OPS/OPS/Views/Components/Project/ProjectCarousel.swift /Users/jacksonsweet/Desktop/OPS\ APP/OPS/OPS/Views/Components/Project/ProjectDetailsView.swift /Users/jacksonsweet/Desktop/OPS\ APP/OPS/OPS/Views/Components/Project/ProjectHeader.swift /Users/jacksonsweet/Desktop/OPS\ APP/OPS/OPS/Views/Components/Project/ProjectSheetContainer.swift /Users/jacksonsweet/Desktop/OPS\ APP/OPS/OPS/Views/Components/User/TeamMemberListView.swift /Users/jacksonsweet/Desktop/OPS\ APP/OPS/OPS/Views/Components/User/UserProfileCard.swift /Users/jacksonsweet/Desktop/OPS\ APP/OPS/OPS/Views/Home/HomeContentView.swift /Users/jacksonsweet/Desktop/OPS\ APP/OPS/OPS/Views/Home/HomeView.swift /Users/jacksonsweet/Desktop/OPS\ APP/OPS/OPS/Views/Settings/OrganizationSettingsView.swift /Users/jacksonsweet/Desktop/OPS\ APP/OPS/OPS/Views/Settings/ProfileSettingsView.swift /Users/jacksonsweet/Desktop/OPS\ APP/OPS/OPS/Views/Settings/ProjectHistorySettingsView.swift /Users/jacksonsweet/Desktop/OPS\ APP/OPS/OPS/Views/LoginView.swift /Users/jacksonsweet/Desktop/OPS\ APP/OPS/OPS/Views/LoginViewPreview.swift /Users/jacksonsweet/Desktop/OPS\ APP/OPS/OPS/Views/MainTabView.swift /Users/jacksonsweet/Desktop/OPS\ APP/OPS/OPS/Views/NetworkStatusIndicator.swift /Users/jacksonsweet/Desktop/OPS\ APP/OPS/OPS/Views/ScheduleView.swift /Users/jacksonsweet/Desktop/OPS\ APP/OPS/OPS/Views/SettingsView.swift /Users/jacksonsweet/Desktop/OPS\ APP/OPS/OPS/Views/SplashScreen.swift /Users/jacksonsweet/Desktop/OPS\ APP/OPS/OPS/AppState.swift /Users/jacksonsweet/Desktop/OPS\ APP/OPS/OPS/ContentView.swift /Users/jacksonsweet/Desktop/OPS\ APP/OPS/OPS/Item.swift /Users/jacksonsweet/Desktop/OPS\ APP/OPS/OPS/OPSApp.swift /Users/jacksonsweet/Library/Developer/Xcode/DerivedData/OPS-czavgtmnvamasvcjgszzuulfcsxj/Build/Intermediates.noindex/OPS.build/Debug-iphonesimulator/OPS.build/DerivedSources/GeneratedAssetSymbols.swift -supplementary-output-file-map /Users/jacksonsweet/Library/Developer/Xcode/DerivedData/OPS-czavgtmnvamasvcjgszzuulfcsxj/Build/Intermediates.noindex/OPS.build/Debug-iphonesimulator/OPS.build/Objects-normal/arm64/supplementaryOutputs-1 -emit-localized-strings -emit-localized-strings-path /Users/jacksonsweet/Library/Developer/Xcode/DerivedData/OPS-czavgtmnvamasvcjgszzuulfcsxj/Build/Intermediates.noindex/OPS.build/Debug-iphonesimulator/OPS.build/Objects-normal/arm64 -target arm64-apple-ios18.2-simulator -Xllvm -aarch64-use-tbi -enable-objc-interop -sdk /Applications/Xcode.app/Contents/Developer/Platforms/iPhoneSimulator.platform/Developer/SDKs/iPhoneSimulator18.2.sdk -I /Users/jacksonsweet/Library/Developer/Xcode/DerivedData/OPS-czavgtmnvamasvcjgszzuulfcsxj/Build/Products/Debug-iphonesimulator -F /Users/jacksonsweet/Library/Developer/Xcode/DerivedData/OPS-czavgtmnvamasvcjgszzuulfcsxj/Build/Products/Debug-iphonesimulator -no-color-diagnostics -enable-testing -g -debug-info-format\=dwarf -dwarf-version\=5 -module-cache-path /Users/jacksonsweet/Library/Developer/Xcode/DerivedData/ModuleCache.noindex -profile-generate -profile-coverage-mapping -swift-version 5 -enforce-exclusivity\=checked -Onone -D DEBUG -serialize-debugging-options -const-gather-protocols-file /Users/jacksonsweet/Library/Developer/Xcode/DerivedData/OPS-czavgtmnvamasvcjgszzuulfcsxj/Build/Intermediates.noindex/OPS.build/Debug-iphonesimulator/OPS.build/Objects-normal/arm64/OPS_const_extract_protocols.json -enable-experimental-feature DebugDescriptionMacro -enable-experimental-feature OpaqueTypeErasure -enable-bare-slash-regex -empty-abi-descriptor -validate-clang-modules-once -clang-build-session-file /Users/jacksonsweet/Library/Developer/Xcode/DerivedData/ModuleCache.noindex/Session.modulevalidation -Xcc -working-directory -Xcc /Users/jacksonsweet/Desktop/OPS\ APP/OPS -resource-dir /Applications/Xcode.app/Contents/Developer/Toolchains/XcodeDefault.xctoolchain/usr/lib/swift -enable-anonymous-context-mangled-names -file-compilation-dir /Users/jacksonsweet/Desktop/OPS\ APP/OPS -Xcc -D_LIBCPP_HARDENING_MODE\=_LIBCPP_HARDENING_MODE_DEBUG -Xcc -ivfsstatcache -Xcc /Users/jacksonsweet/Library/Developer/Xcode/DerivedData/SDKStatCaches.noindex/iphonesimulator18.2-22C146-07b28473f605e47e75261259d3ef3b5a.sdkstatcache -Xcc -I/Users/jacksonsweet/Library/Developer/Xcode/DerivedData/OPS-czavgtmnvamasvcjgszzuulfcsxj/Build/Intermediates.noindex/OPS.build/Debug-iphonesimulator/OPS.build/swift-overrides.hmap -Xcc -iquote -Xcc /Users/jacksonsweet/Library/Developer/Xcode/DerivedData/OPS-czavgtmnvamasvcjgszzuulfcsxj/Build/Intermediates.noindex/OPS.build/Debug-iphonesimulator/OPS.build/OPS-generated-files.hmap -Xcc -I/Users/jacksonsweet/Library/Developer/Xcode/DerivedData/OPS-czavgtmnvamasvcjgszzuulfcsxj/Build/Intermediates.noindex/OPS.build/Debug-iphonesimulator/OPS.build/OPS-own-target-headers.hmap -Xcc -I/Users/jacksonsweet/Library/Developer/Xcode/DerivedData/OPS-czavgtmnvamasvcjgszzuulfcsxj/Build/Intermediates.noindex/OPS.build/Debug-iphonesimulator/OPS.build/OPS-all-target-headers.hmap -Xcc -iquote -Xcc /Users/jacksonsweet/Library/Developer/Xcode/DerivedData/OPS-czavgtmnvamasvcjgszzuulfcsxj/Build/Intermediates.noindex/OPS.build/Debug-iphonesimulator/OPS.build/OPS-project-headers.hmap -Xcc -I/Users/jacksonsweet/Library/Developer/Xcode/DerivedData/OPS-czavgtmnvamasvcjgszzuulfcsxj/Build/Products/Debug-iphonesimulator/include -Xcc -I/Users/jacksonsweet/Library/Developer/Xcode/DerivedData/OPS-czavgtmnvamasvcjgszzuulfcsxj/Build/Intermediates.noindex/OPS.build/Debug-iphonesimulator/OPS.build/DerivedSources-normal/arm64 -Xcc -I/Users/jacksonsweet/Library/Developer/Xcode/DerivedData/OPS-czavgtmnvamasvcjgszzuulfcsxj/Build/Intermediates.noindex/OPS.build/Debug-iphonesimulator/OPS.build/DerivedSources/arm64 -Xcc -I/Users/jacksonsweet/Library/Developer/Xcode/DerivedData/OPS-czavgtmnvamasvcjgszzuulfcsxj/Build/Intermediates.noindex/OPS.build/Debug-iphonesimulator/OPS.build/DerivedSources -Xcc -DDEBUG\=1 -module-name OPS -frontend-parseable-output -disable-clang-spi -target-sdk-version 18.2 -target-sdk-name iphonesimulator18.2 -external-plugin-path /Applications/Xcode.app/Contents/Developer/Platforms/iPhoneOS.platform/Developer/usr/lib/swift/host/plugins\#/Applications/Xcode.app/Contents/Developer/Platforms/iPhoneOS.platform/Developer/usr/bin/swift-plugin-server -external-plugin-path /Applications/Xcode.app/Contents/Developer/Platforms/iPhoneOS.platform/Developer/usr/local/lib/swift/host/plugins\#/Applications/Xcode.app/Contents/Developer/Platforms/iPhoneOS.platform/Developer/usr/bin/swift-plugin-server -plugin-path /Applications/Xcode.app/Contents/Developer/Toolchains/XcodeDefault.xctoolchain/usr/lib/swift/host/plugins -plugin-path /Applications/Xcode.app/Contents/Developer/Toolchains/XcodeDefault.xctoolchain/usr/local/lib/swift/host/plugins -o /Users/jacksonsweet/Library/Developer/Xcode/DerivedData/OPS-czavgtmnvamasvcjgszzuulfcsxj/Build/Intermediates.noindex/OPS.build/Debug-iphonesimulator/OPS.build/Objects-normal/arm64/BubbleImage.o -o /Users/jacksonsweet/Library/Developer/Xcode/DerivedData/OPS-czavgtmnvamasvcjgszzuulfcsxj/Build/Intermediates.noindex/OPS.build/Debug-iphonesimulator/OPS.build/Objects-normal/arm64/BubbleTypes.o -o /Users/jacksonsweet/Library/Developer/Xcode/DerivedData/OPS-czavgtmnvamasvcjgszzuulfcsxj/Build/Intermediates.noindex/OPS.build/Debug-iphonesimulator/OPS.build/Objects-normal/arm64/Company.o -o /Users/jacksonsweet/Library/Developer/Xcode/DerivedData/OPS-czavgtmnvamasvcjgszzuulfcsxj/Build/Intermediates.noindex/OPS.build/Debug-iphonesimulator/OPS.build/Objects-normal/arm64/Project.o -o /Users/jacksonsweet/Library/Developer/Xcode/DerivedData/OPS-czavgtmnvamasvcjgszzuulfcsxj/Build/Intermediates.noindex/OPS.build/Debug-iphonesimulator/OPS.build/Objects-normal/arm64/Status.o -o /Users/jacksonsweet/Library/Developer/Xcode/DerivedData/OPS-czavgtmnvamasvcjgszzuulfcsxj/Build/Intermediates.noindex/OPS.build/Debug-iphonesimulator/OPS.build/Objects-normal/arm64/User.o -o /Users/jacksonsweet/Library/Developer/Xcode/DerivedData/OPS-czavgtmnvamasvcjgszzuulfcsxj/Build/Intermediates.noindex/OPS.build/Debug-iphonesimulator/OPS.build/Objects-normal/arm64/UserRole.o -o /Users/jacksonsweet/Library/Developer/Xcode/DerivedData/OPS-czavgtmnvamasvcjgszzuulfcsxj/Build/Intermediates.noindex/OPS.build/Debug-iphonesimulator/OPS.build/Objects-normal/arm64/UIImage+Extensions.o -o /Users/jacksonsweet/Library/Developer/Xcode/DerivedData/OPS-czavgtmnvamasvcjgszzuulfcsxj/Build/Intermediates.noindex/OPS.build/Debug-iphonesimulator/OPS.build/Objects-normal/arm64/APIError.o -o /Users/jacksonsweet/Library/Developer/Xcode/DerivedData/OPS-czavgtmnvamasvcjgszzuulfcsxj/Build/Intermediates.noindex/OPS.build/Debug-iphonesimulator/OPS.build/Objects-normal/arm64/APIService.o -o /Users/jacksonsweet/Library/Developer/Xcode/DerivedData/OPS-czavgtmnvamasvcjgszzuulfcsxj/Build/Intermediates.noindex/OPS.build/Debug-iphonesimulator/OPS.build/Objects-normal/arm64/BubbleFields.o -o /Users/jacksonsweet/Library/Developer/Xcode/DerivedData/OPS-czavgtmnvamasvcjgszzuulfcsxj/Build/Intermediates.noindex/OPS.build/Debug-iphonesimulator/OPS.build/Objects-normal/arm64/AuthError.o -o /Users/jacksonsweet/Library/Developer/Xcode/DerivedData/OPS-czavgtmnvamasvcjgszzuulfcsxj/Build/Intermediates.noindex/OPS.build/Debug-iphonesimulator/OPS.build/Objects-normal/arm64/AuthManager.o -index-unit-output-path /OPS.build/Debug-iphonesimulator/OPS.build/Objects-normal/arm64/BubbleImage.o -index-unit-output-path /OPS.build/Debug-iphonesimulator/OPS.build/Objects-normal/arm64/BubbleTypes.o -index-unit-output-path /OPS.build/Debug-iphonesimulator/OPS.build/Objects-normal/arm64/Company.o -index-unit-output-path /OPS.build/Debug-iphonesimulator/OPS.build/Objects-normal/arm64/Project.o -index-unit-output-path /OPS.build/Debug-iphonesimulator/OPS.build/Objects-normal/arm64/Status.o -index-unit-output-path /OPS.build/Debug-iphonesimulator/OPS.build/Objects-normal/arm64/User.o -index-unit-output-path /OPS.build/Debug-iphonesimulator/OPS.build/Objects-normal/arm64/UserRole.o -index-unit-output-path /OPS.build/Debug-iphonesimulator/OPS.build/Objects-normal/arm64/UIImage+Extensions.o -index-unit-output-path /OPS.build/Debug-iphonesimulator/OPS.build/Objects-normal/arm64/APIError.o -index-unit-output-path /OPS.build/Debug-iphonesimulator/OPS.build/Objects-normal/arm64/APIService.o -index-unit-output-path /OPS.build/Debug-iphonesimulator/OPS.build/Objects-normal/arm64/BubbleFields.o -index-unit-output-path /OPS.build/Debug-iphonesimulator/OPS.build/Objects-normal/arm64/AuthError.o -index-unit-output-path /OPS.build/Debug-iphonesimulator/OPS.build/Objects-normal/arm64/AuthManager.o -index-store-path /Users/jacksonsweet/Library/Developer/Xcode/DerivedData/OPS-czavgtmnvamasvcjgszzuulfcsxj/Index.noindex/DataStore -index-system-modules

SwiftCompile normal arm64 /Users/jacksonsweet/Desktop/OPS\ APP/OPS/OPS/DataModels/BubbleTypes.swift (in target 'OPS' from project 'OPS')
    cd /Users/jacksonsweet/Desktop/OPS\ APP/OPS
    /Applications/Xcode.app/Contents/Developer/Toolchains/XcodeDefault.xctoolchain/usr/bin/swift-frontend -c -primary-file /Users/jacksonsweet/Desktop/OPS\ APP/OPS/OPS/DataModels/BubbleImage.swift -primary-file /Users/jacksonsweet/Desktop/OPS\ APP/OPS/OPS/DataModels/BubbleTypes.swift -primary-file /Users/jacksonsweet/Desktop/OPS\ APP/OPS/OPS/DataModels/Company.swift -primary-file /Users/jacksonsweet/Desktop/OPS\ APP/OPS/OPS/DataModels/Project.swift -primary-file /Users/jacksonsweet/Desktop/OPS\ APP/OPS/OPS/DataModels/Status.swift -primary-file /Users/jacksonsweet/Desktop/OPS\ APP/OPS/OPS/DataModels/User.swift -primary-file /Users/jacksonsweet/Desktop/OPS\ APP/OPS/OPS/DataModels/UserRole.swift -primary-file /Users/jacksonsweet/Desktop/OPS\ APP/OPS/OPS/Extensions/UIImage+Extensions.swift -primary-file /Users/jacksonsweet/Desktop/OPS\ APP/OPS/OPS/Network/API/APIError.swift -primary-file /Users/jacksonsweet/Desktop/OPS\ APP/OPS/OPS/Network/API/APIService.swift -primary-file /Users/jacksonsweet/Desktop/OPS\ APP/OPS/OPS/Network/API/BubbleFields.swift -primary-file /Users/jacksonsweet/Desktop/OPS\ APP/OPS/OPS/Network/Auth/AuthError.swift -primary-file /Users/jacksonsweet/Desktop/OPS\ APP/OPS/OPS/Network/Auth/AuthManager.swift /Users/jacksonsweet/Desktop/OPS\ APP/OPS/OPS/Network/Auth/KeychainManager.swift /Users/jacksonsweet/Desktop/OPS\ APP/OPS/OPS/Network/DTOs/CompanyDTO.swift /Users/jacksonsweet/Desktop/OPS\ APP/OPS/OPS/Network/DTOs/ProjectDTO.swift /Users/jacksonsweet/Desktop/OPS\ APP/OPS/OPS/Network/DTOs/UserDTO.swift /Users/jacksonsweet/Desktop/OPS\ APP/OPS/OPS/Network/Endpoints/CompanyEndpoints.swift /Users/jacksonsweet/Desktop/OPS\ APP/OPS/OPS/Network/Endpoints/ProjectEndpoints.swift /Users/jacksonsweet/Desktop/OPS\ APP/OPS/OPS/Network/Endpoints/UserEndpoints.swift /Users/jacksonsweet/Desktop/OPS\ APP/OPS/OPS/Network/Sync/BackgroundTaskManager.swift /Users/jacksonsweet/Desktop/OPS\ APP/OPS/OPS/Network/Sync/SyncManager.swift /Users/jacksonsweet/Desktop/OPS\ APP/OPS/OPS/Network/ConnectivityMonitor.swift /Users/jacksonsweet/Desktop/OPS\ APP/OPS/OPS/Network/ImageSyncManager.swift /Users/jacksonsweet/Desktop/OPS\ APP/OPS/OPS/Onboarding/Coordinators/OnboardingCoordinator.swift /Users/jacksonsweet/Desktop/OPS\ APP/OPS/OPS/Onboarding/Models/OnboardingModels.swift /Users/jacksonsweet/Desktop/OPS\ APP/OPS/OPS/Onboarding/Services/OnboardingService.swift /Users/jacksonsweet/Desktop/OPS\ APP/OPS/OPS/Onboarding/ViewModels/OnboardingViewModel.swift /Users/jacksonsweet/Desktop/OPS\ APP/OPS/OPS/Onboarding/Views/Components/OnboardingComponents.swift /Users/jacksonsweet/Desktop/OPS\ APP/OPS/OPS/Onboarding/Views/Screens/AccountCreatedView.swift /Users/jacksonsweet/Desktop/OPS\ APP/OPS/OPS/Onboarding/Views/Screens/CompanyCodeView.swift /Users/jacksonsweet/Desktop/OPS\ APP/OPS/OPS/Onboarding/Views/Screens/CompanyCodeViewPreview.swift /Users/jacksonsweet/Desktop/OPS\ APP/OPS/OPS/Onboarding/Views/Screens/CompletionView.swift /Users/jacksonsweet/Desktop/OPS\ APP/OPS/OPS/Onboarding/Views/Screens/CompletionViewPreview.swift /Users/jacksonsweet/Desktop/OPS\ APP/OPS/OPS/Onboarding/Views/Screens/EmailView.swift /Users/jacksonsweet/Desktop/OPS\ APP/OPS/OPS/Onboarding/Views/Screens/FieldSetupView.swift /Users/jacksonsweet/Desktop/OPS\ APP/OPS/OPS/Onboarding/Views/Screens/NotificationsView.swift /Users/jacksonsweet/Desktop/OPS\ APP/OPS/OPS/Onboarding/Views/Screens/NotificationsViewPreview.swift /Users/jacksonsweet/Desktop/OPS\ APP/OPS/OPS/Onboarding/Views/Screens/OrganizationJoinView.swift /Users/jacksonsweet/Desktop/OPS\ APP/OPS/OPS/Onboarding/Views/Screens/PasswordView.swift /Users/jacksonsweet/Desktop/OPS\ APP/OPS/OPS/Onboarding/Views/Screens/PasswordViewPreview.swift /Users/jacksonsweet/Desktop/OPS\ APP/OPS/OPS/Onboarding/Views/Screens/PermissionsView.swift /Users/jacksonsweet/Desktop/OPS\ APP/OPS/OPS/Onboarding/Views/Screens/PermissionsViewPreview.swift /Users/jacksonsweet/Desktop/OPS\ APP/OPS/OPS/Onboarding/Views/Screens/PhoneNumberView.swift /Users/jacksonsweet/Desktop/OPS\ APP/OPS/OPS/Onboarding/Views/Screens/PhoneNumberViewPreview.swift /Users/jacksonsweet/Desktop/OPS\ APP/OPS/OPS/Onboarding/Views/Screens/UserInfoView.swift /Users/jacksonsweet/Desktop/OPS\ APP/OPS/OPS/Onboarding/Views/Screens/UserInfoViewPreview.swift /Users/jacksonsweet/Desktop/OPS\ APP/OPS/OPS/Onboarding/Views/Screens/VerifyPhoneView.swift /Users/jacksonsweet/Desktop/OPS\ APP/OPS/OPS/Onboarding/Views/Screens/WelcomeCompanyView.swift /Users/jacksonsweet/Desktop/OPS\ APP/OPS/OPS/Onboarding/Views/Screens/WelcomeCompanyViewPreview.swift /Users/jacksonsweet/Desktop/OPS\ APP/OPS/OPS/Onboarding/Views/Screens/WelcomeView.swift /Users/jacksonsweet/Desktop/OPS\ APP/OPS/OPS/Onboarding/Views/Screens/WelcomeViewPreview.swift /Users/jacksonsweet/Desktop/OPS\ APP/OPS/OPS/Onboarding/Views/OnboardingContainerView.swift /Users/jacksonsweet/Desktop/OPS\ APP/OPS/OPS/Onboarding/Views/OnboardingFlowPreview.swift /Users/jacksonsweet/Desktop/OPS\ APP/OPS/OPS/Onboarding/Views/OnboardingPresenter.swift /Users/jacksonsweet/Desktop/OPS\ APP/OPS/OPS/Onboarding/Views/OnboardingPreviewHelpers.swift /Users/jacksonsweet/Desktop/OPS\ APP/OPS/OPS/Styles/OPSStyle.swift /Users/jacksonsweet/Desktop/OPS\ APP/OPS/OPS/Utilities/AppConfiguration.swift /Users/jacksonsweet/Desktop/OPS\ APP/OPS/OPS/Utilities/ArrayTransformer.swift /Users/jacksonsweet/Desktop/OPS\ APP/OPS/OPS/Utilities/DataController.swift /Users/jacksonsweet/Desktop/OPS\ APP/OPS/OPS/Utilities/Dateformatter\ +Bubble.swift /Users/jacksonsweet/Desktop/OPS\ APP/OPS/OPS/Utilities/DateHelper.swift /Users/jacksonsweet/Desktop/OPS\ APP/OPS/OPS/Utilities/FieldErrorHandler.swift /Users/jacksonsweet/Desktop/OPS\ APP/OPS/OPS/Utilities/ImageCache.swift /Users/jacksonsweet/Desktop/OPS\ APP/OPS/OPS/Utilities/ImageFileManager.swift /Users/jacksonsweet/Desktop/OPS\ APP/OPS/OPS/Utilities/InProgressManager.swift /Users/jacksonsweet/Desktop/OPS\ APP/OPS/OPS/Utilities/KeyboardDismissalModifier.swift /Users/jacksonsweet/Desktop/OPS\ APP/OPS/OPS/Utilities/LocationManager.swift /Users/jacksonsweet/Desktop/OPS\ APP/OPS/OPS/Utilities/OnboardingEnvironmentKey.swift /Users/jacksonsweet/Desktop/OPS\ APP/OPS/OPS/Utilities/SwiftDataHelper.swift /Users/jacksonsweet/Desktop/OPS\ APP/OPS/OPS/Utilities/UIComponents.swift /Users/jacksonsweet/Desktop/OPS\ APP/OPS/OPS/V2/CertificationsSettingsView.swift /Users/jacksonsweet/Desktop/OPS\ APP/OPS/OPS/ViewModels/CalendarViewModel.swift /Users/jacksonsweet/Desktop/OPS\ APP/OPS/OPS/ViewModels/ProjectsViewModel.swift /Users/jacksonsweet/Desktop/OPS\ APP/OPS/OPS/Views/Calendar\ Tab/Components/CalendarDaySelector.swift /Users/jacksonsweet/Desktop/OPS\ APP/OPS/OPS/Views/Calendar\ Tab/Components/CalendarHeaderView.swift /Users/jacksonsweet/Desktop/OPS\ APP/OPS/OPS/Views/Calendar\ Tab/Components/CalendarProjectCard.swift /Users/jacksonsweet/Desktop/OPS\ APP/OPS/OPS/Views/Calendar\ Tab/Components/CalendarToggleView.swift /Users/jacksonsweet/Desktop/OPS\ APP/OPS/OPS/Views/Calendar\ Tab/Components/DatePickerPopover.swift /Users/jacksonsweet/Desktop/OPS\ APP/OPS/OPS/Views/Calendar\ Tab/Components/DayCell.swift /Users/jacksonsweet/Desktop/OPS\ APP/OPS/OPS/Views/Calendar\ Tab/ProjectViews/DayProjectSheet.swift /Users/jacksonsweet/Desktop/OPS\ APP/OPS/OPS/Views/Calendar\ Tab/ProjectViews/ProjectListView.swift /Users/jacksonsweet/Desktop/OPS\ APP/OPS/OPS/Views/Calendar\ Tab/MonthGridView.swift /Users/jacksonsweet/Desktop/OPS\ APP/OPS/OPS/Views/Components/Common/AppHeader.swift /Users/jacksonsweet/Desktop/OPS\ APP/OPS/OPS/Views/Components/Common/ExpandableNotesView.swift /Users/jacksonsweet/Desktop/OPS\ APP/OPS/OPS/Views/Components/Common/LocationPermissionView.swift /Users/jacksonsweet/Desktop/OPS\ APP/OPS/OPS/Views/Components/Common/NavigationBanner.swift /Users/jacksonsweet/Desktop/OPS\ APP/OPS/OPS/Views/Components/Common/NavigationControlsView.swift /Users/jacksonsweet/Desktop/OPS\ APP/OPS/OPS/Views/Components/Common/TabBarBackground.swift /Users/jacksonsweet/Desktop/OPS\ APP/OPS/OPS/Views/Components/Images/ImagePicker.swift /Users/jacksonsweet/Desktop/OPS\ APP/OPS/OPS/Views/Components/Images/ImagePickerView.swift /Users/jacksonsweet/Desktop/OPS\ APP/OPS/OPS/Views/Components/Images/ProjectImagesSection.swift /Users/jacksonsweet/Desktop/OPS\ APP/OPS/OPS/Views/Components/Images/ProjectImagesSimple.swift /Users/jacksonsweet/Desktop/OPS\ APP/OPS/OPS/Views/Components/Images/ProjectImageView.swift /Users/jacksonsweet/Desktop/OPS\ APP/OPS/OPS/Views/Components/Images/ProjectPhotosGrid.swift /Users/jacksonsweet/Desktop/OPS\ APP/OPS/OPS/Views/Components/Map/MiniMapView.swift /Users/jacksonsweet/Desktop/OPS\ APP/OPS/OPS/Views/Components/Map/ProjectMapAnnotation.swift /Users/jacksonsweet/Desktop/OPS\ APP/OPS/OPS/Views/Components/Map/ProjectMapView.swift /Users/jacksonsweet/Desktop/OPS\ APP/OPS/OPS/Views/Components/Map/ProjectMarkerPopup.swift /Users/jacksonsweet/Desktop/OPS\ APP/OPS/OPS/Views/Components/Map/RouteDirectionsView.swift /Users/jacksonsweet/Desktop/OPS\ APP/OPS/OPS/Views/Components/Project/ProjectActionBar.swift /Users/jacksonsweet/Desktop/OPS\ APP/OPS/OPS/Views/Components/Project/ProjectCard.swift /Users/jacksonsweet/Desktop/OPS\ APP/OPS/OPS/Views/Components/Project/ProjectCarousel.swift /Users/jacksonsweet/Desktop/OPS\ APP/OPS/OPS/Views/Components/Project/ProjectDetailsView.swift /Users/jacksonsweet/Desktop/OPS\ APP/OPS/OPS/Views/Components/Project/ProjectHeader.swift /Users/jacksonsweet/Desktop/OPS\ APP/OPS/OPS/Views/Components/Project/ProjectSheetContainer.swift /Users/jacksonsweet/Desktop/OPS\ APP/OPS/OPS/Views/Components/User/TeamMemberListView.swift /Users/jacksonsweet/Desktop/OPS\ APP/OPS/OPS/Views/Components/User/UserProfileCard.swift /Users/jacksonsweet/Desktop/OPS\ APP/OPS/OPS/Views/Home/HomeContentView.swift /Users/jacksonsweet/Desktop/OPS\ APP/OPS/OPS/Views/Home/HomeView.swift /Users/jacksonsweet/Desktop/OPS\ APP/OPS/OPS/Views/Settings/OrganizationSettingsView.swift /Users/jacksonsweet/Desktop/OPS\ APP/OPS/OPS/Views/Settings/ProfileSettingsView.swift /Users/jacksonsweet/Desktop/OPS\ APP/OPS/OPS/Views/Settings/ProjectHistorySettingsView.swift /Users/jacksonsweet/Desktop/OPS\ APP/OPS/OPS/Views/LoginView.swift /Users/jacksonsweet/Desktop/OPS\ APP/OPS/OPS/Views/LoginViewPreview.swift /Users/jacksonsweet/Desktop/OPS\ APP/OPS/OPS/Views/MainTabView.swift /Users/jacksonsweet/Desktop/OPS\ APP/OPS/OPS/Views/NetworkStatusIndicator.swift /Users/jacksonsweet/Desktop/OPS\ APP/OPS/OPS/Views/ScheduleView.swift /Users/jacksonsweet/Desktop/OPS\ APP/OPS/OPS/Views/SettingsView.swift /Users/jacksonsweet/Desktop/OPS\ APP/OPS/OPS/Views/SplashScreen.swift /Users/jacksonsweet/Desktop/OPS\ APP/OPS/OPS/AppState.swift /Users/jacksonsweet/Desktop/OPS\ APP/OPS/OPS/ContentView.swift /Users/jacksonsweet/Desktop/OPS\ APP/OPS/OPS/Item.swift /Users/jacksonsweet/Desktop/OPS\ APP/OPS/OPS/OPSApp.swift /Users/jacksonsweet/Library/Developer/Xcode/DerivedData/OPS-czavgtmnvamasvcjgszzuulfcsxj/Build/Intermediates.noindex/OPS.build/Debug-iphonesimulator/OPS.build/DerivedSources/GeneratedAssetSymbols.swift -supplementary-output-file-map /Users/jacksonsweet/Library/Developer/Xcode/DerivedData/OPS-czavgtmnvamasvcjgszzuulfcsxj/Build/Intermediates.noindex/OPS.build/Debug-iphonesimulator/OPS.build/Objects-normal/arm64/supplementaryOutputs-1 -emit-localized-strings -emit-localized-strings-path /Users/jacksonsweet/Library/Developer/Xcode/DerivedData/OPS-czavgtmnvamasvcjgszzuulfcsxj/Build/Intermediates.noindex/OPS.build/Debug-iphonesimulator/OPS.build/Objects-normal/arm64 -target arm64-apple-ios18.2-simulator -Xllvm -aarch64-use-tbi -enable-objc-interop -sdk /Applications/Xcode.app/Contents/Developer/Platforms/iPhoneSimulator.platform/Developer/SDKs/iPhoneSimulator18.2.sdk -I /Users/jacksonsweet/Library/Developer/Xcode/DerivedData/OPS-czavgtmnvamasvcjgszzuulfcsxj/Build/Products/Debug-iphonesimulator -F /Users/jacksonsweet/Library/Developer/Xcode/DerivedData/OPS-czavgtmnvamasvcjgszzuulfcsxj/Build/Products/Debug-iphonesimulator -no-color-diagnostics -enable-testing -g -debug-info-format\=dwarf -dwarf-version\=5 -module-cache-path /Users/jacksonsweet/Library/Developer/Xcode/DerivedData/ModuleCache.noindex -profile-generate -profile-coverage-mapping -swift-version 5 -enforce-exclusivity\=checked -Onone -D DEBUG -serialize-debugging-options -const-gather-protocols-file /Users/jacksonsweet/Library/Developer/Xcode/DerivedData/OPS-czavgtmnvamasvcjgszzuulfcsxj/Build/Intermediates.noindex/OPS.build/Debug-iphonesimulator/OPS.build/Objects-normal/arm64/OPS_const_extract_protocols.json -enable-experimental-feature DebugDescriptionMacro -enable-experimental-feature OpaqueTypeErasure -enable-bare-slash-regex -empty-abi-descriptor -validate-clang-modules-once -clang-build-session-file /Users/jacksonsweet/Library/Developer/Xcode/DerivedData/ModuleCache.noindex/Session.modulevalidation -Xcc -working-directory -Xcc /Users/jacksonsweet/Desktop/OPS\ APP/OPS -resource-dir /Applications/Xcode.app/Contents/Developer/Toolchains/XcodeDefault.xctoolchain/usr/lib/swift -enable-anonymous-context-mangled-names -file-compilation-dir /Users/jacksonsweet/Desktop/OPS\ APP/OPS -Xcc -D_LIBCPP_HARDENING_MODE\=_LIBCPP_HARDENING_MODE_DEBUG -Xcc -ivfsstatcache -Xcc /Users/jacksonsweet/Library/Developer/Xcode/DerivedData/SDKStatCaches.noindex/iphonesimulator18.2-22C146-07b28473f605e47e75261259d3ef3b5a.sdkstatcache -Xcc -I/Users/jacksonsweet/Library/Developer/Xcode/DerivedData/OPS-czavgtmnvamasvcjgszzuulfcsxj/Build/Intermediates.noindex/OPS.build/Debug-iphonesimulator/OPS.build/swift-overrides.hmap -Xcc -iquote -Xcc /Users/jacksonsweet/Library/Developer/Xcode/DerivedData/OPS-czavgtmnvamasvcjgszzuulfcsxj/Build/Intermediates.noindex/OPS.build/Debug-iphonesimulator/OPS.build/OPS-generated-files.hmap -Xcc -I/Users/jacksonsweet/Library/Developer/Xcode/DerivedData/OPS-czavgtmnvamasvcjgszzuulfcsxj/Build/Intermediates.noindex/OPS.build/Debug-iphonesimulator/OPS.build/OPS-own-target-headers.hmap -Xcc -I/Users/jacksonsweet/Library/Developer/Xcode/DerivedData/OPS-czavgtmnvamasvcjgszzuulfcsxj/Build/Intermediates.noindex/OPS.build/Debug-iphonesimulator/OPS.build/OPS-all-target-headers.hmap -Xcc -iquote -Xcc /Users/jacksonsweet/Library/Developer/Xcode/DerivedData/OPS-czavgtmnvamasvcjgszzuulfcsxj/Build/Intermediates.noindex/OPS.build/Debug-iphonesimulator/OPS.build/OPS-project-headers.hmap -Xcc -I/Users/jacksonsweet/Library/Developer/Xcode/DerivedData/OPS-czavgtmnvamasvcjgszzuulfcsxj/Build/Products/Debug-iphonesimulator/include -Xcc -I/Users/jacksonsweet/Library/Developer/Xcode/DerivedData/OPS-czavgtmnvamasvcjgszzuulfcsxj/Build/Intermediates.noindex/OPS.build/Debug-iphonesimulator/OPS.build/DerivedSources-normal/arm64 -Xcc -I/Users/jacksonsweet/Library/Developer/Xcode/DerivedData/OPS-czavgtmnvamasvcjgszzuulfcsxj/Build/Intermediates.noindex/OPS.build/Debug-iphonesimulator/OPS.build/DerivedSources/arm64 -Xcc -I/Users/jacksonsweet/Library/Developer/Xcode/DerivedData/OPS-czavgtmnvamasvcjgszzuulfcsxj/Build/Intermediates.noindex/OPS.build/Debug-iphonesimulator/OPS.build/DerivedSources -Xcc -DDEBUG\=1 -module-name OPS -frontend-parseable-output -disable-clang-spi -target-sdk-version 18.2 -target-sdk-name iphonesimulator18.2 -external-plugin-path /Applications/Xcode.app/Contents/Developer/Platforms/iPhoneOS.platform/Developer/usr/lib/swift/host/plugins\#/Applications/Xcode.app/Contents/Developer/Platforms/iPhoneOS.platform/Developer/usr/bin/swift-plugin-server -external-plugin-path /Applications/Xcode.app/Contents/Developer/Platforms/iPhoneOS.platform/Developer/usr/local/lib/swift/host/plugins\#/Applications/Xcode.app/Contents/Developer/Platforms/iPhoneOS.platform/Developer/usr/bin/swift-plugin-server -plugin-path /Applications/Xcode.app/Contents/Developer/Toolchains/XcodeDefault.xctoolchain/usr/lib/swift/host/plugins -plugin-path /Applications/Xcode.app/Contents/Developer/Toolchains/XcodeDefault.xctoolchain/usr/local/lib/swift/host/plugins -o /Users/jacksonsweet/Library/Developer/Xcode/DerivedData/OPS-czavgtmnvamasvcjgszzuulfcsxj/Build/Intermediates.noindex/OPS.build/Debug-iphonesimulator/OPS.build/Objects-normal/arm64/BubbleImage.o -o /Users/jacksonsweet/Library/Developer/Xcode/DerivedData/OPS-czavgtmnvamasvcjgszzuulfcsxj/Build/Intermediates.noindex/OPS.build/Debug-iphonesimulator/OPS.build/Objects-normal/arm64/BubbleTypes.o -o /Users/jacksonsweet/Library/Developer/Xcode/DerivedData/OPS-czavgtmnvamasvcjgszzuulfcsxj/Build/Intermediates.noindex/OPS.build/Debug-iphonesimulator/OPS.build/Objects-normal/arm64/Company.o -o /Users/jacksonsweet/Library/Developer/Xcode/DerivedData/OPS-czavgtmnvamasvcjgszzuulfcsxj/Build/Intermediates.noindex/OPS.build/Debug-iphonesimulator/OPS.build/Objects-normal/arm64/Project.o -o /Users/jacksonsweet/Library/Developer/Xcode/DerivedData/OPS-czavgtmnvamasvcjgszzuulfcsxj/Build/Intermediates.noindex/OPS.build/Debug-iphonesimulator/OPS.build/Objects-normal/arm64/Status.o -o /Users/jacksonsweet/Library/Developer/Xcode/DerivedData/OPS-czavgtmnvamasvcjgszzuulfcsxj/Build/Intermediates.noindex/OPS.build/Debug-iphonesimulator/OPS.build/Objects-normal/arm64/User.o -o /Users/jacksonsweet/Library/Developer/Xcode/DerivedData/OPS-czavgtmnvamasvcjgszzuulfcsxj/Build/Intermediates.noindex/OPS.build/Debug-iphonesimulator/OPS.build/Objects-normal/arm64/UserRole.o -o /Users/jacksonsweet/Library/Developer/Xcode/DerivedData/OPS-czavgtmnvamasvcjgszzuulfcsxj/Build/Intermediates.noindex/OPS.build/Debug-iphonesimulator/OPS.build/Objects-normal/arm64/UIImage+Extensions.o -o /Users/jacksonsweet/Library/Developer/Xcode/DerivedData/OPS-czavgtmnvamasvcjgszzuulfcsxj/Build/Intermediates.noindex/OPS.build/Debug-iphonesimulator/OPS.build/Objects-normal/arm64/APIError.o -o /Users/jacksonsweet/Library/Developer/Xcode/DerivedData/OPS-czavgtmnvamasvcjgszzuulfcsxj/Build/Intermediates.noindex/OPS.build/Debug-iphonesimulator/OPS.build/Objects-normal/arm64/APIService.o -o /Users/jacksonsweet/Library/Developer/Xcode/DerivedData/OPS-czavgtmnvamasvcjgszzuulfcsxj/Build/Intermediates.noindex/OPS.build/Debug-iphonesimulator/OPS.build/Objects-normal/arm64/BubbleFields.o -o /Users/jacksonsweet/Library/Developer/Xcode/DerivedData/OPS-czavgtmnvamasvcjgszzuulfcsxj/Build/Intermediates.noindex/OPS.build/Debug-iphonesimulator/OPS.build/Objects-normal/arm64/AuthError.o -o /Users/jacksonsweet/Library/Developer/Xcode/DerivedData/OPS-czavgtmnvamasvcjgszzuulfcsxj/Build/Intermediates.noindex/OPS.build/Debug-iphonesimulator/OPS.build/Objects-normal/arm64/AuthManager.o -index-unit-output-path /OPS.build/Debug-iphonesimulator/OPS.build/Objects-normal/arm64/BubbleImage.o -index-unit-output-path /OPS.build/Debug-iphonesimulator/OPS.build/Objects-normal/arm64/BubbleTypes.o -index-unit-output-path /OPS.build/Debug-iphonesimulator/OPS.build/Objects-normal/arm64/Company.o -index-unit-output-path /OPS.build/Debug-iphonesimulator/OPS.build/Objects-normal/arm64/Project.o -index-unit-output-path /OPS.build/Debug-iphonesimulator/OPS.build/Objects-normal/arm64/Status.o -index-unit-output-path /OPS.build/Debug-iphonesimulator/OPS.build/Objects-normal/arm64/User.o -index-unit-output-path /OPS.build/Debug-iphonesimulator/OPS.build/Objects-normal/arm64/UserRole.o -index-unit-output-path /OPS.build/Debug-iphonesimulator/OPS.build/Objects-normal/arm64/UIImage+Extensions.o -index-unit-output-path /OPS.build/Debug-iphonesimulator/OPS.build/Objects-normal/arm64/APIError.o -index-unit-output-path /OPS.build/Debug-iphonesimulator/OPS.build/Objects-normal/arm64/APIService.o -index-unit-output-path /OPS.build/Debug-iphonesimulator/OPS.build/Objects-normal/arm64/BubbleFields.o -index-unit-output-path /OPS.build/Debug-iphonesimulator/OPS.build/Objects-normal/arm64/AuthError.o -index-unit-output-path /OPS.build/Debug-iphonesimulator/OPS.build/Objects-normal/arm64/AuthManager.o -index-store-path /Users/jacksonsweet/Library/Developer/Xcode/DerivedData/OPS-czavgtmnvamasvcjgszzuulfcsxj/Index.noindex/DataStore -index-system-modules

SwiftCompile normal arm64 /Users/jacksonsweet/Desktop/OPS\ APP/OPS/OPS/DataModels/Company.swift (in target 'OPS' from project 'OPS')
    cd /Users/jacksonsweet/Desktop/OPS\ APP/OPS
    /Applications/Xcode.app/Contents/Developer/Toolchains/XcodeDefault.xctoolchain/usr/bin/swift-frontend -c -primary-file /Users/jacksonsweet/Desktop/OPS\ APP/OPS/OPS/DataModels/BubbleImage.swift -primary-file /Users/jacksonsweet/Desktop/OPS\ APP/OPS/OPS/DataModels/BubbleTypes.swift -primary-file /Users/jacksonsweet/Desktop/OPS\ APP/OPS/OPS/DataModels/Company.swift -primary-file /Users/jacksonsweet/Desktop/OPS\ APP/OPS/OPS/DataModels/Project.swift -primary-file /Users/jacksonsweet/Desktop/OPS\ APP/OPS/OPS/DataModels/Status.swift -primary-file /Users/jacksonsweet/Desktop/OPS\ APP/OPS/OPS/DataModels/User.swift -primary-file /Users/jacksonsweet/Desktop/OPS\ APP/OPS/OPS/DataModels/UserRole.swift -primary-file /Users/jacksonsweet/Desktop/OPS\ APP/OPS/OPS/Extensions/UIImage+Extensions.swift -primary-file /Users/jacksonsweet/Desktop/OPS\ APP/OPS/OPS/Network/API/APIError.swift -primary-file /Users/jacksonsweet/Desktop/OPS\ APP/OPS/OPS/Network/API/APIService.swift -primary-file /Users/jacksonsweet/Desktop/OPS\ APP/OPS/OPS/Network/API/BubbleFields.swift -primary-file /Users/jacksonsweet/Desktop/OPS\ APP/OPS/OPS/Network/Auth/AuthError.swift -primary-file /Users/jacksonsweet/Desktop/OPS\ APP/OPS/OPS/Network/Auth/AuthManager.swift /Users/jacksonsweet/Desktop/OPS\ APP/OPS/OPS/Network/Auth/KeychainManager.swift /Users/jacksonsweet/Desktop/OPS\ APP/OPS/OPS/Network/DTOs/CompanyDTO.swift /Users/jacksonsweet/Desktop/OPS\ APP/OPS/OPS/Network/DTOs/ProjectDTO.swift /Users/jacksonsweet/Desktop/OPS\ APP/OPS/OPS/Network/DTOs/UserDTO.swift /Users/jacksonsweet/Desktop/OPS\ APP/OPS/OPS/Network/Endpoints/CompanyEndpoints.swift /Users/jacksonsweet/Desktop/OPS\ APP/OPS/OPS/Network/Endpoints/ProjectEndpoints.swift /Users/jacksonsweet/Desktop/OPS\ APP/OPS/OPS/Network/Endpoints/UserEndpoints.swift /Users/jacksonsweet/Desktop/OPS\ APP/OPS/OPS/Network/Sync/BackgroundTaskManager.swift /Users/jacksonsweet/Desktop/OPS\ APP/OPS/OPS/Network/Sync/SyncManager.swift /Users/jacksonsweet/Desktop/OPS\ APP/OPS/OPS/Network/ConnectivityMonitor.swift /Users/jacksonsweet/Desktop/OPS\ APP/OPS/OPS/Network/ImageSyncManager.swift /Users/jacksonsweet/Desktop/OPS\ APP/OPS/OPS/Onboarding/Coordinators/OnboardingCoordinator.swift /Users/jacksonsweet/Desktop/OPS\ APP/OPS/OPS/Onboarding/Models/OnboardingModels.swift /Users/jacksonsweet/Desktop/OPS\ APP/OPS/OPS/Onboarding/Services/OnboardingService.swift /Users/jacksonsweet/Desktop/OPS\ APP/OPS/OPS/Onboarding/ViewModels/OnboardingViewModel.swift /Users/jacksonsweet/Desktop/OPS\ APP/OPS/OPS/Onboarding/Views/Components/OnboardingComponents.swift /Users/jacksonsweet/Desktop/OPS\ APP/OPS/OPS/Onboarding/Views/Screens/AccountCreatedView.swift /Users/jacksonsweet/Desktop/OPS\ APP/OPS/OPS/Onboarding/Views/Screens/CompanyCodeView.swift /Users/jacksonsweet/Desktop/OPS\ APP/OPS/OPS/Onboarding/Views/Screens/CompanyCodeViewPreview.swift /Users/jacksonsweet/Desktop/OPS\ APP/OPS/OPS/Onboarding/Views/Screens/CompletionView.swift /Users/jacksonsweet/Desktop/OPS\ APP/OPS/OPS/Onboarding/Views/Screens/CompletionViewPreview.swift /Users/jacksonsweet/Desktop/OPS\ APP/OPS/OPS/Onboarding/Views/Screens/EmailView.swift /Users/jacksonsweet/Desktop/OPS\ APP/OPS/OPS/Onboarding/Views/Screens/FieldSetupView.swift /Users/jacksonsweet/Desktop/OPS\ APP/OPS/OPS/Onboarding/Views/Screens/NotificationsView.swift /Users/jacksonsweet/Desktop/OPS\ APP/OPS/OPS/Onboarding/Views/Screens/NotificationsViewPreview.swift /Users/jacksonsweet/Desktop/OPS\ APP/OPS/OPS/Onboarding/Views/Screens/OrganizationJoinView.swift /Users/jacksonsweet/Desktop/OPS\ APP/OPS/OPS/Onboarding/Views/Screens/PasswordView.swift /Users/jacksonsweet/Desktop/OPS\ APP/OPS/OPS/Onboarding/Views/Screens/PasswordViewPreview.swift /Users/jacksonsweet/Desktop/OPS\ APP/OPS/OPS/Onboarding/Views/Screens/PermissionsView.swift /Users/jacksonsweet/Desktop/OPS\ APP/OPS/OPS/Onboarding/Views/Screens/PermissionsViewPreview.swift /Users/jacksonsweet/Desktop/OPS\ APP/OPS/OPS/Onboarding/Views/Screens/PhoneNumberView.swift /Users/jacksonsweet/Desktop/OPS\ APP/OPS/OPS/Onboarding/Views/Screens/PhoneNumberViewPreview.swift /Users/jacksonsweet/Desktop/OPS\ APP/OPS/OPS/Onboarding/Views/Screens/UserInfoView.swift /Users/jacksonsweet/Desktop/OPS\ APP/OPS/OPS/Onboarding/Views/Screens/UserInfoViewPreview.swift /Users/jacksonsweet/Desktop/OPS\ APP/OPS/OPS/Onboarding/Views/Screens/VerifyPhoneView.swift /Users/jacksonsweet/Desktop/OPS\ APP/OPS/OPS/Onboarding/Views/Screens/WelcomeCompanyView.swift /Users/jacksonsweet/Desktop/OPS\ APP/OPS/OPS/Onboarding/Views/Screens/WelcomeCompanyViewPreview.swift /Users/jacksonsweet/Desktop/OPS\ APP/OPS/OPS/Onboarding/Views/Screens/WelcomeView.swift /Users/jacksonsweet/Desktop/OPS\ APP/OPS/OPS/Onboarding/Views/Screens/WelcomeViewPreview.swift /Users/jacksonsweet/Desktop/OPS\ APP/OPS/OPS/Onboarding/Views/OnboardingContainerView.swift /Users/jacksonsweet/Desktop/OPS\ APP/OPS/OPS/Onboarding/Views/OnboardingFlowPreview.swift /Users/jacksonsweet/Desktop/OPS\ APP/OPS/OPS/Onboarding/Views/OnboardingPresenter.swift /Users/jacksonsweet/Desktop/OPS\ APP/OPS/OPS/Onboarding/Views/OnboardingPreviewHelpers.swift /Users/jacksonsweet/Desktop/OPS\ APP/OPS/OPS/Styles/OPSStyle.swift /Users/jacksonsweet/Desktop/OPS\ APP/OPS/OPS/Utilities/AppConfiguration.swift /Users/jacksonsweet/Desktop/OPS\ APP/OPS/OPS/Utilities/ArrayTransformer.swift /Users/jacksonsweet/Desktop/OPS\ APP/OPS/OPS/Utilities/DataController.swift /Users/jacksonsweet/Desktop/OPS\ APP/OPS/OPS/Utilities/Dateformatter\ +Bubble.swift /Users/jacksonsweet/Desktop/OPS\ APP/OPS/OPS/Utilities/DateHelper.swift /Users/jacksonsweet/Desktop/OPS\ APP/OPS/OPS/Utilities/FieldErrorHandler.swift /Users/jacksonsweet/Desktop/OPS\ APP/OPS/OPS/Utilities/ImageCache.swift /Users/jacksonsweet/Desktop/OPS\ APP/OPS/OPS/Utilities/ImageFileManager.swift /Users/jacksonsweet/Desktop/OPS\ APP/OPS/OPS/Utilities/InProgressManager.swift /Users/jacksonsweet/Desktop/OPS\ APP/OPS/OPS/Utilities/KeyboardDismissalModifier.swift /Users/jacksonsweet/Desktop/OPS\ APP/OPS/OPS/Utilities/LocationManager.swift /Users/jacksonsweet/Desktop/OPS\ APP/OPS/OPS/Utilities/OnboardingEnvironmentKey.swift /Users/jacksonsweet/Desktop/OPS\ APP/OPS/OPS/Utilities/SwiftDataHelper.swift /Users/jacksonsweet/Desktop/OPS\ APP/OPS/OPS/Utilities/UIComponents.swift /Users/jacksonsweet/Desktop/OPS\ APP/OPS/OPS/V2/CertificationsSettingsView.swift /Users/jacksonsweet/Desktop/OPS\ APP/OPS/OPS/ViewModels/CalendarViewModel.swift /Users/jacksonsweet/Desktop/OPS\ APP/OPS/OPS/ViewModels/ProjectsViewModel.swift /Users/jacksonsweet/Desktop/OPS\ APP/OPS/OPS/Views/Calendar\ Tab/Components/CalendarDaySelector.swift /Users/jacksonsweet/Desktop/OPS\ APP/OPS/OPS/Views/Calendar\ Tab/Components/CalendarHeaderView.swift /Users/jacksonsweet/Desktop/OPS\ APP/OPS/OPS/Views/Calendar\ Tab/Components/CalendarProjectCard.swift /Users/jacksonsweet/Desktop/OPS\ APP/OPS/OPS/Views/Calendar\ Tab/Components/CalendarToggleView.swift /Users/jacksonsweet/Desktop/OPS\ APP/OPS/OPS/Views/Calendar\ Tab/Components/DatePickerPopover.swift /Users/jacksonsweet/Desktop/OPS\ APP/OPS/OPS/Views/Calendar\ Tab/Components/DayCell.swift /Users/jacksonsweet/Desktop/OPS\ APP/OPS/OPS/Views/Calendar\ Tab/ProjectViews/DayProjectSheet.swift /Users/jacksonsweet/Desktop/OPS\ APP/OPS/OPS/Views/Calendar\ Tab/ProjectViews/ProjectListView.swift /Users/jacksonsweet/Desktop/OPS\ APP/OPS/OPS/Views/Calendar\ Tab/MonthGridView.swift /Users/jacksonsweet/Desktop/OPS\ APP/OPS/OPS/Views/Components/Common/AppHeader.swift /Users/jacksonsweet/Desktop/OPS\ APP/OPS/OPS/Views/Components/Common/ExpandableNotesView.swift /Users/jacksonsweet/Desktop/OPS\ APP/OPS/OPS/Views/Components/Common/LocationPermissionView.swift /Users/jacksonsweet/Desktop/OPS\ APP/OPS/OPS/Views/Components/Common/NavigationBanner.swift /Users/jacksonsweet/Desktop/OPS\ APP/OPS/OPS/Views/Components/Common/NavigationControlsView.swift /Users/jacksonsweet/Desktop/OPS\ APP/OPS/OPS/Views/Components/Common/TabBarBackground.swift /Users/jacksonsweet/Desktop/OPS\ APP/OPS/OPS/Views/Components/Images/ImagePicker.swift /Users/jacksonsweet/Desktop/OPS\ APP/OPS/OPS/Views/Components/Images/ImagePickerView.swift /Users/jacksonsweet/Desktop/OPS\ APP/OPS/OPS/Views/Components/Images/ProjectImagesSection.swift /Users/jacksonsweet/Desktop/OPS\ APP/OPS/OPS/Views/Components/Images/ProjectImagesSimple.swift /Users/jacksonsweet/Desktop/OPS\ APP/OPS/OPS/Views/Components/Images/ProjectImageView.swift /Users/jacksonsweet/Desktop/OPS\ APP/OPS/OPS/Views/Components/Images/ProjectPhotosGrid.swift /Users/jacksonsweet/Desktop/OPS\ APP/OPS/OPS/Views/Components/Map/MiniMapView.swift /Users/jacksonsweet/Desktop/OPS\ APP/OPS/OPS/Views/Components/Map/ProjectMapAnnotation.swift /Users/jacksonsweet/Desktop/OPS\ APP/OPS/OPS/Views/Components/Map/ProjectMapView.swift /Users/jacksonsweet/Desktop/OPS\ APP/OPS/OPS/Views/Components/Map/ProjectMarkerPopup.swift /Users/jacksonsweet/Desktop/OPS\ APP/OPS/OPS/Views/Components/Map/RouteDirectionsView.swift /Users/jacksonsweet/Desktop/OPS\ APP/OPS/OPS/Views/Components/Project/ProjectActionBar.swift /Users/jacksonsweet/Desktop/OPS\ APP/OPS/OPS/Views/Components/Project/ProjectCard.swift /Users/jacksonsweet/Desktop/OPS\ APP/OPS/OPS/Views/Components/Project/ProjectCarousel.swift /Users/jacksonsweet/Desktop/OPS\ APP/OPS/OPS/Views/Components/Project/ProjectDetailsView.swift /Users/jacksonsweet/Desktop/OPS\ APP/OPS/OPS/Views/Components/Project/ProjectHeader.swift /Users/jacksonsweet/Desktop/OPS\ APP/OPS/OPS/Views/Components/Project/ProjectSheetContainer.swift /Users/jacksonsweet/Desktop/OPS\ APP/OPS/OPS/Views/Components/User/TeamMemberListView.swift /Users/jacksonsweet/Desktop/OPS\ APP/OPS/OPS/Views/Components/User/UserProfileCard.swift /Users/jacksonsweet/Desktop/OPS\ APP/OPS/OPS/Views/Home/HomeContentView.swift /Users/jacksonsweet/Desktop/OPS\ APP/OPS/OPS/Views/Home/HomeView.swift /Users/jacksonsweet/Desktop/OPS\ APP/OPS/OPS/Views/Settings/OrganizationSettingsView.swift /Users/jacksonsweet/Desktop/OPS\ APP/OPS/OPS/Views/Settings/ProfileSettingsView.swift /Users/jacksonsweet/Desktop/OPS\ APP/OPS/OPS/Views/Settings/ProjectHistorySettingsView.swift /Users/jacksonsweet/Desktop/OPS\ APP/OPS/OPS/Views/LoginView.swift /Users/jacksonsweet/Desktop/OPS\ APP/OPS/OPS/Views/LoginViewPreview.swift /Users/jacksonsweet/Desktop/OPS\ APP/OPS/OPS/Views/MainTabView.swift /Users/jacksonsweet/Desktop/OPS\ APP/OPS/OPS/Views/NetworkStatusIndicator.swift /Users/jacksonsweet/Desktop/OPS\ APP/OPS/OPS/Views/ScheduleView.swift /Users/jacksonsweet/Desktop/OPS\ APP/OPS/OPS/Views/SettingsView.swift /Users/jacksonsweet/Desktop/OPS\ APP/OPS/OPS/Views/SplashScreen.swift /Users/jacksonsweet/Desktop/OPS\ APP/OPS/OPS/AppState.swift /Users/jacksonsweet/Desktop/OPS\ APP/OPS/OPS/ContentView.swift /Users/jacksonsweet/Desktop/OPS\ APP/OPS/OPS/Item.swift /Users/jacksonsweet/Desktop/OPS\ APP/OPS/OPS/OPSApp.swift /Users/jacksonsweet/Library/Developer/Xcode/DerivedData/OPS-czavgtmnvamasvcjgszzuulfcsxj/Build/Intermediates.noindex/OPS.build/Debug-iphonesimulator/OPS.build/DerivedSources/GeneratedAssetSymbols.swift -supplementary-output-file-map /Users/jacksonsweet/Library/Developer/Xcode/DerivedData/OPS-czavgtmnvamasvcjgszzuulfcsxj/Build/Intermediates.noindex/OPS.build/Debug-iphonesimulator/OPS.build/Objects-normal/arm64/supplementaryOutputs-1 -emit-localized-strings -emit-localized-strings-path /Users/jacksonsweet/Library/Developer/Xcode/DerivedData/OPS-czavgtmnvamasvcjgszzuulfcsxj/Build/Intermediates.noindex/OPS.build/Debug-iphonesimulator/OPS.build/Objects-normal/arm64 -target arm64-apple-ios18.2-simulator -Xllvm -aarch64-use-tbi -enable-objc-interop -sdk /Applications/Xcode.app/Contents/Developer/Platforms/iPhoneSimulator.platform/Developer/SDKs/iPhoneSimulator18.2.sdk -I /Users/jacksonsweet/Library/Developer/Xcode/DerivedData/OPS-czavgtmnvamasvcjgszzuulfcsxj/Build/Products/Debug-iphonesimulator -F /Users/jacksonsweet/Library/Developer/Xcode/DerivedData/OPS-czavgtmnvamasvcjgszzuulfcsxj/Build/Products/Debug-iphonesimulator -no-color-diagnostics -enable-testing -g -debug-info-format\=dwarf -dwarf-version\=5 -module-cache-path /Users/jacksonsweet/Library/Developer/Xcode/DerivedData/ModuleCache.noindex -profile-generate -profile-coverage-mapping -swift-version 5 -enforce-exclusivity\=checked -Onone -D DEBUG -serialize-debugging-options -const-gather-protocols-file /Users/jacksonsweet/Library/Developer/Xcode/DerivedData/OPS-czavgtmnvamasvcjgszzuulfcsxj/Build/Intermediates.noindex/OPS.build/Debug-iphonesimulator/OPS.build/Objects-normal/arm64/OPS_const_extract_protocols.json -enable-experimental-feature DebugDescriptionMacro -enable-experimental-feature OpaqueTypeErasure -enable-bare-slash-regex -empty-abi-descriptor -validate-clang-modules-once -clang-build-session-file /Users/jacksonsweet/Library/Developer/Xcode/DerivedData/ModuleCache.noindex/Session.modulevalidation -Xcc -working-directory -Xcc /Users/jacksonsweet/Desktop/OPS\ APP/OPS -resource-dir /Applications/Xcode.app/Contents/Developer/Toolchains/XcodeDefault.xctoolchain/usr/lib/swift -enable-anonymous-context-mangled-names -file-compilation-dir /Users/jacksonsweet/Desktop/OPS\ APP/OPS -Xcc -D_LIBCPP_HARDENING_MODE\=_LIBCPP_HARDENING_MODE_DEBUG -Xcc -ivfsstatcache -Xcc /Users/jacksonsweet/Library/Developer/Xcode/DerivedData/SDKStatCaches.noindex/iphonesimulator18.2-22C146-07b28473f605e47e75261259d3ef3b5a.sdkstatcache -Xcc -I/Users/jacksonsweet/Library/Developer/Xcode/DerivedData/OPS-czavgtmnvamasvcjgszzuulfcsxj/Build/Intermediates.noindex/OPS.build/Debug-iphonesimulator/OPS.build/swift-overrides.hmap -Xcc -iquote -Xcc /Users/jacksonsweet/Library/Developer/Xcode/DerivedData/OPS-czavgtmnvamasvcjgszzuulfcsxj/Build/Intermediates.noindex/OPS.build/Debug-iphonesimulator/OPS.build/OPS-generated-files.hmap -Xcc -I/Users/jacksonsweet/Library/Developer/Xcode/DerivedData/OPS-czavgtmnvamasvcjgszzuulfcsxj/Build/Intermediates.noindex/OPS.build/Debug-iphonesimulator/OPS.build/OPS-own-target-headers.hmap -Xcc -I/Users/jacksonsweet/Library/Developer/Xcode/DerivedData/OPS-czavgtmnvamasvcjgszzuulfcsxj/Build/Intermediates.noindex/OPS.build/Debug-iphonesimulator/OPS.build/OPS-all-target-headers.hmap -Xcc -iquote -Xcc /Users/jacksonsweet/Library/Developer/Xcode/DerivedData/OPS-czavgtmnvamasvcjgszzuulfcsxj/Build/Intermediates.noindex/OPS.build/Debug-iphonesimulator/OPS.build/OPS-project-headers.hmap -Xcc -I/Users/jacksonsweet/Library/Developer/Xcode/DerivedData/OPS-czavgtmnvamasvcjgszzuulfcsxj/Build/Products/Debug-iphonesimulator/include -Xcc -I/Users/jacksonsweet/Library/Developer/Xcode/DerivedData/OPS-czavgtmnvamasvcjgszzuulfcsxj/Build/Intermediates.noindex/OPS.build/Debug-iphonesimulator/OPS.build/DerivedSources-normal/arm64 -Xcc -I/Users/jacksonsweet/Library/Developer/Xcode/DerivedData/OPS-czavgtmnvamasvcjgszzuulfcsxj/Build/Intermediates.noindex/OPS.build/Debug-iphonesimulator/OPS.build/DerivedSources/arm64 -Xcc -I/Users/jacksonsweet/Library/Developer/Xcode/DerivedData/OPS-czavgtmnvamasvcjgszzuulfcsxj/Build/Intermediates.noindex/OPS.build/Debug-iphonesimulator/OPS.build/DerivedSources -Xcc -DDEBUG\=1 -module-name OPS -frontend-parseable-output -disable-clang-spi -target-sdk-version 18.2 -target-sdk-name iphonesimulator18.2 -external-plugin-path /Applications/Xcode.app/Contents/Developer/Platforms/iPhoneOS.platform/Developer/usr/lib/swift/host/plugins\#/Applications/Xcode.app/Contents/Developer/Platforms/iPhoneOS.platform/Developer/usr/bin/swift-plugin-server -external-plugin-path /Applications/Xcode.app/Contents/Developer/Platforms/iPhoneOS.platform/Developer/usr/local/lib/swift/host/plugins\#/Applications/Xcode.app/Contents/Developer/Platforms/iPhoneOS.platform/Developer/usr/bin/swift-plugin-server -plugin-path /Applications/Xcode.app/Contents/Developer/Toolchains/XcodeDefault.xctoolchain/usr/lib/swift/host/plugins -plugin-path /Applications/Xcode.app/Contents/Developer/Toolchains/XcodeDefault.xctoolchain/usr/local/lib/swift/host/plugins -o /Users/jacksonsweet/Library/Developer/Xcode/DerivedData/OPS-czavgtmnvamasvcjgszzuulfcsxj/Build/Intermediates.noindex/OPS.build/Debug-iphonesimulator/OPS.build/Objects-normal/arm64/BubbleImage.o -o /Users/jacksonsweet/Library/Developer/Xcode/DerivedData/OPS-czavgtmnvamasvcjgszzuulfcsxj/Build/Intermediates.noindex/OPS.build/Debug-iphonesimulator/OPS.build/Objects-normal/arm64/BubbleTypes.o -o /Users/jacksonsweet/Library/Developer/Xcode/DerivedData/OPS-czavgtmnvamasvcjgszzuulfcsxj/Build/Intermediates.noindex/OPS.build/Debug-iphonesimulator/OPS.build/Objects-normal/arm64/Company.o -o /Users/jacksonsweet/Library/Developer/Xcode/DerivedData/OPS-czavgtmnvamasvcjgszzuulfcsxj/Build/Intermediates.noindex/OPS.build/Debug-iphonesimulator/OPS.build/Objects-normal/arm64/Project.o -o /Users/jacksonsweet/Library/Developer/Xcode/DerivedData/OPS-czavgtmnvamasvcjgszzuulfcsxj/Build/Intermediates.noindex/OPS.build/Debug-iphonesimulator/OPS.build/Objects-normal/arm64/Status.o -o /Users/jacksonsweet/Library/Developer/Xcode/DerivedData/OPS-czavgtmnvamasvcjgszzuulfcsxj/Build/Intermediates.noindex/OPS.build/Debug-iphonesimulator/OPS.build/Objects-normal/arm64/User.o -o /Users/jacksonsweet/Library/Developer/Xcode/DerivedData/OPS-czavgtmnvamasvcjgszzuulfcsxj/Build/Intermediates.noindex/OPS.build/Debug-iphonesimulator/OPS.build/Objects-normal/arm64/UserRole.o -o /Users/jacksonsweet/Library/Developer/Xcode/DerivedData/OPS-czavgtmnvamasvcjgszzuulfcsxj/Build/Intermediates.noindex/OPS.build/Debug-iphonesimulator/OPS.build/Objects-normal/arm64/UIImage+Extensions.o -o /Users/jacksonsweet/Library/Developer/Xcode/DerivedData/OPS-czavgtmnvamasvcjgszzuulfcsxj/Build/Intermediates.noindex/OPS.build/Debug-iphonesimulator/OPS.build/Objects-normal/arm64/APIError.o -o /Users/jacksonsweet/Library/Developer/Xcode/DerivedData/OPS-czavgtmnvamasvcjgszzuulfcsxj/Build/Intermediates.noindex/OPS.build/Debug-iphonesimulator/OPS.build/Objects-normal/arm64/APIService.o -o /Users/jacksonsweet/Library/Developer/Xcode/DerivedData/OPS-czavgtmnvamasvcjgszzuulfcsxj/Build/Intermediates.noindex/OPS.build/Debug-iphonesimulator/OPS.build/Objects-normal/arm64/BubbleFields.o -o /Users/jacksonsweet/Library/Developer/Xcode/DerivedData/OPS-czavgtmnvamasvcjgszzuulfcsxj/Build/Intermediates.noindex/OPS.build/Debug-iphonesimulator/OPS.build/Objects-normal/arm64/AuthError.o -o /Users/jacksonsweet/Library/Developer/Xcode/DerivedData/OPS-czavgtmnvamasvcjgszzuulfcsxj/Build/Intermediates.noindex/OPS.build/Debug-iphonesimulator/OPS.build/Objects-normal/arm64/AuthManager.o -index-unit-output-path /OPS.build/Debug-iphonesimulator/OPS.build/Objects-normal/arm64/BubbleImage.o -index-unit-output-path /OPS.build/Debug-iphonesimulator/OPS.build/Objects-normal/arm64/BubbleTypes.o -index-unit-output-path /OPS.build/Debug-iphonesimulator/OPS.build/Objects-normal/arm64/Company.o -index-unit-output-path /OPS.build/Debug-iphonesimulator/OPS.build/Objects-normal/arm64/Project.o -index-unit-output-path /OPS.build/Debug-iphonesimulator/OPS.build/Objects-normal/arm64/Status.o -index-unit-output-path /OPS.build/Debug-iphonesimulator/OPS.build/Objects-normal/arm64/User.o -index-unit-output-path /OPS.build/Debug-iphonesimulator/OPS.build/Objects-normal/arm64/UserRole.o -index-unit-output-path /OPS.build/Debug-iphonesimulator/OPS.build/Objects-normal/arm64/UIImage+Extensions.o -index-unit-output-path /OPS.build/Debug-iphonesimulator/OPS.build/Objects-normal/arm64/APIError.o -index-unit-output-path /OPS.build/Debug-iphonesimulator/OPS.build/Objects-normal/arm64/APIService.o -index-unit-output-path /OPS.build/Debug-iphonesimulator/OPS.build/Objects-normal/arm64/BubbleFields.o -index-unit-output-path /OPS.build/Debug-iphonesimulator/OPS.build/Objects-normal/arm64/AuthError.o -index-unit-output-path /OPS.build/Debug-iphonesimulator/OPS.build/Objects-normal/arm64/AuthManager.o -index-store-path /Users/jacksonsweet/Library/Developer/Xcode/DerivedData/OPS-czavgtmnvamasvcjgszzuulfcsxj/Index.noindex/DataStore -index-system-modules

SwiftCompile normal arm64 /Users/jacksonsweet/Desktop/OPS\ APP/OPS/OPS/DataModels/Project.swift (in target 'OPS' from project 'OPS')
    cd /Users/jacksonsweet/Desktop/OPS\ APP/OPS
    /Applications/Xcode.app/Contents/Developer/Toolchains/XcodeDefault.xctoolchain/usr/bin/swift-frontend -c -primary-file /Users/jacksonsweet/Desktop/OPS\ APP/OPS/OPS/DataModels/BubbleImage.swift -primary-file /Users/jacksonsweet/Desktop/OPS\ APP/OPS/OPS/DataModels/BubbleTypes.swift -primary-file /Users/jacksonsweet/Desktop/OPS\ APP/OPS/OPS/DataModels/Company.swift -primary-file /Users/jacksonsweet/Desktop/OPS\ APP/OPS/OPS/DataModels/Project.swift -primary-file /Users/jacksonsweet/Desktop/OPS\ APP/OPS/OPS/DataModels/Status.swift -primary-file /Users/jacksonsweet/Desktop/OPS\ APP/OPS/OPS/DataModels/User.swift -primary-file /Users/jacksonsweet/Desktop/OPS\ APP/OPS/OPS/DataModels/UserRole.swift -primary-file /Users/jacksonsweet/Desktop/OPS\ APP/OPS/OPS/Extensions/UIImage+Extensions.swift -primary-file /Users/jacksonsweet/Desktop/OPS\ APP/OPS/OPS/Network/API/APIError.swift -primary-file /Users/jacksonsweet/Desktop/OPS\ APP/OPS/OPS/Network/API/APIService.swift -primary-file /Users/jacksonsweet/Desktop/OPS\ APP/OPS/OPS/Network/API/BubbleFields.swift -primary-file /Users/jacksonsweet/Desktop/OPS\ APP/OPS/OPS/Network/Auth/AuthError.swift -primary-file /Users/jacksonsweet/Desktop/OPS\ APP/OPS/OPS/Network/Auth/AuthManager.swift /Users/jacksonsweet/Desktop/OPS\ APP/OPS/OPS/Network/Auth/KeychainManager.swift /Users/jacksonsweet/Desktop/OPS\ APP/OPS/OPS/Network/DTOs/CompanyDTO.swift /Users/jacksonsweet/Desktop/OPS\ APP/OPS/OPS/Network/DTOs/ProjectDTO.swift /Users/jacksonsweet/Desktop/OPS\ APP/OPS/OPS/Network/DTOs/UserDTO.swift /Users/jacksonsweet/Desktop/OPS\ APP/OPS/OPS/Network/Endpoints/CompanyEndpoints.swift /Users/jacksonsweet/Desktop/OPS\ APP/OPS/OPS/Network/Endpoints/ProjectEndpoints.swift /Users/jacksonsweet/Desktop/OPS\ APP/OPS/OPS/Network/Endpoints/UserEndpoints.swift /Users/jacksonsweet/Desktop/OPS\ APP/OPS/OPS/Network/Sync/BackgroundTaskManager.swift /Users/jacksonsweet/Desktop/OPS\ APP/OPS/OPS/Network/Sync/SyncManager.swift /Users/jacksonsweet/Desktop/OPS\ APP/OPS/OPS/Network/ConnectivityMonitor.swift /Users/jacksonsweet/Desktop/OPS\ APP/OPS/OPS/Network/ImageSyncManager.swift /Users/jacksonsweet/Desktop/OPS\ APP/OPS/OPS/Onboarding/Coordinators/OnboardingCoordinator.swift /Users/jacksonsweet/Desktop/OPS\ APP/OPS/OPS/Onboarding/Models/OnboardingModels.swift /Users/jacksonsweet/Desktop/OPS\ APP/OPS/OPS/Onboarding/Services/OnboardingService.swift /Users/jacksonsweet/Desktop/OPS\ APP/OPS/OPS/Onboarding/ViewModels/OnboardingViewModel.swift /Users/jacksonsweet/Desktop/OPS\ APP/OPS/OPS/Onboarding/Views/Components/OnboardingComponents.swift /Users/jacksonsweet/Desktop/OPS\ APP/OPS/OPS/Onboarding/Views/Screens/AccountCreatedView.swift /Users/jacksonsweet/Desktop/OPS\ APP/OPS/OPS/Onboarding/Views/Screens/CompanyCodeView.swift /Users/jacksonsweet/Desktop/OPS\ APP/OPS/OPS/Onboarding/Views/Screens/CompanyCodeViewPreview.swift /Users/jacksonsweet/Desktop/OPS\ APP/OPS/OPS/Onboarding/Views/Screens/CompletionView.swift /Users/jacksonsweet/Desktop/OPS\ APP/OPS/OPS/Onboarding/Views/Screens/CompletionViewPreview.swift /Users/jacksonsweet/Desktop/OPS\ APP/OPS/OPS/Onboarding/Views/Screens/EmailView.swift /Users/jacksonsweet/Desktop/OPS\ APP/OPS/OPS/Onboarding/Views/Screens/FieldSetupView.swift /Users/jacksonsweet/Desktop/OPS\ APP/OPS/OPS/Onboarding/Views/Screens/NotificationsView.swift /Users/jacksonsweet/Desktop/OPS\ APP/OPS/OPS/Onboarding/Views/Screens/NotificationsViewPreview.swift /Users/jacksonsweet/Desktop/OPS\ APP/OPS/OPS/Onboarding/Views/Screens/OrganizationJoinView.swift /Users/jacksonsweet/Desktop/OPS\ APP/OPS/OPS/Onboarding/Views/Screens/PasswordView.swift /Users/jacksonsweet/Desktop/OPS\ APP/OPS/OPS/Onboarding/Views/Screens/PasswordViewPreview.swift /Users/jacksonsweet/Desktop/OPS\ APP/OPS/OPS/Onboarding/Views/Screens/PermissionsView.swift /Users/jacksonsweet/Desktop/OPS\ APP/OPS/OPS/Onboarding/Views/Screens/PermissionsViewPreview.swift /Users/jacksonsweet/Desktop/OPS\ APP/OPS/OPS/Onboarding/Views/Screens/PhoneNumberView.swift /Users/jacksonsweet/Desktop/OPS\ APP/OPS/OPS/Onboarding/Views/Screens/PhoneNumberViewPreview.swift /Users/jacksonsweet/Desktop/OPS\ APP/OPS/OPS/Onboarding/Views/Screens/UserInfoView.swift /Users/jacksonsweet/Desktop/OPS\ APP/OPS/OPS/Onboarding/Views/Screens/UserInfoViewPreview.swift /Users/jacksonsweet/Desktop/OPS\ APP/OPS/OPS/Onboarding/Views/Screens/VerifyPhoneView.swift /Users/jacksonsweet/Desktop/OPS\ APP/OPS/OPS/Onboarding/Views/Screens/WelcomeCompanyView.swift /Users/jacksonsweet/Desktop/OPS\ APP/OPS/OPS/Onboarding/Views/Screens/WelcomeCompanyViewPreview.swift /Users/jacksonsweet/Desktop/OPS\ APP/OPS/OPS/Onboarding/Views/Screens/WelcomeView.swift /Users/jacksonsweet/Desktop/OPS\ APP/OPS/OPS/Onboarding/Views/Screens/WelcomeViewPreview.swift /Users/jacksonsweet/Desktop/OPS\ APP/OPS/OPS/Onboarding/Views/OnboardingContainerView.swift /Users/jacksonsweet/Desktop/OPS\ APP/OPS/OPS/Onboarding/Views/OnboardingFlowPreview.swift /Users/jacksonsweet/Desktop/OPS\ APP/OPS/OPS/Onboarding/Views/OnboardingPresenter.swift /Users/jacksonsweet/Desktop/OPS\ APP/OPS/OPS/Onboarding/Views/OnboardingPreviewHelpers.swift /Users/jacksonsweet/Desktop/OPS\ APP/OPS/OPS/Styles/OPSStyle.swift /Users/jacksonsweet/Desktop/OPS\ APP/OPS/OPS/Utilities/AppConfiguration.swift /Users/jacksonsweet/Desktop/OPS\ APP/OPS/OPS/Utilities/ArrayTransformer.swift /Users/jacksonsweet/Desktop/OPS\ APP/OPS/OPS/Utilities/DataController.swift /Users/jacksonsweet/Desktop/OPS\ APP/OPS/OPS/Utilities/Dateformatter\ +Bubble.swift /Users/jacksonsweet/Desktop/OPS\ APP/OPS/OPS/Utilities/DateHelper.swift /Users/jacksonsweet/Desktop/OPS\ APP/OPS/OPS/Utilities/FieldErrorHandler.swift /Users/jacksonsweet/Desktop/OPS\ APP/OPS/OPS/Utilities/ImageCache.swift /Users/jacksonsweet/Desktop/OPS\ APP/OPS/OPS/Utilities/ImageFileManager.swift /Users/jacksonsweet/Desktop/OPS\ APP/OPS/OPS/Utilities/InProgressManager.swift /Users/jacksonsweet/Desktop/OPS\ APP/OPS/OPS/Utilities/KeyboardDismissalModifier.swift /Users/jacksonsweet/Desktop/OPS\ APP/OPS/OPS/Utilities/LocationManager.swift /Users/jacksonsweet/Desktop/OPS\ APP/OPS/OPS/Utilities/OnboardingEnvironmentKey.swift /Users/jacksonsweet/Desktop/OPS\ APP/OPS/OPS/Utilities/SwiftDataHelper.swift /Users/jacksonsweet/Desktop/OPS\ APP/OPS/OPS/Utilities/UIComponents.swift /Users/jacksonsweet/Desktop/OPS\ APP/OPS/OPS/V2/CertificationsSettingsView.swift /Users/jacksonsweet/Desktop/OPS\ APP/OPS/OPS/ViewModels/CalendarViewModel.swift /Users/jacksonsweet/Desktop/OPS\ APP/OPS/OPS/ViewModels/ProjectsViewModel.swift /Users/jacksonsweet/Desktop/OPS\ APP/OPS/OPS/Views/Calendar\ Tab/Components/CalendarDaySelector.swift /Users/jacksonsweet/Desktop/OPS\ APP/OPS/OPS/Views/Calendar\ Tab/Components/CalendarHeaderView.swift /Users/jacksonsweet/Desktop/OPS\ APP/OPS/OPS/Views/Calendar\ Tab/Components/CalendarProjectCard.swift /Users/jacksonsweet/Desktop/OPS\ APP/OPS/OPS/Views/Calendar\ Tab/Components/CalendarToggleView.swift /Users/jacksonsweet/Desktop/OPS\ APP/OPS/OPS/Views/Calendar\ Tab/Components/DatePickerPopover.swift /Users/jacksonsweet/Desktop/OPS\ APP/OPS/OPS/Views/Calendar\ Tab/Components/DayCell.swift /Users/jacksonsweet/Desktop/OPS\ APP/OPS/OPS/Views/Calendar\ Tab/ProjectViews/DayProjectSheet.swift /Users/jacksonsweet/Desktop/OPS\ APP/OPS/OPS/Views/Calendar\ Tab/ProjectViews/ProjectListView.swift /Users/jacksonsweet/Desktop/OPS\ APP/OPS/OPS/Views/Calendar\ Tab/MonthGridView.swift /Users/jacksonsweet/Desktop/OPS\ APP/OPS/OPS/Views/Components/Common/AppHeader.swift /Users/jacksonsweet/Desktop/OPS\ APP/OPS/OPS/Views/Components/Common/ExpandableNotesView.swift /Users/jacksonsweet/Desktop/OPS\ APP/OPS/OPS/Views/Components/Common/LocationPermissionView.swift /Users/jacksonsweet/Desktop/OPS\ APP/OPS/OPS/Views/Components/Common/NavigationBanner.swift /Users/jacksonsweet/Desktop/OPS\ APP/OPS/OPS/Views/Components/Common/NavigationControlsView.swift /Users/jacksonsweet/Desktop/OPS\ APP/OPS/OPS/Views/Components/Common/TabBarBackground.swift /Users/jacksonsweet/Desktop/OPS\ APP/OPS/OPS/Views/Components/Images/ImagePicker.swift /Users/jacksonsweet/Desktop/OPS\ APP/OPS/OPS/Views/Components/Images/ImagePickerView.swift /Users/jacksonsweet/Desktop/OPS\ APP/OPS/OPS/Views/Components/Images/ProjectImagesSection.swift /Users/jacksonsweet/Desktop/OPS\ APP/OPS/OPS/Views/Components/Images/ProjectImagesSimple.swift /Users/jacksonsweet/Desktop/OPS\ APP/OPS/OPS/Views/Components/Images/ProjectImageView.swift /Users/jacksonsweet/Desktop/OPS\ APP/OPS/OPS/Views/Components/Images/ProjectPhotosGrid.swift /Users/jacksonsweet/Desktop/OPS\ APP/OPS/OPS/Views/Components/Map/MiniMapView.swift /Users/jacksonsweet/Desktop/OPS\ APP/OPS/OPS/Views/Components/Map/ProjectMapAnnotation.swift /Users/jacksonsweet/Desktop/OPS\ APP/OPS/OPS/Views/Components/Map/ProjectMapView.swift /Users/jacksonsweet/Desktop/OPS\ APP/OPS/OPS/Views/Components/Map/ProjectMarkerPopup.swift /Users/jacksonsweet/Desktop/OPS\ APP/OPS/OPS/Views/Components/Map/RouteDirectionsView.swift /Users/jacksonsweet/Desktop/OPS\ APP/OPS/OPS/Views/Components/Project/ProjectActionBar.swift /Users/jacksonsweet/Desktop/OPS\ APP/OPS/OPS/Views/Components/Project/ProjectCard.swift /Users/jacksonsweet/Desktop/OPS\ APP/OPS/OPS/Views/Components/Project/ProjectCarousel.swift /Users/jacksonsweet/Desktop/OPS\ APP/OPS/OPS/Views/Components/Project/ProjectDetailsView.swift /Users/jacksonsweet/Desktop/OPS\ APP/OPS/OPS/Views/Components/Project/ProjectHeader.swift /Users/jacksonsweet/Desktop/OPS\ APP/OPS/OPS/Views/Components/Project/ProjectSheetContainer.swift /Users/jacksonsweet/Desktop/OPS\ APP/OPS/OPS/Views/Components/User/TeamMemberListView.swift /Users/jacksonsweet/Desktop/OPS\ APP/OPS/OPS/Views/Components/User/UserProfileCard.swift /Users/jacksonsweet/Desktop/OPS\ APP/OPS/OPS/Views/Home/HomeContentView.swift /Users/jacksonsweet/Desktop/OPS\ APP/OPS/OPS/Views/Home/HomeView.swift /Users/jacksonsweet/Desktop/OPS\ APP/OPS/OPS/Views/Settings/OrganizationSettingsView.swift /Users/jacksonsweet/Desktop/OPS\ APP/OPS/OPS/Views/Settings/ProfileSettingsView.swift /Users/jacksonsweet/Desktop/OPS\ APP/OPS/OPS/Views/Settings/ProjectHistorySettingsView.swift /Users/jacksonsweet/Desktop/OPS\ APP/OPS/OPS/Views/LoginView.swift /Users/jacksonsweet/Desktop/OPS\ APP/OPS/OPS/Views/LoginViewPreview.swift /Users/jacksonsweet/Desktop/OPS\ APP/OPS/OPS/Views/MainTabView.swift /Users/jacksonsweet/Desktop/OPS\ APP/OPS/OPS/Views/NetworkStatusIndicator.swift /Users/jacksonsweet/Desktop/OPS\ APP/OPS/OPS/Views/ScheduleView.swift /Users/jacksonsweet/Desktop/OPS\ APP/OPS/OPS/Views/SettingsView.swift /Users/jacksonsweet/Desktop/OPS\ APP/OPS/OPS/Views/SplashScreen.swift /Users/jacksonsweet/Desktop/OPS\ APP/OPS/OPS/AppState.swift /Users/jacksonsweet/Desktop/OPS\ APP/OPS/OPS/ContentView.swift /Users/jacksonsweet/Desktop/OPS\ APP/OPS/OPS/Item.swift /Users/jacksonsweet/Desktop/OPS\ APP/OPS/OPS/OPSApp.swift /Users/jacksonsweet/Library/Developer/Xcode/DerivedData/OPS-czavgtmnvamasvcjgszzuulfcsxj/Build/Intermediates.noindex/OPS.build/Debug-iphonesimulator/OPS.build/DerivedSources/GeneratedAssetSymbols.swift -supplementary-output-file-map /Users/jacksonsweet/Library/Developer/Xcode/DerivedData/OPS-czavgtmnvamasvcjgszzuulfcsxj/Build/Intermediates.noindex/OPS.build/Debug-iphonesimulator/OPS.build/Objects-normal/arm64/supplementaryOutputs-1 -emit-localized-strings -emit-localized-strings-path /Users/jacksonsweet/Library/Developer/Xcode/DerivedData/OPS-czavgtmnvamasvcjgszzuulfcsxj/Build/Intermediates.noindex/OPS.build/Debug-iphonesimulator/OPS.build/Objects-normal/arm64 -target arm64-apple-ios18.2-simulator -Xllvm -aarch64-use-tbi -enable-objc-interop -sdk /Applications/Xcode.app/Contents/Developer/Platforms/iPhoneSimulator.platform/Developer/SDKs/iPhoneSimulator18.2.sdk -I /Users/jacksonsweet/Library/Developer/Xcode/DerivedData/OPS-czavgtmnvamasvcjgszzuulfcsxj/Build/Products/Debug-iphonesimulator -F /Users/jacksonsweet/Library/Developer/Xcode/DerivedData/OPS-czavgtmnvamasvcjgszzuulfcsxj/Build/Products/Debug-iphonesimulator -no-color-diagnostics -enable-testing -g -debug-info-format\=dwarf -dwarf-version\=5 -module-cache-path /Users/jacksonsweet/Library/Developer/Xcode/DerivedData/ModuleCache.noindex -profile-generate -profile-coverage-mapping -swift-version 5 -enforce-exclusivity\=checked -Onone -D DEBUG -serialize-debugging-options -const-gather-protocols-file /Users/jacksonsweet/Library/Developer/Xcode/DerivedData/OPS-czavgtmnvamasvcjgszzuulfcsxj/Build/Intermediates.noindex/OPS.build/Debug-iphonesimulator/OPS.build/Objects-normal/arm64/OPS_const_extract_protocols.json -enable-experimental-feature DebugDescriptionMacro -enable-experimental-feature OpaqueTypeErasure -enable-bare-slash-regex -empty-abi-descriptor -validate-clang-modules-once -clang-build-session-file /Users/jacksonsweet/Library/Developer/Xcode/DerivedData/ModuleCache.noindex/Session.modulevalidation -Xcc -working-directory -Xcc /Users/jacksonsweet/Desktop/OPS\ APP/OPS -resource-dir /Applications/Xcode.app/Contents/Developer/Toolchains/XcodeDefault.xctoolchain/usr/lib/swift -enable-anonymous-context-mangled-names -file-compilation-dir /Users/jacksonsweet/Desktop/OPS\ APP/OPS -Xcc -D_LIBCPP_HARDENING_MODE\=_LIBCPP_HARDENING_MODE_DEBUG -Xcc -ivfsstatcache -Xcc /Users/jacksonsweet/Library/Developer/Xcode/DerivedData/SDKStatCaches.noindex/iphonesimulator18.2-22C146-07b28473f605e47e75261259d3ef3b5a.sdkstatcache -Xcc -I/Users/jacksonsweet/Library/Developer/Xcode/DerivedData/OPS-czavgtmnvamasvcjgszzuulfcsxj/Build/Intermediates.noindex/OPS.build/Debug-iphonesimulator/OPS.build/swift-overrides.hmap -Xcc -iquote -Xcc /Users/jacksonsweet/Library/Developer/Xcode/DerivedData/OPS-czavgtmnvamasvcjgszzuulfcsxj/Build/Intermediates.noindex/OPS.build/Debug-iphonesimulator/OPS.build/OPS-generated-files.hmap -Xcc -I/Users/jacksonsweet/Library/Developer/Xcode/DerivedData/OPS-czavgtmnvamasvcjgszzuulfcsxj/Build/Intermediates.noindex/OPS.build/Debug-iphonesimulator/OPS.build/OPS-own-target-headers.hmap -Xcc -I/Users/jacksonsweet/Library/Developer/Xcode/DerivedData/OPS-czavgtmnvamasvcjgszzuulfcsxj/Build/Intermediates.noindex/OPS.build/Debug-iphonesimulator/OPS.build/OPS-all-target-headers.hmap -Xcc -iquote -Xcc /Users/jacksonsweet/Library/Developer/Xcode/DerivedData/OPS-czavgtmnvamasvcjgszzuulfcsxj/Build/Intermediates.noindex/OPS.build/Debug-iphonesimulator/OPS.build/OPS-project-headers.hmap -Xcc -I/Users/jacksonsweet/Library/Developer/Xcode/DerivedData/OPS-czavgtmnvamasvcjgszzuulfcsxj/Build/Products/Debug-iphonesimulator/include -Xcc -I/Users/jacksonsweet/Library/Developer/Xcode/DerivedData/OPS-czavgtmnvamasvcjgszzuulfcsxj/Build/Intermediates.noindex/OPS.build/Debug-iphonesimulator/OPS.build/DerivedSources-normal/arm64 -Xcc -I/Users/jacksonsweet/Library/Developer/Xcode/DerivedData/OPS-czavgtmnvamasvcjgszzuulfcsxj/Build/Intermediates.noindex/OPS.build/Debug-iphonesimulator/OPS.build/DerivedSources/arm64 -Xcc -I/Users/jacksonsweet/Library/Developer/Xcode/DerivedData/OPS-czavgtmnvamasvcjgszzuulfcsxj/Build/Intermediates.noindex/OPS.build/Debug-iphonesimulator/OPS.build/DerivedSources -Xcc -DDEBUG\=1 -module-name OPS -frontend-parseable-output -disable-clang-spi -target-sdk-version 18.2 -target-sdk-name iphonesimulator18.2 -external-plugin-path /Applications/Xcode.app/Contents/Developer/Platforms/iPhoneOS.platform/Developer/usr/lib/swift/host/plugins\#/Applications/Xcode.app/Contents/Developer/Platforms/iPhoneOS.platform/Developer/usr/bin/swift-plugin-server -external-plugin-path /Applications/Xcode.app/Contents/Developer/Platforms/iPhoneOS.platform/Developer/usr/local/lib/swift/host/plugins\#/Applications/Xcode.app/Contents/Developer/Platforms/iPhoneOS.platform/Developer/usr/bin/swift-plugin-server -plugin-path /Applications/Xcode.app/Contents/Developer/Toolchains/XcodeDefault.xctoolchain/usr/lib/swift/host/plugins -plugin-path /Applications/Xcode.app/Contents/Developer/Toolchains/XcodeDefault.xctoolchain/usr/local/lib/swift/host/plugins -o /Users/jacksonsweet/Library/Developer/Xcode/DerivedData/OPS-czavgtmnvamasvcjgszzuulfcsxj/Build/Intermediates.noindex/OPS.build/Debug-iphonesimulator/OPS.build/Objects-normal/arm64/BubbleImage.o -o /Users/jacksonsweet/Library/Developer/Xcode/DerivedData/OPS-czavgtmnvamasvcjgszzuulfcsxj/Build/Intermediates.noindex/OPS.build/Debug-iphonesimulator/OPS.build/Objects-normal/arm64/BubbleTypes.o -o /Users/jacksonsweet/Library/Developer/Xcode/DerivedData/OPS-czavgtmnvamasvcjgszzuulfcsxj/Build/Intermediates.noindex/OPS.build/Debug-iphonesimulator/OPS.build/Objects-normal/arm64/Company.o -o /Users/jacksonsweet/Library/Developer/Xcode/DerivedData/OPS-czavgtmnvamasvcjgszzuulfcsxj/Build/Intermediates.noindex/OPS.build/Debug-iphonesimulator/OPS.build/Objects-normal/arm64/Project.o -o /Users/jacksonsweet/Library/Developer/Xcode/DerivedData/OPS-czavgtmnvamasvcjgszzuulfcsxj/Build/Intermediates.noindex/OPS.build/Debug-iphonesimulator/OPS.build/Objects-normal/arm64/Status.o -o /Users/jacksonsweet/Library/Developer/Xcode/DerivedData/OPS-czavgtmnvamasvcjgszzuulfcsxj/Build/Intermediates.noindex/OPS.build/Debug-iphonesimulator/OPS.build/Objects-normal/arm64/User.o -o /Users/jacksonsweet/Library/Developer/Xcode/DerivedData/OPS-czavgtmnvamasvcjgszzuulfcsxj/Build/Intermediates.noindex/OPS.build/Debug-iphonesimulator/OPS.build/Objects-normal/arm64/UserRole.o -o /Users/jacksonsweet/Library/Developer/Xcode/DerivedData/OPS-czavgtmnvamasvcjgszzuulfcsxj/Build/Intermediates.noindex/OPS.build/Debug-iphonesimulator/OPS.build/Objects-normal/arm64/UIImage+Extensions.o -o /Users/jacksonsweet/Library/Developer/Xcode/DerivedData/OPS-czavgtmnvamasvcjgszzuulfcsxj/Build/Intermediates.noindex/OPS.build/Debug-iphonesimulator/OPS.build/Objects-normal/arm64/APIError.o -o /Users/jacksonsweet/Library/Developer/Xcode/DerivedData/OPS-czavgtmnvamasvcjgszzuulfcsxj/Build/Intermediates.noindex/OPS.build/Debug-iphonesimulator/OPS.build/Objects-normal/arm64/APIService.o -o /Users/jacksonsweet/Library/Developer/Xcode/DerivedData/OPS-czavgtmnvamasvcjgszzuulfcsxj/Build/Intermediates.noindex/OPS.build/Debug-iphonesimulator/OPS.build/Objects-normal/arm64/BubbleFields.o -o /Users/jacksonsweet/Library/Developer/Xcode/DerivedData/OPS-czavgtmnvamasvcjgszzuulfcsxj/Build/Intermediates.noindex/OPS.build/Debug-iphonesimulator/OPS.build/Objects-normal/arm64/AuthError.o -o /Users/jacksonsweet/Library/Developer/Xcode/DerivedData/OPS-czavgtmnvamasvcjgszzuulfcsxj/Build/Intermediates.noindex/OPS.build/Debug-iphonesimulator/OPS.build/Objects-normal/arm64/AuthManager.o -index-unit-output-path /OPS.build/Debug-iphonesimulator/OPS.build/Objects-normal/arm64/BubbleImage.o -index-unit-output-path /OPS.build/Debug-iphonesimulator/OPS.build/Objects-normal/arm64/BubbleTypes.o -index-unit-output-path /OPS.build/Debug-iphonesimulator/OPS.build/Objects-normal/arm64/Company.o -index-unit-output-path /OPS.build/Debug-iphonesimulator/OPS.build/Objects-normal/arm64/Project.o -index-unit-output-path /OPS.build/Debug-iphonesimulator/OPS.build/Objects-normal/arm64/Status.o -index-unit-output-path /OPS.build/Debug-iphonesimulator/OPS.build/Objects-normal/arm64/User.o -index-unit-output-path /OPS.build/Debug-iphonesimulator/OPS.build/Objects-normal/arm64/UserRole.o -index-unit-output-path /OPS.build/Debug-iphonesimulator/OPS.build/Objects-normal/arm64/UIImage+Extensions.o -index-unit-output-path /OPS.build/Debug-iphonesimulator/OPS.build/Objects-normal/arm64/APIError.o -index-unit-output-path /OPS.build/Debug-iphonesimulator/OPS.build/Objects-normal/arm64/APIService.o -index-unit-output-path /OPS.build/Debug-iphonesimulator/OPS.build/Objects-normal/arm64/BubbleFields.o -index-unit-output-path /OPS.build/Debug-iphonesimulator/OPS.build/Objects-normal/arm64/AuthError.o -index-unit-output-path /OPS.build/Debug-iphonesimulator/OPS.build/Objects-normal/arm64/AuthManager.o -index-store-path /Users/jacksonsweet/Library/Developer/Xcode/DerivedData/OPS-czavgtmnvamasvcjgszzuulfcsxj/Index.noindex/DataStore -index-system-modules

SwiftCompile normal arm64 /Users/jacksonsweet/Desktop/OPS\ APP/OPS/OPS/DataModels/Status.swift (in target 'OPS' from project 'OPS')
    cd /Users/jacksonsweet/Desktop/OPS\ APP/OPS
    /Applications/Xcode.app/Contents/Developer/Toolchains/XcodeDefault.xctoolchain/usr/bin/swift-frontend -c -primary-file /Users/jacksonsweet/Desktop/OPS\ APP/OPS/OPS/DataModels/BubbleImage.swift -primary-file /Users/jacksonsweet/Desktop/OPS\ APP/OPS/OPS/DataModels/BubbleTypes.swift -primary-file /Users/jacksonsweet/Desktop/OPS\ APP/OPS/OPS/DataModels/Company.swift -primary-file /Users/jacksonsweet/Desktop/OPS\ APP/OPS/OPS/DataModels/Project.swift -primary-file /Users/jacksonsweet/Desktop/OPS\ APP/OPS/OPS/DataModels/Status.swift -primary-file /Users/jacksonsweet/Desktop/OPS\ APP/OPS/OPS/DataModels/User.swift -primary-file /Users/jacksonsweet/Desktop/OPS\ APP/OPS/OPS/DataModels/UserRole.swift -primary-file /Users/jacksonsweet/Desktop/OPS\ APP/OPS/OPS/Extensions/UIImage+Extensions.swift -primary-file /Users/jacksonsweet/Desktop/OPS\ APP/OPS/OPS/Network/API/APIError.swift -primary-file /Users/jacksonsweet/Desktop/OPS\ APP/OPS/OPS/Network/API/APIService.swift -primary-file /Users/jacksonsweet/Desktop/OPS\ APP/OPS/OPS/Network/API/BubbleFields.swift -primary-file /Users/jacksonsweet/Desktop/OPS\ APP/OPS/OPS/Network/Auth/AuthError.swift -primary-file /Users/jacksonsweet/Desktop/OPS\ APP/OPS/OPS/Network/Auth/AuthManager.swift /Users/jacksonsweet/Desktop/OPS\ APP/OPS/OPS/Network/Auth/KeychainManager.swift /Users/jacksonsweet/Desktop/OPS\ APP/OPS/OPS/Network/DTOs/CompanyDTO.swift /Users/jacksonsweet/Desktop/OPS\ APP/OPS/OPS/Network/DTOs/ProjectDTO.swift /Users/jacksonsweet/Desktop/OPS\ APP/OPS/OPS/Network/DTOs/UserDTO.swift /Users/jacksonsweet/Desktop/OPS\ APP/OPS/OPS/Network/Endpoints/CompanyEndpoints.swift /Users/jacksonsweet/Desktop/OPS\ APP/OPS/OPS/Network/Endpoints/ProjectEndpoints.swift /Users/jacksonsweet/Desktop/OPS\ APP/OPS/OPS/Network/Endpoints/UserEndpoints.swift /Users/jacksonsweet/Desktop/OPS\ APP/OPS/OPS/Network/Sync/BackgroundTaskManager.swift /Users/jacksonsweet/Desktop/OPS\ APP/OPS/OPS/Network/Sync/SyncManager.swift /Users/jacksonsweet/Desktop/OPS\ APP/OPS/OPS/Network/ConnectivityMonitor.swift /Users/jacksonsweet/Desktop/OPS\ APP/OPS/OPS/Network/ImageSyncManager.swift /Users/jacksonsweet/Desktop/OPS\ APP/OPS/OPS/Onboarding/Coordinators/OnboardingCoordinator.swift /Users/jacksonsweet/Desktop/OPS\ APP/OPS/OPS/Onboarding/Models/OnboardingModels.swift /Users/jacksonsweet/Desktop/OPS\ APP/OPS/OPS/Onboarding/Services/OnboardingService.swift /Users/jacksonsweet/Desktop/OPS\ APP/OPS/OPS/Onboarding/ViewModels/OnboardingViewModel.swift /Users/jacksonsweet/Desktop/OPS\ APP/OPS/OPS/Onboarding/Views/Components/OnboardingComponents.swift /Users/jacksonsweet/Desktop/OPS\ APP/OPS/OPS/Onboarding/Views/Screens/AccountCreatedView.swift /Users/jacksonsweet/Desktop/OPS\ APP/OPS/OPS/Onboarding/Views/Screens/CompanyCodeView.swift /Users/jacksonsweet/Desktop/OPS\ APP/OPS/OPS/Onboarding/Views/Screens/CompanyCodeViewPreview.swift /Users/jacksonsweet/Desktop/OPS\ APP/OPS/OPS/Onboarding/Views/Screens/CompletionView.swift /Users/jacksonsweet/Desktop/OPS\ APP/OPS/OPS/Onboarding/Views/Screens/CompletionViewPreview.swift /Users/jacksonsweet/Desktop/OPS\ APP/OPS/OPS/Onboarding/Views/Screens/EmailView.swift /Users/jacksonsweet/Desktop/OPS\ APP/OPS/OPS/Onboarding/Views/Screens/FieldSetupView.swift /Users/jacksonsweet/Desktop/OPS\ APP/OPS/OPS/Onboarding/Views/Screens/NotificationsView.swift /Users/jacksonsweet/Desktop/OPS\ APP/OPS/OPS/Onboarding/Views/Screens/NotificationsViewPreview.swift /Users/jacksonsweet/Desktop/OPS\ APP/OPS/OPS/Onboarding/Views/Screens/OrganizationJoinView.swift /Users/jacksonsweet/Desktop/OPS\ APP/OPS/OPS/Onboarding/Views/Screens/PasswordView.swift /Users/jacksonsweet/Desktop/OPS\ APP/OPS/OPS/Onboarding/Views/Screens/PasswordViewPreview.swift /Users/jacksonsweet/Desktop/OPS\ APP/OPS/OPS/Onboarding/Views/Screens/PermissionsView.swift /Users/jacksonsweet/Desktop/OPS\ APP/OPS/OPS/Onboarding/Views/Screens/PermissionsViewPreview.swift /Users/jacksonsweet/Desktop/OPS\ APP/OPS/OPS/Onboarding/Views/Screens/PhoneNumberView.swift /Users/jacksonsweet/Desktop/OPS\ APP/OPS/OPS/Onboarding/Views/Screens/PhoneNumberViewPreview.swift /Users/jacksonsweet/Desktop/OPS\ APP/OPS/OPS/Onboarding/Views/Screens/UserInfoView.swift /Users/jacksonsweet/Desktop/OPS\ APP/OPS/OPS/Onboarding/Views/Screens/UserInfoViewPreview.swift /Users/jacksonsweet/Desktop/OPS\ APP/OPS/OPS/Onboarding/Views/Screens/VerifyPhoneView.swift /Users/jacksonsweet/Desktop/OPS\ APP/OPS/OPS/Onboarding/Views/Screens/WelcomeCompanyView.swift /Users/jacksonsweet/Desktop/OPS\ APP/OPS/OPS/Onboarding/Views/Screens/WelcomeCompanyViewPreview.swift /Users/jacksonsweet/Desktop/OPS\ APP/OPS/OPS/Onboarding/Views/Screens/WelcomeView.swift /Users/jacksonsweet/Desktop/OPS\ APP/OPS/OPS/Onboarding/Views/Screens/WelcomeViewPreview.swift /Users/jacksonsweet/Desktop/OPS\ APP/OPS/OPS/Onboarding/Views/OnboardingContainerView.swift /Users/jacksonsweet/Desktop/OPS\ APP/OPS/OPS/Onboarding/Views/OnboardingFlowPreview.swift /Users/jacksonsweet/Desktop/OPS\ APP/OPS/OPS/Onboarding/Views/OnboardingPresenter.swift /Users/jacksonsweet/Desktop/OPS\ APP/OPS/OPS/Onboarding/Views/OnboardingPreviewHelpers.swift /Users/jacksonsweet/Desktop/OPS\ APP/OPS/OPS/Styles/OPSStyle.swift /Users/jacksonsweet/Desktop/OPS\ APP/OPS/OPS/Utilities/AppConfiguration.swift /Users/jacksonsweet/Desktop/OPS\ APP/OPS/OPS/Utilities/ArrayTransformer.swift /Users/jacksonsweet/Desktop/OPS\ APP/OPS/OPS/Utilities/DataController.swift /Users/jacksonsweet/Desktop/OPS\ APP/OPS/OPS/Utilities/Dateformatter\ +Bubble.swift /Users/jacksonsweet/Desktop/OPS\ APP/OPS/OPS/Utilities/DateHelper.swift /Users/jacksonsweet/Desktop/OPS\ APP/OPS/OPS/Utilities/FieldErrorHandler.swift /Users/jacksonsweet/Desktop/OPS\ APP/OPS/OPS/Utilities/ImageCache.swift /Users/jacksonsweet/Desktop/OPS\ APP/OPS/OPS/Utilities/ImageFileManager.swift /Users/jacksonsweet/Desktop/OPS\ APP/OPS/OPS/Utilities/InProgressManager.swift /Users/jacksonsweet/Desktop/OPS\ APP/OPS/OPS/Utilities/KeyboardDismissalModifier.swift /Users/jacksonsweet/Desktop/OPS\ APP/OPS/OPS/Utilities/LocationManager.swift /Users/jacksonsweet/Desktop/OPS\ APP/OPS/OPS/Utilities/OnboardingEnvironmentKey.swift /Users/jacksonsweet/Desktop/OPS\ APP/OPS/OPS/Utilities/SwiftDataHelper.swift /Users/jacksonsweet/Desktop/OPS\ APP/OPS/OPS/Utilities/UIComponents.swift /Users/jacksonsweet/Desktop/OPS\ APP/OPS/OPS/V2/CertificationsSettingsView.swift /Users/jacksonsweet/Desktop/OPS\ APP/OPS/OPS/ViewModels/CalendarViewModel.swift /Users/jacksonsweet/Desktop/OPS\ APP/OPS/OPS/ViewModels/ProjectsViewModel.swift /Users/jacksonsweet/Desktop/OPS\ APP/OPS/OPS/Views/Calendar\ Tab/Components/CalendarDaySelector.swift /Users/jacksonsweet/Desktop/OPS\ APP/OPS/OPS/Views/Calendar\ Tab/Components/CalendarHeaderView.swift /Users/jacksonsweet/Desktop/OPS\ APP/OPS/OPS/Views/Calendar\ Tab/Components/CalendarProjectCard.swift /Users/jacksonsweet/Desktop/OPS\ APP/OPS/OPS/Views/Calendar\ Tab/Components/CalendarToggleView.swift /Users/jacksonsweet/Desktop/OPS\ APP/OPS/OPS/Views/Calendar\ Tab/Components/DatePickerPopover.swift /Users/jacksonsweet/Desktop/OPS\ APP/OPS/OPS/Views/Calendar\ Tab/Components/DayCell.swift /Users/jacksonsweet/Desktop/OPS\ APP/OPS/OPS/Views/Calendar\ Tab/ProjectViews/DayProjectSheet.swift /Users/jacksonsweet/Desktop/OPS\ APP/OPS/OPS/Views/Calendar\ Tab/ProjectViews/ProjectListView.swift /Users/jacksonsweet/Desktop/OPS\ APP/OPS/OPS/Views/Calendar\ Tab/MonthGridView.swift /Users/jacksonsweet/Desktop/OPS\ APP/OPS/OPS/Views/Components/Common/AppHeader.swift /Users/jacksonsweet/Desktop/OPS\ APP/OPS/OPS/Views/Components/Common/ExpandableNotesView.swift /Users/jacksonsweet/Desktop/OPS\ APP/OPS/OPS/Views/Components/Common/LocationPermissionView.swift /Users/jacksonsweet/Desktop/OPS\ APP/OPS/OPS/Views/Components/Common/NavigationBanner.swift /Users/jacksonsweet/Desktop/OPS\ APP/OPS/OPS/Views/Components/Common/NavigationControlsView.swift /Users/jacksonsweet/Desktop/OPS\ APP/OPS/OPS/Views/Components/Common/TabBarBackground.swift /Users/jacksonsweet/Desktop/OPS\ APP/OPS/OPS/Views/Components/Images/ImagePicker.swift /Users/jacksonsweet/Desktop/OPS\ APP/OPS/OPS/Views/Components/Images/ImagePickerView.swift /Users/jacksonsweet/Desktop/OPS\ APP/OPS/OPS/Views/Components/Images/ProjectImagesSection.swift /Users/jacksonsweet/Desktop/OPS\ APP/OPS/OPS/Views/Components/Images/ProjectImagesSimple.swift /Users/jacksonsweet/Desktop/OPS\ APP/OPS/OPS/Views/Components/Images/ProjectImageView.swift /Users/jacksonsweet/Desktop/OPS\ APP/OPS/OPS/Views/Components/Images/ProjectPhotosGrid.swift /Users/jacksonsweet/Desktop/OPS\ APP/OPS/OPS/Views/Components/Map/MiniMapView.swift /Users/jacksonsweet/Desktop/OPS\ APP/OPS/OPS/Views/Components/Map/ProjectMapAnnotation.swift /Users/jacksonsweet/Desktop/OPS\ APP/OPS/OPS/Views/Components/Map/ProjectMapView.swift /Users/jacksonsweet/Desktop/OPS\ APP/OPS/OPS/Views/Components/Map/ProjectMarkerPopup.swift /Users/jacksonsweet/Desktop/OPS\ APP/OPS/OPS/Views/Components/Map/RouteDirectionsView.swift /Users/jacksonsweet/Desktop/OPS\ APP/OPS/OPS/Views/Components/Project/ProjectActionBar.swift /Users/jacksonsweet/Desktop/OPS\ APP/OPS/OPS/Views/Components/Project/ProjectCard.swift /Users/jacksonsweet/Desktop/OPS\ APP/OPS/OPS/Views/Components/Project/ProjectCarousel.swift /Users/jacksonsweet/Desktop/OPS\ APP/OPS/OPS/Views/Components/Project/ProjectDetailsView.swift /Users/jacksonsweet/Desktop/OPS\ APP/OPS/OPS/Views/Components/Project/ProjectHeader.swift /Users/jacksonsweet/Desktop/OPS\ APP/OPS/OPS/Views/Components/Project/ProjectSheetContainer.swift /Users/jacksonsweet/Desktop/OPS\ APP/OPS/OPS/Views/Components/User/TeamMemberListView.swift /Users/jacksonsweet/Desktop/OPS\ APP/OPS/OPS/Views/Components/User/UserProfileCard.swift /Users/jacksonsweet/Desktop/OPS\ APP/OPS/OPS/Views/Home/HomeContentView.swift /Users/jacksonsweet/Desktop/OPS\ APP/OPS/OPS/Views/Home/HomeView.swift /Users/jacksonsweet/Desktop/OPS\ APP/OPS/OPS/Views/Settings/OrganizationSettingsView.swift /Users/jacksonsweet/Desktop/OPS\ APP/OPS/OPS/Views/Settings/ProfileSettingsView.swift /Users/jacksonsweet/Desktop/OPS\ APP/OPS/OPS/Views/Settings/ProjectHistorySettingsView.swift /Users/jacksonsweet/Desktop/OPS\ APP/OPS/OPS/Views/LoginView.swift /Users/jacksonsweet/Desktop/OPS\ APP/OPS/OPS/Views/LoginViewPreview.swift /Users/jacksonsweet/Desktop/OPS\ APP/OPS/OPS/Views/MainTabView.swift /Users/jacksonsweet/Desktop/OPS\ APP/OPS/OPS/Views/NetworkStatusIndicator.swift /Users/jacksonsweet/Desktop/OPS\ APP/OPS/OPS/Views/ScheduleView.swift /Users/jacksonsweet/Desktop/OPS\ APP/OPS/OPS/Views/SettingsView.swift /Users/jacksonsweet/Desktop/OPS\ APP/OPS/OPS/Views/SplashScreen.swift /Users/jacksonsweet/Desktop/OPS\ APP/OPS/OPS/AppState.swift /Users/jacksonsweet/Desktop/OPS\ APP/OPS/OPS/ContentView.swift /Users/jacksonsweet/Desktop/OPS\ APP/OPS/OPS/Item.swift /Users/jacksonsweet/Desktop/OPS\ APP/OPS/OPS/OPSApp.swift /Users/jacksonsweet/Library/Developer/Xcode/DerivedData/OPS-czavgtmnvamasvcjgszzuulfcsxj/Build/Intermediates.noindex/OPS.build/Debug-iphonesimulator/OPS.build/DerivedSources/GeneratedAssetSymbols.swift -supplementary-output-file-map /Users/jacksonsweet/Library/Developer/Xcode/DerivedData/OPS-czavgtmnvamasvcjgszzuulfcsxj/Build/Intermediates.noindex/OPS.build/Debug-iphonesimulator/OPS.build/Objects-normal/arm64/supplementaryOutputs-1 -emit-localized-strings -emit-localized-strings-path /Users/jacksonsweet/Library/Developer/Xcode/DerivedData/OPS-czavgtmnvamasvcjgszzuulfcsxj/Build/Intermediates.noindex/OPS.build/Debug-iphonesimulator/OPS.build/Objects-normal/arm64 -target arm64-apple-ios18.2-simulator -Xllvm -aarch64-use-tbi -enable-objc-interop -sdk /Applications/Xcode.app/Contents/Developer/Platforms/iPhoneSimulator.platform/Developer/SDKs/iPhoneSimulator18.2.sdk -I /Users/jacksonsweet/Library/Developer/Xcode/DerivedData/OPS-czavgtmnvamasvcjgszzuulfcsxj/Build/Products/Debug-iphonesimulator -F /Users/jacksonsweet/Library/Developer/Xcode/DerivedData/OPS-czavgtmnvamasvcjgszzuulfcsxj/Build/Products/Debug-iphonesimulator -no-color-diagnostics -enable-testing -g -debug-info-format\=dwarf -dwarf-version\=5 -module-cache-path /Users/jacksonsweet/Library/Developer/Xcode/DerivedData/ModuleCache.noindex -profile-generate -profile-coverage-mapping -swift-version 5 -enforce-exclusivity\=checked -Onone -D DEBUG -serialize-debugging-options -const-gather-protocols-file /Users/jacksonsweet/Library/Developer/Xcode/DerivedData/OPS-czavgtmnvamasvcjgszzuulfcsxj/Build/Intermediates.noindex/OPS.build/Debug-iphonesimulator/OPS.build/Objects-normal/arm64/OPS_const_extract_protocols.json -enable-experimental-feature DebugDescriptionMacro -enable-experimental-feature OpaqueTypeErasure -enable-bare-slash-regex -empty-abi-descriptor -validate-clang-modules-once -clang-build-session-file /Users/jacksonsweet/Library/Developer/Xcode/DerivedData/ModuleCache.noindex/Session.modulevalidation -Xcc -working-directory -Xcc /Users/jacksonsweet/Desktop/OPS\ APP/OPS -resource-dir /Applications/Xcode.app/Contents/Developer/Toolchains/XcodeDefault.xctoolchain/usr/lib/swift -enable-anonymous-context-mangled-names -file-compilation-dir /Users/jacksonsweet/Desktop/OPS\ APP/OPS -Xcc -D_LIBCPP_HARDENING_MODE\=_LIBCPP_HARDENING_MODE_DEBUG -Xcc -ivfsstatcache -Xcc /Users/jacksonsweet/Library/Developer/Xcode/DerivedData/SDKStatCaches.noindex/iphonesimulator18.2-22C146-07b28473f605e47e75261259d3ef3b5a.sdkstatcache -Xcc -I/Users/jacksonsweet/Library/Developer/Xcode/DerivedData/OPS-czavgtmnvamasvcjgszzuulfcsxj/Build/Intermediates.noindex/OPS.build/Debug-iphonesimulator/OPS.build/swift-overrides.hmap -Xcc -iquote -Xcc /Users/jacksonsweet/Library/Developer/Xcode/DerivedData/OPS-czavgtmnvamasvcjgszzuulfcsxj/Build/Intermediates.noindex/OPS.build/Debug-iphonesimulator/OPS.build/OPS-generated-files.hmap -Xcc -I/Users/jacksonsweet/Library/Developer/Xcode/DerivedData/OPS-czavgtmnvamasvcjgszzuulfcsxj/Build/Intermediates.noindex/OPS.build/Debug-iphonesimulator/OPS.build/OPS-own-target-headers.hmap -Xcc -I/Users/jacksonsweet/Library/Developer/Xcode/DerivedData/OPS-czavgtmnvamasvcjgszzuulfcsxj/Build/Intermediates.noindex/OPS.build/Debug-iphonesimulator/OPS.build/OPS-all-target-headers.hmap -Xcc -iquote -Xcc /Users/jacksonsweet/Library/Developer/Xcode/DerivedData/OPS-czavgtmnvamasvcjgszzuulfcsxj/Build/Intermediates.noindex/OPS.build/Debug-iphonesimulator/OPS.build/OPS-project-headers.hmap -Xcc -I/Users/jacksonsweet/Library/Developer/Xcode/DerivedData/OPS-czavgtmnvamasvcjgszzuulfcsxj/Build/Products/Debug-iphonesimulator/include -Xcc -I/Users/jacksonsweet/Library/Developer/Xcode/DerivedData/OPS-czavgtmnvamasvcjgszzuulfcsxj/Build/Intermediates.noindex/OPS.build/Debug-iphonesimulator/OPS.build/DerivedSources-normal/arm64 -Xcc -I/Users/jacksonsweet/Library/Developer/Xcode/DerivedData/OPS-czavgtmnvamasvcjgszzuulfcsxj/Build/Intermediates.noindex/OPS.build/Debug-iphonesimulator/OPS.build/DerivedSources/arm64 -Xcc -I/Users/jacksonsweet/Library/Developer/Xcode/DerivedData/OPS-czavgtmnvamasvcjgszzuulfcsxj/Build/Intermediates.noindex/OPS.build/Debug-iphonesimulator/OPS.build/DerivedSources -Xcc -DDEBUG\=1 -module-name OPS -frontend-parseable-output -disable-clang-spi -target-sdk-version 18.2 -target-sdk-name iphonesimulator18.2 -external-plugin-path /Applications/Xcode.app/Contents/Developer/Platforms/iPhoneOS.platform/Developer/usr/lib/swift/host/plugins\#/Applications/Xcode.app/Contents/Developer/Platforms/iPhoneOS.platform/Developer/usr/bin/swift-plugin-server -external-plugin-path /Applications/Xcode.app/Contents/Developer/Platforms/iPhoneOS.platform/Developer/usr/local/lib/swift/host/plugins\#/Applications/Xcode.app/Contents/Developer/Platforms/iPhoneOS.platform/Developer/usr/bin/swift-plugin-server -plugin-path /Applications/Xcode.app/Contents/Developer/Toolchains/XcodeDefault.xctoolchain/usr/lib/swift/host/plugins -plugin-path /Applications/Xcode.app/Contents/Developer/Toolchains/XcodeDefault.xctoolchain/usr/local/lib/swift/host/plugins -o /Users/jacksonsweet/Library/Developer/Xcode/DerivedData/OPS-czavgtmnvamasvcjgszzuulfcsxj/Build/Intermediates.noindex/OPS.build/Debug-iphonesimulator/OPS.build/Objects-normal/arm64/BubbleImage.o -o /Users/jacksonsweet/Library/Developer/Xcode/DerivedData/OPS-czavgtmnvamasvcjgszzuulfcsxj/Build/Intermediates.noindex/OPS.build/Debug-iphonesimulator/OPS.build/Objects-normal/arm64/BubbleTypes.o -o /Users/jacksonsweet/Library/Developer/Xcode/DerivedData/OPS-czavgtmnvamasvcjgszzuulfcsxj/Build/Intermediates.noindex/OPS.build/Debug-iphonesimulator/OPS.build/Objects-normal/arm64/Company.o -o /Users/jacksonsweet/Library/Developer/Xcode/DerivedData/OPS-czavgtmnvamasvcjgszzuulfcsxj/Build/Intermediates.noindex/OPS.build/Debug-iphonesimulator/OPS.build/Objects-normal/arm64/Project.o -o /Users/jacksonsweet/Library/Developer/Xcode/DerivedData/OPS-czavgtmnvamasvcjgszzuulfcsxj/Build/Intermediates.noindex/OPS.build/Debug-iphonesimulator/OPS.build/Objects-normal/arm64/Status.o -o /Users/jacksonsweet/Library/Developer/Xcode/DerivedData/OPS-czavgtmnvamasvcjgszzuulfcsxj/Build/Intermediates.noindex/OPS.build/Debug-iphonesimulator/OPS.build/Objects-normal/arm64/User.o -o /Users/jacksonsweet/Library/Developer/Xcode/DerivedData/OPS-czavgtmnvamasvcjgszzuulfcsxj/Build/Intermediates.noindex/OPS.build/Debug-iphonesimulator/OPS.build/Objects-normal/arm64/UserRole.o -o /Users/jacksonsweet/Library/Developer/Xcode/DerivedData/OPS-czavgtmnvamasvcjgszzuulfcsxj/Build/Intermediates.noindex/OPS.build/Debug-iphonesimulator/OPS.build/Objects-normal/arm64/UIImage+Extensions.o -o /Users/jacksonsweet/Library/Developer/Xcode/DerivedData/OPS-czavgtmnvamasvcjgszzuulfcsxj/Build/Intermediates.noindex/OPS.build/Debug-iphonesimulator/OPS.build/Objects-normal/arm64/APIError.o -o /Users/jacksonsweet/Library/Developer/Xcode/DerivedData/OPS-czavgtmnvamasvcjgszzuulfcsxj/Build/Intermediates.noindex/OPS.build/Debug-iphonesimulator/OPS.build/Objects-normal/arm64/APIService.o -o /Users/jacksonsweet/Library/Developer/Xcode/DerivedData/OPS-czavgtmnvamasvcjgszzuulfcsxj/Build/Intermediates.noindex/OPS.build/Debug-iphonesimulator/OPS.build/Objects-normal/arm64/BubbleFields.o -o /Users/jacksonsweet/Library/Developer/Xcode/DerivedData/OPS-czavgtmnvamasvcjgszzuulfcsxj/Build/Intermediates.noindex/OPS.build/Debug-iphonesimulator/OPS.build/Objects-normal/arm64/AuthError.o -o /Users/jacksonsweet/Library/Developer/Xcode/DerivedData/OPS-czavgtmnvamasvcjgszzuulfcsxj/Build/Intermediates.noindex/OPS.build/Debug-iphonesimulator/OPS.build/Objects-normal/arm64/AuthManager.o -index-unit-output-path /OPS.build/Debug-iphonesimulator/OPS.build/Objects-normal/arm64/BubbleImage.o -index-unit-output-path /OPS.build/Debug-iphonesimulator/OPS.build/Objects-normal/arm64/BubbleTypes.o -index-unit-output-path /OPS.build/Debug-iphonesimulator/OPS.build/Objects-normal/arm64/Company.o -index-unit-output-path /OPS.build/Debug-iphonesimulator/OPS.build/Objects-normal/arm64/Project.o -index-unit-output-path /OPS.build/Debug-iphonesimulator/OPS.build/Objects-normal/arm64/Status.o -index-unit-output-path /OPS.build/Debug-iphonesimulator/OPS.build/Objects-normal/arm64/User.o -index-unit-output-path /OPS.build/Debug-iphonesimulator/OPS.build/Objects-normal/arm64/UserRole.o -index-unit-output-path /OPS.build/Debug-iphonesimulator/OPS.build/Objects-normal/arm64/UIImage+Extensions.o -index-unit-output-path /OPS.build/Debug-iphonesimulator/OPS.build/Objects-normal/arm64/APIError.o -index-unit-output-path /OPS.build/Debug-iphonesimulator/OPS.build/Objects-normal/arm64/APIService.o -index-unit-output-path /OPS.build/Debug-iphonesimulator/OPS.build/Objects-normal/arm64/BubbleFields.o -index-unit-output-path /OPS.build/Debug-iphonesimulator/OPS.build/Objects-normal/arm64/AuthError.o -index-unit-output-path /OPS.build/Debug-iphonesimulator/OPS.build/Objects-normal/arm64/AuthManager.o -index-store-path /Users/jacksonsweet/Library/Developer/Xcode/DerivedData/OPS-czavgtmnvamasvcjgszzuulfcsxj/Index.noindex/DataStore -index-system-modules

SwiftCompile normal arm64 /Users/jacksonsweet/Desktop/OPS\ APP/OPS/OPS/DataModels/User.swift (in target 'OPS' from project 'OPS')
    cd /Users/jacksonsweet/Desktop/OPS\ APP/OPS
    /Applications/Xcode.app/Contents/Developer/Toolchains/XcodeDefault.xctoolchain/usr/bin/swift-frontend -c -primary-file /Users/jacksonsweet/Desktop/OPS\ APP/OPS/OPS/DataModels/BubbleImage.swift -primary-file /Users/jacksonsweet/Desktop/OPS\ APP/OPS/OPS/DataModels/BubbleTypes.swift -primary-file /Users/jacksonsweet/Desktop/OPS\ APP/OPS/OPS/DataModels/Company.swift -primary-file /Users/jacksonsweet/Desktop/OPS\ APP/OPS/OPS/DataModels/Project.swift -primary-file /Users/jacksonsweet/Desktop/OPS\ APP/OPS/OPS/DataModels/Status.swift -primary-file /Users/jacksonsweet/Desktop/OPS\ APP/OPS/OPS/DataModels/User.swift -primary-file /Users/jacksonsweet/Desktop/OPS\ APP/OPS/OPS/DataModels/UserRole.swift -primary-file /Users/jacksonsweet/Desktop/OPS\ APP/OPS/OPS/Extensions/UIImage+Extensions.swift -primary-file /Users/jacksonsweet/Desktop/OPS\ APP/OPS/OPS/Network/API/APIError.swift -primary-file /Users/jacksonsweet/Desktop/OPS\ APP/OPS/OPS/Network/API/APIService.swift -primary-file /Users/jacksonsweet/Desktop/OPS\ APP/OPS/OPS/Network/API/BubbleFields.swift -primary-file /Users/jacksonsweet/Desktop/OPS\ APP/OPS/OPS/Network/Auth/AuthError.swift -primary-file /Users/jacksonsweet/Desktop/OPS\ APP/OPS/OPS/Network/Auth/AuthManager.swift /Users/jacksonsweet/Desktop/OPS\ APP/OPS/OPS/Network/Auth/KeychainManager.swift /Users/jacksonsweet/Desktop/OPS\ APP/OPS/OPS/Network/DTOs/CompanyDTO.swift /Users/jacksonsweet/Desktop/OPS\ APP/OPS/OPS/Network/DTOs/ProjectDTO.swift /Users/jacksonsweet/Desktop/OPS\ APP/OPS/OPS/Network/DTOs/UserDTO.swift /Users/jacksonsweet/Desktop/OPS\ APP/OPS/OPS/Network/Endpoints/CompanyEndpoints.swift /Users/jacksonsweet/Desktop/OPS\ APP/OPS/OPS/Network/Endpoints/ProjectEndpoints.swift /Users/jacksonsweet/Desktop/OPS\ APP/OPS/OPS/Network/Endpoints/UserEndpoints.swift /Users/jacksonsweet/Desktop/OPS\ APP/OPS/OPS/Network/Sync/BackgroundTaskManager.swift /Users/jacksonsweet/Desktop/OPS\ APP/OPS/OPS/Network/Sync/SyncManager.swift /Users/jacksonsweet/Desktop/OPS\ APP/OPS/OPS/Network/ConnectivityMonitor.swift /Users/jacksonsweet/Desktop/OPS\ APP/OPS/OPS/Network/ImageSyncManager.swift /Users/jacksonsweet/Desktop/OPS\ APP/OPS/OPS/Onboarding/Coordinators/OnboardingCoordinator.swift /Users/jacksonsweet/Desktop/OPS\ APP/OPS/OPS/Onboarding/Models/OnboardingModels.swift /Users/jacksonsweet/Desktop/OPS\ APP/OPS/OPS/Onboarding/Services/OnboardingService.swift /Users/jacksonsweet/Desktop/OPS\ APP/OPS/OPS/Onboarding/ViewModels/OnboardingViewModel.swift /Users/jacksonsweet/Desktop/OPS\ APP/OPS/OPS/Onboarding/Views/Components/OnboardingComponents.swift /Users/jacksonsweet/Desktop/OPS\ APP/OPS/OPS/Onboarding/Views/Screens/AccountCreatedView.swift /Users/jacksonsweet/Desktop/OPS\ APP/OPS/OPS/Onboarding/Views/Screens/CompanyCodeView.swift /Users/jacksonsweet/Desktop/OPS\ APP/OPS/OPS/Onboarding/Views/Screens/CompanyCodeViewPreview.swift /Users/jacksonsweet/Desktop/OPS\ APP/OPS/OPS/Onboarding/Views/Screens/CompletionView.swift /Users/jacksonsweet/Desktop/OPS\ APP/OPS/OPS/Onboarding/Views/Screens/CompletionViewPreview.swift /Users/jacksonsweet/Desktop/OPS\ APP/OPS/OPS/Onboarding/Views/Screens/EmailView.swift /Users/jacksonsweet/Desktop/OPS\ APP/OPS/OPS/Onboarding/Views/Screens/FieldSetupView.swift /Users/jacksonsweet/Desktop/OPS\ APP/OPS/OPS/Onboarding/Views/Screens/NotificationsView.swift /Users/jacksonsweet/Desktop/OPS\ APP/OPS/OPS/Onboarding/Views/Screens/NotificationsViewPreview.swift /Users/jacksonsweet/Desktop/OPS\ APP/OPS/OPS/Onboarding/Views/Screens/OrganizationJoinView.swift /Users/jacksonsweet/Desktop/OPS\ APP/OPS/OPS/Onboarding/Views/Screens/PasswordView.swift /Users/jacksonsweet/Desktop/OPS\ APP/OPS/OPS/Onboarding/Views/Screens/PasswordViewPreview.swift /Users/jacksonsweet/Desktop/OPS\ APP/OPS/OPS/Onboarding/Views/Screens/PermissionsView.swift /Users/jacksonsweet/Desktop/OPS\ APP/OPS/OPS/Onboarding/Views/Screens/PermissionsViewPreview.swift /Users/jacksonsweet/Desktop/OPS\ APP/OPS/OPS/Onboarding/Views/Screens/PhoneNumberView.swift /Users/jacksonsweet/Desktop/OPS\ APP/OPS/OPS/Onboarding/Views/Screens/PhoneNumberViewPreview.swift /Users/jacksonsweet/Desktop/OPS\ APP/OPS/OPS/Onboarding/Views/Screens/UserInfoView.swift /Users/jacksonsweet/Desktop/OPS\ APP/OPS/OPS/Onboarding/Views/Screens/UserInfoViewPreview.swift /Users/jacksonsweet/Desktop/OPS\ APP/OPS/OPS/Onboarding/Views/Screens/VerifyPhoneView.swift /Users/jacksonsweet/Desktop/OPS\ APP/OPS/OPS/Onboarding/Views/Screens/WelcomeCompanyView.swift /Users/jacksonsweet/Desktop/OPS\ APP/OPS/OPS/Onboarding/Views/Screens/WelcomeCompanyViewPreview.swift /Users/jacksonsweet/Desktop/OPS\ APP/OPS/OPS/Onboarding/Views/Screens/WelcomeView.swift /Users/jacksonsweet/Desktop/OPS\ APP/OPS/OPS/Onboarding/Views/Screens/WelcomeViewPreview.swift /Users/jacksonsweet/Desktop/OPS\ APP/OPS/OPS/Onboarding/Views/OnboardingContainerView.swift /Users/jacksonsweet/Desktop/OPS\ APP/OPS/OPS/Onboarding/Views/OnboardingFlowPreview.swift /Users/jacksonsweet/Desktop/OPS\ APP/OPS/OPS/Onboarding/Views/OnboardingPresenter.swift /Users/jacksonsweet/Desktop/OPS\ APP/OPS/OPS/Onboarding/Views/OnboardingPreviewHelpers.swift /Users/jacksonsweet/Desktop/OPS\ APP/OPS/OPS/Styles/OPSStyle.swift /Users/jacksonsweet/Desktop/OPS\ APP/OPS/OPS/Utilities/AppConfiguration.swift /Users/jacksonsweet/Desktop/OPS\ APP/OPS/OPS/Utilities/ArrayTransformer.swift /Users/jacksonsweet/Desktop/OPS\ APP/OPS/OPS/Utilities/DataController.swift /Users/jacksonsweet/Desktop/OPS\ APP/OPS/OPS/Utilities/Dateformatter\ +Bubble.swift /Users/jacksonsweet/Desktop/OPS\ APP/OPS/OPS/Utilities/DateHelper.swift /Users/jacksonsweet/Desktop/OPS\ APP/OPS/OPS/Utilities/FieldErrorHandler.swift /Users/jacksonsweet/Desktop/OPS\ APP/OPS/OPS/Utilities/ImageCache.swift /Users/jacksonsweet/Desktop/OPS\ APP/OPS/OPS/Utilities/ImageFileManager.swift /Users/jacksonsweet/Desktop/OPS\ APP/OPS/OPS/Utilities/InProgressManager.swift /Users/jacksonsweet/Desktop/OPS\ APP/OPS/OPS/Utilities/KeyboardDismissalModifier.swift /Users/jacksonsweet/Desktop/OPS\ APP/OPS/OPS/Utilities/LocationManager.swift /Users/jacksonsweet/Desktop/OPS\ APP/OPS/OPS/Utilities/OnboardingEnvironmentKey.swift /Users/jacksonsweet/Desktop/OPS\ APP/OPS/OPS/Utilities/SwiftDataHelper.swift /Users/jacksonsweet/Desktop/OPS\ APP/OPS/OPS/Utilities/UIComponents.swift /Users/jacksonsweet/Desktop/OPS\ APP/OPS/OPS/V2/CertificationsSettingsView.swift /Users/jacksonsweet/Desktop/OPS\ APP/OPS/OPS/ViewModels/CalendarViewModel.swift /Users/jacksonsweet/Desktop/OPS\ APP/OPS/OPS/ViewModels/ProjectsViewModel.swift /Users/jacksonsweet/Desktop/OPS\ APP/OPS/OPS/Views/Calendar\ Tab/Components/CalendarDaySelector.swift /Users/jacksonsweet/Desktop/OPS\ APP/OPS/OPS/Views/Calendar\ Tab/Components/CalendarHeaderView.swift /Users/jacksonsweet/Desktop/OPS\ APP/OPS/OPS/Views/Calendar\ Tab/Components/CalendarProjectCard.swift /Users/jacksonsweet/Desktop/OPS\ APP/OPS/OPS/Views/Calendar\ Tab/Components/CalendarToggleView.swift /Users/jacksonsweet/Desktop/OPS\ APP/OPS/OPS/Views/Calendar\ Tab/Components/DatePickerPopover.swift /Users/jacksonsweet/Desktop/OPS\ APP/OPS/OPS/Views/Calendar\ Tab/Components/DayCell.swift /Users/jacksonsweet/Desktop/OPS\ APP/OPS/OPS/Views/Calendar\ Tab/ProjectViews/DayProjectSheet.swift /Users/jacksonsweet/Desktop/OPS\ APP/OPS/OPS/Views/Calendar\ Tab/ProjectViews/ProjectListView.swift /Users/jacksonsweet/Desktop/OPS\ APP/OPS/OPS/Views/Calendar\ Tab/MonthGridView.swift /Users/jacksonsweet/Desktop/OPS\ APP/OPS/OPS/Views/Components/Common/AppHeader.swift /Users/jacksonsweet/Desktop/OPS\ APP/OPS/OPS/Views/Components/Common/ExpandableNotesView.swift /Users/jacksonsweet/Desktop/OPS\ APP/OPS/OPS/Views/Components/Common/LocationPermissionView.swift /Users/jacksonsweet/Desktop/OPS\ APP/OPS/OPS/Views/Components/Common/NavigationBanner.swift /Users/jacksonsweet/Desktop/OPS\ APP/OPS/OPS/Views/Components/Common/NavigationControlsView.swift /Users/jacksonsweet/Desktop/OPS\ APP/OPS/OPS/Views/Components/Common/TabBarBackground.swift /Users/jacksonsweet/Desktop/OPS\ APP/OPS/OPS/Views/Components/Images/ImagePicker.swift /Users/jacksonsweet/Desktop/OPS\ APP/OPS/OPS/Views/Components/Images/ImagePickerView.swift /Users/jacksonsweet/Desktop/OPS\ APP/OPS/OPS/Views/Components/Images/ProjectImagesSection.swift /Users/jacksonsweet/Desktop/OPS\ APP/OPS/OPS/Views/Components/Images/ProjectImagesSimple.swift /Users/jacksonsweet/Desktop/OPS\ APP/OPS/OPS/Views/Components/Images/ProjectImageView.swift /Users/jacksonsweet/Desktop/OPS\ APP/OPS/OPS/Views/Components/Images/ProjectPhotosGrid.swift /Users/jacksonsweet/Desktop/OPS\ APP/OPS/OPS/Views/Components/Map/MiniMapView.swift /Users/jacksonsweet/Desktop/OPS\ APP/OPS/OPS/Views/Components/Map/ProjectMapAnnotation.swift /Users/jacksonsweet/Desktop/OPS\ APP/OPS/OPS/Views/Components/Map/ProjectMapView.swift /Users/jacksonsweet/Desktop/OPS\ APP/OPS/OPS/Views/Components/Map/ProjectMarkerPopup.swift /Users/jacksonsweet/Desktop/OPS\ APP/OPS/OPS/Views/Components/Map/RouteDirectionsView.swift /Users/jacksonsweet/Desktop/OPS\ APP/OPS/OPS/Views/Components/Project/ProjectActionBar.swift /Users/jacksonsweet/Desktop/OPS\ APP/OPS/OPS/Views/Components/Project/ProjectCard.swift /Users/jacksonsweet/Desktop/OPS\ APP/OPS/OPS/Views/Components/Project/ProjectCarousel.swift /Users/jacksonsweet/Desktop/OPS\ APP/OPS/OPS/Views/Components/Project/ProjectDetailsView.swift /Users/jacksonsweet/Desktop/OPS\ APP/OPS/OPS/Views/Components/Project/ProjectHeader.swift /Users/jacksonsweet/Desktop/OPS\ APP/OPS/OPS/Views/Components/Project/ProjectSheetContainer.swift /Users/jacksonsweet/Desktop/OPS\ APP/OPS/OPS/Views/Components/User/TeamMemberListView.swift /Users/jacksonsweet/Desktop/OPS\ APP/OPS/OPS/Views/Components/User/UserProfileCard.swift /Users/jacksonsweet/Desktop/OPS\ APP/OPS/OPS/Views/Home/HomeContentView.swift /Users/jacksonsweet/Desktop/OPS\ APP/OPS/OPS/Views/Home/HomeView.swift /Users/jacksonsweet/Desktop/OPS\ APP/OPS/OPS/Views/Settings/OrganizationSettingsView.swift /Users/jacksonsweet/Desktop/OPS\ APP/OPS/OPS/Views/Settings/ProfileSettingsView.swift /Users/jacksonsweet/Desktop/OPS\ APP/OPS/OPS/Views/Settings/ProjectHistorySettingsView.swift /Users/jacksonsweet/Desktop/OPS\ APP/OPS/OPS/Views/LoginView.swift /Users/jacksonsweet/Desktop/OPS\ APP/OPS/OPS/Views/LoginViewPreview.swift /Users/jacksonsweet/Desktop/OPS\ APP/OPS/OPS/Views/MainTabView.swift /Users/jacksonsweet/Desktop/OPS\ APP/OPS/OPS/Views/NetworkStatusIndicator.swift /Users/jacksonsweet/Desktop/OPS\ APP/OPS/OPS/Views/ScheduleView.swift /Users/jacksonsweet/Desktop/OPS\ APP/OPS/OPS/Views/SettingsView.swift /Users/jacksonsweet/Desktop/OPS\ APP/OPS/OPS/Views/SplashScreen.swift /Users/jacksonsweet/Desktop/OPS\ APP/OPS/OPS/AppState.swift /Users/jacksonsweet/Desktop/OPS\ APP/OPS/OPS/ContentView.swift /Users/jacksonsweet/Desktop/OPS\ APP/OPS/OPS/Item.swift /Users/jacksonsweet/Desktop/OPS\ APP/OPS/OPS/OPSApp.swift /Users/jacksonsweet/Library/Developer/Xcode/DerivedData/OPS-czavgtmnvamasvcjgszzuulfcsxj/Build/Intermediates.noindex/OPS.build/Debug-iphonesimulator/OPS.build/DerivedSources/GeneratedAssetSymbols.swift -supplementary-output-file-map /Users/jacksonsweet/Library/Developer/Xcode/DerivedData/OPS-czavgtmnvamasvcjgszzuulfcsxj/Build/Intermediates.noindex/OPS.build/Debug-iphonesimulator/OPS.build/Objects-normal/arm64/supplementaryOutputs-1 -emit-localized-strings -emit-localized-strings-path /Users/jacksonsweet/Library/Developer/Xcode/DerivedData/OPS-czavgtmnvamasvcjgszzuulfcsxj/Build/Intermediates.noindex/OPS.build/Debug-iphonesimulator/OPS.build/Objects-normal/arm64 -target arm64-apple-ios18.2-simulator -Xllvm -aarch64-use-tbi -enable-objc-interop -sdk /Applications/Xcode.app/Contents/Developer/Platforms/iPhoneSimulator.platform/Developer/SDKs/iPhoneSimulator18.2.sdk -I /Users/jacksonsweet/Library/Developer/Xcode/DerivedData/OPS-czavgtmnvamasvcjgszzuulfcsxj/Build/Products/Debug-iphonesimulator -F /Users/jacksonsweet/Library/Developer/Xcode/DerivedData/OPS-czavgtmnvamasvcjgszzuulfcsxj/Build/Products/Debug-iphonesimulator -no-color-diagnostics -enable-testing -g -debug-info-format\=dwarf -dwarf-version\=5 -module-cache-path /Users/jacksonsweet/Library/Developer/Xcode/DerivedData/ModuleCache.noindex -profile-generate -profile-coverage-mapping -swift-version 5 -enforce-exclusivity\=checked -Onone -D DEBUG -serialize-debugging-options -const-gather-protocols-file /Users/jacksonsweet/Library/Developer/Xcode/DerivedData/OPS-czavgtmnvamasvcjgszzuulfcsxj/Build/Intermediates.noindex/OPS.build/Debug-iphonesimulator/OPS.build/Objects-normal/arm64/OPS_const_extract_protocols.json -enable-experimental-feature DebugDescriptionMacro -enable-experimental-feature OpaqueTypeErasure -enable-bare-slash-regex -empty-abi-descriptor -validate-clang-modules-once -clang-build-session-file /Users/jacksonsweet/Library/Developer/Xcode/DerivedData/ModuleCache.noindex/Session.modulevalidation -Xcc -working-directory -Xcc /Users/jacksonsweet/Desktop/OPS\ APP/OPS -resource-dir /Applications/Xcode.app/Contents/Developer/Toolchains/XcodeDefault.xctoolchain/usr/lib/swift -enable-anonymous-context-mangled-names -file-compilation-dir /Users/jacksonsweet/Desktop/OPS\ APP/OPS -Xcc -D_LIBCPP_HARDENING_MODE\=_LIBCPP_HARDENING_MODE_DEBUG -Xcc -ivfsstatcache -Xcc /Users/jacksonsweet/Library/Developer/Xcode/DerivedData/SDKStatCaches.noindex/iphonesimulator18.2-22C146-07b28473f605e47e75261259d3ef3b5a.sdkstatcache -Xcc -I/Users/jacksonsweet/Library/Developer/Xcode/DerivedData/OPS-czavgtmnvamasvcjgszzuulfcsxj/Build/Intermediates.noindex/OPS.build/Debug-iphonesimulator/OPS.build/swift-overrides.hmap -Xcc -iquote -Xcc /Users/jacksonsweet/Library/Developer/Xcode/DerivedData/OPS-czavgtmnvamasvcjgszzuulfcsxj/Build/Intermediates.noindex/OPS.build/Debug-iphonesimulator/OPS.build/OPS-generated-files.hmap -Xcc -I/Users/jacksonsweet/Library/Developer/Xcode/DerivedData/OPS-czavgtmnvamasvcjgszzuulfcsxj/Build/Intermediates.noindex/OPS.build/Debug-iphonesimulator/OPS.build/OPS-own-target-headers.hmap -Xcc -I/Users/jacksonsweet/Library/Developer/Xcode/DerivedData/OPS-czavgtmnvamasvcjgszzuulfcsxj/Build/Intermediates.noindex/OPS.build/Debug-iphonesimulator/OPS.build/OPS-all-target-headers.hmap -Xcc -iquote -Xcc /Users/jacksonsweet/Library/Developer/Xcode/DerivedData/OPS-czavgtmnvamasvcjgszzuulfcsxj/Build/Intermediates.noindex/OPS.build/Debug-iphonesimulator/OPS.build/OPS-project-headers.hmap -Xcc -I/Users/jacksonsweet/Library/Developer/Xcode/DerivedData/OPS-czavgtmnvamasvcjgszzuulfcsxj/Build/Products/Debug-iphonesimulator/include -Xcc -I/Users/jacksonsweet/Library/Developer/Xcode/DerivedData/OPS-czavgtmnvamasvcjgszzuulfcsxj/Build/Intermediates.noindex/OPS.build/Debug-iphonesimulator/OPS.build/DerivedSources-normal/arm64 -Xcc -I/Users/jacksonsweet/Library/Developer/Xcode/DerivedData/OPS-czavgtmnvamasvcjgszzuulfcsxj/Build/Intermediates.noindex/OPS.build/Debug-iphonesimulator/OPS.build/DerivedSources/arm64 -Xcc -I/Users/jacksonsweet/Library/Developer/Xcode/DerivedData/OPS-czavgtmnvamasvcjgszzuulfcsxj/Build/Intermediates.noindex/OPS.build/Debug-iphonesimulator/OPS.build/DerivedSources -Xcc -DDEBUG\=1 -module-name OPS -frontend-parseable-output -disable-clang-spi -target-sdk-version 18.2 -target-sdk-name iphonesimulator18.2 -external-plugin-path /Applications/Xcode.app/Contents/Developer/Platforms/iPhoneOS.platform/Developer/usr/lib/swift/host/plugins\#/Applications/Xcode.app/Contents/Developer/Platforms/iPhoneOS.platform/Developer/usr/bin/swift-plugin-server -external-plugin-path /Applications/Xcode.app/Contents/Developer/Platforms/iPhoneOS.platform/Developer/usr/local/lib/swift/host/plugins\#/Applications/Xcode.app/Contents/Developer/Platforms/iPhoneOS.platform/Developer/usr/bin/swift-plugin-server -plugin-path /Applications/Xcode.app/Contents/Developer/Toolchains/XcodeDefault.xctoolchain/usr/lib/swift/host/plugins -plugin-path /Applications/Xcode.app/Contents/Developer/Toolchains/XcodeDefault.xctoolchain/usr/local/lib/swift/host/plugins -o /Users/jacksonsweet/Library/Developer/Xcode/DerivedData/OPS-czavgtmnvamasvcjgszzuulfcsxj/Build/Intermediates.noindex/OPS.build/Debug-iphonesimulator/OPS.build/Objects-normal/arm64/BubbleImage.o -o /Users/jacksonsweet/Library/Developer/Xcode/DerivedData/OPS-czavgtmnvamasvcjgszzuulfcsxj/Build/Intermediates.noindex/OPS.build/Debug-iphonesimulator/OPS.build/Objects-normal/arm64/BubbleTypes.o -o /Users/jacksonsweet/Library/Developer/Xcode/DerivedData/OPS-czavgtmnvamasvcjgszzuulfcsxj/Build/Intermediates.noindex/OPS.build/Debug-iphonesimulator/OPS.build/Objects-normal/arm64/Company.o -o /Users/jacksonsweet/Library/Developer/Xcode/DerivedData/OPS-czavgtmnvamasvcjgszzuulfcsxj/Build/Intermediates.noindex/OPS.build/Debug-iphonesimulator/OPS.build/Objects-normal/arm64/Project.o -o /Users/jacksonsweet/Library/Developer/Xcode/DerivedData/OPS-czavgtmnvamasvcjgszzuulfcsxj/Build/Intermediates.noindex/OPS.build/Debug-iphonesimulator/OPS.build/Objects-normal/arm64/Status.o -o /Users/jacksonsweet/Library/Developer/Xcode/DerivedData/OPS-czavgtmnvamasvcjgszzuulfcsxj/Build/Intermediates.noindex/OPS.build/Debug-iphonesimulator/OPS.build/Objects-normal/arm64/User.o -o /Users/jacksonsweet/Library/Developer/Xcode/DerivedData/OPS-czavgtmnvamasvcjgszzuulfcsxj/Build/Intermediates.noindex/OPS.build/Debug-iphonesimulator/OPS.build/Objects-normal/arm64/UserRole.o -o /Users/jacksonsweet/Library/Developer/Xcode/DerivedData/OPS-czavgtmnvamasvcjgszzuulfcsxj/Build/Intermediates.noindex/OPS.build/Debug-iphonesimulator/OPS.build/Objects-normal/arm64/UIImage+Extensions.o -o /Users/jacksonsweet/Library/Developer/Xcode/DerivedData/OPS-czavgtmnvamasvcjgszzuulfcsxj/Build/Intermediates.noindex/OPS.build/Debug-iphonesimulator/OPS.build/Objects-normal/arm64/APIError.o -o /Users/jacksonsweet/Library/Developer/Xcode/DerivedData/OPS-czavgtmnvamasvcjgszzuulfcsxj/Build/Intermediates.noindex/OPS.build/Debug-iphonesimulator/OPS.build/Objects-normal/arm64/APIService.o -o /Users/jacksonsweet/Library/Developer/Xcode/DerivedData/OPS-czavgtmnvamasvcjgszzuulfcsxj/Build/Intermediates.noindex/OPS.build/Debug-iphonesimulator/OPS.build/Objects-normal/arm64/BubbleFields.o -o /Users/jacksonsweet/Library/Developer/Xcode/DerivedData/OPS-czavgtmnvamasvcjgszzuulfcsxj/Build/Intermediates.noindex/OPS.build/Debug-iphonesimulator/OPS.build/Objects-normal/arm64/AuthError.o -o /Users/jacksonsweet/Library/Developer/Xcode/DerivedData/OPS-czavgtmnvamasvcjgszzuulfcsxj/Build/Intermediates.noindex/OPS.build/Debug-iphonesimulator/OPS.build/Objects-normal/arm64/AuthManager.o -index-unit-output-path /OPS.build/Debug-iphonesimulator/OPS.build/Objects-normal/arm64/BubbleImage.o -index-unit-output-path /OPS.build/Debug-iphonesimulator/OPS.build/Objects-normal/arm64/BubbleTypes.o -index-unit-output-path /OPS.build/Debug-iphonesimulator/OPS.build/Objects-normal/arm64/Company.o -index-unit-output-path /OPS.build/Debug-iphonesimulator/OPS.build/Objects-normal/arm64/Project.o -index-unit-output-path /OPS.build/Debug-iphonesimulator/OPS.build/Objects-normal/arm64/Status.o -index-unit-output-path /OPS.build/Debug-iphonesimulator/OPS.build/Objects-normal/arm64/User.o -index-unit-output-path /OPS.build/Debug-iphonesimulator/OPS.build/Objects-normal/arm64/UserRole.o -index-unit-output-path /OPS.build/Debug-iphonesimulator/OPS.build/Objects-normal/arm64/UIImage+Extensions.o -index-unit-output-path /OPS.build/Debug-iphonesimulator/OPS.build/Objects-normal/arm64/APIError.o -index-unit-output-path /OPS.build/Debug-iphonesimulator/OPS.build/Objects-normal/arm64/APIService.o -index-unit-output-path /OPS.build/Debug-iphonesimulator/OPS.build/Objects-normal/arm64/BubbleFields.o -index-unit-output-path /OPS.build/Debug-iphonesimulator/OPS.build/Objects-normal/arm64/AuthError.o -index-unit-output-path /OPS.build/Debug-iphonesimulator/OPS.build/Objects-normal/arm64/AuthManager.o -index-store-path /Users/jacksonsweet/Library/Developer/Xcode/DerivedData/OPS-czavgtmnvamasvcjgszzuulfcsxj/Index.noindex/DataStore -index-system-modules

SwiftCompile normal arm64 /Users/jacksonsweet/Desktop/OPS\ APP/OPS/OPS/DataModels/UserRole.swift (in target 'OPS' from project 'OPS')
    cd /Users/jacksonsweet/Desktop/OPS\ APP/OPS
    /Applications/Xcode.app/Contents/Developer/Toolchains/XcodeDefault.xctoolchain/usr/bin/swift-frontend -c -primary-file /Users/jacksonsweet/Desktop/OPS\ APP/OPS/OPS/DataModels/BubbleImage.swift -primary-file /Users/jacksonsweet/Desktop/OPS\ APP/OPS/OPS/DataModels/BubbleTypes.swift -primary-file /Users/jacksonsweet/Desktop/OPS\ APP/OPS/OPS/DataModels/Company.swift -primary-file /Users/jacksonsweet/Desktop/OPS\ APP/OPS/OPS/DataModels/Project.swift -primary-file /Users/jacksonsweet/Desktop/OPS\ APP/OPS/OPS/DataModels/Status.swift -primary-file /Users/jacksonsweet/Desktop/OPS\ APP/OPS/OPS/DataModels/User.swift -primary-file /Users/jacksonsweet/Desktop/OPS\ APP/OPS/OPS/DataModels/UserRole.swift -primary-file /Users/jacksonsweet/Desktop/OPS\ APP/OPS/OPS/Extensions/UIImage+Extensions.swift -primary-file /Users/jacksonsweet/Desktop/OPS\ APP/OPS/OPS/Network/API/APIError.swift -primary-file /Users/jacksonsweet/Desktop/OPS\ APP/OPS/OPS/Network/API/APIService.swift -primary-file /Users/jacksonsweet/Desktop/OPS\ APP/OPS/OPS/Network/API/BubbleFields.swift -primary-file /Users/jacksonsweet/Desktop/OPS\ APP/OPS/OPS/Network/Auth/AuthError.swift -primary-file /Users/jacksonsweet/Desktop/OPS\ APP/OPS/OPS/Network/Auth/AuthManager.swift /Users/jacksonsweet/Desktop/OPS\ APP/OPS/OPS/Network/Auth/KeychainManager.swift /Users/jacksonsweet/Desktop/OPS\ APP/OPS/OPS/Network/DTOs/CompanyDTO.swift /Users/jacksonsweet/Desktop/OPS\ APP/OPS/OPS/Network/DTOs/ProjectDTO.swift /Users/jacksonsweet/Desktop/OPS\ APP/OPS/OPS/Network/DTOs/UserDTO.swift /Users/jacksonsweet/Desktop/OPS\ APP/OPS/OPS/Network/Endpoints/CompanyEndpoints.swift /Users/jacksonsweet/Desktop/OPS\ APP/OPS/OPS/Network/Endpoints/ProjectEndpoints.swift /Users/jacksonsweet/Desktop/OPS\ APP/OPS/OPS/Network/Endpoints/UserEndpoints.swift /Users/jacksonsweet/Desktop/OPS\ APP/OPS/OPS/Network/Sync/BackgroundTaskManager.swift /Users/jacksonsweet/Desktop/OPS\ APP/OPS/OPS/Network/Sync/SyncManager.swift /Users/jacksonsweet/Desktop/OPS\ APP/OPS/OPS/Network/ConnectivityMonitor.swift /Users/jacksonsweet/Desktop/OPS\ APP/OPS/OPS/Network/ImageSyncManager.swift /Users/jacksonsweet/Desktop/OPS\ APP/OPS/OPS/Onboarding/Coordinators/OnboardingCoordinator.swift /Users/jacksonsweet/Desktop/OPS\ APP/OPS/OPS/Onboarding/Models/OnboardingModels.swift /Users/jacksonsweet/Desktop/OPS\ APP/OPS/OPS/Onboarding/Services/OnboardingService.swift /Users/jacksonsweet/Desktop/OPS\ APP/OPS/OPS/Onboarding/ViewModels/OnboardingViewModel.swift /Users/jacksonsweet/Desktop/OPS\ APP/OPS/OPS/Onboarding/Views/Components/OnboardingComponents.swift /Users/jacksonsweet/Desktop/OPS\ APP/OPS/OPS/Onboarding/Views/Screens/AccountCreatedView.swift /Users/jacksonsweet/Desktop/OPS\ APP/OPS/OPS/Onboarding/Views/Screens/CompanyCodeView.swift /Users/jacksonsweet/Desktop/OPS\ APP/OPS/OPS/Onboarding/Views/Screens/CompanyCodeViewPreview.swift /Users/jacksonsweet/Desktop/OPS\ APP/OPS/OPS/Onboarding/Views/Screens/CompletionView.swift /Users/jacksonsweet/Desktop/OPS\ APP/OPS/OPS/Onboarding/Views/Screens/CompletionViewPreview.swift /Users/jacksonsweet/Desktop/OPS\ APP/OPS/OPS/Onboarding/Views/Screens/EmailView.swift /Users/jacksonsweet/Desktop/OPS\ APP/OPS/OPS/Onboarding/Views/Screens/FieldSetupView.swift /Users/jacksonsweet/Desktop/OPS\ APP/OPS/OPS/Onboarding/Views/Screens/NotificationsView.swift /Users/jacksonsweet/Desktop/OPS\ APP/OPS/OPS/Onboarding/Views/Screens/NotificationsViewPreview.swift /Users/jacksonsweet/Desktop/OPS\ APP/OPS/OPS/Onboarding/Views/Screens/OrganizationJoinView.swift /Users/jacksonsweet/Desktop/OPS\ APP/OPS/OPS/Onboarding/Views/Screens/PasswordView.swift /Users/jacksonsweet/Desktop/OPS\ APP/OPS/OPS/Onboarding/Views/Screens/PasswordViewPreview.swift /Users/jacksonsweet/Desktop/OPS\ APP/OPS/OPS/Onboarding/Views/Screens/PermissionsView.swift /Users/jacksonsweet/Desktop/OPS\ APP/OPS/OPS/Onboarding/Views/Screens/PermissionsViewPreview.swift /Users/jacksonsweet/Desktop/OPS\ APP/OPS/OPS/Onboarding/Views/Screens/PhoneNumberView.swift /Users/jacksonsweet/Desktop/OPS\ APP/OPS/OPS/Onboarding/Views/Screens/PhoneNumberViewPreview.swift /Users/jacksonsweet/Desktop/OPS\ APP/OPS/OPS/Onboarding/Views/Screens/UserInfoView.swift /Users/jacksonsweet/Desktop/OPS\ APP/OPS/OPS/Onboarding/Views/Screens/UserInfoViewPreview.swift /Users/jacksonsweet/Desktop/OPS\ APP/OPS/OPS/Onboarding/Views/Screens/VerifyPhoneView.swift /Users/jacksonsweet/Desktop/OPS\ APP/OPS/OPS/Onboarding/Views/Screens/WelcomeCompanyView.swift /Users/jacksonsweet/Desktop/OPS\ APP/OPS/OPS/Onboarding/Views/Screens/WelcomeCompanyViewPreview.swift /Users/jacksonsweet/Desktop/OPS\ APP/OPS/OPS/Onboarding/Views/Screens/WelcomeView.swift /Users/jacksonsweet/Desktop/OPS\ APP/OPS/OPS/Onboarding/Views/Screens/WelcomeViewPreview.swift /Users/jacksonsweet/Desktop/OPS\ APP/OPS/OPS/Onboarding/Views/OnboardingContainerView.swift /Users/jacksonsweet/Desktop/OPS\ APP/OPS/OPS/Onboarding/Views/OnboardingFlowPreview.swift /Users/jacksonsweet/Desktop/OPS\ APP/OPS/OPS/Onboarding/Views/OnboardingPresenter.swift /Users/jacksonsweet/Desktop/OPS\ APP/OPS/OPS/Onboarding/Views/OnboardingPreviewHelpers.swift /Users/jacksonsweet/Desktop/OPS\ APP/OPS/OPS/Styles/OPSStyle.swift /Users/jacksonsweet/Desktop/OPS\ APP/OPS/OPS/Utilities/AppConfiguration.swift /Users/jacksonsweet/Desktop/OPS\ APP/OPS/OPS/Utilities/ArrayTransformer.swift /Users/jacksonsweet/Desktop/OPS\ APP/OPS/OPS/Utilities/DataController.swift /Users/jacksonsweet/Desktop/OPS\ APP/OPS/OPS/Utilities/Dateformatter\ +Bubble.swift /Users/jacksonsweet/Desktop/OPS\ APP/OPS/OPS/Utilities/DateHelper.swift /Users/jacksonsweet/Desktop/OPS\ APP/OPS/OPS/Utilities/FieldErrorHandler.swift /Users/jacksonsweet/Desktop/OPS\ APP/OPS/OPS/Utilities/ImageCache.swift /Users/jacksonsweet/Desktop/OPS\ APP/OPS/OPS/Utilities/ImageFileManager.swift /Users/jacksonsweet/Desktop/OPS\ APP/OPS/OPS/Utilities/InProgressManager.swift /Users/jacksonsweet/Desktop/OPS\ APP/OPS/OPS/Utilities/KeyboardDismissalModifier.swift /Users/jacksonsweet/Desktop/OPS\ APP/OPS/OPS/Utilities/LocationManager.swift /Users/jacksonsweet/Desktop/OPS\ APP/OPS/OPS/Utilities/OnboardingEnvironmentKey.swift /Users/jacksonsweet/Desktop/OPS\ APP/OPS/OPS/Utilities/SwiftDataHelper.swift /Users/jacksonsweet/Desktop/OPS\ APP/OPS/OPS/Utilities/UIComponents.swift /Users/jacksonsweet/Desktop/OPS\ APP/OPS/OPS/V2/CertificationsSettingsView.swift /Users/jacksonsweet/Desktop/OPS\ APP/OPS/OPS/ViewModels/CalendarViewModel.swift /Users/jacksonsweet/Desktop/OPS\ APP/OPS/OPS/ViewModels/ProjectsViewModel.swift /Users/jacksonsweet/Desktop/OPS\ APP/OPS/OPS/Views/Calendar\ Tab/Components/CalendarDaySelector.swift /Users/jacksonsweet/Desktop/OPS\ APP/OPS/OPS/Views/Calendar\ Tab/Components/CalendarHeaderView.swift /Users/jacksonsweet/Desktop/OPS\ APP/OPS/OPS/Views/Calendar\ Tab/Components/CalendarProjectCard.swift /Users/jacksonsweet/Desktop/OPS\ APP/OPS/OPS/Views/Calendar\ Tab/Components/CalendarToggleView.swift /Users/jacksonsweet/Desktop/OPS\ APP/OPS/OPS/Views/Calendar\ Tab/Components/DatePickerPopover.swift /Users/jacksonsweet/Desktop/OPS\ APP/OPS/OPS/Views/Calendar\ Tab/Components/DayCell.swift /Users/jacksonsweet/Desktop/OPS\ APP/OPS/OPS/Views/Calendar\ Tab/ProjectViews/DayProjectSheet.swift /Users/jacksonsweet/Desktop/OPS\ APP/OPS/OPS/Views/Calendar\ Tab/ProjectViews/ProjectListView.swift /Users/jacksonsweet/Desktop/OPS\ APP/OPS/OPS/Views/Calendar\ Tab/MonthGridView.swift /Users/jacksonsweet/Desktop/OPS\ APP/OPS/OPS/Views/Components/Common/AppHeader.swift /Users/jacksonsweet/Desktop/OPS\ APP/OPS/OPS/Views/Components/Common/ExpandableNotesView.swift /Users/jacksonsweet/Desktop/OPS\ APP/OPS/OPS/Views/Components/Common/LocationPermissionView.swift /Users/jacksonsweet/Desktop/OPS\ APP/OPS/OPS/Views/Components/Common/NavigationBanner.swift /Users/jacksonsweet/Desktop/OPS\ APP/OPS/OPS/Views/Components/Common/NavigationControlsView.swift /Users/jacksonsweet/Desktop/OPS\ APP/OPS/OPS/Views/Components/Common/TabBarBackground.swift /Users/jacksonsweet/Desktop/OPS\ APP/OPS/OPS/Views/Components/Images/ImagePicker.swift /Users/jacksonsweet/Desktop/OPS\ APP/OPS/OPS/Views/Components/Images/ImagePickerView.swift /Users/jacksonsweet/Desktop/OPS\ APP/OPS/OPS/Views/Components/Images/ProjectImagesSection.swift /Users/jacksonsweet/Desktop/OPS\ APP/OPS/OPS/Views/Components/Images/ProjectImagesSimple.swift /Users/jacksonsweet/Desktop/OPS\ APP/OPS/OPS/Views/Components/Images/ProjectImageView.swift /Users/jacksonsweet/Desktop/OPS\ APP/OPS/OPS/Views/Components/Images/ProjectPhotosGrid.swift /Users/jacksonsweet/Desktop/OPS\ APP/OPS/OPS/Views/Components/Map/MiniMapView.swift /Users/jacksonsweet/Desktop/OPS\ APP/OPS/OPS/Views/Components/Map/ProjectMapAnnotation.swift /Users/jacksonsweet/Desktop/OPS\ APP/OPS/OPS/Views/Components/Map/ProjectMapView.swift /Users/jacksonsweet/Desktop/OPS\ APP/OPS/OPS/Views/Components/Map/ProjectMarkerPopup.swift /Users/jacksonsweet/Desktop/OPS\ APP/OPS/OPS/Views/Components/Map/RouteDirectionsView.swift /Users/jacksonsweet/Desktop/OPS\ APP/OPS/OPS/Views/Components/Project/ProjectActionBar.swift /Users/jacksonsweet/Desktop/OPS\ APP/OPS/OPS/Views/Components/Project/ProjectCard.swift /Users/jacksonsweet/Desktop/OPS\ APP/OPS/OPS/Views/Components/Project/ProjectCarousel.swift /Users/jacksonsweet/Desktop/OPS\ APP/OPS/OPS/Views/Components/Project/ProjectDetailsView.swift /Users/jacksonsweet/Desktop/OPS\ APP/OPS/OPS/Views/Components/Project/ProjectHeader.swift /Users/jacksonsweet/Desktop/OPS\ APP/OPS/OPS/Views/Components/Project/ProjectSheetContainer.swift /Users/jacksonsweet/Desktop/OPS\ APP/OPS/OPS/Views/Components/User/TeamMemberListView.swift /Users/jacksonsweet/Desktop/OPS\ APP/OPS/OPS/Views/Components/User/UserProfileCard.swift /Users/jacksonsweet/Desktop/OPS\ APP/OPS/OPS/Views/Home/HomeContentView.swift /Users/jacksonsweet/Desktop/OPS\ APP/OPS/OPS/Views/Home/HomeView.swift /Users/jacksonsweet/Desktop/OPS\ APP/OPS/OPS/Views/Settings/OrganizationSettingsView.swift /Users/jacksonsweet/Desktop/OPS\ APP/OPS/OPS/Views/Settings/ProfileSettingsView.swift /Users/jacksonsweet/Desktop/OPS\ APP/OPS/OPS/Views/Settings/ProjectHistorySettingsView.swift /Users/jacksonsweet/Desktop/OPS\ APP/OPS/OPS/Views/LoginView.swift /Users/jacksonsweet/Desktop/OPS\ APP/OPS/OPS/Views/LoginViewPreview.swift /Users/jacksonsweet/Desktop/OPS\ APP/OPS/OPS/Views/MainTabView.swift /Users/jacksonsweet/Desktop/OPS\ APP/OPS/OPS/Views/NetworkStatusIndicator.swift /Users/jacksonsweet/Desktop/OPS\ APP/OPS/OPS/Views/ScheduleView.swift /Users/jacksonsweet/Desktop/OPS\ APP/OPS/OPS/Views/SettingsView.swift /Users/jacksonsweet/Desktop/OPS\ APP/OPS/OPS/Views/SplashScreen.swift /Users/jacksonsweet/Desktop/OPS\ APP/OPS/OPS/AppState.swift /Users/jacksonsweet/Desktop/OPS\ APP/OPS/OPS/ContentView.swift /Users/jacksonsweet/Desktop/OPS\ APP/OPS/OPS/Item.swift /Users/jacksonsweet/Desktop/OPS\ APP/OPS/OPS/OPSApp.swift /Users/jacksonsweet/Library/Developer/Xcode/DerivedData/OPS-czavgtmnvamasvcjgszzuulfcsxj/Build/Intermediates.noindex/OPS.build/Debug-iphonesimulator/OPS.build/DerivedSources/GeneratedAssetSymbols.swift -supplementary-output-file-map /Users/jacksonsweet/Library/Developer/Xcode/DerivedData/OPS-czavgtmnvamasvcjgszzuulfcsxj/Build/Intermediates.noindex/OPS.build/Debug-iphonesimulator/OPS.build/Objects-normal/arm64/supplementaryOutputs-1 -emit-localized-strings -emit-localized-strings-path /Users/jacksonsweet/Library/Developer/Xcode/DerivedData/OPS-czavgtmnvamasvcjgszzuulfcsxj/Build/Intermediates.noindex/OPS.build/Debug-iphonesimulator/OPS.build/Objects-normal/arm64 -target arm64-apple-ios18.2-simulator -Xllvm -aarch64-use-tbi -enable-objc-interop -sdk /Applications/Xcode.app/Contents/Developer/Platforms/iPhoneSimulator.platform/Developer/SDKs/iPhoneSimulator18.2.sdk -I /Users/jacksonsweet/Library/Developer/Xcode/DerivedData/OPS-czavgtmnvamasvcjgszzuulfcsxj/Build/Products/Debug-iphonesimulator -F /Users/jacksonsweet/Library/Developer/Xcode/DerivedData/OPS-czavgtmnvamasvcjgszzuulfcsxj/Build/Products/Debug-iphonesimulator -no-color-diagnostics -enable-testing -g -debug-info-format\=dwarf -dwarf-version\=5 -module-cache-path /Users/jacksonsweet/Library/Developer/Xcode/DerivedData/ModuleCache.noindex -profile-generate -profile-coverage-mapping -swift-version 5 -enforce-exclusivity\=checked -Onone -D DEBUG -serialize-debugging-options -const-gather-protocols-file /Users/jacksonsweet/Library/Developer/Xcode/DerivedData/OPS-czavgtmnvamasvcjgszzuulfcsxj/Build/Intermediates.noindex/OPS.build/Debug-iphonesimulator/OPS.build/Objects-normal/arm64/OPS_const_extract_protocols.json -enable-experimental-feature DebugDescriptionMacro -enable-experimental-feature OpaqueTypeErasure -enable-bare-slash-regex -empty-abi-descriptor -validate-clang-modules-once -clang-build-session-file /Users/jacksonsweet/Library/Developer/Xcode/DerivedData/ModuleCache.noindex/Session.modulevalidation -Xcc -working-directory -Xcc /Users/jacksonsweet/Desktop/OPS\ APP/OPS -resource-dir /Applications/Xcode.app/Contents/Developer/Toolchains/XcodeDefault.xctoolchain/usr/lib/swift -enable-anonymous-context-mangled-names -file-compilation-dir /Users/jacksonsweet/Desktop/OPS\ APP/OPS -Xcc -D_LIBCPP_HARDENING_MODE\=_LIBCPP_HARDENING_MODE_DEBUG -Xcc -ivfsstatcache -Xcc /Users/jacksonsweet/Library/Developer/Xcode/DerivedData/SDKStatCaches.noindex/iphonesimulator18.2-22C146-07b28473f605e47e75261259d3ef3b5a.sdkstatcache -Xcc -I/Users/jacksonsweet/Library/Developer/Xcode/DerivedData/OPS-czavgtmnvamasvcjgszzuulfcsxj/Build/Intermediates.noindex/OPS.build/Debug-iphonesimulator/OPS.build/swift-overrides.hmap -Xcc -iquote -Xcc /Users/jacksonsweet/Library/Developer/Xcode/DerivedData/OPS-czavgtmnvamasvcjgszzuulfcsxj/Build/Intermediates.noindex/OPS.build/Debug-iphonesimulator/OPS.build/OPS-generated-files.hmap -Xcc -I/Users/jacksonsweet/Library/Developer/Xcode/DerivedData/OPS-czavgtmnvamasvcjgszzuulfcsxj/Build/Intermediates.noindex/OPS.build/Debug-iphonesimulator/OPS.build/OPS-own-target-headers.hmap -Xcc -I/Users/jacksonsweet/Library/Developer/Xcode/DerivedData/OPS-czavgtmnvamasvcjgszzuulfcsxj/Build/Intermediates.noindex/OPS.build/Debug-iphonesimulator/OPS.build/OPS-all-target-headers.hmap -Xcc -iquote -Xcc /Users/jacksonsweet/Library/Developer/Xcode/DerivedData/OPS-czavgtmnvamasvcjgszzuulfcsxj/Build/Intermediates.noindex/OPS.build/Debug-iphonesimulator/OPS.build/OPS-project-headers.hmap -Xcc -I/Users/jacksonsweet/Library/Developer/Xcode/DerivedData/OPS-czavgtmnvamasvcjgszzuulfcsxj/Build/Products/Debug-iphonesimulator/include -Xcc -I/Users/jacksonsweet/Library/Developer/Xcode/DerivedData/OPS-czavgtmnvamasvcjgszzuulfcsxj/Build/Intermediates.noindex/OPS.build/Debug-iphonesimulator/OPS.build/DerivedSources-normal/arm64 -Xcc -I/Users/jacksonsweet/Library/Developer/Xcode/DerivedData/OPS-czavgtmnvamasvcjgszzuulfcsxj/Build/Intermediates.noindex/OPS.build/Debug-iphonesimulator/OPS.build/DerivedSources/arm64 -Xcc -I/Users/jacksonsweet/Library/Developer/Xcode/DerivedData/OPS-czavgtmnvamasvcjgszzuulfcsxj/Build/Intermediates.noindex/OPS.build/Debug-iphonesimulator/OPS.build/DerivedSources -Xcc -DDEBUG\=1 -module-name OPS -frontend-parseable-output -disable-clang-spi -target-sdk-version 18.2 -target-sdk-name iphonesimulator18.2 -external-plugin-path /Applications/Xcode.app/Contents/Developer/Platforms/iPhoneOS.platform/Developer/usr/lib/swift/host/plugins\#/Applications/Xcode.app/Contents/Developer/Platforms/iPhoneOS.platform/Developer/usr/bin/swift-plugin-server -external-plugin-path /Applications/Xcode.app/Contents/Developer/Platforms/iPhoneOS.platform/Developer/usr/local/lib/swift/host/plugins\#/Applications/Xcode.app/Contents/Developer/Platforms/iPhoneOS.platform/Developer/usr/bin/swift-plugin-server -plugin-path /Applications/Xcode.app/Contents/Developer/Toolchains/XcodeDefault.xctoolchain/usr/lib/swift/host/plugins -plugin-path /Applications/Xcode.app/Contents/Developer/Toolchains/XcodeDefault.xctoolchain/usr/local/lib/swift/host/plugins -o /Users/jacksonsweet/Library/Developer/Xcode/DerivedData/OPS-czavgtmnvamasvcjgszzuulfcsxj/Build/Intermediates.noindex/OPS.build/Debug-iphonesimulator/OPS.build/Objects-normal/arm64/BubbleImage.o -o /Users/jacksonsweet/Library/Developer/Xcode/DerivedData/OPS-czavgtmnvamasvcjgszzuulfcsxj/Build/Intermediates.noindex/OPS.build/Debug-iphonesimulator/OPS.build/Objects-normal/arm64/BubbleTypes.o -o /Users/jacksonsweet/Library/Developer/Xcode/DerivedData/OPS-czavgtmnvamasvcjgszzuulfcsxj/Build/Intermediates.noindex/OPS.build/Debug-iphonesimulator/OPS.build/Objects-normal/arm64/Company.o -o /Users/jacksonsweet/Library/Developer/Xcode/DerivedData/OPS-czavgtmnvamasvcjgszzuulfcsxj/Build/Intermediates.noindex/OPS.build/Debug-iphonesimulator/OPS.build/Objects-normal/arm64/Project.o -o /Users/jacksonsweet/Library/Developer/Xcode/DerivedData/OPS-czavgtmnvamasvcjgszzuulfcsxj/Build/Intermediates.noindex/OPS.build/Debug-iphonesimulator/OPS.build/Objects-normal/arm64/Status.o -o /Users/jacksonsweet/Library/Developer/Xcode/DerivedData/OPS-czavgtmnvamasvcjgszzuulfcsxj/Build/Intermediates.noindex/OPS.build/Debug-iphonesimulator/OPS.build/Objects-normal/arm64/User.o -o /Users/jacksonsweet/Library/Developer/Xcode/DerivedData/OPS-czavgtmnvamasvcjgszzuulfcsxj/Build/Intermediates.noindex/OPS.build/Debug-iphonesimulator/OPS.build/Objects-normal/arm64/UserRole.o -o /Users/jacksonsweet/Library/Developer/Xcode/DerivedData/OPS-czavgtmnvamasvcjgszzuulfcsxj/Build/Intermediates.noindex/OPS.build/Debug-iphonesimulator/OPS.build/Objects-normal/arm64/UIImage+Extensions.o -o /Users/jacksonsweet/Library/Developer/Xcode/DerivedData/OPS-czavgtmnvamasvcjgszzuulfcsxj/Build/Intermediates.noindex/OPS.build/Debug-iphonesimulator/OPS.build/Objects-normal/arm64/APIError.o -o /Users/jacksonsweet/Library/Developer/Xcode/DerivedData/OPS-czavgtmnvamasvcjgszzuulfcsxj/Build/Intermediates.noindex/OPS.build/Debug-iphonesimulator/OPS.build/Objects-normal/arm64/APIService.o -o /Users/jacksonsweet/Library/Developer/Xcode/DerivedData/OPS-czavgtmnvamasvcjgszzuulfcsxj/Build/Intermediates.noindex/OPS.build/Debug-iphonesimulator/OPS.build/Objects-normal/arm64/BubbleFields.o -o /Users/jacksonsweet/Library/Developer/Xcode/DerivedData/OPS-czavgtmnvamasvcjgszzuulfcsxj/Build/Intermediates.noindex/OPS.build/Debug-iphonesimulator/OPS.build/Objects-normal/arm64/AuthError.o -o /Users/jacksonsweet/Library/Developer/Xcode/DerivedData/OPS-czavgtmnvamasvcjgszzuulfcsxj/Build/Intermediates.noindex/OPS.build/Debug-iphonesimulator/OPS.build/Objects-normal/arm64/AuthManager.o -index-unit-output-path /OPS.build/Debug-iphonesimulator/OPS.build/Objects-normal/arm64/BubbleImage.o -index-unit-output-path /OPS.build/Debug-iphonesimulator/OPS.build/Objects-normal/arm64/BubbleTypes.o -index-unit-output-path /OPS.build/Debug-iphonesimulator/OPS.build/Objects-normal/arm64/Company.o -index-unit-output-path /OPS.build/Debug-iphonesimulator/OPS.build/Objects-normal/arm64/Project.o -index-unit-output-path /OPS.build/Debug-iphonesimulator/OPS.build/Objects-normal/arm64/Status.o -index-unit-output-path /OPS.build/Debug-iphonesimulator/OPS.build/Objects-normal/arm64/User.o -index-unit-output-path /OPS.build/Debug-iphonesimulator/OPS.build/Objects-normal/arm64/UserRole.o -index-unit-output-path /OPS.build/Debug-iphonesimulator/OPS.build/Objects-normal/arm64/UIImage+Extensions.o -index-unit-output-path /OPS.build/Debug-iphonesimulator/OPS.build/Objects-normal/arm64/APIError.o -index-unit-output-path /OPS.build/Debug-iphonesimulator/OPS.build/Objects-normal/arm64/APIService.o -index-unit-output-path /OPS.build/Debug-iphonesimulator/OPS.build/Objects-normal/arm64/BubbleFields.o -index-unit-output-path /OPS.build/Debug-iphonesimulator/OPS.build/Objects-normal/arm64/AuthError.o -index-unit-output-path /OPS.build/Debug-iphonesimulator/OPS.build/Objects-normal/arm64/AuthManager.o -index-store-path /Users/jacksonsweet/Library/Developer/Xcode/DerivedData/OPS-czavgtmnvamasvcjgszzuulfcsxj/Index.noindex/DataStore -index-system-modules

SwiftCompile normal arm64 /Users/jacksonsweet/Desktop/OPS\ APP/OPS/OPS/Extensions/UIImage+Extensions.swift (in target 'OPS' from project 'OPS')
    cd /Users/jacksonsweet/Desktop/OPS\ APP/OPS
    /Applications/Xcode.app/Contents/Developer/Toolchains/XcodeDefault.xctoolchain/usr/bin/swift-frontend -c -primary-file /Users/jacksonsweet/Desktop/OPS\ APP/OPS/OPS/DataModels/BubbleImage.swift -primary-file /Users/jacksonsweet/Desktop/OPS\ APP/OPS/OPS/DataModels/BubbleTypes.swift -primary-file /Users/jacksonsweet/Desktop/OPS\ APP/OPS/OPS/DataModels/Company.swift -primary-file /Users/jacksonsweet/Desktop/OPS\ APP/OPS/OPS/DataModels/Project.swift -primary-file /Users/jacksonsweet/Desktop/OPS\ APP/OPS/OPS/DataModels/Status.swift -primary-file /Users/jacksonsweet/Desktop/OPS\ APP/OPS/OPS/DataModels/User.swift -primary-file /Users/jacksonsweet/Desktop/OPS\ APP/OPS/OPS/DataModels/UserRole.swift -primary-file /Users/jacksonsweet/Desktop/OPS\ APP/OPS/OPS/Extensions/UIImage+Extensions.swift -primary-file /Users/jacksonsweet/Desktop/OPS\ APP/OPS/OPS/Network/API/APIError.swift -primary-file /Users/jacksonsweet/Desktop/OPS\ APP/OPS/OPS/Network/API/APIService.swift -primary-file /Users/jacksonsweet/Desktop/OPS\ APP/OPS/OPS/Network/API/BubbleFields.swift -primary-file /Users/jacksonsweet/Desktop/OPS\ APP/OPS/OPS/Network/Auth/AuthError.swift -primary-file /Users/jacksonsweet/Desktop/OPS\ APP/OPS/OPS/Network/Auth/AuthManager.swift /Users/jacksonsweet/Desktop/OPS\ APP/OPS/OPS/Network/Auth/KeychainManager.swift /Users/jacksonsweet/Desktop/OPS\ APP/OPS/OPS/Network/DTOs/CompanyDTO.swift /Users/jacksonsweet/Desktop/OPS\ APP/OPS/OPS/Network/DTOs/ProjectDTO.swift /Users/jacksonsweet/Desktop/OPS\ APP/OPS/OPS/Network/DTOs/UserDTO.swift /Users/jacksonsweet/Desktop/OPS\ APP/OPS/OPS/Network/Endpoints/CompanyEndpoints.swift /Users/jacksonsweet/Desktop/OPS\ APP/OPS/OPS/Network/Endpoints/ProjectEndpoints.swift /Users/jacksonsweet/Desktop/OPS\ APP/OPS/OPS/Network/Endpoints/UserEndpoints.swift /Users/jacksonsweet/Desktop/OPS\ APP/OPS/OPS/Network/Sync/BackgroundTaskManager.swift /Users/jacksonsweet/Desktop/OPS\ APP/OPS/OPS/Network/Sync/SyncManager.swift /Users/jacksonsweet/Desktop/OPS\ APP/OPS/OPS/Network/ConnectivityMonitor.swift /Users/jacksonsweet/Desktop/OPS\ APP/OPS/OPS/Network/ImageSyncManager.swift /Users/jacksonsweet/Desktop/OPS\ APP/OPS/OPS/Onboarding/Coordinators/OnboardingCoordinator.swift /Users/jacksonsweet/Desktop/OPS\ APP/OPS/OPS/Onboarding/Models/OnboardingModels.swift /Users/jacksonsweet/Desktop/OPS\ APP/OPS/OPS/Onboarding/Services/OnboardingService.swift /Users/jacksonsweet/Desktop/OPS\ APP/OPS/OPS/Onboarding/ViewModels/OnboardingViewModel.swift /Users/jacksonsweet/Desktop/OPS\ APP/OPS/OPS/Onboarding/Views/Components/OnboardingComponents.swift /Users/jacksonsweet/Desktop/OPS\ APP/OPS/OPS/Onboarding/Views/Screens/AccountCreatedView.swift /Users/jacksonsweet/Desktop/OPS\ APP/OPS/OPS/Onboarding/Views/Screens/CompanyCodeView.swift /Users/jacksonsweet/Desktop/OPS\ APP/OPS/OPS/Onboarding/Views/Screens/CompanyCodeViewPreview.swift /Users/jacksonsweet/Desktop/OPS\ APP/OPS/OPS/Onboarding/Views/Screens/CompletionView.swift /Users/jacksonsweet/Desktop/OPS\ APP/OPS/OPS/Onboarding/Views/Screens/CompletionViewPreview.swift /Users/jacksonsweet/Desktop/OPS\ APP/OPS/OPS/Onboarding/Views/Screens/EmailView.swift /Users/jacksonsweet/Desktop/OPS\ APP/OPS/OPS/Onboarding/Views/Screens/FieldSetupView.swift /Users/jacksonsweet/Desktop/OPS\ APP/OPS/OPS/Onboarding/Views/Screens/NotificationsView.swift /Users/jacksonsweet/Desktop/OPS\ APP/OPS/OPS/Onboarding/Views/Screens/NotificationsViewPreview.swift /Users/jacksonsweet/Desktop/OPS\ APP/OPS/OPS/Onboarding/Views/Screens/OrganizationJoinView.swift /Users/jacksonsweet/Desktop/OPS\ APP/OPS/OPS/Onboarding/Views/Screens/PasswordView.swift /Users/jacksonsweet/Desktop/OPS\ APP/OPS/OPS/Onboarding/Views/Screens/PasswordViewPreview.swift /Users/jacksonsweet/Desktop/OPS\ APP/OPS/OPS/Onboarding/Views/Screens/PermissionsView.swift /Users/jacksonsweet/Desktop/OPS\ APP/OPS/OPS/Onboarding/Views/Screens/PermissionsViewPreview.swift /Users/jacksonsweet/Desktop/OPS\ APP/OPS/OPS/Onboarding/Views/Screens/PhoneNumberView.swift /Users/jacksonsweet/Desktop/OPS\ APP/OPS/OPS/Onboarding/Views/Screens/PhoneNumberViewPreview.swift /Users/jacksonsweet/Desktop/OPS\ APP/OPS/OPS/Onboarding/Views/Screens/UserInfoView.swift /Users/jacksonsweet/Desktop/OPS\ APP/OPS/OPS/Onboarding/Views/Screens/UserInfoViewPreview.swift /Users/jacksonsweet/Desktop/OPS\ APP/OPS/OPS/Onboarding/Views/Screens/VerifyPhoneView.swift /Users/jacksonsweet/Desktop/OPS\ APP/OPS/OPS/Onboarding/Views/Screens/WelcomeCompanyView.swift /Users/jacksonsweet/Desktop/OPS\ APP/OPS/OPS/Onboarding/Views/Screens/WelcomeCompanyViewPreview.swift /Users/jacksonsweet/Desktop/OPS\ APP/OPS/OPS/Onboarding/Views/Screens/WelcomeView.swift /Users/jacksonsweet/Desktop/OPS\ APP/OPS/OPS/Onboarding/Views/Screens/WelcomeViewPreview.swift /Users/jacksonsweet/Desktop/OPS\ APP/OPS/OPS/Onboarding/Views/OnboardingContainerView.swift /Users/jacksonsweet/Desktop/OPS\ APP/OPS/OPS/Onboarding/Views/OnboardingFlowPreview.swift /Users/jacksonsweet/Desktop/OPS\ APP/OPS/OPS/Onboarding/Views/OnboardingPresenter.swift /Users/jacksonsweet/Desktop/OPS\ APP/OPS/OPS/Onboarding/Views/OnboardingPreviewHelpers.swift /Users/jacksonsweet/Desktop/OPS\ APP/OPS/OPS/Styles/OPSStyle.swift /Users/jacksonsweet/Desktop/OPS\ APP/OPS/OPS/Utilities/AppConfiguration.swift /Users/jacksonsweet/Desktop/OPS\ APP/OPS/OPS/Utilities/ArrayTransformer.swift /Users/jacksonsweet/Desktop/OPS\ APP/OPS/OPS/Utilities/DataController.swift /Users/jacksonsweet/Desktop/OPS\ APP/OPS/OPS/Utilities/Dateformatter\ +Bubble.swift /Users/jacksonsweet/Desktop/OPS\ APP/OPS/OPS/Utilities/DateHelper.swift /Users/jacksonsweet/Desktop/OPS\ APP/OPS/OPS/Utilities/FieldErrorHandler.swift /Users/jacksonsweet/Desktop/OPS\ APP/OPS/OPS/Utilities/ImageCache.swift /Users/jacksonsweet/Desktop/OPS\ APP/OPS/OPS/Utilities/ImageFileManager.swift /Users/jacksonsweet/Desktop/OPS\ APP/OPS/OPS/Utilities/InProgressManager.swift /Users/jacksonsweet/Desktop/OPS\ APP/OPS/OPS/Utilities/KeyboardDismissalModifier.swift /Users/jacksonsweet/Desktop/OPS\ APP/OPS/OPS/Utilities/LocationManager.swift /Users/jacksonsweet/Desktop/OPS\ APP/OPS/OPS/Utilities/OnboardingEnvironmentKey.swift /Users/jacksonsweet/Desktop/OPS\ APP/OPS/OPS/Utilities/SwiftDataHelper.swift /Users/jacksonsweet/Desktop/OPS\ APP/OPS/OPS/Utilities/UIComponents.swift /Users/jacksonsweet/Desktop/OPS\ APP/OPS/OPS/V2/CertificationsSettingsView.swift /Users/jacksonsweet/Desktop/OPS\ APP/OPS/OPS/ViewModels/CalendarViewModel.swift /Users/jacksonsweet/Desktop/OPS\ APP/OPS/OPS/ViewModels/ProjectsViewModel.swift /Users/jacksonsweet/Desktop/OPS\ APP/OPS/OPS/Views/Calendar\ Tab/Components/CalendarDaySelector.swift /Users/jacksonsweet/Desktop/OPS\ APP/OPS/OPS/Views/Calendar\ Tab/Components/CalendarHeaderView.swift /Users/jacksonsweet/Desktop/OPS\ APP/OPS/OPS/Views/Calendar\ Tab/Components/CalendarProjectCard.swift /Users/jacksonsweet/Desktop/OPS\ APP/OPS/OPS/Views/Calendar\ Tab/Components/CalendarToggleView.swift /Users/jacksonsweet/Desktop/OPS\ APP/OPS/OPS/Views/Calendar\ Tab/Components/DatePickerPopover.swift /Users/jacksonsweet/Desktop/OPS\ APP/OPS/OPS/Views/Calendar\ Tab/Components/DayCell.swift /Users/jacksonsweet/Desktop/OPS\ APP/OPS/OPS/Views/Calendar\ Tab/ProjectViews/DayProjectSheet.swift /Users/jacksonsweet/Desktop/OPS\ APP/OPS/OPS/Views/Calendar\ Tab/ProjectViews/ProjectListView.swift /Users/jacksonsweet/Desktop/OPS\ APP/OPS/OPS/Views/Calendar\ Tab/MonthGridView.swift /Users/jacksonsweet/Desktop/OPS\ APP/OPS/OPS/Views/Components/Common/AppHeader.swift /Users/jacksonsweet/Desktop/OPS\ APP/OPS/OPS/Views/Components/Common/ExpandableNotesView.swift /Users/jacksonsweet/Desktop/OPS\ APP/OPS/OPS/Views/Components/Common/LocationPermissionView.swift /Users/jacksonsweet/Desktop/OPS\ APP/OPS/OPS/Views/Components/Common/NavigationBanner.swift /Users/jacksonsweet/Desktop/OPS\ APP/OPS/OPS/Views/Components/Common/NavigationControlsView.swift /Users/jacksonsweet/Desktop/OPS\ APP/OPS/OPS/Views/Components/Common/TabBarBackground.swift /Users/jacksonsweet/Desktop/OPS\ APP/OPS/OPS/Views/Components/Images/ImagePicker.swift /Users/jacksonsweet/Desktop/OPS\ APP/OPS/OPS/Views/Components/Images/ImagePickerView.swift /Users/jacksonsweet/Desktop/OPS\ APP/OPS/OPS/Views/Components/Images/ProjectImagesSection.swift /Users/jacksonsweet/Desktop/OPS\ APP/OPS/OPS/Views/Components/Images/ProjectImagesSimple.swift /Users/jacksonsweet/Desktop/OPS\ APP/OPS/OPS/Views/Components/Images/ProjectImageView.swift /Users/jacksonsweet/Desktop/OPS\ APP/OPS/OPS/Views/Components/Images/ProjectPhotosGrid.swift /Users/jacksonsweet/Desktop/OPS\ APP/OPS/OPS/Views/Components/Map/MiniMapView.swift /Users/jacksonsweet/Desktop/OPS\ APP/OPS/OPS/Views/Components/Map/ProjectMapAnnotation.swift /Users/jacksonsweet/Desktop/OPS\ APP/OPS/OPS/Views/Components/Map/ProjectMapView.swift /Users/jacksonsweet/Desktop/OPS\ APP/OPS/OPS/Views/Components/Map/ProjectMarkerPopup.swift /Users/jacksonsweet/Desktop/OPS\ APP/OPS/OPS/Views/Components/Map/RouteDirectionsView.swift /Users/jacksonsweet/Desktop/OPS\ APP/OPS/OPS/Views/Components/Project/ProjectActionBar.swift /Users/jacksonsweet/Desktop/OPS\ APP/OPS/OPS/Views/Components/Project/ProjectCard.swift /Users/jacksonsweet/Desktop/OPS\ APP/OPS/OPS/Views/Components/Project/ProjectCarousel.swift /Users/jacksonsweet/Desktop/OPS\ APP/OPS/OPS/Views/Components/Project/ProjectDetailsView.swift /Users/jacksonsweet/Desktop/OPS\ APP/OPS/OPS/Views/Components/Project/ProjectHeader.swift /Users/jacksonsweet/Desktop/OPS\ APP/OPS/OPS/Views/Components/Project/ProjectSheetContainer.swift /Users/jacksonsweet/Desktop/OPS\ APP/OPS/OPS/Views/Components/User/TeamMemberListView.swift /Users/jacksonsweet/Desktop/OPS\ APP/OPS/OPS/Views/Components/User/UserProfileCard.swift /Users/jacksonsweet/Desktop/OPS\ APP/OPS/OPS/Views/Home/HomeContentView.swift /Users/jacksonsweet/Desktop/OPS\ APP/OPS/OPS/Views/Home/HomeView.swift /Users/jacksonsweet/Desktop/OPS\ APP/OPS/OPS/Views/Settings/OrganizationSettingsView.swift /Users/jacksonsweet/Desktop/OPS\ APP/OPS/OPS/Views/Settings/ProfileSettingsView.swift /Users/jacksonsweet/Desktop/OPS\ APP/OPS/OPS/Views/Settings/ProjectHistorySettingsView.swift /Users/jacksonsweet/Desktop/OPS\ APP/OPS/OPS/Views/LoginView.swift /Users/jacksonsweet/Desktop/OPS\ APP/OPS/OPS/Views/LoginViewPreview.swift /Users/jacksonsweet/Desktop/OPS\ APP/OPS/OPS/Views/MainTabView.swift /Users/jacksonsweet/Desktop/OPS\ APP/OPS/OPS/Views/NetworkStatusIndicator.swift /Users/jacksonsweet/Desktop/OPS\ APP/OPS/OPS/Views/ScheduleView.swift /Users/jacksonsweet/Desktop/OPS\ APP/OPS/OPS/Views/SettingsView.swift /Users/jacksonsweet/Desktop/OPS\ APP/OPS/OPS/Views/SplashScreen.swift /Users/jacksonsweet/Desktop/OPS\ APP/OPS/OPS/AppState.swift /Users/jacksonsweet/Desktop/OPS\ APP/OPS/OPS/ContentView.swift /Users/jacksonsweet/Desktop/OPS\ APP/OPS/OPS/Item.swift /Users/jacksonsweet/Desktop/OPS\ APP/OPS/OPS/OPSApp.swift /Users/jacksonsweet/Library/Developer/Xcode/DerivedData/OPS-czavgtmnvamasvcjgszzuulfcsxj/Build/Intermediates.noindex/OPS.build/Debug-iphonesimulator/OPS.build/DerivedSources/GeneratedAssetSymbols.swift -supplementary-output-file-map /Users/jacksonsweet/Library/Developer/Xcode/DerivedData/OPS-czavgtmnvamasvcjgszzuulfcsxj/Build/Intermediates.noindex/OPS.build/Debug-iphonesimulator/OPS.build/Objects-normal/arm64/supplementaryOutputs-1 -emit-localized-strings -emit-localized-strings-path /Users/jacksonsweet/Library/Developer/Xcode/DerivedData/OPS-czavgtmnvamasvcjgszzuulfcsxj/Build/Intermediates.noindex/OPS.build/Debug-iphonesimulator/OPS.build/Objects-normal/arm64 -target arm64-apple-ios18.2-simulator -Xllvm -aarch64-use-tbi -enable-objc-interop -sdk /Applications/Xcode.app/Contents/Developer/Platforms/iPhoneSimulator.platform/Developer/SDKs/iPhoneSimulator18.2.sdk -I /Users/jacksonsweet/Library/Developer/Xcode/DerivedData/OPS-czavgtmnvamasvcjgszzuulfcsxj/Build/Products/Debug-iphonesimulator -F /Users/jacksonsweet/Library/Developer/Xcode/DerivedData/OPS-czavgtmnvamasvcjgszzuulfcsxj/Build/Products/Debug-iphonesimulator -no-color-diagnostics -enable-testing -g -debug-info-format\=dwarf -dwarf-version\=5 -module-cache-path /Users/jacksonsweet/Library/Developer/Xcode/DerivedData/ModuleCache.noindex -profile-generate -profile-coverage-mapping -swift-version 5 -enforce-exclusivity\=checked -Onone -D DEBUG -serialize-debugging-options -const-gather-protocols-file /Users/jacksonsweet/Library/Developer/Xcode/DerivedData/OPS-czavgtmnvamasvcjgszzuulfcsxj/Build/Intermediates.noindex/OPS.build/Debug-iphonesimulator/OPS.build/Objects-normal/arm64/OPS_const_extract_protocols.json -enable-experimental-feature DebugDescriptionMacro -enable-experimental-feature OpaqueTypeErasure -enable-bare-slash-regex -empty-abi-descriptor -validate-clang-modules-once -clang-build-session-file /Users/jacksonsweet/Library/Developer/Xcode/DerivedData/ModuleCache.noindex/Session.modulevalidation -Xcc -working-directory -Xcc /Users/jacksonsweet/Desktop/OPS\ APP/OPS -resource-dir /Applications/Xcode.app/Contents/Developer/Toolchains/XcodeDefault.xctoolchain/usr/lib/swift -enable-anonymous-context-mangled-names -file-compilation-dir /Users/jacksonsweet/Desktop/OPS\ APP/OPS -Xcc -D_LIBCPP_HARDENING_MODE\=_LIBCPP_HARDENING_MODE_DEBUG -Xcc -ivfsstatcache -Xcc /Users/jacksonsweet/Library/Developer/Xcode/DerivedData/SDKStatCaches.noindex/iphonesimulator18.2-22C146-07b28473f605e47e75261259d3ef3b5a.sdkstatcache -Xcc -I/Users/jacksonsweet/Library/Developer/Xcode/DerivedData/OPS-czavgtmnvamasvcjgszzuulfcsxj/Build/Intermediates.noindex/OPS.build/Debug-iphonesimulator/OPS.build/swift-overrides.hmap -Xcc -iquote -Xcc /Users/jacksonsweet/Library/Developer/Xcode/DerivedData/OPS-czavgtmnvamasvcjgszzuulfcsxj/Build/Intermediates.noindex/OPS.build/Debug-iphonesimulator/OPS.build/OPS-generated-files.hmap -Xcc -I/Users/jacksonsweet/Library/Developer/Xcode/DerivedData/OPS-czavgtmnvamasvcjgszzuulfcsxj/Build/Intermediates.noindex/OPS.build/Debug-iphonesimulator/OPS.build/OPS-own-target-headers.hmap -Xcc -I/Users/jacksonsweet/Library/Developer/Xcode/DerivedData/OPS-czavgtmnvamasvcjgszzuulfcsxj/Build/Intermediates.noindex/OPS.build/Debug-iphonesimulator/OPS.build/OPS-all-target-headers.hmap -Xcc -iquote -Xcc /Users/jacksonsweet/Library/Developer/Xcode/DerivedData/OPS-czavgtmnvamasvcjgszzuulfcsxj/Build/Intermediates.noindex/OPS.build/Debug-iphonesimulator/OPS.build/OPS-project-headers.hmap -Xcc -I/Users/jacksonsweet/Library/Developer/Xcode/DerivedData/OPS-czavgtmnvamasvcjgszzuulfcsxj/Build/Products/Debug-iphonesimulator/include -Xcc -I/Users/jacksonsweet/Library/Developer/Xcode/DerivedData/OPS-czavgtmnvamasvcjgszzuulfcsxj/Build/Intermediates.noindex/OPS.build/Debug-iphonesimulator/OPS.build/DerivedSources-normal/arm64 -Xcc -I/Users/jacksonsweet/Library/Developer/Xcode/DerivedData/OPS-czavgtmnvamasvcjgszzuulfcsxj/Build/Intermediates.noindex/OPS.build/Debug-iphonesimulator/OPS.build/DerivedSources/arm64 -Xcc -I/Users/jacksonsweet/Library/Developer/Xcode/DerivedData/OPS-czavgtmnvamasvcjgszzuulfcsxj/Build/Intermediates.noindex/OPS.build/Debug-iphonesimulator/OPS.build/DerivedSources -Xcc -DDEBUG\=1 -module-name OPS -frontend-parseable-output -disable-clang-spi -target-sdk-version 18.2 -target-sdk-name iphonesimulator18.2 -external-plugin-path /Applications/Xcode.app/Contents/Developer/Platforms/iPhoneOS.platform/Developer/usr/lib/swift/host/plugins\#/Applications/Xcode.app/Contents/Developer/Platforms/iPhoneOS.platform/Developer/usr/bin/swift-plugin-server -external-plugin-path /Applications/Xcode.app/Contents/Developer/Platforms/iPhoneOS.platform/Developer/usr/local/lib/swift/host/plugins\#/Applications/Xcode.app/Contents/Developer/Platforms/iPhoneOS.platform/Developer/usr/bin/swift-plugin-server -plugin-path /Applications/Xcode.app/Contents/Developer/Toolchains/XcodeDefault.xctoolchain/usr/lib/swift/host/plugins -plugin-path /Applications/Xcode.app/Contents/Developer/Toolchains/XcodeDefault.xctoolchain/usr/local/lib/swift/host/plugins -o /Users/jacksonsweet/Library/Developer/Xcode/DerivedData/OPS-czavgtmnvamasvcjgszzuulfcsxj/Build/Intermediates.noindex/OPS.build/Debug-iphonesimulator/OPS.build/Objects-normal/arm64/BubbleImage.o -o /Users/jacksonsweet/Library/Developer/Xcode/DerivedData/OPS-czavgtmnvamasvcjgszzuulfcsxj/Build/Intermediates.noindex/OPS.build/Debug-iphonesimulator/OPS.build/Objects-normal/arm64/BubbleTypes.o -o /Users/jacksonsweet/Library/Developer/Xcode/DerivedData/OPS-czavgtmnvamasvcjgszzuulfcsxj/Build/Intermediates.noindex/OPS.build/Debug-iphonesimulator/OPS.build/Objects-normal/arm64/Company.o -o /Users/jacksonsweet/Library/Developer/Xcode/DerivedData/OPS-czavgtmnvamasvcjgszzuulfcsxj/Build/Intermediates.noindex/OPS.build/Debug-iphonesimulator/OPS.build/Objects-normal/arm64/Project.o -o /Users/jacksonsweet/Library/Developer/Xcode/DerivedData/OPS-czavgtmnvamasvcjgszzuulfcsxj/Build/Intermediates.noindex/OPS.build/Debug-iphonesimulator/OPS.build/Objects-normal/arm64/Status.o -o /Users/jacksonsweet/Library/Developer/Xcode/DerivedData/OPS-czavgtmnvamasvcjgszzuulfcsxj/Build/Intermediates.noindex/OPS.build/Debug-iphonesimulator/OPS.build/Objects-normal/arm64/User.o -o /Users/jacksonsweet/Library/Developer/Xcode/DerivedData/OPS-czavgtmnvamasvcjgszzuulfcsxj/Build/Intermediates.noindex/OPS.build/Debug-iphonesimulator/OPS.build/Objects-normal/arm64/UserRole.o -o /Users/jacksonsweet/Library/Developer/Xcode/DerivedData/OPS-czavgtmnvamasvcjgszzuulfcsxj/Build/Intermediates.noindex/OPS.build/Debug-iphonesimulator/OPS.build/Objects-normal/arm64/UIImage+Extensions.o -o /Users/jacksonsweet/Library/Developer/Xcode/DerivedData/OPS-czavgtmnvamasvcjgszzuulfcsxj/Build/Intermediates.noindex/OPS.build/Debug-iphonesimulator/OPS.build/Objects-normal/arm64/APIError.o -o /Users/jacksonsweet/Library/Developer/Xcode/DerivedData/OPS-czavgtmnvamasvcjgszzuulfcsxj/Build/Intermediates.noindex/OPS.build/Debug-iphonesimulator/OPS.build/Objects-normal/arm64/APIService.o -o /Users/jacksonsweet/Library/Developer/Xcode/DerivedData/OPS-czavgtmnvamasvcjgszzuulfcsxj/Build/Intermediates.noindex/OPS.build/Debug-iphonesimulator/OPS.build/Objects-normal/arm64/BubbleFields.o -o /Users/jacksonsweet/Library/Developer/Xcode/DerivedData/OPS-czavgtmnvamasvcjgszzuulfcsxj/Build/Intermediates.noindex/OPS.build/Debug-iphonesimulator/OPS.build/Objects-normal/arm64/AuthError.o -o /Users/jacksonsweet/Library/Developer/Xcode/DerivedData/OPS-czavgtmnvamasvcjgszzuulfcsxj/Build/Intermediates.noindex/OPS.build/Debug-iphonesimulator/OPS.build/Objects-normal/arm64/AuthManager.o -index-unit-output-path /OPS.build/Debug-iphonesimulator/OPS.build/Objects-normal/arm64/BubbleImage.o -index-unit-output-path /OPS.build/Debug-iphonesimulator/OPS.build/Objects-normal/arm64/BubbleTypes.o -index-unit-output-path /OPS.build/Debug-iphonesimulator/OPS.build/Objects-normal/arm64/Company.o -index-unit-output-path /OPS.build/Debug-iphonesimulator/OPS.build/Objects-normal/arm64/Project.o -index-unit-output-path /OPS.build/Debug-iphonesimulator/OPS.build/Objects-normal/arm64/Status.o -index-unit-output-path /OPS.build/Debug-iphonesimulator/OPS.build/Objects-normal/arm64/User.o -index-unit-output-path /OPS.build/Debug-iphonesimulator/OPS.build/Objects-normal/arm64/UserRole.o -index-unit-output-path /OPS.build/Debug-iphonesimulator/OPS.build/Objects-normal/arm64/UIImage+Extensions.o -index-unit-output-path /OPS.build/Debug-iphonesimulator/OPS.build/Objects-normal/arm64/APIError.o -index-unit-output-path /OPS.build/Debug-iphonesimulator/OPS.build/Objects-normal/arm64/APIService.o -index-unit-output-path /OPS.build/Debug-iphonesimulator/OPS.build/Objects-normal/arm64/BubbleFields.o -index-unit-output-path /OPS.build/Debug-iphonesimulator/OPS.build/Objects-normal/arm64/AuthError.o -index-unit-output-path /OPS.build/Debug-iphonesimulator/OPS.build/Objects-normal/arm64/AuthManager.o -index-store-path /Users/jacksonsweet/Library/Developer/Xcode/DerivedData/OPS-czavgtmnvamasvcjgszzuulfcsxj/Index.noindex/DataStore -index-system-modules

SwiftCompile normal arm64 /Users/jacksonsweet/Desktop/OPS\ APP/OPS/OPS/Network/API/APIError.swift (in target 'OPS' from project 'OPS')
    cd /Users/jacksonsweet/Desktop/OPS\ APP/OPS
    /Applications/Xcode.app/Contents/Developer/Toolchains/XcodeDefault.xctoolchain/usr/bin/swift-frontend -c -primary-file /Users/jacksonsweet/Desktop/OPS\ APP/OPS/OPS/DataModels/BubbleImage.swift -primary-file /Users/jacksonsweet/Desktop/OPS\ APP/OPS/OPS/DataModels/BubbleTypes.swift -primary-file /Users/jacksonsweet/Desktop/OPS\ APP/OPS/OPS/DataModels/Company.swift -primary-file /Users/jacksonsweet/Desktop/OPS\ APP/OPS/OPS/DataModels/Project.swift -primary-file /Users/jacksonsweet/Desktop/OPS\ APP/OPS/OPS/DataModels/Status.swift -primary-file /Users/jacksonsweet/Desktop/OPS\ APP/OPS/OPS/DataModels/User.swift -primary-file /Users/jacksonsweet/Desktop/OPS\ APP/OPS/OPS/DataModels/UserRole.swift -primary-file /Users/jacksonsweet/Desktop/OPS\ APP/OPS/OPS/Extensions/UIImage+Extensions.swift -primary-file /Users/jacksonsweet/Desktop/OPS\ APP/OPS/OPS/Network/API/APIError.swift -primary-file /Users/jacksonsweet/Desktop/OPS\ APP/OPS/OPS/Network/API/APIService.swift -primary-file /Users/jacksonsweet/Desktop/OPS\ APP/OPS/OPS/Network/API/BubbleFields.swift -primary-file /Users/jacksonsweet/Desktop/OPS\ APP/OPS/OPS/Network/Auth/AuthError.swift -primary-file /Users/jacksonsweet/Desktop/OPS\ APP/OPS/OPS/Network/Auth/AuthManager.swift /Users/jacksonsweet/Desktop/OPS\ APP/OPS/OPS/Network/Auth/KeychainManager.swift /Users/jacksonsweet/Desktop/OPS\ APP/OPS/OPS/Network/DTOs/CompanyDTO.swift /Users/jacksonsweet/Desktop/OPS\ APP/OPS/OPS/Network/DTOs/ProjectDTO.swift /Users/jacksonsweet/Desktop/OPS\ APP/OPS/OPS/Network/DTOs/UserDTO.swift /Users/jacksonsweet/Desktop/OPS\ APP/OPS/OPS/Network/Endpoints/CompanyEndpoints.swift /Users/jacksonsweet/Desktop/OPS\ APP/OPS/OPS/Network/Endpoints/ProjectEndpoints.swift /Users/jacksonsweet/Desktop/OPS\ APP/OPS/OPS/Network/Endpoints/UserEndpoints.swift /Users/jacksonsweet/Desktop/OPS\ APP/OPS/OPS/Network/Sync/BackgroundTaskManager.swift /Users/jacksonsweet/Desktop/OPS\ APP/OPS/OPS/Network/Sync/SyncManager.swift /Users/jacksonsweet/Desktop/OPS\ APP/OPS/OPS/Network/ConnectivityMonitor.swift /Users/jacksonsweet/Desktop/OPS\ APP/OPS/OPS/Network/ImageSyncManager.swift /Users/jacksonsweet/Desktop/OPS\ APP/OPS/OPS/Onboarding/Coordinators/OnboardingCoordinator.swift /Users/jacksonsweet/Desktop/OPS\ APP/OPS/OPS/Onboarding/Models/OnboardingModels.swift /Users/jacksonsweet/Desktop/OPS\ APP/OPS/OPS/Onboarding/Services/OnboardingService.swift /Users/jacksonsweet/Desktop/OPS\ APP/OPS/OPS/Onboarding/ViewModels/OnboardingViewModel.swift /Users/jacksonsweet/Desktop/OPS\ APP/OPS/OPS/Onboarding/Views/Components/OnboardingComponents.swift /Users/jacksonsweet/Desktop/OPS\ APP/OPS/OPS/Onboarding/Views/Screens/AccountCreatedView.swift /Users/jacksonsweet/Desktop/OPS\ APP/OPS/OPS/Onboarding/Views/Screens/CompanyCodeView.swift /Users/jacksonsweet/Desktop/OPS\ APP/OPS/OPS/Onboarding/Views/Screens/CompanyCodeViewPreview.swift /Users/jacksonsweet/Desktop/OPS\ APP/OPS/OPS/Onboarding/Views/Screens/CompletionView.swift /Users/jacksonsweet/Desktop/OPS\ APP/OPS/OPS/Onboarding/Views/Screens/CompletionViewPreview.swift /Users/jacksonsweet/Desktop/OPS\ APP/OPS/OPS/Onboarding/Views/Screens/EmailView.swift /Users/jacksonsweet/Desktop/OPS\ APP/OPS/OPS/Onboarding/Views/Screens/FieldSetupView.swift /Users/jacksonsweet/Desktop/OPS\ APP/OPS/OPS/Onboarding/Views/Screens/NotificationsView.swift /Users/jacksonsweet/Desktop/OPS\ APP/OPS/OPS/Onboarding/Views/Screens/NotificationsViewPreview.swift /Users/jacksonsweet/Desktop/OPS\ APP/OPS/OPS/Onboarding/Views/Screens/OrganizationJoinView.swift /Users/jacksonsweet/Desktop/OPS\ APP/OPS/OPS/Onboarding/Views/Screens/PasswordView.swift /Users/jacksonsweet/Desktop/OPS\ APP/OPS/OPS/Onboarding/Views/Screens/PasswordViewPreview.swift /Users/jacksonsweet/Desktop/OPS\ APP/OPS/OPS/Onboarding/Views/Screens/PermissionsView.swift /Users/jacksonsweet/Desktop/OPS\ APP/OPS/OPS/Onboarding/Views/Screens/PermissionsViewPreview.swift /Users/jacksonsweet/Desktop/OPS\ APP/OPS/OPS/Onboarding/Views/Screens/PhoneNumberView.swift /Users/jacksonsweet/Desktop/OPS\ APP/OPS/OPS/Onboarding/Views/Screens/PhoneNumberViewPreview.swift /Users/jacksonsweet/Desktop/OPS\ APP/OPS/OPS/Onboarding/Views/Screens/UserInfoView.swift /Users/jacksonsweet/Desktop/OPS\ APP/OPS/OPS/Onboarding/Views/Screens/UserInfoViewPreview.swift /Users/jacksonsweet/Desktop/OPS\ APP/OPS/OPS/Onboarding/Views/Screens/VerifyPhoneView.swift /Users/jacksonsweet/Desktop/OPS\ APP/OPS/OPS/Onboarding/Views/Screens/WelcomeCompanyView.swift /Users/jacksonsweet/Desktop/OPS\ APP/OPS/OPS/Onboarding/Views/Screens/WelcomeCompanyViewPreview.swift /Users/jacksonsweet/Desktop/OPS\ APP/OPS/OPS/Onboarding/Views/Screens/WelcomeView.swift /Users/jacksonsweet/Desktop/OPS\ APP/OPS/OPS/Onboarding/Views/Screens/WelcomeViewPreview.swift /Users/jacksonsweet/Desktop/OPS\ APP/OPS/OPS/Onboarding/Views/OnboardingContainerView.swift /Users/jacksonsweet/Desktop/OPS\ APP/OPS/OPS/Onboarding/Views/OnboardingFlowPreview.swift /Users/jacksonsweet/Desktop/OPS\ APP/OPS/OPS/Onboarding/Views/OnboardingPresenter.swift /Users/jacksonsweet/Desktop/OPS\ APP/OPS/OPS/Onboarding/Views/OnboardingPreviewHelpers.swift /Users/jacksonsweet/Desktop/OPS\ APP/OPS/OPS/Styles/OPSStyle.swift /Users/jacksonsweet/Desktop/OPS\ APP/OPS/OPS/Utilities/AppConfiguration.swift /Users/jacksonsweet/Desktop/OPS\ APP/OPS/OPS/Utilities/ArrayTransformer.swift /Users/jacksonsweet/Desktop/OPS\ APP/OPS/OPS/Utilities/DataController.swift /Users/jacksonsweet/Desktop/OPS\ APP/OPS/OPS/Utilities/Dateformatter\ +Bubble.swift /Users/jacksonsweet/Desktop/OPS\ APP/OPS/OPS/Utilities/DateHelper.swift /Users/jacksonsweet/Desktop/OPS\ APP/OPS/OPS/Utilities/FieldErrorHandler.swift /Users/jacksonsweet/Desktop/OPS\ APP/OPS/OPS/Utilities/ImageCache.swift /Users/jacksonsweet/Desktop/OPS\ APP/OPS/OPS/Utilities/ImageFileManager.swift /Users/jacksonsweet/Desktop/OPS\ APP/OPS/OPS/Utilities/InProgressManager.swift /Users/jacksonsweet/Desktop/OPS\ APP/OPS/OPS/Utilities/KeyboardDismissalModifier.swift /Users/jacksonsweet/Desktop/OPS\ APP/OPS/OPS/Utilities/LocationManager.swift /Users/jacksonsweet/Desktop/OPS\ APP/OPS/OPS/Utilities/OnboardingEnvironmentKey.swift /Users/jacksonsweet/Desktop/OPS\ APP/OPS/OPS/Utilities/SwiftDataHelper.swift /Users/jacksonsweet/Desktop/OPS\ APP/OPS/OPS/Utilities/UIComponents.swift /Users/jacksonsweet/Desktop/OPS\ APP/OPS/OPS/V2/CertificationsSettingsView.swift /Users/jacksonsweet/Desktop/OPS\ APP/OPS/OPS/ViewModels/CalendarViewModel.swift /Users/jacksonsweet/Desktop/OPS\ APP/OPS/OPS/ViewModels/ProjectsViewModel.swift /Users/jacksonsweet/Desktop/OPS\ APP/OPS/OPS/Views/Calendar\ Tab/Components/CalendarDaySelector.swift /Users/jacksonsweet/Desktop/OPS\ APP/OPS/OPS/Views/Calendar\ Tab/Components/CalendarHeaderView.swift /Users/jacksonsweet/Desktop/OPS\ APP/OPS/OPS/Views/Calendar\ Tab/Components/CalendarProjectCard.swift /Users/jacksonsweet/Desktop/OPS\ APP/OPS/OPS/Views/Calendar\ Tab/Components/CalendarToggleView.swift /Users/jacksonsweet/Desktop/OPS\ APP/OPS/OPS/Views/Calendar\ Tab/Components/DatePickerPopover.swift /Users/jacksonsweet/Desktop/OPS\ APP/OPS/OPS/Views/Calendar\ Tab/Components/DayCell.swift /Users/jacksonsweet/Desktop/OPS\ APP/OPS/OPS/Views/Calendar\ Tab/ProjectViews/DayProjectSheet.swift /Users/jacksonsweet/Desktop/OPS\ APP/OPS/OPS/Views/Calendar\ Tab/ProjectViews/ProjectListView.swift /Users/jacksonsweet/Desktop/OPS\ APP/OPS/OPS/Views/Calendar\ Tab/MonthGridView.swift /Users/jacksonsweet/Desktop/OPS\ APP/OPS/OPS/Views/Components/Common/AppHeader.swift /Users/jacksonsweet/Desktop/OPS\ APP/OPS/OPS/Views/Components/Common/ExpandableNotesView.swift /Users/jacksonsweet/Desktop/OPS\ APP/OPS/OPS/Views/Components/Common/LocationPermissionView.swift /Users/jacksonsweet/Desktop/OPS\ APP/OPS/OPS/Views/Components/Common/NavigationBanner.swift /Users/jacksonsweet/Desktop/OPS\ APP/OPS/OPS/Views/Components/Common/NavigationControlsView.swift /Users/jacksonsweet/Desktop/OPS\ APP/OPS/OPS/Views/Components/Common/TabBarBackground.swift /Users/jacksonsweet/Desktop/OPS\ APP/OPS/OPS/Views/Components/Images/ImagePicker.swift /Users/jacksonsweet/Desktop/OPS\ APP/OPS/OPS/Views/Components/Images/ImagePickerView.swift /Users/jacksonsweet/Desktop/OPS\ APP/OPS/OPS/Views/Components/Images/ProjectImagesSection.swift /Users/jacksonsweet/Desktop/OPS\ APP/OPS/OPS/Views/Components/Images/ProjectImagesSimple.swift /Users/jacksonsweet/Desktop/OPS\ APP/OPS/OPS/Views/Components/Images/ProjectImageView.swift /Users/jacksonsweet/Desktop/OPS\ APP/OPS/OPS/Views/Components/Images/ProjectPhotosGrid.swift /Users/jacksonsweet/Desktop/OPS\ APP/OPS/OPS/Views/Components/Map/MiniMapView.swift /Users/jacksonsweet/Desktop/OPS\ APP/OPS/OPS/Views/Components/Map/ProjectMapAnnotation.swift /Users/jacksonsweet/Desktop/OPS\ APP/OPS/OPS/Views/Components/Map/ProjectMapView.swift /Users/jacksonsweet/Desktop/OPS\ APP/OPS/OPS/Views/Components/Map/ProjectMarkerPopup.swift /Users/jacksonsweet/Desktop/OPS\ APP/OPS/OPS/Views/Components/Map/RouteDirectionsView.swift /Users/jacksonsweet/Desktop/OPS\ APP/OPS/OPS/Views/Components/Project/ProjectActionBar.swift /Users/jacksonsweet/Desktop/OPS\ APP/OPS/OPS/Views/Components/Project/ProjectCard.swift /Users/jacksonsweet/Desktop/OPS\ APP/OPS/OPS/Views/Components/Project/ProjectCarousel.swift /Users/jacksonsweet/Desktop/OPS\ APP/OPS/OPS/Views/Components/Project/ProjectDetailsView.swift /Users/jacksonsweet/Desktop/OPS\ APP/OPS/OPS/Views/Components/Project/ProjectHeader.swift /Users/jacksonsweet/Desktop/OPS\ APP/OPS/OPS/Views/Components/Project/ProjectSheetContainer.swift /Users/jacksonsweet/Desktop/OPS\ APP/OPS/OPS/Views/Components/User/TeamMemberListView.swift /Users/jacksonsweet/Desktop/OPS\ APP/OPS/OPS/Views/Components/User/UserProfileCard.swift /Users/jacksonsweet/Desktop/OPS\ APP/OPS/OPS/Views/Home/HomeContentView.swift /Users/jacksonsweet/Desktop/OPS\ APP/OPS/OPS/Views/Home/HomeView.swift /Users/jacksonsweet/Desktop/OPS\ APP/OPS/OPS/Views/Settings/OrganizationSettingsView.swift /Users/jacksonsweet/Desktop/OPS\ APP/OPS/OPS/Views/Settings/ProfileSettingsView.swift /Users/jacksonsweet/Desktop/OPS\ APP/OPS/OPS/Views/Settings/ProjectHistorySettingsView.swift /Users/jacksonsweet/Desktop/OPS\ APP/OPS/OPS/Views/LoginView.swift /Users/jacksonsweet/Desktop/OPS\ APP/OPS/OPS/Views/LoginViewPreview.swift /Users/jacksonsweet/Desktop/OPS\ APP/OPS/OPS/Views/MainTabView.swift /Users/jacksonsweet/Desktop/OPS\ APP/OPS/OPS/Views/NetworkStatusIndicator.swift /Users/jacksonsweet/Desktop/OPS\ APP/OPS/OPS/Views/ScheduleView.swift /Users/jacksonsweet/Desktop/OPS\ APP/OPS/OPS/Views/SettingsView.swift /Users/jacksonsweet/Desktop/OPS\ APP/OPS/OPS/Views/SplashScreen.swift /Users/jacksonsweet/Desktop/OPS\ APP/OPS/OPS/AppState.swift /Users/jacksonsweet/Desktop/OPS\ APP/OPS/OPS/ContentView.swift /Users/jacksonsweet/Desktop/OPS\ APP/OPS/OPS/Item.swift /Users/jacksonsweet/Desktop/OPS\ APP/OPS/OPS/OPSApp.swift /Users/jacksonsweet/Library/Developer/Xcode/DerivedData/OPS-czavgtmnvamasvcjgszzuulfcsxj/Build/Intermediates.noindex/OPS.build/Debug-iphonesimulator/OPS.build/DerivedSources/GeneratedAssetSymbols.swift -supplementary-output-file-map /Users/jacksonsweet/Library/Developer/Xcode/DerivedData/OPS-czavgtmnvamasvcjgszzuulfcsxj/Build/Intermediates.noindex/OPS.build/Debug-iphonesimulator/OPS.build/Objects-normal/arm64/supplementaryOutputs-1 -emit-localized-strings -emit-localized-strings-path /Users/jacksonsweet/Library/Developer/Xcode/DerivedData/OPS-czavgtmnvamasvcjgszzuulfcsxj/Build/Intermediates.noindex/OPS.build/Debug-iphonesimulator/OPS.build/Objects-normal/arm64 -target arm64-apple-ios18.2-simulator -Xllvm -aarch64-use-tbi -enable-objc-interop -sdk /Applications/Xcode.app/Contents/Developer/Platforms/iPhoneSimulator.platform/Developer/SDKs/iPhoneSimulator18.2.sdk -I /Users/jacksonsweet/Library/Developer/Xcode/DerivedData/OPS-czavgtmnvamasvcjgszzuulfcsxj/Build/Products/Debug-iphonesimulator -F /Users/jacksonsweet/Library/Developer/Xcode/DerivedData/OPS-czavgtmnvamasvcjgszzuulfcsxj/Build/Products/Debug-iphonesimulator -no-color-diagnostics -enable-testing -g -debug-info-format\=dwarf -dwarf-version\=5 -module-cache-path /Users/jacksonsweet/Library/Developer/Xcode/DerivedData/ModuleCache.noindex -profile-generate -profile-coverage-mapping -swift-version 5 -enforce-exclusivity\=checked -Onone -D DEBUG -serialize-debugging-options -const-gather-protocols-file /Users/jacksonsweet/Library/Developer/Xcode/DerivedData/OPS-czavgtmnvamasvcjgszzuulfcsxj/Build/Intermediates.noindex/OPS.build/Debug-iphonesimulator/OPS.build/Objects-normal/arm64/OPS_const_extract_protocols.json -enable-experimental-feature DebugDescriptionMacro -enable-experimental-feature OpaqueTypeErasure -enable-bare-slash-regex -empty-abi-descriptor -validate-clang-modules-once -clang-build-session-file /Users/jacksonsweet/Library/Developer/Xcode/DerivedData/ModuleCache.noindex/Session.modulevalidation -Xcc -working-directory -Xcc /Users/jacksonsweet/Desktop/OPS\ APP/OPS -resource-dir /Applications/Xcode.app/Contents/Developer/Toolchains/XcodeDefault.xctoolchain/usr/lib/swift -enable-anonymous-context-mangled-names -file-compilation-dir /Users/jacksonsweet/Desktop/OPS\ APP/OPS -Xcc -D_LIBCPP_HARDENING_MODE\=_LIBCPP_HARDENING_MODE_DEBUG -Xcc -ivfsstatcache -Xcc /Users/jacksonsweet/Library/Developer/Xcode/DerivedData/SDKStatCaches.noindex/iphonesimulator18.2-22C146-07b28473f605e47e75261259d3ef3b5a.sdkstatcache -Xcc -I/Users/jacksonsweet/Library/Developer/Xcode/DerivedData/OPS-czavgtmnvamasvcjgszzuulfcsxj/Build/Intermediates.noindex/OPS.build/Debug-iphonesimulator/OPS.build/swift-overrides.hmap -Xcc -iquote -Xcc /Users/jacksonsweet/Library/Developer/Xcode/DerivedData/OPS-czavgtmnvamasvcjgszzuulfcsxj/Build/Intermediates.noindex/OPS.build/Debug-iphonesimulator/OPS.build/OPS-generated-files.hmap -Xcc -I/Users/jacksonsweet/Library/Developer/Xcode/DerivedData/OPS-czavgtmnvamasvcjgszzuulfcsxj/Build/Intermediates.noindex/OPS.build/Debug-iphonesimulator/OPS.build/OPS-own-target-headers.hmap -Xcc -I/Users/jacksonsweet/Library/Developer/Xcode/DerivedData/OPS-czavgtmnvamasvcjgszzuulfcsxj/Build/Intermediates.noindex/OPS.build/Debug-iphonesimulator/OPS.build/OPS-all-target-headers.hmap -Xcc -iquote -Xcc /Users/jacksonsweet/Library/Developer/Xcode/DerivedData/OPS-czavgtmnvamasvcjgszzuulfcsxj/Build/Intermediates.noindex/OPS.build/Debug-iphonesimulator/OPS.build/OPS-project-headers.hmap -Xcc -I/Users/jacksonsweet/Library/Developer/Xcode/DerivedData/OPS-czavgtmnvamasvcjgszzuulfcsxj/Build/Products/Debug-iphonesimulator/include -Xcc -I/Users/jacksonsweet/Library/Developer/Xcode/DerivedData/OPS-czavgtmnvamasvcjgszzuulfcsxj/Build/Intermediates.noindex/OPS.build/Debug-iphonesimulator/OPS.build/DerivedSources-normal/arm64 -Xcc -I/Users/jacksonsweet/Library/Developer/Xcode/DerivedData/OPS-czavgtmnvamasvcjgszzuulfcsxj/Build/Intermediates.noindex/OPS.build/Debug-iphonesimulator/OPS.build/DerivedSources/arm64 -Xcc -I/Users/jacksonsweet/Library/Developer/Xcode/DerivedData/OPS-czavgtmnvamasvcjgszzuulfcsxj/Build/Intermediates.noindex/OPS.build/Debug-iphonesimulator/OPS.build/DerivedSources -Xcc -DDEBUG\=1 -module-name OPS -frontend-parseable-output -disable-clang-spi -target-sdk-version 18.2 -target-sdk-name iphonesimulator18.2 -external-plugin-path /Applications/Xcode.app/Contents/Developer/Platforms/iPhoneOS.platform/Developer/usr/lib/swift/host/plugins\#/Applications/Xcode.app/Contents/Developer/Platforms/iPhoneOS.platform/Developer/usr/bin/swift-plugin-server -external-plugin-path /Applications/Xcode.app/Contents/Developer/Platforms/iPhoneOS.platform/Developer/usr/local/lib/swift/host/plugins\#/Applications/Xcode.app/Contents/Developer/Platforms/iPhoneOS.platform/Developer/usr/bin/swift-plugin-server -plugin-path /Applications/Xcode.app/Contents/Developer/Toolchains/XcodeDefault.xctoolchain/usr/lib/swift/host/plugins -plugin-path /Applications/Xcode.app/Contents/Developer/Toolchains/XcodeDefault.xctoolchain/usr/local/lib/swift/host/plugins -o /Users/jacksonsweet/Library/Developer/Xcode/DerivedData/OPS-czavgtmnvamasvcjgszzuulfcsxj/Build/Intermediates.noindex/OPS.build/Debug-iphonesimulator/OPS.build/Objects-normal/arm64/BubbleImage.o -o /Users/jacksonsweet/Library/Developer/Xcode/DerivedData/OPS-czavgtmnvamasvcjgszzuulfcsxj/Build/Intermediates.noindex/OPS.build/Debug-iphonesimulator/OPS.build/Objects-normal/arm64/BubbleTypes.o -o /Users/jacksonsweet/Library/Developer/Xcode/DerivedData/OPS-czavgtmnvamasvcjgszzuulfcsxj/Build/Intermediates.noindex/OPS.build/Debug-iphonesimulator/OPS.build/Objects-normal/arm64/Company.o -o /Users/jacksonsweet/Library/Developer/Xcode/DerivedData/OPS-czavgtmnvamasvcjgszzuulfcsxj/Build/Intermediates.noindex/OPS.build/Debug-iphonesimulator/OPS.build/Objects-normal/arm64/Project.o -o /Users/jacksonsweet/Library/Developer/Xcode/DerivedData/OPS-czavgtmnvamasvcjgszzuulfcsxj/Build/Intermediates.noindex/OPS.build/Debug-iphonesimulator/OPS.build/Objects-normal/arm64/Status.o -o /Users/jacksonsweet/Library/Developer/Xcode/DerivedData/OPS-czavgtmnvamasvcjgszzuulfcsxj/Build/Intermediates.noindex/OPS.build/Debug-iphonesimulator/OPS.build/Objects-normal/arm64/User.o -o /Users/jacksonsweet/Library/Developer/Xcode/DerivedData/OPS-czavgtmnvamasvcjgszzuulfcsxj/Build/Intermediates.noindex/OPS.build/Debug-iphonesimulator/OPS.build/Objects-normal/arm64/UserRole.o -o /Users/jacksonsweet/Library/Developer/Xcode/DerivedData/OPS-czavgtmnvamasvcjgszzuulfcsxj/Build/Intermediates.noindex/OPS.build/Debug-iphonesimulator/OPS.build/Objects-normal/arm64/UIImage+Extensions.o -o /Users/jacksonsweet/Library/Developer/Xcode/DerivedData/OPS-czavgtmnvamasvcjgszzuulfcsxj/Build/Intermediates.noindex/OPS.build/Debug-iphonesimulator/OPS.build/Objects-normal/arm64/APIError.o -o /Users/jacksonsweet/Library/Developer/Xcode/DerivedData/OPS-czavgtmnvamasvcjgszzuulfcsxj/Build/Intermediates.noindex/OPS.build/Debug-iphonesimulator/OPS.build/Objects-normal/arm64/APIService.o -o /Users/jacksonsweet/Library/Developer/Xcode/DerivedData/OPS-czavgtmnvamasvcjgszzuulfcsxj/Build/Intermediates.noindex/OPS.build/Debug-iphonesimulator/OPS.build/Objects-normal/arm64/BubbleFields.o -o /Users/jacksonsweet/Library/Developer/Xcode/DerivedData/OPS-czavgtmnvamasvcjgszzuulfcsxj/Build/Intermediates.noindex/OPS.build/Debug-iphonesimulator/OPS.build/Objects-normal/arm64/AuthError.o -o /Users/jacksonsweet/Library/Developer/Xcode/DerivedData/OPS-czavgtmnvamasvcjgszzuulfcsxj/Build/Intermediates.noindex/OPS.build/Debug-iphonesimulator/OPS.build/Objects-normal/arm64/AuthManager.o -index-unit-output-path /OPS.build/Debug-iphonesimulator/OPS.build/Objects-normal/arm64/BubbleImage.o -index-unit-output-path /OPS.build/Debug-iphonesimulator/OPS.build/Objects-normal/arm64/BubbleTypes.o -index-unit-output-path /OPS.build/Debug-iphonesimulator/OPS.build/Objects-normal/arm64/Company.o -index-unit-output-path /OPS.build/Debug-iphonesimulator/OPS.build/Objects-normal/arm64/Project.o -index-unit-output-path /OPS.build/Debug-iphonesimulator/OPS.build/Objects-normal/arm64/Status.o -index-unit-output-path /OPS.build/Debug-iphonesimulator/OPS.build/Objects-normal/arm64/User.o -index-unit-output-path /OPS.build/Debug-iphonesimulator/OPS.build/Objects-normal/arm64/UserRole.o -index-unit-output-path /OPS.build/Debug-iphonesimulator/OPS.build/Objects-normal/arm64/UIImage+Extensions.o -index-unit-output-path /OPS.build/Debug-iphonesimulator/OPS.build/Objects-normal/arm64/APIError.o -index-unit-output-path /OPS.build/Debug-iphonesimulator/OPS.build/Objects-normal/arm64/APIService.o -index-unit-output-path /OPS.build/Debug-iphonesimulator/OPS.build/Objects-normal/arm64/BubbleFields.o -index-unit-output-path /OPS.build/Debug-iphonesimulator/OPS.build/Objects-normal/arm64/AuthError.o -index-unit-output-path /OPS.build/Debug-iphonesimulator/OPS.build/Objects-normal/arm64/AuthManager.o -index-store-path /Users/jacksonsweet/Library/Developer/Xcode/DerivedData/OPS-czavgtmnvamasvcjgszzuulfcsxj/Index.noindex/DataStore -index-system-modules

SwiftCompile normal arm64 /Users/jacksonsweet/Desktop/OPS\ APP/OPS/OPS/Network/API/APIService.swift (in target 'OPS' from project 'OPS')
    cd /Users/jacksonsweet/Desktop/OPS\ APP/OPS
    /Applications/Xcode.app/Contents/Developer/Toolchains/XcodeDefault.xctoolchain/usr/bin/swift-frontend -c -primary-file /Users/jacksonsweet/Desktop/OPS\ APP/OPS/OPS/DataModels/BubbleImage.swift -primary-file /Users/jacksonsweet/Desktop/OPS\ APP/OPS/OPS/DataModels/BubbleTypes.swift -primary-file /Users/jacksonsweet/Desktop/OPS\ APP/OPS/OPS/DataModels/Company.swift -primary-file /Users/jacksonsweet/Desktop/OPS\ APP/OPS/OPS/DataModels/Project.swift -primary-file /Users/jacksonsweet/Desktop/OPS\ APP/OPS/OPS/DataModels/Status.swift -primary-file /Users/jacksonsweet/Desktop/OPS\ APP/OPS/OPS/DataModels/User.swift -primary-file /Users/jacksonsweet/Desktop/OPS\ APP/OPS/OPS/DataModels/UserRole.swift -primary-file /Users/jacksonsweet/Desktop/OPS\ APP/OPS/OPS/Extensions/UIImage+Extensions.swift -primary-file /Users/jacksonsweet/Desktop/OPS\ APP/OPS/OPS/Network/API/APIError.swift -primary-file /Users/jacksonsweet/Desktop/OPS\ APP/OPS/OPS/Network/API/APIService.swift -primary-file /Users/jacksonsweet/Desktop/OPS\ APP/OPS/OPS/Network/API/BubbleFields.swift -primary-file /Users/jacksonsweet/Desktop/OPS\ APP/OPS/OPS/Network/Auth/AuthError.swift -primary-file /Users/jacksonsweet/Desktop/OPS\ APP/OPS/OPS/Network/Auth/AuthManager.swift /Users/jacksonsweet/Desktop/OPS\ APP/OPS/OPS/Network/Auth/KeychainManager.swift /Users/jacksonsweet/Desktop/OPS\ APP/OPS/OPS/Network/DTOs/CompanyDTO.swift /Users/jacksonsweet/Desktop/OPS\ APP/OPS/OPS/Network/DTOs/ProjectDTO.swift /Users/jacksonsweet/Desktop/OPS\ APP/OPS/OPS/Network/DTOs/UserDTO.swift /Users/jacksonsweet/Desktop/OPS\ APP/OPS/OPS/Network/Endpoints/CompanyEndpoints.swift /Users/jacksonsweet/Desktop/OPS\ APP/OPS/OPS/Network/Endpoints/ProjectEndpoints.swift /Users/jacksonsweet/Desktop/OPS\ APP/OPS/OPS/Network/Endpoints/UserEndpoints.swift /Users/jacksonsweet/Desktop/OPS\ APP/OPS/OPS/Network/Sync/BackgroundTaskManager.swift /Users/jacksonsweet/Desktop/OPS\ APP/OPS/OPS/Network/Sync/SyncManager.swift /Users/jacksonsweet/Desktop/OPS\ APP/OPS/OPS/Network/ConnectivityMonitor.swift /Users/jacksonsweet/Desktop/OPS\ APP/OPS/OPS/Network/ImageSyncManager.swift /Users/jacksonsweet/Desktop/OPS\ APP/OPS/OPS/Onboarding/Coordinators/OnboardingCoordinator.swift /Users/jacksonsweet/Desktop/OPS\ APP/OPS/OPS/Onboarding/Models/OnboardingModels.swift /Users/jacksonsweet/Desktop/OPS\ APP/OPS/OPS/Onboarding/Services/OnboardingService.swift /Users/jacksonsweet/Desktop/OPS\ APP/OPS/OPS/Onboarding/ViewModels/OnboardingViewModel.swift /Users/jacksonsweet/Desktop/OPS\ APP/OPS/OPS/Onboarding/Views/Components/OnboardingComponents.swift /Users/jacksonsweet/Desktop/OPS\ APP/OPS/OPS/Onboarding/Views/Screens/AccountCreatedView.swift /Users/jacksonsweet/Desktop/OPS\ APP/OPS/OPS/Onboarding/Views/Screens/CompanyCodeView.swift /Users/jacksonsweet/Desktop/OPS\ APP/OPS/OPS/Onboarding/Views/Screens/CompanyCodeViewPreview.swift /Users/jacksonsweet/Desktop/OPS\ APP/OPS/OPS/Onboarding/Views/Screens/CompletionView.swift /Users/jacksonsweet/Desktop/OPS\ APP/OPS/OPS/Onboarding/Views/Screens/CompletionViewPreview.swift /Users/jacksonsweet/Desktop/OPS\ APP/OPS/OPS/Onboarding/Views/Screens/EmailView.swift /Users/jacksonsweet/Desktop/OPS\ APP/OPS/OPS/Onboarding/Views/Screens/FieldSetupView.swift /Users/jacksonsweet/Desktop/OPS\ APP/OPS/OPS/Onboarding/Views/Screens/NotificationsView.swift /Users/jacksonsweet/Desktop/OPS\ APP/OPS/OPS/Onboarding/Views/Screens/NotificationsViewPreview.swift /Users/jacksonsweet/Desktop/OPS\ APP/OPS/OPS/Onboarding/Views/Screens/OrganizationJoinView.swift /Users/jacksonsweet/Desktop/OPS\ APP/OPS/OPS/Onboarding/Views/Screens/PasswordView.swift /Users/jacksonsweet/Desktop/OPS\ APP/OPS/OPS/Onboarding/Views/Screens/PasswordViewPreview.swift /Users/jacksonsweet/Desktop/OPS\ APP/OPS/OPS/Onboarding/Views/Screens/PermissionsView.swift /Users/jacksonsweet/Desktop/OPS\ APP/OPS/OPS/Onboarding/Views/Screens/PermissionsViewPreview.swift /Users/jacksonsweet/Desktop/OPS\ APP/OPS/OPS/Onboarding/Views/Screens/PhoneNumberView.swift /Users/jacksonsweet/Desktop/OPS\ APP/OPS/OPS/Onboarding/Views/Screens/PhoneNumberViewPreview.swift /Users/jacksonsweet/Desktop/OPS\ APP/OPS/OPS/Onboarding/Views/Screens/UserInfoView.swift /Users/jacksonsweet/Desktop/OPS\ APP/OPS/OPS/Onboarding/Views/Screens/UserInfoViewPreview.swift /Users/jacksonsweet/Desktop/OPS\ APP/OPS/OPS/Onboarding/Views/Screens/VerifyPhoneView.swift /Users/jacksonsweet/Desktop/OPS\ APP/OPS/OPS/Onboarding/Views/Screens/WelcomeCompanyView.swift /Users/jacksonsweet/Desktop/OPS\ APP/OPS/OPS/Onboarding/Views/Screens/WelcomeCompanyViewPreview.swift /Users/jacksonsweet/Desktop/OPS\ APP/OPS/OPS/Onboarding/Views/Screens/WelcomeView.swift /Users/jacksonsweet/Desktop/OPS\ APP/OPS/OPS/Onboarding/Views/Screens/WelcomeViewPreview.swift /Users/jacksonsweet/Desktop/OPS\ APP/OPS/OPS/Onboarding/Views/OnboardingContainerView.swift /Users/jacksonsweet/Desktop/OPS\ APP/OPS/OPS/Onboarding/Views/OnboardingFlowPreview.swift /Users/jacksonsweet/Desktop/OPS\ APP/OPS/OPS/Onboarding/Views/OnboardingPresenter.swift /Users/jacksonsweet/Desktop/OPS\ APP/OPS/OPS/Onboarding/Views/OnboardingPreviewHelpers.swift /Users/jacksonsweet/Desktop/OPS\ APP/OPS/OPS/Styles/OPSStyle.swift /Users/jacksonsweet/Desktop/OPS\ APP/OPS/OPS/Utilities/AppConfiguration.swift /Users/jacksonsweet/Desktop/OPS\ APP/OPS/OPS/Utilities/ArrayTransformer.swift /Users/jacksonsweet/Desktop/OPS\ APP/OPS/OPS/Utilities/DataController.swift /Users/jacksonsweet/Desktop/OPS\ APP/OPS/OPS/Utilities/Dateformatter\ +Bubble.swift /Users/jacksonsweet/Desktop/OPS\ APP/OPS/OPS/Utilities/DateHelper.swift /Users/jacksonsweet/Desktop/OPS\ APP/OPS/OPS/Utilities/FieldErrorHandler.swift /Users/jacksonsweet/Desktop/OPS\ APP/OPS/OPS/Utilities/ImageCache.swift /Users/jacksonsweet/Desktop/OPS\ APP/OPS/OPS/Utilities/ImageFileManager.swift /Users/jacksonsweet/Desktop/OPS\ APP/OPS/OPS/Utilities/InProgressManager.swift /Users/jacksonsweet/Desktop/OPS\ APP/OPS/OPS/Utilities/KeyboardDismissalModifier.swift /Users/jacksonsweet/Desktop/OPS\ APP/OPS/OPS/Utilities/LocationManager.swift /Users/jacksonsweet/Desktop/OPS\ APP/OPS/OPS/Utilities/OnboardingEnvironmentKey.swift /Users/jacksonsweet/Desktop/OPS\ APP/OPS/OPS/Utilities/SwiftDataHelper.swift /Users/jacksonsweet/Desktop/OPS\ APP/OPS/OPS/Utilities/UIComponents.swift /Users/jacksonsweet/Desktop/OPS\ APP/OPS/OPS/V2/CertificationsSettingsView.swift /Users/jacksonsweet/Desktop/OPS\ APP/OPS/OPS/ViewModels/CalendarViewModel.swift /Users/jacksonsweet/Desktop/OPS\ APP/OPS/OPS/ViewModels/ProjectsViewModel.swift /Users/jacksonsweet/Desktop/OPS\ APP/OPS/OPS/Views/Calendar\ Tab/Components/CalendarDaySelector.swift /Users/jacksonsweet/Desktop/OPS\ APP/OPS/OPS/Views/Calendar\ Tab/Components/CalendarHeaderView.swift /Users/jacksonsweet/Desktop/OPS\ APP/OPS/OPS/Views/Calendar\ Tab/Components/CalendarProjectCard.swift /Users/jacksonsweet/Desktop/OPS\ APP/OPS/OPS/Views/Calendar\ Tab/Components/CalendarToggleView.swift /Users/jacksonsweet/Desktop/OPS\ APP/OPS/OPS/Views/Calendar\ Tab/Components/DatePickerPopover.swift /Users/jacksonsweet/Desktop/OPS\ APP/OPS/OPS/Views/Calendar\ Tab/Components/DayCell.swift /Users/jacksonsweet/Desktop/OPS\ APP/OPS/OPS/Views/Calendar\ Tab/ProjectViews/DayProjectSheet.swift /Users/jacksonsweet/Desktop/OPS\ APP/OPS/OPS/Views/Calendar\ Tab/ProjectViews/ProjectListView.swift /Users/jacksonsweet/Desktop/OPS\ APP/OPS/OPS/Views/Calendar\ Tab/MonthGridView.swift /Users/jacksonsweet/Desktop/OPS\ APP/OPS/OPS/Views/Components/Common/AppHeader.swift /Users/jacksonsweet/Desktop/OPS\ APP/OPS/OPS/Views/Components/Common/ExpandableNotesView.swift /Users/jacksonsweet/Desktop/OPS\ APP/OPS/OPS/Views/Components/Common/LocationPermissionView.swift /Users/jacksonsweet/Desktop/OPS\ APP/OPS/OPS/Views/Components/Common/NavigationBanner.swift /Users/jacksonsweet/Desktop/OPS\ APP/OPS/OPS/Views/Components/Common/NavigationControlsView.swift /Users/jacksonsweet/Desktop/OPS\ APP/OPS/OPS/Views/Components/Common/TabBarBackground.swift /Users/jacksonsweet/Desktop/OPS\ APP/OPS/OPS/Views/Components/Images/ImagePicker.swift /Users/jacksonsweet/Desktop/OPS\ APP/OPS/OPS/Views/Components/Images/ImagePickerView.swift /Users/jacksonsweet/Desktop/OPS\ APP/OPS/OPS/Views/Components/Images/ProjectImagesSection.swift /Users/jacksonsweet/Desktop/OPS\ APP/OPS/OPS/Views/Components/Images/ProjectImagesSimple.swift /Users/jacksonsweet/Desktop/OPS\ APP/OPS/OPS/Views/Components/Images/ProjectImageView.swift /Users/jacksonsweet/Desktop/OPS\ APP/OPS/OPS/Views/Components/Images/ProjectPhotosGrid.swift /Users/jacksonsweet/Desktop/OPS\ APP/OPS/OPS/Views/Components/Map/MiniMapView.swift /Users/jacksonsweet/Desktop/OPS\ APP/OPS/OPS/Views/Components/Map/ProjectMapAnnotation.swift /Users/jacksonsweet/Desktop/OPS\ APP/OPS/OPS/Views/Components/Map/ProjectMapView.swift /Users/jacksonsweet/Desktop/OPS\ APP/OPS/OPS/Views/Components/Map/ProjectMarkerPopup.swift /Users/jacksonsweet/Desktop/OPS\ APP/OPS/OPS/Views/Components/Map/RouteDirectionsView.swift /Users/jacksonsweet/Desktop/OPS\ APP/OPS/OPS/Views/Components/Project/ProjectActionBar.swift /Users/jacksonsweet/Desktop/OPS\ APP/OPS/OPS/Views/Components/Project/ProjectCard.swift /Users/jacksonsweet/Desktop/OPS\ APP/OPS/OPS/Views/Components/Project/ProjectCarousel.swift /Users/jacksonsweet/Desktop/OPS\ APP/OPS/OPS/Views/Components/Project/ProjectDetailsView.swift /Users/jacksonsweet/Desktop/OPS\ APP/OPS/OPS/Views/Components/Project/ProjectHeader.swift /Users/jacksonsweet/Desktop/OPS\ APP/OPS/OPS/Views/Components/Project/ProjectSheetContainer.swift /Users/jacksonsweet/Desktop/OPS\ APP/OPS/OPS/Views/Components/User/TeamMemberListView.swift /Users/jacksonsweet/Desktop/OPS\ APP/OPS/OPS/Views/Components/User/UserProfileCard.swift /Users/jacksonsweet/Desktop/OPS\ APP/OPS/OPS/Views/Home/HomeContentView.swift /Users/jacksonsweet/Desktop/OPS\ APP/OPS/OPS/Views/Home/HomeView.swift /Users/jacksonsweet/Desktop/OPS\ APP/OPS/OPS/Views/Settings/OrganizationSettingsView.swift /Users/jacksonsweet/Desktop/OPS\ APP/OPS/OPS/Views/Settings/ProfileSettingsView.swift /Users/jacksonsweet/Desktop/OPS\ APP/OPS/OPS/Views/Settings/ProjectHistorySettingsView.swift /Users/jacksonsweet/Desktop/OPS\ APP/OPS/OPS/Views/LoginView.swift /Users/jacksonsweet/Desktop/OPS\ APP/OPS/OPS/Views/LoginViewPreview.swift /Users/jacksonsweet/Desktop/OPS\ APP/OPS/OPS/Views/MainTabView.swift /Users/jacksonsweet/Desktop/OPS\ APP/OPS/OPS/Views/NetworkStatusIndicator.swift /Users/jacksonsweet/Desktop/OPS\ APP/OPS/OPS/Views/ScheduleView.swift /Users/jacksonsweet/Desktop/OPS\ APP/OPS/OPS/Views/SettingsView.swift /Users/jacksonsweet/Desktop/OPS\ APP/OPS/OPS/Views/SplashScreen.swift /Users/jacksonsweet/Desktop/OPS\ APP/OPS/OPS/AppState.swift /Users/jacksonsweet/Desktop/OPS\ APP/OPS/OPS/ContentView.swift /Users/jacksonsweet/Desktop/OPS\ APP/OPS/OPS/Item.swift /Users/jacksonsweet/Desktop/OPS\ APP/OPS/OPS/OPSApp.swift /Users/jacksonsweet/Library/Developer/Xcode/DerivedData/OPS-czavgtmnvamasvcjgszzuulfcsxj/Build/Intermediates.noindex/OPS.build/Debug-iphonesimulator/OPS.build/DerivedSources/GeneratedAssetSymbols.swift -supplementary-output-file-map /Users/jacksonsweet/Library/Developer/Xcode/DerivedData/OPS-czavgtmnvamasvcjgszzuulfcsxj/Build/Intermediates.noindex/OPS.build/Debug-iphonesimulator/OPS.build/Objects-normal/arm64/supplementaryOutputs-1 -emit-localized-strings -emit-localized-strings-path /Users/jacksonsweet/Library/Developer/Xcode/DerivedData/OPS-czavgtmnvamasvcjgszzuulfcsxj/Build/Intermediates.noindex/OPS.build/Debug-iphonesimulator/OPS.build/Objects-normal/arm64 -target arm64-apple-ios18.2-simulator -Xllvm -aarch64-use-tbi -enable-objc-interop -sdk /Applications/Xcode.app/Contents/Developer/Platforms/iPhoneSimulator.platform/Developer/SDKs/iPhoneSimulator18.2.sdk -I /Users/jacksonsweet/Library/Developer/Xcode/DerivedData/OPS-czavgtmnvamasvcjgszzuulfcsxj/Build/Products/Debug-iphonesimulator -F /Users/jacksonsweet/Library/Developer/Xcode/DerivedData/OPS-czavgtmnvamasvcjgszzuulfcsxj/Build/Products/Debug-iphonesimulator -no-color-diagnostics -enable-testing -g -debug-info-format\=dwarf -dwarf-version\=5 -module-cache-path /Users/jacksonsweet/Library/Developer/Xcode/DerivedData/ModuleCache.noindex -profile-generate -profile-coverage-mapping -swift-version 5 -enforce-exclusivity\=checked -Onone -D DEBUG -serialize-debugging-options -const-gather-protocols-file /Users/jacksonsweet/Library/Developer/Xcode/DerivedData/OPS-czavgtmnvamasvcjgszzuulfcsxj/Build/Intermediates.noindex/OPS.build/Debug-iphonesimulator/OPS.build/Objects-normal/arm64/OPS_const_extract_protocols.json -enable-experimental-feature DebugDescriptionMacro -enable-experimental-feature OpaqueTypeErasure -enable-bare-slash-regex -empty-abi-descriptor -validate-clang-modules-once -clang-build-session-file /Users/jacksonsweet/Library/Developer/Xcode/DerivedData/ModuleCache.noindex/Session.modulevalidation -Xcc -working-directory -Xcc /Users/jacksonsweet/Desktop/OPS\ APP/OPS -resource-dir /Applications/Xcode.app/Contents/Developer/Toolchains/XcodeDefault.xctoolchain/usr/lib/swift -enable-anonymous-context-mangled-names -file-compilation-dir /Users/jacksonsweet/Desktop/OPS\ APP/OPS -Xcc -D_LIBCPP_HARDENING_MODE\=_LIBCPP_HARDENING_MODE_DEBUG -Xcc -ivfsstatcache -Xcc /Users/jacksonsweet/Library/Developer/Xcode/DerivedData/SDKStatCaches.noindex/iphonesimulator18.2-22C146-07b28473f605e47e75261259d3ef3b5a.sdkstatcache -Xcc -I/Users/jacksonsweet/Library/Developer/Xcode/DerivedData/OPS-czavgtmnvamasvcjgszzuulfcsxj/Build/Intermediates.noindex/OPS.build/Debug-iphonesimulator/OPS.build/swift-overrides.hmap -Xcc -iquote -Xcc /Users/jacksonsweet/Library/Developer/Xcode/DerivedData/OPS-czavgtmnvamasvcjgszzuulfcsxj/Build/Intermediates.noindex/OPS.build/Debug-iphonesimulator/OPS.build/OPS-generated-files.hmap -Xcc -I/Users/jacksonsweet/Library/Developer/Xcode/DerivedData/OPS-czavgtmnvamasvcjgszzuulfcsxj/Build/Intermediates.noindex/OPS.build/Debug-iphonesimulator/OPS.build/OPS-own-target-headers.hmap -Xcc -I/Users/jacksonsweet/Library/Developer/Xcode/DerivedData/OPS-czavgtmnvamasvcjgszzuulfcsxj/Build/Intermediates.noindex/OPS.build/Debug-iphonesimulator/OPS.build/OPS-all-target-headers.hmap -Xcc -iquote -Xcc /Users/jacksonsweet/Library/Developer/Xcode/DerivedData/OPS-czavgtmnvamasvcjgszzuulfcsxj/Build/Intermediates.noindex/OPS.build/Debug-iphonesimulator/OPS.build/OPS-project-headers.hmap -Xcc -I/Users/jacksonsweet/Library/Developer/Xcode/DerivedData/OPS-czavgtmnvamasvcjgszzuulfcsxj/Build/Products/Debug-iphonesimulator/include -Xcc -I/Users/jacksonsweet/Library/Developer/Xcode/DerivedData/OPS-czavgtmnvamasvcjgszzuulfcsxj/Build/Intermediates.noindex/OPS.build/Debug-iphonesimulator/OPS.build/DerivedSources-normal/arm64 -Xcc -I/Users/jacksonsweet/Library/Developer/Xcode/DerivedData/OPS-czavgtmnvamasvcjgszzuulfcsxj/Build/Intermediates.noindex/OPS.build/Debug-iphonesimulator/OPS.build/DerivedSources/arm64 -Xcc -I/Users/jacksonsweet/Library/Developer/Xcode/DerivedData/OPS-czavgtmnvamasvcjgszzuulfcsxj/Build/Intermediates.noindex/OPS.build/Debug-iphonesimulator/OPS.build/DerivedSources -Xcc -DDEBUG\=1 -module-name OPS -frontend-parseable-output -disable-clang-spi -target-sdk-version 18.2 -target-sdk-name iphonesimulator18.2 -external-plugin-path /Applications/Xcode.app/Contents/Developer/Platforms/iPhoneOS.platform/Developer/usr/lib/swift/host/plugins\#/Applications/Xcode.app/Contents/Developer/Platforms/iPhoneOS.platform/Developer/usr/bin/swift-plugin-server -external-plugin-path /Applications/Xcode.app/Contents/Developer/Platforms/iPhoneOS.platform/Developer/usr/local/lib/swift/host/plugins\#/Applications/Xcode.app/Contents/Developer/Platforms/iPhoneOS.platform/Developer/usr/bin/swift-plugin-server -plugin-path /Applications/Xcode.app/Contents/Developer/Toolchains/XcodeDefault.xctoolchain/usr/lib/swift/host/plugins -plugin-path /Applications/Xcode.app/Contents/Developer/Toolchains/XcodeDefault.xctoolchain/usr/local/lib/swift/host/plugins -o /Users/jacksonsweet/Library/Developer/Xcode/DerivedData/OPS-czavgtmnvamasvcjgszzuulfcsxj/Build/Intermediates.noindex/OPS.build/Debug-iphonesimulator/OPS.build/Objects-normal/arm64/BubbleImage.o -o /Users/jacksonsweet/Library/Developer/Xcode/DerivedData/OPS-czavgtmnvamasvcjgszzuulfcsxj/Build/Intermediates.noindex/OPS.build/Debug-iphonesimulator/OPS.build/Objects-normal/arm64/BubbleTypes.o -o /Users/jacksonsweet/Library/Developer/Xcode/DerivedData/OPS-czavgtmnvamasvcjgszzuulfcsxj/Build/Intermediates.noindex/OPS.build/Debug-iphonesimulator/OPS.build/Objects-normal/arm64/Company.o -o /Users/jacksonsweet/Library/Developer/Xcode/DerivedData/OPS-czavgtmnvamasvcjgszzuulfcsxj/Build/Intermediates.noindex/OPS.build/Debug-iphonesimulator/OPS.build/Objects-normal/arm64/Project.o -o /Users/jacksonsweet/Library/Developer/Xcode/DerivedData/OPS-czavgtmnvamasvcjgszzuulfcsxj/Build/Intermediates.noindex/OPS.build/Debug-iphonesimulator/OPS.build/Objects-normal/arm64/Status.o -o /Users/jacksonsweet/Library/Developer/Xcode/DerivedData/OPS-czavgtmnvamasvcjgszzuulfcsxj/Build/Intermediates.noindex/OPS.build/Debug-iphonesimulator/OPS.build/Objects-normal/arm64/User.o -o /Users/jacksonsweet/Library/Developer/Xcode/DerivedData/OPS-czavgtmnvamasvcjgszzuulfcsxj/Build/Intermediates.noindex/OPS.build/Debug-iphonesimulator/OPS.build/Objects-normal/arm64/UserRole.o -o /Users/jacksonsweet/Library/Developer/Xcode/DerivedData/OPS-czavgtmnvamasvcjgszzuulfcsxj/Build/Intermediates.noindex/OPS.build/Debug-iphonesimulator/OPS.build/Objects-normal/arm64/UIImage+Extensions.o -o /Users/jacksonsweet/Library/Developer/Xcode/DerivedData/OPS-czavgtmnvamasvcjgszzuulfcsxj/Build/Intermediates.noindex/OPS.build/Debug-iphonesimulator/OPS.build/Objects-normal/arm64/APIError.o -o /Users/jacksonsweet/Library/Developer/Xcode/DerivedData/OPS-czavgtmnvamasvcjgszzuulfcsxj/Build/Intermediates.noindex/OPS.build/Debug-iphonesimulator/OPS.build/Objects-normal/arm64/APIService.o -o /Users/jacksonsweet/Library/Developer/Xcode/DerivedData/OPS-czavgtmnvamasvcjgszzuulfcsxj/Build/Intermediates.noindex/OPS.build/Debug-iphonesimulator/OPS.build/Objects-normal/arm64/BubbleFields.o -o /Users/jacksonsweet/Library/Developer/Xcode/DerivedData/OPS-czavgtmnvamasvcjgszzuulfcsxj/Build/Intermediates.noindex/OPS.build/Debug-iphonesimulator/OPS.build/Objects-normal/arm64/AuthError.o -o /Users/jacksonsweet/Library/Developer/Xcode/DerivedData/OPS-czavgtmnvamasvcjgszzuulfcsxj/Build/Intermediates.noindex/OPS.build/Debug-iphonesimulator/OPS.build/Objects-normal/arm64/AuthManager.o -index-unit-output-path /OPS.build/Debug-iphonesimulator/OPS.build/Objects-normal/arm64/BubbleImage.o -index-unit-output-path /OPS.build/Debug-iphonesimulator/OPS.build/Objects-normal/arm64/BubbleTypes.o -index-unit-output-path /OPS.build/Debug-iphonesimulator/OPS.build/Objects-normal/arm64/Company.o -index-unit-output-path /OPS.build/Debug-iphonesimulator/OPS.build/Objects-normal/arm64/Project.o -index-unit-output-path /OPS.build/Debug-iphonesimulator/OPS.build/Objects-normal/arm64/Status.o -index-unit-output-path /OPS.build/Debug-iphonesimulator/OPS.build/Objects-normal/arm64/User.o -index-unit-output-path /OPS.build/Debug-iphonesimulator/OPS.build/Objects-normal/arm64/UserRole.o -index-unit-output-path /OPS.build/Debug-iphonesimulator/OPS.build/Objects-normal/arm64/UIImage+Extensions.o -index-unit-output-path /OPS.build/Debug-iphonesimulator/OPS.build/Objects-normal/arm64/APIError.o -index-unit-output-path /OPS.build/Debug-iphonesimulator/OPS.build/Objects-normal/arm64/APIService.o -index-unit-output-path /OPS.build/Debug-iphonesimulator/OPS.build/Objects-normal/arm64/BubbleFields.o -index-unit-output-path /OPS.build/Debug-iphonesimulator/OPS.build/Objects-normal/arm64/AuthError.o -index-unit-output-path /OPS.build/Debug-iphonesimulator/OPS.build/Objects-normal/arm64/AuthManager.o -index-store-path /Users/jacksonsweet/Library/Developer/Xcode/DerivedData/OPS-czavgtmnvamasvcjgszzuulfcsxj/Index.noindex/DataStore -index-system-modules

SwiftCompile normal arm64 /Users/jacksonsweet/Desktop/OPS\ APP/OPS/OPS/Network/API/BubbleFields.swift (in target 'OPS' from project 'OPS')
    cd /Users/jacksonsweet/Desktop/OPS\ APP/OPS
    /Applications/Xcode.app/Contents/Developer/Toolchains/XcodeDefault.xctoolchain/usr/bin/swift-frontend -c -primary-file /Users/jacksonsweet/Desktop/OPS\ APP/OPS/OPS/DataModels/BubbleImage.swift -primary-file /Users/jacksonsweet/Desktop/OPS\ APP/OPS/OPS/DataModels/BubbleTypes.swift -primary-file /Users/jacksonsweet/Desktop/OPS\ APP/OPS/OPS/DataModels/Company.swift -primary-file /Users/jacksonsweet/Desktop/OPS\ APP/OPS/OPS/DataModels/Project.swift -primary-file /Users/jacksonsweet/Desktop/OPS\ APP/OPS/OPS/DataModels/Status.swift -primary-file /Users/jacksonsweet/Desktop/OPS\ APP/OPS/OPS/DataModels/User.swift -primary-file /Users/jacksonsweet/Desktop/OPS\ APP/OPS/OPS/DataModels/UserRole.swift -primary-file /Users/jacksonsweet/Desktop/OPS\ APP/OPS/OPS/Extensions/UIImage+Extensions.swift -primary-file /Users/jacksonsweet/Desktop/OPS\ APP/OPS/OPS/Network/API/APIError.swift -primary-file /Users/jacksonsweet/Desktop/OPS\ APP/OPS/OPS/Network/API/APIService.swift -primary-file /Users/jacksonsweet/Desktop/OPS\ APP/OPS/OPS/Network/API/BubbleFields.swift -primary-file /Users/jacksonsweet/Desktop/OPS\ APP/OPS/OPS/Network/Auth/AuthError.swift -primary-file /Users/jacksonsweet/Desktop/OPS\ APP/OPS/OPS/Network/Auth/AuthManager.swift /Users/jacksonsweet/Desktop/OPS\ APP/OPS/OPS/Network/Auth/KeychainManager.swift /Users/jacksonsweet/Desktop/OPS\ APP/OPS/OPS/Network/DTOs/CompanyDTO.swift /Users/jacksonsweet/Desktop/OPS\ APP/OPS/OPS/Network/DTOs/ProjectDTO.swift /Users/jacksonsweet/Desktop/OPS\ APP/OPS/OPS/Network/DTOs/UserDTO.swift /Users/jacksonsweet/Desktop/OPS\ APP/OPS/OPS/Network/Endpoints/CompanyEndpoints.swift /Users/jacksonsweet/Desktop/OPS\ APP/OPS/OPS/Network/Endpoints/ProjectEndpoints.swift /Users/jacksonsweet/Desktop/OPS\ APP/OPS/OPS/Network/Endpoints/UserEndpoints.swift /Users/jacksonsweet/Desktop/OPS\ APP/OPS/OPS/Network/Sync/BackgroundTaskManager.swift /Users/jacksonsweet/Desktop/OPS\ APP/OPS/OPS/Network/Sync/SyncManager.swift /Users/jacksonsweet/Desktop/OPS\ APP/OPS/OPS/Network/ConnectivityMonitor.swift /Users/jacksonsweet/Desktop/OPS\ APP/OPS/OPS/Network/ImageSyncManager.swift /Users/jacksonsweet/Desktop/OPS\ APP/OPS/OPS/Onboarding/Coordinators/OnboardingCoordinator.swift /Users/jacksonsweet/Desktop/OPS\ APP/OPS/OPS/Onboarding/Models/OnboardingModels.swift /Users/jacksonsweet/Desktop/OPS\ APP/OPS/OPS/Onboarding/Services/OnboardingService.swift /Users/jacksonsweet/Desktop/OPS\ APP/OPS/OPS/Onboarding/ViewModels/OnboardingViewModel.swift /Users/jacksonsweet/Desktop/OPS\ APP/OPS/OPS/Onboarding/Views/Components/OnboardingComponents.swift /Users/jacksonsweet/Desktop/OPS\ APP/OPS/OPS/Onboarding/Views/Screens/AccountCreatedView.swift /Users/jacksonsweet/Desktop/OPS\ APP/OPS/OPS/Onboarding/Views/Screens/CompanyCodeView.swift /Users/jacksonsweet/Desktop/OPS\ APP/OPS/OPS/Onboarding/Views/Screens/CompanyCodeViewPreview.swift /Users/jacksonsweet/Desktop/OPS\ APP/OPS/OPS/Onboarding/Views/Screens/CompletionView.swift /Users/jacksonsweet/Desktop/OPS\ APP/OPS/OPS/Onboarding/Views/Screens/CompletionViewPreview.swift /Users/jacksonsweet/Desktop/OPS\ APP/OPS/OPS/Onboarding/Views/Screens/EmailView.swift /Users/jacksonsweet/Desktop/OPS\ APP/OPS/OPS/Onboarding/Views/Screens/FieldSetupView.swift /Users/jacksonsweet/Desktop/OPS\ APP/OPS/OPS/Onboarding/Views/Screens/NotificationsView.swift /Users/jacksonsweet/Desktop/OPS\ APP/OPS/OPS/Onboarding/Views/Screens/NotificationsViewPreview.swift /Users/jacksonsweet/Desktop/OPS\ APP/OPS/OPS/Onboarding/Views/Screens/OrganizationJoinView.swift /Users/jacksonsweet/Desktop/OPS\ APP/OPS/OPS/Onboarding/Views/Screens/PasswordView.swift /Users/jacksonsweet/Desktop/OPS\ APP/OPS/OPS/Onboarding/Views/Screens/PasswordViewPreview.swift /Users/jacksonsweet/Desktop/OPS\ APP/OPS/OPS/Onboarding/Views/Screens/PermissionsView.swift /Users/jacksonsweet/Desktop/OPS\ APP/OPS/OPS/Onboarding/Views/Screens/PermissionsViewPreview.swift /Users/jacksonsweet/Desktop/OPS\ APP/OPS/OPS/Onboarding/Views/Screens/PhoneNumberView.swift /Users/jacksonsweet/Desktop/OPS\ APP/OPS/OPS/Onboarding/Views/Screens/PhoneNumberViewPreview.swift /Users/jacksonsweet/Desktop/OPS\ APP/OPS/OPS/Onboarding/Views/Screens/UserInfoView.swift /Users/jacksonsweet/Desktop/OPS\ APP/OPS/OPS/Onboarding/Views/Screens/UserInfoViewPreview.swift /Users/jacksonsweet/Desktop/OPS\ APP/OPS/OPS/Onboarding/Views/Screens/VerifyPhoneView.swift /Users/jacksonsweet/Desktop/OPS\ APP/OPS/OPS/Onboarding/Views/Screens/WelcomeCompanyView.swift /Users/jacksonsweet/Desktop/OPS\ APP/OPS/OPS/Onboarding/Views/Screens/WelcomeCompanyViewPreview.swift /Users/jacksonsweet/Desktop/OPS\ APP/OPS/OPS/Onboarding/Views/Screens/WelcomeView.swift /Users/jacksonsweet/Desktop/OPS\ APP/OPS/OPS/Onboarding/Views/Screens/WelcomeViewPreview.swift /Users/jacksonsweet/Desktop/OPS\ APP/OPS/OPS/Onboarding/Views/OnboardingContainerView.swift /Users/jacksonsweet/Desktop/OPS\ APP/OPS/OPS/Onboarding/Views/OnboardingFlowPreview.swift /Users/jacksonsweet/Desktop/OPS\ APP/OPS/OPS/Onboarding/Views/OnboardingPresenter.swift /Users/jacksonsweet/Desktop/OPS\ APP/OPS/OPS/Onboarding/Views/OnboardingPreviewHelpers.swift /Users/jacksonsweet/Desktop/OPS\ APP/OPS/OPS/Styles/OPSStyle.swift /Users/jacksonsweet/Desktop/OPS\ APP/OPS/OPS/Utilities/AppConfiguration.swift /Users/jacksonsweet/Desktop/OPS\ APP/OPS/OPS/Utilities/ArrayTransformer.swift /Users/jacksonsweet/Desktop/OPS\ APP/OPS/OPS/Utilities/DataController.swift /Users/jacksonsweet/Desktop/OPS\ APP/OPS/OPS/Utilities/Dateformatter\ +Bubble.swift /Users/jacksonsweet/Desktop/OPS\ APP/OPS/OPS/Utilities/DateHelper.swift /Users/jacksonsweet/Desktop/OPS\ APP/OPS/OPS/Utilities/FieldErrorHandler.swift /Users/jacksonsweet/Desktop/OPS\ APP/OPS/OPS/Utilities/ImageCache.swift /Users/jacksonsweet/Desktop/OPS\ APP/OPS/OPS/Utilities/ImageFileManager.swift /Users/jacksonsweet/Desktop/OPS\ APP/OPS/OPS/Utilities/InProgressManager.swift /Users/jacksonsweet/Desktop/OPS\ APP/OPS/OPS/Utilities/KeyboardDismissalModifier.swift /Users/jacksonsweet/Desktop/OPS\ APP/OPS/OPS/Utilities/LocationManager.swift /Users/jacksonsweet/Desktop/OPS\ APP/OPS/OPS/Utilities/OnboardingEnvironmentKey.swift /Users/jacksonsweet/Desktop/OPS\ APP/OPS/OPS/Utilities/SwiftDataHelper.swift /Users/jacksonsweet/Desktop/OPS\ APP/OPS/OPS/Utilities/UIComponents.swift /Users/jacksonsweet/Desktop/OPS\ APP/OPS/OPS/V2/CertificationsSettingsView.swift /Users/jacksonsweet/Desktop/OPS\ APP/OPS/OPS/ViewModels/CalendarViewModel.swift /Users/jacksonsweet/Desktop/OPS\ APP/OPS/OPS/ViewModels/ProjectsViewModel.swift /Users/jacksonsweet/Desktop/OPS\ APP/OPS/OPS/Views/Calendar\ Tab/Components/CalendarDaySelector.swift /Users/jacksonsweet/Desktop/OPS\ APP/OPS/OPS/Views/Calendar\ Tab/Components/CalendarHeaderView.swift /Users/jacksonsweet/Desktop/OPS\ APP/OPS/OPS/Views/Calendar\ Tab/Components/CalendarProjectCard.swift /Users/jacksonsweet/Desktop/OPS\ APP/OPS/OPS/Views/Calendar\ Tab/Components/CalendarToggleView.swift /Users/jacksonsweet/Desktop/OPS\ APP/OPS/OPS/Views/Calendar\ Tab/Components/DatePickerPopover.swift /Users/jacksonsweet/Desktop/OPS\ APP/OPS/OPS/Views/Calendar\ Tab/Components/DayCell.swift /Users/jacksonsweet/Desktop/OPS\ APP/OPS/OPS/Views/Calendar\ Tab/ProjectViews/DayProjectSheet.swift /Users/jacksonsweet/Desktop/OPS\ APP/OPS/OPS/Views/Calendar\ Tab/ProjectViews/ProjectListView.swift /Users/jacksonsweet/Desktop/OPS\ APP/OPS/OPS/Views/Calendar\ Tab/MonthGridView.swift /Users/jacksonsweet/Desktop/OPS\ APP/OPS/OPS/Views/Components/Common/AppHeader.swift /Users/jacksonsweet/Desktop/OPS\ APP/OPS/OPS/Views/Components/Common/ExpandableNotesView.swift /Users/jacksonsweet/Desktop/OPS\ APP/OPS/OPS/Views/Components/Common/LocationPermissionView.swift /Users/jacksonsweet/Desktop/OPS\ APP/OPS/OPS/Views/Components/Common/NavigationBanner.swift /Users/jacksonsweet/Desktop/OPS\ APP/OPS/OPS/Views/Components/Common/NavigationControlsView.swift /Users/jacksonsweet/Desktop/OPS\ APP/OPS/OPS/Views/Components/Common/TabBarBackground.swift /Users/jacksonsweet/Desktop/OPS\ APP/OPS/OPS/Views/Components/Images/ImagePicker.swift /Users/jacksonsweet/Desktop/OPS\ APP/OPS/OPS/Views/Components/Images/ImagePickerView.swift /Users/jacksonsweet/Desktop/OPS\ APP/OPS/OPS/Views/Components/Images/ProjectImagesSection.swift /Users/jacksonsweet/Desktop/OPS\ APP/OPS/OPS/Views/Components/Images/ProjectImagesSimple.swift /Users/jacksonsweet/Desktop/OPS\ APP/OPS/OPS/Views/Components/Images/ProjectImageView.swift /Users/jacksonsweet/Desktop/OPS\ APP/OPS/OPS/Views/Components/Images/ProjectPhotosGrid.swift /Users/jacksonsweet/Desktop/OPS\ APP/OPS/OPS/Views/Components/Map/MiniMapView.swift /Users/jacksonsweet/Desktop/OPS\ APP/OPS/OPS/Views/Components/Map/ProjectMapAnnotation.swift /Users/jacksonsweet/Desktop/OPS\ APP/OPS/OPS/Views/Components/Map/ProjectMapView.swift /Users/jacksonsweet/Desktop/OPS\ APP/OPS/OPS/Views/Components/Map/ProjectMarkerPopup.swift /Users/jacksonsweet/Desktop/OPS\ APP/OPS/OPS/Views/Components/Map/RouteDirectionsView.swift /Users/jacksonsweet/Desktop/OPS\ APP/OPS/OPS/Views/Components/Project/ProjectActionBar.swift /Users/jacksonsweet/Desktop/OPS\ APP/OPS/OPS/Views/Components/Project/ProjectCard.swift /Users/jacksonsweet/Desktop/OPS\ APP/OPS/OPS/Views/Components/Project/ProjectCarousel.swift /Users/jacksonsweet/Desktop/OPS\ APP/OPS/OPS/Views/Components/Project/ProjectDetailsView.swift /Users/jacksonsweet/Desktop/OPS\ APP/OPS/OPS/Views/Components/Project/ProjectHeader.swift /Users/jacksonsweet/Desktop/OPS\ APP/OPS/OPS/Views/Components/Project/ProjectSheetContainer.swift /Users/jacksonsweet/Desktop/OPS\ APP/OPS/OPS/Views/Components/User/TeamMemberListView.swift /Users/jacksonsweet/Desktop/OPS\ APP/OPS/OPS/Views/Components/User/UserProfileCard.swift /Users/jacksonsweet/Desktop/OPS\ APP/OPS/OPS/Views/Home/HomeContentView.swift /Users/jacksonsweet/Desktop/OPS\ APP/OPS/OPS/Views/Home/HomeView.swift /Users/jacksonsweet/Desktop/OPS\ APP/OPS/OPS/Views/Settings/OrganizationSettingsView.swift /Users/jacksonsweet/Desktop/OPS\ APP/OPS/OPS/Views/Settings/ProfileSettingsView.swift /Users/jacksonsweet/Desktop/OPS\ APP/OPS/OPS/Views/Settings/ProjectHistorySettingsView.swift /Users/jacksonsweet/Desktop/OPS\ APP/OPS/OPS/Views/LoginView.swift /Users/jacksonsweet/Desktop/OPS\ APP/OPS/OPS/Views/LoginViewPreview.swift /Users/jacksonsweet/Desktop/OPS\ APP/OPS/OPS/Views/MainTabView.swift /Users/jacksonsweet/Desktop/OPS\ APP/OPS/OPS/Views/NetworkStatusIndicator.swift /Users/jacksonsweet/Desktop/OPS\ APP/OPS/OPS/Views/ScheduleView.swift /Users/jacksonsweet/Desktop/OPS\ APP/OPS/OPS/Views/SettingsView.swift /Users/jacksonsweet/Desktop/OPS\ APP/OPS/OPS/Views/SplashScreen.swift /Users/jacksonsweet/Desktop/OPS\ APP/OPS/OPS/AppState.swift /Users/jacksonsweet/Desktop/OPS\ APP/OPS/OPS/ContentView.swift /Users/jacksonsweet/Desktop/OPS\ APP/OPS/OPS/Item.swift /Users/jacksonsweet/Desktop/OPS\ APP/OPS/OPS/OPSApp.swift /Users/jacksonsweet/Library/Developer/Xcode/DerivedData/OPS-czavgtmnvamasvcjgszzuulfcsxj/Build/Intermediates.noindex/OPS.build/Debug-iphonesimulator/OPS.build/DerivedSources/GeneratedAssetSymbols.swift -supplementary-output-file-map /Users/jacksonsweet/Library/Developer/Xcode/DerivedData/OPS-czavgtmnvamasvcjgszzuulfcsxj/Build/Intermediates.noindex/OPS.build/Debug-iphonesimulator/OPS.build/Objects-normal/arm64/supplementaryOutputs-1 -emit-localized-strings -emit-localized-strings-path /Users/jacksonsweet/Library/Developer/Xcode/DerivedData/OPS-czavgtmnvamasvcjgszzuulfcsxj/Build/Intermediates.noindex/OPS.build/Debug-iphonesimulator/OPS.build/Objects-normal/arm64 -target arm64-apple-ios18.2-simulator -Xllvm -aarch64-use-tbi -enable-objc-interop -sdk /Applications/Xcode.app/Contents/Developer/Platforms/iPhoneSimulator.platform/Developer/SDKs/iPhoneSimulator18.2.sdk -I /Users/jacksonsweet/Library/Developer/Xcode/DerivedData/OPS-czavgtmnvamasvcjgszzuulfcsxj/Build/Products/Debug-iphonesimulator -F /Users/jacksonsweet/Library/Developer/Xcode/DerivedData/OPS-czavgtmnvamasvcjgszzuulfcsxj/Build/Products/Debug-iphonesimulator -no-color-diagnostics -enable-testing -g -debug-info-format\=dwarf -dwarf-version\=5 -module-cache-path /Users/jacksonsweet/Library/Developer/Xcode/DerivedData/ModuleCache.noindex -profile-generate -profile-coverage-mapping -swift-version 5 -enforce-exclusivity\=checked -Onone -D DEBUG -serialize-debugging-options -const-gather-protocols-file /Users/jacksonsweet/Library/Developer/Xcode/DerivedData/OPS-czavgtmnvamasvcjgszzuulfcsxj/Build/Intermediates.noindex/OPS.build/Debug-iphonesimulator/OPS.build/Objects-normal/arm64/OPS_const_extract_protocols.json -enable-experimental-feature DebugDescriptionMacro -enable-experimental-feature OpaqueTypeErasure -enable-bare-slash-regex -empty-abi-descriptor -validate-clang-modules-once -clang-build-session-file /Users/jacksonsweet/Library/Developer/Xcode/DerivedData/ModuleCache.noindex/Session.modulevalidation -Xcc -working-directory -Xcc /Users/jacksonsweet/Desktop/OPS\ APP/OPS -resource-dir /Applications/Xcode.app/Contents/Developer/Toolchains/XcodeDefault.xctoolchain/usr/lib/swift -enable-anonymous-context-mangled-names -file-compilation-dir /Users/jacksonsweet/Desktop/OPS\ APP/OPS -Xcc -D_LIBCPP_HARDENING_MODE\=_LIBCPP_HARDENING_MODE_DEBUG -Xcc -ivfsstatcache -Xcc /Users/jacksonsweet/Library/Developer/Xcode/DerivedData/SDKStatCaches.noindex/iphonesimulator18.2-22C146-07b28473f605e47e75261259d3ef3b5a.sdkstatcache -Xcc -I/Users/jacksonsweet/Library/Developer/Xcode/DerivedData/OPS-czavgtmnvamasvcjgszzuulfcsxj/Build/Intermediates.noindex/OPS.build/Debug-iphonesimulator/OPS.build/swift-overrides.hmap -Xcc -iquote -Xcc /Users/jacksonsweet/Library/Developer/Xcode/DerivedData/OPS-czavgtmnvamasvcjgszzuulfcsxj/Build/Intermediates.noindex/OPS.build/Debug-iphonesimulator/OPS.build/OPS-generated-files.hmap -Xcc -I/Users/jacksonsweet/Library/Developer/Xcode/DerivedData/OPS-czavgtmnvamasvcjgszzuulfcsxj/Build/Intermediates.noindex/OPS.build/Debug-iphonesimulator/OPS.build/OPS-own-target-headers.hmap -Xcc -I/Users/jacksonsweet/Library/Developer/Xcode/DerivedData/OPS-czavgtmnvamasvcjgszzuulfcsxj/Build/Intermediates.noindex/OPS.build/Debug-iphonesimulator/OPS.build/OPS-all-target-headers.hmap -Xcc -iquote -Xcc /Users/jacksonsweet/Library/Developer/Xcode/DerivedData/OPS-czavgtmnvamasvcjgszzuulfcsxj/Build/Intermediates.noindex/OPS.build/Debug-iphonesimulator/OPS.build/OPS-project-headers.hmap -Xcc -I/Users/jacksonsweet/Library/Developer/Xcode/DerivedData/OPS-czavgtmnvamasvcjgszzuulfcsxj/Build/Products/Debug-iphonesimulator/include -Xcc -I/Users/jacksonsweet/Library/Developer/Xcode/DerivedData/OPS-czavgtmnvamasvcjgszzuulfcsxj/Build/Intermediates.noindex/OPS.build/Debug-iphonesimulator/OPS.build/DerivedSources-normal/arm64 -Xcc -I/Users/jacksonsweet/Library/Developer/Xcode/DerivedData/OPS-czavgtmnvamasvcjgszzuulfcsxj/Build/Intermediates.noindex/OPS.build/Debug-iphonesimulator/OPS.build/DerivedSources/arm64 -Xcc -I/Users/jacksonsweet/Library/Developer/Xcode/DerivedData/OPS-czavgtmnvamasvcjgszzuulfcsxj/Build/Intermediates.noindex/OPS.build/Debug-iphonesimulator/OPS.build/DerivedSources -Xcc -DDEBUG\=1 -module-name OPS -frontend-parseable-output -disable-clang-spi -target-sdk-version 18.2 -target-sdk-name iphonesimulator18.2 -external-plugin-path /Applications/Xcode.app/Contents/Developer/Platforms/iPhoneOS.platform/Developer/usr/lib/swift/host/plugins\#/Applications/Xcode.app/Contents/Developer/Platforms/iPhoneOS.platform/Developer/usr/bin/swift-plugin-server -external-plugin-path /Applications/Xcode.app/Contents/Developer/Platforms/iPhoneOS.platform/Developer/usr/local/lib/swift/host/plugins\#/Applications/Xcode.app/Contents/Developer/Platforms/iPhoneOS.platform/Developer/usr/bin/swift-plugin-server -plugin-path /Applications/Xcode.app/Contents/Developer/Toolchains/XcodeDefault.xctoolchain/usr/lib/swift/host/plugins -plugin-path /Applications/Xcode.app/Contents/Developer/Toolchains/XcodeDefault.xctoolchain/usr/local/lib/swift/host/plugins -o /Users/jacksonsweet/Library/Developer/Xcode/DerivedData/OPS-czavgtmnvamasvcjgszzuulfcsxj/Build/Intermediates.noindex/OPS.build/Debug-iphonesimulator/OPS.build/Objects-normal/arm64/BubbleImage.o -o /Users/jacksonsweet/Library/Developer/Xcode/DerivedData/OPS-czavgtmnvamasvcjgszzuulfcsxj/Build/Intermediates.noindex/OPS.build/Debug-iphonesimulator/OPS.build/Objects-normal/arm64/BubbleTypes.o -o /Users/jacksonsweet/Library/Developer/Xcode/DerivedData/OPS-czavgtmnvamasvcjgszzuulfcsxj/Build/Intermediates.noindex/OPS.build/Debug-iphonesimulator/OPS.build/Objects-normal/arm64/Company.o -o /Users/jacksonsweet/Library/Developer/Xcode/DerivedData/OPS-czavgtmnvamasvcjgszzuulfcsxj/Build/Intermediates.noindex/OPS.build/Debug-iphonesimulator/OPS.build/Objects-normal/arm64/Project.o -o /Users/jacksonsweet/Library/Developer/Xcode/DerivedData/OPS-czavgtmnvamasvcjgszzuulfcsxj/Build/Intermediates.noindex/OPS.build/Debug-iphonesimulator/OPS.build/Objects-normal/arm64/Status.o -o /Users/jacksonsweet/Library/Developer/Xcode/DerivedData/OPS-czavgtmnvamasvcjgszzuulfcsxj/Build/Intermediates.noindex/OPS.build/Debug-iphonesimulator/OPS.build/Objects-normal/arm64/User.o -o /Users/jacksonsweet/Library/Developer/Xcode/DerivedData/OPS-czavgtmnvamasvcjgszzuulfcsxj/Build/Intermediates.noindex/OPS.build/Debug-iphonesimulator/OPS.build/Objects-normal/arm64/UserRole.o -o /Users/jacksonsweet/Library/Developer/Xcode/DerivedData/OPS-czavgtmnvamasvcjgszzuulfcsxj/Build/Intermediates.noindex/OPS.build/Debug-iphonesimulator/OPS.build/Objects-normal/arm64/UIImage+Extensions.o -o /Users/jacksonsweet/Library/Developer/Xcode/DerivedData/OPS-czavgtmnvamasvcjgszzuulfcsxj/Build/Intermediates.noindex/OPS.build/Debug-iphonesimulator/OPS.build/Objects-normal/arm64/APIError.o -o /Users/jacksonsweet/Library/Developer/Xcode/DerivedData/OPS-czavgtmnvamasvcjgszzuulfcsxj/Build/Intermediates.noindex/OPS.build/Debug-iphonesimulator/OPS.build/Objects-normal/arm64/APIService.o -o /Users/jacksonsweet/Library/Developer/Xcode/DerivedData/OPS-czavgtmnvamasvcjgszzuulfcsxj/Build/Intermediates.noindex/OPS.build/Debug-iphonesimulator/OPS.build/Objects-normal/arm64/BubbleFields.o -o /Users/jacksonsweet/Library/Developer/Xcode/DerivedData/OPS-czavgtmnvamasvcjgszzuulfcsxj/Build/Intermediates.noindex/OPS.build/Debug-iphonesimulator/OPS.build/Objects-normal/arm64/AuthError.o -o /Users/jacksonsweet/Library/Developer/Xcode/DerivedData/OPS-czavgtmnvamasvcjgszzuulfcsxj/Build/Intermediates.noindex/OPS.build/Debug-iphonesimulator/OPS.build/Objects-normal/arm64/AuthManager.o -index-unit-output-path /OPS.build/Debug-iphonesimulator/OPS.build/Objects-normal/arm64/BubbleImage.o -index-unit-output-path /OPS.build/Debug-iphonesimulator/OPS.build/Objects-normal/arm64/BubbleTypes.o -index-unit-output-path /OPS.build/Debug-iphonesimulator/OPS.build/Objects-normal/arm64/Company.o -index-unit-output-path /OPS.build/Debug-iphonesimulator/OPS.build/Objects-normal/arm64/Project.o -index-unit-output-path /OPS.build/Debug-iphonesimulator/OPS.build/Objects-normal/arm64/Status.o -index-unit-output-path /OPS.build/Debug-iphonesimulator/OPS.build/Objects-normal/arm64/User.o -index-unit-output-path /OPS.build/Debug-iphonesimulator/OPS.build/Objects-normal/arm64/UserRole.o -index-unit-output-path /OPS.build/Debug-iphonesimulator/OPS.build/Objects-normal/arm64/UIImage+Extensions.o -index-unit-output-path /OPS.build/Debug-iphonesimulator/OPS.build/Objects-normal/arm64/APIError.o -index-unit-output-path /OPS.build/Debug-iphonesimulator/OPS.build/Objects-normal/arm64/APIService.o -index-unit-output-path /OPS.build/Debug-iphonesimulator/OPS.build/Objects-normal/arm64/BubbleFields.o -index-unit-output-path /OPS.build/Debug-iphonesimulator/OPS.build/Objects-normal/arm64/AuthError.o -index-unit-output-path /OPS.build/Debug-iphonesimulator/OPS.build/Objects-normal/arm64/AuthManager.o -index-store-path /Users/jacksonsweet/Library/Developer/Xcode/DerivedData/OPS-czavgtmnvamasvcjgszzuulfcsxj/Index.noindex/DataStore -index-system-modules

SwiftCompile normal arm64 /Users/jacksonsweet/Desktop/OPS\ APP/OPS/OPS/Network/Auth/AuthError.swift (in target 'OPS' from project 'OPS')
    cd /Users/jacksonsweet/Desktop/OPS\ APP/OPS
    /Applications/Xcode.app/Contents/Developer/Toolchains/XcodeDefault.xctoolchain/usr/bin/swift-frontend -c -primary-file /Users/jacksonsweet/Desktop/OPS\ APP/OPS/OPS/DataModels/BubbleImage.swift -primary-file /Users/jacksonsweet/Desktop/OPS\ APP/OPS/OPS/DataModels/BubbleTypes.swift -primary-file /Users/jacksonsweet/Desktop/OPS\ APP/OPS/OPS/DataModels/Company.swift -primary-file /Users/jacksonsweet/Desktop/OPS\ APP/OPS/OPS/DataModels/Project.swift -primary-file /Users/jacksonsweet/Desktop/OPS\ APP/OPS/OPS/DataModels/Status.swift -primary-file /Users/jacksonsweet/Desktop/OPS\ APP/OPS/OPS/DataModels/User.swift -primary-file /Users/jacksonsweet/Desktop/OPS\ APP/OPS/OPS/DataModels/UserRole.swift -primary-file /Users/jacksonsweet/Desktop/OPS\ APP/OPS/OPS/Extensions/UIImage+Extensions.swift -primary-file /Users/jacksonsweet/Desktop/OPS\ APP/OPS/OPS/Network/API/APIError.swift -primary-file /Users/jacksonsweet/Desktop/OPS\ APP/OPS/OPS/Network/API/APIService.swift -primary-file /Users/jacksonsweet/Desktop/OPS\ APP/OPS/OPS/Network/API/BubbleFields.swift -primary-file /Users/jacksonsweet/Desktop/OPS\ APP/OPS/OPS/Network/Auth/AuthError.swift -primary-file /Users/jacksonsweet/Desktop/OPS\ APP/OPS/OPS/Network/Auth/AuthManager.swift /Users/jacksonsweet/Desktop/OPS\ APP/OPS/OPS/Network/Auth/KeychainManager.swift /Users/jacksonsweet/Desktop/OPS\ APP/OPS/OPS/Network/DTOs/CompanyDTO.swift /Users/jacksonsweet/Desktop/OPS\ APP/OPS/OPS/Network/DTOs/ProjectDTO.swift /Users/jacksonsweet/Desktop/OPS\ APP/OPS/OPS/Network/DTOs/UserDTO.swift /Users/jacksonsweet/Desktop/OPS\ APP/OPS/OPS/Network/Endpoints/CompanyEndpoints.swift /Users/jacksonsweet/Desktop/OPS\ APP/OPS/OPS/Network/Endpoints/ProjectEndpoints.swift /Users/jacksonsweet/Desktop/OPS\ APP/OPS/OPS/Network/Endpoints/UserEndpoints.swift /Users/jacksonsweet/Desktop/OPS\ APP/OPS/OPS/Network/Sync/BackgroundTaskManager.swift /Users/jacksonsweet/Desktop/OPS\ APP/OPS/OPS/Network/Sync/SyncManager.swift /Users/jacksonsweet/Desktop/OPS\ APP/OPS/OPS/Network/ConnectivityMonitor.swift /Users/jacksonsweet/Desktop/OPS\ APP/OPS/OPS/Network/ImageSyncManager.swift /Users/jacksonsweet/Desktop/OPS\ APP/OPS/OPS/Onboarding/Coordinators/OnboardingCoordinator.swift /Users/jacksonsweet/Desktop/OPS\ APP/OPS/OPS/Onboarding/Models/OnboardingModels.swift /Users/jacksonsweet/Desktop/OPS\ APP/OPS/OPS/Onboarding/Services/OnboardingService.swift /Users/jacksonsweet/Desktop/OPS\ APP/OPS/OPS/Onboarding/ViewModels/OnboardingViewModel.swift /Users/jacksonsweet/Desktop/OPS\ APP/OPS/OPS/Onboarding/Views/Components/OnboardingComponents.swift /Users/jacksonsweet/Desktop/OPS\ APP/OPS/OPS/Onboarding/Views/Screens/AccountCreatedView.swift /Users/jacksonsweet/Desktop/OPS\ APP/OPS/OPS/Onboarding/Views/Screens/CompanyCodeView.swift /Users/jacksonsweet/Desktop/OPS\ APP/OPS/OPS/Onboarding/Views/Screens/CompanyCodeViewPreview.swift /Users/jacksonsweet/Desktop/OPS\ APP/OPS/OPS/Onboarding/Views/Screens/CompletionView.swift /Users/jacksonsweet/Desktop/OPS\ APP/OPS/OPS/Onboarding/Views/Screens/CompletionViewPreview.swift /Users/jacksonsweet/Desktop/OPS\ APP/OPS/OPS/Onboarding/Views/Screens/EmailView.swift /Users/jacksonsweet/Desktop/OPS\ APP/OPS/OPS/Onboarding/Views/Screens/FieldSetupView.swift /Users/jacksonsweet/Desktop/OPS\ APP/OPS/OPS/Onboarding/Views/Screens/NotificationsView.swift /Users/jacksonsweet/Desktop/OPS\ APP/OPS/OPS/Onboarding/Views/Screens/NotificationsViewPreview.swift /Users/jacksonsweet/Desktop/OPS\ APP/OPS/OPS/Onboarding/Views/Screens/OrganizationJoinView.swift /Users/jacksonsweet/Desktop/OPS\ APP/OPS/OPS/Onboarding/Views/Screens/PasswordView.swift /Users/jacksonsweet/Desktop/OPS\ APP/OPS/OPS/Onboarding/Views/Screens/PasswordViewPreview.swift /Users/jacksonsweet/Desktop/OPS\ APP/OPS/OPS/Onboarding/Views/Screens/PermissionsView.swift /Users/jacksonsweet/Desktop/OPS\ APP/OPS/OPS/Onboarding/Views/Screens/PermissionsViewPreview.swift /Users/jacksonsweet/Desktop/OPS\ APP/OPS/OPS/Onboarding/Views/Screens/PhoneNumberView.swift /Users/jacksonsweet/Desktop/OPS\ APP/OPS/OPS/Onboarding/Views/Screens/PhoneNumberViewPreview.swift /Users/jacksonsweet/Desktop/OPS\ APP/OPS/OPS/Onboarding/Views/Screens/UserInfoView.swift /Users/jacksonsweet/Desktop/OPS\ APP/OPS/OPS/Onboarding/Views/Screens/UserInfoViewPreview.swift /Users/jacksonsweet/Desktop/OPS\ APP/OPS/OPS/Onboarding/Views/Screens/VerifyPhoneView.swift /Users/jacksonsweet/Desktop/OPS\ APP/OPS/OPS/Onboarding/Views/Screens/WelcomeCompanyView.swift /Users/jacksonsweet/Desktop/OPS\ APP/OPS/OPS/Onboarding/Views/Screens/WelcomeCompanyViewPreview.swift /Users/jacksonsweet/Desktop/OPS\ APP/OPS/OPS/Onboarding/Views/Screens/WelcomeView.swift /Users/jacksonsweet/Desktop/OPS\ APP/OPS/OPS/Onboarding/Views/Screens/WelcomeViewPreview.swift /Users/jacksonsweet/Desktop/OPS\ APP/OPS/OPS/Onboarding/Views/OnboardingContainerView.swift /Users/jacksonsweet/Desktop/OPS\ APP/OPS/OPS/Onboarding/Views/OnboardingFlowPreview.swift /Users/jacksonsweet/Desktop/OPS\ APP/OPS/OPS/Onboarding/Views/OnboardingPresenter.swift /Users/jacksonsweet/Desktop/OPS\ APP/OPS/OPS/Onboarding/Views/OnboardingPreviewHelpers.swift /Users/jacksonsweet/Desktop/OPS\ APP/OPS/OPS/Styles/OPSStyle.swift /Users/jacksonsweet/Desktop/OPS\ APP/OPS/OPS/Utilities/AppConfiguration.swift /Users/jacksonsweet/Desktop/OPS\ APP/OPS/OPS/Utilities/ArrayTransformer.swift /Users/jacksonsweet/Desktop/OPS\ APP/OPS/OPS/Utilities/DataController.swift /Users/jacksonsweet/Desktop/OPS\ APP/OPS/OPS/Utilities/Dateformatter\ +Bubble.swift /Users/jacksonsweet/Desktop/OPS\ APP/OPS/OPS/Utilities/DateHelper.swift /Users/jacksonsweet/Desktop/OPS\ APP/OPS/OPS/Utilities/FieldErrorHandler.swift /Users/jacksonsweet/Desktop/OPS\ APP/OPS/OPS/Utilities/ImageCache.swift /Users/jacksonsweet/Desktop/OPS\ APP/OPS/OPS/Utilities/ImageFileManager.swift /Users/jacksonsweet/Desktop/OPS\ APP/OPS/OPS/Utilities/InProgressManager.swift /Users/jacksonsweet/Desktop/OPS\ APP/OPS/OPS/Utilities/KeyboardDismissalModifier.swift /Users/jacksonsweet/Desktop/OPS\ APP/OPS/OPS/Utilities/LocationManager.swift /Users/jacksonsweet/Desktop/OPS\ APP/OPS/OPS/Utilities/OnboardingEnvironmentKey.swift /Users/jacksonsweet/Desktop/OPS\ APP/OPS/OPS/Utilities/SwiftDataHelper.swift /Users/jacksonsweet/Desktop/OPS\ APP/OPS/OPS/Utilities/UIComponents.swift /Users/jacksonsweet/Desktop/OPS\ APP/OPS/OPS/V2/CertificationsSettingsView.swift /Users/jacksonsweet/Desktop/OPS\ APP/OPS/OPS/ViewModels/CalendarViewModel.swift /Users/jacksonsweet/Desktop/OPS\ APP/OPS/OPS/ViewModels/ProjectsViewModel.swift /Users/jacksonsweet/Desktop/OPS\ APP/OPS/OPS/Views/Calendar\ Tab/Components/CalendarDaySelector.swift /Users/jacksonsweet/Desktop/OPS\ APP/OPS/OPS/Views/Calendar\ Tab/Components/CalendarHeaderView.swift /Users/jacksonsweet/Desktop/OPS\ APP/OPS/OPS/Views/Calendar\ Tab/Components/CalendarProjectCard.swift /Users/jacksonsweet/Desktop/OPS\ APP/OPS/OPS/Views/Calendar\ Tab/Components/CalendarToggleView.swift /Users/jacksonsweet/Desktop/OPS\ APP/OPS/OPS/Views/Calendar\ Tab/Components/DatePickerPopover.swift /Users/jacksonsweet/Desktop/OPS\ APP/OPS/OPS/Views/Calendar\ Tab/Components/DayCell.swift /Users/jacksonsweet/Desktop/OPS\ APP/OPS/OPS/Views/Calendar\ Tab/ProjectViews/DayProjectSheet.swift /Users/jacksonsweet/Desktop/OPS\ APP/OPS/OPS/Views/Calendar\ Tab/ProjectViews/ProjectListView.swift /Users/jacksonsweet/Desktop/OPS\ APP/OPS/OPS/Views/Calendar\ Tab/MonthGridView.swift /Users/jacksonsweet/Desktop/OPS\ APP/OPS/OPS/Views/Components/Common/AppHeader.swift /Users/jacksonsweet/Desktop/OPS\ APP/OPS/OPS/Views/Components/Common/ExpandableNotesView.swift /Users/jacksonsweet/Desktop/OPS\ APP/OPS/OPS/Views/Components/Common/LocationPermissionView.swift /Users/jacksonsweet/Desktop/OPS\ APP/OPS/OPS/Views/Components/Common/NavigationBanner.swift /Users/jacksonsweet/Desktop/OPS\ APP/OPS/OPS/Views/Components/Common/NavigationControlsView.swift /Users/jacksonsweet/Desktop/OPS\ APP/OPS/OPS/Views/Components/Common/TabBarBackground.swift /Users/jacksonsweet/Desktop/OPS\ APP/OPS/OPS/Views/Components/Images/ImagePicker.swift /Users/jacksonsweet/Desktop/OPS\ APP/OPS/OPS/Views/Components/Images/ImagePickerView.swift /Users/jacksonsweet/Desktop/OPS\ APP/OPS/OPS/Views/Components/Images/ProjectImagesSection.swift /Users/jacksonsweet/Desktop/OPS\ APP/OPS/OPS/Views/Components/Images/ProjectImagesSimple.swift /Users/jacksonsweet/Desktop/OPS\ APP/OPS/OPS/Views/Components/Images/ProjectImageView.swift /Users/jacksonsweet/Desktop/OPS\ APP/OPS/OPS/Views/Components/Images/ProjectPhotosGrid.swift /Users/jacksonsweet/Desktop/OPS\ APP/OPS/OPS/Views/Components/Map/MiniMapView.swift /Users/jacksonsweet/Desktop/OPS\ APP/OPS/OPS/Views/Components/Map/ProjectMapAnnotation.swift /Users/jacksonsweet/Desktop/OPS\ APP/OPS/OPS/Views/Components/Map/ProjectMapView.swift /Users/jacksonsweet/Desktop/OPS\ APP/OPS/OPS/Views/Components/Map/ProjectMarkerPopup.swift /Users/jacksonsweet/Desktop/OPS\ APP/OPS/OPS/Views/Components/Map/RouteDirectionsView.swift /Users/jacksonsweet/Desktop/OPS\ APP/OPS/OPS/Views/Components/Project/ProjectActionBar.swift /Users/jacksonsweet/Desktop/OPS\ APP/OPS/OPS/Views/Components/Project/ProjectCard.swift /Users/jacksonsweet/Desktop/OPS\ APP/OPS/OPS/Views/Components/Project/ProjectCarousel.swift /Users/jacksonsweet/Desktop/OPS\ APP/OPS/OPS/Views/Components/Project/ProjectDetailsView.swift /Users/jacksonsweet/Desktop/OPS\ APP/OPS/OPS/Views/Components/Project/ProjectHeader.swift /Users/jacksonsweet/Desktop/OPS\ APP/OPS/OPS/Views/Components/Project/ProjectSheetContainer.swift /Users/jacksonsweet/Desktop/OPS\ APP/OPS/OPS/Views/Components/User/TeamMemberListView.swift /Users/jacksonsweet/Desktop/OPS\ APP/OPS/OPS/Views/Components/User/UserProfileCard.swift /Users/jacksonsweet/Desktop/OPS\ APP/OPS/OPS/Views/Home/HomeContentView.swift /Users/jacksonsweet/Desktop/OPS\ APP/OPS/OPS/Views/Home/HomeView.swift /Users/jacksonsweet/Desktop/OPS\ APP/OPS/OPS/Views/Settings/OrganizationSettingsView.swift /Users/jacksonsweet/Desktop/OPS\ APP/OPS/OPS/Views/Settings/ProfileSettingsView.swift /Users/jacksonsweet/Desktop/OPS\ APP/OPS/OPS/Views/Settings/ProjectHistorySettingsView.swift /Users/jacksonsweet/Desktop/OPS\ APP/OPS/OPS/Views/LoginView.swift /Users/jacksonsweet/Desktop/OPS\ APP/OPS/OPS/Views/LoginViewPreview.swift /Users/jacksonsweet/Desktop/OPS\ APP/OPS/OPS/Views/MainTabView.swift /Users/jacksonsweet/Desktop/OPS\ APP/OPS/OPS/Views/NetworkStatusIndicator.swift /Users/jacksonsweet/Desktop/OPS\ APP/OPS/OPS/Views/ScheduleView.swift /Users/jacksonsweet/Desktop/OPS\ APP/OPS/OPS/Views/SettingsView.swift /Users/jacksonsweet/Desktop/OPS\ APP/OPS/OPS/Views/SplashScreen.swift /Users/jacksonsweet/Desktop/OPS\ APP/OPS/OPS/AppState.swift /Users/jacksonsweet/Desktop/OPS\ APP/OPS/OPS/ContentView.swift /Users/jacksonsweet/Desktop/OPS\ APP/OPS/OPS/Item.swift /Users/jacksonsweet/Desktop/OPS\ APP/OPS/OPS/OPSApp.swift /Users/jacksonsweet/Library/Developer/Xcode/DerivedData/OPS-czavgtmnvamasvcjgszzuulfcsxj/Build/Intermediates.noindex/OPS.build/Debug-iphonesimulator/OPS.build/DerivedSources/GeneratedAssetSymbols.swift -supplementary-output-file-map /Users/jacksonsweet/Library/Developer/Xcode/DerivedData/OPS-czavgtmnvamasvcjgszzuulfcsxj/Build/Intermediates.noindex/OPS.build/Debug-iphonesimulator/OPS.build/Objects-normal/arm64/supplementaryOutputs-1 -emit-localized-strings -emit-localized-strings-path /Users/jacksonsweet/Library/Developer/Xcode/DerivedData/OPS-czavgtmnvamasvcjgszzuulfcsxj/Build/Intermediates.noindex/OPS.build/Debug-iphonesimulator/OPS.build/Objects-normal/arm64 -target arm64-apple-ios18.2-simulator -Xllvm -aarch64-use-tbi -enable-objc-interop -sdk /Applications/Xcode.app/Contents/Developer/Platforms/iPhoneSimulator.platform/Developer/SDKs/iPhoneSimulator18.2.sdk -I /Users/jacksonsweet/Library/Developer/Xcode/DerivedData/OPS-czavgtmnvamasvcjgszzuulfcsxj/Build/Products/Debug-iphonesimulator -F /Users/jacksonsweet/Library/Developer/Xcode/DerivedData/OPS-czavgtmnvamasvcjgszzuulfcsxj/Build/Products/Debug-iphonesimulator -no-color-diagnostics -enable-testing -g -debug-info-format\=dwarf -dwarf-version\=5 -module-cache-path /Users/jacksonsweet/Library/Developer/Xcode/DerivedData/ModuleCache.noindex -profile-generate -profile-coverage-mapping -swift-version 5 -enforce-exclusivity\=checked -Onone -D DEBUG -serialize-debugging-options -const-gather-protocols-file /Users/jacksonsweet/Library/Developer/Xcode/DerivedData/OPS-czavgtmnvamasvcjgszzuulfcsxj/Build/Intermediates.noindex/OPS.build/Debug-iphonesimulator/OPS.build/Objects-normal/arm64/OPS_const_extract_protocols.json -enable-experimental-feature DebugDescriptionMacro -enable-experimental-feature OpaqueTypeErasure -enable-bare-slash-regex -empty-abi-descriptor -validate-clang-modules-once -clang-build-session-file /Users/jacksonsweet/Library/Developer/Xcode/DerivedData/ModuleCache.noindex/Session.modulevalidation -Xcc -working-directory -Xcc /Users/jacksonsweet/Desktop/OPS\ APP/OPS -resource-dir /Applications/Xcode.app/Contents/Developer/Toolchains/XcodeDefault.xctoolchain/usr/lib/swift -enable-anonymous-context-mangled-names -file-compilation-dir /Users/jacksonsweet/Desktop/OPS\ APP/OPS -Xcc -D_LIBCPP_HARDENING_MODE\=_LIBCPP_HARDENING_MODE_DEBUG -Xcc -ivfsstatcache -Xcc /Users/jacksonsweet/Library/Developer/Xcode/DerivedData/SDKStatCaches.noindex/iphonesimulator18.2-22C146-07b28473f605e47e75261259d3ef3b5a.sdkstatcache -Xcc -I/Users/jacksonsweet/Library/Developer/Xcode/DerivedData/OPS-czavgtmnvamasvcjgszzuulfcsxj/Build/Intermediates.noindex/OPS.build/Debug-iphonesimulator/OPS.build/swift-overrides.hmap -Xcc -iquote -Xcc /Users/jacksonsweet/Library/Developer/Xcode/DerivedData/OPS-czavgtmnvamasvcjgszzuulfcsxj/Build/Intermediates.noindex/OPS.build/Debug-iphonesimulator/OPS.build/OPS-generated-files.hmap -Xcc -I/Users/jacksonsweet/Library/Developer/Xcode/DerivedData/OPS-czavgtmnvamasvcjgszzuulfcsxj/Build/Intermediates.noindex/OPS.build/Debug-iphonesimulator/OPS.build/OPS-own-target-headers.hmap -Xcc -I/Users/jacksonsweet/Library/Developer/Xcode/DerivedData/OPS-czavgtmnvamasvcjgszzuulfcsxj/Build/Intermediates.noindex/OPS.build/Debug-iphonesimulator/OPS.build/OPS-all-target-headers.hmap -Xcc -iquote -Xcc /Users/jacksonsweet/Library/Developer/Xcode/DerivedData/OPS-czavgtmnvamasvcjgszzuulfcsxj/Build/Intermediates.noindex/OPS.build/Debug-iphonesimulator/OPS.build/OPS-project-headers.hmap -Xcc -I/Users/jacksonsweet/Library/Developer/Xcode/DerivedData/OPS-czavgtmnvamasvcjgszzuulfcsxj/Build/Products/Debug-iphonesimulator/include -Xcc -I/Users/jacksonsweet/Library/Developer/Xcode/DerivedData/OPS-czavgtmnvamasvcjgszzuulfcsxj/Build/Intermediates.noindex/OPS.build/Debug-iphonesimulator/OPS.build/DerivedSources-normal/arm64 -Xcc -I/Users/jacksonsweet/Library/Developer/Xcode/DerivedData/OPS-czavgtmnvamasvcjgszzuulfcsxj/Build/Intermediates.noindex/OPS.build/Debug-iphonesimulator/OPS.build/DerivedSources/arm64 -Xcc -I/Users/jacksonsweet/Library/Developer/Xcode/DerivedData/OPS-czavgtmnvamasvcjgszzuulfcsxj/Build/Intermediates.noindex/OPS.build/Debug-iphonesimulator/OPS.build/DerivedSources -Xcc -DDEBUG\=1 -module-name OPS -frontend-parseable-output -disable-clang-spi -target-sdk-version 18.2 -target-sdk-name iphonesimulator18.2 -external-plugin-path /Applications/Xcode.app/Contents/Developer/Platforms/iPhoneOS.platform/Developer/usr/lib/swift/host/plugins\#/Applications/Xcode.app/Contents/Developer/Platforms/iPhoneOS.platform/Developer/usr/bin/swift-plugin-server -external-plugin-path /Applications/Xcode.app/Contents/Developer/Platforms/iPhoneOS.platform/Developer/usr/local/lib/swift/host/plugins\#/Applications/Xcode.app/Contents/Developer/Platforms/iPhoneOS.platform/Developer/usr/bin/swift-plugin-server -plugin-path /Applications/Xcode.app/Contents/Developer/Toolchains/XcodeDefault.xctoolchain/usr/lib/swift/host/plugins -plugin-path /Applications/Xcode.app/Contents/Developer/Toolchains/XcodeDefault.xctoolchain/usr/local/lib/swift/host/plugins -o /Users/jacksonsweet/Library/Developer/Xcode/DerivedData/OPS-czavgtmnvamasvcjgszzuulfcsxj/Build/Intermediates.noindex/OPS.build/Debug-iphonesimulator/OPS.build/Objects-normal/arm64/BubbleImage.o -o /Users/jacksonsweet/Library/Developer/Xcode/DerivedData/OPS-czavgtmnvamasvcjgszzuulfcsxj/Build/Intermediates.noindex/OPS.build/Debug-iphonesimulator/OPS.build/Objects-normal/arm64/BubbleTypes.o -o /Users/jacksonsweet/Library/Developer/Xcode/DerivedData/OPS-czavgtmnvamasvcjgszzuulfcsxj/Build/Intermediates.noindex/OPS.build/Debug-iphonesimulator/OPS.build/Objects-normal/arm64/Company.o -o /Users/jacksonsweet/Library/Developer/Xcode/DerivedData/OPS-czavgtmnvamasvcjgszzuulfcsxj/Build/Intermediates.noindex/OPS.build/Debug-iphonesimulator/OPS.build/Objects-normal/arm64/Project.o -o /Users/jacksonsweet/Library/Developer/Xcode/DerivedData/OPS-czavgtmnvamasvcjgszzuulfcsxj/Build/Intermediates.noindex/OPS.build/Debug-iphonesimulator/OPS.build/Objects-normal/arm64/Status.o -o /Users/jacksonsweet/Library/Developer/Xcode/DerivedData/OPS-czavgtmnvamasvcjgszzuulfcsxj/Build/Intermediates.noindex/OPS.build/Debug-iphonesimulator/OPS.build/Objects-normal/arm64/User.o -o /Users/jacksonsweet/Library/Developer/Xcode/DerivedData/OPS-czavgtmnvamasvcjgszzuulfcsxj/Build/Intermediates.noindex/OPS.build/Debug-iphonesimulator/OPS.build/Objects-normal/arm64/UserRole.o -o /Users/jacksonsweet/Library/Developer/Xcode/DerivedData/OPS-czavgtmnvamasvcjgszzuulfcsxj/Build/Intermediates.noindex/OPS.build/Debug-iphonesimulator/OPS.build/Objects-normal/arm64/UIImage+Extensions.o -o /Users/jacksonsweet/Library/Developer/Xcode/DerivedData/OPS-czavgtmnvamasvcjgszzuulfcsxj/Build/Intermediates.noindex/OPS.build/Debug-iphonesimulator/OPS.build/Objects-normal/arm64/APIError.o -o /Users/jacksonsweet/Library/Developer/Xcode/DerivedData/OPS-czavgtmnvamasvcjgszzuulfcsxj/Build/Intermediates.noindex/OPS.build/Debug-iphonesimulator/OPS.build/Objects-normal/arm64/APIService.o -o /Users/jacksonsweet/Library/Developer/Xcode/DerivedData/OPS-czavgtmnvamasvcjgszzuulfcsxj/Build/Intermediates.noindex/OPS.build/Debug-iphonesimulator/OPS.build/Objects-normal/arm64/BubbleFields.o -o /Users/jacksonsweet/Library/Developer/Xcode/DerivedData/OPS-czavgtmnvamasvcjgszzuulfcsxj/Build/Intermediates.noindex/OPS.build/Debug-iphonesimulator/OPS.build/Objects-normal/arm64/AuthError.o -o /Users/jacksonsweet/Library/Developer/Xcode/DerivedData/OPS-czavgtmnvamasvcjgszzuulfcsxj/Build/Intermediates.noindex/OPS.build/Debug-iphonesimulator/OPS.build/Objects-normal/arm64/AuthManager.o -index-unit-output-path /OPS.build/Debug-iphonesimulator/OPS.build/Objects-normal/arm64/BubbleImage.o -index-unit-output-path /OPS.build/Debug-iphonesimulator/OPS.build/Objects-normal/arm64/BubbleTypes.o -index-unit-output-path /OPS.build/Debug-iphonesimulator/OPS.build/Objects-normal/arm64/Company.o -index-unit-output-path /OPS.build/Debug-iphonesimulator/OPS.build/Objects-normal/arm64/Project.o -index-unit-output-path /OPS.build/Debug-iphonesimulator/OPS.build/Objects-normal/arm64/Status.o -index-unit-output-path /OPS.build/Debug-iphonesimulator/OPS.build/Objects-normal/arm64/User.o -index-unit-output-path /OPS.build/Debug-iphonesimulator/OPS.build/Objects-normal/arm64/UserRole.o -index-unit-output-path /OPS.build/Debug-iphonesimulator/OPS.build/Objects-normal/arm64/UIImage+Extensions.o -index-unit-output-path /OPS.build/Debug-iphonesimulator/OPS.build/Objects-normal/arm64/APIError.o -index-unit-output-path /OPS.build/Debug-iphonesimulator/OPS.build/Objects-normal/arm64/APIService.o -index-unit-output-path /OPS.build/Debug-iphonesimulator/OPS.build/Objects-normal/arm64/BubbleFields.o -index-unit-output-path /OPS.build/Debug-iphonesimulator/OPS.build/Objects-normal/arm64/AuthError.o -index-unit-output-path /OPS.build/Debug-iphonesimulator/OPS.build/Objects-normal/arm64/AuthManager.o -index-store-path /Users/jacksonsweet/Library/Developer/Xcode/DerivedData/OPS-czavgtmnvamasvcjgszzuulfcsxj/Index.noindex/DataStore -index-system-modules

SwiftCompile normal arm64 /Users/jacksonsweet/Desktop/OPS\ APP/OPS/OPS/Network/Auth/AuthManager.swift (in target 'OPS' from project 'OPS')
    cd /Users/jacksonsweet/Desktop/OPS\ APP/OPS
    /Applications/Xcode.app/Contents/Developer/Toolchains/XcodeDefault.xctoolchain/usr/bin/swift-frontend -c -primary-file /Users/jacksonsweet/Desktop/OPS\ APP/OPS/OPS/DataModels/BubbleImage.swift -primary-file /Users/jacksonsweet/Desktop/OPS\ APP/OPS/OPS/DataModels/BubbleTypes.swift -primary-file /Users/jacksonsweet/Desktop/OPS\ APP/OPS/OPS/DataModels/Company.swift -primary-file /Users/jacksonsweet/Desktop/OPS\ APP/OPS/OPS/DataModels/Project.swift -primary-file /Users/jacksonsweet/Desktop/OPS\ APP/OPS/OPS/DataModels/Status.swift -primary-file /Users/jacksonsweet/Desktop/OPS\ APP/OPS/OPS/DataModels/User.swift -primary-file /Users/jacksonsweet/Desktop/OPS\ APP/OPS/OPS/DataModels/UserRole.swift -primary-file /Users/jacksonsweet/Desktop/OPS\ APP/OPS/OPS/Extensions/UIImage+Extensions.swift -primary-file /Users/jacksonsweet/Desktop/OPS\ APP/OPS/OPS/Network/API/APIError.swift -primary-file /Users/jacksonsweet/Desktop/OPS\ APP/OPS/OPS/Network/API/APIService.swift -primary-file /Users/jacksonsweet/Desktop/OPS\ APP/OPS/OPS/Network/API/BubbleFields.swift -primary-file /Users/jacksonsweet/Desktop/OPS\ APP/OPS/OPS/Network/Auth/AuthError.swift -primary-file /Users/jacksonsweet/Desktop/OPS\ APP/OPS/OPS/Network/Auth/AuthManager.swift /Users/jacksonsweet/Desktop/OPS\ APP/OPS/OPS/Network/Auth/KeychainManager.swift /Users/jacksonsweet/Desktop/OPS\ APP/OPS/OPS/Network/DTOs/CompanyDTO.swift /Users/jacksonsweet/Desktop/OPS\ APP/OPS/OPS/Network/DTOs/ProjectDTO.swift /Users/jacksonsweet/Desktop/OPS\ APP/OPS/OPS/Network/DTOs/UserDTO.swift /Users/jacksonsweet/Desktop/OPS\ APP/OPS/OPS/Network/Endpoints/CompanyEndpoints.swift /Users/jacksonsweet/Desktop/OPS\ APP/OPS/OPS/Network/Endpoints/ProjectEndpoints.swift /Users/jacksonsweet/Desktop/OPS\ APP/OPS/OPS/Network/Endpoints/UserEndpoints.swift /Users/jacksonsweet/Desktop/OPS\ APP/OPS/OPS/Network/Sync/BackgroundTaskManager.swift /Users/jacksonsweet/Desktop/OPS\ APP/OPS/OPS/Network/Sync/SyncManager.swift /Users/jacksonsweet/Desktop/OPS\ APP/OPS/OPS/Network/ConnectivityMonitor.swift /Users/jacksonsweet/Desktop/OPS\ APP/OPS/OPS/Network/ImageSyncManager.swift /Users/jacksonsweet/Desktop/OPS\ APP/OPS/OPS/Onboarding/Coordinators/OnboardingCoordinator.swift /Users/jacksonsweet/Desktop/OPS\ APP/OPS/OPS/Onboarding/Models/OnboardingModels.swift /Users/jacksonsweet/Desktop/OPS\ APP/OPS/OPS/Onboarding/Services/OnboardingService.swift /Users/jacksonsweet/Desktop/OPS\ APP/OPS/OPS/Onboarding/ViewModels/OnboardingViewModel.swift /Users/jacksonsweet/Desktop/OPS\ APP/OPS/OPS/Onboarding/Views/Components/OnboardingComponents.swift /Users/jacksonsweet/Desktop/OPS\ APP/OPS/OPS/Onboarding/Views/Screens/AccountCreatedView.swift /Users/jacksonsweet/Desktop/OPS\ APP/OPS/OPS/Onboarding/Views/Screens/CompanyCodeView.swift /Users/jacksonsweet/Desktop/OPS\ APP/OPS/OPS/Onboarding/Views/Screens/CompanyCodeViewPreview.swift /Users/jacksonsweet/Desktop/OPS\ APP/OPS/OPS/Onboarding/Views/Screens/CompletionView.swift /Users/jacksonsweet/Desktop/OPS\ APP/OPS/OPS/Onboarding/Views/Screens/CompletionViewPreview.swift /Users/jacksonsweet/Desktop/OPS\ APP/OPS/OPS/Onboarding/Views/Screens/EmailView.swift /Users/jacksonsweet/Desktop/OPS\ APP/OPS/OPS/Onboarding/Views/Screens/FieldSetupView.swift /Users/jacksonsweet/Desktop/OPS\ APP/OPS/OPS/Onboarding/Views/Screens/NotificationsView.swift /Users/jacksonsweet/Desktop/OPS\ APP/OPS/OPS/Onboarding/Views/Screens/NotificationsViewPreview.swift /Users/jacksonsweet/Desktop/OPS\ APP/OPS/OPS/Onboarding/Views/Screens/OrganizationJoinView.swift /Users/jacksonsweet/Desktop/OPS\ APP/OPS/OPS/Onboarding/Views/Screens/PasswordView.swift /Users/jacksonsweet/Desktop/OPS\ APP/OPS/OPS/Onboarding/Views/Screens/PasswordViewPreview.swift /Users/jacksonsweet/Desktop/OPS\ APP/OPS/OPS/Onboarding/Views/Screens/PermissionsView.swift /Users/jacksonsweet/Desktop/OPS\ APP/OPS/OPS/Onboarding/Views/Screens/PermissionsViewPreview.swift /Users/jacksonsweet/Desktop/OPS\ APP/OPS/OPS/Onboarding/Views/Screens/PhoneNumberView.swift /Users/jacksonsweet/Desktop/OPS\ APP/OPS/OPS/Onboarding/Views/Screens/PhoneNumberViewPreview.swift /Users/jacksonsweet/Desktop/OPS\ APP/OPS/OPS/Onboarding/Views/Screens/UserInfoView.swift /Users/jacksonsweet/Desktop/OPS\ APP/OPS/OPS/Onboarding/Views/Screens/UserInfoViewPreview.swift /Users/jacksonsweet/Desktop/OPS\ APP/OPS/OPS/Onboarding/Views/Screens/VerifyPhoneView.swift /Users/jacksonsweet/Desktop/OPS\ APP/OPS/OPS/Onboarding/Views/Screens/WelcomeCompanyView.swift /Users/jacksonsweet/Desktop/OPS\ APP/OPS/OPS/Onboarding/Views/Screens/WelcomeCompanyViewPreview.swift /Users/jacksonsweet/Desktop/OPS\ APP/OPS/OPS/Onboarding/Views/Screens/WelcomeView.swift /Users/jacksonsweet/Desktop/OPS\ APP/OPS/OPS/Onboarding/Views/Screens/WelcomeViewPreview.swift /Users/jacksonsweet/Desktop/OPS\ APP/OPS/OPS/Onboarding/Views/OnboardingContainerView.swift /Users/jacksonsweet/Desktop/OPS\ APP/OPS/OPS/Onboarding/Views/OnboardingFlowPreview.swift /Users/jacksonsweet/Desktop/OPS\ APP/OPS/OPS/Onboarding/Views/OnboardingPresenter.swift /Users/jacksonsweet/Desktop/OPS\ APP/OPS/OPS/Onboarding/Views/OnboardingPreviewHelpers.swift /Users/jacksonsweet/Desktop/OPS\ APP/OPS/OPS/Styles/OPSStyle.swift /Users/jacksonsweet/Desktop/OPS\ APP/OPS/OPS/Utilities/AppConfiguration.swift /Users/jacksonsweet/Desktop/OPS\ APP/OPS/OPS/Utilities/ArrayTransformer.swift /Users/jacksonsweet/Desktop/OPS\ APP/OPS/OPS/Utilities/DataController.swift /Users/jacksonsweet/Desktop/OPS\ APP/OPS/OPS/Utilities/Dateformatter\ +Bubble.swift /Users/jacksonsweet/Desktop/OPS\ APP/OPS/OPS/Utilities/DateHelper.swift /Users/jacksonsweet/Desktop/OPS\ APP/OPS/OPS/Utilities/FieldErrorHandler.swift /Users/jacksonsweet/Desktop/OPS\ APP/OPS/OPS/Utilities/ImageCache.swift /Users/jacksonsweet/Desktop/OPS\ APP/OPS/OPS/Utilities/ImageFileManager.swift /Users/jacksonsweet/Desktop/OPS\ APP/OPS/OPS/Utilities/InProgressManager.swift /Users/jacksonsweet/Desktop/OPS\ APP/OPS/OPS/Utilities/KeyboardDismissalModifier.swift /Users/jacksonsweet/Desktop/OPS\ APP/OPS/OPS/Utilities/LocationManager.swift /Users/jacksonsweet/Desktop/OPS\ APP/OPS/OPS/Utilities/OnboardingEnvironmentKey.swift /Users/jacksonsweet/Desktop/OPS\ APP/OPS/OPS/Utilities/SwiftDataHelper.swift /Users/jacksonsweet/Desktop/OPS\ APP/OPS/OPS/Utilities/UIComponents.swift /Users/jacksonsweet/Desktop/OPS\ APP/OPS/OPS/V2/CertificationsSettingsView.swift /Users/jacksonsweet/Desktop/OPS\ APP/OPS/OPS/ViewModels/CalendarViewModel.swift /Users/jacksonsweet/Desktop/OPS\ APP/OPS/OPS/ViewModels/ProjectsViewModel.swift /Users/jacksonsweet/Desktop/OPS\ APP/OPS/OPS/Views/Calendar\ Tab/Components/CalendarDaySelector.swift /Users/jacksonsweet/Desktop/OPS\ APP/OPS/OPS/Views/Calendar\ Tab/Components/CalendarHeaderView.swift /Users/jacksonsweet/Desktop/OPS\ APP/OPS/OPS/Views/Calendar\ Tab/Components/CalendarProjectCard.swift /Users/jacksonsweet/Desktop/OPS\ APP/OPS/OPS/Views/Calendar\ Tab/Components/CalendarToggleView.swift /Users/jacksonsweet/Desktop/OPS\ APP/OPS/OPS/Views/Calendar\ Tab/Components/DatePickerPopover.swift /Users/jacksonsweet/Desktop/OPS\ APP/OPS/OPS/Views/Calendar\ Tab/Components/DayCell.swift /Users/jacksonsweet/Desktop/OPS\ APP/OPS/OPS/Views/Calendar\ Tab/ProjectViews/DayProjectSheet.swift /Users/jacksonsweet/Desktop/OPS\ APP/OPS/OPS/Views/Calendar\ Tab/ProjectViews/ProjectListView.swift /Users/jacksonsweet/Desktop/OPS\ APP/OPS/OPS/Views/Calendar\ Tab/MonthGridView.swift /Users/jacksonsweet/Desktop/OPS\ APP/OPS/OPS/Views/Components/Common/AppHeader.swift /Users/jacksonsweet/Desktop/OPS\ APP/OPS/OPS/Views/Components/Common/ExpandableNotesView.swift /Users/jacksonsweet/Desktop/OPS\ APP/OPS/OPS/Views/Components/Common/LocationPermissionView.swift /Users/jacksonsweet/Desktop/OPS\ APP/OPS/OPS/Views/Components/Common/NavigationBanner.swift /Users/jacksonsweet/Desktop/OPS\ APP/OPS/OPS/Views/Components/Common/NavigationControlsView.swift /Users/jacksonsweet/Desktop/OPS\ APP/OPS/OPS/Views/Components/Common/TabBarBackground.swift /Users/jacksonsweet/Desktop/OPS\ APP/OPS/OPS/Views/Components/Images/ImagePicker.swift /Users/jacksonsweet/Desktop/OPS\ APP/OPS/OPS/Views/Components/Images/ImagePickerView.swift /Users/jacksonsweet/Desktop/OPS\ APP/OPS/OPS/Views/Components/Images/ProjectImagesSection.swift /Users/jacksonsweet/Desktop/OPS\ APP/OPS/OPS/Views/Components/Images/ProjectImagesSimple.swift /Users/jacksonsweet/Desktop/OPS\ APP/OPS/OPS/Views/Components/Images/ProjectImageView.swift /Users/jacksonsweet/Desktop/OPS\ APP/OPS/OPS/Views/Components/Images/ProjectPhotosGrid.swift /Users/jacksonsweet/Desktop/OPS\ APP/OPS/OPS/Views/Components/Map/MiniMapView.swift /Users/jacksonsweet/Desktop/OPS\ APP/OPS/OPS/Views/Components/Map/ProjectMapAnnotation.swift /Users/jacksonsweet/Desktop/OPS\ APP/OPS/OPS/Views/Components/Map/ProjectMapView.swift /Users/jacksonsweet/Desktop/OPS\ APP/OPS/OPS/Views/Components/Map/ProjectMarkerPopup.swift /Users/jacksonsweet/Desktop/OPS\ APP/OPS/OPS/Views/Components/Map/RouteDirectionsView.swift /Users/jacksonsweet/Desktop/OPS\ APP/OPS/OPS/Views/Components/Project/ProjectActionBar.swift /Users/jacksonsweet/Desktop/OPS\ APP/OPS/OPS/Views/Components/Project/ProjectCard.swift /Users/jacksonsweet/Desktop/OPS\ APP/OPS/OPS/Views/Components/Project/ProjectCarousel.swift /Users/jacksonsweet/Desktop/OPS\ APP/OPS/OPS/Views/Components/Project/ProjectDetailsView.swift /Users/jacksonsweet/Desktop/OPS\ APP/OPS/OPS/Views/Components/Project/ProjectHeader.swift /Users/jacksonsweet/Desktop/OPS\ APP/OPS/OPS/Views/Components/Project/ProjectSheetContainer.swift /Users/jacksonsweet/Desktop/OPS\ APP/OPS/OPS/Views/Components/User/TeamMemberListView.swift /Users/jacksonsweet/Desktop/OPS\ APP/OPS/OPS/Views/Components/User/UserProfileCard.swift /Users/jacksonsweet/Desktop/OPS\ APP/OPS/OPS/Views/Home/HomeContentView.swift /Users/jacksonsweet/Desktop/OPS\ APP/OPS/OPS/Views/Home/HomeView.swift /Users/jacksonsweet/Desktop/OPS\ APP/OPS/OPS/Views/Settings/OrganizationSettingsView.swift /Users/jacksonsweet/Desktop/OPS\ APP/OPS/OPS/Views/Settings/ProfileSettingsView.swift /Users/jacksonsweet/Desktop/OPS\ APP/OPS/OPS/Views/Settings/ProjectHistorySettingsView.swift /Users/jacksonsweet/Desktop/OPS\ APP/OPS/OPS/Views/LoginView.swift /Users/jacksonsweet/Desktop/OPS\ APP/OPS/OPS/Views/LoginViewPreview.swift /Users/jacksonsweet/Desktop/OPS\ APP/OPS/OPS/Views/MainTabView.swift /Users/jacksonsweet/Desktop/OPS\ APP/OPS/OPS/Views/NetworkStatusIndicator.swift /Users/jacksonsweet/Desktop/OPS\ APP/OPS/OPS/Views/ScheduleView.swift /Users/jacksonsweet/Desktop/OPS\ APP/OPS/OPS/Views/SettingsView.swift /Users/jacksonsweet/Desktop/OPS\ APP/OPS/OPS/Views/SplashScreen.swift /Users/jacksonsweet/Desktop/OPS\ APP/OPS/OPS/AppState.swift /Users/jacksonsweet/Desktop/OPS\ APP/OPS/OPS/ContentView.swift /Users/jacksonsweet/Desktop/OPS\ APP/OPS/OPS/Item.swift /Users/jacksonsweet/Desktop/OPS\ APP/OPS/OPS/OPSApp.swift /Users/jacksonsweet/Library/Developer/Xcode/DerivedData/OPS-czavgtmnvamasvcjgszzuulfcsxj/Build/Intermediates.noindex/OPS.build/Debug-iphonesimulator/OPS.build/DerivedSources/GeneratedAssetSymbols.swift -supplementary-output-file-map /Users/jacksonsweet/Library/Developer/Xcode/DerivedData/OPS-czavgtmnvamasvcjgszzuulfcsxj/Build/Intermediates.noindex/OPS.build/Debug-iphonesimulator/OPS.build/Objects-normal/arm64/supplementaryOutputs-1 -emit-localized-strings -emit-localized-strings-path /Users/jacksonsweet/Library/Developer/Xcode/DerivedData/OPS-czavgtmnvamasvcjgszzuulfcsxj/Build/Intermediates.noindex/OPS.build/Debug-iphonesimulator/OPS.build/Objects-normal/arm64 -target arm64-apple-ios18.2-simulator -Xllvm -aarch64-use-tbi -enable-objc-interop -sdk /Applications/Xcode.app/Contents/Developer/Platforms/iPhoneSimulator.platform/Developer/SDKs/iPhoneSimulator18.2.sdk -I /Users/jacksonsweet/Library/Developer/Xcode/DerivedData/OPS-czavgtmnvamasvcjgszzuulfcsxj/Build/Products/Debug-iphonesimulator -F /Users/jacksonsweet/Library/Developer/Xcode/DerivedData/OPS-czavgtmnvamasvcjgszzuulfcsxj/Build/Products/Debug-iphonesimulator -no-color-diagnostics -enable-testing -g -debug-info-format\=dwarf -dwarf-version\=5 -module-cache-path /Users/jacksonsweet/Library/Developer/Xcode/DerivedData/ModuleCache.noindex -profile-generate -profile-coverage-mapping -swift-version 5 -enforce-exclusivity\=checked -Onone -D DEBUG -serialize-debugging-options -const-gather-protocols-file /Users/jacksonsweet/Library/Developer/Xcode/DerivedData/OPS-czavgtmnvamasvcjgszzuulfcsxj/Build/Intermediates.noindex/OPS.build/Debug-iphonesimulator/OPS.build/Objects-normal/arm64/OPS_const_extract_protocols.json -enable-experimental-feature DebugDescriptionMacro -enable-experimental-feature OpaqueTypeErasure -enable-bare-slash-regex -empty-abi-descriptor -validate-clang-modules-once -clang-build-session-file /Users/jacksonsweet/Library/Developer/Xcode/DerivedData/ModuleCache.noindex/Session.modulevalidation -Xcc -working-directory -Xcc /Users/jacksonsweet/Desktop/OPS\ APP/OPS -resource-dir /Applications/Xcode.app/Contents/Developer/Toolchains/XcodeDefault.xctoolchain/usr/lib/swift -enable-anonymous-context-mangled-names -file-compilation-dir /Users/jacksonsweet/Desktop/OPS\ APP/OPS -Xcc -D_LIBCPP_HARDENING_MODE\=_LIBCPP_HARDENING_MODE_DEBUG -Xcc -ivfsstatcache -Xcc /Users/jacksonsweet/Library/Developer/Xcode/DerivedData/SDKStatCaches.noindex/iphonesimulator18.2-22C146-07b28473f605e47e75261259d3ef3b5a.sdkstatcache -Xcc -I/Users/jacksonsweet/Library/Developer/Xcode/DerivedData/OPS-czavgtmnvamasvcjgszzuulfcsxj/Build/Intermediates.noindex/OPS.build/Debug-iphonesimulator/OPS.build/swift-overrides.hmap -Xcc -iquote -Xcc /Users/jacksonsweet/Library/Developer/Xcode/DerivedData/OPS-czavgtmnvamasvcjgszzuulfcsxj/Build/Intermediates.noindex/OPS.build/Debug-iphonesimulator/OPS.build/OPS-generated-files.hmap -Xcc -I/Users/jacksonsweet/Library/Developer/Xcode/DerivedData/OPS-czavgtmnvamasvcjgszzuulfcsxj/Build/Intermediates.noindex/OPS.build/Debug-iphonesimulator/OPS.build/OPS-own-target-headers.hmap -Xcc -I/Users/jacksonsweet/Library/Developer/Xcode/DerivedData/OPS-czavgtmnvamasvcjgszzuulfcsxj/Build/Intermediates.noindex/OPS.build/Debug-iphonesimulator/OPS.build/OPS-all-target-headers.hmap -Xcc -iquote -Xcc /Users/jacksonsweet/Library/Developer/Xcode/DerivedData/OPS-czavgtmnvamasvcjgszzuulfcsxj/Build/Intermediates.noindex/OPS.build/Debug-iphonesimulator/OPS.build/OPS-project-headers.hmap -Xcc -I/Users/jacksonsweet/Library/Developer/Xcode/DerivedData/OPS-czavgtmnvamasvcjgszzuulfcsxj/Build/Products/Debug-iphonesimulator/include -Xcc -I/Users/jacksonsweet/Library/Developer/Xcode/DerivedData/OPS-czavgtmnvamasvcjgszzuulfcsxj/Build/Intermediates.noindex/OPS.build/Debug-iphonesimulator/OPS.build/DerivedSources-normal/arm64 -Xcc -I/Users/jacksonsweet/Library/Developer/Xcode/DerivedData/OPS-czavgtmnvamasvcjgszzuulfcsxj/Build/Intermediates.noindex/OPS.build/Debug-iphonesimulator/OPS.build/DerivedSources/arm64 -Xcc -I/Users/jacksonsweet/Library/Developer/Xcode/DerivedData/OPS-czavgtmnvamasvcjgszzuulfcsxj/Build/Intermediates.noindex/OPS.build/Debug-iphonesimulator/OPS.build/DerivedSources -Xcc -DDEBUG\=1 -module-name OPS -frontend-parseable-output -disable-clang-spi -target-sdk-version 18.2 -target-sdk-name iphonesimulator18.2 -external-plugin-path /Applications/Xcode.app/Contents/Developer/Platforms/iPhoneOS.platform/Developer/usr/lib/swift/host/plugins\#/Applications/Xcode.app/Contents/Developer/Platforms/iPhoneOS.platform/Developer/usr/bin/swift-plugin-server -external-plugin-path /Applications/Xcode.app/Contents/Developer/Platforms/iPhoneOS.platform/Developer/usr/local/lib/swift/host/plugins\#/Applications/Xcode.app/Contents/Developer/Platforms/iPhoneOS.platform/Developer/usr/bin/swift-plugin-server -plugin-path /Applications/Xcode.app/Contents/Developer/Toolchains/XcodeDefault.xctoolchain/usr/lib/swift/host/plugins -plugin-path /Applications/Xcode.app/Contents/Developer/Toolchains/XcodeDefault.xctoolchain/usr/local/lib/swift/host/plugins -o /Users/jacksonsweet/Library/Developer/Xcode/DerivedData/OPS-czavgtmnvamasvcjgszzuulfcsxj/Build/Intermediates.noindex/OPS.build/Debug-iphonesimulator/OPS.build/Objects-normal/arm64/BubbleImage.o -o /Users/jacksonsweet/Library/Developer/Xcode/DerivedData/OPS-czavgtmnvamasvcjgszzuulfcsxj/Build/Intermediates.noindex/OPS.build/Debug-iphonesimulator/OPS.build/Objects-normal/arm64/BubbleTypes.o -o /Users/jacksonsweet/Library/Developer/Xcode/DerivedData/OPS-czavgtmnvamasvcjgszzuulfcsxj/Build/Intermediates.noindex/OPS.build/Debug-iphonesimulator/OPS.build/Objects-normal/arm64/Company.o -o /Users/jacksonsweet/Library/Developer/Xcode/DerivedData/OPS-czavgtmnvamasvcjgszzuulfcsxj/Build/Intermediates.noindex/OPS.build/Debug-iphonesimulator/OPS.build/Objects-normal/arm64/Project.o -o /Users/jacksonsweet/Library/Developer/Xcode/DerivedData/OPS-czavgtmnvamasvcjgszzuulfcsxj/Build/Intermediates.noindex/OPS.build/Debug-iphonesimulator/OPS.build/Objects-normal/arm64/Status.o -o /Users/jacksonsweet/Library/Developer/Xcode/DerivedData/OPS-czavgtmnvamasvcjgszzuulfcsxj/Build/Intermediates.noindex/OPS.build/Debug-iphonesimulator/OPS.build/Objects-normal/arm64/User.o -o /Users/jacksonsweet/Library/Developer/Xcode/DerivedData/OPS-czavgtmnvamasvcjgszzuulfcsxj/Build/Intermediates.noindex/OPS.build/Debug-iphonesimulator/OPS.build/Objects-normal/arm64/UserRole.o -o /Users/jacksonsweet/Library/Developer/Xcode/DerivedData/OPS-czavgtmnvamasvcjgszzuulfcsxj/Build/Intermediates.noindex/OPS.build/Debug-iphonesimulator/OPS.build/Objects-normal/arm64/UIImage+Extensions.o -o /Users/jacksonsweet/Library/Developer/Xcode/DerivedData/OPS-czavgtmnvamasvcjgszzuulfcsxj/Build/Intermediates.noindex/OPS.build/Debug-iphonesimulator/OPS.build/Objects-normal/arm64/APIError.o -o /Users/jacksonsweet/Library/Developer/Xcode/DerivedData/OPS-czavgtmnvamasvcjgszzuulfcsxj/Build/Intermediates.noindex/OPS.build/Debug-iphonesimulator/OPS.build/Objects-normal/arm64/APIService.o -o /Users/jacksonsweet/Library/Developer/Xcode/DerivedData/OPS-czavgtmnvamasvcjgszzuulfcsxj/Build/Intermediates.noindex/OPS.build/Debug-iphonesimulator/OPS.build/Objects-normal/arm64/BubbleFields.o -o /Users/jacksonsweet/Library/Developer/Xcode/DerivedData/OPS-czavgtmnvamasvcjgszzuulfcsxj/Build/Intermediates.noindex/OPS.build/Debug-iphonesimulator/OPS.build/Objects-normal/arm64/AuthError.o -o /Users/jacksonsweet/Library/Developer/Xcode/DerivedData/OPS-czavgtmnvamasvcjgszzuulfcsxj/Build/Intermediates.noindex/OPS.build/Debug-iphonesimulator/OPS.build/Objects-normal/arm64/AuthManager.o -index-unit-output-path /OPS.build/Debug-iphonesimulator/OPS.build/Objects-normal/arm64/BubbleImage.o -index-unit-output-path /OPS.build/Debug-iphonesimulator/OPS.build/Objects-normal/arm64/BubbleTypes.o -index-unit-output-path /OPS.build/Debug-iphonesimulator/OPS.build/Objects-normal/arm64/Company.o -index-unit-output-path /OPS.build/Debug-iphonesimulator/OPS.build/Objects-normal/arm64/Project.o -index-unit-output-path /OPS.build/Debug-iphonesimulator/OPS.build/Objects-normal/arm64/Status.o -index-unit-output-path /OPS.build/Debug-iphonesimulator/OPS.build/Objects-normal/arm64/User.o -index-unit-output-path /OPS.build/Debug-iphonesimulator/OPS.build/Objects-normal/arm64/UserRole.o -index-unit-output-path /OPS.build/Debug-iphonesimulator/OPS.build/Objects-normal/arm64/UIImage+Extensions.o -index-unit-output-path /OPS.build/Debug-iphonesimulator/OPS.build/Objects-normal/arm64/APIError.o -index-unit-output-path /OPS.build/Debug-iphonesimulator/OPS.build/Objects-normal/arm64/APIService.o -index-unit-output-path /OPS.build/Debug-iphonesimulator/OPS.build/Objects-normal/arm64/BubbleFields.o -index-unit-output-path /OPS.build/Debug-iphonesimulator/OPS.build/Objects-normal/arm64/AuthError.o -index-unit-output-path /OPS.build/Debug-iphonesimulator/OPS.build/Objects-normal/arm64/AuthManager.o -index-store-path /Users/jacksonsweet/Library/Developer/Xcode/DerivedData/OPS-czavgtmnvamasvcjgszzuulfcsxj/Index.noindex/DataStore -index-system-modules

SwiftCompile normal arm64 Compiling\ KeychainManager.swift,\ CompanyDTO.swift,\ ProjectDTO.swift,\ UserDTO.swift,\ CompanyEndpoints.swift,\ ProjectEndpoints.swift,\ UserEndpoints.swift,\ BackgroundTaskManager.swift,\ SyncManager.swift,\ ConnectivityMonitor.swift,\ ImageSyncManager.swift,\ OnboardingCoordinator.swift,\ OnboardingModels.swift /Users/jacksonsweet/Desktop/OPS\ APP/OPS/OPS/Network/Auth/KeychainManager.swift /Users/jacksonsweet/Desktop/OPS\ APP/OPS/OPS/Network/DTOs/CompanyDTO.swift /Users/jacksonsweet/Desktop/OPS\ APP/OPS/OPS/Network/DTOs/ProjectDTO.swift /Users/jacksonsweet/Desktop/OPS\ APP/OPS/OPS/Network/DTOs/UserDTO.swift /Users/jacksonsweet/Desktop/OPS\ APP/OPS/OPS/Network/Endpoints/CompanyEndpoints.swift /Users/jacksonsweet/Desktop/OPS\ APP/OPS/OPS/Network/Endpoints/ProjectEndpoints.swift /Users/jacksonsweet/Desktop/OPS\ APP/OPS/OPS/Network/Endpoints/UserEndpoints.swift /Users/jacksonsweet/Desktop/OPS\ APP/OPS/OPS/Network/Sync/BackgroundTaskManager.swift /Users/jacksonsweet/Desktop/OPS\ APP/OPS/OPS/Network/Sync/SyncManager.swift /Users/jacksonsweet/Desktop/OPS\ APP/OPS/OPS/Network/ConnectivityMonitor.swift /Users/jacksonsweet/Desktop/OPS\ APP/OPS/OPS/Network/ImageSyncManager.swift /Users/jacksonsweet/Desktop/OPS\ APP/OPS/OPS/Onboarding/Coordinators/OnboardingCoordinator.swift /Users/jacksonsweet/Desktop/OPS\ APP/OPS/OPS/Onboarding/Models/OnboardingModels.swift (in target 'OPS' from project 'OPS')
    cd /Users/jacksonsweet/Desktop/OPS\ APP/OPS
    builtin-swiftTaskExecution -- /Applications/Xcode.app/Contents/Developer/Toolchains/XcodeDefault.xctoolchain/usr/bin/swift-frontend -frontend -c /Users/jacksonsweet/Desktop/OPS\ APP/OPS/OPS/DataModels/BubbleImage.swift /Users/jacksonsweet/Desktop/OPS\ APP/OPS/OPS/DataModels/BubbleTypes.swift /Users/jacksonsweet/Desktop/OPS\ APP/OPS/OPS/DataModels/Company.swift /Users/jacksonsweet/Desktop/OPS\ APP/OPS/OPS/DataModels/Project.swift /Users/jacksonsweet/Desktop/OPS\ APP/OPS/OPS/DataModels/Status.swift /Users/jacksonsweet/Desktop/OPS\ APP/OPS/OPS/DataModels/User.swift /Users/jacksonsweet/Desktop/OPS\ APP/OPS/OPS/DataModels/UserRole.swift /Users/jacksonsweet/Desktop/OPS\ APP/OPS/OPS/Extensions/UIImage+Extensions.swift /Users/jacksonsweet/Desktop/OPS\ APP/OPS/OPS/Network/API/APIError.swift /Users/jacksonsweet/Desktop/OPS\ APP/OPS/OPS/Network/API/APIService.swift /Users/jacksonsweet/Desktop/OPS\ APP/OPS/OPS/Network/API/BubbleFields.swift /Users/jacksonsweet/Desktop/OPS\ APP/OPS/OPS/Network/Auth/AuthError.swift /Users/jacksonsweet/Desktop/OPS\ APP/OPS/OPS/Network/Auth/AuthManager.swift -primary-file /Users/jacksonsweet/Desktop/OPS\ APP/OPS/OPS/Network/Auth/KeychainManager.swift -primary-file /Users/jacksonsweet/Desktop/OPS\ APP/OPS/OPS/Network/DTOs/CompanyDTO.swift -primary-file /Users/jacksonsweet/Desktop/OPS\ APP/OPS/OPS/Network/DTOs/ProjectDTO.swift -primary-file /Users/jacksonsweet/Desktop/OPS\ APP/OPS/OPS/Network/DTOs/UserDTO.swift -primary-file /Users/jacksonsweet/Desktop/OPS\ APP/OPS/OPS/Network/Endpoints/CompanyEndpoints.swift -primary-file /Users/jacksonsweet/Desktop/OPS\ APP/OPS/OPS/Network/Endpoints/ProjectEndpoints.swift -primary-file /Users/jacksonsweet/Desktop/OPS\ APP/OPS/OPS/Network/Endpoints/UserEndpoints.swift -primary-file /Users/jacksonsweet/Desktop/OPS\ APP/OPS/OPS/Network/Sync/BackgroundTaskManager.swift -primary-file /Users/jacksonsweet/Desktop/OPS\ APP/OPS/OPS/Network/Sync/SyncManager.swift -primary-file /Users/jacksonsweet/Desktop/OPS\ APP/OPS/OPS/Network/ConnectivityMonitor.swift -primary-file /Users/jacksonsweet/Desktop/OPS\ APP/OPS/OPS/Network/ImageSyncManager.swift -primary-file /Users/jacksonsweet/Desktop/OPS\ APP/OPS/OPS/Onboarding/Coordinators/OnboardingCoordinator.swift -primary-file /Users/jacksonsweet/Desktop/OPS\ APP/OPS/OPS/Onboarding/Models/OnboardingModels.swift /Users/jacksonsweet/Desktop/OPS\ APP/OPS/OPS/Onboarding/Services/OnboardingService.swift /Users/jacksonsweet/Desktop/OPS\ APP/OPS/OPS/Onboarding/ViewModels/OnboardingViewModel.swift /Users/jacksonsweet/Desktop/OPS\ APP/OPS/OPS/Onboarding/Views/Components/OnboardingComponents.swift /Users/jacksonsweet/Desktop/OPS\ APP/OPS/OPS/Onboarding/Views/Screens/AccountCreatedView.swift /Users/jacksonsweet/Desktop/OPS\ APP/OPS/OPS/Onboarding/Views/Screens/CompanyCodeView.swift /Users/jacksonsweet/Desktop/OPS\ APP/OPS/OPS/Onboarding/Views/Screens/CompanyCodeViewPreview.swift /Users/jacksonsweet/Desktop/OPS\ APP/OPS/OPS/Onboarding/Views/Screens/CompletionView.swift /Users/jacksonsweet/Desktop/OPS\ APP/OPS/OPS/Onboarding/Views/Screens/CompletionViewPreview.swift /Users/jacksonsweet/Desktop/OPS\ APP/OPS/OPS/Onboarding/Views/Screens/EmailView.swift /Users/jacksonsweet/Desktop/OPS\ APP/OPS/OPS/Onboarding/Views/Screens/FieldSetupView.swift /Users/jacksonsweet/Desktop/OPS\ APP/OPS/OPS/Onboarding/Views/Screens/NotificationsView.swift /Users/jacksonsweet/Desktop/OPS\ APP/OPS/OPS/Onboarding/Views/Screens/NotificationsViewPreview.swift /Users/jacksonsweet/Desktop/OPS\ APP/OPS/OPS/Onboarding/Views/Screens/OrganizationJoinView.swift /Users/jacksonsweet/Desktop/OPS\ APP/OPS/OPS/Onboarding/Views/Screens/PasswordView.swift /Users/jacksonsweet/Desktop/OPS\ APP/OPS/OPS/Onboarding/Views/Screens/PasswordViewPreview.swift /Users/jacksonsweet/Desktop/OPS\ APP/OPS/OPS/Onboarding/Views/Screens/PermissionsView.swift /Users/jacksonsweet/Desktop/OPS\ APP/OPS/OPS/Onboarding/Views/Screens/PermissionsViewPreview.swift /Users/jacksonsweet/Desktop/OPS\ APP/OPS/OPS/Onboarding/Views/Screens/PhoneNumberView.swift /Users/jacksonsweet/Desktop/OPS\ APP/OPS/OPS/Onboarding/Views/Screens/PhoneNumberViewPreview.swift /Users/jacksonsweet/Desktop/OPS\ APP/OPS/OPS/Onboarding/Views/Screens/UserInfoView.swift /Users/jacksonsweet/Desktop/OPS\ APP/OPS/OPS/Onboarding/Views/Screens/UserInfoViewPreview.swift /Users/jacksonsweet/Desktop/OPS\ APP/OPS/OPS/Onboarding/Views/Screens/VerifyPhoneView.swift /Users/jacksonsweet/Desktop/OPS\ APP/OPS/OPS/Onboarding/Views/Screens/WelcomeCompanyView.swift /Users/jacksonsweet/Desktop/OPS\ APP/OPS/OPS/Onboarding/Views/Screens/WelcomeCompanyViewPreview.swift /Users/jacksonsweet/Desktop/OPS\ APP/OPS/OPS/Onboarding/Views/Screens/WelcomeView.swift /Users/jacksonsweet/Desktop/OPS\ APP/OPS/OPS/Onboarding/Views/Screens/WelcomeViewPreview.swift /Users/jacksonsweet/Desktop/OPS\ APP/OPS/OPS/Onboarding/Views/OnboardingContainerView.swift /Users/jacksonsweet/Desktop/OPS\ APP/OPS/OPS/Onboarding/Views/OnboardingFlowPreview.swift /Users/jacksonsweet/Desktop/OPS\ APP/OPS/OPS/Onboarding/Views/OnboardingPresenter.swift /Users/jacksonsweet/Desktop/OPS\ APP/OPS/OPS/Onboarding/Views/OnboardingPreviewHelpers.swift /Users/jacksonsweet/Desktop/OPS\ APP/OPS/OPS/Styles/OPSStyle.swift /Users/jacksonsweet/Desktop/OPS\ APP/OPS/OPS/Utilities/AppConfiguration.swift /Users/jacksonsweet/Desktop/OPS\ APP/OPS/OPS/Utilities/ArrayTransformer.swift /Users/jacksonsweet/Desktop/OPS\ APP/OPS/OPS/Utilities/DataController.swift /Users/jacksonsweet/Desktop/OPS\ APP/OPS/OPS/Utilities/Dateformatter\ +Bubble.swift /Users/jacksonsweet/Desktop/OPS\ APP/OPS/OPS/Utilities/DateHelper.swift /Users/jacksonsweet/Desktop/OPS\ APP/OPS/OPS/Utilities/FieldErrorHandler.swift /Users/jacksonsweet/Desktop/OPS\ APP/OPS/OPS/Utilities/ImageCache.swift /Users/jacksonsweet/Desktop/OPS\ APP/OPS/OPS/Utilities/ImageFileManager.swift /Users/jacksonsweet/Desktop/OPS\ APP/OPS/OPS/Utilities/InProgressManager.swift /Users/jacksonsweet/Desktop/OPS\ APP/OPS/OPS/Utilities/KeyboardDismissalModifier.swift /Users/jacksonsweet/Desktop/OPS\ APP/OPS/OPS/Utilities/LocationManager.swift /Users/jacksonsweet/Desktop/OPS\ APP/OPS/OPS/Utilities/OnboardingEnvironmentKey.swift /Users/jacksonsweet/Desktop/OPS\ APP/OPS/OPS/Utilities/SwiftDataHelper.swift /Users/jacksonsweet/Desktop/OPS\ APP/OPS/OPS/Utilities/UIComponents.swift /Users/jacksonsweet/Desktop/OPS\ APP/OPS/OPS/V2/CertificationsSettingsView.swift /Users/jacksonsweet/Desktop/OPS\ APP/OPS/OPS/ViewModels/CalendarViewModel.swift /Users/jacksonsweet/Desktop/OPS\ APP/OPS/OPS/ViewModels/ProjectsViewModel.swift /Users/jacksonsweet/Desktop/OPS\ APP/OPS/OPS/Views/Calendar\ Tab/Components/CalendarDaySelector.swift /Users/jacksonsweet/Desktop/OPS\ APP/OPS/OPS/Views/Calendar\ Tab/Components/CalendarHeaderView.swift /Users/jacksonsweet/Desktop/OPS\ APP/OPS/OPS/Views/Calendar\ Tab/Components/CalendarProjectCard.swift /Users/jacksonsweet/Desktop/OPS\ APP/OPS/OPS/Views/Calendar\ Tab/Components/CalendarToggleView.swift /Users/jacksonsweet/Desktop/OPS\ APP/OPS/OPS/Views/Calendar\ Tab/Components/DatePickerPopover.swift /Users/jacksonsweet/Desktop/OPS\ APP/OPS/OPS/Views/Calendar\ Tab/Components/DayCell.swift /Users/jacksonsweet/Desktop/OPS\ APP/OPS/OPS/Views/Calendar\ Tab/ProjectViews/DayProjectSheet.swift /Users/jacksonsweet/Desktop/OPS\ APP/OPS/OPS/Views/Calendar\ Tab/ProjectViews/ProjectListView.swift /Users/jacksonsweet/Desktop/OPS\ APP/OPS/OPS/Views/Calendar\ Tab/MonthGridView.swift /Users/jacksonsweet/Desktop/OPS\ APP/OPS/OPS/Views/Components/Common/AppHeader.swift /Users/jacksonsweet/Desktop/OPS\ APP/OPS/OPS/Views/Components/Common/ExpandableNotesView.swift /Users/jacksonsweet/Desktop/OPS\ APP/OPS/OPS/Views/Components/Common/LocationPermissionView.swift /Users/jacksonsweet/Desktop/OPS\ APP/OPS/OPS/Views/Components/Common/NavigationBanner.swift /Users/jacksonsweet/Desktop/OPS\ APP/OPS/OPS/Views/Components/Common/NavigationControlsView.swift /Users/jacksonsweet/Desktop/OPS\ APP/OPS/OPS/Views/Components/Common/TabBarBackground.swift /Users/jacksonsweet/Desktop/OPS\ APP/OPS/OPS/Views/Components/Images/ImagePicker.swift /Users/jacksonsweet/Desktop/OPS\ APP/OPS/OPS/Views/Components/Images/ImagePickerView.swift /Users/jacksonsweet/Desktop/OPS\ APP/OPS/OPS/Views/Components/Images/ProjectImagesSection.swift /Users/jacksonsweet/Desktop/OPS\ APP/OPS/OPS/Views/Components/Images/ProjectImagesSimple.swift /Users/jacksonsweet/Desktop/OPS\ APP/OPS/OPS/Views/Components/Images/ProjectImageView.swift /Users/jacksonsweet/Desktop/OPS\ APP/OPS/OPS/Views/Components/Images/ProjectPhotosGrid.swift /Users/jacksonsweet/Desktop/OPS\ APP/OPS/OPS/Views/Components/Map/MiniMapView.swift /Users/jacksonsweet/Desktop/OPS\ APP/OPS/OPS/Views/Components/Map/ProjectMapAnnotation.swift /Users/jacksonsweet/Desktop/OPS\ APP/OPS/OPS/Views/Components/Map/ProjectMapView.swift /Users/jacksonsweet/Desktop/OPS\ APP/OPS/OPS/Views/Components/Map/ProjectMarkerPopup.swift /Users/jacksonsweet/Desktop/OPS\ APP/OPS/OPS/Views/Components/Map/RouteDirectionsView.swift /Users/jacksonsweet/Desktop/OPS\ APP/OPS/OPS/Views/Components/Project/ProjectActionBar.swift /Users/jacksonsweet/Desktop/OPS\ APP/OPS/OPS/Views/Components/Project/ProjectCard.swift /Users/jacksonsweet/Desktop/OPS\ APP/OPS/OPS/Views/Components/Project/ProjectCarousel.swift /Users/jacksonsweet/Desktop/OPS\ APP/OPS/OPS/Views/Components/Project/ProjectDetailsView.swift /Users/jacksonsweet/Desktop/OPS\ APP/OPS/OPS/Views/Components/Project/ProjectHeader.swift /Users/jacksonsweet/Desktop/OPS\ APP/OPS/OPS/Views/Components/Project/ProjectSheetContainer.swift /Users/jacksonsweet/Desktop/OPS\ APP/OPS/OPS/Views/Components/User/TeamMemberListView.swift /Users/jacksonsweet/Desktop/OPS\ APP/OPS/OPS/Views/Components/User/UserProfileCard.swift /Users/jacksonsweet/Desktop/OPS\ APP/OPS/OPS/Views/Home/HomeContentView.swift /Users/jacksonsweet/Desktop/OPS\ APP/OPS/OPS/Views/Home/HomeView.swift /Users/jacksonsweet/Desktop/OPS\ APP/OPS/OPS/Views/Settings/OrganizationSettingsView.swift /Users/jacksonsweet/Desktop/OPS\ APP/OPS/OPS/Views/Settings/ProfileSettingsView.swift /Users/jacksonsweet/Desktop/OPS\ APP/OPS/OPS/Views/Settings/ProjectHistorySettingsView.swift /Users/jacksonsweet/Desktop/OPS\ APP/OPS/OPS/Views/LoginView.swift /Users/jacksonsweet/Desktop/OPS\ APP/OPS/OPS/Views/LoginViewPreview.swift /Users/jacksonsweet/Desktop/OPS\ APP/OPS/OPS/Views/MainTabView.swift /Users/jacksonsweet/Desktop/OPS\ APP/OPS/OPS/Views/NetworkStatusIndicator.swift /Users/jacksonsweet/Desktop/OPS\ APP/OPS/OPS/Views/ScheduleView.swift /Users/jacksonsweet/Desktop/OPS\ APP/OPS/OPS/Views/SettingsView.swift /Users/jacksonsweet/Desktop/OPS\ APP/OPS/OPS/Views/SplashScreen.swift /Users/jacksonsweet/Desktop/OPS\ APP/OPS/OPS/AppState.swift /Users/jacksonsweet/Desktop/OPS\ APP/OPS/OPS/ContentView.swift /Users/jacksonsweet/Desktop/OPS\ APP/OPS/OPS/Item.swift /Users/jacksonsweet/Desktop/OPS\ APP/OPS/OPS/OPSApp.swift /Users/jacksonsweet/Library/Developer/Xcode/DerivedData/OPS-czavgtmnvamasvcjgszzuulfcsxj/Build/Intermediates.noindex/OPS.build/Debug-iphonesimulator/OPS.build/DerivedSources/GeneratedAssetSymbols.swift -supplementary-output-file-map /Users/jacksonsweet/Library/Developer/Xcode/DerivedData/OPS-czavgtmnvamasvcjgszzuulfcsxj/Build/Intermediates.noindex/OPS.build/Debug-iphonesimulator/OPS.build/Objects-normal/arm64/supplementaryOutputs-2 -emit-localized-strings -emit-localized-strings-path /Users/jacksonsweet/Library/Developer/Xcode/DerivedData/OPS-czavgtmnvamasvcjgszzuulfcsxj/Build/Intermediates.noindex/OPS.build/Debug-iphonesimulator/OPS.build/Objects-normal/arm64 -target arm64-apple-ios18.2-simulator -Xllvm -aarch64-use-tbi -enable-objc-interop -sdk /Applications/Xcode.app/Contents/Developer/Platforms/iPhoneSimulator.platform/Developer/SDKs/iPhoneSimulator18.2.sdk -I /Users/jacksonsweet/Library/Developer/Xcode/DerivedData/OPS-czavgtmnvamasvcjgszzuulfcsxj/Build/Products/Debug-iphonesimulator -F /Users/jacksonsweet/Library/Developer/Xcode/DerivedData/OPS-czavgtmnvamasvcjgszzuulfcsxj/Build/Products/Debug-iphonesimulator -no-color-diagnostics -enable-testing -g -debug-info-format\=dwarf -dwarf-version\=5 -module-cache-path /Users/jacksonsweet/Library/Developer/Xcode/DerivedData/ModuleCache.noindex -profile-generate -profile-coverage-mapping -swift-version 5 -enforce-exclusivity\=checked -Onone -D DEBUG -serialize-debugging-options -const-gather-protocols-file /Users/jacksonsweet/Library/Developer/Xcode/DerivedData/OPS-czavgtmnvamasvcjgszzuulfcsxj/Build/Intermediates.noindex/OPS.build/Debug-iphonesimulator/OPS.build/Objects-normal/arm64/OPS_const_extract_protocols.json -enable-experimental-feature DebugDescriptionMacro -enable-experimental-feature OpaqueTypeErasure -enable-bare-slash-regex -empty-abi-descriptor -validate-clang-modules-once -clang-build-session-file /Users/jacksonsweet/Library/Developer/Xcode/DerivedData/ModuleCache.noindex/Session.modulevalidation -Xcc -working-directory -Xcc /Users/jacksonsweet/Desktop/OPS\ APP/OPS -resource-dir /Applications/Xcode.app/Contents/Developer/Toolchains/XcodeDefault.xctoolchain/usr/lib/swift -enable-anonymous-context-mangled-names -file-compilation-dir /Users/jacksonsweet/Desktop/OPS\ APP/OPS -Xcc -D_LIBCPP_HARDENING_MODE\=_LIBCPP_HARDENING_MODE_DEBUG -Xcc -ivfsstatcache -Xcc /Users/jacksonsweet/Library/Developer/Xcode/DerivedData/SDKStatCaches.noindex/iphonesimulator18.2-22C146-07b28473f605e47e75261259d3ef3b5a.sdkstatcache -Xcc -I/Users/jacksonsweet/Library/Developer/Xcode/DerivedData/OPS-czavgtmnvamasvcjgszzuulfcsxj/Build/Intermediates.noindex/OPS.build/Debug-iphonesimulator/OPS.build/swift-overrides.hmap -Xcc -iquote -Xcc /Users/jacksonsweet/Library/Developer/Xcode/DerivedData/OPS-czavgtmnvamasvcjgszzuulfcsxj/Build/Intermediates.noindex/OPS.build/Debug-iphonesimulator/OPS.build/OPS-generated-files.hmap -Xcc -I/Users/jacksonsweet/Library/Developer/Xcode/DerivedData/OPS-czavgtmnvamasvcjgszzuulfcsxj/Build/Intermediates.noindex/OPS.build/Debug-iphonesimulator/OPS.build/OPS-own-target-headers.hmap -Xcc -I/Users/jacksonsweet/Library/Developer/Xcode/DerivedData/OPS-czavgtmnvamasvcjgszzuulfcsxj/Build/Intermediates.noindex/OPS.build/Debug-iphonesimulator/OPS.build/OPS-all-target-headers.hmap -Xcc -iquote -Xcc /Users/jacksonsweet/Library/Developer/Xcode/DerivedData/OPS-czavgtmnvamasvcjgszzuulfcsxj/Build/Intermediates.noindex/OPS.build/Debug-iphonesimulator/OPS.build/OPS-project-headers.hmap -Xcc -I/Users/jacksonsweet/Library/Developer/Xcode/DerivedData/OPS-czavgtmnvamasvcjgszzuulfcsxj/Build/Products/Debug-iphonesimulator/include -Xcc -I/Users/jacksonsweet/Library/Developer/Xcode/DerivedData/OPS-czavgtmnvamasvcjgszzuulfcsxj/Build/Intermediates.noindex/OPS.build/Debug-iphonesimulator/OPS.build/DerivedSources-normal/arm64 -Xcc -I/Users/jacksonsweet/Library/Developer/Xcode/DerivedData/OPS-czavgtmnvamasvcjgszzuulfcsxj/Build/Intermediates.noindex/OPS.build/Debug-iphonesimulator/OPS.build/DerivedSources/arm64 -Xcc -I/Users/jacksonsweet/Library/Developer/Xcode/DerivedData/OPS-czavgtmnvamasvcjgszzuulfcsxj/Build/Intermediates.noindex/OPS.build/Debug-iphonesimulator/OPS.build/DerivedSources -Xcc -DDEBUG\=1 -module-name OPS -frontend-parseable-output -disable-clang-spi -target-sdk-version 18.2 -target-sdk-name iphonesimulator18.2 -external-plugin-path /Applications/Xcode.app/Contents/Developer/Platforms/iPhoneOS.platform/Developer/usr/lib/swift/host/plugins\#/Applications/Xcode.app/Contents/Developer/Platforms/iPhoneOS.platform/Developer/usr/bin/swift-plugin-server -external-plugin-path /Applications/Xcode.app/Contents/Developer/Platforms/iPhoneOS.platform/Developer/usr/local/lib/swift/host/plugins\#/Applications/Xcode.app/Contents/Developer/Platforms/iPhoneOS.platform/Developer/usr/bin/swift-plugin-server -plugin-path /Applications/Xcode.app/Contents/Developer/Toolchains/XcodeDefault.xctoolchain/usr/lib/swift/host/plugins -plugin-path /Applications/Xcode.app/Contents/Developer/Toolchains/XcodeDefault.xctoolchain/usr/local/lib/swift/host/plugins -o /Users/jacksonsweet/Library/Developer/Xcode/DerivedData/OPS-czavgtmnvamasvcjgszzuulfcsxj/Build/Intermediates.noindex/OPS.build/Debug-iphonesimulator/OPS.build/Objects-normal/arm64/KeychainManager.o -o /Users/jacksonsweet/Library/Developer/Xcode/DerivedData/OPS-czavgtmnvamasvcjgszzuulfcsxj/Build/Intermediates.noindex/OPS.build/Debug-iphonesimulator/OPS.build/Objects-normal/arm64/CompanyDTO.o -o /Users/jacksonsweet/Library/Developer/Xcode/DerivedData/OPS-czavgtmnvamasvcjgszzuulfcsxj/Build/Intermediates.noindex/OPS.build/Debug-iphonesimulator/OPS.build/Objects-normal/arm64/ProjectDTO.o -o /Users/jacksonsweet/Library/Developer/Xcode/DerivedData/OPS-czavgtmnvamasvcjgszzuulfcsxj/Build/Intermediates.noindex/OPS.build/Debug-iphonesimulator/OPS.build/Objects-normal/arm64/UserDTO.o -o /Users/jacksonsweet/Library/Developer/Xcode/DerivedData/OPS-czavgtmnvamasvcjgszzuulfcsxj/Build/Intermediates.noindex/OPS.build/Debug-iphonesimulator/OPS.build/Objects-normal/arm64/CompanyEndpoints.o -o /Users/jacksonsweet/Library/Developer/Xcode/DerivedData/OPS-czavgtmnvamasvcjgszzuulfcsxj/Build/Intermediates.noindex/OPS.build/Debug-iphonesimulator/OPS.build/Objects-normal/arm64/ProjectEndpoints.o -o /Users/jacksonsweet/Library/Developer/Xcode/DerivedData/OPS-czavgtmnvamasvcjgszzuulfcsxj/Build/Intermediates.noindex/OPS.build/Debug-iphonesimulator/OPS.build/Objects-normal/arm64/UserEndpoints.o -o /Users/jacksonsweet/Library/Developer/Xcode/DerivedData/OPS-czavgtmnvamasvcjgszzuulfcsxj/Build/Intermediates.noindex/OPS.build/Debug-iphonesimulator/OPS.build/Objects-normal/arm64/BackgroundTaskManager.o -o /Users/jacksonsweet/Library/Developer/Xcode/DerivedData/OPS-czavgtmnvamasvcjgszzuulfcsxj/Build/Intermediates.noindex/OPS.build/Debug-iphonesimulator/OPS.build/Objects-normal/arm64/SyncManager.o -o /Users/jacksonsweet/Library/Developer/Xcode/DerivedData/OPS-czavgtmnvamasvcjgszzuulfcsxj/Build/Intermediates.noindex/OPS.build/Debug-iphonesimulator/OPS.build/Objects-normal/arm64/ConnectivityMonitor.o -o /Users/jacksonsweet/Library/Developer/Xcode/DerivedData/OPS-czavgtmnvamasvcjgszzuulfcsxj/Build/Intermediates.noindex/OPS.build/Debug-iphonesimulator/OPS.build/Objects-normal/arm64/ImageSyncManager.o -o /Users/jacksonsweet/Library/Developer/Xcode/DerivedData/OPS-czavgtmnvamasvcjgszzuulfcsxj/Build/Intermediates.noindex/OPS.build/Debug-iphonesimulator/OPS.build/Objects-normal/arm64/OnboardingCoordinator.o -o /Users/jacksonsweet/Library/Developer/Xcode/DerivedData/OPS-czavgtmnvamasvcjgszzuulfcsxj/Build/Intermediates.noindex/OPS.build/Debug-iphonesimulator/OPS.build/Objects-normal/arm64/OnboardingModels.o -index-unit-output-path /OPS.build/Debug-iphonesimulator/OPS.build/Objects-normal/arm64/KeychainManager.o -index-unit-output-path /OPS.build/Debug-iphonesimulator/OPS.build/Objects-normal/arm64/CompanyDTO.o -index-unit-output-path /OPS.build/Debug-iphonesimulator/OPS.build/Objects-normal/arm64/ProjectDTO.o -index-unit-output-path /OPS.build/Debug-iphonesimulator/OPS.build/Objects-normal/arm64/UserDTO.o -index-unit-output-path /OPS.build/Debug-iphonesimulator/OPS.build/Objects-normal/arm64/CompanyEndpoints.o -index-unit-output-path /OPS.build/Debug-iphonesimulator/OPS.build/Objects-normal/arm64/ProjectEndpoints.o -index-unit-output-path /OPS.build/Debug-iphonesimulator/OPS.build/Objects-normal/arm64/UserEndpoints.o -index-unit-output-path /OPS.build/Debug-iphonesimulator/OPS.build/Objects-normal/arm64/BackgroundTaskManager.o -index-unit-output-path /OPS.build/Debug-iphonesimulator/OPS.build/Objects-normal/arm64/SyncManager.o -index-unit-output-path /OPS.build/Debug-iphonesimulator/OPS.build/Objects-normal/arm64/ConnectivityMonitor.o -index-unit-output-path /OPS.build/Debug-iphonesimulator/OPS.build/Objects-normal/arm64/ImageSyncManager.o -index-unit-output-path /OPS.build/Debug-iphonesimulator/OPS.build/Objects-normal/arm64/OnboardingCoordinator.o -index-unit-output-path /OPS.build/Debug-iphonesimulator/OPS.build/Objects-normal/arm64/OnboardingModels.o -index-store-path /Users/jacksonsweet/Library/Developer/Xcode/DerivedData/OPS-czavgtmnvamasvcjgszzuulfcsxj/Index.noindex/DataStore -index-system-modules

SwiftCompile normal arm64 /Users/jacksonsweet/Desktop/OPS\ APP/OPS/OPS/Network/Auth/KeychainManager.swift (in target 'OPS' from project 'OPS')
    cd /Users/jacksonsweet/Desktop/OPS\ APP/OPS
    /Applications/Xcode.app/Contents/Developer/Toolchains/XcodeDefault.xctoolchain/usr/bin/swift-frontend -c /Users/jacksonsweet/Desktop/OPS\ APP/OPS/OPS/DataModels/BubbleImage.swift /Users/jacksonsweet/Desktop/OPS\ APP/OPS/OPS/DataModels/BubbleTypes.swift /Users/jacksonsweet/Desktop/OPS\ APP/OPS/OPS/DataModels/Company.swift /Users/jacksonsweet/Desktop/OPS\ APP/OPS/OPS/DataModels/Project.swift /Users/jacksonsweet/Desktop/OPS\ APP/OPS/OPS/DataModels/Status.swift /Users/jacksonsweet/Desktop/OPS\ APP/OPS/OPS/DataModels/User.swift /Users/jacksonsweet/Desktop/OPS\ APP/OPS/OPS/DataModels/UserRole.swift /Users/jacksonsweet/Desktop/OPS\ APP/OPS/OPS/Extensions/UIImage+Extensions.swift /Users/jacksonsweet/Desktop/OPS\ APP/OPS/OPS/Network/API/APIError.swift /Users/jacksonsweet/Desktop/OPS\ APP/OPS/OPS/Network/API/APIService.swift /Users/jacksonsweet/Desktop/OPS\ APP/OPS/OPS/Network/API/BubbleFields.swift /Users/jacksonsweet/Desktop/OPS\ APP/OPS/OPS/Network/Auth/AuthError.swift /Users/jacksonsweet/Desktop/OPS\ APP/OPS/OPS/Network/Auth/AuthManager.swift -primary-file /Users/jacksonsweet/Desktop/OPS\ APP/OPS/OPS/Network/Auth/KeychainManager.swift -primary-file /Users/jacksonsweet/Desktop/OPS\ APP/OPS/OPS/Network/DTOs/CompanyDTO.swift -primary-file /Users/jacksonsweet/Desktop/OPS\ APP/OPS/OPS/Network/DTOs/ProjectDTO.swift -primary-file /Users/jacksonsweet/Desktop/OPS\ APP/OPS/OPS/Network/DTOs/UserDTO.swift -primary-file /Users/jacksonsweet/Desktop/OPS\ APP/OPS/OPS/Network/Endpoints/CompanyEndpoints.swift -primary-file /Users/jacksonsweet/Desktop/OPS\ APP/OPS/OPS/Network/Endpoints/ProjectEndpoints.swift -primary-file /Users/jacksonsweet/Desktop/OPS\ APP/OPS/OPS/Network/Endpoints/UserEndpoints.swift -primary-file /Users/jacksonsweet/Desktop/OPS\ APP/OPS/OPS/Network/Sync/BackgroundTaskManager.swift -primary-file /Users/jacksonsweet/Desktop/OPS\ APP/OPS/OPS/Network/Sync/SyncManager.swift -primary-file /Users/jacksonsweet/Desktop/OPS\ APP/OPS/OPS/Network/ConnectivityMonitor.swift -primary-file /Users/jacksonsweet/Desktop/OPS\ APP/OPS/OPS/Network/ImageSyncManager.swift -primary-file /Users/jacksonsweet/Desktop/OPS\ APP/OPS/OPS/Onboarding/Coordinators/OnboardingCoordinator.swift -primary-file /Users/jacksonsweet/Desktop/OPS\ APP/OPS/OPS/Onboarding/Models/OnboardingModels.swift /Users/jacksonsweet/Desktop/OPS\ APP/OPS/OPS/Onboarding/Services/OnboardingService.swift /Users/jacksonsweet/Desktop/OPS\ APP/OPS/OPS/Onboarding/ViewModels/OnboardingViewModel.swift /Users/jacksonsweet/Desktop/OPS\ APP/OPS/OPS/Onboarding/Views/Components/OnboardingComponents.swift /Users/jacksonsweet/Desktop/OPS\ APP/OPS/OPS/Onboarding/Views/Screens/AccountCreatedView.swift /Users/jacksonsweet/Desktop/OPS\ APP/OPS/OPS/Onboarding/Views/Screens/CompanyCodeView.swift /Users/jacksonsweet/Desktop/OPS\ APP/OPS/OPS/Onboarding/Views/Screens/CompanyCodeViewPreview.swift /Users/jacksonsweet/Desktop/OPS\ APP/OPS/OPS/Onboarding/Views/Screens/CompletionView.swift /Users/jacksonsweet/Desktop/OPS\ APP/OPS/OPS/Onboarding/Views/Screens/CompletionViewPreview.swift /Users/jacksonsweet/Desktop/OPS\ APP/OPS/OPS/Onboarding/Views/Screens/EmailView.swift /Users/jacksonsweet/Desktop/OPS\ APP/OPS/OPS/Onboarding/Views/Screens/FieldSetupView.swift /Users/jacksonsweet/Desktop/OPS\ APP/OPS/OPS/Onboarding/Views/Screens/NotificationsView.swift /Users/jacksonsweet/Desktop/OPS\ APP/OPS/OPS/Onboarding/Views/Screens/NotificationsViewPreview.swift /Users/jacksonsweet/Desktop/OPS\ APP/OPS/OPS/Onboarding/Views/Screens/OrganizationJoinView.swift /Users/jacksonsweet/Desktop/OPS\ APP/OPS/OPS/Onboarding/Views/Screens/PasswordView.swift /Users/jacksonsweet/Desktop/OPS\ APP/OPS/OPS/Onboarding/Views/Screens/PasswordViewPreview.swift /Users/jacksonsweet/Desktop/OPS\ APP/OPS/OPS/Onboarding/Views/Screens/PermissionsView.swift /Users/jacksonsweet/Desktop/OPS\ APP/OPS/OPS/Onboarding/Views/Screens/PermissionsViewPreview.swift /Users/jacksonsweet/Desktop/OPS\ APP/OPS/OPS/Onboarding/Views/Screens/PhoneNumberView.swift /Users/jacksonsweet/Desktop/OPS\ APP/OPS/OPS/Onboarding/Views/Screens/PhoneNumberViewPreview.swift /Users/jacksonsweet/Desktop/OPS\ APP/OPS/OPS/Onboarding/Views/Screens/UserInfoView.swift /Users/jacksonsweet/Desktop/OPS\ APP/OPS/OPS/Onboarding/Views/Screens/UserInfoViewPreview.swift /Users/jacksonsweet/Desktop/OPS\ APP/OPS/OPS/Onboarding/Views/Screens/VerifyPhoneView.swift /Users/jacksonsweet/Desktop/OPS\ APP/OPS/OPS/Onboarding/Views/Screens/WelcomeCompanyView.swift /Users/jacksonsweet/Desktop/OPS\ APP/OPS/OPS/Onboarding/Views/Screens/WelcomeCompanyViewPreview.swift /Users/jacksonsweet/Desktop/OPS\ APP/OPS/OPS/Onboarding/Views/Screens/WelcomeView.swift /Users/jacksonsweet/Desktop/OPS\ APP/OPS/OPS/Onboarding/Views/Screens/WelcomeViewPreview.swift /Users/jacksonsweet/Desktop/OPS\ APP/OPS/OPS/Onboarding/Views/OnboardingContainerView.swift /Users/jacksonsweet/Desktop/OPS\ APP/OPS/OPS/Onboarding/Views/OnboardingFlowPreview.swift /Users/jacksonsweet/Desktop/OPS\ APP/OPS/OPS/Onboarding/Views/OnboardingPresenter.swift /Users/jacksonsweet/Desktop/OPS\ APP/OPS/OPS/Onboarding/Views/OnboardingPreviewHelpers.swift /Users/jacksonsweet/Desktop/OPS\ APP/OPS/OPS/Styles/OPSStyle.swift /Users/jacksonsweet/Desktop/OPS\ APP/OPS/OPS/Utilities/AppConfiguration.swift /Users/jacksonsweet/Desktop/OPS\ APP/OPS/OPS/Utilities/ArrayTransformer.swift /Users/jacksonsweet/Desktop/OPS\ APP/OPS/OPS/Utilities/DataController.swift /Users/jacksonsweet/Desktop/OPS\ APP/OPS/OPS/Utilities/Dateformatter\ +Bubble.swift /Users/jacksonsweet/Desktop/OPS\ APP/OPS/OPS/Utilities/DateHelper.swift /Users/jacksonsweet/Desktop/OPS\ APP/OPS/OPS/Utilities/FieldErrorHandler.swift /Users/jacksonsweet/Desktop/OPS\ APP/OPS/OPS/Utilities/ImageCache.swift /Users/jacksonsweet/Desktop/OPS\ APP/OPS/OPS/Utilities/ImageFileManager.swift /Users/jacksonsweet/Desktop/OPS\ APP/OPS/OPS/Utilities/InProgressManager.swift /Users/jacksonsweet/Desktop/OPS\ APP/OPS/OPS/Utilities/KeyboardDismissalModifier.swift /Users/jacksonsweet/Desktop/OPS\ APP/OPS/OPS/Utilities/LocationManager.swift /Users/jacksonsweet/Desktop/OPS\ APP/OPS/OPS/Utilities/OnboardingEnvironmentKey.swift /Users/jacksonsweet/Desktop/OPS\ APP/OPS/OPS/Utilities/SwiftDataHelper.swift /Users/jacksonsweet/Desktop/OPS\ APP/OPS/OPS/Utilities/UIComponents.swift /Users/jacksonsweet/Desktop/OPS\ APP/OPS/OPS/V2/CertificationsSettingsView.swift /Users/jacksonsweet/Desktop/OPS\ APP/OPS/OPS/ViewModels/CalendarViewModel.swift /Users/jacksonsweet/Desktop/OPS\ APP/OPS/OPS/ViewModels/ProjectsViewModel.swift /Users/jacksonsweet/Desktop/OPS\ APP/OPS/OPS/Views/Calendar\ Tab/Components/CalendarDaySelector.swift /Users/jacksonsweet/Desktop/OPS\ APP/OPS/OPS/Views/Calendar\ Tab/Components/CalendarHeaderView.swift /Users/jacksonsweet/Desktop/OPS\ APP/OPS/OPS/Views/Calendar\ Tab/Components/CalendarProjectCard.swift /Users/jacksonsweet/Desktop/OPS\ APP/OPS/OPS/Views/Calendar\ Tab/Components/CalendarToggleView.swift /Users/jacksonsweet/Desktop/OPS\ APP/OPS/OPS/Views/Calendar\ Tab/Components/DatePickerPopover.swift /Users/jacksonsweet/Desktop/OPS\ APP/OPS/OPS/Views/Calendar\ Tab/Components/DayCell.swift /Users/jacksonsweet/Desktop/OPS\ APP/OPS/OPS/Views/Calendar\ Tab/ProjectViews/DayProjectSheet.swift /Users/jacksonsweet/Desktop/OPS\ APP/OPS/OPS/Views/Calendar\ Tab/ProjectViews/ProjectListView.swift /Users/jacksonsweet/Desktop/OPS\ APP/OPS/OPS/Views/Calendar\ Tab/MonthGridView.swift /Users/jacksonsweet/Desktop/OPS\ APP/OPS/OPS/Views/Components/Common/AppHeader.swift /Users/jacksonsweet/Desktop/OPS\ APP/OPS/OPS/Views/Components/Common/ExpandableNotesView.swift /Users/jacksonsweet/Desktop/OPS\ APP/OPS/OPS/Views/Components/Common/LocationPermissionView.swift /Users/jacksonsweet/Desktop/OPS\ APP/OPS/OPS/Views/Components/Common/NavigationBanner.swift /Users/jacksonsweet/Desktop/OPS\ APP/OPS/OPS/Views/Components/Common/NavigationControlsView.swift /Users/jacksonsweet/Desktop/OPS\ APP/OPS/OPS/Views/Components/Common/TabBarBackground.swift /Users/jacksonsweet/Desktop/OPS\ APP/OPS/OPS/Views/Components/Images/ImagePicker.swift /Users/jacksonsweet/Desktop/OPS\ APP/OPS/OPS/Views/Components/Images/ImagePickerView.swift /Users/jacksonsweet/Desktop/OPS\ APP/OPS/OPS/Views/Components/Images/ProjectImagesSection.swift /Users/jacksonsweet/Desktop/OPS\ APP/OPS/OPS/Views/Components/Images/ProjectImagesSimple.swift /Users/jacksonsweet/Desktop/OPS\ APP/OPS/OPS/Views/Components/Images/ProjectImageView.swift /Users/jacksonsweet/Desktop/OPS\ APP/OPS/OPS/Views/Components/Images/ProjectPhotosGrid.swift /Users/jacksonsweet/Desktop/OPS\ APP/OPS/OPS/Views/Components/Map/MiniMapView.swift /Users/jacksonsweet/Desktop/OPS\ APP/OPS/OPS/Views/Components/Map/ProjectMapAnnotation.swift /Users/jacksonsweet/Desktop/OPS\ APP/OPS/OPS/Views/Components/Map/ProjectMapView.swift /Users/jacksonsweet/Desktop/OPS\ APP/OPS/OPS/Views/Components/Map/ProjectMarkerPopup.swift /Users/jacksonsweet/Desktop/OPS\ APP/OPS/OPS/Views/Components/Map/RouteDirectionsView.swift /Users/jacksonsweet/Desktop/OPS\ APP/OPS/OPS/Views/Components/Project/ProjectActionBar.swift /Users/jacksonsweet/Desktop/OPS\ APP/OPS/OPS/Views/Components/Project/ProjectCard.swift /Users/jacksonsweet/Desktop/OPS\ APP/OPS/OPS/Views/Components/Project/ProjectCarousel.swift /Users/jacksonsweet/Desktop/OPS\ APP/OPS/OPS/Views/Components/Project/ProjectDetailsView.swift /Users/jacksonsweet/Desktop/OPS\ APP/OPS/OPS/Views/Components/Project/ProjectHeader.swift /Users/jacksonsweet/Desktop/OPS\ APP/OPS/OPS/Views/Components/Project/ProjectSheetContainer.swift /Users/jacksonsweet/Desktop/OPS\ APP/OPS/OPS/Views/Components/User/TeamMemberListView.swift /Users/jacksonsweet/Desktop/OPS\ APP/OPS/OPS/Views/Components/User/UserProfileCard.swift /Users/jacksonsweet/Desktop/OPS\ APP/OPS/OPS/Views/Home/HomeContentView.swift /Users/jacksonsweet/Desktop/OPS\ APP/OPS/OPS/Views/Home/HomeView.swift /Users/jacksonsweet/Desktop/OPS\ APP/OPS/OPS/Views/Settings/OrganizationSettingsView.swift /Users/jacksonsweet/Desktop/OPS\ APP/OPS/OPS/Views/Settings/ProfileSettingsView.swift /Users/jacksonsweet/Desktop/OPS\ APP/OPS/OPS/Views/Settings/ProjectHistorySettingsView.swift /Users/jacksonsweet/Desktop/OPS\ APP/OPS/OPS/Views/LoginView.swift /Users/jacksonsweet/Desktop/OPS\ APP/OPS/OPS/Views/LoginViewPreview.swift /Users/jacksonsweet/Desktop/OPS\ APP/OPS/OPS/Views/MainTabView.swift /Users/jacksonsweet/Desktop/OPS\ APP/OPS/OPS/Views/NetworkStatusIndicator.swift /Users/jacksonsweet/Desktop/OPS\ APP/OPS/OPS/Views/ScheduleView.swift /Users/jacksonsweet/Desktop/OPS\ APP/OPS/OPS/Views/SettingsView.swift /Users/jacksonsweet/Desktop/OPS\ APP/OPS/OPS/Views/SplashScreen.swift /Users/jacksonsweet/Desktop/OPS\ APP/OPS/OPS/AppState.swift /Users/jacksonsweet/Desktop/OPS\ APP/OPS/OPS/ContentView.swift /Users/jacksonsweet/Desktop/OPS\ APP/OPS/OPS/Item.swift /Users/jacksonsweet/Desktop/OPS\ APP/OPS/OPS/OPSApp.swift /Users/jacksonsweet/Library/Developer/Xcode/DerivedData/OPS-czavgtmnvamasvcjgszzuulfcsxj/Build/Intermediates.noindex/OPS.build/Debug-iphonesimulator/OPS.build/DerivedSources/GeneratedAssetSymbols.swift -supplementary-output-file-map /Users/jacksonsweet/Library/Developer/Xcode/DerivedData/OPS-czavgtmnvamasvcjgszzuulfcsxj/Build/Intermediates.noindex/OPS.build/Debug-iphonesimulator/OPS.build/Objects-normal/arm64/supplementaryOutputs-2 -emit-localized-strings -emit-localized-strings-path /Users/jacksonsweet/Library/Developer/Xcode/DerivedData/OPS-czavgtmnvamasvcjgszzuulfcsxj/Build/Intermediates.noindex/OPS.build/Debug-iphonesimulator/OPS.build/Objects-normal/arm64 -target arm64-apple-ios18.2-simulator -Xllvm -aarch64-use-tbi -enable-objc-interop -sdk /Applications/Xcode.app/Contents/Developer/Platforms/iPhoneSimulator.platform/Developer/SDKs/iPhoneSimulator18.2.sdk -I /Users/jacksonsweet/Library/Developer/Xcode/DerivedData/OPS-czavgtmnvamasvcjgszzuulfcsxj/Build/Products/Debug-iphonesimulator -F /Users/jacksonsweet/Library/Developer/Xcode/DerivedData/OPS-czavgtmnvamasvcjgszzuulfcsxj/Build/Products/Debug-iphonesimulator -no-color-diagnostics -enable-testing -g -debug-info-format\=dwarf -dwarf-version\=5 -module-cache-path /Users/jacksonsweet/Library/Developer/Xcode/DerivedData/ModuleCache.noindex -profile-generate -profile-coverage-mapping -swift-version 5 -enforce-exclusivity\=checked -Onone -D DEBUG -serialize-debugging-options -const-gather-protocols-file /Users/jacksonsweet/Library/Developer/Xcode/DerivedData/OPS-czavgtmnvamasvcjgszzuulfcsxj/Build/Intermediates.noindex/OPS.build/Debug-iphonesimulator/OPS.build/Objects-normal/arm64/OPS_const_extract_protocols.json -enable-experimental-feature DebugDescriptionMacro -enable-experimental-feature OpaqueTypeErasure -enable-bare-slash-regex -empty-abi-descriptor -validate-clang-modules-once -clang-build-session-file /Users/jacksonsweet/Library/Developer/Xcode/DerivedData/ModuleCache.noindex/Session.modulevalidation -Xcc -working-directory -Xcc /Users/jacksonsweet/Desktop/OPS\ APP/OPS -resource-dir /Applications/Xcode.app/Contents/Developer/Toolchains/XcodeDefault.xctoolchain/usr/lib/swift -enable-anonymous-context-mangled-names -file-compilation-dir /Users/jacksonsweet/Desktop/OPS\ APP/OPS -Xcc -D_LIBCPP_HARDENING_MODE\=_LIBCPP_HARDENING_MODE_DEBUG -Xcc -ivfsstatcache -Xcc /Users/jacksonsweet/Library/Developer/Xcode/DerivedData/SDKStatCaches.noindex/iphonesimulator18.2-22C146-07b28473f605e47e75261259d3ef3b5a.sdkstatcache -Xcc -I/Users/jacksonsweet/Library/Developer/Xcode/DerivedData/OPS-czavgtmnvamasvcjgszzuulfcsxj/Build/Intermediates.noindex/OPS.build/Debug-iphonesimulator/OPS.build/swift-overrides.hmap -Xcc -iquote -Xcc /Users/jacksonsweet/Library/Developer/Xcode/DerivedData/OPS-czavgtmnvamasvcjgszzuulfcsxj/Build/Intermediates.noindex/OPS.build/Debug-iphonesimulator/OPS.build/OPS-generated-files.hmap -Xcc -I/Users/jacksonsweet/Library/Developer/Xcode/DerivedData/OPS-czavgtmnvamasvcjgszzuulfcsxj/Build/Intermediates.noindex/OPS.build/Debug-iphonesimulator/OPS.build/OPS-own-target-headers.hmap -Xcc -I/Users/jacksonsweet/Library/Developer/Xcode/DerivedData/OPS-czavgtmnvamasvcjgszzuulfcsxj/Build/Intermediates.noindex/OPS.build/Debug-iphonesimulator/OPS.build/OPS-all-target-headers.hmap -Xcc -iquote -Xcc /Users/jacksonsweet/Library/Developer/Xcode/DerivedData/OPS-czavgtmnvamasvcjgszzuulfcsxj/Build/Intermediates.noindex/OPS.build/Debug-iphonesimulator/OPS.build/OPS-project-headers.hmap -Xcc -I/Users/jacksonsweet/Library/Developer/Xcode/DerivedData/OPS-czavgtmnvamasvcjgszzuulfcsxj/Build/Products/Debug-iphonesimulator/include -Xcc -I/Users/jacksonsweet/Library/Developer/Xcode/DerivedData/OPS-czavgtmnvamasvcjgszzuulfcsxj/Build/Intermediates.noindex/OPS.build/Debug-iphonesimulator/OPS.build/DerivedSources-normal/arm64 -Xcc -I/Users/jacksonsweet/Library/Developer/Xcode/DerivedData/OPS-czavgtmnvamasvcjgszzuulfcsxj/Build/Intermediates.noindex/OPS.build/Debug-iphonesimulator/OPS.build/DerivedSources/arm64 -Xcc -I/Users/jacksonsweet/Library/Developer/Xcode/DerivedData/OPS-czavgtmnvamasvcjgszzuulfcsxj/Build/Intermediates.noindex/OPS.build/Debug-iphonesimulator/OPS.build/DerivedSources -Xcc -DDEBUG\=1 -module-name OPS -frontend-parseable-output -disable-clang-spi -target-sdk-version 18.2 -target-sdk-name iphonesimulator18.2 -external-plugin-path /Applications/Xcode.app/Contents/Developer/Platforms/iPhoneOS.platform/Developer/usr/lib/swift/host/plugins\#/Applications/Xcode.app/Contents/Developer/Platforms/iPhoneOS.platform/Developer/usr/bin/swift-plugin-server -external-plugin-path /Applications/Xcode.app/Contents/Developer/Platforms/iPhoneOS.platform/Developer/usr/local/lib/swift/host/plugins\#/Applications/Xcode.app/Contents/Developer/Platforms/iPhoneOS.platform/Developer/usr/bin/swift-plugin-server -plugin-path /Applications/Xcode.app/Contents/Developer/Toolchains/XcodeDefault.xctoolchain/usr/lib/swift/host/plugins -plugin-path /Applications/Xcode.app/Contents/Developer/Toolchains/XcodeDefault.xctoolchain/usr/local/lib/swift/host/plugins -o /Users/jacksonsweet/Library/Developer/Xcode/DerivedData/OPS-czavgtmnvamasvcjgszzuulfcsxj/Build/Intermediates.noindex/OPS.build/Debug-iphonesimulator/OPS.build/Objects-normal/arm64/KeychainManager.o -o /Users/jacksonsweet/Library/Developer/Xcode/DerivedData/OPS-czavgtmnvamasvcjgszzuulfcsxj/Build/Intermediates.noindex/OPS.build/Debug-iphonesimulator/OPS.build/Objects-normal/arm64/CompanyDTO.o -o /Users/jacksonsweet/Library/Developer/Xcode/DerivedData/OPS-czavgtmnvamasvcjgszzuulfcsxj/Build/Intermediates.noindex/OPS.build/Debug-iphonesimulator/OPS.build/Objects-normal/arm64/ProjectDTO.o -o /Users/jacksonsweet/Library/Developer/Xcode/DerivedData/OPS-czavgtmnvamasvcjgszzuulfcsxj/Build/Intermediates.noindex/OPS.build/Debug-iphonesimulator/OPS.build/Objects-normal/arm64/UserDTO.o -o /Users/jacksonsweet/Library/Developer/Xcode/DerivedData/OPS-czavgtmnvamasvcjgszzuulfcsxj/Build/Intermediates.noindex/OPS.build/Debug-iphonesimulator/OPS.build/Objects-normal/arm64/CompanyEndpoints.o -o /Users/jacksonsweet/Library/Developer/Xcode/DerivedData/OPS-czavgtmnvamasvcjgszzuulfcsxj/Build/Intermediates.noindex/OPS.build/Debug-iphonesimulator/OPS.build/Objects-normal/arm64/ProjectEndpoints.o -o /Users/jacksonsweet/Library/Developer/Xcode/DerivedData/OPS-czavgtmnvamasvcjgszzuulfcsxj/Build/Intermediates.noindex/OPS.build/Debug-iphonesimulator/OPS.build/Objects-normal/arm64/UserEndpoints.o -o /Users/jacksonsweet/Library/Developer/Xcode/DerivedData/OPS-czavgtmnvamasvcjgszzuulfcsxj/Build/Intermediates.noindex/OPS.build/Debug-iphonesimulator/OPS.build/Objects-normal/arm64/BackgroundTaskManager.o -o /Users/jacksonsweet/Library/Developer/Xcode/DerivedData/OPS-czavgtmnvamasvcjgszzuulfcsxj/Build/Intermediates.noindex/OPS.build/Debug-iphonesimulator/OPS.build/Objects-normal/arm64/SyncManager.o -o /Users/jacksonsweet/Library/Developer/Xcode/DerivedData/OPS-czavgtmnvamasvcjgszzuulfcsxj/Build/Intermediates.noindex/OPS.build/Debug-iphonesimulator/OPS.build/Objects-normal/arm64/ConnectivityMonitor.o -o /Users/jacksonsweet/Library/Developer/Xcode/DerivedData/OPS-czavgtmnvamasvcjgszzuulfcsxj/Build/Intermediates.noindex/OPS.build/Debug-iphonesimulator/OPS.build/Objects-normal/arm64/ImageSyncManager.o -o /Users/jacksonsweet/Library/Developer/Xcode/DerivedData/OPS-czavgtmnvamasvcjgszzuulfcsxj/Build/Intermediates.noindex/OPS.build/Debug-iphonesimulator/OPS.build/Objects-normal/arm64/OnboardingCoordinator.o -o /Users/jacksonsweet/Library/Developer/Xcode/DerivedData/OPS-czavgtmnvamasvcjgszzuulfcsxj/Build/Intermediates.noindex/OPS.build/Debug-iphonesimulator/OPS.build/Objects-normal/arm64/OnboardingModels.o -index-unit-output-path /OPS.build/Debug-iphonesimulator/OPS.build/Objects-normal/arm64/KeychainManager.o -index-unit-output-path /OPS.build/Debug-iphonesimulator/OPS.build/Objects-normal/arm64/CompanyDTO.o -index-unit-output-path /OPS.build/Debug-iphonesimulator/OPS.build/Objects-normal/arm64/ProjectDTO.o -index-unit-output-path /OPS.build/Debug-iphonesimulator/OPS.build/Objects-normal/arm64/UserDTO.o -index-unit-output-path /OPS.build/Debug-iphonesimulator/OPS.build/Objects-normal/arm64/CompanyEndpoints.o -index-unit-output-path /OPS.build/Debug-iphonesimulator/OPS.build/Objects-normal/arm64/ProjectEndpoints.o -index-unit-output-path /OPS.build/Debug-iphonesimulator/OPS.build/Objects-normal/arm64/UserEndpoints.o -index-unit-output-path /OPS.build/Debug-iphonesimulator/OPS.build/Objects-normal/arm64/BackgroundTaskManager.o -index-unit-output-path /OPS.build/Debug-iphonesimulator/OPS.build/Objects-normal/arm64/SyncManager.o -index-unit-output-path /OPS.build/Debug-iphonesimulator/OPS.build/Objects-normal/arm64/ConnectivityMonitor.o -index-unit-output-path /OPS.build/Debug-iphonesimulator/OPS.build/Objects-normal/arm64/ImageSyncManager.o -index-unit-output-path /OPS.build/Debug-iphonesimulator/OPS.build/Objects-normal/arm64/OnboardingCoordinator.o -index-unit-output-path /OPS.build/Debug-iphonesimulator/OPS.build/Objects-normal/arm64/OnboardingModels.o -index-store-path /Users/jacksonsweet/Library/Developer/Xcode/DerivedData/OPS-czavgtmnvamasvcjgszzuulfcsxj/Index.noindex/DataStore -index-system-modules

SwiftCompile normal arm64 /Users/jacksonsweet/Desktop/OPS\ APP/OPS/OPS/Network/DTOs/CompanyDTO.swift (in target 'OPS' from project 'OPS')
    cd /Users/jacksonsweet/Desktop/OPS\ APP/OPS
    /Applications/Xcode.app/Contents/Developer/Toolchains/XcodeDefault.xctoolchain/usr/bin/swift-frontend -c /Users/jacksonsweet/Desktop/OPS\ APP/OPS/OPS/DataModels/BubbleImage.swift /Users/jacksonsweet/Desktop/OPS\ APP/OPS/OPS/DataModels/BubbleTypes.swift /Users/jacksonsweet/Desktop/OPS\ APP/OPS/OPS/DataModels/Company.swift /Users/jacksonsweet/Desktop/OPS\ APP/OPS/OPS/DataModels/Project.swift /Users/jacksonsweet/Desktop/OPS\ APP/OPS/OPS/DataModels/Status.swift /Users/jacksonsweet/Desktop/OPS\ APP/OPS/OPS/DataModels/User.swift /Users/jacksonsweet/Desktop/OPS\ APP/OPS/OPS/DataModels/UserRole.swift /Users/jacksonsweet/Desktop/OPS\ APP/OPS/OPS/Extensions/UIImage+Extensions.swift /Users/jacksonsweet/Desktop/OPS\ APP/OPS/OPS/Network/API/APIError.swift /Users/jacksonsweet/Desktop/OPS\ APP/OPS/OPS/Network/API/APIService.swift /Users/jacksonsweet/Desktop/OPS\ APP/OPS/OPS/Network/API/BubbleFields.swift /Users/jacksonsweet/Desktop/OPS\ APP/OPS/OPS/Network/Auth/AuthError.swift /Users/jacksonsweet/Desktop/OPS\ APP/OPS/OPS/Network/Auth/AuthManager.swift -primary-file /Users/jacksonsweet/Desktop/OPS\ APP/OPS/OPS/Network/Auth/KeychainManager.swift -primary-file /Users/jacksonsweet/Desktop/OPS\ APP/OPS/OPS/Network/DTOs/CompanyDTO.swift -primary-file /Users/jacksonsweet/Desktop/OPS\ APP/OPS/OPS/Network/DTOs/ProjectDTO.swift -primary-file /Users/jacksonsweet/Desktop/OPS\ APP/OPS/OPS/Network/DTOs/UserDTO.swift -primary-file /Users/jacksonsweet/Desktop/OPS\ APP/OPS/OPS/Network/Endpoints/CompanyEndpoints.swift -primary-file /Users/jacksonsweet/Desktop/OPS\ APP/OPS/OPS/Network/Endpoints/ProjectEndpoints.swift -primary-file /Users/jacksonsweet/Desktop/OPS\ APP/OPS/OPS/Network/Endpoints/UserEndpoints.swift -primary-file /Users/jacksonsweet/Desktop/OPS\ APP/OPS/OPS/Network/Sync/BackgroundTaskManager.swift -primary-file /Users/jacksonsweet/Desktop/OPS\ APP/OPS/OPS/Network/Sync/SyncManager.swift -primary-file /Users/jacksonsweet/Desktop/OPS\ APP/OPS/OPS/Network/ConnectivityMonitor.swift -primary-file /Users/jacksonsweet/Desktop/OPS\ APP/OPS/OPS/Network/ImageSyncManager.swift -primary-file /Users/jacksonsweet/Desktop/OPS\ APP/OPS/OPS/Onboarding/Coordinators/OnboardingCoordinator.swift -primary-file /Users/jacksonsweet/Desktop/OPS\ APP/OPS/OPS/Onboarding/Models/OnboardingModels.swift /Users/jacksonsweet/Desktop/OPS\ APP/OPS/OPS/Onboarding/Services/OnboardingService.swift /Users/jacksonsweet/Desktop/OPS\ APP/OPS/OPS/Onboarding/ViewModels/OnboardingViewModel.swift /Users/jacksonsweet/Desktop/OPS\ APP/OPS/OPS/Onboarding/Views/Components/OnboardingComponents.swift /Users/jacksonsweet/Desktop/OPS\ APP/OPS/OPS/Onboarding/Views/Screens/AccountCreatedView.swift /Users/jacksonsweet/Desktop/OPS\ APP/OPS/OPS/Onboarding/Views/Screens/CompanyCodeView.swift /Users/jacksonsweet/Desktop/OPS\ APP/OPS/OPS/Onboarding/Views/Screens/CompanyCodeViewPreview.swift /Users/jacksonsweet/Desktop/OPS\ APP/OPS/OPS/Onboarding/Views/Screens/CompletionView.swift /Users/jacksonsweet/Desktop/OPS\ APP/OPS/OPS/Onboarding/Views/Screens/CompletionViewPreview.swift /Users/jacksonsweet/Desktop/OPS\ APP/OPS/OPS/Onboarding/Views/Screens/EmailView.swift /Users/jacksonsweet/Desktop/OPS\ APP/OPS/OPS/Onboarding/Views/Screens/FieldSetupView.swift /Users/jacksonsweet/Desktop/OPS\ APP/OPS/OPS/Onboarding/Views/Screens/NotificationsView.swift /Users/jacksonsweet/Desktop/OPS\ APP/OPS/OPS/Onboarding/Views/Screens/NotificationsViewPreview.swift /Users/jacksonsweet/Desktop/OPS\ APP/OPS/OPS/Onboarding/Views/Screens/OrganizationJoinView.swift /Users/jacksonsweet/Desktop/OPS\ APP/OPS/OPS/Onboarding/Views/Screens/PasswordView.swift /Users/jacksonsweet/Desktop/OPS\ APP/OPS/OPS/Onboarding/Views/Screens/PasswordViewPreview.swift /Users/jacksonsweet/Desktop/OPS\ APP/OPS/OPS/Onboarding/Views/Screens/PermissionsView.swift /Users/jacksonsweet/Desktop/OPS\ APP/OPS/OPS/Onboarding/Views/Screens/PermissionsViewPreview.swift /Users/jacksonsweet/Desktop/OPS\ APP/OPS/OPS/Onboarding/Views/Screens/PhoneNumberView.swift /Users/jacksonsweet/Desktop/OPS\ APP/OPS/OPS/Onboarding/Views/Screens/PhoneNumberViewPreview.swift /Users/jacksonsweet/Desktop/OPS\ APP/OPS/OPS/Onboarding/Views/Screens/UserInfoView.swift /Users/jacksonsweet/Desktop/OPS\ APP/OPS/OPS/Onboarding/Views/Screens/UserInfoViewPreview.swift /Users/jacksonsweet/Desktop/OPS\ APP/OPS/OPS/Onboarding/Views/Screens/VerifyPhoneView.swift /Users/jacksonsweet/Desktop/OPS\ APP/OPS/OPS/Onboarding/Views/Screens/WelcomeCompanyView.swift /Users/jacksonsweet/Desktop/OPS\ APP/OPS/OPS/Onboarding/Views/Screens/WelcomeCompanyViewPreview.swift /Users/jacksonsweet/Desktop/OPS\ APP/OPS/OPS/Onboarding/Views/Screens/WelcomeView.swift /Users/jacksonsweet/Desktop/OPS\ APP/OPS/OPS/Onboarding/Views/Screens/WelcomeViewPreview.swift /Users/jacksonsweet/Desktop/OPS\ APP/OPS/OPS/Onboarding/Views/OnboardingContainerView.swift /Users/jacksonsweet/Desktop/OPS\ APP/OPS/OPS/Onboarding/Views/OnboardingFlowPreview.swift /Users/jacksonsweet/Desktop/OPS\ APP/OPS/OPS/Onboarding/Views/OnboardingPresenter.swift /Users/jacksonsweet/Desktop/OPS\ APP/OPS/OPS/Onboarding/Views/OnboardingPreviewHelpers.swift /Users/jacksonsweet/Desktop/OPS\ APP/OPS/OPS/Styles/OPSStyle.swift /Users/jacksonsweet/Desktop/OPS\ APP/OPS/OPS/Utilities/AppConfiguration.swift /Users/jacksonsweet/Desktop/OPS\ APP/OPS/OPS/Utilities/ArrayTransformer.swift /Users/jacksonsweet/Desktop/OPS\ APP/OPS/OPS/Utilities/DataController.swift /Users/jacksonsweet/Desktop/OPS\ APP/OPS/OPS/Utilities/Dateformatter\ +Bubble.swift /Users/jacksonsweet/Desktop/OPS\ APP/OPS/OPS/Utilities/DateHelper.swift /Users/jacksonsweet/Desktop/OPS\ APP/OPS/OPS/Utilities/FieldErrorHandler.swift /Users/jacksonsweet/Desktop/OPS\ APP/OPS/OPS/Utilities/ImageCache.swift /Users/jacksonsweet/Desktop/OPS\ APP/OPS/OPS/Utilities/ImageFileManager.swift /Users/jacksonsweet/Desktop/OPS\ APP/OPS/OPS/Utilities/InProgressManager.swift /Users/jacksonsweet/Desktop/OPS\ APP/OPS/OPS/Utilities/KeyboardDismissalModifier.swift /Users/jacksonsweet/Desktop/OPS\ APP/OPS/OPS/Utilities/LocationManager.swift /Users/jacksonsweet/Desktop/OPS\ APP/OPS/OPS/Utilities/OnboardingEnvironmentKey.swift /Users/jacksonsweet/Desktop/OPS\ APP/OPS/OPS/Utilities/SwiftDataHelper.swift /Users/jacksonsweet/Desktop/OPS\ APP/OPS/OPS/Utilities/UIComponents.swift /Users/jacksonsweet/Desktop/OPS\ APP/OPS/OPS/V2/CertificationsSettingsView.swift /Users/jacksonsweet/Desktop/OPS\ APP/OPS/OPS/ViewModels/CalendarViewModel.swift /Users/jacksonsweet/Desktop/OPS\ APP/OPS/OPS/ViewModels/ProjectsViewModel.swift /Users/jacksonsweet/Desktop/OPS\ APP/OPS/OPS/Views/Calendar\ Tab/Components/CalendarDaySelector.swift /Users/jacksonsweet/Desktop/OPS\ APP/OPS/OPS/Views/Calendar\ Tab/Components/CalendarHeaderView.swift /Users/jacksonsweet/Desktop/OPS\ APP/OPS/OPS/Views/Calendar\ Tab/Components/CalendarProjectCard.swift /Users/jacksonsweet/Desktop/OPS\ APP/OPS/OPS/Views/Calendar\ Tab/Components/CalendarToggleView.swift /Users/jacksonsweet/Desktop/OPS\ APP/OPS/OPS/Views/Calendar\ Tab/Components/DatePickerPopover.swift /Users/jacksonsweet/Desktop/OPS\ APP/OPS/OPS/Views/Calendar\ Tab/Components/DayCell.swift /Users/jacksonsweet/Desktop/OPS\ APP/OPS/OPS/Views/Calendar\ Tab/ProjectViews/DayProjectSheet.swift /Users/jacksonsweet/Desktop/OPS\ APP/OPS/OPS/Views/Calendar\ Tab/ProjectViews/ProjectListView.swift /Users/jacksonsweet/Desktop/OPS\ APP/OPS/OPS/Views/Calendar\ Tab/MonthGridView.swift /Users/jacksonsweet/Desktop/OPS\ APP/OPS/OPS/Views/Components/Common/AppHeader.swift /Users/jacksonsweet/Desktop/OPS\ APP/OPS/OPS/Views/Components/Common/ExpandableNotesView.swift /Users/jacksonsweet/Desktop/OPS\ APP/OPS/OPS/Views/Components/Common/LocationPermissionView.swift /Users/jacksonsweet/Desktop/OPS\ APP/OPS/OPS/Views/Components/Common/NavigationBanner.swift /Users/jacksonsweet/Desktop/OPS\ APP/OPS/OPS/Views/Components/Common/NavigationControlsView.swift /Users/jacksonsweet/Desktop/OPS\ APP/OPS/OPS/Views/Components/Common/TabBarBackground.swift /Users/jacksonsweet/Desktop/OPS\ APP/OPS/OPS/Views/Components/Images/ImagePicker.swift /Users/jacksonsweet/Desktop/OPS\ APP/OPS/OPS/Views/Components/Images/ImagePickerView.swift /Users/jacksonsweet/Desktop/OPS\ APP/OPS/OPS/Views/Components/Images/ProjectImagesSection.swift /Users/jacksonsweet/Desktop/OPS\ APP/OPS/OPS/Views/Components/Images/ProjectImagesSimple.swift /Users/jacksonsweet/Desktop/OPS\ APP/OPS/OPS/Views/Components/Images/ProjectImageView.swift /Users/jacksonsweet/Desktop/OPS\ APP/OPS/OPS/Views/Components/Images/ProjectPhotosGrid.swift /Users/jacksonsweet/Desktop/OPS\ APP/OPS/OPS/Views/Components/Map/MiniMapView.swift /Users/jacksonsweet/Desktop/OPS\ APP/OPS/OPS/Views/Components/Map/ProjectMapAnnotation.swift /Users/jacksonsweet/Desktop/OPS\ APP/OPS/OPS/Views/Components/Map/ProjectMapView.swift /Users/jacksonsweet/Desktop/OPS\ APP/OPS/OPS/Views/Components/Map/ProjectMarkerPopup.swift /Users/jacksonsweet/Desktop/OPS\ APP/OPS/OPS/Views/Components/Map/RouteDirectionsView.swift /Users/jacksonsweet/Desktop/OPS\ APP/OPS/OPS/Views/Components/Project/ProjectActionBar.swift /Users/jacksonsweet/Desktop/OPS\ APP/OPS/OPS/Views/Components/Project/ProjectCard.swift /Users/jacksonsweet/Desktop/OPS\ APP/OPS/OPS/Views/Components/Project/ProjectCarousel.swift /Users/jacksonsweet/Desktop/OPS\ APP/OPS/OPS/Views/Components/Project/ProjectDetailsView.swift /Users/jacksonsweet/Desktop/OPS\ APP/OPS/OPS/Views/Components/Project/ProjectHeader.swift /Users/jacksonsweet/Desktop/OPS\ APP/OPS/OPS/Views/Components/Project/ProjectSheetContainer.swift /Users/jacksonsweet/Desktop/OPS\ APP/OPS/OPS/Views/Components/User/TeamMemberListView.swift /Users/jacksonsweet/Desktop/OPS\ APP/OPS/OPS/Views/Components/User/UserProfileCard.swift /Users/jacksonsweet/Desktop/OPS\ APP/OPS/OPS/Views/Home/HomeContentView.swift /Users/jacksonsweet/Desktop/OPS\ APP/OPS/OPS/Views/Home/HomeView.swift /Users/jacksonsweet/Desktop/OPS\ APP/OPS/OPS/Views/Settings/OrganizationSettingsView.swift /Users/jacksonsweet/Desktop/OPS\ APP/OPS/OPS/Views/Settings/ProfileSettingsView.swift /Users/jacksonsweet/Desktop/OPS\ APP/OPS/OPS/Views/Settings/ProjectHistorySettingsView.swift /Users/jacksonsweet/Desktop/OPS\ APP/OPS/OPS/Views/LoginView.swift /Users/jacksonsweet/Desktop/OPS\ APP/OPS/OPS/Views/LoginViewPreview.swift /Users/jacksonsweet/Desktop/OPS\ APP/OPS/OPS/Views/MainTabView.swift /Users/jacksonsweet/Desktop/OPS\ APP/OPS/OPS/Views/NetworkStatusIndicator.swift /Users/jacksonsweet/Desktop/OPS\ APP/OPS/OPS/Views/ScheduleView.swift /Users/jacksonsweet/Desktop/OPS\ APP/OPS/OPS/Views/SettingsView.swift /Users/jacksonsweet/Desktop/OPS\ APP/OPS/OPS/Views/SplashScreen.swift /Users/jacksonsweet/Desktop/OPS\ APP/OPS/OPS/AppState.swift /Users/jacksonsweet/Desktop/OPS\ APP/OPS/OPS/ContentView.swift /Users/jacksonsweet/Desktop/OPS\ APP/OPS/OPS/Item.swift /Users/jacksonsweet/Desktop/OPS\ APP/OPS/OPS/OPSApp.swift /Users/jacksonsweet/Library/Developer/Xcode/DerivedData/OPS-czavgtmnvamasvcjgszzuulfcsxj/Build/Intermediates.noindex/OPS.build/Debug-iphonesimulator/OPS.build/DerivedSources/GeneratedAssetSymbols.swift -supplementary-output-file-map /Users/jacksonsweet/Library/Developer/Xcode/DerivedData/OPS-czavgtmnvamasvcjgszzuulfcsxj/Build/Intermediates.noindex/OPS.build/Debug-iphonesimulator/OPS.build/Objects-normal/arm64/supplementaryOutputs-2 -emit-localized-strings -emit-localized-strings-path /Users/jacksonsweet/Library/Developer/Xcode/DerivedData/OPS-czavgtmnvamasvcjgszzuulfcsxj/Build/Intermediates.noindex/OPS.build/Debug-iphonesimulator/OPS.build/Objects-normal/arm64 -target arm64-apple-ios18.2-simulator -Xllvm -aarch64-use-tbi -enable-objc-interop -sdk /Applications/Xcode.app/Contents/Developer/Platforms/iPhoneSimulator.platform/Developer/SDKs/iPhoneSimulator18.2.sdk -I /Users/jacksonsweet/Library/Developer/Xcode/DerivedData/OPS-czavgtmnvamasvcjgszzuulfcsxj/Build/Products/Debug-iphonesimulator -F /Users/jacksonsweet/Library/Developer/Xcode/DerivedData/OPS-czavgtmnvamasvcjgszzuulfcsxj/Build/Products/Debug-iphonesimulator -no-color-diagnostics -enable-testing -g -debug-info-format\=dwarf -dwarf-version\=5 -module-cache-path /Users/jacksonsweet/Library/Developer/Xcode/DerivedData/ModuleCache.noindex -profile-generate -profile-coverage-mapping -swift-version 5 -enforce-exclusivity\=checked -Onone -D DEBUG -serialize-debugging-options -const-gather-protocols-file /Users/jacksonsweet/Library/Developer/Xcode/DerivedData/OPS-czavgtmnvamasvcjgszzuulfcsxj/Build/Intermediates.noindex/OPS.build/Debug-iphonesimulator/OPS.build/Objects-normal/arm64/OPS_const_extract_protocols.json -enable-experimental-feature DebugDescriptionMacro -enable-experimental-feature OpaqueTypeErasure -enable-bare-slash-regex -empty-abi-descriptor -validate-clang-modules-once -clang-build-session-file /Users/jacksonsweet/Library/Developer/Xcode/DerivedData/ModuleCache.noindex/Session.modulevalidation -Xcc -working-directory -Xcc /Users/jacksonsweet/Desktop/OPS\ APP/OPS -resource-dir /Applications/Xcode.app/Contents/Developer/Toolchains/XcodeDefault.xctoolchain/usr/lib/swift -enable-anonymous-context-mangled-names -file-compilation-dir /Users/jacksonsweet/Desktop/OPS\ APP/OPS -Xcc -D_LIBCPP_HARDENING_MODE\=_LIBCPP_HARDENING_MODE_DEBUG -Xcc -ivfsstatcache -Xcc /Users/jacksonsweet/Library/Developer/Xcode/DerivedData/SDKStatCaches.noindex/iphonesimulator18.2-22C146-07b28473f605e47e75261259d3ef3b5a.sdkstatcache -Xcc -I/Users/jacksonsweet/Library/Developer/Xcode/DerivedData/OPS-czavgtmnvamasvcjgszzuulfcsxj/Build/Intermediates.noindex/OPS.build/Debug-iphonesimulator/OPS.build/swift-overrides.hmap -Xcc -iquote -Xcc /Users/jacksonsweet/Library/Developer/Xcode/DerivedData/OPS-czavgtmnvamasvcjgszzuulfcsxj/Build/Intermediates.noindex/OPS.build/Debug-iphonesimulator/OPS.build/OPS-generated-files.hmap -Xcc -I/Users/jacksonsweet/Library/Developer/Xcode/DerivedData/OPS-czavgtmnvamasvcjgszzuulfcsxj/Build/Intermediates.noindex/OPS.build/Debug-iphonesimulator/OPS.build/OPS-own-target-headers.hmap -Xcc -I/Users/jacksonsweet/Library/Developer/Xcode/DerivedData/OPS-czavgtmnvamasvcjgszzuulfcsxj/Build/Intermediates.noindex/OPS.build/Debug-iphonesimulator/OPS.build/OPS-all-target-headers.hmap -Xcc -iquote -Xcc /Users/jacksonsweet/Library/Developer/Xcode/DerivedData/OPS-czavgtmnvamasvcjgszzuulfcsxj/Build/Intermediates.noindex/OPS.build/Debug-iphonesimulator/OPS.build/OPS-project-headers.hmap -Xcc -I/Users/jacksonsweet/Library/Developer/Xcode/DerivedData/OPS-czavgtmnvamasvcjgszzuulfcsxj/Build/Products/Debug-iphonesimulator/include -Xcc -I/Users/jacksonsweet/Library/Developer/Xcode/DerivedData/OPS-czavgtmnvamasvcjgszzuulfcsxj/Build/Intermediates.noindex/OPS.build/Debug-iphonesimulator/OPS.build/DerivedSources-normal/arm64 -Xcc -I/Users/jacksonsweet/Library/Developer/Xcode/DerivedData/OPS-czavgtmnvamasvcjgszzuulfcsxj/Build/Intermediates.noindex/OPS.build/Debug-iphonesimulator/OPS.build/DerivedSources/arm64 -Xcc -I/Users/jacksonsweet/Library/Developer/Xcode/DerivedData/OPS-czavgtmnvamasvcjgszzuulfcsxj/Build/Intermediates.noindex/OPS.build/Debug-iphonesimulator/OPS.build/DerivedSources -Xcc -DDEBUG\=1 -module-name OPS -frontend-parseable-output -disable-clang-spi -target-sdk-version 18.2 -target-sdk-name iphonesimulator18.2 -external-plugin-path /Applications/Xcode.app/Contents/Developer/Platforms/iPhoneOS.platform/Developer/usr/lib/swift/host/plugins\#/Applications/Xcode.app/Contents/Developer/Platforms/iPhoneOS.platform/Developer/usr/bin/swift-plugin-server -external-plugin-path /Applications/Xcode.app/Contents/Developer/Platforms/iPhoneOS.platform/Developer/usr/local/lib/swift/host/plugins\#/Applications/Xcode.app/Contents/Developer/Platforms/iPhoneOS.platform/Developer/usr/bin/swift-plugin-server -plugin-path /Applications/Xcode.app/Contents/Developer/Toolchains/XcodeDefault.xctoolchain/usr/lib/swift/host/plugins -plugin-path /Applications/Xcode.app/Contents/Developer/Toolchains/XcodeDefault.xctoolchain/usr/local/lib/swift/host/plugins -o /Users/jacksonsweet/Library/Developer/Xcode/DerivedData/OPS-czavgtmnvamasvcjgszzuulfcsxj/Build/Intermediates.noindex/OPS.build/Debug-iphonesimulator/OPS.build/Objects-normal/arm64/KeychainManager.o -o /Users/jacksonsweet/Library/Developer/Xcode/DerivedData/OPS-czavgtmnvamasvcjgszzuulfcsxj/Build/Intermediates.noindex/OPS.build/Debug-iphonesimulator/OPS.build/Objects-normal/arm64/CompanyDTO.o -o /Users/jacksonsweet/Library/Developer/Xcode/DerivedData/OPS-czavgtmnvamasvcjgszzuulfcsxj/Build/Intermediates.noindex/OPS.build/Debug-iphonesimulator/OPS.build/Objects-normal/arm64/ProjectDTO.o -o /Users/jacksonsweet/Library/Developer/Xcode/DerivedData/OPS-czavgtmnvamasvcjgszzuulfcsxj/Build/Intermediates.noindex/OPS.build/Debug-iphonesimulator/OPS.build/Objects-normal/arm64/UserDTO.o -o /Users/jacksonsweet/Library/Developer/Xcode/DerivedData/OPS-czavgtmnvamasvcjgszzuulfcsxj/Build/Intermediates.noindex/OPS.build/Debug-iphonesimulator/OPS.build/Objects-normal/arm64/CompanyEndpoints.o -o /Users/jacksonsweet/Library/Developer/Xcode/DerivedData/OPS-czavgtmnvamasvcjgszzuulfcsxj/Build/Intermediates.noindex/OPS.build/Debug-iphonesimulator/OPS.build/Objects-normal/arm64/ProjectEndpoints.o -o /Users/jacksonsweet/Library/Developer/Xcode/DerivedData/OPS-czavgtmnvamasvcjgszzuulfcsxj/Build/Intermediates.noindex/OPS.build/Debug-iphonesimulator/OPS.build/Objects-normal/arm64/UserEndpoints.o -o /Users/jacksonsweet/Library/Developer/Xcode/DerivedData/OPS-czavgtmnvamasvcjgszzuulfcsxj/Build/Intermediates.noindex/OPS.build/Debug-iphonesimulator/OPS.build/Objects-normal/arm64/BackgroundTaskManager.o -o /Users/jacksonsweet/Library/Developer/Xcode/DerivedData/OPS-czavgtmnvamasvcjgszzuulfcsxj/Build/Intermediates.noindex/OPS.build/Debug-iphonesimulator/OPS.build/Objects-normal/arm64/SyncManager.o -o /Users/jacksonsweet/Library/Developer/Xcode/DerivedData/OPS-czavgtmnvamasvcjgszzuulfcsxj/Build/Intermediates.noindex/OPS.build/Debug-iphonesimulator/OPS.build/Objects-normal/arm64/ConnectivityMonitor.o -o /Users/jacksonsweet/Library/Developer/Xcode/DerivedData/OPS-czavgtmnvamasvcjgszzuulfcsxj/Build/Intermediates.noindex/OPS.build/Debug-iphonesimulator/OPS.build/Objects-normal/arm64/ImageSyncManager.o -o /Users/jacksonsweet/Library/Developer/Xcode/DerivedData/OPS-czavgtmnvamasvcjgszzuulfcsxj/Build/Intermediates.noindex/OPS.build/Debug-iphonesimulator/OPS.build/Objects-normal/arm64/OnboardingCoordinator.o -o /Users/jacksonsweet/Library/Developer/Xcode/DerivedData/OPS-czavgtmnvamasvcjgszzuulfcsxj/Build/Intermediates.noindex/OPS.build/Debug-iphonesimulator/OPS.build/Objects-normal/arm64/OnboardingModels.o -index-unit-output-path /OPS.build/Debug-iphonesimulator/OPS.build/Objects-normal/arm64/KeychainManager.o -index-unit-output-path /OPS.build/Debug-iphonesimulator/OPS.build/Objects-normal/arm64/CompanyDTO.o -index-unit-output-path /OPS.build/Debug-iphonesimulator/OPS.build/Objects-normal/arm64/ProjectDTO.o -index-unit-output-path /OPS.build/Debug-iphonesimulator/OPS.build/Objects-normal/arm64/UserDTO.o -index-unit-output-path /OPS.build/Debug-iphonesimulator/OPS.build/Objects-normal/arm64/CompanyEndpoints.o -index-unit-output-path /OPS.build/Debug-iphonesimulator/OPS.build/Objects-normal/arm64/ProjectEndpoints.o -index-unit-output-path /OPS.build/Debug-iphonesimulator/OPS.build/Objects-normal/arm64/UserEndpoints.o -index-unit-output-path /OPS.build/Debug-iphonesimulator/OPS.build/Objects-normal/arm64/BackgroundTaskManager.o -index-unit-output-path /OPS.build/Debug-iphonesimulator/OPS.build/Objects-normal/arm64/SyncManager.o -index-unit-output-path /OPS.build/Debug-iphonesimulator/OPS.build/Objects-normal/arm64/ConnectivityMonitor.o -index-unit-output-path /OPS.build/Debug-iphonesimulator/OPS.build/Objects-normal/arm64/ImageSyncManager.o -index-unit-output-path /OPS.build/Debug-iphonesimulator/OPS.build/Objects-normal/arm64/OnboardingCoordinator.o -index-unit-output-path /OPS.build/Debug-iphonesimulator/OPS.build/Objects-normal/arm64/OnboardingModels.o -index-store-path /Users/jacksonsweet/Library/Developer/Xcode/DerivedData/OPS-czavgtmnvamasvcjgszzuulfcsxj/Index.noindex/DataStore -index-system-modules

SwiftCompile normal arm64 /Users/jacksonsweet/Desktop/OPS\ APP/OPS/OPS/Network/DTOs/ProjectDTO.swift (in target 'OPS' from project 'OPS')
    cd /Users/jacksonsweet/Desktop/OPS\ APP/OPS
    /Applications/Xcode.app/Contents/Developer/Toolchains/XcodeDefault.xctoolchain/usr/bin/swift-frontend -c /Users/jacksonsweet/Desktop/OPS\ APP/OPS/OPS/DataModels/BubbleImage.swift /Users/jacksonsweet/Desktop/OPS\ APP/OPS/OPS/DataModels/BubbleTypes.swift /Users/jacksonsweet/Desktop/OPS\ APP/OPS/OPS/DataModels/Company.swift /Users/jacksonsweet/Desktop/OPS\ APP/OPS/OPS/DataModels/Project.swift /Users/jacksonsweet/Desktop/OPS\ APP/OPS/OPS/DataModels/Status.swift /Users/jacksonsweet/Desktop/OPS\ APP/OPS/OPS/DataModels/User.swift /Users/jacksonsweet/Desktop/OPS\ APP/OPS/OPS/DataModels/UserRole.swift /Users/jacksonsweet/Desktop/OPS\ APP/OPS/OPS/Extensions/UIImage+Extensions.swift /Users/jacksonsweet/Desktop/OPS\ APP/OPS/OPS/Network/API/APIError.swift /Users/jacksonsweet/Desktop/OPS\ APP/OPS/OPS/Network/API/APIService.swift /Users/jacksonsweet/Desktop/OPS\ APP/OPS/OPS/Network/API/BubbleFields.swift /Users/jacksonsweet/Desktop/OPS\ APP/OPS/OPS/Network/Auth/AuthError.swift /Users/jacksonsweet/Desktop/OPS\ APP/OPS/OPS/Network/Auth/AuthManager.swift -primary-file /Users/jacksonsweet/Desktop/OPS\ APP/OPS/OPS/Network/Auth/KeychainManager.swift -primary-file /Users/jacksonsweet/Desktop/OPS\ APP/OPS/OPS/Network/DTOs/CompanyDTO.swift -primary-file /Users/jacksonsweet/Desktop/OPS\ APP/OPS/OPS/Network/DTOs/ProjectDTO.swift -primary-file /Users/jacksonsweet/Desktop/OPS\ APP/OPS/OPS/Network/DTOs/UserDTO.swift -primary-file /Users/jacksonsweet/Desktop/OPS\ APP/OPS/OPS/Network/Endpoints/CompanyEndpoints.swift -primary-file /Users/jacksonsweet/Desktop/OPS\ APP/OPS/OPS/Network/Endpoints/ProjectEndpoints.swift -primary-file /Users/jacksonsweet/Desktop/OPS\ APP/OPS/OPS/Network/Endpoints/UserEndpoints.swift -primary-file /Users/jacksonsweet/Desktop/OPS\ APP/OPS/OPS/Network/Sync/BackgroundTaskManager.swift -primary-file /Users/jacksonsweet/Desktop/OPS\ APP/OPS/OPS/Network/Sync/SyncManager.swift -primary-file /Users/jacksonsweet/Desktop/OPS\ APP/OPS/OPS/Network/ConnectivityMonitor.swift -primary-file /Users/jacksonsweet/Desktop/OPS\ APP/OPS/OPS/Network/ImageSyncManager.swift -primary-file /Users/jacksonsweet/Desktop/OPS\ APP/OPS/OPS/Onboarding/Coordinators/OnboardingCoordinator.swift -primary-file /Users/jacksonsweet/Desktop/OPS\ APP/OPS/OPS/Onboarding/Models/OnboardingModels.swift /Users/jacksonsweet/Desktop/OPS\ APP/OPS/OPS/Onboarding/Services/OnboardingService.swift /Users/jacksonsweet/Desktop/OPS\ APP/OPS/OPS/Onboarding/ViewModels/OnboardingViewModel.swift /Users/jacksonsweet/Desktop/OPS\ APP/OPS/OPS/Onboarding/Views/Components/OnboardingComponents.swift /Users/jacksonsweet/Desktop/OPS\ APP/OPS/OPS/Onboarding/Views/Screens/AccountCreatedView.swift /Users/jacksonsweet/Desktop/OPS\ APP/OPS/OPS/Onboarding/Views/Screens/CompanyCodeView.swift /Users/jacksonsweet/Desktop/OPS\ APP/OPS/OPS/Onboarding/Views/Screens/CompanyCodeViewPreview.swift /Users/jacksonsweet/Desktop/OPS\ APP/OPS/OPS/Onboarding/Views/Screens/CompletionView.swift /Users/jacksonsweet/Desktop/OPS\ APP/OPS/OPS/Onboarding/Views/Screens/CompletionViewPreview.swift /Users/jacksonsweet/Desktop/OPS\ APP/OPS/OPS/Onboarding/Views/Screens/EmailView.swift /Users/jacksonsweet/Desktop/OPS\ APP/OPS/OPS/Onboarding/Views/Screens/FieldSetupView.swift /Users/jacksonsweet/Desktop/OPS\ APP/OPS/OPS/Onboarding/Views/Screens/NotificationsView.swift /Users/jacksonsweet/Desktop/OPS\ APP/OPS/OPS/Onboarding/Views/Screens/NotificationsViewPreview.swift /Users/jacksonsweet/Desktop/OPS\ APP/OPS/OPS/Onboarding/Views/Screens/OrganizationJoinView.swift /Users/jacksonsweet/Desktop/OPS\ APP/OPS/OPS/Onboarding/Views/Screens/PasswordView.swift /Users/jacksonsweet/Desktop/OPS\ APP/OPS/OPS/Onboarding/Views/Screens/PasswordViewPreview.swift /Users/jacksonsweet/Desktop/OPS\ APP/OPS/OPS/Onboarding/Views/Screens/PermissionsView.swift /Users/jacksonsweet/Desktop/OPS\ APP/OPS/OPS/Onboarding/Views/Screens/PermissionsViewPreview.swift /Users/jacksonsweet/Desktop/OPS\ APP/OPS/OPS/Onboarding/Views/Screens/PhoneNumberView.swift /Users/jacksonsweet/Desktop/OPS\ APP/OPS/OPS/Onboarding/Views/Screens/PhoneNumberViewPreview.swift /Users/jacksonsweet/Desktop/OPS\ APP/OPS/OPS/Onboarding/Views/Screens/UserInfoView.swift /Users/jacksonsweet/Desktop/OPS\ APP/OPS/OPS/Onboarding/Views/Screens/UserInfoViewPreview.swift /Users/jacksonsweet/Desktop/OPS\ APP/OPS/OPS/Onboarding/Views/Screens/VerifyPhoneView.swift /Users/jacksonsweet/Desktop/OPS\ APP/OPS/OPS/Onboarding/Views/Screens/WelcomeCompanyView.swift /Users/jacksonsweet/Desktop/OPS\ APP/OPS/OPS/Onboarding/Views/Screens/WelcomeCompanyViewPreview.swift /Users/jacksonsweet/Desktop/OPS\ APP/OPS/OPS/Onboarding/Views/Screens/WelcomeView.swift /Users/jacksonsweet/Desktop/OPS\ APP/OPS/OPS/Onboarding/Views/Screens/WelcomeViewPreview.swift /Users/jacksonsweet/Desktop/OPS\ APP/OPS/OPS/Onboarding/Views/OnboardingContainerView.swift /Users/jacksonsweet/Desktop/OPS\ APP/OPS/OPS/Onboarding/Views/OnboardingFlowPreview.swift /Users/jacksonsweet/Desktop/OPS\ APP/OPS/OPS/Onboarding/Views/OnboardingPresenter.swift /Users/jacksonsweet/Desktop/OPS\ APP/OPS/OPS/Onboarding/Views/OnboardingPreviewHelpers.swift /Users/jacksonsweet/Desktop/OPS\ APP/OPS/OPS/Styles/OPSStyle.swift /Users/jacksonsweet/Desktop/OPS\ APP/OPS/OPS/Utilities/AppConfiguration.swift /Users/jacksonsweet/Desktop/OPS\ APP/OPS/OPS/Utilities/ArrayTransformer.swift /Users/jacksonsweet/Desktop/OPS\ APP/OPS/OPS/Utilities/DataController.swift /Users/jacksonsweet/Desktop/OPS\ APP/OPS/OPS/Utilities/Dateformatter\ +Bubble.swift /Users/jacksonsweet/Desktop/OPS\ APP/OPS/OPS/Utilities/DateHelper.swift /Users/jacksonsweet/Desktop/OPS\ APP/OPS/OPS/Utilities/FieldErrorHandler.swift /Users/jacksonsweet/Desktop/OPS\ APP/OPS/OPS/Utilities/ImageCache.swift /Users/jacksonsweet/Desktop/OPS\ APP/OPS/OPS/Utilities/ImageFileManager.swift /Users/jacksonsweet/Desktop/OPS\ APP/OPS/OPS/Utilities/InProgressManager.swift /Users/jacksonsweet/Desktop/OPS\ APP/OPS/OPS/Utilities/KeyboardDismissalModifier.swift /Users/jacksonsweet/Desktop/OPS\ APP/OPS/OPS/Utilities/LocationManager.swift /Users/jacksonsweet/Desktop/OPS\ APP/OPS/OPS/Utilities/OnboardingEnvironmentKey.swift /Users/jacksonsweet/Desktop/OPS\ APP/OPS/OPS/Utilities/SwiftDataHelper.swift /Users/jacksonsweet/Desktop/OPS\ APP/OPS/OPS/Utilities/UIComponents.swift /Users/jacksonsweet/Desktop/OPS\ APP/OPS/OPS/V2/CertificationsSettingsView.swift /Users/jacksonsweet/Desktop/OPS\ APP/OPS/OPS/ViewModels/CalendarViewModel.swift /Users/jacksonsweet/Desktop/OPS\ APP/OPS/OPS/ViewModels/ProjectsViewModel.swift /Users/jacksonsweet/Desktop/OPS\ APP/OPS/OPS/Views/Calendar\ Tab/Components/CalendarDaySelector.swift /Users/jacksonsweet/Desktop/OPS\ APP/OPS/OPS/Views/Calendar\ Tab/Components/CalendarHeaderView.swift /Users/jacksonsweet/Desktop/OPS\ APP/OPS/OPS/Views/Calendar\ Tab/Components/CalendarProjectCard.swift /Users/jacksonsweet/Desktop/OPS\ APP/OPS/OPS/Views/Calendar\ Tab/Components/CalendarToggleView.swift /Users/jacksonsweet/Desktop/OPS\ APP/OPS/OPS/Views/Calendar\ Tab/Components/DatePickerPopover.swift /Users/jacksonsweet/Desktop/OPS\ APP/OPS/OPS/Views/Calendar\ Tab/Components/DayCell.swift /Users/jacksonsweet/Desktop/OPS\ APP/OPS/OPS/Views/Calendar\ Tab/ProjectViews/DayProjectSheet.swift /Users/jacksonsweet/Desktop/OPS\ APP/OPS/OPS/Views/Calendar\ Tab/ProjectViews/ProjectListView.swift /Users/jacksonsweet/Desktop/OPS\ APP/OPS/OPS/Views/Calendar\ Tab/MonthGridView.swift /Users/jacksonsweet/Desktop/OPS\ APP/OPS/OPS/Views/Components/Common/AppHeader.swift /Users/jacksonsweet/Desktop/OPS\ APP/OPS/OPS/Views/Components/Common/ExpandableNotesView.swift /Users/jacksonsweet/Desktop/OPS\ APP/OPS/OPS/Views/Components/Common/LocationPermissionView.swift /Users/jacksonsweet/Desktop/OPS\ APP/OPS/OPS/Views/Components/Common/NavigationBanner.swift /Users/jacksonsweet/Desktop/OPS\ APP/OPS/OPS/Views/Components/Common/NavigationControlsView.swift /Users/jacksonsweet/Desktop/OPS\ APP/OPS/OPS/Views/Components/Common/TabBarBackground.swift /Users/jacksonsweet/Desktop/OPS\ APP/OPS/OPS/Views/Components/Images/ImagePicker.swift /Users/jacksonsweet/Desktop/OPS\ APP/OPS/OPS/Views/Components/Images/ImagePickerView.swift /Users/jacksonsweet/Desktop/OPS\ APP/OPS/OPS/Views/Components/Images/ProjectImagesSection.swift /Users/jacksonsweet/Desktop/OPS\ APP/OPS/OPS/Views/Components/Images/ProjectImagesSimple.swift /Users/jacksonsweet/Desktop/OPS\ APP/OPS/OPS/Views/Components/Images/ProjectImageView.swift /Users/jacksonsweet/Desktop/OPS\ APP/OPS/OPS/Views/Components/Images/ProjectPhotosGrid.swift /Users/jacksonsweet/Desktop/OPS\ APP/OPS/OPS/Views/Components/Map/MiniMapView.swift /Users/jacksonsweet/Desktop/OPS\ APP/OPS/OPS/Views/Components/Map/ProjectMapAnnotation.swift /Users/jacksonsweet/Desktop/OPS\ APP/OPS/OPS/Views/Components/Map/ProjectMapView.swift /Users/jacksonsweet/Desktop/OPS\ APP/OPS/OPS/Views/Components/Map/ProjectMarkerPopup.swift /Users/jacksonsweet/Desktop/OPS\ APP/OPS/OPS/Views/Components/Map/RouteDirectionsView.swift /Users/jacksonsweet/Desktop/OPS\ APP/OPS/OPS/Views/Components/Project/ProjectActionBar.swift /Users/jacksonsweet/Desktop/OPS\ APP/OPS/OPS/Views/Components/Project/ProjectCard.swift /Users/jacksonsweet/Desktop/OPS\ APP/OPS/OPS/Views/Components/Project/ProjectCarousel.swift /Users/jacksonsweet/Desktop/OPS\ APP/OPS/OPS/Views/Components/Project/ProjectDetailsView.swift /Users/jacksonsweet/Desktop/OPS\ APP/OPS/OPS/Views/Components/Project/ProjectHeader.swift /Users/jacksonsweet/Desktop/OPS\ APP/OPS/OPS/Views/Components/Project/ProjectSheetContainer.swift /Users/jacksonsweet/Desktop/OPS\ APP/OPS/OPS/Views/Components/User/TeamMemberListView.swift /Users/jacksonsweet/Desktop/OPS\ APP/OPS/OPS/Views/Components/User/UserProfileCard.swift /Users/jacksonsweet/Desktop/OPS\ APP/OPS/OPS/Views/Home/HomeContentView.swift /Users/jacksonsweet/Desktop/OPS\ APP/OPS/OPS/Views/Home/HomeView.swift /Users/jacksonsweet/Desktop/OPS\ APP/OPS/OPS/Views/Settings/OrganizationSettingsView.swift /Users/jacksonsweet/Desktop/OPS\ APP/OPS/OPS/Views/Settings/ProfileSettingsView.swift /Users/jacksonsweet/Desktop/OPS\ APP/OPS/OPS/Views/Settings/ProjectHistorySettingsView.swift /Users/jacksonsweet/Desktop/OPS\ APP/OPS/OPS/Views/LoginView.swift /Users/jacksonsweet/Desktop/OPS\ APP/OPS/OPS/Views/LoginViewPreview.swift /Users/jacksonsweet/Desktop/OPS\ APP/OPS/OPS/Views/MainTabView.swift /Users/jacksonsweet/Desktop/OPS\ APP/OPS/OPS/Views/NetworkStatusIndicator.swift /Users/jacksonsweet/Desktop/OPS\ APP/OPS/OPS/Views/ScheduleView.swift /Users/jacksonsweet/Desktop/OPS\ APP/OPS/OPS/Views/SettingsView.swift /Users/jacksonsweet/Desktop/OPS\ APP/OPS/OPS/Views/SplashScreen.swift /Users/jacksonsweet/Desktop/OPS\ APP/OPS/OPS/AppState.swift /Users/jacksonsweet/Desktop/OPS\ APP/OPS/OPS/ContentView.swift /Users/jacksonsweet/Desktop/OPS\ APP/OPS/OPS/Item.swift /Users/jacksonsweet/Desktop/OPS\ APP/OPS/OPS/OPSApp.swift /Users/jacksonsweet/Library/Developer/Xcode/DerivedData/OPS-czavgtmnvamasvcjgszzuulfcsxj/Build/Intermediates.noindex/OPS.build/Debug-iphonesimulator/OPS.build/DerivedSources/GeneratedAssetSymbols.swift -supplementary-output-file-map /Users/jacksonsweet/Library/Developer/Xcode/DerivedData/OPS-czavgtmnvamasvcjgszzuulfcsxj/Build/Intermediates.noindex/OPS.build/Debug-iphonesimulator/OPS.build/Objects-normal/arm64/supplementaryOutputs-2 -emit-localized-strings -emit-localized-strings-path /Users/jacksonsweet/Library/Developer/Xcode/DerivedData/OPS-czavgtmnvamasvcjgszzuulfcsxj/Build/Intermediates.noindex/OPS.build/Debug-iphonesimulator/OPS.build/Objects-normal/arm64 -target arm64-apple-ios18.2-simulator -Xllvm -aarch64-use-tbi -enable-objc-interop -sdk /Applications/Xcode.app/Contents/Developer/Platforms/iPhoneSimulator.platform/Developer/SDKs/iPhoneSimulator18.2.sdk -I /Users/jacksonsweet/Library/Developer/Xcode/DerivedData/OPS-czavgtmnvamasvcjgszzuulfcsxj/Build/Products/Debug-iphonesimulator -F /Users/jacksonsweet/Library/Developer/Xcode/DerivedData/OPS-czavgtmnvamasvcjgszzuulfcsxj/Build/Products/Debug-iphonesimulator -no-color-diagnostics -enable-testing -g -debug-info-format\=dwarf -dwarf-version\=5 -module-cache-path /Users/jacksonsweet/Library/Developer/Xcode/DerivedData/ModuleCache.noindex -profile-generate -profile-coverage-mapping -swift-version 5 -enforce-exclusivity\=checked -Onone -D DEBUG -serialize-debugging-options -const-gather-protocols-file /Users/jacksonsweet/Library/Developer/Xcode/DerivedData/OPS-czavgtmnvamasvcjgszzuulfcsxj/Build/Intermediates.noindex/OPS.build/Debug-iphonesimulator/OPS.build/Objects-normal/arm64/OPS_const_extract_protocols.json -enable-experimental-feature DebugDescriptionMacro -enable-experimental-feature OpaqueTypeErasure -enable-bare-slash-regex -empty-abi-descriptor -validate-clang-modules-once -clang-build-session-file /Users/jacksonsweet/Library/Developer/Xcode/DerivedData/ModuleCache.noindex/Session.modulevalidation -Xcc -working-directory -Xcc /Users/jacksonsweet/Desktop/OPS\ APP/OPS -resource-dir /Applications/Xcode.app/Contents/Developer/Toolchains/XcodeDefault.xctoolchain/usr/lib/swift -enable-anonymous-context-mangled-names -file-compilation-dir /Users/jacksonsweet/Desktop/OPS\ APP/OPS -Xcc -D_LIBCPP_HARDENING_MODE\=_LIBCPP_HARDENING_MODE_DEBUG -Xcc -ivfsstatcache -Xcc /Users/jacksonsweet/Library/Developer/Xcode/DerivedData/SDKStatCaches.noindex/iphonesimulator18.2-22C146-07b28473f605e47e75261259d3ef3b5a.sdkstatcache -Xcc -I/Users/jacksonsweet/Library/Developer/Xcode/DerivedData/OPS-czavgtmnvamasvcjgszzuulfcsxj/Build/Intermediates.noindex/OPS.build/Debug-iphonesimulator/OPS.build/swift-overrides.hmap -Xcc -iquote -Xcc /Users/jacksonsweet/Library/Developer/Xcode/DerivedData/OPS-czavgtmnvamasvcjgszzuulfcsxj/Build/Intermediates.noindex/OPS.build/Debug-iphonesimulator/OPS.build/OPS-generated-files.hmap -Xcc -I/Users/jacksonsweet/Library/Developer/Xcode/DerivedData/OPS-czavgtmnvamasvcjgszzuulfcsxj/Build/Intermediates.noindex/OPS.build/Debug-iphonesimulator/OPS.build/OPS-own-target-headers.hmap -Xcc -I/Users/jacksonsweet/Library/Developer/Xcode/DerivedData/OPS-czavgtmnvamasvcjgszzuulfcsxj/Build/Intermediates.noindex/OPS.build/Debug-iphonesimulator/OPS.build/OPS-all-target-headers.hmap -Xcc -iquote -Xcc /Users/jacksonsweet/Library/Developer/Xcode/DerivedData/OPS-czavgtmnvamasvcjgszzuulfcsxj/Build/Intermediates.noindex/OPS.build/Debug-iphonesimulator/OPS.build/OPS-project-headers.hmap -Xcc -I/Users/jacksonsweet/Library/Developer/Xcode/DerivedData/OPS-czavgtmnvamasvcjgszzuulfcsxj/Build/Products/Debug-iphonesimulator/include -Xcc -I/Users/jacksonsweet/Library/Developer/Xcode/DerivedData/OPS-czavgtmnvamasvcjgszzuulfcsxj/Build/Intermediates.noindex/OPS.build/Debug-iphonesimulator/OPS.build/DerivedSources-normal/arm64 -Xcc -I/Users/jacksonsweet/Library/Developer/Xcode/DerivedData/OPS-czavgtmnvamasvcjgszzuulfcsxj/Build/Intermediates.noindex/OPS.build/Debug-iphonesimulator/OPS.build/DerivedSources/arm64 -Xcc -I/Users/jacksonsweet/Library/Developer/Xcode/DerivedData/OPS-czavgtmnvamasvcjgszzuulfcsxj/Build/Intermediates.noindex/OPS.build/Debug-iphonesimulator/OPS.build/DerivedSources -Xcc -DDEBUG\=1 -module-name OPS -frontend-parseable-output -disable-clang-spi -target-sdk-version 18.2 -target-sdk-name iphonesimulator18.2 -external-plugin-path /Applications/Xcode.app/Contents/Developer/Platforms/iPhoneOS.platform/Developer/usr/lib/swift/host/plugins\#/Applications/Xcode.app/Contents/Developer/Platforms/iPhoneOS.platform/Developer/usr/bin/swift-plugin-server -external-plugin-path /Applications/Xcode.app/Contents/Developer/Platforms/iPhoneOS.platform/Developer/usr/local/lib/swift/host/plugins\#/Applications/Xcode.app/Contents/Developer/Platforms/iPhoneOS.platform/Developer/usr/bin/swift-plugin-server -plugin-path /Applications/Xcode.app/Contents/Developer/Toolchains/XcodeDefault.xctoolchain/usr/lib/swift/host/plugins -plugin-path /Applications/Xcode.app/Contents/Developer/Toolchains/XcodeDefault.xctoolchain/usr/local/lib/swift/host/plugins -o /Users/jacksonsweet/Library/Developer/Xcode/DerivedData/OPS-czavgtmnvamasvcjgszzuulfcsxj/Build/Intermediates.noindex/OPS.build/Debug-iphonesimulator/OPS.build/Objects-normal/arm64/KeychainManager.o -o /Users/jacksonsweet/Library/Developer/Xcode/DerivedData/OPS-czavgtmnvamasvcjgszzuulfcsxj/Build/Intermediates.noindex/OPS.build/Debug-iphonesimulator/OPS.build/Objects-normal/arm64/CompanyDTO.o -o /Users/jacksonsweet/Library/Developer/Xcode/DerivedData/OPS-czavgtmnvamasvcjgszzuulfcsxj/Build/Intermediates.noindex/OPS.build/Debug-iphonesimulator/OPS.build/Objects-normal/arm64/ProjectDTO.o -o /Users/jacksonsweet/Library/Developer/Xcode/DerivedData/OPS-czavgtmnvamasvcjgszzuulfcsxj/Build/Intermediates.noindex/OPS.build/Debug-iphonesimulator/OPS.build/Objects-normal/arm64/UserDTO.o -o /Users/jacksonsweet/Library/Developer/Xcode/DerivedData/OPS-czavgtmnvamasvcjgszzuulfcsxj/Build/Intermediates.noindex/OPS.build/Debug-iphonesimulator/OPS.build/Objects-normal/arm64/CompanyEndpoints.o -o /Users/jacksonsweet/Library/Developer/Xcode/DerivedData/OPS-czavgtmnvamasvcjgszzuulfcsxj/Build/Intermediates.noindex/OPS.build/Debug-iphonesimulator/OPS.build/Objects-normal/arm64/ProjectEndpoints.o -o /Users/jacksonsweet/Library/Developer/Xcode/DerivedData/OPS-czavgtmnvamasvcjgszzuulfcsxj/Build/Intermediates.noindex/OPS.build/Debug-iphonesimulator/OPS.build/Objects-normal/arm64/UserEndpoints.o -o /Users/jacksonsweet/Library/Developer/Xcode/DerivedData/OPS-czavgtmnvamasvcjgszzuulfcsxj/Build/Intermediates.noindex/OPS.build/Debug-iphonesimulator/OPS.build/Objects-normal/arm64/BackgroundTaskManager.o -o /Users/jacksonsweet/Library/Developer/Xcode/DerivedData/OPS-czavgtmnvamasvcjgszzuulfcsxj/Build/Intermediates.noindex/OPS.build/Debug-iphonesimulator/OPS.build/Objects-normal/arm64/SyncManager.o -o /Users/jacksonsweet/Library/Developer/Xcode/DerivedData/OPS-czavgtmnvamasvcjgszzuulfcsxj/Build/Intermediates.noindex/OPS.build/Debug-iphonesimulator/OPS.build/Objects-normal/arm64/ConnectivityMonitor.o -o /Users/jacksonsweet/Library/Developer/Xcode/DerivedData/OPS-czavgtmnvamasvcjgszzuulfcsxj/Build/Intermediates.noindex/OPS.build/Debug-iphonesimulator/OPS.build/Objects-normal/arm64/ImageSyncManager.o -o /Users/jacksonsweet/Library/Developer/Xcode/DerivedData/OPS-czavgtmnvamasvcjgszzuulfcsxj/Build/Intermediates.noindex/OPS.build/Debug-iphonesimulator/OPS.build/Objects-normal/arm64/OnboardingCoordinator.o -o /Users/jacksonsweet/Library/Developer/Xcode/DerivedData/OPS-czavgtmnvamasvcjgszzuulfcsxj/Build/Intermediates.noindex/OPS.build/Debug-iphonesimulator/OPS.build/Objects-normal/arm64/OnboardingModels.o -index-unit-output-path /OPS.build/Debug-iphonesimulator/OPS.build/Objects-normal/arm64/KeychainManager.o -index-unit-output-path /OPS.build/Debug-iphonesimulator/OPS.build/Objects-normal/arm64/CompanyDTO.o -index-unit-output-path /OPS.build/Debug-iphonesimulator/OPS.build/Objects-normal/arm64/ProjectDTO.o -index-unit-output-path /OPS.build/Debug-iphonesimulator/OPS.build/Objects-normal/arm64/UserDTO.o -index-unit-output-path /OPS.build/Debug-iphonesimulator/OPS.build/Objects-normal/arm64/CompanyEndpoints.o -index-unit-output-path /OPS.build/Debug-iphonesimulator/OPS.build/Objects-normal/arm64/ProjectEndpoints.o -index-unit-output-path /OPS.build/Debug-iphonesimulator/OPS.build/Objects-normal/arm64/UserEndpoints.o -index-unit-output-path /OPS.build/Debug-iphonesimulator/OPS.build/Objects-normal/arm64/BackgroundTaskManager.o -index-unit-output-path /OPS.build/Debug-iphonesimulator/OPS.build/Objects-normal/arm64/SyncManager.o -index-unit-output-path /OPS.build/Debug-iphonesimulator/OPS.build/Objects-normal/arm64/ConnectivityMonitor.o -index-unit-output-path /OPS.build/Debug-iphonesimulator/OPS.build/Objects-normal/arm64/ImageSyncManager.o -index-unit-output-path /OPS.build/Debug-iphonesimulator/OPS.build/Objects-normal/arm64/OnboardingCoordinator.o -index-unit-output-path /OPS.build/Debug-iphonesimulator/OPS.build/Objects-normal/arm64/OnboardingModels.o -index-store-path /Users/jacksonsweet/Library/Developer/Xcode/DerivedData/OPS-czavgtmnvamasvcjgszzuulfcsxj/Index.noindex/DataStore -index-system-modules

SwiftCompile normal arm64 /Users/jacksonsweet/Desktop/OPS\ APP/OPS/OPS/Network/DTOs/UserDTO.swift (in target 'OPS' from project 'OPS')
    cd /Users/jacksonsweet/Desktop/OPS\ APP/OPS
    /Applications/Xcode.app/Contents/Developer/Toolchains/XcodeDefault.xctoolchain/usr/bin/swift-frontend -c /Users/jacksonsweet/Desktop/OPS\ APP/OPS/OPS/DataModels/BubbleImage.swift /Users/jacksonsweet/Desktop/OPS\ APP/OPS/OPS/DataModels/BubbleTypes.swift /Users/jacksonsweet/Desktop/OPS\ APP/OPS/OPS/DataModels/Company.swift /Users/jacksonsweet/Desktop/OPS\ APP/OPS/OPS/DataModels/Project.swift /Users/jacksonsweet/Desktop/OPS\ APP/OPS/OPS/DataModels/Status.swift /Users/jacksonsweet/Desktop/OPS\ APP/OPS/OPS/DataModels/User.swift /Users/jacksonsweet/Desktop/OPS\ APP/OPS/OPS/DataModels/UserRole.swift /Users/jacksonsweet/Desktop/OPS\ APP/OPS/OPS/Extensions/UIImage+Extensions.swift /Users/jacksonsweet/Desktop/OPS\ APP/OPS/OPS/Network/API/APIError.swift /Users/jacksonsweet/Desktop/OPS\ APP/OPS/OPS/Network/API/APIService.swift /Users/jacksonsweet/Desktop/OPS\ APP/OPS/OPS/Network/API/BubbleFields.swift /Users/jacksonsweet/Desktop/OPS\ APP/OPS/OPS/Network/Auth/AuthError.swift /Users/jacksonsweet/Desktop/OPS\ APP/OPS/OPS/Network/Auth/AuthManager.swift -primary-file /Users/jacksonsweet/Desktop/OPS\ APP/OPS/OPS/Network/Auth/KeychainManager.swift -primary-file /Users/jacksonsweet/Desktop/OPS\ APP/OPS/OPS/Network/DTOs/CompanyDTO.swift -primary-file /Users/jacksonsweet/Desktop/OPS\ APP/OPS/OPS/Network/DTOs/ProjectDTO.swift -primary-file /Users/jacksonsweet/Desktop/OPS\ APP/OPS/OPS/Network/DTOs/UserDTO.swift -primary-file /Users/jacksonsweet/Desktop/OPS\ APP/OPS/OPS/Network/Endpoints/CompanyEndpoints.swift -primary-file /Users/jacksonsweet/Desktop/OPS\ APP/OPS/OPS/Network/Endpoints/ProjectEndpoints.swift -primary-file /Users/jacksonsweet/Desktop/OPS\ APP/OPS/OPS/Network/Endpoints/UserEndpoints.swift -primary-file /Users/jacksonsweet/Desktop/OPS\ APP/OPS/OPS/Network/Sync/BackgroundTaskManager.swift -primary-file /Users/jacksonsweet/Desktop/OPS\ APP/OPS/OPS/Network/Sync/SyncManager.swift -primary-file /Users/jacksonsweet/Desktop/OPS\ APP/OPS/OPS/Network/ConnectivityMonitor.swift -primary-file /Users/jacksonsweet/Desktop/OPS\ APP/OPS/OPS/Network/ImageSyncManager.swift -primary-file /Users/jacksonsweet/Desktop/OPS\ APP/OPS/OPS/Onboarding/Coordinators/OnboardingCoordinator.swift -primary-file /Users/jacksonsweet/Desktop/OPS\ APP/OPS/OPS/Onboarding/Models/OnboardingModels.swift /Users/jacksonsweet/Desktop/OPS\ APP/OPS/OPS/Onboarding/Services/OnboardingService.swift /Users/jacksonsweet/Desktop/OPS\ APP/OPS/OPS/Onboarding/ViewModels/OnboardingViewModel.swift /Users/jacksonsweet/Desktop/OPS\ APP/OPS/OPS/Onboarding/Views/Components/OnboardingComponents.swift /Users/jacksonsweet/Desktop/OPS\ APP/OPS/OPS/Onboarding/Views/Screens/AccountCreatedView.swift /Users/jacksonsweet/Desktop/OPS\ APP/OPS/OPS/Onboarding/Views/Screens/CompanyCodeView.swift /Users/jacksonsweet/Desktop/OPS\ APP/OPS/OPS/Onboarding/Views/Screens/CompanyCodeViewPreview.swift /Users/jacksonsweet/Desktop/OPS\ APP/OPS/OPS/Onboarding/Views/Screens/CompletionView.swift /Users/jacksonsweet/Desktop/OPS\ APP/OPS/OPS/Onboarding/Views/Screens/CompletionViewPreview.swift /Users/jacksonsweet/Desktop/OPS\ APP/OPS/OPS/Onboarding/Views/Screens/EmailView.swift /Users/jacksonsweet/Desktop/OPS\ APP/OPS/OPS/Onboarding/Views/Screens/FieldSetupView.swift /Users/jacksonsweet/Desktop/OPS\ APP/OPS/OPS/Onboarding/Views/Screens/NotificationsView.swift /Users/jacksonsweet/Desktop/OPS\ APP/OPS/OPS/Onboarding/Views/Screens/NotificationsViewPreview.swift /Users/jacksonsweet/Desktop/OPS\ APP/OPS/OPS/Onboarding/Views/Screens/OrganizationJoinView.swift /Users/jacksonsweet/Desktop/OPS\ APP/OPS/OPS/Onboarding/Views/Screens/PasswordView.swift /Users/jacksonsweet/Desktop/OPS\ APP/OPS/OPS/Onboarding/Views/Screens/PasswordViewPreview.swift /Users/jacksonsweet/Desktop/OPS\ APP/OPS/OPS/Onboarding/Views/Screens/PermissionsView.swift /Users/jacksonsweet/Desktop/OPS\ APP/OPS/OPS/Onboarding/Views/Screens/PermissionsViewPreview.swift /Users/jacksonsweet/Desktop/OPS\ APP/OPS/OPS/Onboarding/Views/Screens/PhoneNumberView.swift /Users/jacksonsweet/Desktop/OPS\ APP/OPS/OPS/Onboarding/Views/Screens/PhoneNumberViewPreview.swift /Users/jacksonsweet/Desktop/OPS\ APP/OPS/OPS/Onboarding/Views/Screens/UserInfoView.swift /Users/jacksonsweet/Desktop/OPS\ APP/OPS/OPS/Onboarding/Views/Screens/UserInfoViewPreview.swift /Users/jacksonsweet/Desktop/OPS\ APP/OPS/OPS/Onboarding/Views/Screens/VerifyPhoneView.swift /Users/jacksonsweet/Desktop/OPS\ APP/OPS/OPS/Onboarding/Views/Screens/WelcomeCompanyView.swift /Users/jacksonsweet/Desktop/OPS\ APP/OPS/OPS/Onboarding/Views/Screens/WelcomeCompanyViewPreview.swift /Users/jacksonsweet/Desktop/OPS\ APP/OPS/OPS/Onboarding/Views/Screens/WelcomeView.swift /Users/jacksonsweet/Desktop/OPS\ APP/OPS/OPS/Onboarding/Views/Screens/WelcomeViewPreview.swift /Users/jacksonsweet/Desktop/OPS\ APP/OPS/OPS/Onboarding/Views/OnboardingContainerView.swift /Users/jacksonsweet/Desktop/OPS\ APP/OPS/OPS/Onboarding/Views/OnboardingFlowPreview.swift /Users/jacksonsweet/Desktop/OPS\ APP/OPS/OPS/Onboarding/Views/OnboardingPresenter.swift /Users/jacksonsweet/Desktop/OPS\ APP/OPS/OPS/Onboarding/Views/OnboardingPreviewHelpers.swift /Users/jacksonsweet/Desktop/OPS\ APP/OPS/OPS/Styles/OPSStyle.swift /Users/jacksonsweet/Desktop/OPS\ APP/OPS/OPS/Utilities/AppConfiguration.swift /Users/jacksonsweet/Desktop/OPS\ APP/OPS/OPS/Utilities/ArrayTransformer.swift /Users/jacksonsweet/Desktop/OPS\ APP/OPS/OPS/Utilities/DataController.swift /Users/jacksonsweet/Desktop/OPS\ APP/OPS/OPS/Utilities/Dateformatter\ +Bubble.swift /Users/jacksonsweet/Desktop/OPS\ APP/OPS/OPS/Utilities/DateHelper.swift /Users/jacksonsweet/Desktop/OPS\ APP/OPS/OPS/Utilities/FieldErrorHandler.swift /Users/jacksonsweet/Desktop/OPS\ APP/OPS/OPS/Utilities/ImageCache.swift /Users/jacksonsweet/Desktop/OPS\ APP/OPS/OPS/Utilities/ImageFileManager.swift /Users/jacksonsweet/Desktop/OPS\ APP/OPS/OPS/Utilities/InProgressManager.swift /Users/jacksonsweet/Desktop/OPS\ APP/OPS/OPS/Utilities/KeyboardDismissalModifier.swift /Users/jacksonsweet/Desktop/OPS\ APP/OPS/OPS/Utilities/LocationManager.swift /Users/jacksonsweet/Desktop/OPS\ APP/OPS/OPS/Utilities/OnboardingEnvironmentKey.swift /Users/jacksonsweet/Desktop/OPS\ APP/OPS/OPS/Utilities/SwiftDataHelper.swift /Users/jacksonsweet/Desktop/OPS\ APP/OPS/OPS/Utilities/UIComponents.swift /Users/jacksonsweet/Desktop/OPS\ APP/OPS/OPS/V2/CertificationsSettingsView.swift /Users/jacksonsweet/Desktop/OPS\ APP/OPS/OPS/ViewModels/CalendarViewModel.swift /Users/jacksonsweet/Desktop/OPS\ APP/OPS/OPS/ViewModels/ProjectsViewModel.swift /Users/jacksonsweet/Desktop/OPS\ APP/OPS/OPS/Views/Calendar\ Tab/Components/CalendarDaySelector.swift /Users/jacksonsweet/Desktop/OPS\ APP/OPS/OPS/Views/Calendar\ Tab/Components/CalendarHeaderView.swift /Users/jacksonsweet/Desktop/OPS\ APP/OPS/OPS/Views/Calendar\ Tab/Components/CalendarProjectCard.swift /Users/jacksonsweet/Desktop/OPS\ APP/OPS/OPS/Views/Calendar\ Tab/Components/CalendarToggleView.swift /Users/jacksonsweet/Desktop/OPS\ APP/OPS/OPS/Views/Calendar\ Tab/Components/DatePickerPopover.swift /Users/jacksonsweet/Desktop/OPS\ APP/OPS/OPS/Views/Calendar\ Tab/Components/DayCell.swift /Users/jacksonsweet/Desktop/OPS\ APP/OPS/OPS/Views/Calendar\ Tab/ProjectViews/DayProjectSheet.swift /Users/jacksonsweet/Desktop/OPS\ APP/OPS/OPS/Views/Calendar\ Tab/ProjectViews/ProjectListView.swift /Users/jacksonsweet/Desktop/OPS\ APP/OPS/OPS/Views/Calendar\ Tab/MonthGridView.swift /Users/jacksonsweet/Desktop/OPS\ APP/OPS/OPS/Views/Components/Common/AppHeader.swift /Users/jacksonsweet/Desktop/OPS\ APP/OPS/OPS/Views/Components/Common/ExpandableNotesView.swift /Users/jacksonsweet/Desktop/OPS\ APP/OPS/OPS/Views/Components/Common/LocationPermissionView.swift /Users/jacksonsweet/Desktop/OPS\ APP/OPS/OPS/Views/Components/Common/NavigationBanner.swift /Users/jacksonsweet/Desktop/OPS\ APP/OPS/OPS/Views/Components/Common/NavigationControlsView.swift /Users/jacksonsweet/Desktop/OPS\ APP/OPS/OPS/Views/Components/Common/TabBarBackground.swift /Users/jacksonsweet/Desktop/OPS\ APP/OPS/OPS/Views/Components/Images/ImagePicker.swift /Users/jacksonsweet/Desktop/OPS\ APP/OPS/OPS/Views/Components/Images/ImagePickerView.swift /Users/jacksonsweet/Desktop/OPS\ APP/OPS/OPS/Views/Components/Images/ProjectImagesSection.swift /Users/jacksonsweet/Desktop/OPS\ APP/OPS/OPS/Views/Components/Images/ProjectImagesSimple.swift /Users/jacksonsweet/Desktop/OPS\ APP/OPS/OPS/Views/Components/Images/ProjectImageView.swift /Users/jacksonsweet/Desktop/OPS\ APP/OPS/OPS/Views/Components/Images/ProjectPhotosGrid.swift /Users/jacksonsweet/Desktop/OPS\ APP/OPS/OPS/Views/Components/Map/MiniMapView.swift /Users/jacksonsweet/Desktop/OPS\ APP/OPS/OPS/Views/Components/Map/ProjectMapAnnotation.swift /Users/jacksonsweet/Desktop/OPS\ APP/OPS/OPS/Views/Components/Map/ProjectMapView.swift /Users/jacksonsweet/Desktop/OPS\ APP/OPS/OPS/Views/Components/Map/ProjectMarkerPopup.swift /Users/jacksonsweet/Desktop/OPS\ APP/OPS/OPS/Views/Components/Map/RouteDirectionsView.swift /Users/jacksonsweet/Desktop/OPS\ APP/OPS/OPS/Views/Components/Project/ProjectActionBar.swift /Users/jacksonsweet/Desktop/OPS\ APP/OPS/OPS/Views/Components/Project/ProjectCard.swift /Users/jacksonsweet/Desktop/OPS\ APP/OPS/OPS/Views/Components/Project/ProjectCarousel.swift /Users/jacksonsweet/Desktop/OPS\ APP/OPS/OPS/Views/Components/Project/ProjectDetailsView.swift /Users/jacksonsweet/Desktop/OPS\ APP/OPS/OPS/Views/Components/Project/ProjectHeader.swift /Users/jacksonsweet/Desktop/OPS\ APP/OPS/OPS/Views/Components/Project/ProjectSheetContainer.swift /Users/jacksonsweet/Desktop/OPS\ APP/OPS/OPS/Views/Components/User/TeamMemberListView.swift /Users/jacksonsweet/Desktop/OPS\ APP/OPS/OPS/Views/Components/User/UserProfileCard.swift /Users/jacksonsweet/Desktop/OPS\ APP/OPS/OPS/Views/Home/HomeContentView.swift /Users/jacksonsweet/Desktop/OPS\ APP/OPS/OPS/Views/Home/HomeView.swift /Users/jacksonsweet/Desktop/OPS\ APP/OPS/OPS/Views/Settings/OrganizationSettingsView.swift /Users/jacksonsweet/Desktop/OPS\ APP/OPS/OPS/Views/Settings/ProfileSettingsView.swift /Users/jacksonsweet/Desktop/OPS\ APP/OPS/OPS/Views/Settings/ProjectHistorySettingsView.swift /Users/jacksonsweet/Desktop/OPS\ APP/OPS/OPS/Views/LoginView.swift /Users/jacksonsweet/Desktop/OPS\ APP/OPS/OPS/Views/LoginViewPreview.swift /Users/jacksonsweet/Desktop/OPS\ APP/OPS/OPS/Views/MainTabView.swift /Users/jacksonsweet/Desktop/OPS\ APP/OPS/OPS/Views/NetworkStatusIndicator.swift /Users/jacksonsweet/Desktop/OPS\ APP/OPS/OPS/Views/ScheduleView.swift /Users/jacksonsweet/Desktop/OPS\ APP/OPS/OPS/Views/SettingsView.swift /Users/jacksonsweet/Desktop/OPS\ APP/OPS/OPS/Views/SplashScreen.swift /Users/jacksonsweet/Desktop/OPS\ APP/OPS/OPS/AppState.swift /Users/jacksonsweet/Desktop/OPS\ APP/OPS/OPS/ContentView.swift /Users/jacksonsweet/Desktop/OPS\ APP/OPS/OPS/Item.swift /Users/jacksonsweet/Desktop/OPS\ APP/OPS/OPS/OPSApp.swift /Users/jacksonsweet/Library/Developer/Xcode/DerivedData/OPS-czavgtmnvamasvcjgszzuulfcsxj/Build/Intermediates.noindex/OPS.build/Debug-iphonesimulator/OPS.build/DerivedSources/GeneratedAssetSymbols.swift -supplementary-output-file-map /Users/jacksonsweet/Library/Developer/Xcode/DerivedData/OPS-czavgtmnvamasvcjgszzuulfcsxj/Build/Intermediates.noindex/OPS.build/Debug-iphonesimulator/OPS.build/Objects-normal/arm64/supplementaryOutputs-2 -emit-localized-strings -emit-localized-strings-path /Users/jacksonsweet/Library/Developer/Xcode/DerivedData/OPS-czavgtmnvamasvcjgszzuulfcsxj/Build/Intermediates.noindex/OPS.build/Debug-iphonesimulator/OPS.build/Objects-normal/arm64 -target arm64-apple-ios18.2-simulator -Xllvm -aarch64-use-tbi -enable-objc-interop -sdk /Applications/Xcode.app/Contents/Developer/Platforms/iPhoneSimulator.platform/Developer/SDKs/iPhoneSimulator18.2.sdk -I /Users/jacksonsweet/Library/Developer/Xcode/DerivedData/OPS-czavgtmnvamasvcjgszzuulfcsxj/Build/Products/Debug-iphonesimulator -F /Users/jacksonsweet/Library/Developer/Xcode/DerivedData/OPS-czavgtmnvamasvcjgszzuulfcsxj/Build/Products/Debug-iphonesimulator -no-color-diagnostics -enable-testing -g -debug-info-format\=dwarf -dwarf-version\=5 -module-cache-path /Users/jacksonsweet/Library/Developer/Xcode/DerivedData/ModuleCache.noindex -profile-generate -profile-coverage-mapping -swift-version 5 -enforce-exclusivity\=checked -Onone -D DEBUG -serialize-debugging-options -const-gather-protocols-file /Users/jacksonsweet/Library/Developer/Xcode/DerivedData/OPS-czavgtmnvamasvcjgszzuulfcsxj/Build/Intermediates.noindex/OPS.build/Debug-iphonesimulator/OPS.build/Objects-normal/arm64/OPS_const_extract_protocols.json -enable-experimental-feature DebugDescriptionMacro -enable-experimental-feature OpaqueTypeErasure -enable-bare-slash-regex -empty-abi-descriptor -validate-clang-modules-once -clang-build-session-file /Users/jacksonsweet/Library/Developer/Xcode/DerivedData/ModuleCache.noindex/Session.modulevalidation -Xcc -working-directory -Xcc /Users/jacksonsweet/Desktop/OPS\ APP/OPS -resource-dir /Applications/Xcode.app/Contents/Developer/Toolchains/XcodeDefault.xctoolchain/usr/lib/swift -enable-anonymous-context-mangled-names -file-compilation-dir /Users/jacksonsweet/Desktop/OPS\ APP/OPS -Xcc -D_LIBCPP_HARDENING_MODE\=_LIBCPP_HARDENING_MODE_DEBUG -Xcc -ivfsstatcache -Xcc /Users/jacksonsweet/Library/Developer/Xcode/DerivedData/SDKStatCaches.noindex/iphonesimulator18.2-22C146-07b28473f605e47e75261259d3ef3b5a.sdkstatcache -Xcc -I/Users/jacksonsweet/Library/Developer/Xcode/DerivedData/OPS-czavgtmnvamasvcjgszzuulfcsxj/Build/Intermediates.noindex/OPS.build/Debug-iphonesimulator/OPS.build/swift-overrides.hmap -Xcc -iquote -Xcc /Users/jacksonsweet/Library/Developer/Xcode/DerivedData/OPS-czavgtmnvamasvcjgszzuulfcsxj/Build/Intermediates.noindex/OPS.build/Debug-iphonesimulator/OPS.build/OPS-generated-files.hmap -Xcc -I/Users/jacksonsweet/Library/Developer/Xcode/DerivedData/OPS-czavgtmnvamasvcjgszzuulfcsxj/Build/Intermediates.noindex/OPS.build/Debug-iphonesimulator/OPS.build/OPS-own-target-headers.hmap -Xcc -I/Users/jacksonsweet/Library/Developer/Xcode/DerivedData/OPS-czavgtmnvamasvcjgszzuulfcsxj/Build/Intermediates.noindex/OPS.build/Debug-iphonesimulator/OPS.build/OPS-all-target-headers.hmap -Xcc -iquote -Xcc /Users/jacksonsweet/Library/Developer/Xcode/DerivedData/OPS-czavgtmnvamasvcjgszzuulfcsxj/Build/Intermediates.noindex/OPS.build/Debug-iphonesimulator/OPS.build/OPS-project-headers.hmap -Xcc -I/Users/jacksonsweet/Library/Developer/Xcode/DerivedData/OPS-czavgtmnvamasvcjgszzuulfcsxj/Build/Products/Debug-iphonesimulator/include -Xcc -I/Users/jacksonsweet/Library/Developer/Xcode/DerivedData/OPS-czavgtmnvamasvcjgszzuulfcsxj/Build/Intermediates.noindex/OPS.build/Debug-iphonesimulator/OPS.build/DerivedSources-normal/arm64 -Xcc -I/Users/jacksonsweet/Library/Developer/Xcode/DerivedData/OPS-czavgtmnvamasvcjgszzuulfcsxj/Build/Intermediates.noindex/OPS.build/Debug-iphonesimulator/OPS.build/DerivedSources/arm64 -Xcc -I/Users/jacksonsweet/Library/Developer/Xcode/DerivedData/OPS-czavgtmnvamasvcjgszzuulfcsxj/Build/Intermediates.noindex/OPS.build/Debug-iphonesimulator/OPS.build/DerivedSources -Xcc -DDEBUG\=1 -module-name OPS -frontend-parseable-output -disable-clang-spi -target-sdk-version 18.2 -target-sdk-name iphonesimulator18.2 -external-plugin-path /Applications/Xcode.app/Contents/Developer/Platforms/iPhoneOS.platform/Developer/usr/lib/swift/host/plugins\#/Applications/Xcode.app/Contents/Developer/Platforms/iPhoneOS.platform/Developer/usr/bin/swift-plugin-server -external-plugin-path /Applications/Xcode.app/Contents/Developer/Platforms/iPhoneOS.platform/Developer/usr/local/lib/swift/host/plugins\#/Applications/Xcode.app/Contents/Developer/Platforms/iPhoneOS.platform/Developer/usr/bin/swift-plugin-server -plugin-path /Applications/Xcode.app/Contents/Developer/Toolchains/XcodeDefault.xctoolchain/usr/lib/swift/host/plugins -plugin-path /Applications/Xcode.app/Contents/Developer/Toolchains/XcodeDefault.xctoolchain/usr/local/lib/swift/host/plugins -o /Users/jacksonsweet/Library/Developer/Xcode/DerivedData/OPS-czavgtmnvamasvcjgszzuulfcsxj/Build/Intermediates.noindex/OPS.build/Debug-iphonesimulator/OPS.build/Objects-normal/arm64/KeychainManager.o -o /Users/jacksonsweet/Library/Developer/Xcode/DerivedData/OPS-czavgtmnvamasvcjgszzuulfcsxj/Build/Intermediates.noindex/OPS.build/Debug-iphonesimulator/OPS.build/Objects-normal/arm64/CompanyDTO.o -o /Users/jacksonsweet/Library/Developer/Xcode/DerivedData/OPS-czavgtmnvamasvcjgszzuulfcsxj/Build/Intermediates.noindex/OPS.build/Debug-iphonesimulator/OPS.build/Objects-normal/arm64/ProjectDTO.o -o /Users/jacksonsweet/Library/Developer/Xcode/DerivedData/OPS-czavgtmnvamasvcjgszzuulfcsxj/Build/Intermediates.noindex/OPS.build/Debug-iphonesimulator/OPS.build/Objects-normal/arm64/UserDTO.o -o /Users/jacksonsweet/Library/Developer/Xcode/DerivedData/OPS-czavgtmnvamasvcjgszzuulfcsxj/Build/Intermediates.noindex/OPS.build/Debug-iphonesimulator/OPS.build/Objects-normal/arm64/CompanyEndpoints.o -o /Users/jacksonsweet/Library/Developer/Xcode/DerivedData/OPS-czavgtmnvamasvcjgszzuulfcsxj/Build/Intermediates.noindex/OPS.build/Debug-iphonesimulator/OPS.build/Objects-normal/arm64/ProjectEndpoints.o -o /Users/jacksonsweet/Library/Developer/Xcode/DerivedData/OPS-czavgtmnvamasvcjgszzuulfcsxj/Build/Intermediates.noindex/OPS.build/Debug-iphonesimulator/OPS.build/Objects-normal/arm64/UserEndpoints.o -o /Users/jacksonsweet/Library/Developer/Xcode/DerivedData/OPS-czavgtmnvamasvcjgszzuulfcsxj/Build/Intermediates.noindex/OPS.build/Debug-iphonesimulator/OPS.build/Objects-normal/arm64/BackgroundTaskManager.o -o /Users/jacksonsweet/Library/Developer/Xcode/DerivedData/OPS-czavgtmnvamasvcjgszzuulfcsxj/Build/Intermediates.noindex/OPS.build/Debug-iphonesimulator/OPS.build/Objects-normal/arm64/SyncManager.o -o /Users/jacksonsweet/Library/Developer/Xcode/DerivedData/OPS-czavgtmnvamasvcjgszzuulfcsxj/Build/Intermediates.noindex/OPS.build/Debug-iphonesimulator/OPS.build/Objects-normal/arm64/ConnectivityMonitor.o -o /Users/jacksonsweet/Library/Developer/Xcode/DerivedData/OPS-czavgtmnvamasvcjgszzuulfcsxj/Build/Intermediates.noindex/OPS.build/Debug-iphonesimulator/OPS.build/Objects-normal/arm64/ImageSyncManager.o -o /Users/jacksonsweet/Library/Developer/Xcode/DerivedData/OPS-czavgtmnvamasvcjgszzuulfcsxj/Build/Intermediates.noindex/OPS.build/Debug-iphonesimulator/OPS.build/Objects-normal/arm64/OnboardingCoordinator.o -o /Users/jacksonsweet/Library/Developer/Xcode/DerivedData/OPS-czavgtmnvamasvcjgszzuulfcsxj/Build/Intermediates.noindex/OPS.build/Debug-iphonesimulator/OPS.build/Objects-normal/arm64/OnboardingModels.o -index-unit-output-path /OPS.build/Debug-iphonesimulator/OPS.build/Objects-normal/arm64/KeychainManager.o -index-unit-output-path /OPS.build/Debug-iphonesimulator/OPS.build/Objects-normal/arm64/CompanyDTO.o -index-unit-output-path /OPS.build/Debug-iphonesimulator/OPS.build/Objects-normal/arm64/ProjectDTO.o -index-unit-output-path /OPS.build/Debug-iphonesimulator/OPS.build/Objects-normal/arm64/UserDTO.o -index-unit-output-path /OPS.build/Debug-iphonesimulator/OPS.build/Objects-normal/arm64/CompanyEndpoints.o -index-unit-output-path /OPS.build/Debug-iphonesimulator/OPS.build/Objects-normal/arm64/ProjectEndpoints.o -index-unit-output-path /OPS.build/Debug-iphonesimulator/OPS.build/Objects-normal/arm64/UserEndpoints.o -index-unit-output-path /OPS.build/Debug-iphonesimulator/OPS.build/Objects-normal/arm64/BackgroundTaskManager.o -index-unit-output-path /OPS.build/Debug-iphonesimulator/OPS.build/Objects-normal/arm64/SyncManager.o -index-unit-output-path /OPS.build/Debug-iphonesimulator/OPS.build/Objects-normal/arm64/ConnectivityMonitor.o -index-unit-output-path /OPS.build/Debug-iphonesimulator/OPS.build/Objects-normal/arm64/ImageSyncManager.o -index-unit-output-path /OPS.build/Debug-iphonesimulator/OPS.build/Objects-normal/arm64/OnboardingCoordinator.o -index-unit-output-path /OPS.build/Debug-iphonesimulator/OPS.build/Objects-normal/arm64/OnboardingModels.o -index-store-path /Users/jacksonsweet/Library/Developer/Xcode/DerivedData/OPS-czavgtmnvamasvcjgszzuulfcsxj/Index.noindex/DataStore -index-system-modules

SwiftCompile normal arm64 /Users/jacksonsweet/Desktop/OPS\ APP/OPS/OPS/Network/Endpoints/CompanyEndpoints.swift (in target 'OPS' from project 'OPS')
    cd /Users/jacksonsweet/Desktop/OPS\ APP/OPS
    /Applications/Xcode.app/Contents/Developer/Toolchains/XcodeDefault.xctoolchain/usr/bin/swift-frontend -c /Users/jacksonsweet/Desktop/OPS\ APP/OPS/OPS/DataModels/BubbleImage.swift /Users/jacksonsweet/Desktop/OPS\ APP/OPS/OPS/DataModels/BubbleTypes.swift /Users/jacksonsweet/Desktop/OPS\ APP/OPS/OPS/DataModels/Company.swift /Users/jacksonsweet/Desktop/OPS\ APP/OPS/OPS/DataModels/Project.swift /Users/jacksonsweet/Desktop/OPS\ APP/OPS/OPS/DataModels/Status.swift /Users/jacksonsweet/Desktop/OPS\ APP/OPS/OPS/DataModels/User.swift /Users/jacksonsweet/Desktop/OPS\ APP/OPS/OPS/DataModels/UserRole.swift /Users/jacksonsweet/Desktop/OPS\ APP/OPS/OPS/Extensions/UIImage+Extensions.swift /Users/jacksonsweet/Desktop/OPS\ APP/OPS/OPS/Network/API/APIError.swift /Users/jacksonsweet/Desktop/OPS\ APP/OPS/OPS/Network/API/APIService.swift /Users/jacksonsweet/Desktop/OPS\ APP/OPS/OPS/Network/API/BubbleFields.swift /Users/jacksonsweet/Desktop/OPS\ APP/OPS/OPS/Network/Auth/AuthError.swift /Users/jacksonsweet/Desktop/OPS\ APP/OPS/OPS/Network/Auth/AuthManager.swift -primary-file /Users/jacksonsweet/Desktop/OPS\ APP/OPS/OPS/Network/Auth/KeychainManager.swift -primary-file /Users/jacksonsweet/Desktop/OPS\ APP/OPS/OPS/Network/DTOs/CompanyDTO.swift -primary-file /Users/jacksonsweet/Desktop/OPS\ APP/OPS/OPS/Network/DTOs/ProjectDTO.swift -primary-file /Users/jacksonsweet/Desktop/OPS\ APP/OPS/OPS/Network/DTOs/UserDTO.swift -primary-file /Users/jacksonsweet/Desktop/OPS\ APP/OPS/OPS/Network/Endpoints/CompanyEndpoints.swift -primary-file /Users/jacksonsweet/Desktop/OPS\ APP/OPS/OPS/Network/Endpoints/ProjectEndpoints.swift -primary-file /Users/jacksonsweet/Desktop/OPS\ APP/OPS/OPS/Network/Endpoints/UserEndpoints.swift -primary-file /Users/jacksonsweet/Desktop/OPS\ APP/OPS/OPS/Network/Sync/BackgroundTaskManager.swift -primary-file /Users/jacksonsweet/Desktop/OPS\ APP/OPS/OPS/Network/Sync/SyncManager.swift -primary-file /Users/jacksonsweet/Desktop/OPS\ APP/OPS/OPS/Network/ConnectivityMonitor.swift -primary-file /Users/jacksonsweet/Desktop/OPS\ APP/OPS/OPS/Network/ImageSyncManager.swift -primary-file /Users/jacksonsweet/Desktop/OPS\ APP/OPS/OPS/Onboarding/Coordinators/OnboardingCoordinator.swift -primary-file /Users/jacksonsweet/Desktop/OPS\ APP/OPS/OPS/Onboarding/Models/OnboardingModels.swift /Users/jacksonsweet/Desktop/OPS\ APP/OPS/OPS/Onboarding/Services/OnboardingService.swift /Users/jacksonsweet/Desktop/OPS\ APP/OPS/OPS/Onboarding/ViewModels/OnboardingViewModel.swift /Users/jacksonsweet/Desktop/OPS\ APP/OPS/OPS/Onboarding/Views/Components/OnboardingComponents.swift /Users/jacksonsweet/Desktop/OPS\ APP/OPS/OPS/Onboarding/Views/Screens/AccountCreatedView.swift /Users/jacksonsweet/Desktop/OPS\ APP/OPS/OPS/Onboarding/Views/Screens/CompanyCodeView.swift /Users/jacksonsweet/Desktop/OPS\ APP/OPS/OPS/Onboarding/Views/Screens/CompanyCodeViewPreview.swift /Users/jacksonsweet/Desktop/OPS\ APP/OPS/OPS/Onboarding/Views/Screens/CompletionView.swift /Users/jacksonsweet/Desktop/OPS\ APP/OPS/OPS/Onboarding/Views/Screens/CompletionViewPreview.swift /Users/jacksonsweet/Desktop/OPS\ APP/OPS/OPS/Onboarding/Views/Screens/EmailView.swift /Users/jacksonsweet/Desktop/OPS\ APP/OPS/OPS/Onboarding/Views/Screens/FieldSetupView.swift /Users/jacksonsweet/Desktop/OPS\ APP/OPS/OPS/Onboarding/Views/Screens/NotificationsView.swift /Users/jacksonsweet/Desktop/OPS\ APP/OPS/OPS/Onboarding/Views/Screens/NotificationsViewPreview.swift /Users/jacksonsweet/Desktop/OPS\ APP/OPS/OPS/Onboarding/Views/Screens/OrganizationJoinView.swift /Users/jacksonsweet/Desktop/OPS\ APP/OPS/OPS/Onboarding/Views/Screens/PasswordView.swift /Users/jacksonsweet/Desktop/OPS\ APP/OPS/OPS/Onboarding/Views/Screens/PasswordViewPreview.swift /Users/jacksonsweet/Desktop/OPS\ APP/OPS/OPS/Onboarding/Views/Screens/PermissionsView.swift /Users/jacksonsweet/Desktop/OPS\ APP/OPS/OPS/Onboarding/Views/Screens/PermissionsViewPreview.swift /Users/jacksonsweet/Desktop/OPS\ APP/OPS/OPS/Onboarding/Views/Screens/PhoneNumberView.swift /Users/jacksonsweet/Desktop/OPS\ APP/OPS/OPS/Onboarding/Views/Screens/PhoneNumberViewPreview.swift /Users/jacksonsweet/Desktop/OPS\ APP/OPS/OPS/Onboarding/Views/Screens/UserInfoView.swift /Users/jacksonsweet/Desktop/OPS\ APP/OPS/OPS/Onboarding/Views/Screens/UserInfoViewPreview.swift /Users/jacksonsweet/Desktop/OPS\ APP/OPS/OPS/Onboarding/Views/Screens/VerifyPhoneView.swift /Users/jacksonsweet/Desktop/OPS\ APP/OPS/OPS/Onboarding/Views/Screens/WelcomeCompanyView.swift /Users/jacksonsweet/Desktop/OPS\ APP/OPS/OPS/Onboarding/Views/Screens/WelcomeCompanyViewPreview.swift /Users/jacksonsweet/Desktop/OPS\ APP/OPS/OPS/Onboarding/Views/Screens/WelcomeView.swift /Users/jacksonsweet/Desktop/OPS\ APP/OPS/OPS/Onboarding/Views/Screens/WelcomeViewPreview.swift /Users/jacksonsweet/Desktop/OPS\ APP/OPS/OPS/Onboarding/Views/OnboardingContainerView.swift /Users/jacksonsweet/Desktop/OPS\ APP/OPS/OPS/Onboarding/Views/OnboardingFlowPreview.swift /Users/jacksonsweet/Desktop/OPS\ APP/OPS/OPS/Onboarding/Views/OnboardingPresenter.swift /Users/jacksonsweet/Desktop/OPS\ APP/OPS/OPS/Onboarding/Views/OnboardingPreviewHelpers.swift /Users/jacksonsweet/Desktop/OPS\ APP/OPS/OPS/Styles/OPSStyle.swift /Users/jacksonsweet/Desktop/OPS\ APP/OPS/OPS/Utilities/AppConfiguration.swift /Users/jacksonsweet/Desktop/OPS\ APP/OPS/OPS/Utilities/ArrayTransformer.swift /Users/jacksonsweet/Desktop/OPS\ APP/OPS/OPS/Utilities/DataController.swift /Users/jacksonsweet/Desktop/OPS\ APP/OPS/OPS/Utilities/Dateformatter\ +Bubble.swift /Users/jacksonsweet/Desktop/OPS\ APP/OPS/OPS/Utilities/DateHelper.swift /Users/jacksonsweet/Desktop/OPS\ APP/OPS/OPS/Utilities/FieldErrorHandler.swift /Users/jacksonsweet/Desktop/OPS\ APP/OPS/OPS/Utilities/ImageCache.swift /Users/jacksonsweet/Desktop/OPS\ APP/OPS/OPS/Utilities/ImageFileManager.swift /Users/jacksonsweet/Desktop/OPS\ APP/OPS/OPS/Utilities/InProgressManager.swift /Users/jacksonsweet/Desktop/OPS\ APP/OPS/OPS/Utilities/KeyboardDismissalModifier.swift /Users/jacksonsweet/Desktop/OPS\ APP/OPS/OPS/Utilities/LocationManager.swift /Users/jacksonsweet/Desktop/OPS\ APP/OPS/OPS/Utilities/OnboardingEnvironmentKey.swift /Users/jacksonsweet/Desktop/OPS\ APP/OPS/OPS/Utilities/SwiftDataHelper.swift /Users/jacksonsweet/Desktop/OPS\ APP/OPS/OPS/Utilities/UIComponents.swift /Users/jacksonsweet/Desktop/OPS\ APP/OPS/OPS/V2/CertificationsSettingsView.swift /Users/jacksonsweet/Desktop/OPS\ APP/OPS/OPS/ViewModels/CalendarViewModel.swift /Users/jacksonsweet/Desktop/OPS\ APP/OPS/OPS/ViewModels/ProjectsViewModel.swift /Users/jacksonsweet/Desktop/OPS\ APP/OPS/OPS/Views/Calendar\ Tab/Components/CalendarDaySelector.swift /Users/jacksonsweet/Desktop/OPS\ APP/OPS/OPS/Views/Calendar\ Tab/Components/CalendarHeaderView.swift /Users/jacksonsweet/Desktop/OPS\ APP/OPS/OPS/Views/Calendar\ Tab/Components/CalendarProjectCard.swift /Users/jacksonsweet/Desktop/OPS\ APP/OPS/OPS/Views/Calendar\ Tab/Components/CalendarToggleView.swift /Users/jacksonsweet/Desktop/OPS\ APP/OPS/OPS/Views/Calendar\ Tab/Components/DatePickerPopover.swift /Users/jacksonsweet/Desktop/OPS\ APP/OPS/OPS/Views/Calendar\ Tab/Components/DayCell.swift /Users/jacksonsweet/Desktop/OPS\ APP/OPS/OPS/Views/Calendar\ Tab/ProjectViews/DayProjectSheet.swift /Users/jacksonsweet/Desktop/OPS\ APP/OPS/OPS/Views/Calendar\ Tab/ProjectViews/ProjectListView.swift /Users/jacksonsweet/Desktop/OPS\ APP/OPS/OPS/Views/Calendar\ Tab/MonthGridView.swift /Users/jacksonsweet/Desktop/OPS\ APP/OPS/OPS/Views/Components/Common/AppHeader.swift /Users/jacksonsweet/Desktop/OPS\ APP/OPS/OPS/Views/Components/Common/ExpandableNotesView.swift /Users/jacksonsweet/Desktop/OPS\ APP/OPS/OPS/Views/Components/Common/LocationPermissionView.swift /Users/jacksonsweet/Desktop/OPS\ APP/OPS/OPS/Views/Components/Common/NavigationBanner.swift /Users/jacksonsweet/Desktop/OPS\ APP/OPS/OPS/Views/Components/Common/NavigationControlsView.swift /Users/jacksonsweet/Desktop/OPS\ APP/OPS/OPS/Views/Components/Common/TabBarBackground.swift /Users/jacksonsweet/Desktop/OPS\ APP/OPS/OPS/Views/Components/Images/ImagePicker.swift /Users/jacksonsweet/Desktop/OPS\ APP/OPS/OPS/Views/Components/Images/ImagePickerView.swift /Users/jacksonsweet/Desktop/OPS\ APP/OPS/OPS/Views/Components/Images/ProjectImagesSection.swift /Users/jacksonsweet/Desktop/OPS\ APP/OPS/OPS/Views/Components/Images/ProjectImagesSimple.swift /Users/jacksonsweet/Desktop/OPS\ APP/OPS/OPS/Views/Components/Images/ProjectImageView.swift /Users/jacksonsweet/Desktop/OPS\ APP/OPS/OPS/Views/Components/Images/ProjectPhotosGrid.swift /Users/jacksonsweet/Desktop/OPS\ APP/OPS/OPS/Views/Components/Map/MiniMapView.swift /Users/jacksonsweet/Desktop/OPS\ APP/OPS/OPS/Views/Components/Map/ProjectMapAnnotation.swift /Users/jacksonsweet/Desktop/OPS\ APP/OPS/OPS/Views/Components/Map/ProjectMapView.swift /Users/jacksonsweet/Desktop/OPS\ APP/OPS/OPS/Views/Components/Map/ProjectMarkerPopup.swift /Users/jacksonsweet/Desktop/OPS\ APP/OPS/OPS/Views/Components/Map/RouteDirectionsView.swift /Users/jacksonsweet/Desktop/OPS\ APP/OPS/OPS/Views/Components/Project/ProjectActionBar.swift /Users/jacksonsweet/Desktop/OPS\ APP/OPS/OPS/Views/Components/Project/ProjectCard.swift /Users/jacksonsweet/Desktop/OPS\ APP/OPS/OPS/Views/Components/Project/ProjectCarousel.swift /Users/jacksonsweet/Desktop/OPS\ APP/OPS/OPS/Views/Components/Project/ProjectDetailsView.swift /Users/jacksonsweet/Desktop/OPS\ APP/OPS/OPS/Views/Components/Project/ProjectHeader.swift /Users/jacksonsweet/Desktop/OPS\ APP/OPS/OPS/Views/Components/Project/ProjectSheetContainer.swift /Users/jacksonsweet/Desktop/OPS\ APP/OPS/OPS/Views/Components/User/TeamMemberListView.swift /Users/jacksonsweet/Desktop/OPS\ APP/OPS/OPS/Views/Components/User/UserProfileCard.swift /Users/jacksonsweet/Desktop/OPS\ APP/OPS/OPS/Views/Home/HomeContentView.swift /Users/jacksonsweet/Desktop/OPS\ APP/OPS/OPS/Views/Home/HomeView.swift /Users/jacksonsweet/Desktop/OPS\ APP/OPS/OPS/Views/Settings/OrganizationSettingsView.swift /Users/jacksonsweet/Desktop/OPS\ APP/OPS/OPS/Views/Settings/ProfileSettingsView.swift /Users/jacksonsweet/Desktop/OPS\ APP/OPS/OPS/Views/Settings/ProjectHistorySettingsView.swift /Users/jacksonsweet/Desktop/OPS\ APP/OPS/OPS/Views/LoginView.swift /Users/jacksonsweet/Desktop/OPS\ APP/OPS/OPS/Views/LoginViewPreview.swift /Users/jacksonsweet/Desktop/OPS\ APP/OPS/OPS/Views/MainTabView.swift /Users/jacksonsweet/Desktop/OPS\ APP/OPS/OPS/Views/NetworkStatusIndicator.swift /Users/jacksonsweet/Desktop/OPS\ APP/OPS/OPS/Views/ScheduleView.swift /Users/jacksonsweet/Desktop/OPS\ APP/OPS/OPS/Views/SettingsView.swift /Users/jacksonsweet/Desktop/OPS\ APP/OPS/OPS/Views/SplashScreen.swift /Users/jacksonsweet/Desktop/OPS\ APP/OPS/OPS/AppState.swift /Users/jacksonsweet/Desktop/OPS\ APP/OPS/OPS/ContentView.swift /Users/jacksonsweet/Desktop/OPS\ APP/OPS/OPS/Item.swift /Users/jacksonsweet/Desktop/OPS\ APP/OPS/OPS/OPSApp.swift /Users/jacksonsweet/Library/Developer/Xcode/DerivedData/OPS-czavgtmnvamasvcjgszzuulfcsxj/Build/Intermediates.noindex/OPS.build/Debug-iphonesimulator/OPS.build/DerivedSources/GeneratedAssetSymbols.swift -supplementary-output-file-map /Users/jacksonsweet/Library/Developer/Xcode/DerivedData/OPS-czavgtmnvamasvcjgszzuulfcsxj/Build/Intermediates.noindex/OPS.build/Debug-iphonesimulator/OPS.build/Objects-normal/arm64/supplementaryOutputs-2 -emit-localized-strings -emit-localized-strings-path /Users/jacksonsweet/Library/Developer/Xcode/DerivedData/OPS-czavgtmnvamasvcjgszzuulfcsxj/Build/Intermediates.noindex/OPS.build/Debug-iphonesimulator/OPS.build/Objects-normal/arm64 -target arm64-apple-ios18.2-simulator -Xllvm -aarch64-use-tbi -enable-objc-interop -sdk /Applications/Xcode.app/Contents/Developer/Platforms/iPhoneSimulator.platform/Developer/SDKs/iPhoneSimulator18.2.sdk -I /Users/jacksonsweet/Library/Developer/Xcode/DerivedData/OPS-czavgtmnvamasvcjgszzuulfcsxj/Build/Products/Debug-iphonesimulator -F /Users/jacksonsweet/Library/Developer/Xcode/DerivedData/OPS-czavgtmnvamasvcjgszzuulfcsxj/Build/Products/Debug-iphonesimulator -no-color-diagnostics -enable-testing -g -debug-info-format\=dwarf -dwarf-version\=5 -module-cache-path /Users/jacksonsweet/Library/Developer/Xcode/DerivedData/ModuleCache.noindex -profile-generate -profile-coverage-mapping -swift-version 5 -enforce-exclusivity\=checked -Onone -D DEBUG -serialize-debugging-options -const-gather-protocols-file /Users/jacksonsweet/Library/Developer/Xcode/DerivedData/OPS-czavgtmnvamasvcjgszzuulfcsxj/Build/Intermediates.noindex/OPS.build/Debug-iphonesimulator/OPS.build/Objects-normal/arm64/OPS_const_extract_protocols.json -enable-experimental-feature DebugDescriptionMacro -enable-experimental-feature OpaqueTypeErasure -enable-bare-slash-regex -empty-abi-descriptor -validate-clang-modules-once -clang-build-session-file /Users/jacksonsweet/Library/Developer/Xcode/DerivedData/ModuleCache.noindex/Session.modulevalidation -Xcc -working-directory -Xcc /Users/jacksonsweet/Desktop/OPS\ APP/OPS -resource-dir /Applications/Xcode.app/Contents/Developer/Toolchains/XcodeDefault.xctoolchain/usr/lib/swift -enable-anonymous-context-mangled-names -file-compilation-dir /Users/jacksonsweet/Desktop/OPS\ APP/OPS -Xcc -D_LIBCPP_HARDENING_MODE\=_LIBCPP_HARDENING_MODE_DEBUG -Xcc -ivfsstatcache -Xcc /Users/jacksonsweet/Library/Developer/Xcode/DerivedData/SDKStatCaches.noindex/iphonesimulator18.2-22C146-07b28473f605e47e75261259d3ef3b5a.sdkstatcache -Xcc -I/Users/jacksonsweet/Library/Developer/Xcode/DerivedData/OPS-czavgtmnvamasvcjgszzuulfcsxj/Build/Intermediates.noindex/OPS.build/Debug-iphonesimulator/OPS.build/swift-overrides.hmap -Xcc -iquote -Xcc /Users/jacksonsweet/Library/Developer/Xcode/DerivedData/OPS-czavgtmnvamasvcjgszzuulfcsxj/Build/Intermediates.noindex/OPS.build/Debug-iphonesimulator/OPS.build/OPS-generated-files.hmap -Xcc -I/Users/jacksonsweet/Library/Developer/Xcode/DerivedData/OPS-czavgtmnvamasvcjgszzuulfcsxj/Build/Intermediates.noindex/OPS.build/Debug-iphonesimulator/OPS.build/OPS-own-target-headers.hmap -Xcc -I/Users/jacksonsweet/Library/Developer/Xcode/DerivedData/OPS-czavgtmnvamasvcjgszzuulfcsxj/Build/Intermediates.noindex/OPS.build/Debug-iphonesimulator/OPS.build/OPS-all-target-headers.hmap -Xcc -iquote -Xcc /Users/jacksonsweet/Library/Developer/Xcode/DerivedData/OPS-czavgtmnvamasvcjgszzuulfcsxj/Build/Intermediates.noindex/OPS.build/Debug-iphonesimulator/OPS.build/OPS-project-headers.hmap -Xcc -I/Users/jacksonsweet/Library/Developer/Xcode/DerivedData/OPS-czavgtmnvamasvcjgszzuulfcsxj/Build/Products/Debug-iphonesimulator/include -Xcc -I/Users/jacksonsweet/Library/Developer/Xcode/DerivedData/OPS-czavgtmnvamasvcjgszzuulfcsxj/Build/Intermediates.noindex/OPS.build/Debug-iphonesimulator/OPS.build/DerivedSources-normal/arm64 -Xcc -I/Users/jacksonsweet/Library/Developer/Xcode/DerivedData/OPS-czavgtmnvamasvcjgszzuulfcsxj/Build/Intermediates.noindex/OPS.build/Debug-iphonesimulator/OPS.build/DerivedSources/arm64 -Xcc -I/Users/jacksonsweet/Library/Developer/Xcode/DerivedData/OPS-czavgtmnvamasvcjgszzuulfcsxj/Build/Intermediates.noindex/OPS.build/Debug-iphonesimulator/OPS.build/DerivedSources -Xcc -DDEBUG\=1 -module-name OPS -frontend-parseable-output -disable-clang-spi -target-sdk-version 18.2 -target-sdk-name iphonesimulator18.2 -external-plugin-path /Applications/Xcode.app/Contents/Developer/Platforms/iPhoneOS.platform/Developer/usr/lib/swift/host/plugins\#/Applications/Xcode.app/Contents/Developer/Platforms/iPhoneOS.platform/Developer/usr/bin/swift-plugin-server -external-plugin-path /Applications/Xcode.app/Contents/Developer/Platforms/iPhoneOS.platform/Developer/usr/local/lib/swift/host/plugins\#/Applications/Xcode.app/Contents/Developer/Platforms/iPhoneOS.platform/Developer/usr/bin/swift-plugin-server -plugin-path /Applications/Xcode.app/Contents/Developer/Toolchains/XcodeDefault.xctoolchain/usr/lib/swift/host/plugins -plugin-path /Applications/Xcode.app/Contents/Developer/Toolchains/XcodeDefault.xctoolchain/usr/local/lib/swift/host/plugins -o /Users/jacksonsweet/Library/Developer/Xcode/DerivedData/OPS-czavgtmnvamasvcjgszzuulfcsxj/Build/Intermediates.noindex/OPS.build/Debug-iphonesimulator/OPS.build/Objects-normal/arm64/KeychainManager.o -o /Users/jacksonsweet/Library/Developer/Xcode/DerivedData/OPS-czavgtmnvamasvcjgszzuulfcsxj/Build/Intermediates.noindex/OPS.build/Debug-iphonesimulator/OPS.build/Objects-normal/arm64/CompanyDTO.o -o /Users/jacksonsweet/Library/Developer/Xcode/DerivedData/OPS-czavgtmnvamasvcjgszzuulfcsxj/Build/Intermediates.noindex/OPS.build/Debug-iphonesimulator/OPS.build/Objects-normal/arm64/ProjectDTO.o -o /Users/jacksonsweet/Library/Developer/Xcode/DerivedData/OPS-czavgtmnvamasvcjgszzuulfcsxj/Build/Intermediates.noindex/OPS.build/Debug-iphonesimulator/OPS.build/Objects-normal/arm64/UserDTO.o -o /Users/jacksonsweet/Library/Developer/Xcode/DerivedData/OPS-czavgtmnvamasvcjgszzuulfcsxj/Build/Intermediates.noindex/OPS.build/Debug-iphonesimulator/OPS.build/Objects-normal/arm64/CompanyEndpoints.o -o /Users/jacksonsweet/Library/Developer/Xcode/DerivedData/OPS-czavgtmnvamasvcjgszzuulfcsxj/Build/Intermediates.noindex/OPS.build/Debug-iphonesimulator/OPS.build/Objects-normal/arm64/ProjectEndpoints.o -o /Users/jacksonsweet/Library/Developer/Xcode/DerivedData/OPS-czavgtmnvamasvcjgszzuulfcsxj/Build/Intermediates.noindex/OPS.build/Debug-iphonesimulator/OPS.build/Objects-normal/arm64/UserEndpoints.o -o /Users/jacksonsweet/Library/Developer/Xcode/DerivedData/OPS-czavgtmnvamasvcjgszzuulfcsxj/Build/Intermediates.noindex/OPS.build/Debug-iphonesimulator/OPS.build/Objects-normal/arm64/BackgroundTaskManager.o -o /Users/jacksonsweet/Library/Developer/Xcode/DerivedData/OPS-czavgtmnvamasvcjgszzuulfcsxj/Build/Intermediates.noindex/OPS.build/Debug-iphonesimulator/OPS.build/Objects-normal/arm64/SyncManager.o -o /Users/jacksonsweet/Library/Developer/Xcode/DerivedData/OPS-czavgtmnvamasvcjgszzuulfcsxj/Build/Intermediates.noindex/OPS.build/Debug-iphonesimulator/OPS.build/Objects-normal/arm64/ConnectivityMonitor.o -o /Users/jacksonsweet/Library/Developer/Xcode/DerivedData/OPS-czavgtmnvamasvcjgszzuulfcsxj/Build/Intermediates.noindex/OPS.build/Debug-iphonesimulator/OPS.build/Objects-normal/arm64/ImageSyncManager.o -o /Users/jacksonsweet/Library/Developer/Xcode/DerivedData/OPS-czavgtmnvamasvcjgszzuulfcsxj/Build/Intermediates.noindex/OPS.build/Debug-iphonesimulator/OPS.build/Objects-normal/arm64/OnboardingCoordinator.o -o /Users/jacksonsweet/Library/Developer/Xcode/DerivedData/OPS-czavgtmnvamasvcjgszzuulfcsxj/Build/Intermediates.noindex/OPS.build/Debug-iphonesimulator/OPS.build/Objects-normal/arm64/OnboardingModels.o -index-unit-output-path /OPS.build/Debug-iphonesimulator/OPS.build/Objects-normal/arm64/KeychainManager.o -index-unit-output-path /OPS.build/Debug-iphonesimulator/OPS.build/Objects-normal/arm64/CompanyDTO.o -index-unit-output-path /OPS.build/Debug-iphonesimulator/OPS.build/Objects-normal/arm64/ProjectDTO.o -index-unit-output-path /OPS.build/Debug-iphonesimulator/OPS.build/Objects-normal/arm64/UserDTO.o -index-unit-output-path /OPS.build/Debug-iphonesimulator/OPS.build/Objects-normal/arm64/CompanyEndpoints.o -index-unit-output-path /OPS.build/Debug-iphonesimulator/OPS.build/Objects-normal/arm64/ProjectEndpoints.o -index-unit-output-path /OPS.build/Debug-iphonesimulator/OPS.build/Objects-normal/arm64/UserEndpoints.o -index-unit-output-path /OPS.build/Debug-iphonesimulator/OPS.build/Objects-normal/arm64/BackgroundTaskManager.o -index-unit-output-path /OPS.build/Debug-iphonesimulator/OPS.build/Objects-normal/arm64/SyncManager.o -index-unit-output-path /OPS.build/Debug-iphonesimulator/OPS.build/Objects-normal/arm64/ConnectivityMonitor.o -index-unit-output-path /OPS.build/Debug-iphonesimulator/OPS.build/Objects-normal/arm64/ImageSyncManager.o -index-unit-output-path /OPS.build/Debug-iphonesimulator/OPS.build/Objects-normal/arm64/OnboardingCoordinator.o -index-unit-output-path /OPS.build/Debug-iphonesimulator/OPS.build/Objects-normal/arm64/OnboardingModels.o -index-store-path /Users/jacksonsweet/Library/Developer/Xcode/DerivedData/OPS-czavgtmnvamasvcjgszzuulfcsxj/Index.noindex/DataStore -index-system-modules

SwiftCompile normal arm64 /Users/jacksonsweet/Desktop/OPS\ APP/OPS/OPS/Network/Endpoints/ProjectEndpoints.swift (in target 'OPS' from project 'OPS')
    cd /Users/jacksonsweet/Desktop/OPS\ APP/OPS
    /Applications/Xcode.app/Contents/Developer/Toolchains/XcodeDefault.xctoolchain/usr/bin/swift-frontend -c /Users/jacksonsweet/Desktop/OPS\ APP/OPS/OPS/DataModels/BubbleImage.swift /Users/jacksonsweet/Desktop/OPS\ APP/OPS/OPS/DataModels/BubbleTypes.swift /Users/jacksonsweet/Desktop/OPS\ APP/OPS/OPS/DataModels/Company.swift /Users/jacksonsweet/Desktop/OPS\ APP/OPS/OPS/DataModels/Project.swift /Users/jacksonsweet/Desktop/OPS\ APP/OPS/OPS/DataModels/Status.swift /Users/jacksonsweet/Desktop/OPS\ APP/OPS/OPS/DataModels/User.swift /Users/jacksonsweet/Desktop/OPS\ APP/OPS/OPS/DataModels/UserRole.swift /Users/jacksonsweet/Desktop/OPS\ APP/OPS/OPS/Extensions/UIImage+Extensions.swift /Users/jacksonsweet/Desktop/OPS\ APP/OPS/OPS/Network/API/APIError.swift /Users/jacksonsweet/Desktop/OPS\ APP/OPS/OPS/Network/API/APIService.swift /Users/jacksonsweet/Desktop/OPS\ APP/OPS/OPS/Network/API/BubbleFields.swift /Users/jacksonsweet/Desktop/OPS\ APP/OPS/OPS/Network/Auth/AuthError.swift /Users/jacksonsweet/Desktop/OPS\ APP/OPS/OPS/Network/Auth/AuthManager.swift -primary-file /Users/jacksonsweet/Desktop/OPS\ APP/OPS/OPS/Network/Auth/KeychainManager.swift -primary-file /Users/jacksonsweet/Desktop/OPS\ APP/OPS/OPS/Network/DTOs/CompanyDTO.swift -primary-file /Users/jacksonsweet/Desktop/OPS\ APP/OPS/OPS/Network/DTOs/ProjectDTO.swift -primary-file /Users/jacksonsweet/Desktop/OPS\ APP/OPS/OPS/Network/DTOs/UserDTO.swift -primary-file /Users/jacksonsweet/Desktop/OPS\ APP/OPS/OPS/Network/Endpoints/CompanyEndpoints.swift -primary-file /Users/jacksonsweet/Desktop/OPS\ APP/OPS/OPS/Network/Endpoints/ProjectEndpoints.swift -primary-file /Users/jacksonsweet/Desktop/OPS\ APP/OPS/OPS/Network/Endpoints/UserEndpoints.swift -primary-file /Users/jacksonsweet/Desktop/OPS\ APP/OPS/OPS/Network/Sync/BackgroundTaskManager.swift -primary-file /Users/jacksonsweet/Desktop/OPS\ APP/OPS/OPS/Network/Sync/SyncManager.swift -primary-file /Users/jacksonsweet/Desktop/OPS\ APP/OPS/OPS/Network/ConnectivityMonitor.swift -primary-file /Users/jacksonsweet/Desktop/OPS\ APP/OPS/OPS/Network/ImageSyncManager.swift -primary-file /Users/jacksonsweet/Desktop/OPS\ APP/OPS/OPS/Onboarding/Coordinators/OnboardingCoordinator.swift -primary-file /Users/jacksonsweet/Desktop/OPS\ APP/OPS/OPS/Onboarding/Models/OnboardingModels.swift /Users/jacksonsweet/Desktop/OPS\ APP/OPS/OPS/Onboarding/Services/OnboardingService.swift /Users/jacksonsweet/Desktop/OPS\ APP/OPS/OPS/Onboarding/ViewModels/OnboardingViewModel.swift /Users/jacksonsweet/Desktop/OPS\ APP/OPS/OPS/Onboarding/Views/Components/OnboardingComponents.swift /Users/jacksonsweet/Desktop/OPS\ APP/OPS/OPS/Onboarding/Views/Screens/AccountCreatedView.swift /Users/jacksonsweet/Desktop/OPS\ APP/OPS/OPS/Onboarding/Views/Screens/CompanyCodeView.swift /Users/jacksonsweet/Desktop/OPS\ APP/OPS/OPS/Onboarding/Views/Screens/CompanyCodeViewPreview.swift /Users/jacksonsweet/Desktop/OPS\ APP/OPS/OPS/Onboarding/Views/Screens/CompletionView.swift /Users/jacksonsweet/Desktop/OPS\ APP/OPS/OPS/Onboarding/Views/Screens/CompletionViewPreview.swift /Users/jacksonsweet/Desktop/OPS\ APP/OPS/OPS/Onboarding/Views/Screens/EmailView.swift /Users/jacksonsweet/Desktop/OPS\ APP/OPS/OPS/Onboarding/Views/Screens/FieldSetupView.swift /Users/jacksonsweet/Desktop/OPS\ APP/OPS/OPS/Onboarding/Views/Screens/NotificationsView.swift /Users/jacksonsweet/Desktop/OPS\ APP/OPS/OPS/Onboarding/Views/Screens/NotificationsViewPreview.swift /Users/jacksonsweet/Desktop/OPS\ APP/OPS/OPS/Onboarding/Views/Screens/OrganizationJoinView.swift /Users/jacksonsweet/Desktop/OPS\ APP/OPS/OPS/Onboarding/Views/Screens/PasswordView.swift /Users/jacksonsweet/Desktop/OPS\ APP/OPS/OPS/Onboarding/Views/Screens/PasswordViewPreview.swift /Users/jacksonsweet/Desktop/OPS\ APP/OPS/OPS/Onboarding/Views/Screens/PermissionsView.swift /Users/jacksonsweet/Desktop/OPS\ APP/OPS/OPS/Onboarding/Views/Screens/PermissionsViewPreview.swift /Users/jacksonsweet/Desktop/OPS\ APP/OPS/OPS/Onboarding/Views/Screens/PhoneNumberView.swift /Users/jacksonsweet/Desktop/OPS\ APP/OPS/OPS/Onboarding/Views/Screens/PhoneNumberViewPreview.swift /Users/jacksonsweet/Desktop/OPS\ APP/OPS/OPS/Onboarding/Views/Screens/UserInfoView.swift /Users/jacksonsweet/Desktop/OPS\ APP/OPS/OPS/Onboarding/Views/Screens/UserInfoViewPreview.swift /Users/jacksonsweet/Desktop/OPS\ APP/OPS/OPS/Onboarding/Views/Screens/VerifyPhoneView.swift /Users/jacksonsweet/Desktop/OPS\ APP/OPS/OPS/Onboarding/Views/Screens/WelcomeCompanyView.swift /Users/jacksonsweet/Desktop/OPS\ APP/OPS/OPS/Onboarding/Views/Screens/WelcomeCompanyViewPreview.swift /Users/jacksonsweet/Desktop/OPS\ APP/OPS/OPS/Onboarding/Views/Screens/WelcomeView.swift /Users/jacksonsweet/Desktop/OPS\ APP/OPS/OPS/Onboarding/Views/Screens/WelcomeViewPreview.swift /Users/jacksonsweet/Desktop/OPS\ APP/OPS/OPS/Onboarding/Views/OnboardingContainerView.swift /Users/jacksonsweet/Desktop/OPS\ APP/OPS/OPS/Onboarding/Views/OnboardingFlowPreview.swift /Users/jacksonsweet/Desktop/OPS\ APP/OPS/OPS/Onboarding/Views/OnboardingPresenter.swift /Users/jacksonsweet/Desktop/OPS\ APP/OPS/OPS/Onboarding/Views/OnboardingPreviewHelpers.swift /Users/jacksonsweet/Desktop/OPS\ APP/OPS/OPS/Styles/OPSStyle.swift /Users/jacksonsweet/Desktop/OPS\ APP/OPS/OPS/Utilities/AppConfiguration.swift /Users/jacksonsweet/Desktop/OPS\ APP/OPS/OPS/Utilities/ArrayTransformer.swift /Users/jacksonsweet/Desktop/OPS\ APP/OPS/OPS/Utilities/DataController.swift /Users/jacksonsweet/Desktop/OPS\ APP/OPS/OPS/Utilities/Dateformatter\ +Bubble.swift /Users/jacksonsweet/Desktop/OPS\ APP/OPS/OPS/Utilities/DateHelper.swift /Users/jacksonsweet/Desktop/OPS\ APP/OPS/OPS/Utilities/FieldErrorHandler.swift /Users/jacksonsweet/Desktop/OPS\ APP/OPS/OPS/Utilities/ImageCache.swift /Users/jacksonsweet/Desktop/OPS\ APP/OPS/OPS/Utilities/ImageFileManager.swift /Users/jacksonsweet/Desktop/OPS\ APP/OPS/OPS/Utilities/InProgressManager.swift /Users/jacksonsweet/Desktop/OPS\ APP/OPS/OPS/Utilities/KeyboardDismissalModifier.swift /Users/jacksonsweet/Desktop/OPS\ APP/OPS/OPS/Utilities/LocationManager.swift /Users/jacksonsweet/Desktop/OPS\ APP/OPS/OPS/Utilities/OnboardingEnvironmentKey.swift /Users/jacksonsweet/Desktop/OPS\ APP/OPS/OPS/Utilities/SwiftDataHelper.swift /Users/jacksonsweet/Desktop/OPS\ APP/OPS/OPS/Utilities/UIComponents.swift /Users/jacksonsweet/Desktop/OPS\ APP/OPS/OPS/V2/CertificationsSettingsView.swift /Users/jacksonsweet/Desktop/OPS\ APP/OPS/OPS/ViewModels/CalendarViewModel.swift /Users/jacksonsweet/Desktop/OPS\ APP/OPS/OPS/ViewModels/ProjectsViewModel.swift /Users/jacksonsweet/Desktop/OPS\ APP/OPS/OPS/Views/Calendar\ Tab/Components/CalendarDaySelector.swift /Users/jacksonsweet/Desktop/OPS\ APP/OPS/OPS/Views/Calendar\ Tab/Components/CalendarHeaderView.swift /Users/jacksonsweet/Desktop/OPS\ APP/OPS/OPS/Views/Calendar\ Tab/Components/CalendarProjectCard.swift /Users/jacksonsweet/Desktop/OPS\ APP/OPS/OPS/Views/Calendar\ Tab/Components/CalendarToggleView.swift /Users/jacksonsweet/Desktop/OPS\ APP/OPS/OPS/Views/Calendar\ Tab/Components/DatePickerPopover.swift /Users/jacksonsweet/Desktop/OPS\ APP/OPS/OPS/Views/Calendar\ Tab/Components/DayCell.swift /Users/jacksonsweet/Desktop/OPS\ APP/OPS/OPS/Views/Calendar\ Tab/ProjectViews/DayProjectSheet.swift /Users/jacksonsweet/Desktop/OPS\ APP/OPS/OPS/Views/Calendar\ Tab/ProjectViews/ProjectListView.swift /Users/jacksonsweet/Desktop/OPS\ APP/OPS/OPS/Views/Calendar\ Tab/MonthGridView.swift /Users/jacksonsweet/Desktop/OPS\ APP/OPS/OPS/Views/Components/Common/AppHeader.swift /Users/jacksonsweet/Desktop/OPS\ APP/OPS/OPS/Views/Components/Common/ExpandableNotesView.swift /Users/jacksonsweet/Desktop/OPS\ APP/OPS/OPS/Views/Components/Common/LocationPermissionView.swift /Users/jacksonsweet/Desktop/OPS\ APP/OPS/OPS/Views/Components/Common/NavigationBanner.swift /Users/jacksonsweet/Desktop/OPS\ APP/OPS/OPS/Views/Components/Common/NavigationControlsView.swift /Users/jacksonsweet/Desktop/OPS\ APP/OPS/OPS/Views/Components/Common/TabBarBackground.swift /Users/jacksonsweet/Desktop/OPS\ APP/OPS/OPS/Views/Components/Images/ImagePicker.swift /Users/jacksonsweet/Desktop/OPS\ APP/OPS/OPS/Views/Components/Images/ImagePickerView.swift /Users/jacksonsweet/Desktop/OPS\ APP/OPS/OPS/Views/Components/Images/ProjectImagesSection.swift /Users/jacksonsweet/Desktop/OPS\ APP/OPS/OPS/Views/Components/Images/ProjectImagesSimple.swift /Users/jacksonsweet/Desktop/OPS\ APP/OPS/OPS/Views/Components/Images/ProjectImageView.swift /Users/jacksonsweet/Desktop/OPS\ APP/OPS/OPS/Views/Components/Images/ProjectPhotosGrid.swift /Users/jacksonsweet/Desktop/OPS\ APP/OPS/OPS/Views/Components/Map/MiniMapView.swift /Users/jacksonsweet/Desktop/OPS\ APP/OPS/OPS/Views/Components/Map/ProjectMapAnnotation.swift /Users/jacksonsweet/Desktop/OPS\ APP/OPS/OPS/Views/Components/Map/ProjectMapView.swift /Users/jacksonsweet/Desktop/OPS\ APP/OPS/OPS/Views/Components/Map/ProjectMarkerPopup.swift /Users/jacksonsweet/Desktop/OPS\ APP/OPS/OPS/Views/Components/Map/RouteDirectionsView.swift /Users/jacksonsweet/Desktop/OPS\ APP/OPS/OPS/Views/Components/Project/ProjectActionBar.swift /Users/jacksonsweet/Desktop/OPS\ APP/OPS/OPS/Views/Components/Project/ProjectCard.swift /Users/jacksonsweet/Desktop/OPS\ APP/OPS/OPS/Views/Components/Project/ProjectCarousel.swift /Users/jacksonsweet/Desktop/OPS\ APP/OPS/OPS/Views/Components/Project/ProjectDetailsView.swift /Users/jacksonsweet/Desktop/OPS\ APP/OPS/OPS/Views/Components/Project/ProjectHeader.swift /Users/jacksonsweet/Desktop/OPS\ APP/OPS/OPS/Views/Components/Project/ProjectSheetContainer.swift /Users/jacksonsweet/Desktop/OPS\ APP/OPS/OPS/Views/Components/User/TeamMemberListView.swift /Users/jacksonsweet/Desktop/OPS\ APP/OPS/OPS/Views/Components/User/UserProfileCard.swift /Users/jacksonsweet/Desktop/OPS\ APP/OPS/OPS/Views/Home/HomeContentView.swift /Users/jacksonsweet/Desktop/OPS\ APP/OPS/OPS/Views/Home/HomeView.swift /Users/jacksonsweet/Desktop/OPS\ APP/OPS/OPS/Views/Settings/OrganizationSettingsView.swift /Users/jacksonsweet/Desktop/OPS\ APP/OPS/OPS/Views/Settings/ProfileSettingsView.swift /Users/jacksonsweet/Desktop/OPS\ APP/OPS/OPS/Views/Settings/ProjectHistorySettingsView.swift /Users/jacksonsweet/Desktop/OPS\ APP/OPS/OPS/Views/LoginView.swift /Users/jacksonsweet/Desktop/OPS\ APP/OPS/OPS/Views/LoginViewPreview.swift /Users/jacksonsweet/Desktop/OPS\ APP/OPS/OPS/Views/MainTabView.swift /Users/jacksonsweet/Desktop/OPS\ APP/OPS/OPS/Views/NetworkStatusIndicator.swift /Users/jacksonsweet/Desktop/OPS\ APP/OPS/OPS/Views/ScheduleView.swift /Users/jacksonsweet/Desktop/OPS\ APP/OPS/OPS/Views/SettingsView.swift /Users/jacksonsweet/Desktop/OPS\ APP/OPS/OPS/Views/SplashScreen.swift /Users/jacksonsweet/Desktop/OPS\ APP/OPS/OPS/AppState.swift /Users/jacksonsweet/Desktop/OPS\ APP/OPS/OPS/ContentView.swift /Users/jacksonsweet/Desktop/OPS\ APP/OPS/OPS/Item.swift /Users/jacksonsweet/Desktop/OPS\ APP/OPS/OPS/OPSApp.swift /Users/jacksonsweet/Library/Developer/Xcode/DerivedData/OPS-czavgtmnvamasvcjgszzuulfcsxj/Build/Intermediates.noindex/OPS.build/Debug-iphonesimulator/OPS.build/DerivedSources/GeneratedAssetSymbols.swift -supplementary-output-file-map /Users/jacksonsweet/Library/Developer/Xcode/DerivedData/OPS-czavgtmnvamasvcjgszzuulfcsxj/Build/Intermediates.noindex/OPS.build/Debug-iphonesimulator/OPS.build/Objects-normal/arm64/supplementaryOutputs-2 -emit-localized-strings -emit-localized-strings-path /Users/jacksonsweet/Library/Developer/Xcode/DerivedData/OPS-czavgtmnvamasvcjgszzuulfcsxj/Build/Intermediates.noindex/OPS.build/Debug-iphonesimulator/OPS.build/Objects-normal/arm64 -target arm64-apple-ios18.2-simulator -Xllvm -aarch64-use-tbi -enable-objc-interop -sdk /Applications/Xcode.app/Contents/Developer/Platforms/iPhoneSimulator.platform/Developer/SDKs/iPhoneSimulator18.2.sdk -I /Users/jacksonsweet/Library/Developer/Xcode/DerivedData/OPS-czavgtmnvamasvcjgszzuulfcsxj/Build/Products/Debug-iphonesimulator -F /Users/jacksonsweet/Library/Developer/Xcode/DerivedData/OPS-czavgtmnvamasvcjgszzuulfcsxj/Build/Products/Debug-iphonesimulator -no-color-diagnostics -enable-testing -g -debug-info-format\=dwarf -dwarf-version\=5 -module-cache-path /Users/jacksonsweet/Library/Developer/Xcode/DerivedData/ModuleCache.noindex -profile-generate -profile-coverage-mapping -swift-version 5 -enforce-exclusivity\=checked -Onone -D DEBUG -serialize-debugging-options -const-gather-protocols-file /Users/jacksonsweet/Library/Developer/Xcode/DerivedData/OPS-czavgtmnvamasvcjgszzuulfcsxj/Build/Intermediates.noindex/OPS.build/Debug-iphonesimulator/OPS.build/Objects-normal/arm64/OPS_const_extract_protocols.json -enable-experimental-feature DebugDescriptionMacro -enable-experimental-feature OpaqueTypeErasure -enable-bare-slash-regex -empty-abi-descriptor -validate-clang-modules-once -clang-build-session-file /Users/jacksonsweet/Library/Developer/Xcode/DerivedData/ModuleCache.noindex/Session.modulevalidation -Xcc -working-directory -Xcc /Users/jacksonsweet/Desktop/OPS\ APP/OPS -resource-dir /Applications/Xcode.app/Contents/Developer/Toolchains/XcodeDefault.xctoolchain/usr/lib/swift -enable-anonymous-context-mangled-names -file-compilation-dir /Users/jacksonsweet/Desktop/OPS\ APP/OPS -Xcc -D_LIBCPP_HARDENING_MODE\=_LIBCPP_HARDENING_MODE_DEBUG -Xcc -ivfsstatcache -Xcc /Users/jacksonsweet/Library/Developer/Xcode/DerivedData/SDKStatCaches.noindex/iphonesimulator18.2-22C146-07b28473f605e47e75261259d3ef3b5a.sdkstatcache -Xcc -I/Users/jacksonsweet/Library/Developer/Xcode/DerivedData/OPS-czavgtmnvamasvcjgszzuulfcsxj/Build/Intermediates.noindex/OPS.build/Debug-iphonesimulator/OPS.build/swift-overrides.hmap -Xcc -iquote -Xcc /Users/jacksonsweet/Library/Developer/Xcode/DerivedData/OPS-czavgtmnvamasvcjgszzuulfcsxj/Build/Intermediates.noindex/OPS.build/Debug-iphonesimulator/OPS.build/OPS-generated-files.hmap -Xcc -I/Users/jacksonsweet/Library/Developer/Xcode/DerivedData/OPS-czavgtmnvamasvcjgszzuulfcsxj/Build/Intermediates.noindex/OPS.build/Debug-iphonesimulator/OPS.build/OPS-own-target-headers.hmap -Xcc -I/Users/jacksonsweet/Library/Developer/Xcode/DerivedData/OPS-czavgtmnvamasvcjgszzuulfcsxj/Build/Intermediates.noindex/OPS.build/Debug-iphonesimulator/OPS.build/OPS-all-target-headers.hmap -Xcc -iquote -Xcc /Users/jacksonsweet/Library/Developer/Xcode/DerivedData/OPS-czavgtmnvamasvcjgszzuulfcsxj/Build/Intermediates.noindex/OPS.build/Debug-iphonesimulator/OPS.build/OPS-project-headers.hmap -Xcc -I/Users/jacksonsweet/Library/Developer/Xcode/DerivedData/OPS-czavgtmnvamasvcjgszzuulfcsxj/Build/Products/Debug-iphonesimulator/include -Xcc -I/Users/jacksonsweet/Library/Developer/Xcode/DerivedData/OPS-czavgtmnvamasvcjgszzuulfcsxj/Build/Intermediates.noindex/OPS.build/Debug-iphonesimulator/OPS.build/DerivedSources-normal/arm64 -Xcc -I/Users/jacksonsweet/Library/Developer/Xcode/DerivedData/OPS-czavgtmnvamasvcjgszzuulfcsxj/Build/Intermediates.noindex/OPS.build/Debug-iphonesimulator/OPS.build/DerivedSources/arm64 -Xcc -I/Users/jacksonsweet/Library/Developer/Xcode/DerivedData/OPS-czavgtmnvamasvcjgszzuulfcsxj/Build/Intermediates.noindex/OPS.build/Debug-iphonesimulator/OPS.build/DerivedSources -Xcc -DDEBUG\=1 -module-name OPS -frontend-parseable-output -disable-clang-spi -target-sdk-version 18.2 -target-sdk-name iphonesimulator18.2 -external-plugin-path /Applications/Xcode.app/Contents/Developer/Platforms/iPhoneOS.platform/Developer/usr/lib/swift/host/plugins\#/Applications/Xcode.app/Contents/Developer/Platforms/iPhoneOS.platform/Developer/usr/bin/swift-plugin-server -external-plugin-path /Applications/Xcode.app/Contents/Developer/Platforms/iPhoneOS.platform/Developer/usr/local/lib/swift/host/plugins\#/Applications/Xcode.app/Contents/Developer/Platforms/iPhoneOS.platform/Developer/usr/bin/swift-plugin-server -plugin-path /Applications/Xcode.app/Contents/Developer/Toolchains/XcodeDefault.xctoolchain/usr/lib/swift/host/plugins -plugin-path /Applications/Xcode.app/Contents/Developer/Toolchains/XcodeDefault.xctoolchain/usr/local/lib/swift/host/plugins -o /Users/jacksonsweet/Library/Developer/Xcode/DerivedData/OPS-czavgtmnvamasvcjgszzuulfcsxj/Build/Intermediates.noindex/OPS.build/Debug-iphonesimulator/OPS.build/Objects-normal/arm64/KeychainManager.o -o /Users/jacksonsweet/Library/Developer/Xcode/DerivedData/OPS-czavgtmnvamasvcjgszzuulfcsxj/Build/Intermediates.noindex/OPS.build/Debug-iphonesimulator/OPS.build/Objects-normal/arm64/CompanyDTO.o -o /Users/jacksonsweet/Library/Developer/Xcode/DerivedData/OPS-czavgtmnvamasvcjgszzuulfcsxj/Build/Intermediates.noindex/OPS.build/Debug-iphonesimulator/OPS.build/Objects-normal/arm64/ProjectDTO.o -o /Users/jacksonsweet/Library/Developer/Xcode/DerivedData/OPS-czavgtmnvamasvcjgszzuulfcsxj/Build/Intermediates.noindex/OPS.build/Debug-iphonesimulator/OPS.build/Objects-normal/arm64/UserDTO.o -o /Users/jacksonsweet/Library/Developer/Xcode/DerivedData/OPS-czavgtmnvamasvcjgszzuulfcsxj/Build/Intermediates.noindex/OPS.build/Debug-iphonesimulator/OPS.build/Objects-normal/arm64/CompanyEndpoints.o -o /Users/jacksonsweet/Library/Developer/Xcode/DerivedData/OPS-czavgtmnvamasvcjgszzuulfcsxj/Build/Intermediates.noindex/OPS.build/Debug-iphonesimulator/OPS.build/Objects-normal/arm64/ProjectEndpoints.o -o /Users/jacksonsweet/Library/Developer/Xcode/DerivedData/OPS-czavgtmnvamasvcjgszzuulfcsxj/Build/Intermediates.noindex/OPS.build/Debug-iphonesimulator/OPS.build/Objects-normal/arm64/UserEndpoints.o -o /Users/jacksonsweet/Library/Developer/Xcode/DerivedData/OPS-czavgtmnvamasvcjgszzuulfcsxj/Build/Intermediates.noindex/OPS.build/Debug-iphonesimulator/OPS.build/Objects-normal/arm64/BackgroundTaskManager.o -o /Users/jacksonsweet/Library/Developer/Xcode/DerivedData/OPS-czavgtmnvamasvcjgszzuulfcsxj/Build/Intermediates.noindex/OPS.build/Debug-iphonesimulator/OPS.build/Objects-normal/arm64/SyncManager.o -o /Users/jacksonsweet/Library/Developer/Xcode/DerivedData/OPS-czavgtmnvamasvcjgszzuulfcsxj/Build/Intermediates.noindex/OPS.build/Debug-iphonesimulator/OPS.build/Objects-normal/arm64/ConnectivityMonitor.o -o /Users/jacksonsweet/Library/Developer/Xcode/DerivedData/OPS-czavgtmnvamasvcjgszzuulfcsxj/Build/Intermediates.noindex/OPS.build/Debug-iphonesimulator/OPS.build/Objects-normal/arm64/ImageSyncManager.o -o /Users/jacksonsweet/Library/Developer/Xcode/DerivedData/OPS-czavgtmnvamasvcjgszzuulfcsxj/Build/Intermediates.noindex/OPS.build/Debug-iphonesimulator/OPS.build/Objects-normal/arm64/OnboardingCoordinator.o -o /Users/jacksonsweet/Library/Developer/Xcode/DerivedData/OPS-czavgtmnvamasvcjgszzuulfcsxj/Build/Intermediates.noindex/OPS.build/Debug-iphonesimulator/OPS.build/Objects-normal/arm64/OnboardingModels.o -index-unit-output-path /OPS.build/Debug-iphonesimulator/OPS.build/Objects-normal/arm64/KeychainManager.o -index-unit-output-path /OPS.build/Debug-iphonesimulator/OPS.build/Objects-normal/arm64/CompanyDTO.o -index-unit-output-path /OPS.build/Debug-iphonesimulator/OPS.build/Objects-normal/arm64/ProjectDTO.o -index-unit-output-path /OPS.build/Debug-iphonesimulator/OPS.build/Objects-normal/arm64/UserDTO.o -index-unit-output-path /OPS.build/Debug-iphonesimulator/OPS.build/Objects-normal/arm64/CompanyEndpoints.o -index-unit-output-path /OPS.build/Debug-iphonesimulator/OPS.build/Objects-normal/arm64/ProjectEndpoints.o -index-unit-output-path /OPS.build/Debug-iphonesimulator/OPS.build/Objects-normal/arm64/UserEndpoints.o -index-unit-output-path /OPS.build/Debug-iphonesimulator/OPS.build/Objects-normal/arm64/BackgroundTaskManager.o -index-unit-output-path /OPS.build/Debug-iphonesimulator/OPS.build/Objects-normal/arm64/SyncManager.o -index-unit-output-path /OPS.build/Debug-iphonesimulator/OPS.build/Objects-normal/arm64/ConnectivityMonitor.o -index-unit-output-path /OPS.build/Debug-iphonesimulator/OPS.build/Objects-normal/arm64/ImageSyncManager.o -index-unit-output-path /OPS.build/Debug-iphonesimulator/OPS.build/Objects-normal/arm64/OnboardingCoordinator.o -index-unit-output-path /OPS.build/Debug-iphonesimulator/OPS.build/Objects-normal/arm64/OnboardingModels.o -index-store-path /Users/jacksonsweet/Library/Developer/Xcode/DerivedData/OPS-czavgtmnvamasvcjgszzuulfcsxj/Index.noindex/DataStore -index-system-modules

SwiftCompile normal arm64 /Users/jacksonsweet/Desktop/OPS\ APP/OPS/OPS/Network/Endpoints/UserEndpoints.swift (in target 'OPS' from project 'OPS')
    cd /Users/jacksonsweet/Desktop/OPS\ APP/OPS
    /Applications/Xcode.app/Contents/Developer/Toolchains/XcodeDefault.xctoolchain/usr/bin/swift-frontend -c /Users/jacksonsweet/Desktop/OPS\ APP/OPS/OPS/DataModels/BubbleImage.swift /Users/jacksonsweet/Desktop/OPS\ APP/OPS/OPS/DataModels/BubbleTypes.swift /Users/jacksonsweet/Desktop/OPS\ APP/OPS/OPS/DataModels/Company.swift /Users/jacksonsweet/Desktop/OPS\ APP/OPS/OPS/DataModels/Project.swift /Users/jacksonsweet/Desktop/OPS\ APP/OPS/OPS/DataModels/Status.swift /Users/jacksonsweet/Desktop/OPS\ APP/OPS/OPS/DataModels/User.swift /Users/jacksonsweet/Desktop/OPS\ APP/OPS/OPS/DataModels/UserRole.swift /Users/jacksonsweet/Desktop/OPS\ APP/OPS/OPS/Extensions/UIImage+Extensions.swift /Users/jacksonsweet/Desktop/OPS\ APP/OPS/OPS/Network/API/APIError.swift /Users/jacksonsweet/Desktop/OPS\ APP/OPS/OPS/Network/API/APIService.swift /Users/jacksonsweet/Desktop/OPS\ APP/OPS/OPS/Network/API/BubbleFields.swift /Users/jacksonsweet/Desktop/OPS\ APP/OPS/OPS/Network/Auth/AuthError.swift /Users/jacksonsweet/Desktop/OPS\ APP/OPS/OPS/Network/Auth/AuthManager.swift -primary-file /Users/jacksonsweet/Desktop/OPS\ APP/OPS/OPS/Network/Auth/KeychainManager.swift -primary-file /Users/jacksonsweet/Desktop/OPS\ APP/OPS/OPS/Network/DTOs/CompanyDTO.swift -primary-file /Users/jacksonsweet/Desktop/OPS\ APP/OPS/OPS/Network/DTOs/ProjectDTO.swift -primary-file /Users/jacksonsweet/Desktop/OPS\ APP/OPS/OPS/Network/DTOs/UserDTO.swift -primary-file /Users/jacksonsweet/Desktop/OPS\ APP/OPS/OPS/Network/Endpoints/CompanyEndpoints.swift -primary-file /Users/jacksonsweet/Desktop/OPS\ APP/OPS/OPS/Network/Endpoints/ProjectEndpoints.swift -primary-file /Users/jacksonsweet/Desktop/OPS\ APP/OPS/OPS/Network/Endpoints/UserEndpoints.swift -primary-file /Users/jacksonsweet/Desktop/OPS\ APP/OPS/OPS/Network/Sync/BackgroundTaskManager.swift -primary-file /Users/jacksonsweet/Desktop/OPS\ APP/OPS/OPS/Network/Sync/SyncManager.swift -primary-file /Users/jacksonsweet/Desktop/OPS\ APP/OPS/OPS/Network/ConnectivityMonitor.swift -primary-file /Users/jacksonsweet/Desktop/OPS\ APP/OPS/OPS/Network/ImageSyncManager.swift -primary-file /Users/jacksonsweet/Desktop/OPS\ APP/OPS/OPS/Onboarding/Coordinators/OnboardingCoordinator.swift -primary-file /Users/jacksonsweet/Desktop/OPS\ APP/OPS/OPS/Onboarding/Models/OnboardingModels.swift /Users/jacksonsweet/Desktop/OPS\ APP/OPS/OPS/Onboarding/Services/OnboardingService.swift /Users/jacksonsweet/Desktop/OPS\ APP/OPS/OPS/Onboarding/ViewModels/OnboardingViewModel.swift /Users/jacksonsweet/Desktop/OPS\ APP/OPS/OPS/Onboarding/Views/Components/OnboardingComponents.swift /Users/jacksonsweet/Desktop/OPS\ APP/OPS/OPS/Onboarding/Views/Screens/AccountCreatedView.swift /Users/jacksonsweet/Desktop/OPS\ APP/OPS/OPS/Onboarding/Views/Screens/CompanyCodeView.swift /Users/jacksonsweet/Desktop/OPS\ APP/OPS/OPS/Onboarding/Views/Screens/CompanyCodeViewPreview.swift /Users/jacksonsweet/Desktop/OPS\ APP/OPS/OPS/Onboarding/Views/Screens/CompletionView.swift /Users/jacksonsweet/Desktop/OPS\ APP/OPS/OPS/Onboarding/Views/Screens/CompletionViewPreview.swift /Users/jacksonsweet/Desktop/OPS\ APP/OPS/OPS/Onboarding/Views/Screens/EmailView.swift /Users/jacksonsweet/Desktop/OPS\ APP/OPS/OPS/Onboarding/Views/Screens/FieldSetupView.swift /Users/jacksonsweet/Desktop/OPS\ APP/OPS/OPS/Onboarding/Views/Screens/NotificationsView.swift /Users/jacksonsweet/Desktop/OPS\ APP/OPS/OPS/Onboarding/Views/Screens/NotificationsViewPreview.swift /Users/jacksonsweet/Desktop/OPS\ APP/OPS/OPS/Onboarding/Views/Screens/OrganizationJoinView.swift /Users/jacksonsweet/Desktop/OPS\ APP/OPS/OPS/Onboarding/Views/Screens/PasswordView.swift /Users/jacksonsweet/Desktop/OPS\ APP/OPS/OPS/Onboarding/Views/Screens/PasswordViewPreview.swift /Users/jacksonsweet/Desktop/OPS\ APP/OPS/OPS/Onboarding/Views/Screens/PermissionsView.swift /Users/jacksonsweet/Desktop/OPS\ APP/OPS/OPS/Onboarding/Views/Screens/PermissionsViewPreview.swift /Users/jacksonsweet/Desktop/OPS\ APP/OPS/OPS/Onboarding/Views/Screens/PhoneNumberView.swift /Users/jacksonsweet/Desktop/OPS\ APP/OPS/OPS/Onboarding/Views/Screens/PhoneNumberViewPreview.swift /Users/jacksonsweet/Desktop/OPS\ APP/OPS/OPS/Onboarding/Views/Screens/UserInfoView.swift /Users/jacksonsweet/Desktop/OPS\ APP/OPS/OPS/Onboarding/Views/Screens/UserInfoViewPreview.swift /Users/jacksonsweet/Desktop/OPS\ APP/OPS/OPS/Onboarding/Views/Screens/VerifyPhoneView.swift /Users/jacksonsweet/Desktop/OPS\ APP/OPS/OPS/Onboarding/Views/Screens/WelcomeCompanyView.swift /Users/jacksonsweet/Desktop/OPS\ APP/OPS/OPS/Onboarding/Views/Screens/WelcomeCompanyViewPreview.swift /Users/jacksonsweet/Desktop/OPS\ APP/OPS/OPS/Onboarding/Views/Screens/WelcomeView.swift /Users/jacksonsweet/Desktop/OPS\ APP/OPS/OPS/Onboarding/Views/Screens/WelcomeViewPreview.swift /Users/jacksonsweet/Desktop/OPS\ APP/OPS/OPS/Onboarding/Views/OnboardingContainerView.swift /Users/jacksonsweet/Desktop/OPS\ APP/OPS/OPS/Onboarding/Views/OnboardingFlowPreview.swift /Users/jacksonsweet/Desktop/OPS\ APP/OPS/OPS/Onboarding/Views/OnboardingPresenter.swift /Users/jacksonsweet/Desktop/OPS\ APP/OPS/OPS/Onboarding/Views/OnboardingPreviewHelpers.swift /Users/jacksonsweet/Desktop/OPS\ APP/OPS/OPS/Styles/OPSStyle.swift /Users/jacksonsweet/Desktop/OPS\ APP/OPS/OPS/Utilities/AppConfiguration.swift /Users/jacksonsweet/Desktop/OPS\ APP/OPS/OPS/Utilities/ArrayTransformer.swift /Users/jacksonsweet/Desktop/OPS\ APP/OPS/OPS/Utilities/DataController.swift /Users/jacksonsweet/Desktop/OPS\ APP/OPS/OPS/Utilities/Dateformatter\ +Bubble.swift /Users/jacksonsweet/Desktop/OPS\ APP/OPS/OPS/Utilities/DateHelper.swift /Users/jacksonsweet/Desktop/OPS\ APP/OPS/OPS/Utilities/FieldErrorHandler.swift /Users/jacksonsweet/Desktop/OPS\ APP/OPS/OPS/Utilities/ImageCache.swift /Users/jacksonsweet/Desktop/OPS\ APP/OPS/OPS/Utilities/ImageFileManager.swift /Users/jacksonsweet/Desktop/OPS\ APP/OPS/OPS/Utilities/InProgressManager.swift /Users/jacksonsweet/Desktop/OPS\ APP/OPS/OPS/Utilities/KeyboardDismissalModifier.swift /Users/jacksonsweet/Desktop/OPS\ APP/OPS/OPS/Utilities/LocationManager.swift /Users/jacksonsweet/Desktop/OPS\ APP/OPS/OPS/Utilities/OnboardingEnvironmentKey.swift /Users/jacksonsweet/Desktop/OPS\ APP/OPS/OPS/Utilities/SwiftDataHelper.swift /Users/jacksonsweet/Desktop/OPS\ APP/OPS/OPS/Utilities/UIComponents.swift /Users/jacksonsweet/Desktop/OPS\ APP/OPS/OPS/V2/CertificationsSettingsView.swift /Users/jacksonsweet/Desktop/OPS\ APP/OPS/OPS/ViewModels/CalendarViewModel.swift /Users/jacksonsweet/Desktop/OPS\ APP/OPS/OPS/ViewModels/ProjectsViewModel.swift /Users/jacksonsweet/Desktop/OPS\ APP/OPS/OPS/Views/Calendar\ Tab/Components/CalendarDaySelector.swift /Users/jacksonsweet/Desktop/OPS\ APP/OPS/OPS/Views/Calendar\ Tab/Components/CalendarHeaderView.swift /Users/jacksonsweet/Desktop/OPS\ APP/OPS/OPS/Views/Calendar\ Tab/Components/CalendarProjectCard.swift /Users/jacksonsweet/Desktop/OPS\ APP/OPS/OPS/Views/Calendar\ Tab/Components/CalendarToggleView.swift /Users/jacksonsweet/Desktop/OPS\ APP/OPS/OPS/Views/Calendar\ Tab/Components/DatePickerPopover.swift /Users/jacksonsweet/Desktop/OPS\ APP/OPS/OPS/Views/Calendar\ Tab/Components/DayCell.swift /Users/jacksonsweet/Desktop/OPS\ APP/OPS/OPS/Views/Calendar\ Tab/ProjectViews/DayProjectSheet.swift /Users/jacksonsweet/Desktop/OPS\ APP/OPS/OPS/Views/Calendar\ Tab/ProjectViews/ProjectListView.swift /Users/jacksonsweet/Desktop/OPS\ APP/OPS/OPS/Views/Calendar\ Tab/MonthGridView.swift /Users/jacksonsweet/Desktop/OPS\ APP/OPS/OPS/Views/Components/Common/AppHeader.swift /Users/jacksonsweet/Desktop/OPS\ APP/OPS/OPS/Views/Components/Common/ExpandableNotesView.swift /Users/jacksonsweet/Desktop/OPS\ APP/OPS/OPS/Views/Components/Common/LocationPermissionView.swift /Users/jacksonsweet/Desktop/OPS\ APP/OPS/OPS/Views/Components/Common/NavigationBanner.swift /Users/jacksonsweet/Desktop/OPS\ APP/OPS/OPS/Views/Components/Common/NavigationControlsView.swift /Users/jacksonsweet/Desktop/OPS\ APP/OPS/OPS/Views/Components/Common/TabBarBackground.swift /Users/jacksonsweet/Desktop/OPS\ APP/OPS/OPS/Views/Components/Images/ImagePicker.swift /Users/jacksonsweet/Desktop/OPS\ APP/OPS/OPS/Views/Components/Images/ImagePickerView.swift /Users/jacksonsweet/Desktop/OPS\ APP/OPS/OPS/Views/Components/Images/ProjectImagesSection.swift /Users/jacksonsweet/Desktop/OPS\ APP/OPS/OPS/Views/Components/Images/ProjectImagesSimple.swift /Users/jacksonsweet/Desktop/OPS\ APP/OPS/OPS/Views/Components/Images/ProjectImageView.swift /Users/jacksonsweet/Desktop/OPS\ APP/OPS/OPS/Views/Components/Images/ProjectPhotosGrid.swift /Users/jacksonsweet/Desktop/OPS\ APP/OPS/OPS/Views/Components/Map/MiniMapView.swift /Users/jacksonsweet/Desktop/OPS\ APP/OPS/OPS/Views/Components/Map/ProjectMapAnnotation.swift /Users/jacksonsweet/Desktop/OPS\ APP/OPS/OPS/Views/Components/Map/ProjectMapView.swift /Users/jacksonsweet/Desktop/OPS\ APP/OPS/OPS/Views/Components/Map/ProjectMarkerPopup.swift /Users/jacksonsweet/Desktop/OPS\ APP/OPS/OPS/Views/Components/Map/RouteDirectionsView.swift /Users/jacksonsweet/Desktop/OPS\ APP/OPS/OPS/Views/Components/Project/ProjectActionBar.swift /Users/jacksonsweet/Desktop/OPS\ APP/OPS/OPS/Views/Components/Project/ProjectCard.swift /Users/jacksonsweet/Desktop/OPS\ APP/OPS/OPS/Views/Components/Project/ProjectCarousel.swift /Users/jacksonsweet/Desktop/OPS\ APP/OPS/OPS/Views/Components/Project/ProjectDetailsView.swift /Users/jacksonsweet/Desktop/OPS\ APP/OPS/OPS/Views/Components/Project/ProjectHeader.swift /Users/jacksonsweet/Desktop/OPS\ APP/OPS/OPS/Views/Components/Project/ProjectSheetContainer.swift /Users/jacksonsweet/Desktop/OPS\ APP/OPS/OPS/Views/Components/User/TeamMemberListView.swift /Users/jacksonsweet/Desktop/OPS\ APP/OPS/OPS/Views/Components/User/UserProfileCard.swift /Users/jacksonsweet/Desktop/OPS\ APP/OPS/OPS/Views/Home/HomeContentView.swift /Users/jacksonsweet/Desktop/OPS\ APP/OPS/OPS/Views/Home/HomeView.swift /Users/jacksonsweet/Desktop/OPS\ APP/OPS/OPS/Views/Settings/OrganizationSettingsView.swift /Users/jacksonsweet/Desktop/OPS\ APP/OPS/OPS/Views/Settings/ProfileSettingsView.swift /Users/jacksonsweet/Desktop/OPS\ APP/OPS/OPS/Views/Settings/ProjectHistorySettingsView.swift /Users/jacksonsweet/Desktop/OPS\ APP/OPS/OPS/Views/LoginView.swift /Users/jacksonsweet/Desktop/OPS\ APP/OPS/OPS/Views/LoginViewPreview.swift /Users/jacksonsweet/Desktop/OPS\ APP/OPS/OPS/Views/MainTabView.swift /Users/jacksonsweet/Desktop/OPS\ APP/OPS/OPS/Views/NetworkStatusIndicator.swift /Users/jacksonsweet/Desktop/OPS\ APP/OPS/OPS/Views/ScheduleView.swift /Users/jacksonsweet/Desktop/OPS\ APP/OPS/OPS/Views/SettingsView.swift /Users/jacksonsweet/Desktop/OPS\ APP/OPS/OPS/Views/SplashScreen.swift /Users/jacksonsweet/Desktop/OPS\ APP/OPS/OPS/AppState.swift /Users/jacksonsweet/Desktop/OPS\ APP/OPS/OPS/ContentView.swift /Users/jacksonsweet/Desktop/OPS\ APP/OPS/OPS/Item.swift /Users/jacksonsweet/Desktop/OPS\ APP/OPS/OPS/OPSApp.swift /Users/jacksonsweet/Library/Developer/Xcode/DerivedData/OPS-czavgtmnvamasvcjgszzuulfcsxj/Build/Intermediates.noindex/OPS.build/Debug-iphonesimulator/OPS.build/DerivedSources/GeneratedAssetSymbols.swift -supplementary-output-file-map /Users/jacksonsweet/Library/Developer/Xcode/DerivedData/OPS-czavgtmnvamasvcjgszzuulfcsxj/Build/Intermediates.noindex/OPS.build/Debug-iphonesimulator/OPS.build/Objects-normal/arm64/supplementaryOutputs-2 -emit-localized-strings -emit-localized-strings-path /Users/jacksonsweet/Library/Developer/Xcode/DerivedData/OPS-czavgtmnvamasvcjgszzuulfcsxj/Build/Intermediates.noindex/OPS.build/Debug-iphonesimulator/OPS.build/Objects-normal/arm64 -target arm64-apple-ios18.2-simulator -Xllvm -aarch64-use-tbi -enable-objc-interop -sdk /Applications/Xcode.app/Contents/Developer/Platforms/iPhoneSimulator.platform/Developer/SDKs/iPhoneSimulator18.2.sdk -I /Users/jacksonsweet/Library/Developer/Xcode/DerivedData/OPS-czavgtmnvamasvcjgszzuulfcsxj/Build/Products/Debug-iphonesimulator -F /Users/jacksonsweet/Library/Developer/Xcode/DerivedData/OPS-czavgtmnvamasvcjgszzuulfcsxj/Build/Products/Debug-iphonesimulator -no-color-diagnostics -enable-testing -g -debug-info-format\=dwarf -dwarf-version\=5 -module-cache-path /Users/jacksonsweet/Library/Developer/Xcode/DerivedData/ModuleCache.noindex -profile-generate -profile-coverage-mapping -swift-version 5 -enforce-exclusivity\=checked -Onone -D DEBUG -serialize-debugging-options -const-gather-protocols-file /Users/jacksonsweet/Library/Developer/Xcode/DerivedData/OPS-czavgtmnvamasvcjgszzuulfcsxj/Build/Intermediates.noindex/OPS.build/Debug-iphonesimulator/OPS.build/Objects-normal/arm64/OPS_const_extract_protocols.json -enable-experimental-feature DebugDescriptionMacro -enable-experimental-feature OpaqueTypeErasure -enable-bare-slash-regex -empty-abi-descriptor -validate-clang-modules-once -clang-build-session-file /Users/jacksonsweet/Library/Developer/Xcode/DerivedData/ModuleCache.noindex/Session.modulevalidation -Xcc -working-directory -Xcc /Users/jacksonsweet/Desktop/OPS\ APP/OPS -resource-dir /Applications/Xcode.app/Contents/Developer/Toolchains/XcodeDefault.xctoolchain/usr/lib/swift -enable-anonymous-context-mangled-names -file-compilation-dir /Users/jacksonsweet/Desktop/OPS\ APP/OPS -Xcc -D_LIBCPP_HARDENING_MODE\=_LIBCPP_HARDENING_MODE_DEBUG -Xcc -ivfsstatcache -Xcc /Users/jacksonsweet/Library/Developer/Xcode/DerivedData/SDKStatCaches.noindex/iphonesimulator18.2-22C146-07b28473f605e47e75261259d3ef3b5a.sdkstatcache -Xcc -I/Users/jacksonsweet/Library/Developer/Xcode/DerivedData/OPS-czavgtmnvamasvcjgszzuulfcsxj/Build/Intermediates.noindex/OPS.build/Debug-iphonesimulator/OPS.build/swift-overrides.hmap -Xcc -iquote -Xcc /Users/jacksonsweet/Library/Developer/Xcode/DerivedData/OPS-czavgtmnvamasvcjgszzuulfcsxj/Build/Intermediates.noindex/OPS.build/Debug-iphonesimulator/OPS.build/OPS-generated-files.hmap -Xcc -I/Users/jacksonsweet/Library/Developer/Xcode/DerivedData/OPS-czavgtmnvamasvcjgszzuulfcsxj/Build/Intermediates.noindex/OPS.build/Debug-iphonesimulator/OPS.build/OPS-own-target-headers.hmap -Xcc -I/Users/jacksonsweet/Library/Developer/Xcode/DerivedData/OPS-czavgtmnvamasvcjgszzuulfcsxj/Build/Intermediates.noindex/OPS.build/Debug-iphonesimulator/OPS.build/OPS-all-target-headers.hmap -Xcc -iquote -Xcc /Users/jacksonsweet/Library/Developer/Xcode/DerivedData/OPS-czavgtmnvamasvcjgszzuulfcsxj/Build/Intermediates.noindex/OPS.build/Debug-iphonesimulator/OPS.build/OPS-project-headers.hmap -Xcc -I/Users/jacksonsweet/Library/Developer/Xcode/DerivedData/OPS-czavgtmnvamasvcjgszzuulfcsxj/Build/Products/Debug-iphonesimulator/include -Xcc -I/Users/jacksonsweet/Library/Developer/Xcode/DerivedData/OPS-czavgtmnvamasvcjgszzuulfcsxj/Build/Intermediates.noindex/OPS.build/Debug-iphonesimulator/OPS.build/DerivedSources-normal/arm64 -Xcc -I/Users/jacksonsweet/Library/Developer/Xcode/DerivedData/OPS-czavgtmnvamasvcjgszzuulfcsxj/Build/Intermediates.noindex/OPS.build/Debug-iphonesimulator/OPS.build/DerivedSources/arm64 -Xcc -I/Users/jacksonsweet/Library/Developer/Xcode/DerivedData/OPS-czavgtmnvamasvcjgszzuulfcsxj/Build/Intermediates.noindex/OPS.build/Debug-iphonesimulator/OPS.build/DerivedSources -Xcc -DDEBUG\=1 -module-name OPS -frontend-parseable-output -disable-clang-spi -target-sdk-version 18.2 -target-sdk-name iphonesimulator18.2 -external-plugin-path /Applications/Xcode.app/Contents/Developer/Platforms/iPhoneOS.platform/Developer/usr/lib/swift/host/plugins\#/Applications/Xcode.app/Contents/Developer/Platforms/iPhoneOS.platform/Developer/usr/bin/swift-plugin-server -external-plugin-path /Applications/Xcode.app/Contents/Developer/Platforms/iPhoneOS.platform/Developer/usr/local/lib/swift/host/plugins\#/Applications/Xcode.app/Contents/Developer/Platforms/iPhoneOS.platform/Developer/usr/bin/swift-plugin-server -plugin-path /Applications/Xcode.app/Contents/Developer/Toolchains/XcodeDefault.xctoolchain/usr/lib/swift/host/plugins -plugin-path /Applications/Xcode.app/Contents/Developer/Toolchains/XcodeDefault.xctoolchain/usr/local/lib/swift/host/plugins -o /Users/jacksonsweet/Library/Developer/Xcode/DerivedData/OPS-czavgtmnvamasvcjgszzuulfcsxj/Build/Intermediates.noindex/OPS.build/Debug-iphonesimulator/OPS.build/Objects-normal/arm64/KeychainManager.o -o /Users/jacksonsweet/Library/Developer/Xcode/DerivedData/OPS-czavgtmnvamasvcjgszzuulfcsxj/Build/Intermediates.noindex/OPS.build/Debug-iphonesimulator/OPS.build/Objects-normal/arm64/CompanyDTO.o -o /Users/jacksonsweet/Library/Developer/Xcode/DerivedData/OPS-czavgtmnvamasvcjgszzuulfcsxj/Build/Intermediates.noindex/OPS.build/Debug-iphonesimulator/OPS.build/Objects-normal/arm64/ProjectDTO.o -o /Users/jacksonsweet/Library/Developer/Xcode/DerivedData/OPS-czavgtmnvamasvcjgszzuulfcsxj/Build/Intermediates.noindex/OPS.build/Debug-iphonesimulator/OPS.build/Objects-normal/arm64/UserDTO.o -o /Users/jacksonsweet/Library/Developer/Xcode/DerivedData/OPS-czavgtmnvamasvcjgszzuulfcsxj/Build/Intermediates.noindex/OPS.build/Debug-iphonesimulator/OPS.build/Objects-normal/arm64/CompanyEndpoints.o -o /Users/jacksonsweet/Library/Developer/Xcode/DerivedData/OPS-czavgtmnvamasvcjgszzuulfcsxj/Build/Intermediates.noindex/OPS.build/Debug-iphonesimulator/OPS.build/Objects-normal/arm64/ProjectEndpoints.o -o /Users/jacksonsweet/Library/Developer/Xcode/DerivedData/OPS-czavgtmnvamasvcjgszzuulfcsxj/Build/Intermediates.noindex/OPS.build/Debug-iphonesimulator/OPS.build/Objects-normal/arm64/UserEndpoints.o -o /Users/jacksonsweet/Library/Developer/Xcode/DerivedData/OPS-czavgtmnvamasvcjgszzuulfcsxj/Build/Intermediates.noindex/OPS.build/Debug-iphonesimulator/OPS.build/Objects-normal/arm64/BackgroundTaskManager.o -o /Users/jacksonsweet/Library/Developer/Xcode/DerivedData/OPS-czavgtmnvamasvcjgszzuulfcsxj/Build/Intermediates.noindex/OPS.build/Debug-iphonesimulator/OPS.build/Objects-normal/arm64/SyncManager.o -o /Users/jacksonsweet/Library/Developer/Xcode/DerivedData/OPS-czavgtmnvamasvcjgszzuulfcsxj/Build/Intermediates.noindex/OPS.build/Debug-iphonesimulator/OPS.build/Objects-normal/arm64/ConnectivityMonitor.o -o /Users/jacksonsweet/Library/Developer/Xcode/DerivedData/OPS-czavgtmnvamasvcjgszzuulfcsxj/Build/Intermediates.noindex/OPS.build/Debug-iphonesimulator/OPS.build/Objects-normal/arm64/ImageSyncManager.o -o /Users/jacksonsweet/Library/Developer/Xcode/DerivedData/OPS-czavgtmnvamasvcjgszzuulfcsxj/Build/Intermediates.noindex/OPS.build/Debug-iphonesimulator/OPS.build/Objects-normal/arm64/OnboardingCoordinator.o -o /Users/jacksonsweet/Library/Developer/Xcode/DerivedData/OPS-czavgtmnvamasvcjgszzuulfcsxj/Build/Intermediates.noindex/OPS.build/Debug-iphonesimulator/OPS.build/Objects-normal/arm64/OnboardingModels.o -index-unit-output-path /OPS.build/Debug-iphonesimulator/OPS.build/Objects-normal/arm64/KeychainManager.o -index-unit-output-path /OPS.build/Debug-iphonesimulator/OPS.build/Objects-normal/arm64/CompanyDTO.o -index-unit-output-path /OPS.build/Debug-iphonesimulator/OPS.build/Objects-normal/arm64/ProjectDTO.o -index-unit-output-path /OPS.build/Debug-iphonesimulator/OPS.build/Objects-normal/arm64/UserDTO.o -index-unit-output-path /OPS.build/Debug-iphonesimulator/OPS.build/Objects-normal/arm64/CompanyEndpoints.o -index-unit-output-path /OPS.build/Debug-iphonesimulator/OPS.build/Objects-normal/arm64/ProjectEndpoints.o -index-unit-output-path /OPS.build/Debug-iphonesimulator/OPS.build/Objects-normal/arm64/UserEndpoints.o -index-unit-output-path /OPS.build/Debug-iphonesimulator/OPS.build/Objects-normal/arm64/BackgroundTaskManager.o -index-unit-output-path /OPS.build/Debug-iphonesimulator/OPS.build/Objects-normal/arm64/SyncManager.o -index-unit-output-path /OPS.build/Debug-iphonesimulator/OPS.build/Objects-normal/arm64/ConnectivityMonitor.o -index-unit-output-path /OPS.build/Debug-iphonesimulator/OPS.build/Objects-normal/arm64/ImageSyncManager.o -index-unit-output-path /OPS.build/Debug-iphonesimulator/OPS.build/Objects-normal/arm64/OnboardingCoordinator.o -index-unit-output-path /OPS.build/Debug-iphonesimulator/OPS.build/Objects-normal/arm64/OnboardingModels.o -index-store-path /Users/jacksonsweet/Library/Developer/Xcode/DerivedData/OPS-czavgtmnvamasvcjgszzuulfcsxj/Index.noindex/DataStore -index-system-modules

SwiftCompile normal arm64 /Users/jacksonsweet/Desktop/OPS\ APP/OPS/OPS/Network/Sync/BackgroundTaskManager.swift (in target 'OPS' from project 'OPS')
    cd /Users/jacksonsweet/Desktop/OPS\ APP/OPS
    /Applications/Xcode.app/Contents/Developer/Toolchains/XcodeDefault.xctoolchain/usr/bin/swift-frontend -c /Users/jacksonsweet/Desktop/OPS\ APP/OPS/OPS/DataModels/BubbleImage.swift /Users/jacksonsweet/Desktop/OPS\ APP/OPS/OPS/DataModels/BubbleTypes.swift /Users/jacksonsweet/Desktop/OPS\ APP/OPS/OPS/DataModels/Company.swift /Users/jacksonsweet/Desktop/OPS\ APP/OPS/OPS/DataModels/Project.swift /Users/jacksonsweet/Desktop/OPS\ APP/OPS/OPS/DataModels/Status.swift /Users/jacksonsweet/Desktop/OPS\ APP/OPS/OPS/DataModels/User.swift /Users/jacksonsweet/Desktop/OPS\ APP/OPS/OPS/DataModels/UserRole.swift /Users/jacksonsweet/Desktop/OPS\ APP/OPS/OPS/Extensions/UIImage+Extensions.swift /Users/jacksonsweet/Desktop/OPS\ APP/OPS/OPS/Network/API/APIError.swift /Users/jacksonsweet/Desktop/OPS\ APP/OPS/OPS/Network/API/APIService.swift /Users/jacksonsweet/Desktop/OPS\ APP/OPS/OPS/Network/API/BubbleFields.swift /Users/jacksonsweet/Desktop/OPS\ APP/OPS/OPS/Network/Auth/AuthError.swift /Users/jacksonsweet/Desktop/OPS\ APP/OPS/OPS/Network/Auth/AuthManager.swift -primary-file /Users/jacksonsweet/Desktop/OPS\ APP/OPS/OPS/Network/Auth/KeychainManager.swift -primary-file /Users/jacksonsweet/Desktop/OPS\ APP/OPS/OPS/Network/DTOs/CompanyDTO.swift -primary-file /Users/jacksonsweet/Desktop/OPS\ APP/OPS/OPS/Network/DTOs/ProjectDTO.swift -primary-file /Users/jacksonsweet/Desktop/OPS\ APP/OPS/OPS/Network/DTOs/UserDTO.swift -primary-file /Users/jacksonsweet/Desktop/OPS\ APP/OPS/OPS/Network/Endpoints/CompanyEndpoints.swift -primary-file /Users/jacksonsweet/Desktop/OPS\ APP/OPS/OPS/Network/Endpoints/ProjectEndpoints.swift -primary-file /Users/jacksonsweet/Desktop/OPS\ APP/OPS/OPS/Network/Endpoints/UserEndpoints.swift -primary-file /Users/jacksonsweet/Desktop/OPS\ APP/OPS/OPS/Network/Sync/BackgroundTaskManager.swift -primary-file /Users/jacksonsweet/Desktop/OPS\ APP/OPS/OPS/Network/Sync/SyncManager.swift -primary-file /Users/jacksonsweet/Desktop/OPS\ APP/OPS/OPS/Network/ConnectivityMonitor.swift -primary-file /Users/jacksonsweet/Desktop/OPS\ APP/OPS/OPS/Network/ImageSyncManager.swift -primary-file /Users/jacksonsweet/Desktop/OPS\ APP/OPS/OPS/Onboarding/Coordinators/OnboardingCoordinator.swift -primary-file /Users/jacksonsweet/Desktop/OPS\ APP/OPS/OPS/Onboarding/Models/OnboardingModels.swift /Users/jacksonsweet/Desktop/OPS\ APP/OPS/OPS/Onboarding/Services/OnboardingService.swift /Users/jacksonsweet/Desktop/OPS\ APP/OPS/OPS/Onboarding/ViewModels/OnboardingViewModel.swift /Users/jacksonsweet/Desktop/OPS\ APP/OPS/OPS/Onboarding/Views/Components/OnboardingComponents.swift /Users/jacksonsweet/Desktop/OPS\ APP/OPS/OPS/Onboarding/Views/Screens/AccountCreatedView.swift /Users/jacksonsweet/Desktop/OPS\ APP/OPS/OPS/Onboarding/Views/Screens/CompanyCodeView.swift /Users/jacksonsweet/Desktop/OPS\ APP/OPS/OPS/Onboarding/Views/Screens/CompanyCodeViewPreview.swift /Users/jacksonsweet/Desktop/OPS\ APP/OPS/OPS/Onboarding/Views/Screens/CompletionView.swift /Users/jacksonsweet/Desktop/OPS\ APP/OPS/OPS/Onboarding/Views/Screens/CompletionViewPreview.swift /Users/jacksonsweet/Desktop/OPS\ APP/OPS/OPS/Onboarding/Views/Screens/EmailView.swift /Users/jacksonsweet/Desktop/OPS\ APP/OPS/OPS/Onboarding/Views/Screens/FieldSetupView.swift /Users/jacksonsweet/Desktop/OPS\ APP/OPS/OPS/Onboarding/Views/Screens/NotificationsView.swift /Users/jacksonsweet/Desktop/OPS\ APP/OPS/OPS/Onboarding/Views/Screens/NotificationsViewPreview.swift /Users/jacksonsweet/Desktop/OPS\ APP/OPS/OPS/Onboarding/Views/Screens/OrganizationJoinView.swift /Users/jacksonsweet/Desktop/OPS\ APP/OPS/OPS/Onboarding/Views/Screens/PasswordView.swift /Users/jacksonsweet/Desktop/OPS\ APP/OPS/OPS/Onboarding/Views/Screens/PasswordViewPreview.swift /Users/jacksonsweet/Desktop/OPS\ APP/OPS/OPS/Onboarding/Views/Screens/PermissionsView.swift /Users/jacksonsweet/Desktop/OPS\ APP/OPS/OPS/Onboarding/Views/Screens/PermissionsViewPreview.swift /Users/jacksonsweet/Desktop/OPS\ APP/OPS/OPS/Onboarding/Views/Screens/PhoneNumberView.swift /Users/jacksonsweet/Desktop/OPS\ APP/OPS/OPS/Onboarding/Views/Screens/PhoneNumberViewPreview.swift /Users/jacksonsweet/Desktop/OPS\ APP/OPS/OPS/Onboarding/Views/Screens/UserInfoView.swift /Users/jacksonsweet/Desktop/OPS\ APP/OPS/OPS/Onboarding/Views/Screens/UserInfoViewPreview.swift /Users/jacksonsweet/Desktop/OPS\ APP/OPS/OPS/Onboarding/Views/Screens/VerifyPhoneView.swift /Users/jacksonsweet/Desktop/OPS\ APP/OPS/OPS/Onboarding/Views/Screens/WelcomeCompanyView.swift /Users/jacksonsweet/Desktop/OPS\ APP/OPS/OPS/Onboarding/Views/Screens/WelcomeCompanyViewPreview.swift /Users/jacksonsweet/Desktop/OPS\ APP/OPS/OPS/Onboarding/Views/Screens/WelcomeView.swift /Users/jacksonsweet/Desktop/OPS\ APP/OPS/OPS/Onboarding/Views/Screens/WelcomeViewPreview.swift /Users/jacksonsweet/Desktop/OPS\ APP/OPS/OPS/Onboarding/Views/OnboardingContainerView.swift /Users/jacksonsweet/Desktop/OPS\ APP/OPS/OPS/Onboarding/Views/OnboardingFlowPreview.swift /Users/jacksonsweet/Desktop/OPS\ APP/OPS/OPS/Onboarding/Views/OnboardingPresenter.swift /Users/jacksonsweet/Desktop/OPS\ APP/OPS/OPS/Onboarding/Views/OnboardingPreviewHelpers.swift /Users/jacksonsweet/Desktop/OPS\ APP/OPS/OPS/Styles/OPSStyle.swift /Users/jacksonsweet/Desktop/OPS\ APP/OPS/OPS/Utilities/AppConfiguration.swift /Users/jacksonsweet/Desktop/OPS\ APP/OPS/OPS/Utilities/ArrayTransformer.swift /Users/jacksonsweet/Desktop/OPS\ APP/OPS/OPS/Utilities/DataController.swift /Users/jacksonsweet/Desktop/OPS\ APP/OPS/OPS/Utilities/Dateformatter\ +Bubble.swift /Users/jacksonsweet/Desktop/OPS\ APP/OPS/OPS/Utilities/DateHelper.swift /Users/jacksonsweet/Desktop/OPS\ APP/OPS/OPS/Utilities/FieldErrorHandler.swift /Users/jacksonsweet/Desktop/OPS\ APP/OPS/OPS/Utilities/ImageCache.swift /Users/jacksonsweet/Desktop/OPS\ APP/OPS/OPS/Utilities/ImageFileManager.swift /Users/jacksonsweet/Desktop/OPS\ APP/OPS/OPS/Utilities/InProgressManager.swift /Users/jacksonsweet/Desktop/OPS\ APP/OPS/OPS/Utilities/KeyboardDismissalModifier.swift /Users/jacksonsweet/Desktop/OPS\ APP/OPS/OPS/Utilities/LocationManager.swift /Users/jacksonsweet/Desktop/OPS\ APP/OPS/OPS/Utilities/OnboardingEnvironmentKey.swift /Users/jacksonsweet/Desktop/OPS\ APP/OPS/OPS/Utilities/SwiftDataHelper.swift /Users/jacksonsweet/Desktop/OPS\ APP/OPS/OPS/Utilities/UIComponents.swift /Users/jacksonsweet/Desktop/OPS\ APP/OPS/OPS/V2/CertificationsSettingsView.swift /Users/jacksonsweet/Desktop/OPS\ APP/OPS/OPS/ViewModels/CalendarViewModel.swift /Users/jacksonsweet/Desktop/OPS\ APP/OPS/OPS/ViewModels/ProjectsViewModel.swift /Users/jacksonsweet/Desktop/OPS\ APP/OPS/OPS/Views/Calendar\ Tab/Components/CalendarDaySelector.swift /Users/jacksonsweet/Desktop/OPS\ APP/OPS/OPS/Views/Calendar\ Tab/Components/CalendarHeaderView.swift /Users/jacksonsweet/Desktop/OPS\ APP/OPS/OPS/Views/Calendar\ Tab/Components/CalendarProjectCard.swift /Users/jacksonsweet/Desktop/OPS\ APP/OPS/OPS/Views/Calendar\ Tab/Components/CalendarToggleView.swift /Users/jacksonsweet/Desktop/OPS\ APP/OPS/OPS/Views/Calendar\ Tab/Components/DatePickerPopover.swift /Users/jacksonsweet/Desktop/OPS\ APP/OPS/OPS/Views/Calendar\ Tab/Components/DayCell.swift /Users/jacksonsweet/Desktop/OPS\ APP/OPS/OPS/Views/Calendar\ Tab/ProjectViews/DayProjectSheet.swift /Users/jacksonsweet/Desktop/OPS\ APP/OPS/OPS/Views/Calendar\ Tab/ProjectViews/ProjectListView.swift /Users/jacksonsweet/Desktop/OPS\ APP/OPS/OPS/Views/Calendar\ Tab/MonthGridView.swift /Users/jacksonsweet/Desktop/OPS\ APP/OPS/OPS/Views/Components/Common/AppHeader.swift /Users/jacksonsweet/Desktop/OPS\ APP/OPS/OPS/Views/Components/Common/ExpandableNotesView.swift /Users/jacksonsweet/Desktop/OPS\ APP/OPS/OPS/Views/Components/Common/LocationPermissionView.swift /Users/jacksonsweet/Desktop/OPS\ APP/OPS/OPS/Views/Components/Common/NavigationBanner.swift /Users/jacksonsweet/Desktop/OPS\ APP/OPS/OPS/Views/Components/Common/NavigationControlsView.swift /Users/jacksonsweet/Desktop/OPS\ APP/OPS/OPS/Views/Components/Common/TabBarBackground.swift /Users/jacksonsweet/Desktop/OPS\ APP/OPS/OPS/Views/Components/Images/ImagePicker.swift /Users/jacksonsweet/Desktop/OPS\ APP/OPS/OPS/Views/Components/Images/ImagePickerView.swift /Users/jacksonsweet/Desktop/OPS\ APP/OPS/OPS/Views/Components/Images/ProjectImagesSection.swift /Users/jacksonsweet/Desktop/OPS\ APP/OPS/OPS/Views/Components/Images/ProjectImagesSimple.swift /Users/jacksonsweet/Desktop/OPS\ APP/OPS/OPS/Views/Components/Images/ProjectImageView.swift /Users/jacksonsweet/Desktop/OPS\ APP/OPS/OPS/Views/Components/Images/ProjectPhotosGrid.swift /Users/jacksonsweet/Desktop/OPS\ APP/OPS/OPS/Views/Components/Map/MiniMapView.swift /Users/jacksonsweet/Desktop/OPS\ APP/OPS/OPS/Views/Components/Map/ProjectMapAnnotation.swift /Users/jacksonsweet/Desktop/OPS\ APP/OPS/OPS/Views/Components/Map/ProjectMapView.swift /Users/jacksonsweet/Desktop/OPS\ APP/OPS/OPS/Views/Components/Map/ProjectMarkerPopup.swift /Users/jacksonsweet/Desktop/OPS\ APP/OPS/OPS/Views/Components/Map/RouteDirectionsView.swift /Users/jacksonsweet/Desktop/OPS\ APP/OPS/OPS/Views/Components/Project/ProjectActionBar.swift /Users/jacksonsweet/Desktop/OPS\ APP/OPS/OPS/Views/Components/Project/ProjectCard.swift /Users/jacksonsweet/Desktop/OPS\ APP/OPS/OPS/Views/Components/Project/ProjectCarousel.swift /Users/jacksonsweet/Desktop/OPS\ APP/OPS/OPS/Views/Components/Project/ProjectDetailsView.swift /Users/jacksonsweet/Desktop/OPS\ APP/OPS/OPS/Views/Components/Project/ProjectHeader.swift /Users/jacksonsweet/Desktop/OPS\ APP/OPS/OPS/Views/Components/Project/ProjectSheetContainer.swift /Users/jacksonsweet/Desktop/OPS\ APP/OPS/OPS/Views/Components/User/TeamMemberListView.swift /Users/jacksonsweet/Desktop/OPS\ APP/OPS/OPS/Views/Components/User/UserProfileCard.swift /Users/jacksonsweet/Desktop/OPS\ APP/OPS/OPS/Views/Home/HomeContentView.swift /Users/jacksonsweet/Desktop/OPS\ APP/OPS/OPS/Views/Home/HomeView.swift /Users/jacksonsweet/Desktop/OPS\ APP/OPS/OPS/Views/Settings/OrganizationSettingsView.swift /Users/jacksonsweet/Desktop/OPS\ APP/OPS/OPS/Views/Settings/ProfileSettingsView.swift /Users/jacksonsweet/Desktop/OPS\ APP/OPS/OPS/Views/Settings/ProjectHistorySettingsView.swift /Users/jacksonsweet/Desktop/OPS\ APP/OPS/OPS/Views/LoginView.swift /Users/jacksonsweet/Desktop/OPS\ APP/OPS/OPS/Views/LoginViewPreview.swift /Users/jacksonsweet/Desktop/OPS\ APP/OPS/OPS/Views/MainTabView.swift /Users/jacksonsweet/Desktop/OPS\ APP/OPS/OPS/Views/NetworkStatusIndicator.swift /Users/jacksonsweet/Desktop/OPS\ APP/OPS/OPS/Views/ScheduleView.swift /Users/jacksonsweet/Desktop/OPS\ APP/OPS/OPS/Views/SettingsView.swift /Users/jacksonsweet/Desktop/OPS\ APP/OPS/OPS/Views/SplashScreen.swift /Users/jacksonsweet/Desktop/OPS\ APP/OPS/OPS/AppState.swift /Users/jacksonsweet/Desktop/OPS\ APP/OPS/OPS/ContentView.swift /Users/jacksonsweet/Desktop/OPS\ APP/OPS/OPS/Item.swift /Users/jacksonsweet/Desktop/OPS\ APP/OPS/OPS/OPSApp.swift /Users/jacksonsweet/Library/Developer/Xcode/DerivedData/OPS-czavgtmnvamasvcjgszzuulfcsxj/Build/Intermediates.noindex/OPS.build/Debug-iphonesimulator/OPS.build/DerivedSources/GeneratedAssetSymbols.swift -supplementary-output-file-map /Users/jacksonsweet/Library/Developer/Xcode/DerivedData/OPS-czavgtmnvamasvcjgszzuulfcsxj/Build/Intermediates.noindex/OPS.build/Debug-iphonesimulator/OPS.build/Objects-normal/arm64/supplementaryOutputs-2 -emit-localized-strings -emit-localized-strings-path /Users/jacksonsweet/Library/Developer/Xcode/DerivedData/OPS-czavgtmnvamasvcjgszzuulfcsxj/Build/Intermediates.noindex/OPS.build/Debug-iphonesimulator/OPS.build/Objects-normal/arm64 -target arm64-apple-ios18.2-simulator -Xllvm -aarch64-use-tbi -enable-objc-interop -sdk /Applications/Xcode.app/Contents/Developer/Platforms/iPhoneSimulator.platform/Developer/SDKs/iPhoneSimulator18.2.sdk -I /Users/jacksonsweet/Library/Developer/Xcode/DerivedData/OPS-czavgtmnvamasvcjgszzuulfcsxj/Build/Products/Debug-iphonesimulator -F /Users/jacksonsweet/Library/Developer/Xcode/DerivedData/OPS-czavgtmnvamasvcjgszzuulfcsxj/Build/Products/Debug-iphonesimulator -no-color-diagnostics -enable-testing -g -debug-info-format\=dwarf -dwarf-version\=5 -module-cache-path /Users/jacksonsweet/Library/Developer/Xcode/DerivedData/ModuleCache.noindex -profile-generate -profile-coverage-mapping -swift-version 5 -enforce-exclusivity\=checked -Onone -D DEBUG -serialize-debugging-options -const-gather-protocols-file /Users/jacksonsweet/Library/Developer/Xcode/DerivedData/OPS-czavgtmnvamasvcjgszzuulfcsxj/Build/Intermediates.noindex/OPS.build/Debug-iphonesimulator/OPS.build/Objects-normal/arm64/OPS_const_extract_protocols.json -enable-experimental-feature DebugDescriptionMacro -enable-experimental-feature OpaqueTypeErasure -enable-bare-slash-regex -empty-abi-descriptor -validate-clang-modules-once -clang-build-session-file /Users/jacksonsweet/Library/Developer/Xcode/DerivedData/ModuleCache.noindex/Session.modulevalidation -Xcc -working-directory -Xcc /Users/jacksonsweet/Desktop/OPS\ APP/OPS -resource-dir /Applications/Xcode.app/Contents/Developer/Toolchains/XcodeDefault.xctoolchain/usr/lib/swift -enable-anonymous-context-mangled-names -file-compilation-dir /Users/jacksonsweet/Desktop/OPS\ APP/OPS -Xcc -D_LIBCPP_HARDENING_MODE\=_LIBCPP_HARDENING_MODE_DEBUG -Xcc -ivfsstatcache -Xcc /Users/jacksonsweet/Library/Developer/Xcode/DerivedData/SDKStatCaches.noindex/iphonesimulator18.2-22C146-07b28473f605e47e75261259d3ef3b5a.sdkstatcache -Xcc -I/Users/jacksonsweet/Library/Developer/Xcode/DerivedData/OPS-czavgtmnvamasvcjgszzuulfcsxj/Build/Intermediates.noindex/OPS.build/Debug-iphonesimulator/OPS.build/swift-overrides.hmap -Xcc -iquote -Xcc /Users/jacksonsweet/Library/Developer/Xcode/DerivedData/OPS-czavgtmnvamasvcjgszzuulfcsxj/Build/Intermediates.noindex/OPS.build/Debug-iphonesimulator/OPS.build/OPS-generated-files.hmap -Xcc -I/Users/jacksonsweet/Library/Developer/Xcode/DerivedData/OPS-czavgtmnvamasvcjgszzuulfcsxj/Build/Intermediates.noindex/OPS.build/Debug-iphonesimulator/OPS.build/OPS-own-target-headers.hmap -Xcc -I/Users/jacksonsweet/Library/Developer/Xcode/DerivedData/OPS-czavgtmnvamasvcjgszzuulfcsxj/Build/Intermediates.noindex/OPS.build/Debug-iphonesimulator/OPS.build/OPS-all-target-headers.hmap -Xcc -iquote -Xcc /Users/jacksonsweet/Library/Developer/Xcode/DerivedData/OPS-czavgtmnvamasvcjgszzuulfcsxj/Build/Intermediates.noindex/OPS.build/Debug-iphonesimulator/OPS.build/OPS-project-headers.hmap -Xcc -I/Users/jacksonsweet/Library/Developer/Xcode/DerivedData/OPS-czavgtmnvamasvcjgszzuulfcsxj/Build/Products/Debug-iphonesimulator/include -Xcc -I/Users/jacksonsweet/Library/Developer/Xcode/DerivedData/OPS-czavgtmnvamasvcjgszzuulfcsxj/Build/Intermediates.noindex/OPS.build/Debug-iphonesimulator/OPS.build/DerivedSources-normal/arm64 -Xcc -I/Users/jacksonsweet/Library/Developer/Xcode/DerivedData/OPS-czavgtmnvamasvcjgszzuulfcsxj/Build/Intermediates.noindex/OPS.build/Debug-iphonesimulator/OPS.build/DerivedSources/arm64 -Xcc -I/Users/jacksonsweet/Library/Developer/Xcode/DerivedData/OPS-czavgtmnvamasvcjgszzuulfcsxj/Build/Intermediates.noindex/OPS.build/Debug-iphonesimulator/OPS.build/DerivedSources -Xcc -DDEBUG\=1 -module-name OPS -frontend-parseable-output -disable-clang-spi -target-sdk-version 18.2 -target-sdk-name iphonesimulator18.2 -external-plugin-path /Applications/Xcode.app/Contents/Developer/Platforms/iPhoneOS.platform/Developer/usr/lib/swift/host/plugins\#/Applications/Xcode.app/Contents/Developer/Platforms/iPhoneOS.platform/Developer/usr/bin/swift-plugin-server -external-plugin-path /Applications/Xcode.app/Contents/Developer/Platforms/iPhoneOS.platform/Developer/usr/local/lib/swift/host/plugins\#/Applications/Xcode.app/Contents/Developer/Platforms/iPhoneOS.platform/Developer/usr/bin/swift-plugin-server -plugin-path /Applications/Xcode.app/Contents/Developer/Toolchains/XcodeDefault.xctoolchain/usr/lib/swift/host/plugins -plugin-path /Applications/Xcode.app/Contents/Developer/Toolchains/XcodeDefault.xctoolchain/usr/local/lib/swift/host/plugins -o /Users/jacksonsweet/Library/Developer/Xcode/DerivedData/OPS-czavgtmnvamasvcjgszzuulfcsxj/Build/Intermediates.noindex/OPS.build/Debug-iphonesimulator/OPS.build/Objects-normal/arm64/KeychainManager.o -o /Users/jacksonsweet/Library/Developer/Xcode/DerivedData/OPS-czavgtmnvamasvcjgszzuulfcsxj/Build/Intermediates.noindex/OPS.build/Debug-iphonesimulator/OPS.build/Objects-normal/arm64/CompanyDTO.o -o /Users/jacksonsweet/Library/Developer/Xcode/DerivedData/OPS-czavgtmnvamasvcjgszzuulfcsxj/Build/Intermediates.noindex/OPS.build/Debug-iphonesimulator/OPS.build/Objects-normal/arm64/ProjectDTO.o -o /Users/jacksonsweet/Library/Developer/Xcode/DerivedData/OPS-czavgtmnvamasvcjgszzuulfcsxj/Build/Intermediates.noindex/OPS.build/Debug-iphonesimulator/OPS.build/Objects-normal/arm64/UserDTO.o -o /Users/jacksonsweet/Library/Developer/Xcode/DerivedData/OPS-czavgtmnvamasvcjgszzuulfcsxj/Build/Intermediates.noindex/OPS.build/Debug-iphonesimulator/OPS.build/Objects-normal/arm64/CompanyEndpoints.o -o /Users/jacksonsweet/Library/Developer/Xcode/DerivedData/OPS-czavgtmnvamasvcjgszzuulfcsxj/Build/Intermediates.noindex/OPS.build/Debug-iphonesimulator/OPS.build/Objects-normal/arm64/ProjectEndpoints.o -o /Users/jacksonsweet/Library/Developer/Xcode/DerivedData/OPS-czavgtmnvamasvcjgszzuulfcsxj/Build/Intermediates.noindex/OPS.build/Debug-iphonesimulator/OPS.build/Objects-normal/arm64/UserEndpoints.o -o /Users/jacksonsweet/Library/Developer/Xcode/DerivedData/OPS-czavgtmnvamasvcjgszzuulfcsxj/Build/Intermediates.noindex/OPS.build/Debug-iphonesimulator/OPS.build/Objects-normal/arm64/BackgroundTaskManager.o -o /Users/jacksonsweet/Library/Developer/Xcode/DerivedData/OPS-czavgtmnvamasvcjgszzuulfcsxj/Build/Intermediates.noindex/OPS.build/Debug-iphonesimulator/OPS.build/Objects-normal/arm64/SyncManager.o -o /Users/jacksonsweet/Library/Developer/Xcode/DerivedData/OPS-czavgtmnvamasvcjgszzuulfcsxj/Build/Intermediates.noindex/OPS.build/Debug-iphonesimulator/OPS.build/Objects-normal/arm64/ConnectivityMonitor.o -o /Users/jacksonsweet/Library/Developer/Xcode/DerivedData/OPS-czavgtmnvamasvcjgszzuulfcsxj/Build/Intermediates.noindex/OPS.build/Debug-iphonesimulator/OPS.build/Objects-normal/arm64/ImageSyncManager.o -o /Users/jacksonsweet/Library/Developer/Xcode/DerivedData/OPS-czavgtmnvamasvcjgszzuulfcsxj/Build/Intermediates.noindex/OPS.build/Debug-iphonesimulator/OPS.build/Objects-normal/arm64/OnboardingCoordinator.o -o /Users/jacksonsweet/Library/Developer/Xcode/DerivedData/OPS-czavgtmnvamasvcjgszzuulfcsxj/Build/Intermediates.noindex/OPS.build/Debug-iphonesimulator/OPS.build/Objects-normal/arm64/OnboardingModels.o -index-unit-output-path /OPS.build/Debug-iphonesimulator/OPS.build/Objects-normal/arm64/KeychainManager.o -index-unit-output-path /OPS.build/Debug-iphonesimulator/OPS.build/Objects-normal/arm64/CompanyDTO.o -index-unit-output-path /OPS.build/Debug-iphonesimulator/OPS.build/Objects-normal/arm64/ProjectDTO.o -index-unit-output-path /OPS.build/Debug-iphonesimulator/OPS.build/Objects-normal/arm64/UserDTO.o -index-unit-output-path /OPS.build/Debug-iphonesimulator/OPS.build/Objects-normal/arm64/CompanyEndpoints.o -index-unit-output-path /OPS.build/Debug-iphonesimulator/OPS.build/Objects-normal/arm64/ProjectEndpoints.o -index-unit-output-path /OPS.build/Debug-iphonesimulator/OPS.build/Objects-normal/arm64/UserEndpoints.o -index-unit-output-path /OPS.build/Debug-iphonesimulator/OPS.build/Objects-normal/arm64/BackgroundTaskManager.o -index-unit-output-path /OPS.build/Debug-iphonesimulator/OPS.build/Objects-normal/arm64/SyncManager.o -index-unit-output-path /OPS.build/Debug-iphonesimulator/OPS.build/Objects-normal/arm64/ConnectivityMonitor.o -index-unit-output-path /OPS.build/Debug-iphonesimulator/OPS.build/Objects-normal/arm64/ImageSyncManager.o -index-unit-output-path /OPS.build/Debug-iphonesimulator/OPS.build/Objects-normal/arm64/OnboardingCoordinator.o -index-unit-output-path /OPS.build/Debug-iphonesimulator/OPS.build/Objects-normal/arm64/OnboardingModels.o -index-store-path /Users/jacksonsweet/Library/Developer/Xcode/DerivedData/OPS-czavgtmnvamasvcjgszzuulfcsxj/Index.noindex/DataStore -index-system-modules

SwiftCompile normal arm64 /Users/jacksonsweet/Desktop/OPS\ APP/OPS/OPS/Network/Sync/SyncManager.swift (in target 'OPS' from project 'OPS')
    cd /Users/jacksonsweet/Desktop/OPS\ APP/OPS
    /Applications/Xcode.app/Contents/Developer/Toolchains/XcodeDefault.xctoolchain/usr/bin/swift-frontend -c /Users/jacksonsweet/Desktop/OPS\ APP/OPS/OPS/DataModels/BubbleImage.swift /Users/jacksonsweet/Desktop/OPS\ APP/OPS/OPS/DataModels/BubbleTypes.swift /Users/jacksonsweet/Desktop/OPS\ APP/OPS/OPS/DataModels/Company.swift /Users/jacksonsweet/Desktop/OPS\ APP/OPS/OPS/DataModels/Project.swift /Users/jacksonsweet/Desktop/OPS\ APP/OPS/OPS/DataModels/Status.swift /Users/jacksonsweet/Desktop/OPS\ APP/OPS/OPS/DataModels/User.swift /Users/jacksonsweet/Desktop/OPS\ APP/OPS/OPS/DataModels/UserRole.swift /Users/jacksonsweet/Desktop/OPS\ APP/OPS/OPS/Extensions/UIImage+Extensions.swift /Users/jacksonsweet/Desktop/OPS\ APP/OPS/OPS/Network/API/APIError.swift /Users/jacksonsweet/Desktop/OPS\ APP/OPS/OPS/Network/API/APIService.swift /Users/jacksonsweet/Desktop/OPS\ APP/OPS/OPS/Network/API/BubbleFields.swift /Users/jacksonsweet/Desktop/OPS\ APP/OPS/OPS/Network/Auth/AuthError.swift /Users/jacksonsweet/Desktop/OPS\ APP/OPS/OPS/Network/Auth/AuthManager.swift -primary-file /Users/jacksonsweet/Desktop/OPS\ APP/OPS/OPS/Network/Auth/KeychainManager.swift -primary-file /Users/jacksonsweet/Desktop/OPS\ APP/OPS/OPS/Network/DTOs/CompanyDTO.swift -primary-file /Users/jacksonsweet/Desktop/OPS\ APP/OPS/OPS/Network/DTOs/ProjectDTO.swift -primary-file /Users/jacksonsweet/Desktop/OPS\ APP/OPS/OPS/Network/DTOs/UserDTO.swift -primary-file /Users/jacksonsweet/Desktop/OPS\ APP/OPS/OPS/Network/Endpoints/CompanyEndpoints.swift -primary-file /Users/jacksonsweet/Desktop/OPS\ APP/OPS/OPS/Network/Endpoints/ProjectEndpoints.swift -primary-file /Users/jacksonsweet/Desktop/OPS\ APP/OPS/OPS/Network/Endpoints/UserEndpoints.swift -primary-file /Users/jacksonsweet/Desktop/OPS\ APP/OPS/OPS/Network/Sync/BackgroundTaskManager.swift -primary-file /Users/jacksonsweet/Desktop/OPS\ APP/OPS/OPS/Network/Sync/SyncManager.swift -primary-file /Users/jacksonsweet/Desktop/OPS\ APP/OPS/OPS/Network/ConnectivityMonitor.swift -primary-file /Users/jacksonsweet/Desktop/OPS\ APP/OPS/OPS/Network/ImageSyncManager.swift -primary-file /Users/jacksonsweet/Desktop/OPS\ APP/OPS/OPS/Onboarding/Coordinators/OnboardingCoordinator.swift -primary-file /Users/jacksonsweet/Desktop/OPS\ APP/OPS/OPS/Onboarding/Models/OnboardingModels.swift /Users/jacksonsweet/Desktop/OPS\ APP/OPS/OPS/Onboarding/Services/OnboardingService.swift /Users/jacksonsweet/Desktop/OPS\ APP/OPS/OPS/Onboarding/ViewModels/OnboardingViewModel.swift /Users/jacksonsweet/Desktop/OPS\ APP/OPS/OPS/Onboarding/Views/Components/OnboardingComponents.swift /Users/jacksonsweet/Desktop/OPS\ APP/OPS/OPS/Onboarding/Views/Screens/AccountCreatedView.swift /Users/jacksonsweet/Desktop/OPS\ APP/OPS/OPS/Onboarding/Views/Screens/CompanyCodeView.swift /Users/jacksonsweet/Desktop/OPS\ APP/OPS/OPS/Onboarding/Views/Screens/CompanyCodeViewPreview.swift /Users/jacksonsweet/Desktop/OPS\ APP/OPS/OPS/Onboarding/Views/Screens/CompletionView.swift /Users/jacksonsweet/Desktop/OPS\ APP/OPS/OPS/Onboarding/Views/Screens/CompletionViewPreview.swift /Users/jacksonsweet/Desktop/OPS\ APP/OPS/OPS/Onboarding/Views/Screens/EmailView.swift /Users/jacksonsweet/Desktop/OPS\ APP/OPS/OPS/Onboarding/Views/Screens/FieldSetupView.swift /Users/jacksonsweet/Desktop/OPS\ APP/OPS/OPS/Onboarding/Views/Screens/NotificationsView.swift /Users/jacksonsweet/Desktop/OPS\ APP/OPS/OPS/Onboarding/Views/Screens/NotificationsViewPreview.swift /Users/jacksonsweet/Desktop/OPS\ APP/OPS/OPS/Onboarding/Views/Screens/OrganizationJoinView.swift /Users/jacksonsweet/Desktop/OPS\ APP/OPS/OPS/Onboarding/Views/Screens/PasswordView.swift /Users/jacksonsweet/Desktop/OPS\ APP/OPS/OPS/Onboarding/Views/Screens/PasswordViewPreview.swift /Users/jacksonsweet/Desktop/OPS\ APP/OPS/OPS/Onboarding/Views/Screens/PermissionsView.swift /Users/jacksonsweet/Desktop/OPS\ APP/OPS/OPS/Onboarding/Views/Screens/PermissionsViewPreview.swift /Users/jacksonsweet/Desktop/OPS\ APP/OPS/OPS/Onboarding/Views/Screens/PhoneNumberView.swift /Users/jacksonsweet/Desktop/OPS\ APP/OPS/OPS/Onboarding/Views/Screens/PhoneNumberViewPreview.swift /Users/jacksonsweet/Desktop/OPS\ APP/OPS/OPS/Onboarding/Views/Screens/UserInfoView.swift /Users/jacksonsweet/Desktop/OPS\ APP/OPS/OPS/Onboarding/Views/Screens/UserInfoViewPreview.swift /Users/jacksonsweet/Desktop/OPS\ APP/OPS/OPS/Onboarding/Views/Screens/VerifyPhoneView.swift /Users/jacksonsweet/Desktop/OPS\ APP/OPS/OPS/Onboarding/Views/Screens/WelcomeCompanyView.swift /Users/jacksonsweet/Desktop/OPS\ APP/OPS/OPS/Onboarding/Views/Screens/WelcomeCompanyViewPreview.swift /Users/jacksonsweet/Desktop/OPS\ APP/OPS/OPS/Onboarding/Views/Screens/WelcomeView.swift /Users/jacksonsweet/Desktop/OPS\ APP/OPS/OPS/Onboarding/Views/Screens/WelcomeViewPreview.swift /Users/jacksonsweet/Desktop/OPS\ APP/OPS/OPS/Onboarding/Views/OnboardingContainerView.swift /Users/jacksonsweet/Desktop/OPS\ APP/OPS/OPS/Onboarding/Views/OnboardingFlowPreview.swift /Users/jacksonsweet/Desktop/OPS\ APP/OPS/OPS/Onboarding/Views/OnboardingPresenter.swift /Users/jacksonsweet/Desktop/OPS\ APP/OPS/OPS/Onboarding/Views/OnboardingPreviewHelpers.swift /Users/jacksonsweet/Desktop/OPS\ APP/OPS/OPS/Styles/OPSStyle.swift /Users/jacksonsweet/Desktop/OPS\ APP/OPS/OPS/Utilities/AppConfiguration.swift /Users/jacksonsweet/Desktop/OPS\ APP/OPS/OPS/Utilities/ArrayTransformer.swift /Users/jacksonsweet/Desktop/OPS\ APP/OPS/OPS/Utilities/DataController.swift /Users/jacksonsweet/Desktop/OPS\ APP/OPS/OPS/Utilities/Dateformatter\ +Bubble.swift /Users/jacksonsweet/Desktop/OPS\ APP/OPS/OPS/Utilities/DateHelper.swift /Users/jacksonsweet/Desktop/OPS\ APP/OPS/OPS/Utilities/FieldErrorHandler.swift /Users/jacksonsweet/Desktop/OPS\ APP/OPS/OPS/Utilities/ImageCache.swift /Users/jacksonsweet/Desktop/OPS\ APP/OPS/OPS/Utilities/ImageFileManager.swift /Users/jacksonsweet/Desktop/OPS\ APP/OPS/OPS/Utilities/InProgressManager.swift /Users/jacksonsweet/Desktop/OPS\ APP/OPS/OPS/Utilities/KeyboardDismissalModifier.swift /Users/jacksonsweet/Desktop/OPS\ APP/OPS/OPS/Utilities/LocationManager.swift /Users/jacksonsweet/Desktop/OPS\ APP/OPS/OPS/Utilities/OnboardingEnvironmentKey.swift /Users/jacksonsweet/Desktop/OPS\ APP/OPS/OPS/Utilities/SwiftDataHelper.swift /Users/jacksonsweet/Desktop/OPS\ APP/OPS/OPS/Utilities/UIComponents.swift /Users/jacksonsweet/Desktop/OPS\ APP/OPS/OPS/V2/CertificationsSettingsView.swift /Users/jacksonsweet/Desktop/OPS\ APP/OPS/OPS/ViewModels/CalendarViewModel.swift /Users/jacksonsweet/Desktop/OPS\ APP/OPS/OPS/ViewModels/ProjectsViewModel.swift /Users/jacksonsweet/Desktop/OPS\ APP/OPS/OPS/Views/Calendar\ Tab/Components/CalendarDaySelector.swift /Users/jacksonsweet/Desktop/OPS\ APP/OPS/OPS/Views/Calendar\ Tab/Components/CalendarHeaderView.swift /Users/jacksonsweet/Desktop/OPS\ APP/OPS/OPS/Views/Calendar\ Tab/Components/CalendarProjectCard.swift /Users/jacksonsweet/Desktop/OPS\ APP/OPS/OPS/Views/Calendar\ Tab/Components/CalendarToggleView.swift /Users/jacksonsweet/Desktop/OPS\ APP/OPS/OPS/Views/Calendar\ Tab/Components/DatePickerPopover.swift /Users/jacksonsweet/Desktop/OPS\ APP/OPS/OPS/Views/Calendar\ Tab/Components/DayCell.swift /Users/jacksonsweet/Desktop/OPS\ APP/OPS/OPS/Views/Calendar\ Tab/ProjectViews/DayProjectSheet.swift /Users/jacksonsweet/Desktop/OPS\ APP/OPS/OPS/Views/Calendar\ Tab/ProjectViews/ProjectListView.swift /Users/jacksonsweet/Desktop/OPS\ APP/OPS/OPS/Views/Calendar\ Tab/MonthGridView.swift /Users/jacksonsweet/Desktop/OPS\ APP/OPS/OPS/Views/Components/Common/AppHeader.swift /Users/jacksonsweet/Desktop/OPS\ APP/OPS/OPS/Views/Components/Common/ExpandableNotesView.swift /Users/jacksonsweet/Desktop/OPS\ APP/OPS/OPS/Views/Components/Common/LocationPermissionView.swift /Users/jacksonsweet/Desktop/OPS\ APP/OPS/OPS/Views/Components/Common/NavigationBanner.swift /Users/jacksonsweet/Desktop/OPS\ APP/OPS/OPS/Views/Components/Common/NavigationControlsView.swift /Users/jacksonsweet/Desktop/OPS\ APP/OPS/OPS/Views/Components/Common/TabBarBackground.swift /Users/jacksonsweet/Desktop/OPS\ APP/OPS/OPS/Views/Components/Images/ImagePicker.swift /Users/jacksonsweet/Desktop/OPS\ APP/OPS/OPS/Views/Components/Images/ImagePickerView.swift /Users/jacksonsweet/Desktop/OPS\ APP/OPS/OPS/Views/Components/Images/ProjectImagesSection.swift /Users/jacksonsweet/Desktop/OPS\ APP/OPS/OPS/Views/Components/Images/ProjectImagesSimple.swift /Users/jacksonsweet/Desktop/OPS\ APP/OPS/OPS/Views/Components/Images/ProjectImageView.swift /Users/jacksonsweet/Desktop/OPS\ APP/OPS/OPS/Views/Components/Images/ProjectPhotosGrid.swift /Users/jacksonsweet/Desktop/OPS\ APP/OPS/OPS/Views/Components/Map/MiniMapView.swift /Users/jacksonsweet/Desktop/OPS\ APP/OPS/OPS/Views/Components/Map/ProjectMapAnnotation.swift /Users/jacksonsweet/Desktop/OPS\ APP/OPS/OPS/Views/Components/Map/ProjectMapView.swift /Users/jacksonsweet/Desktop/OPS\ APP/OPS/OPS/Views/Components/Map/ProjectMarkerPopup.swift /Users/jacksonsweet/Desktop/OPS\ APP/OPS/OPS/Views/Components/Map/RouteDirectionsView.swift /Users/jacksonsweet/Desktop/OPS\ APP/OPS/OPS/Views/Components/Project/ProjectActionBar.swift /Users/jacksonsweet/Desktop/OPS\ APP/OPS/OPS/Views/Components/Project/ProjectCard.swift /Users/jacksonsweet/Desktop/OPS\ APP/OPS/OPS/Views/Components/Project/ProjectCarousel.swift /Users/jacksonsweet/Desktop/OPS\ APP/OPS/OPS/Views/Components/Project/ProjectDetailsView.swift /Users/jacksonsweet/Desktop/OPS\ APP/OPS/OPS/Views/Components/Project/ProjectHeader.swift /Users/jacksonsweet/Desktop/OPS\ APP/OPS/OPS/Views/Components/Project/ProjectSheetContainer.swift /Users/jacksonsweet/Desktop/OPS\ APP/OPS/OPS/Views/Components/User/TeamMemberListView.swift /Users/jacksonsweet/Desktop/OPS\ APP/OPS/OPS/Views/Components/User/UserProfileCard.swift /Users/jacksonsweet/Desktop/OPS\ APP/OPS/OPS/Views/Home/HomeContentView.swift /Users/jacksonsweet/Desktop/OPS\ APP/OPS/OPS/Views/Home/HomeView.swift /Users/jacksonsweet/Desktop/OPS\ APP/OPS/OPS/Views/Settings/OrganizationSettingsView.swift /Users/jacksonsweet/Desktop/OPS\ APP/OPS/OPS/Views/Settings/ProfileSettingsView.swift /Users/jacksonsweet/Desktop/OPS\ APP/OPS/OPS/Views/Settings/ProjectHistorySettingsView.swift /Users/jacksonsweet/Desktop/OPS\ APP/OPS/OPS/Views/LoginView.swift /Users/jacksonsweet/Desktop/OPS\ APP/OPS/OPS/Views/LoginViewPreview.swift /Users/jacksonsweet/Desktop/OPS\ APP/OPS/OPS/Views/MainTabView.swift /Users/jacksonsweet/Desktop/OPS\ APP/OPS/OPS/Views/NetworkStatusIndicator.swift /Users/jacksonsweet/Desktop/OPS\ APP/OPS/OPS/Views/ScheduleView.swift /Users/jacksonsweet/Desktop/OPS\ APP/OPS/OPS/Views/SettingsView.swift /Users/jacksonsweet/Desktop/OPS\ APP/OPS/OPS/Views/SplashScreen.swift /Users/jacksonsweet/Desktop/OPS\ APP/OPS/OPS/AppState.swift /Users/jacksonsweet/Desktop/OPS\ APP/OPS/OPS/ContentView.swift /Users/jacksonsweet/Desktop/OPS\ APP/OPS/OPS/Item.swift /Users/jacksonsweet/Desktop/OPS\ APP/OPS/OPS/OPSApp.swift /Users/jacksonsweet/Library/Developer/Xcode/DerivedData/OPS-czavgtmnvamasvcjgszzuulfcsxj/Build/Intermediates.noindex/OPS.build/Debug-iphonesimulator/OPS.build/DerivedSources/GeneratedAssetSymbols.swift -supplementary-output-file-map /Users/jacksonsweet/Library/Developer/Xcode/DerivedData/OPS-czavgtmnvamasvcjgszzuulfcsxj/Build/Intermediates.noindex/OPS.build/Debug-iphonesimulator/OPS.build/Objects-normal/arm64/supplementaryOutputs-2 -emit-localized-strings -emit-localized-strings-path /Users/jacksonsweet/Library/Developer/Xcode/DerivedData/OPS-czavgtmnvamasvcjgszzuulfcsxj/Build/Intermediates.noindex/OPS.build/Debug-iphonesimulator/OPS.build/Objects-normal/arm64 -target arm64-apple-ios18.2-simulator -Xllvm -aarch64-use-tbi -enable-objc-interop -sdk /Applications/Xcode.app/Contents/Developer/Platforms/iPhoneSimulator.platform/Developer/SDKs/iPhoneSimulator18.2.sdk -I /Users/jacksonsweet/Library/Developer/Xcode/DerivedData/OPS-czavgtmnvamasvcjgszzuulfcsxj/Build/Products/Debug-iphonesimulator -F /Users/jacksonsweet/Library/Developer/Xcode/DerivedData/OPS-czavgtmnvamasvcjgszzuulfcsxj/Build/Products/Debug-iphonesimulator -no-color-diagnostics -enable-testing -g -debug-info-format\=dwarf -dwarf-version\=5 -module-cache-path /Users/jacksonsweet/Library/Developer/Xcode/DerivedData/ModuleCache.noindex -profile-generate -profile-coverage-mapping -swift-version 5 -enforce-exclusivity\=checked -Onone -D DEBUG -serialize-debugging-options -const-gather-protocols-file /Users/jacksonsweet/Library/Developer/Xcode/DerivedData/OPS-czavgtmnvamasvcjgszzuulfcsxj/Build/Intermediates.noindex/OPS.build/Debug-iphonesimulator/OPS.build/Objects-normal/arm64/OPS_const_extract_protocols.json -enable-experimental-feature DebugDescriptionMacro -enable-experimental-feature OpaqueTypeErasure -enable-bare-slash-regex -empty-abi-descriptor -validate-clang-modules-once -clang-build-session-file /Users/jacksonsweet/Library/Developer/Xcode/DerivedData/ModuleCache.noindex/Session.modulevalidation -Xcc -working-directory -Xcc /Users/jacksonsweet/Desktop/OPS\ APP/OPS -resource-dir /Applications/Xcode.app/Contents/Developer/Toolchains/XcodeDefault.xctoolchain/usr/lib/swift -enable-anonymous-context-mangled-names -file-compilation-dir /Users/jacksonsweet/Desktop/OPS\ APP/OPS -Xcc -D_LIBCPP_HARDENING_MODE\=_LIBCPP_HARDENING_MODE_DEBUG -Xcc -ivfsstatcache -Xcc /Users/jacksonsweet/Library/Developer/Xcode/DerivedData/SDKStatCaches.noindex/iphonesimulator18.2-22C146-07b28473f605e47e75261259d3ef3b5a.sdkstatcache -Xcc -I/Users/jacksonsweet/Library/Developer/Xcode/DerivedData/OPS-czavgtmnvamasvcjgszzuulfcsxj/Build/Intermediates.noindex/OPS.build/Debug-iphonesimulator/OPS.build/swift-overrides.hmap -Xcc -iquote -Xcc /Users/jacksonsweet/Library/Developer/Xcode/DerivedData/OPS-czavgtmnvamasvcjgszzuulfcsxj/Build/Intermediates.noindex/OPS.build/Debug-iphonesimulator/OPS.build/OPS-generated-files.hmap -Xcc -I/Users/jacksonsweet/Library/Developer/Xcode/DerivedData/OPS-czavgtmnvamasvcjgszzuulfcsxj/Build/Intermediates.noindex/OPS.build/Debug-iphonesimulator/OPS.build/OPS-own-target-headers.hmap -Xcc -I/Users/jacksonsweet/Library/Developer/Xcode/DerivedData/OPS-czavgtmnvamasvcjgszzuulfcsxj/Build/Intermediates.noindex/OPS.build/Debug-iphonesimulator/OPS.build/OPS-all-target-headers.hmap -Xcc -iquote -Xcc /Users/jacksonsweet/Library/Developer/Xcode/DerivedData/OPS-czavgtmnvamasvcjgszzuulfcsxj/Build/Intermediates.noindex/OPS.build/Debug-iphonesimulator/OPS.build/OPS-project-headers.hmap -Xcc -I/Users/jacksonsweet/Library/Developer/Xcode/DerivedData/OPS-czavgtmnvamasvcjgszzuulfcsxj/Build/Products/Debug-iphonesimulator/include -Xcc -I/Users/jacksonsweet/Library/Developer/Xcode/DerivedData/OPS-czavgtmnvamasvcjgszzuulfcsxj/Build/Intermediates.noindex/OPS.build/Debug-iphonesimulator/OPS.build/DerivedSources-normal/arm64 -Xcc -I/Users/jacksonsweet/Library/Developer/Xcode/DerivedData/OPS-czavgtmnvamasvcjgszzuulfcsxj/Build/Intermediates.noindex/OPS.build/Debug-iphonesimulator/OPS.build/DerivedSources/arm64 -Xcc -I/Users/jacksonsweet/Library/Developer/Xcode/DerivedData/OPS-czavgtmnvamasvcjgszzuulfcsxj/Build/Intermediates.noindex/OPS.build/Debug-iphonesimulator/OPS.build/DerivedSources -Xcc -DDEBUG\=1 -module-name OPS -frontend-parseable-output -disable-clang-spi -target-sdk-version 18.2 -target-sdk-name iphonesimulator18.2 -external-plugin-path /Applications/Xcode.app/Contents/Developer/Platforms/iPhoneOS.platform/Developer/usr/lib/swift/host/plugins\#/Applications/Xcode.app/Contents/Developer/Platforms/iPhoneOS.platform/Developer/usr/bin/swift-plugin-server -external-plugin-path /Applications/Xcode.app/Contents/Developer/Platforms/iPhoneOS.platform/Developer/usr/local/lib/swift/host/plugins\#/Applications/Xcode.app/Contents/Developer/Platforms/iPhoneOS.platform/Developer/usr/bin/swift-plugin-server -plugin-path /Applications/Xcode.app/Contents/Developer/Toolchains/XcodeDefault.xctoolchain/usr/lib/swift/host/plugins -plugin-path /Applications/Xcode.app/Contents/Developer/Toolchains/XcodeDefault.xctoolchain/usr/local/lib/swift/host/plugins -o /Users/jacksonsweet/Library/Developer/Xcode/DerivedData/OPS-czavgtmnvamasvcjgszzuulfcsxj/Build/Intermediates.noindex/OPS.build/Debug-iphonesimulator/OPS.build/Objects-normal/arm64/KeychainManager.o -o /Users/jacksonsweet/Library/Developer/Xcode/DerivedData/OPS-czavgtmnvamasvcjgszzuulfcsxj/Build/Intermediates.noindex/OPS.build/Debug-iphonesimulator/OPS.build/Objects-normal/arm64/CompanyDTO.o -o /Users/jacksonsweet/Library/Developer/Xcode/DerivedData/OPS-czavgtmnvamasvcjgszzuulfcsxj/Build/Intermediates.noindex/OPS.build/Debug-iphonesimulator/OPS.build/Objects-normal/arm64/ProjectDTO.o -o /Users/jacksonsweet/Library/Developer/Xcode/DerivedData/OPS-czavgtmnvamasvcjgszzuulfcsxj/Build/Intermediates.noindex/OPS.build/Debug-iphonesimulator/OPS.build/Objects-normal/arm64/UserDTO.o -o /Users/jacksonsweet/Library/Developer/Xcode/DerivedData/OPS-czavgtmnvamasvcjgszzuulfcsxj/Build/Intermediates.noindex/OPS.build/Debug-iphonesimulator/OPS.build/Objects-normal/arm64/CompanyEndpoints.o -o /Users/jacksonsweet/Library/Developer/Xcode/DerivedData/OPS-czavgtmnvamasvcjgszzuulfcsxj/Build/Intermediates.noindex/OPS.build/Debug-iphonesimulator/OPS.build/Objects-normal/arm64/ProjectEndpoints.o -o /Users/jacksonsweet/Library/Developer/Xcode/DerivedData/OPS-czavgtmnvamasvcjgszzuulfcsxj/Build/Intermediates.noindex/OPS.build/Debug-iphonesimulator/OPS.build/Objects-normal/arm64/UserEndpoints.o -o /Users/jacksonsweet/Library/Developer/Xcode/DerivedData/OPS-czavgtmnvamasvcjgszzuulfcsxj/Build/Intermediates.noindex/OPS.build/Debug-iphonesimulator/OPS.build/Objects-normal/arm64/BackgroundTaskManager.o -o /Users/jacksonsweet/Library/Developer/Xcode/DerivedData/OPS-czavgtmnvamasvcjgszzuulfcsxj/Build/Intermediates.noindex/OPS.build/Debug-iphonesimulator/OPS.build/Objects-normal/arm64/SyncManager.o -o /Users/jacksonsweet/Library/Developer/Xcode/DerivedData/OPS-czavgtmnvamasvcjgszzuulfcsxj/Build/Intermediates.noindex/OPS.build/Debug-iphonesimulator/OPS.build/Objects-normal/arm64/ConnectivityMonitor.o -o /Users/jacksonsweet/Library/Developer/Xcode/DerivedData/OPS-czavgtmnvamasvcjgszzuulfcsxj/Build/Intermediates.noindex/OPS.build/Debug-iphonesimulator/OPS.build/Objects-normal/arm64/ImageSyncManager.o -o /Users/jacksonsweet/Library/Developer/Xcode/DerivedData/OPS-czavgtmnvamasvcjgszzuulfcsxj/Build/Intermediates.noindex/OPS.build/Debug-iphonesimulator/OPS.build/Objects-normal/arm64/OnboardingCoordinator.o -o /Users/jacksonsweet/Library/Developer/Xcode/DerivedData/OPS-czavgtmnvamasvcjgszzuulfcsxj/Build/Intermediates.noindex/OPS.build/Debug-iphonesimulator/OPS.build/Objects-normal/arm64/OnboardingModels.o -index-unit-output-path /OPS.build/Debug-iphonesimulator/OPS.build/Objects-normal/arm64/KeychainManager.o -index-unit-output-path /OPS.build/Debug-iphonesimulator/OPS.build/Objects-normal/arm64/CompanyDTO.o -index-unit-output-path /OPS.build/Debug-iphonesimulator/OPS.build/Objects-normal/arm64/ProjectDTO.o -index-unit-output-path /OPS.build/Debug-iphonesimulator/OPS.build/Objects-normal/arm64/UserDTO.o -index-unit-output-path /OPS.build/Debug-iphonesimulator/OPS.build/Objects-normal/arm64/CompanyEndpoints.o -index-unit-output-path /OPS.build/Debug-iphonesimulator/OPS.build/Objects-normal/arm64/ProjectEndpoints.o -index-unit-output-path /OPS.build/Debug-iphonesimulator/OPS.build/Objects-normal/arm64/UserEndpoints.o -index-unit-output-path /OPS.build/Debug-iphonesimulator/OPS.build/Objects-normal/arm64/BackgroundTaskManager.o -index-unit-output-path /OPS.build/Debug-iphonesimulator/OPS.build/Objects-normal/arm64/SyncManager.o -index-unit-output-path /OPS.build/Debug-iphonesimulator/OPS.build/Objects-normal/arm64/ConnectivityMonitor.o -index-unit-output-path /OPS.build/Debug-iphonesimulator/OPS.build/Objects-normal/arm64/ImageSyncManager.o -index-unit-output-path /OPS.build/Debug-iphonesimulator/OPS.build/Objects-normal/arm64/OnboardingCoordinator.o -index-unit-output-path /OPS.build/Debug-iphonesimulator/OPS.build/Objects-normal/arm64/OnboardingModels.o -index-store-path /Users/jacksonsweet/Library/Developer/Xcode/DerivedData/OPS-czavgtmnvamasvcjgszzuulfcsxj/Index.noindex/DataStore -index-system-modules

SwiftCompile normal arm64 /Users/jacksonsweet/Desktop/OPS\ APP/OPS/OPS/Network/ConnectivityMonitor.swift (in target 'OPS' from project 'OPS')
    cd /Users/jacksonsweet/Desktop/OPS\ APP/OPS
    /Applications/Xcode.app/Contents/Developer/Toolchains/XcodeDefault.xctoolchain/usr/bin/swift-frontend -c /Users/jacksonsweet/Desktop/OPS\ APP/OPS/OPS/DataModels/BubbleImage.swift /Users/jacksonsweet/Desktop/OPS\ APP/OPS/OPS/DataModels/BubbleTypes.swift /Users/jacksonsweet/Desktop/OPS\ APP/OPS/OPS/DataModels/Company.swift /Users/jacksonsweet/Desktop/OPS\ APP/OPS/OPS/DataModels/Project.swift /Users/jacksonsweet/Desktop/OPS\ APP/OPS/OPS/DataModels/Status.swift /Users/jacksonsweet/Desktop/OPS\ APP/OPS/OPS/DataModels/User.swift /Users/jacksonsweet/Desktop/OPS\ APP/OPS/OPS/DataModels/UserRole.swift /Users/jacksonsweet/Desktop/OPS\ APP/OPS/OPS/Extensions/UIImage+Extensions.swift /Users/jacksonsweet/Desktop/OPS\ APP/OPS/OPS/Network/API/APIError.swift /Users/jacksonsweet/Desktop/OPS\ APP/OPS/OPS/Network/API/APIService.swift /Users/jacksonsweet/Desktop/OPS\ APP/OPS/OPS/Network/API/BubbleFields.swift /Users/jacksonsweet/Desktop/OPS\ APP/OPS/OPS/Network/Auth/AuthError.swift /Users/jacksonsweet/Desktop/OPS\ APP/OPS/OPS/Network/Auth/AuthManager.swift -primary-file /Users/jacksonsweet/Desktop/OPS\ APP/OPS/OPS/Network/Auth/KeychainManager.swift -primary-file /Users/jacksonsweet/Desktop/OPS\ APP/OPS/OPS/Network/DTOs/CompanyDTO.swift -primary-file /Users/jacksonsweet/Desktop/OPS\ APP/OPS/OPS/Network/DTOs/ProjectDTO.swift -primary-file /Users/jacksonsweet/Desktop/OPS\ APP/OPS/OPS/Network/DTOs/UserDTO.swift -primary-file /Users/jacksonsweet/Desktop/OPS\ APP/OPS/OPS/Network/Endpoints/CompanyEndpoints.swift -primary-file /Users/jacksonsweet/Desktop/OPS\ APP/OPS/OPS/Network/Endpoints/ProjectEndpoints.swift -primary-file /Users/jacksonsweet/Desktop/OPS\ APP/OPS/OPS/Network/Endpoints/UserEndpoints.swift -primary-file /Users/jacksonsweet/Desktop/OPS\ APP/OPS/OPS/Network/Sync/BackgroundTaskManager.swift -primary-file /Users/jacksonsweet/Desktop/OPS\ APP/OPS/OPS/Network/Sync/SyncManager.swift -primary-file /Users/jacksonsweet/Desktop/OPS\ APP/OPS/OPS/Network/ConnectivityMonitor.swift -primary-file /Users/jacksonsweet/Desktop/OPS\ APP/OPS/OPS/Network/ImageSyncManager.swift -primary-file /Users/jacksonsweet/Desktop/OPS\ APP/OPS/OPS/Onboarding/Coordinators/OnboardingCoordinator.swift -primary-file /Users/jacksonsweet/Desktop/OPS\ APP/OPS/OPS/Onboarding/Models/OnboardingModels.swift /Users/jacksonsweet/Desktop/OPS\ APP/OPS/OPS/Onboarding/Services/OnboardingService.swift /Users/jacksonsweet/Desktop/OPS\ APP/OPS/OPS/Onboarding/ViewModels/OnboardingViewModel.swift /Users/jacksonsweet/Desktop/OPS\ APP/OPS/OPS/Onboarding/Views/Components/OnboardingComponents.swift /Users/jacksonsweet/Desktop/OPS\ APP/OPS/OPS/Onboarding/Views/Screens/AccountCreatedView.swift /Users/jacksonsweet/Desktop/OPS\ APP/OPS/OPS/Onboarding/Views/Screens/CompanyCodeView.swift /Users/jacksonsweet/Desktop/OPS\ APP/OPS/OPS/Onboarding/Views/Screens/CompanyCodeViewPreview.swift /Users/jacksonsweet/Desktop/OPS\ APP/OPS/OPS/Onboarding/Views/Screens/CompletionView.swift /Users/jacksonsweet/Desktop/OPS\ APP/OPS/OPS/Onboarding/Views/Screens/CompletionViewPreview.swift /Users/jacksonsweet/Desktop/OPS\ APP/OPS/OPS/Onboarding/Views/Screens/EmailView.swift /Users/jacksonsweet/Desktop/OPS\ APP/OPS/OPS/Onboarding/Views/Screens/FieldSetupView.swift /Users/jacksonsweet/Desktop/OPS\ APP/OPS/OPS/Onboarding/Views/Screens/NotificationsView.swift /Users/jacksonsweet/Desktop/OPS\ APP/OPS/OPS/Onboarding/Views/Screens/NotificationsViewPreview.swift /Users/jacksonsweet/Desktop/OPS\ APP/OPS/OPS/Onboarding/Views/Screens/OrganizationJoinView.swift /Users/jacksonsweet/Desktop/OPS\ APP/OPS/OPS/Onboarding/Views/Screens/PasswordView.swift /Users/jacksonsweet/Desktop/OPS\ APP/OPS/OPS/Onboarding/Views/Screens/PasswordViewPreview.swift /Users/jacksonsweet/Desktop/OPS\ APP/OPS/OPS/Onboarding/Views/Screens/PermissionsView.swift /Users/jacksonsweet/Desktop/OPS\ APP/OPS/OPS/Onboarding/Views/Screens/PermissionsViewPreview.swift /Users/jacksonsweet/Desktop/OPS\ APP/OPS/OPS/Onboarding/Views/Screens/PhoneNumberView.swift /Users/jacksonsweet/Desktop/OPS\ APP/OPS/OPS/Onboarding/Views/Screens/PhoneNumberViewPreview.swift /Users/jacksonsweet/Desktop/OPS\ APP/OPS/OPS/Onboarding/Views/Screens/UserInfoView.swift /Users/jacksonsweet/Desktop/OPS\ APP/OPS/OPS/Onboarding/Views/Screens/UserInfoViewPreview.swift /Users/jacksonsweet/Desktop/OPS\ APP/OPS/OPS/Onboarding/Views/Screens/VerifyPhoneView.swift /Users/jacksonsweet/Desktop/OPS\ APP/OPS/OPS/Onboarding/Views/Screens/WelcomeCompanyView.swift /Users/jacksonsweet/Desktop/OPS\ APP/OPS/OPS/Onboarding/Views/Screens/WelcomeCompanyViewPreview.swift /Users/jacksonsweet/Desktop/OPS\ APP/OPS/OPS/Onboarding/Views/Screens/WelcomeView.swift /Users/jacksonsweet/Desktop/OPS\ APP/OPS/OPS/Onboarding/Views/Screens/WelcomeViewPreview.swift /Users/jacksonsweet/Desktop/OPS\ APP/OPS/OPS/Onboarding/Views/OnboardingContainerView.swift /Users/jacksonsweet/Desktop/OPS\ APP/OPS/OPS/Onboarding/Views/OnboardingFlowPreview.swift /Users/jacksonsweet/Desktop/OPS\ APP/OPS/OPS/Onboarding/Views/OnboardingPresenter.swift /Users/jacksonsweet/Desktop/OPS\ APP/OPS/OPS/Onboarding/Views/OnboardingPreviewHelpers.swift /Users/jacksonsweet/Desktop/OPS\ APP/OPS/OPS/Styles/OPSStyle.swift /Users/jacksonsweet/Desktop/OPS\ APP/OPS/OPS/Utilities/AppConfiguration.swift /Users/jacksonsweet/Desktop/OPS\ APP/OPS/OPS/Utilities/ArrayTransformer.swift /Users/jacksonsweet/Desktop/OPS\ APP/OPS/OPS/Utilities/DataController.swift /Users/jacksonsweet/Desktop/OPS\ APP/OPS/OPS/Utilities/Dateformatter\ +Bubble.swift /Users/jacksonsweet/Desktop/OPS\ APP/OPS/OPS/Utilities/DateHelper.swift /Users/jacksonsweet/Desktop/OPS\ APP/OPS/OPS/Utilities/FieldErrorHandler.swift /Users/jacksonsweet/Desktop/OPS\ APP/OPS/OPS/Utilities/ImageCache.swift /Users/jacksonsweet/Desktop/OPS\ APP/OPS/OPS/Utilities/ImageFileManager.swift /Users/jacksonsweet/Desktop/OPS\ APP/OPS/OPS/Utilities/InProgressManager.swift /Users/jacksonsweet/Desktop/OPS\ APP/OPS/OPS/Utilities/KeyboardDismissalModifier.swift /Users/jacksonsweet/Desktop/OPS\ APP/OPS/OPS/Utilities/LocationManager.swift /Users/jacksonsweet/Desktop/OPS\ APP/OPS/OPS/Utilities/OnboardingEnvironmentKey.swift /Users/jacksonsweet/Desktop/OPS\ APP/OPS/OPS/Utilities/SwiftDataHelper.swift /Users/jacksonsweet/Desktop/OPS\ APP/OPS/OPS/Utilities/UIComponents.swift /Users/jacksonsweet/Desktop/OPS\ APP/OPS/OPS/V2/CertificationsSettingsView.swift /Users/jacksonsweet/Desktop/OPS\ APP/OPS/OPS/ViewModels/CalendarViewModel.swift /Users/jacksonsweet/Desktop/OPS\ APP/OPS/OPS/ViewModels/ProjectsViewModel.swift /Users/jacksonsweet/Desktop/OPS\ APP/OPS/OPS/Views/Calendar\ Tab/Components/CalendarDaySelector.swift /Users/jacksonsweet/Desktop/OPS\ APP/OPS/OPS/Views/Calendar\ Tab/Components/CalendarHeaderView.swift /Users/jacksonsweet/Desktop/OPS\ APP/OPS/OPS/Views/Calendar\ Tab/Components/CalendarProjectCard.swift /Users/jacksonsweet/Desktop/OPS\ APP/OPS/OPS/Views/Calendar\ Tab/Components/CalendarToggleView.swift /Users/jacksonsweet/Desktop/OPS\ APP/OPS/OPS/Views/Calendar\ Tab/Components/DatePickerPopover.swift /Users/jacksonsweet/Desktop/OPS\ APP/OPS/OPS/Views/Calendar\ Tab/Components/DayCell.swift /Users/jacksonsweet/Desktop/OPS\ APP/OPS/OPS/Views/Calendar\ Tab/ProjectViews/DayProjectSheet.swift /Users/jacksonsweet/Desktop/OPS\ APP/OPS/OPS/Views/Calendar\ Tab/ProjectViews/ProjectListView.swift /Users/jacksonsweet/Desktop/OPS\ APP/OPS/OPS/Views/Calendar\ Tab/MonthGridView.swift /Users/jacksonsweet/Desktop/OPS\ APP/OPS/OPS/Views/Components/Common/AppHeader.swift /Users/jacksonsweet/Desktop/OPS\ APP/OPS/OPS/Views/Components/Common/ExpandableNotesView.swift /Users/jacksonsweet/Desktop/OPS\ APP/OPS/OPS/Views/Components/Common/LocationPermissionView.swift /Users/jacksonsweet/Desktop/OPS\ APP/OPS/OPS/Views/Components/Common/NavigationBanner.swift /Users/jacksonsweet/Desktop/OPS\ APP/OPS/OPS/Views/Components/Common/NavigationControlsView.swift /Users/jacksonsweet/Desktop/OPS\ APP/OPS/OPS/Views/Components/Common/TabBarBackground.swift /Users/jacksonsweet/Desktop/OPS\ APP/OPS/OPS/Views/Components/Images/ImagePicker.swift /Users/jacksonsweet/Desktop/OPS\ APP/OPS/OPS/Views/Components/Images/ImagePickerView.swift /Users/jacksonsweet/Desktop/OPS\ APP/OPS/OPS/Views/Components/Images/ProjectImagesSection.swift /Users/jacksonsweet/Desktop/OPS\ APP/OPS/OPS/Views/Components/Images/ProjectImagesSimple.swift /Users/jacksonsweet/Desktop/OPS\ APP/OPS/OPS/Views/Components/Images/ProjectImageView.swift /Users/jacksonsweet/Desktop/OPS\ APP/OPS/OPS/Views/Components/Images/ProjectPhotosGrid.swift /Users/jacksonsweet/Desktop/OPS\ APP/OPS/OPS/Views/Components/Map/MiniMapView.swift /Users/jacksonsweet/Desktop/OPS\ APP/OPS/OPS/Views/Components/Map/ProjectMapAnnotation.swift /Users/jacksonsweet/Desktop/OPS\ APP/OPS/OPS/Views/Components/Map/ProjectMapView.swift /Users/jacksonsweet/Desktop/OPS\ APP/OPS/OPS/Views/Components/Map/ProjectMarkerPopup.swift /Users/jacksonsweet/Desktop/OPS\ APP/OPS/OPS/Views/Components/Map/RouteDirectionsView.swift /Users/jacksonsweet/Desktop/OPS\ APP/OPS/OPS/Views/Components/Project/ProjectActionBar.swift /Users/jacksonsweet/Desktop/OPS\ APP/OPS/OPS/Views/Components/Project/ProjectCard.swift /Users/jacksonsweet/Desktop/OPS\ APP/OPS/OPS/Views/Components/Project/ProjectCarousel.swift /Users/jacksonsweet/Desktop/OPS\ APP/OPS/OPS/Views/Components/Project/ProjectDetailsView.swift /Users/jacksonsweet/Desktop/OPS\ APP/OPS/OPS/Views/Components/Project/ProjectHeader.swift /Users/jacksonsweet/Desktop/OPS\ APP/OPS/OPS/Views/Components/Project/ProjectSheetContainer.swift /Users/jacksonsweet/Desktop/OPS\ APP/OPS/OPS/Views/Components/User/TeamMemberListView.swift /Users/jacksonsweet/Desktop/OPS\ APP/OPS/OPS/Views/Components/User/UserProfileCard.swift /Users/jacksonsweet/Desktop/OPS\ APP/OPS/OPS/Views/Home/HomeContentView.swift /Users/jacksonsweet/Desktop/OPS\ APP/OPS/OPS/Views/Home/HomeView.swift /Users/jacksonsweet/Desktop/OPS\ APP/OPS/OPS/Views/Settings/OrganizationSettingsView.swift /Users/jacksonsweet/Desktop/OPS\ APP/OPS/OPS/Views/Settings/ProfileSettingsView.swift /Users/jacksonsweet/Desktop/OPS\ APP/OPS/OPS/Views/Settings/ProjectHistorySettingsView.swift /Users/jacksonsweet/Desktop/OPS\ APP/OPS/OPS/Views/LoginView.swift /Users/jacksonsweet/Desktop/OPS\ APP/OPS/OPS/Views/LoginViewPreview.swift /Users/jacksonsweet/Desktop/OPS\ APP/OPS/OPS/Views/MainTabView.swift /Users/jacksonsweet/Desktop/OPS\ APP/OPS/OPS/Views/NetworkStatusIndicator.swift /Users/jacksonsweet/Desktop/OPS\ APP/OPS/OPS/Views/ScheduleView.swift /Users/jacksonsweet/Desktop/OPS\ APP/OPS/OPS/Views/SettingsView.swift /Users/jacksonsweet/Desktop/OPS\ APP/OPS/OPS/Views/SplashScreen.swift /Users/jacksonsweet/Desktop/OPS\ APP/OPS/OPS/AppState.swift /Users/jacksonsweet/Desktop/OPS\ APP/OPS/OPS/ContentView.swift /Users/jacksonsweet/Desktop/OPS\ APP/OPS/OPS/Item.swift /Users/jacksonsweet/Desktop/OPS\ APP/OPS/OPS/OPSApp.swift /Users/jacksonsweet/Library/Developer/Xcode/DerivedData/OPS-czavgtmnvamasvcjgszzuulfcsxj/Build/Intermediates.noindex/OPS.build/Debug-iphonesimulator/OPS.build/DerivedSources/GeneratedAssetSymbols.swift -supplementary-output-file-map /Users/jacksonsweet/Library/Developer/Xcode/DerivedData/OPS-czavgtmnvamasvcjgszzuulfcsxj/Build/Intermediates.noindex/OPS.build/Debug-iphonesimulator/OPS.build/Objects-normal/arm64/supplementaryOutputs-2 -emit-localized-strings -emit-localized-strings-path /Users/jacksonsweet/Library/Developer/Xcode/DerivedData/OPS-czavgtmnvamasvcjgszzuulfcsxj/Build/Intermediates.noindex/OPS.build/Debug-iphonesimulator/OPS.build/Objects-normal/arm64 -target arm64-apple-ios18.2-simulator -Xllvm -aarch64-use-tbi -enable-objc-interop -sdk /Applications/Xcode.app/Contents/Developer/Platforms/iPhoneSimulator.platform/Developer/SDKs/iPhoneSimulator18.2.sdk -I /Users/jacksonsweet/Library/Developer/Xcode/DerivedData/OPS-czavgtmnvamasvcjgszzuulfcsxj/Build/Products/Debug-iphonesimulator -F /Users/jacksonsweet/Library/Developer/Xcode/DerivedData/OPS-czavgtmnvamasvcjgszzuulfcsxj/Build/Products/Debug-iphonesimulator -no-color-diagnostics -enable-testing -g -debug-info-format\=dwarf -dwarf-version\=5 -module-cache-path /Users/jacksonsweet/Library/Developer/Xcode/DerivedData/ModuleCache.noindex -profile-generate -profile-coverage-mapping -swift-version 5 -enforce-exclusivity\=checked -Onone -D DEBUG -serialize-debugging-options -const-gather-protocols-file /Users/jacksonsweet/Library/Developer/Xcode/DerivedData/OPS-czavgtmnvamasvcjgszzuulfcsxj/Build/Intermediates.noindex/OPS.build/Debug-iphonesimulator/OPS.build/Objects-normal/arm64/OPS_const_extract_protocols.json -enable-experimental-feature DebugDescriptionMacro -enable-experimental-feature OpaqueTypeErasure -enable-bare-slash-regex -empty-abi-descriptor -validate-clang-modules-once -clang-build-session-file /Users/jacksonsweet/Library/Developer/Xcode/DerivedData/ModuleCache.noindex/Session.modulevalidation -Xcc -working-directory -Xcc /Users/jacksonsweet/Desktop/OPS\ APP/OPS -resource-dir /Applications/Xcode.app/Contents/Developer/Toolchains/XcodeDefault.xctoolchain/usr/lib/swift -enable-anonymous-context-mangled-names -file-compilation-dir /Users/jacksonsweet/Desktop/OPS\ APP/OPS -Xcc -D_LIBCPP_HARDENING_MODE\=_LIBCPP_HARDENING_MODE_DEBUG -Xcc -ivfsstatcache -Xcc /Users/jacksonsweet/Library/Developer/Xcode/DerivedData/SDKStatCaches.noindex/iphonesimulator18.2-22C146-07b28473f605e47e75261259d3ef3b5a.sdkstatcache -Xcc -I/Users/jacksonsweet/Library/Developer/Xcode/DerivedData/OPS-czavgtmnvamasvcjgszzuulfcsxj/Build/Intermediates.noindex/OPS.build/Debug-iphonesimulator/OPS.build/swift-overrides.hmap -Xcc -iquote -Xcc /Users/jacksonsweet/Library/Developer/Xcode/DerivedData/OPS-czavgtmnvamasvcjgszzuulfcsxj/Build/Intermediates.noindex/OPS.build/Debug-iphonesimulator/OPS.build/OPS-generated-files.hmap -Xcc -I/Users/jacksonsweet/Library/Developer/Xcode/DerivedData/OPS-czavgtmnvamasvcjgszzuulfcsxj/Build/Intermediates.noindex/OPS.build/Debug-iphonesimulator/OPS.build/OPS-own-target-headers.hmap -Xcc -I/Users/jacksonsweet/Library/Developer/Xcode/DerivedData/OPS-czavgtmnvamasvcjgszzuulfcsxj/Build/Intermediates.noindex/OPS.build/Debug-iphonesimulator/OPS.build/OPS-all-target-headers.hmap -Xcc -iquote -Xcc /Users/jacksonsweet/Library/Developer/Xcode/DerivedData/OPS-czavgtmnvamasvcjgszzuulfcsxj/Build/Intermediates.noindex/OPS.build/Debug-iphonesimulator/OPS.build/OPS-project-headers.hmap -Xcc -I/Users/jacksonsweet/Library/Developer/Xcode/DerivedData/OPS-czavgtmnvamasvcjgszzuulfcsxj/Build/Products/Debug-iphonesimulator/include -Xcc -I/Users/jacksonsweet/Library/Developer/Xcode/DerivedData/OPS-czavgtmnvamasvcjgszzuulfcsxj/Build/Intermediates.noindex/OPS.build/Debug-iphonesimulator/OPS.build/DerivedSources-normal/arm64 -Xcc -I/Users/jacksonsweet/Library/Developer/Xcode/DerivedData/OPS-czavgtmnvamasvcjgszzuulfcsxj/Build/Intermediates.noindex/OPS.build/Debug-iphonesimulator/OPS.build/DerivedSources/arm64 -Xcc -I/Users/jacksonsweet/Library/Developer/Xcode/DerivedData/OPS-czavgtmnvamasvcjgszzuulfcsxj/Build/Intermediates.noindex/OPS.build/Debug-iphonesimulator/OPS.build/DerivedSources -Xcc -DDEBUG\=1 -module-name OPS -frontend-parseable-output -disable-clang-spi -target-sdk-version 18.2 -target-sdk-name iphonesimulator18.2 -external-plugin-path /Applications/Xcode.app/Contents/Developer/Platforms/iPhoneOS.platform/Developer/usr/lib/swift/host/plugins\#/Applications/Xcode.app/Contents/Developer/Platforms/iPhoneOS.platform/Developer/usr/bin/swift-plugin-server -external-plugin-path /Applications/Xcode.app/Contents/Developer/Platforms/iPhoneOS.platform/Developer/usr/local/lib/swift/host/plugins\#/Applications/Xcode.app/Contents/Developer/Platforms/iPhoneOS.platform/Developer/usr/bin/swift-plugin-server -plugin-path /Applications/Xcode.app/Contents/Developer/Toolchains/XcodeDefault.xctoolchain/usr/lib/swift/host/plugins -plugin-path /Applications/Xcode.app/Contents/Developer/Toolchains/XcodeDefault.xctoolchain/usr/local/lib/swift/host/plugins -o /Users/jacksonsweet/Library/Developer/Xcode/DerivedData/OPS-czavgtmnvamasvcjgszzuulfcsxj/Build/Intermediates.noindex/OPS.build/Debug-iphonesimulator/OPS.build/Objects-normal/arm64/KeychainManager.o -o /Users/jacksonsweet/Library/Developer/Xcode/DerivedData/OPS-czavgtmnvamasvcjgszzuulfcsxj/Build/Intermediates.noindex/OPS.build/Debug-iphonesimulator/OPS.build/Objects-normal/arm64/CompanyDTO.o -o /Users/jacksonsweet/Library/Developer/Xcode/DerivedData/OPS-czavgtmnvamasvcjgszzuulfcsxj/Build/Intermediates.noindex/OPS.build/Debug-iphonesimulator/OPS.build/Objects-normal/arm64/ProjectDTO.o -o /Users/jacksonsweet/Library/Developer/Xcode/DerivedData/OPS-czavgtmnvamasvcjgszzuulfcsxj/Build/Intermediates.noindex/OPS.build/Debug-iphonesimulator/OPS.build/Objects-normal/arm64/UserDTO.o -o /Users/jacksonsweet/Library/Developer/Xcode/DerivedData/OPS-czavgtmnvamasvcjgszzuulfcsxj/Build/Intermediates.noindex/OPS.build/Debug-iphonesimulator/OPS.build/Objects-normal/arm64/CompanyEndpoints.o -o /Users/jacksonsweet/Library/Developer/Xcode/DerivedData/OPS-czavgtmnvamasvcjgszzuulfcsxj/Build/Intermediates.noindex/OPS.build/Debug-iphonesimulator/OPS.build/Objects-normal/arm64/ProjectEndpoints.o -o /Users/jacksonsweet/Library/Developer/Xcode/DerivedData/OPS-czavgtmnvamasvcjgszzuulfcsxj/Build/Intermediates.noindex/OPS.build/Debug-iphonesimulator/OPS.build/Objects-normal/arm64/UserEndpoints.o -o /Users/jacksonsweet/Library/Developer/Xcode/DerivedData/OPS-czavgtmnvamasvcjgszzuulfcsxj/Build/Intermediates.noindex/OPS.build/Debug-iphonesimulator/OPS.build/Objects-normal/arm64/BackgroundTaskManager.o -o /Users/jacksonsweet/Library/Developer/Xcode/DerivedData/OPS-czavgtmnvamasvcjgszzuulfcsxj/Build/Intermediates.noindex/OPS.build/Debug-iphonesimulator/OPS.build/Objects-normal/arm64/SyncManager.o -o /Users/jacksonsweet/Library/Developer/Xcode/DerivedData/OPS-czavgtmnvamasvcjgszzuulfcsxj/Build/Intermediates.noindex/OPS.build/Debug-iphonesimulator/OPS.build/Objects-normal/arm64/ConnectivityMonitor.o -o /Users/jacksonsweet/Library/Developer/Xcode/DerivedData/OPS-czavgtmnvamasvcjgszzuulfcsxj/Build/Intermediates.noindex/OPS.build/Debug-iphonesimulator/OPS.build/Objects-normal/arm64/ImageSyncManager.o -o /Users/jacksonsweet/Library/Developer/Xcode/DerivedData/OPS-czavgtmnvamasvcjgszzuulfcsxj/Build/Intermediates.noindex/OPS.build/Debug-iphonesimulator/OPS.build/Objects-normal/arm64/OnboardingCoordinator.o -o /Users/jacksonsweet/Library/Developer/Xcode/DerivedData/OPS-czavgtmnvamasvcjgszzuulfcsxj/Build/Intermediates.noindex/OPS.build/Debug-iphonesimulator/OPS.build/Objects-normal/arm64/OnboardingModels.o -index-unit-output-path /OPS.build/Debug-iphonesimulator/OPS.build/Objects-normal/arm64/KeychainManager.o -index-unit-output-path /OPS.build/Debug-iphonesimulator/OPS.build/Objects-normal/arm64/CompanyDTO.o -index-unit-output-path /OPS.build/Debug-iphonesimulator/OPS.build/Objects-normal/arm64/ProjectDTO.o -index-unit-output-path /OPS.build/Debug-iphonesimulator/OPS.build/Objects-normal/arm64/UserDTO.o -index-unit-output-path /OPS.build/Debug-iphonesimulator/OPS.build/Objects-normal/arm64/CompanyEndpoints.o -index-unit-output-path /OPS.build/Debug-iphonesimulator/OPS.build/Objects-normal/arm64/ProjectEndpoints.o -index-unit-output-path /OPS.build/Debug-iphonesimulator/OPS.build/Objects-normal/arm64/UserEndpoints.o -index-unit-output-path /OPS.build/Debug-iphonesimulator/OPS.build/Objects-normal/arm64/BackgroundTaskManager.o -index-unit-output-path /OPS.build/Debug-iphonesimulator/OPS.build/Objects-normal/arm64/SyncManager.o -index-unit-output-path /OPS.build/Debug-iphonesimulator/OPS.build/Objects-normal/arm64/ConnectivityMonitor.o -index-unit-output-path /OPS.build/Debug-iphonesimulator/OPS.build/Objects-normal/arm64/ImageSyncManager.o -index-unit-output-path /OPS.build/Debug-iphonesimulator/OPS.build/Objects-normal/arm64/OnboardingCoordinator.o -index-unit-output-path /OPS.build/Debug-iphonesimulator/OPS.build/Objects-normal/arm64/OnboardingModels.o -index-store-path /Users/jacksonsweet/Library/Developer/Xcode/DerivedData/OPS-czavgtmnvamasvcjgszzuulfcsxj/Index.noindex/DataStore -index-system-modules

SwiftCompile normal arm64 /Users/jacksonsweet/Desktop/OPS\ APP/OPS/OPS/Network/ImageSyncManager.swift (in target 'OPS' from project 'OPS')
    cd /Users/jacksonsweet/Desktop/OPS\ APP/OPS
    /Applications/Xcode.app/Contents/Developer/Toolchains/XcodeDefault.xctoolchain/usr/bin/swift-frontend -c /Users/jacksonsweet/Desktop/OPS\ APP/OPS/OPS/DataModels/BubbleImage.swift /Users/jacksonsweet/Desktop/OPS\ APP/OPS/OPS/DataModels/BubbleTypes.swift /Users/jacksonsweet/Desktop/OPS\ APP/OPS/OPS/DataModels/Company.swift /Users/jacksonsweet/Desktop/OPS\ APP/OPS/OPS/DataModels/Project.swift /Users/jacksonsweet/Desktop/OPS\ APP/OPS/OPS/DataModels/Status.swift /Users/jacksonsweet/Desktop/OPS\ APP/OPS/OPS/DataModels/User.swift /Users/jacksonsweet/Desktop/OPS\ APP/OPS/OPS/DataModels/UserRole.swift /Users/jacksonsweet/Desktop/OPS\ APP/OPS/OPS/Extensions/UIImage+Extensions.swift /Users/jacksonsweet/Desktop/OPS\ APP/OPS/OPS/Network/API/APIError.swift /Users/jacksonsweet/Desktop/OPS\ APP/OPS/OPS/Network/API/APIService.swift /Users/jacksonsweet/Desktop/OPS\ APP/OPS/OPS/Network/API/BubbleFields.swift /Users/jacksonsweet/Desktop/OPS\ APP/OPS/OPS/Network/Auth/AuthError.swift /Users/jacksonsweet/Desktop/OPS\ APP/OPS/OPS/Network/Auth/AuthManager.swift -primary-file /Users/jacksonsweet/Desktop/OPS\ APP/OPS/OPS/Network/Auth/KeychainManager.swift -primary-file /Users/jacksonsweet/Desktop/OPS\ APP/OPS/OPS/Network/DTOs/CompanyDTO.swift -primary-file /Users/jacksonsweet/Desktop/OPS\ APP/OPS/OPS/Network/DTOs/ProjectDTO.swift -primary-file /Users/jacksonsweet/Desktop/OPS\ APP/OPS/OPS/Network/DTOs/UserDTO.swift -primary-file /Users/jacksonsweet/Desktop/OPS\ APP/OPS/OPS/Network/Endpoints/CompanyEndpoints.swift -primary-file /Users/jacksonsweet/Desktop/OPS\ APP/OPS/OPS/Network/Endpoints/ProjectEndpoints.swift -primary-file /Users/jacksonsweet/Desktop/OPS\ APP/OPS/OPS/Network/Endpoints/UserEndpoints.swift -primary-file /Users/jacksonsweet/Desktop/OPS\ APP/OPS/OPS/Network/Sync/BackgroundTaskManager.swift -primary-file /Users/jacksonsweet/Desktop/OPS\ APP/OPS/OPS/Network/Sync/SyncManager.swift -primary-file /Users/jacksonsweet/Desktop/OPS\ APP/OPS/OPS/Network/ConnectivityMonitor.swift -primary-file /Users/jacksonsweet/Desktop/OPS\ APP/OPS/OPS/Network/ImageSyncManager.swift -primary-file /Users/jacksonsweet/Desktop/OPS\ APP/OPS/OPS/Onboarding/Coordinators/OnboardingCoordinator.swift -primary-file /Users/jacksonsweet/Desktop/OPS\ APP/OPS/OPS/Onboarding/Models/OnboardingModels.swift /Users/jacksonsweet/Desktop/OPS\ APP/OPS/OPS/Onboarding/Services/OnboardingService.swift /Users/jacksonsweet/Desktop/OPS\ APP/OPS/OPS/Onboarding/ViewModels/OnboardingViewModel.swift /Users/jacksonsweet/Desktop/OPS\ APP/OPS/OPS/Onboarding/Views/Components/OnboardingComponents.swift /Users/jacksonsweet/Desktop/OPS\ APP/OPS/OPS/Onboarding/Views/Screens/AccountCreatedView.swift /Users/jacksonsweet/Desktop/OPS\ APP/OPS/OPS/Onboarding/Views/Screens/CompanyCodeView.swift /Users/jacksonsweet/Desktop/OPS\ APP/OPS/OPS/Onboarding/Views/Screens/CompanyCodeViewPreview.swift /Users/jacksonsweet/Desktop/OPS\ APP/OPS/OPS/Onboarding/Views/Screens/CompletionView.swift /Users/jacksonsweet/Desktop/OPS\ APP/OPS/OPS/Onboarding/Views/Screens/CompletionViewPreview.swift /Users/jacksonsweet/Desktop/OPS\ APP/OPS/OPS/Onboarding/Views/Screens/EmailView.swift /Users/jacksonsweet/Desktop/OPS\ APP/OPS/OPS/Onboarding/Views/Screens/FieldSetupView.swift /Users/jacksonsweet/Desktop/OPS\ APP/OPS/OPS/Onboarding/Views/Screens/NotificationsView.swift /Users/jacksonsweet/Desktop/OPS\ APP/OPS/OPS/Onboarding/Views/Screens/NotificationsViewPreview.swift /Users/jacksonsweet/Desktop/OPS\ APP/OPS/OPS/Onboarding/Views/Screens/OrganizationJoinView.swift /Users/jacksonsweet/Desktop/OPS\ APP/OPS/OPS/Onboarding/Views/Screens/PasswordView.swift /Users/jacksonsweet/Desktop/OPS\ APP/OPS/OPS/Onboarding/Views/Screens/PasswordViewPreview.swift /Users/jacksonsweet/Desktop/OPS\ APP/OPS/OPS/Onboarding/Views/Screens/PermissionsView.swift /Users/jacksonsweet/Desktop/OPS\ APP/OPS/OPS/Onboarding/Views/Screens/PermissionsViewPreview.swift /Users/jacksonsweet/Desktop/OPS\ APP/OPS/OPS/Onboarding/Views/Screens/PhoneNumberView.swift /Users/jacksonsweet/Desktop/OPS\ APP/OPS/OPS/Onboarding/Views/Screens/PhoneNumberViewPreview.swift /Users/jacksonsweet/Desktop/OPS\ APP/OPS/OPS/Onboarding/Views/Screens/UserInfoView.swift /Users/jacksonsweet/Desktop/OPS\ APP/OPS/OPS/Onboarding/Views/Screens/UserInfoViewPreview.swift /Users/jacksonsweet/Desktop/OPS\ APP/OPS/OPS/Onboarding/Views/Screens/VerifyPhoneView.swift /Users/jacksonsweet/Desktop/OPS\ APP/OPS/OPS/Onboarding/Views/Screens/WelcomeCompanyView.swift /Users/jacksonsweet/Desktop/OPS\ APP/OPS/OPS/Onboarding/Views/Screens/WelcomeCompanyViewPreview.swift /Users/jacksonsweet/Desktop/OPS\ APP/OPS/OPS/Onboarding/Views/Screens/WelcomeView.swift /Users/jacksonsweet/Desktop/OPS\ APP/OPS/OPS/Onboarding/Views/Screens/WelcomeViewPreview.swift /Users/jacksonsweet/Desktop/OPS\ APP/OPS/OPS/Onboarding/Views/OnboardingContainerView.swift /Users/jacksonsweet/Desktop/OPS\ APP/OPS/OPS/Onboarding/Views/OnboardingFlowPreview.swift /Users/jacksonsweet/Desktop/OPS\ APP/OPS/OPS/Onboarding/Views/OnboardingPresenter.swift /Users/jacksonsweet/Desktop/OPS\ APP/OPS/OPS/Onboarding/Views/OnboardingPreviewHelpers.swift /Users/jacksonsweet/Desktop/OPS\ APP/OPS/OPS/Styles/OPSStyle.swift /Users/jacksonsweet/Desktop/OPS\ APP/OPS/OPS/Utilities/AppConfiguration.swift /Users/jacksonsweet/Desktop/OPS\ APP/OPS/OPS/Utilities/ArrayTransformer.swift /Users/jacksonsweet/Desktop/OPS\ APP/OPS/OPS/Utilities/DataController.swift /Users/jacksonsweet/Desktop/OPS\ APP/OPS/OPS/Utilities/Dateformatter\ +Bubble.swift /Users/jacksonsweet/Desktop/OPS\ APP/OPS/OPS/Utilities/DateHelper.swift /Users/jacksonsweet/Desktop/OPS\ APP/OPS/OPS/Utilities/FieldErrorHandler.swift /Users/jacksonsweet/Desktop/OPS\ APP/OPS/OPS/Utilities/ImageCache.swift /Users/jacksonsweet/Desktop/OPS\ APP/OPS/OPS/Utilities/ImageFileManager.swift /Users/jacksonsweet/Desktop/OPS\ APP/OPS/OPS/Utilities/InProgressManager.swift /Users/jacksonsweet/Desktop/OPS\ APP/OPS/OPS/Utilities/KeyboardDismissalModifier.swift /Users/jacksonsweet/Desktop/OPS\ APP/OPS/OPS/Utilities/LocationManager.swift /Users/jacksonsweet/Desktop/OPS\ APP/OPS/OPS/Utilities/OnboardingEnvironmentKey.swift /Users/jacksonsweet/Desktop/OPS\ APP/OPS/OPS/Utilities/SwiftDataHelper.swift /Users/jacksonsweet/Desktop/OPS\ APP/OPS/OPS/Utilities/UIComponents.swift /Users/jacksonsweet/Desktop/OPS\ APP/OPS/OPS/V2/CertificationsSettingsView.swift /Users/jacksonsweet/Desktop/OPS\ APP/OPS/OPS/ViewModels/CalendarViewModel.swift /Users/jacksonsweet/Desktop/OPS\ APP/OPS/OPS/ViewModels/ProjectsViewModel.swift /Users/jacksonsweet/Desktop/OPS\ APP/OPS/OPS/Views/Calendar\ Tab/Components/CalendarDaySelector.swift /Users/jacksonsweet/Desktop/OPS\ APP/OPS/OPS/Views/Calendar\ Tab/Components/CalendarHeaderView.swift /Users/jacksonsweet/Desktop/OPS\ APP/OPS/OPS/Views/Calendar\ Tab/Components/CalendarProjectCard.swift /Users/jacksonsweet/Desktop/OPS\ APP/OPS/OPS/Views/Calendar\ Tab/Components/CalendarToggleView.swift /Users/jacksonsweet/Desktop/OPS\ APP/OPS/OPS/Views/Calendar\ Tab/Components/DatePickerPopover.swift /Users/jacksonsweet/Desktop/OPS\ APP/OPS/OPS/Views/Calendar\ Tab/Components/DayCell.swift /Users/jacksonsweet/Desktop/OPS\ APP/OPS/OPS/Views/Calendar\ Tab/ProjectViews/DayProjectSheet.swift /Users/jacksonsweet/Desktop/OPS\ APP/OPS/OPS/Views/Calendar\ Tab/ProjectViews/ProjectListView.swift /Users/jacksonsweet/Desktop/OPS\ APP/OPS/OPS/Views/Calendar\ Tab/MonthGridView.swift /Users/jacksonsweet/Desktop/OPS\ APP/OPS/OPS/Views/Components/Common/AppHeader.swift /Users/jacksonsweet/Desktop/OPS\ APP/OPS/OPS/Views/Components/Common/ExpandableNotesView.swift /Users/jacksonsweet/Desktop/OPS\ APP/OPS/OPS/Views/Components/Common/LocationPermissionView.swift /Users/jacksonsweet/Desktop/OPS\ APP/OPS/OPS/Views/Components/Common/NavigationBanner.swift /Users/jacksonsweet/Desktop/OPS\ APP/OPS/OPS/Views/Components/Common/NavigationControlsView.swift /Users/jacksonsweet/Desktop/OPS\ APP/OPS/OPS/Views/Components/Common/TabBarBackground.swift /Users/jacksonsweet/Desktop/OPS\ APP/OPS/OPS/Views/Components/Images/ImagePicker.swift /Users/jacksonsweet/Desktop/OPS\ APP/OPS/OPS/Views/Components/Images/ImagePickerView.swift /Users/jacksonsweet/Desktop/OPS\ APP/OPS/OPS/Views/Components/Images/ProjectImagesSection.swift /Users/jacksonsweet/Desktop/OPS\ APP/OPS/OPS/Views/Components/Images/ProjectImagesSimple.swift /Users/jacksonsweet/Desktop/OPS\ APP/OPS/OPS/Views/Components/Images/ProjectImageView.swift /Users/jacksonsweet/Desktop/OPS\ APP/OPS/OPS/Views/Components/Images/ProjectPhotosGrid.swift /Users/jacksonsweet/Desktop/OPS\ APP/OPS/OPS/Views/Components/Map/MiniMapView.swift /Users/jacksonsweet/Desktop/OPS\ APP/OPS/OPS/Views/Components/Map/ProjectMapAnnotation.swift /Users/jacksonsweet/Desktop/OPS\ APP/OPS/OPS/Views/Components/Map/ProjectMapView.swift /Users/jacksonsweet/Desktop/OPS\ APP/OPS/OPS/Views/Components/Map/ProjectMarkerPopup.swift /Users/jacksonsweet/Desktop/OPS\ APP/OPS/OPS/Views/Components/Map/RouteDirectionsView.swift /Users/jacksonsweet/Desktop/OPS\ APP/OPS/OPS/Views/Components/Project/ProjectActionBar.swift /Users/jacksonsweet/Desktop/OPS\ APP/OPS/OPS/Views/Components/Project/ProjectCard.swift /Users/jacksonsweet/Desktop/OPS\ APP/OPS/OPS/Views/Components/Project/ProjectCarousel.swift /Users/jacksonsweet/Desktop/OPS\ APP/OPS/OPS/Views/Components/Project/ProjectDetailsView.swift /Users/jacksonsweet/Desktop/OPS\ APP/OPS/OPS/Views/Components/Project/ProjectHeader.swift /Users/jacksonsweet/Desktop/OPS\ APP/OPS/OPS/Views/Components/Project/ProjectSheetContainer.swift /Users/jacksonsweet/Desktop/OPS\ APP/OPS/OPS/Views/Components/User/TeamMemberListView.swift /Users/jacksonsweet/Desktop/OPS\ APP/OPS/OPS/Views/Components/User/UserProfileCard.swift /Users/jacksonsweet/Desktop/OPS\ APP/OPS/OPS/Views/Home/HomeContentView.swift /Users/jacksonsweet/Desktop/OPS\ APP/OPS/OPS/Views/Home/HomeView.swift /Users/jacksonsweet/Desktop/OPS\ APP/OPS/OPS/Views/Settings/OrganizationSettingsView.swift /Users/jacksonsweet/Desktop/OPS\ APP/OPS/OPS/Views/Settings/ProfileSettingsView.swift /Users/jacksonsweet/Desktop/OPS\ APP/OPS/OPS/Views/Settings/ProjectHistorySettingsView.swift /Users/jacksonsweet/Desktop/OPS\ APP/OPS/OPS/Views/LoginView.swift /Users/jacksonsweet/Desktop/OPS\ APP/OPS/OPS/Views/LoginViewPreview.swift /Users/jacksonsweet/Desktop/OPS\ APP/OPS/OPS/Views/MainTabView.swift /Users/jacksonsweet/Desktop/OPS\ APP/OPS/OPS/Views/NetworkStatusIndicator.swift /Users/jacksonsweet/Desktop/OPS\ APP/OPS/OPS/Views/ScheduleView.swift /Users/jacksonsweet/Desktop/OPS\ APP/OPS/OPS/Views/SettingsView.swift /Users/jacksonsweet/Desktop/OPS\ APP/OPS/OPS/Views/SplashScreen.swift /Users/jacksonsweet/Desktop/OPS\ APP/OPS/OPS/AppState.swift /Users/jacksonsweet/Desktop/OPS\ APP/OPS/OPS/ContentView.swift /Users/jacksonsweet/Desktop/OPS\ APP/OPS/OPS/Item.swift /Users/jacksonsweet/Desktop/OPS\ APP/OPS/OPS/OPSApp.swift /Users/jacksonsweet/Library/Developer/Xcode/DerivedData/OPS-czavgtmnvamasvcjgszzuulfcsxj/Build/Intermediates.noindex/OPS.build/Debug-iphonesimulator/OPS.build/DerivedSources/GeneratedAssetSymbols.swift -supplementary-output-file-map /Users/jacksonsweet/Library/Developer/Xcode/DerivedData/OPS-czavgtmnvamasvcjgszzuulfcsxj/Build/Intermediates.noindex/OPS.build/Debug-iphonesimulator/OPS.build/Objects-normal/arm64/supplementaryOutputs-2 -emit-localized-strings -emit-localized-strings-path /Users/jacksonsweet/Library/Developer/Xcode/DerivedData/OPS-czavgtmnvamasvcjgszzuulfcsxj/Build/Intermediates.noindex/OPS.build/Debug-iphonesimulator/OPS.build/Objects-normal/arm64 -target arm64-apple-ios18.2-simulator -Xllvm -aarch64-use-tbi -enable-objc-interop -sdk /Applications/Xcode.app/Contents/Developer/Platforms/iPhoneSimulator.platform/Developer/SDKs/iPhoneSimulator18.2.sdk -I /Users/jacksonsweet/Library/Developer/Xcode/DerivedData/OPS-czavgtmnvamasvcjgszzuulfcsxj/Build/Products/Debug-iphonesimulator -F /Users/jacksonsweet/Library/Developer/Xcode/DerivedData/OPS-czavgtmnvamasvcjgszzuulfcsxj/Build/Products/Debug-iphonesimulator -no-color-diagnostics -enable-testing -g -debug-info-format\=dwarf -dwarf-version\=5 -module-cache-path /Users/jacksonsweet/Library/Developer/Xcode/DerivedData/ModuleCache.noindex -profile-generate -profile-coverage-mapping -swift-version 5 -enforce-exclusivity\=checked -Onone -D DEBUG -serialize-debugging-options -const-gather-protocols-file /Users/jacksonsweet/Library/Developer/Xcode/DerivedData/OPS-czavgtmnvamasvcjgszzuulfcsxj/Build/Intermediates.noindex/OPS.build/Debug-iphonesimulator/OPS.build/Objects-normal/arm64/OPS_const_extract_protocols.json -enable-experimental-feature DebugDescriptionMacro -enable-experimental-feature OpaqueTypeErasure -enable-bare-slash-regex -empty-abi-descriptor -validate-clang-modules-once -clang-build-session-file /Users/jacksonsweet/Library/Developer/Xcode/DerivedData/ModuleCache.noindex/Session.modulevalidation -Xcc -working-directory -Xcc /Users/jacksonsweet/Desktop/OPS\ APP/OPS -resource-dir /Applications/Xcode.app/Contents/Developer/Toolchains/XcodeDefault.xctoolchain/usr/lib/swift -enable-anonymous-context-mangled-names -file-compilation-dir /Users/jacksonsweet/Desktop/OPS\ APP/OPS -Xcc -D_LIBCPP_HARDENING_MODE\=_LIBCPP_HARDENING_MODE_DEBUG -Xcc -ivfsstatcache -Xcc /Users/jacksonsweet/Library/Developer/Xcode/DerivedData/SDKStatCaches.noindex/iphonesimulator18.2-22C146-07b28473f605e47e75261259d3ef3b5a.sdkstatcache -Xcc -I/Users/jacksonsweet/Library/Developer/Xcode/DerivedData/OPS-czavgtmnvamasvcjgszzuulfcsxj/Build/Intermediates.noindex/OPS.build/Debug-iphonesimulator/OPS.build/swift-overrides.hmap -Xcc -iquote -Xcc /Users/jacksonsweet/Library/Developer/Xcode/DerivedData/OPS-czavgtmnvamasvcjgszzuulfcsxj/Build/Intermediates.noindex/OPS.build/Debug-iphonesimulator/OPS.build/OPS-generated-files.hmap -Xcc -I/Users/jacksonsweet/Library/Developer/Xcode/DerivedData/OPS-czavgtmnvamasvcjgszzuulfcsxj/Build/Intermediates.noindex/OPS.build/Debug-iphonesimulator/OPS.build/OPS-own-target-headers.hmap -Xcc -I/Users/jacksonsweet/Library/Developer/Xcode/DerivedData/OPS-czavgtmnvamasvcjgszzuulfcsxj/Build/Intermediates.noindex/OPS.build/Debug-iphonesimulator/OPS.build/OPS-all-target-headers.hmap -Xcc -iquote -Xcc /Users/jacksonsweet/Library/Developer/Xcode/DerivedData/OPS-czavgtmnvamasvcjgszzuulfcsxj/Build/Intermediates.noindex/OPS.build/Debug-iphonesimulator/OPS.build/OPS-project-headers.hmap -Xcc -I/Users/jacksonsweet/Library/Developer/Xcode/DerivedData/OPS-czavgtmnvamasvcjgszzuulfcsxj/Build/Products/Debug-iphonesimulator/include -Xcc -I/Users/jacksonsweet/Library/Developer/Xcode/DerivedData/OPS-czavgtmnvamasvcjgszzuulfcsxj/Build/Intermediates.noindex/OPS.build/Debug-iphonesimulator/OPS.build/DerivedSources-normal/arm64 -Xcc -I/Users/jacksonsweet/Library/Developer/Xcode/DerivedData/OPS-czavgtmnvamasvcjgszzuulfcsxj/Build/Intermediates.noindex/OPS.build/Debug-iphonesimulator/OPS.build/DerivedSources/arm64 -Xcc -I/Users/jacksonsweet/Library/Developer/Xcode/DerivedData/OPS-czavgtmnvamasvcjgszzuulfcsxj/Build/Intermediates.noindex/OPS.build/Debug-iphonesimulator/OPS.build/DerivedSources -Xcc -DDEBUG\=1 -module-name OPS -frontend-parseable-output -disable-clang-spi -target-sdk-version 18.2 -target-sdk-name iphonesimulator18.2 -external-plugin-path /Applications/Xcode.app/Contents/Developer/Platforms/iPhoneOS.platform/Developer/usr/lib/swift/host/plugins\#/Applications/Xcode.app/Contents/Developer/Platforms/iPhoneOS.platform/Developer/usr/bin/swift-plugin-server -external-plugin-path /Applications/Xcode.app/Contents/Developer/Platforms/iPhoneOS.platform/Developer/usr/local/lib/swift/host/plugins\#/Applications/Xcode.app/Contents/Developer/Platforms/iPhoneOS.platform/Developer/usr/bin/swift-plugin-server -plugin-path /Applications/Xcode.app/Contents/Developer/Toolchains/XcodeDefault.xctoolchain/usr/lib/swift/host/plugins -plugin-path /Applications/Xcode.app/Contents/Developer/Toolchains/XcodeDefault.xctoolchain/usr/local/lib/swift/host/plugins -o /Users/jacksonsweet/Library/Developer/Xcode/DerivedData/OPS-czavgtmnvamasvcjgszzuulfcsxj/Build/Intermediates.noindex/OPS.build/Debug-iphonesimulator/OPS.build/Objects-normal/arm64/KeychainManager.o -o /Users/jacksonsweet/Library/Developer/Xcode/DerivedData/OPS-czavgtmnvamasvcjgszzuulfcsxj/Build/Intermediates.noindex/OPS.build/Debug-iphonesimulator/OPS.build/Objects-normal/arm64/CompanyDTO.o -o /Users/jacksonsweet/Library/Developer/Xcode/DerivedData/OPS-czavgtmnvamasvcjgszzuulfcsxj/Build/Intermediates.noindex/OPS.build/Debug-iphonesimulator/OPS.build/Objects-normal/arm64/ProjectDTO.o -o /Users/jacksonsweet/Library/Developer/Xcode/DerivedData/OPS-czavgtmnvamasvcjgszzuulfcsxj/Build/Intermediates.noindex/OPS.build/Debug-iphonesimulator/OPS.build/Objects-normal/arm64/UserDTO.o -o /Users/jacksonsweet/Library/Developer/Xcode/DerivedData/OPS-czavgtmnvamasvcjgszzuulfcsxj/Build/Intermediates.noindex/OPS.build/Debug-iphonesimulator/OPS.build/Objects-normal/arm64/CompanyEndpoints.o -o /Users/jacksonsweet/Library/Developer/Xcode/DerivedData/OPS-czavgtmnvamasvcjgszzuulfcsxj/Build/Intermediates.noindex/OPS.build/Debug-iphonesimulator/OPS.build/Objects-normal/arm64/ProjectEndpoints.o -o /Users/jacksonsweet/Library/Developer/Xcode/DerivedData/OPS-czavgtmnvamasvcjgszzuulfcsxj/Build/Intermediates.noindex/OPS.build/Debug-iphonesimulator/OPS.build/Objects-normal/arm64/UserEndpoints.o -o /Users/jacksonsweet/Library/Developer/Xcode/DerivedData/OPS-czavgtmnvamasvcjgszzuulfcsxj/Build/Intermediates.noindex/OPS.build/Debug-iphonesimulator/OPS.build/Objects-normal/arm64/BackgroundTaskManager.o -o /Users/jacksonsweet/Library/Developer/Xcode/DerivedData/OPS-czavgtmnvamasvcjgszzuulfcsxj/Build/Intermediates.noindex/OPS.build/Debug-iphonesimulator/OPS.build/Objects-normal/arm64/SyncManager.o -o /Users/jacksonsweet/Library/Developer/Xcode/DerivedData/OPS-czavgtmnvamasvcjgszzuulfcsxj/Build/Intermediates.noindex/OPS.build/Debug-iphonesimulator/OPS.build/Objects-normal/arm64/ConnectivityMonitor.o -o /Users/jacksonsweet/Library/Developer/Xcode/DerivedData/OPS-czavgtmnvamasvcjgszzuulfcsxj/Build/Intermediates.noindex/OPS.build/Debug-iphonesimulator/OPS.build/Objects-normal/arm64/ImageSyncManager.o -o /Users/jacksonsweet/Library/Developer/Xcode/DerivedData/OPS-czavgtmnvamasvcjgszzuulfcsxj/Build/Intermediates.noindex/OPS.build/Debug-iphonesimulator/OPS.build/Objects-normal/arm64/OnboardingCoordinator.o -o /Users/jacksonsweet/Library/Developer/Xcode/DerivedData/OPS-czavgtmnvamasvcjgszzuulfcsxj/Build/Intermediates.noindex/OPS.build/Debug-iphonesimulator/OPS.build/Objects-normal/arm64/OnboardingModels.o -index-unit-output-path /OPS.build/Debug-iphonesimulator/OPS.build/Objects-normal/arm64/KeychainManager.o -index-unit-output-path /OPS.build/Debug-iphonesimulator/OPS.build/Objects-normal/arm64/CompanyDTO.o -index-unit-output-path /OPS.build/Debug-iphonesimulator/OPS.build/Objects-normal/arm64/ProjectDTO.o -index-unit-output-path /OPS.build/Debug-iphonesimulator/OPS.build/Objects-normal/arm64/UserDTO.o -index-unit-output-path /OPS.build/Debug-iphonesimulator/OPS.build/Objects-normal/arm64/CompanyEndpoints.o -index-unit-output-path /OPS.build/Debug-iphonesimulator/OPS.build/Objects-normal/arm64/ProjectEndpoints.o -index-unit-output-path /OPS.build/Debug-iphonesimulator/OPS.build/Objects-normal/arm64/UserEndpoints.o -index-unit-output-path /OPS.build/Debug-iphonesimulator/OPS.build/Objects-normal/arm64/BackgroundTaskManager.o -index-unit-output-path /OPS.build/Debug-iphonesimulator/OPS.build/Objects-normal/arm64/SyncManager.o -index-unit-output-path /OPS.build/Debug-iphonesimulator/OPS.build/Objects-normal/arm64/ConnectivityMonitor.o -index-unit-output-path /OPS.build/Debug-iphonesimulator/OPS.build/Objects-normal/arm64/ImageSyncManager.o -index-unit-output-path /OPS.build/Debug-iphonesimulator/OPS.build/Objects-normal/arm64/OnboardingCoordinator.o -index-unit-output-path /OPS.build/Debug-iphonesimulator/OPS.build/Objects-normal/arm64/OnboardingModels.o -index-store-path /Users/jacksonsweet/Library/Developer/Xcode/DerivedData/OPS-czavgtmnvamasvcjgszzuulfcsxj/Index.noindex/DataStore -index-system-modules
/Users/jacksonsweet/Desktop/OPS APP/OPS/OPS/Network/ImageSyncManager.swift:117:37: warning: result of call to 'deleteImage(localID:)' is unused
            ImageFileManager.shared.deleteImage(localID: urlString)
                                    ^          ~~~~~~~~~~~~~~~~~~~~

SwiftCompile normal arm64 /Users/jacksonsweet/Desktop/OPS\ APP/OPS/OPS/Onboarding/Coordinators/OnboardingCoordinator.swift (in target 'OPS' from project 'OPS')
    cd /Users/jacksonsweet/Desktop/OPS\ APP/OPS
    /Applications/Xcode.app/Contents/Developer/Toolchains/XcodeDefault.xctoolchain/usr/bin/swift-frontend -c /Users/jacksonsweet/Desktop/OPS\ APP/OPS/OPS/DataModels/BubbleImage.swift /Users/jacksonsweet/Desktop/OPS\ APP/OPS/OPS/DataModels/BubbleTypes.swift /Users/jacksonsweet/Desktop/OPS\ APP/OPS/OPS/DataModels/Company.swift /Users/jacksonsweet/Desktop/OPS\ APP/OPS/OPS/DataModels/Project.swift /Users/jacksonsweet/Desktop/OPS\ APP/OPS/OPS/DataModels/Status.swift /Users/jacksonsweet/Desktop/OPS\ APP/OPS/OPS/DataModels/User.swift /Users/jacksonsweet/Desktop/OPS\ APP/OPS/OPS/DataModels/UserRole.swift /Users/jacksonsweet/Desktop/OPS\ APP/OPS/OPS/Extensions/UIImage+Extensions.swift /Users/jacksonsweet/Desktop/OPS\ APP/OPS/OPS/Network/API/APIError.swift /Users/jacksonsweet/Desktop/OPS\ APP/OPS/OPS/Network/API/APIService.swift /Users/jacksonsweet/Desktop/OPS\ APP/OPS/OPS/Network/API/BubbleFields.swift /Users/jacksonsweet/Desktop/OPS\ APP/OPS/OPS/Network/Auth/AuthError.swift /Users/jacksonsweet/Desktop/OPS\ APP/OPS/OPS/Network/Auth/AuthManager.swift -primary-file /Users/jacksonsweet/Desktop/OPS\ APP/OPS/OPS/Network/Auth/KeychainManager.swift -primary-file /Users/jacksonsweet/Desktop/OPS\ APP/OPS/OPS/Network/DTOs/CompanyDTO.swift -primary-file /Users/jacksonsweet/Desktop/OPS\ APP/OPS/OPS/Network/DTOs/ProjectDTO.swift -primary-file /Users/jacksonsweet/Desktop/OPS\ APP/OPS/OPS/Network/DTOs/UserDTO.swift -primary-file /Users/jacksonsweet/Desktop/OPS\ APP/OPS/OPS/Network/Endpoints/CompanyEndpoints.swift -primary-file /Users/jacksonsweet/Desktop/OPS\ APP/OPS/OPS/Network/Endpoints/ProjectEndpoints.swift -primary-file /Users/jacksonsweet/Desktop/OPS\ APP/OPS/OPS/Network/Endpoints/UserEndpoints.swift -primary-file /Users/jacksonsweet/Desktop/OPS\ APP/OPS/OPS/Network/Sync/BackgroundTaskManager.swift -primary-file /Users/jacksonsweet/Desktop/OPS\ APP/OPS/OPS/Network/Sync/SyncManager.swift -primary-file /Users/jacksonsweet/Desktop/OPS\ APP/OPS/OPS/Network/ConnectivityMonitor.swift -primary-file /Users/jacksonsweet/Desktop/OPS\ APP/OPS/OPS/Network/ImageSyncManager.swift -primary-file /Users/jacksonsweet/Desktop/OPS\ APP/OPS/OPS/Onboarding/Coordinators/OnboardingCoordinator.swift -primary-file /Users/jacksonsweet/Desktop/OPS\ APP/OPS/OPS/Onboarding/Models/OnboardingModels.swift /Users/jacksonsweet/Desktop/OPS\ APP/OPS/OPS/Onboarding/Services/OnboardingService.swift /Users/jacksonsweet/Desktop/OPS\ APP/OPS/OPS/Onboarding/ViewModels/OnboardingViewModel.swift /Users/jacksonsweet/Desktop/OPS\ APP/OPS/OPS/Onboarding/Views/Components/OnboardingComponents.swift /Users/jacksonsweet/Desktop/OPS\ APP/OPS/OPS/Onboarding/Views/Screens/AccountCreatedView.swift /Users/jacksonsweet/Desktop/OPS\ APP/OPS/OPS/Onboarding/Views/Screens/CompanyCodeView.swift /Users/jacksonsweet/Desktop/OPS\ APP/OPS/OPS/Onboarding/Views/Screens/CompanyCodeViewPreview.swift /Users/jacksonsweet/Desktop/OPS\ APP/OPS/OPS/Onboarding/Views/Screens/CompletionView.swift /Users/jacksonsweet/Desktop/OPS\ APP/OPS/OPS/Onboarding/Views/Screens/CompletionViewPreview.swift /Users/jacksonsweet/Desktop/OPS\ APP/OPS/OPS/Onboarding/Views/Screens/EmailView.swift /Users/jacksonsweet/Desktop/OPS\ APP/OPS/OPS/Onboarding/Views/Screens/FieldSetupView.swift /Users/jacksonsweet/Desktop/OPS\ APP/OPS/OPS/Onboarding/Views/Screens/NotificationsView.swift /Users/jacksonsweet/Desktop/OPS\ APP/OPS/OPS/Onboarding/Views/Screens/NotificationsViewPreview.swift /Users/jacksonsweet/Desktop/OPS\ APP/OPS/OPS/Onboarding/Views/Screens/OrganizationJoinView.swift /Users/jacksonsweet/Desktop/OPS\ APP/OPS/OPS/Onboarding/Views/Screens/PasswordView.swift /Users/jacksonsweet/Desktop/OPS\ APP/OPS/OPS/Onboarding/Views/Screens/PasswordViewPreview.swift /Users/jacksonsweet/Desktop/OPS\ APP/OPS/OPS/Onboarding/Views/Screens/PermissionsView.swift /Users/jacksonsweet/Desktop/OPS\ APP/OPS/OPS/Onboarding/Views/Screens/PermissionsViewPreview.swift /Users/jacksonsweet/Desktop/OPS\ APP/OPS/OPS/Onboarding/Views/Screens/PhoneNumberView.swift /Users/jacksonsweet/Desktop/OPS\ APP/OPS/OPS/Onboarding/Views/Screens/PhoneNumberViewPreview.swift /Users/jacksonsweet/Desktop/OPS\ APP/OPS/OPS/Onboarding/Views/Screens/UserInfoView.swift /Users/jacksonsweet/Desktop/OPS\ APP/OPS/OPS/Onboarding/Views/Screens/UserInfoViewPreview.swift /Users/jacksonsweet/Desktop/OPS\ APP/OPS/OPS/Onboarding/Views/Screens/VerifyPhoneView.swift /Users/jacksonsweet/Desktop/OPS\ APP/OPS/OPS/Onboarding/Views/Screens/WelcomeCompanyView.swift /Users/jacksonsweet/Desktop/OPS\ APP/OPS/OPS/Onboarding/Views/Screens/WelcomeCompanyViewPreview.swift /Users/jacksonsweet/Desktop/OPS\ APP/OPS/OPS/Onboarding/Views/Screens/WelcomeView.swift /Users/jacksonsweet/Desktop/OPS\ APP/OPS/OPS/Onboarding/Views/Screens/WelcomeViewPreview.swift /Users/jacksonsweet/Desktop/OPS\ APP/OPS/OPS/Onboarding/Views/OnboardingContainerView.swift /Users/jacksonsweet/Desktop/OPS\ APP/OPS/OPS/Onboarding/Views/OnboardingFlowPreview.swift /Users/jacksonsweet/Desktop/OPS\ APP/OPS/OPS/Onboarding/Views/OnboardingPresenter.swift /Users/jacksonsweet/Desktop/OPS\ APP/OPS/OPS/Onboarding/Views/OnboardingPreviewHelpers.swift /Users/jacksonsweet/Desktop/OPS\ APP/OPS/OPS/Styles/OPSStyle.swift /Users/jacksonsweet/Desktop/OPS\ APP/OPS/OPS/Utilities/AppConfiguration.swift /Users/jacksonsweet/Desktop/OPS\ APP/OPS/OPS/Utilities/ArrayTransformer.swift /Users/jacksonsweet/Desktop/OPS\ APP/OPS/OPS/Utilities/DataController.swift /Users/jacksonsweet/Desktop/OPS\ APP/OPS/OPS/Utilities/Dateformatter\ +Bubble.swift /Users/jacksonsweet/Desktop/OPS\ APP/OPS/OPS/Utilities/DateHelper.swift /Users/jacksonsweet/Desktop/OPS\ APP/OPS/OPS/Utilities/FieldErrorHandler.swift /Users/jacksonsweet/Desktop/OPS\ APP/OPS/OPS/Utilities/ImageCache.swift /Users/jacksonsweet/Desktop/OPS\ APP/OPS/OPS/Utilities/ImageFileManager.swift /Users/jacksonsweet/Desktop/OPS\ APP/OPS/OPS/Utilities/InProgressManager.swift /Users/jacksonsweet/Desktop/OPS\ APP/OPS/OPS/Utilities/KeyboardDismissalModifier.swift /Users/jacksonsweet/Desktop/OPS\ APP/OPS/OPS/Utilities/LocationManager.swift /Users/jacksonsweet/Desktop/OPS\ APP/OPS/OPS/Utilities/OnboardingEnvironmentKey.swift /Users/jacksonsweet/Desktop/OPS\ APP/OPS/OPS/Utilities/SwiftDataHelper.swift /Users/jacksonsweet/Desktop/OPS\ APP/OPS/OPS/Utilities/UIComponents.swift /Users/jacksonsweet/Desktop/OPS\ APP/OPS/OPS/V2/CertificationsSettingsView.swift /Users/jacksonsweet/Desktop/OPS\ APP/OPS/OPS/ViewModels/CalendarViewModel.swift /Users/jacksonsweet/Desktop/OPS\ APP/OPS/OPS/ViewModels/ProjectsViewModel.swift /Users/jacksonsweet/Desktop/OPS\ APP/OPS/OPS/Views/Calendar\ Tab/Components/CalendarDaySelector.swift /Users/jacksonsweet/Desktop/OPS\ APP/OPS/OPS/Views/Calendar\ Tab/Components/CalendarHeaderView.swift /Users/jacksonsweet/Desktop/OPS\ APP/OPS/OPS/Views/Calendar\ Tab/Components/CalendarProjectCard.swift /Users/jacksonsweet/Desktop/OPS\ APP/OPS/OPS/Views/Calendar\ Tab/Components/CalendarToggleView.swift /Users/jacksonsweet/Desktop/OPS\ APP/OPS/OPS/Views/Calendar\ Tab/Components/DatePickerPopover.swift /Users/jacksonsweet/Desktop/OPS\ APP/OPS/OPS/Views/Calendar\ Tab/Components/DayCell.swift /Users/jacksonsweet/Desktop/OPS\ APP/OPS/OPS/Views/Calendar\ Tab/ProjectViews/DayProjectSheet.swift /Users/jacksonsweet/Desktop/OPS\ APP/OPS/OPS/Views/Calendar\ Tab/ProjectViews/ProjectListView.swift /Users/jacksonsweet/Desktop/OPS\ APP/OPS/OPS/Views/Calendar\ Tab/MonthGridView.swift /Users/jacksonsweet/Desktop/OPS\ APP/OPS/OPS/Views/Components/Common/AppHeader.swift /Users/jacksonsweet/Desktop/OPS\ APP/OPS/OPS/Views/Components/Common/ExpandableNotesView.swift /Users/jacksonsweet/Desktop/OPS\ APP/OPS/OPS/Views/Components/Common/LocationPermissionView.swift /Users/jacksonsweet/Desktop/OPS\ APP/OPS/OPS/Views/Components/Common/NavigationBanner.swift /Users/jacksonsweet/Desktop/OPS\ APP/OPS/OPS/Views/Components/Common/NavigationControlsView.swift /Users/jacksonsweet/Desktop/OPS\ APP/OPS/OPS/Views/Components/Common/TabBarBackground.swift /Users/jacksonsweet/Desktop/OPS\ APP/OPS/OPS/Views/Components/Images/ImagePicker.swift /Users/jacksonsweet/Desktop/OPS\ APP/OPS/OPS/Views/Components/Images/ImagePickerView.swift /Users/jacksonsweet/Desktop/OPS\ APP/OPS/OPS/Views/Components/Images/ProjectImagesSection.swift /Users/jacksonsweet/Desktop/OPS\ APP/OPS/OPS/Views/Components/Images/ProjectImagesSimple.swift /Users/jacksonsweet/Desktop/OPS\ APP/OPS/OPS/Views/Components/Images/ProjectImageView.swift /Users/jacksonsweet/Desktop/OPS\ APP/OPS/OPS/Views/Components/Images/ProjectPhotosGrid.swift /Users/jacksonsweet/Desktop/OPS\ APP/OPS/OPS/Views/Components/Map/MiniMapView.swift /Users/jacksonsweet/Desktop/OPS\ APP/OPS/OPS/Views/Components/Map/ProjectMapAnnotation.swift /Users/jacksonsweet/Desktop/OPS\ APP/OPS/OPS/Views/Components/Map/ProjectMapView.swift /Users/jacksonsweet/Desktop/OPS\ APP/OPS/OPS/Views/Components/Map/ProjectMarkerPopup.swift /Users/jacksonsweet/Desktop/OPS\ APP/OPS/OPS/Views/Components/Map/RouteDirectionsView.swift /Users/jacksonsweet/Desktop/OPS\ APP/OPS/OPS/Views/Components/Project/ProjectActionBar.swift /Users/jacksonsweet/Desktop/OPS\ APP/OPS/OPS/Views/Components/Project/ProjectCard.swift /Users/jacksonsweet/Desktop/OPS\ APP/OPS/OPS/Views/Components/Project/ProjectCarousel.swift /Users/jacksonsweet/Desktop/OPS\ APP/OPS/OPS/Views/Components/Project/ProjectDetailsView.swift /Users/jacksonsweet/Desktop/OPS\ APP/OPS/OPS/Views/Components/Project/ProjectHeader.swift /Users/jacksonsweet/Desktop/OPS\ APP/OPS/OPS/Views/Components/Project/ProjectSheetContainer.swift /Users/jacksonsweet/Desktop/OPS\ APP/OPS/OPS/Views/Components/User/TeamMemberListView.swift /Users/jacksonsweet/Desktop/OPS\ APP/OPS/OPS/Views/Components/User/UserProfileCard.swift /Users/jacksonsweet/Desktop/OPS\ APP/OPS/OPS/Views/Home/HomeContentView.swift /Users/jacksonsweet/Desktop/OPS\ APP/OPS/OPS/Views/Home/HomeView.swift /Users/jacksonsweet/Desktop/OPS\ APP/OPS/OPS/Views/Settings/OrganizationSettingsView.swift /Users/jacksonsweet/Desktop/OPS\ APP/OPS/OPS/Views/Settings/ProfileSettingsView.swift /Users/jacksonsweet/Desktop/OPS\ APP/OPS/OPS/Views/Settings/ProjectHistorySettingsView.swift /Users/jacksonsweet/Desktop/OPS\ APP/OPS/OPS/Views/LoginView.swift /Users/jacksonsweet/Desktop/OPS\ APP/OPS/OPS/Views/LoginViewPreview.swift /Users/jacksonsweet/Desktop/OPS\ APP/OPS/OPS/Views/MainTabView.swift /Users/jacksonsweet/Desktop/OPS\ APP/OPS/OPS/Views/NetworkStatusIndicator.swift /Users/jacksonsweet/Desktop/OPS\ APP/OPS/OPS/Views/ScheduleView.swift /Users/jacksonsweet/Desktop/OPS\ APP/OPS/OPS/Views/SettingsView.swift /Users/jacksonsweet/Desktop/OPS\ APP/OPS/OPS/Views/SplashScreen.swift /Users/jacksonsweet/Desktop/OPS\ APP/OPS/OPS/AppState.swift /Users/jacksonsweet/Desktop/OPS\ APP/OPS/OPS/ContentView.swift /Users/jacksonsweet/Desktop/OPS\ APP/OPS/OPS/Item.swift /Users/jacksonsweet/Desktop/OPS\ APP/OPS/OPS/OPSApp.swift /Users/jacksonsweet/Library/Developer/Xcode/DerivedData/OPS-czavgtmnvamasvcjgszzuulfcsxj/Build/Intermediates.noindex/OPS.build/Debug-iphonesimulator/OPS.build/DerivedSources/GeneratedAssetSymbols.swift -supplementary-output-file-map /Users/jacksonsweet/Library/Developer/Xcode/DerivedData/OPS-czavgtmnvamasvcjgszzuulfcsxj/Build/Intermediates.noindex/OPS.build/Debug-iphonesimulator/OPS.build/Objects-normal/arm64/supplementaryOutputs-2 -emit-localized-strings -emit-localized-strings-path /Users/jacksonsweet/Library/Developer/Xcode/DerivedData/OPS-czavgtmnvamasvcjgszzuulfcsxj/Build/Intermediates.noindex/OPS.build/Debug-iphonesimulator/OPS.build/Objects-normal/arm64 -target arm64-apple-ios18.2-simulator -Xllvm -aarch64-use-tbi -enable-objc-interop -sdk /Applications/Xcode.app/Contents/Developer/Platforms/iPhoneSimulator.platform/Developer/SDKs/iPhoneSimulator18.2.sdk -I /Users/jacksonsweet/Library/Developer/Xcode/DerivedData/OPS-czavgtmnvamasvcjgszzuulfcsxj/Build/Products/Debug-iphonesimulator -F /Users/jacksonsweet/Library/Developer/Xcode/DerivedData/OPS-czavgtmnvamasvcjgszzuulfcsxj/Build/Products/Debug-iphonesimulator -no-color-diagnostics -enable-testing -g -debug-info-format\=dwarf -dwarf-version\=5 -module-cache-path /Users/jacksonsweet/Library/Developer/Xcode/DerivedData/ModuleCache.noindex -profile-generate -profile-coverage-mapping -swift-version 5 -enforce-exclusivity\=checked -Onone -D DEBUG -serialize-debugging-options -const-gather-protocols-file /Users/jacksonsweet/Library/Developer/Xcode/DerivedData/OPS-czavgtmnvamasvcjgszzuulfcsxj/Build/Intermediates.noindex/OPS.build/Debug-iphonesimulator/OPS.build/Objects-normal/arm64/OPS_const_extract_protocols.json -enable-experimental-feature DebugDescriptionMacro -enable-experimental-feature OpaqueTypeErasure -enable-bare-slash-regex -empty-abi-descriptor -validate-clang-modules-once -clang-build-session-file /Users/jacksonsweet/Library/Developer/Xcode/DerivedData/ModuleCache.noindex/Session.modulevalidation -Xcc -working-directory -Xcc /Users/jacksonsweet/Desktop/OPS\ APP/OPS -resource-dir /Applications/Xcode.app/Contents/Developer/Toolchains/XcodeDefault.xctoolchain/usr/lib/swift -enable-anonymous-context-mangled-names -file-compilation-dir /Users/jacksonsweet/Desktop/OPS\ APP/OPS -Xcc -D_LIBCPP_HARDENING_MODE\=_LIBCPP_HARDENING_MODE_DEBUG -Xcc -ivfsstatcache -Xcc /Users/jacksonsweet/Library/Developer/Xcode/DerivedData/SDKStatCaches.noindex/iphonesimulator18.2-22C146-07b28473f605e47e75261259d3ef3b5a.sdkstatcache -Xcc -I/Users/jacksonsweet/Library/Developer/Xcode/DerivedData/OPS-czavgtmnvamasvcjgszzuulfcsxj/Build/Intermediates.noindex/OPS.build/Debug-iphonesimulator/OPS.build/swift-overrides.hmap -Xcc -iquote -Xcc /Users/jacksonsweet/Library/Developer/Xcode/DerivedData/OPS-czavgtmnvamasvcjgszzuulfcsxj/Build/Intermediates.noindex/OPS.build/Debug-iphonesimulator/OPS.build/OPS-generated-files.hmap -Xcc -I/Users/jacksonsweet/Library/Developer/Xcode/DerivedData/OPS-czavgtmnvamasvcjgszzuulfcsxj/Build/Intermediates.noindex/OPS.build/Debug-iphonesimulator/OPS.build/OPS-own-target-headers.hmap -Xcc -I/Users/jacksonsweet/Library/Developer/Xcode/DerivedData/OPS-czavgtmnvamasvcjgszzuulfcsxj/Build/Intermediates.noindex/OPS.build/Debug-iphonesimulator/OPS.build/OPS-all-target-headers.hmap -Xcc -iquote -Xcc /Users/jacksonsweet/Library/Developer/Xcode/DerivedData/OPS-czavgtmnvamasvcjgszzuulfcsxj/Build/Intermediates.noindex/OPS.build/Debug-iphonesimulator/OPS.build/OPS-project-headers.hmap -Xcc -I/Users/jacksonsweet/Library/Developer/Xcode/DerivedData/OPS-czavgtmnvamasvcjgszzuulfcsxj/Build/Products/Debug-iphonesimulator/include -Xcc -I/Users/jacksonsweet/Library/Developer/Xcode/DerivedData/OPS-czavgtmnvamasvcjgszzuulfcsxj/Build/Intermediates.noindex/OPS.build/Debug-iphonesimulator/OPS.build/DerivedSources-normal/arm64 -Xcc -I/Users/jacksonsweet/Library/Developer/Xcode/DerivedData/OPS-czavgtmnvamasvcjgszzuulfcsxj/Build/Intermediates.noindex/OPS.build/Debug-iphonesimulator/OPS.build/DerivedSources/arm64 -Xcc -I/Users/jacksonsweet/Library/Developer/Xcode/DerivedData/OPS-czavgtmnvamasvcjgszzuulfcsxj/Build/Intermediates.noindex/OPS.build/Debug-iphonesimulator/OPS.build/DerivedSources -Xcc -DDEBUG\=1 -module-name OPS -frontend-parseable-output -disable-clang-spi -target-sdk-version 18.2 -target-sdk-name iphonesimulator18.2 -external-plugin-path /Applications/Xcode.app/Contents/Developer/Platforms/iPhoneOS.platform/Developer/usr/lib/swift/host/plugins\#/Applications/Xcode.app/Contents/Developer/Platforms/iPhoneOS.platform/Developer/usr/bin/swift-plugin-server -external-plugin-path /Applications/Xcode.app/Contents/Developer/Platforms/iPhoneOS.platform/Developer/usr/local/lib/swift/host/plugins\#/Applications/Xcode.app/Contents/Developer/Platforms/iPhoneOS.platform/Developer/usr/bin/swift-plugin-server -plugin-path /Applications/Xcode.app/Contents/Developer/Toolchains/XcodeDefault.xctoolchain/usr/lib/swift/host/plugins -plugin-path /Applications/Xcode.app/Contents/Developer/Toolchains/XcodeDefault.xctoolchain/usr/local/lib/swift/host/plugins -o /Users/jacksonsweet/Library/Developer/Xcode/DerivedData/OPS-czavgtmnvamasvcjgszzuulfcsxj/Build/Intermediates.noindex/OPS.build/Debug-iphonesimulator/OPS.build/Objects-normal/arm64/KeychainManager.o -o /Users/jacksonsweet/Library/Developer/Xcode/DerivedData/OPS-czavgtmnvamasvcjgszzuulfcsxj/Build/Intermediates.noindex/OPS.build/Debug-iphonesimulator/OPS.build/Objects-normal/arm64/CompanyDTO.o -o /Users/jacksonsweet/Library/Developer/Xcode/DerivedData/OPS-czavgtmnvamasvcjgszzuulfcsxj/Build/Intermediates.noindex/OPS.build/Debug-iphonesimulator/OPS.build/Objects-normal/arm64/ProjectDTO.o -o /Users/jacksonsweet/Library/Developer/Xcode/DerivedData/OPS-czavgtmnvamasvcjgszzuulfcsxj/Build/Intermediates.noindex/OPS.build/Debug-iphonesimulator/OPS.build/Objects-normal/arm64/UserDTO.o -o /Users/jacksonsweet/Library/Developer/Xcode/DerivedData/OPS-czavgtmnvamasvcjgszzuulfcsxj/Build/Intermediates.noindex/OPS.build/Debug-iphonesimulator/OPS.build/Objects-normal/arm64/CompanyEndpoints.o -o /Users/jacksonsweet/Library/Developer/Xcode/DerivedData/OPS-czavgtmnvamasvcjgszzuulfcsxj/Build/Intermediates.noindex/OPS.build/Debug-iphonesimulator/OPS.build/Objects-normal/arm64/ProjectEndpoints.o -o /Users/jacksonsweet/Library/Developer/Xcode/DerivedData/OPS-czavgtmnvamasvcjgszzuulfcsxj/Build/Intermediates.noindex/OPS.build/Debug-iphonesimulator/OPS.build/Objects-normal/arm64/UserEndpoints.o -o /Users/jacksonsweet/Library/Developer/Xcode/DerivedData/OPS-czavgtmnvamasvcjgszzuulfcsxj/Build/Intermediates.noindex/OPS.build/Debug-iphonesimulator/OPS.build/Objects-normal/arm64/BackgroundTaskManager.o -o /Users/jacksonsweet/Library/Developer/Xcode/DerivedData/OPS-czavgtmnvamasvcjgszzuulfcsxj/Build/Intermediates.noindex/OPS.build/Debug-iphonesimulator/OPS.build/Objects-normal/arm64/SyncManager.o -o /Users/jacksonsweet/Library/Developer/Xcode/DerivedData/OPS-czavgtmnvamasvcjgszzuulfcsxj/Build/Intermediates.noindex/OPS.build/Debug-iphonesimulator/OPS.build/Objects-normal/arm64/ConnectivityMonitor.o -o /Users/jacksonsweet/Library/Developer/Xcode/DerivedData/OPS-czavgtmnvamasvcjgszzuulfcsxj/Build/Intermediates.noindex/OPS.build/Debug-iphonesimulator/OPS.build/Objects-normal/arm64/ImageSyncManager.o -o /Users/jacksonsweet/Library/Developer/Xcode/DerivedData/OPS-czavgtmnvamasvcjgszzuulfcsxj/Build/Intermediates.noindex/OPS.build/Debug-iphonesimulator/OPS.build/Objects-normal/arm64/OnboardingCoordinator.o -o /Users/jacksonsweet/Library/Developer/Xcode/DerivedData/OPS-czavgtmnvamasvcjgszzuulfcsxj/Build/Intermediates.noindex/OPS.build/Debug-iphonesimulator/OPS.build/Objects-normal/arm64/OnboardingModels.o -index-unit-output-path /OPS.build/Debug-iphonesimulator/OPS.build/Objects-normal/arm64/KeychainManager.o -index-unit-output-path /OPS.build/Debug-iphonesimulator/OPS.build/Objects-normal/arm64/CompanyDTO.o -index-unit-output-path /OPS.build/Debug-iphonesimulator/OPS.build/Objects-normal/arm64/ProjectDTO.o -index-unit-output-path /OPS.build/Debug-iphonesimulator/OPS.build/Objects-normal/arm64/UserDTO.o -index-unit-output-path /OPS.build/Debug-iphonesimulator/OPS.build/Objects-normal/arm64/CompanyEndpoints.o -index-unit-output-path /OPS.build/Debug-iphonesimulator/OPS.build/Objects-normal/arm64/ProjectEndpoints.o -index-unit-output-path /OPS.build/Debug-iphonesimulator/OPS.build/Objects-normal/arm64/UserEndpoints.o -index-unit-output-path /OPS.build/Debug-iphonesimulator/OPS.build/Objects-normal/arm64/BackgroundTaskManager.o -index-unit-output-path /OPS.build/Debug-iphonesimulator/OPS.build/Objects-normal/arm64/SyncManager.o -index-unit-output-path /OPS.build/Debug-iphonesimulator/OPS.build/Objects-normal/arm64/ConnectivityMonitor.o -index-unit-output-path /OPS.build/Debug-iphonesimulator/OPS.build/Objects-normal/arm64/ImageSyncManager.o -index-unit-output-path /OPS.build/Debug-iphonesimulator/OPS.build/Objects-normal/arm64/OnboardingCoordinator.o -index-unit-output-path /OPS.build/Debug-iphonesimulator/OPS.build/Objects-normal/arm64/OnboardingModels.o -index-store-path /Users/jacksonsweet/Library/Developer/Xcode/DerivedData/OPS-czavgtmnvamasvcjgszzuulfcsxj/Index.noindex/DataStore -index-system-modules

SwiftCompile normal arm64 /Users/jacksonsweet/Desktop/OPS\ APP/OPS/OPS/Onboarding/Models/OnboardingModels.swift (in target 'OPS' from project 'OPS')
    cd /Users/jacksonsweet/Desktop/OPS\ APP/OPS
    /Applications/Xcode.app/Contents/Developer/Toolchains/XcodeDefault.xctoolchain/usr/bin/swift-frontend -c /Users/jacksonsweet/Desktop/OPS\ APP/OPS/OPS/DataModels/BubbleImage.swift /Users/jacksonsweet/Desktop/OPS\ APP/OPS/OPS/DataModels/BubbleTypes.swift /Users/jacksonsweet/Desktop/OPS\ APP/OPS/OPS/DataModels/Company.swift /Users/jacksonsweet/Desktop/OPS\ APP/OPS/OPS/DataModels/Project.swift /Users/jacksonsweet/Desktop/OPS\ APP/OPS/OPS/DataModels/Status.swift /Users/jacksonsweet/Desktop/OPS\ APP/OPS/OPS/DataModels/User.swift /Users/jacksonsweet/Desktop/OPS\ APP/OPS/OPS/DataModels/UserRole.swift /Users/jacksonsweet/Desktop/OPS\ APP/OPS/OPS/Extensions/UIImage+Extensions.swift /Users/jacksonsweet/Desktop/OPS\ APP/OPS/OPS/Network/API/APIError.swift /Users/jacksonsweet/Desktop/OPS\ APP/OPS/OPS/Network/API/APIService.swift /Users/jacksonsweet/Desktop/OPS\ APP/OPS/OPS/Network/API/BubbleFields.swift /Users/jacksonsweet/Desktop/OPS\ APP/OPS/OPS/Network/Auth/AuthError.swift /Users/jacksonsweet/Desktop/OPS\ APP/OPS/OPS/Network/Auth/AuthManager.swift -primary-file /Users/jacksonsweet/Desktop/OPS\ APP/OPS/OPS/Network/Auth/KeychainManager.swift -primary-file /Users/jacksonsweet/Desktop/OPS\ APP/OPS/OPS/Network/DTOs/CompanyDTO.swift -primary-file /Users/jacksonsweet/Desktop/OPS\ APP/OPS/OPS/Network/DTOs/ProjectDTO.swift -primary-file /Users/jacksonsweet/Desktop/OPS\ APP/OPS/OPS/Network/DTOs/UserDTO.swift -primary-file /Users/jacksonsweet/Desktop/OPS\ APP/OPS/OPS/Network/Endpoints/CompanyEndpoints.swift -primary-file /Users/jacksonsweet/Desktop/OPS\ APP/OPS/OPS/Network/Endpoints/ProjectEndpoints.swift -primary-file /Users/jacksonsweet/Desktop/OPS\ APP/OPS/OPS/Network/Endpoints/UserEndpoints.swift -primary-file /Users/jacksonsweet/Desktop/OPS\ APP/OPS/OPS/Network/Sync/BackgroundTaskManager.swift -primary-file /Users/jacksonsweet/Desktop/OPS\ APP/OPS/OPS/Network/Sync/SyncManager.swift -primary-file /Users/jacksonsweet/Desktop/OPS\ APP/OPS/OPS/Network/ConnectivityMonitor.swift -primary-file /Users/jacksonsweet/Desktop/OPS\ APP/OPS/OPS/Network/ImageSyncManager.swift -primary-file /Users/jacksonsweet/Desktop/OPS\ APP/OPS/OPS/Onboarding/Coordinators/OnboardingCoordinator.swift -primary-file /Users/jacksonsweet/Desktop/OPS\ APP/OPS/OPS/Onboarding/Models/OnboardingModels.swift /Users/jacksonsweet/Desktop/OPS\ APP/OPS/OPS/Onboarding/Services/OnboardingService.swift /Users/jacksonsweet/Desktop/OPS\ APP/OPS/OPS/Onboarding/ViewModels/OnboardingViewModel.swift /Users/jacksonsweet/Desktop/OPS\ APP/OPS/OPS/Onboarding/Views/Components/OnboardingComponents.swift /Users/jacksonsweet/Desktop/OPS\ APP/OPS/OPS/Onboarding/Views/Screens/AccountCreatedView.swift /Users/jacksonsweet/Desktop/OPS\ APP/OPS/OPS/Onboarding/Views/Screens/CompanyCodeView.swift /Users/jacksonsweet/Desktop/OPS\ APP/OPS/OPS/Onboarding/Views/Screens/CompanyCodeViewPreview.swift /Users/jacksonsweet/Desktop/OPS\ APP/OPS/OPS/Onboarding/Views/Screens/CompletionView.swift /Users/jacksonsweet/Desktop/OPS\ APP/OPS/OPS/Onboarding/Views/Screens/CompletionViewPreview.swift /Users/jacksonsweet/Desktop/OPS\ APP/OPS/OPS/Onboarding/Views/Screens/EmailView.swift /Users/jacksonsweet/Desktop/OPS\ APP/OPS/OPS/Onboarding/Views/Screens/FieldSetupView.swift /Users/jacksonsweet/Desktop/OPS\ APP/OPS/OPS/Onboarding/Views/Screens/NotificationsView.swift /Users/jacksonsweet/Desktop/OPS\ APP/OPS/OPS/Onboarding/Views/Screens/NotificationsViewPreview.swift /Users/jacksonsweet/Desktop/OPS\ APP/OPS/OPS/Onboarding/Views/Screens/OrganizationJoinView.swift /Users/jacksonsweet/Desktop/OPS\ APP/OPS/OPS/Onboarding/Views/Screens/PasswordView.swift /Users/jacksonsweet/Desktop/OPS\ APP/OPS/OPS/Onboarding/Views/Screens/PasswordViewPreview.swift /Users/jacksonsweet/Desktop/OPS\ APP/OPS/OPS/Onboarding/Views/Screens/PermissionsView.swift /Users/jacksonsweet/Desktop/OPS\ APP/OPS/OPS/Onboarding/Views/Screens/PermissionsViewPreview.swift /Users/jacksonsweet/Desktop/OPS\ APP/OPS/OPS/Onboarding/Views/Screens/PhoneNumberView.swift /Users/jacksonsweet/Desktop/OPS\ APP/OPS/OPS/Onboarding/Views/Screens/PhoneNumberViewPreview.swift /Users/jacksonsweet/Desktop/OPS\ APP/OPS/OPS/Onboarding/Views/Screens/UserInfoView.swift /Users/jacksonsweet/Desktop/OPS\ APP/OPS/OPS/Onboarding/Views/Screens/UserInfoViewPreview.swift /Users/jacksonsweet/Desktop/OPS\ APP/OPS/OPS/Onboarding/Views/Screens/VerifyPhoneView.swift /Users/jacksonsweet/Desktop/OPS\ APP/OPS/OPS/Onboarding/Views/Screens/WelcomeCompanyView.swift /Users/jacksonsweet/Desktop/OPS\ APP/OPS/OPS/Onboarding/Views/Screens/WelcomeCompanyViewPreview.swift /Users/jacksonsweet/Desktop/OPS\ APP/OPS/OPS/Onboarding/Views/Screens/WelcomeView.swift /Users/jacksonsweet/Desktop/OPS\ APP/OPS/OPS/Onboarding/Views/Screens/WelcomeViewPreview.swift /Users/jacksonsweet/Desktop/OPS\ APP/OPS/OPS/Onboarding/Views/OnboardingContainerView.swift /Users/jacksonsweet/Desktop/OPS\ APP/OPS/OPS/Onboarding/Views/OnboardingFlowPreview.swift /Users/jacksonsweet/Desktop/OPS\ APP/OPS/OPS/Onboarding/Views/OnboardingPresenter.swift /Users/jacksonsweet/Desktop/OPS\ APP/OPS/OPS/Onboarding/Views/OnboardingPreviewHelpers.swift /Users/jacksonsweet/Desktop/OPS\ APP/OPS/OPS/Styles/OPSStyle.swift /Users/jacksonsweet/Desktop/OPS\ APP/OPS/OPS/Utilities/AppConfiguration.swift /Users/jacksonsweet/Desktop/OPS\ APP/OPS/OPS/Utilities/ArrayTransformer.swift /Users/jacksonsweet/Desktop/OPS\ APP/OPS/OPS/Utilities/DataController.swift /Users/jacksonsweet/Desktop/OPS\ APP/OPS/OPS/Utilities/Dateformatter\ +Bubble.swift /Users/jacksonsweet/Desktop/OPS\ APP/OPS/OPS/Utilities/DateHelper.swift /Users/jacksonsweet/Desktop/OPS\ APP/OPS/OPS/Utilities/FieldErrorHandler.swift /Users/jacksonsweet/Desktop/OPS\ APP/OPS/OPS/Utilities/ImageCache.swift /Users/jacksonsweet/Desktop/OPS\ APP/OPS/OPS/Utilities/ImageFileManager.swift /Users/jacksonsweet/Desktop/OPS\ APP/OPS/OPS/Utilities/InProgressManager.swift /Users/jacksonsweet/Desktop/OPS\ APP/OPS/OPS/Utilities/KeyboardDismissalModifier.swift /Users/jacksonsweet/Desktop/OPS\ APP/OPS/OPS/Utilities/LocationManager.swift /Users/jacksonsweet/Desktop/OPS\ APP/OPS/OPS/Utilities/OnboardingEnvironmentKey.swift /Users/jacksonsweet/Desktop/OPS\ APP/OPS/OPS/Utilities/SwiftDataHelper.swift /Users/jacksonsweet/Desktop/OPS\ APP/OPS/OPS/Utilities/UIComponents.swift /Users/jacksonsweet/Desktop/OPS\ APP/OPS/OPS/V2/CertificationsSettingsView.swift /Users/jacksonsweet/Desktop/OPS\ APP/OPS/OPS/ViewModels/CalendarViewModel.swift /Users/jacksonsweet/Desktop/OPS\ APP/OPS/OPS/ViewModels/ProjectsViewModel.swift /Users/jacksonsweet/Desktop/OPS\ APP/OPS/OPS/Views/Calendar\ Tab/Components/CalendarDaySelector.swift /Users/jacksonsweet/Desktop/OPS\ APP/OPS/OPS/Views/Calendar\ Tab/Components/CalendarHeaderView.swift /Users/jacksonsweet/Desktop/OPS\ APP/OPS/OPS/Views/Calendar\ Tab/Components/CalendarProjectCard.swift /Users/jacksonsweet/Desktop/OPS\ APP/OPS/OPS/Views/Calendar\ Tab/Components/CalendarToggleView.swift /Users/jacksonsweet/Desktop/OPS\ APP/OPS/OPS/Views/Calendar\ Tab/Components/DatePickerPopover.swift /Users/jacksonsweet/Desktop/OPS\ APP/OPS/OPS/Views/Calendar\ Tab/Components/DayCell.swift /Users/jacksonsweet/Desktop/OPS\ APP/OPS/OPS/Views/Calendar\ Tab/ProjectViews/DayProjectSheet.swift /Users/jacksonsweet/Desktop/OPS\ APP/OPS/OPS/Views/Calendar\ Tab/ProjectViews/ProjectListView.swift /Users/jacksonsweet/Desktop/OPS\ APP/OPS/OPS/Views/Calendar\ Tab/MonthGridView.swift /Users/jacksonsweet/Desktop/OPS\ APP/OPS/OPS/Views/Components/Common/AppHeader.swift /Users/jacksonsweet/Desktop/OPS\ APP/OPS/OPS/Views/Components/Common/ExpandableNotesView.swift /Users/jacksonsweet/Desktop/OPS\ APP/OPS/OPS/Views/Components/Common/LocationPermissionView.swift /Users/jacksonsweet/Desktop/OPS\ APP/OPS/OPS/Views/Components/Common/NavigationBanner.swift /Users/jacksonsweet/Desktop/OPS\ APP/OPS/OPS/Views/Components/Common/NavigationControlsView.swift /Users/jacksonsweet/Desktop/OPS\ APP/OPS/OPS/Views/Components/Common/TabBarBackground.swift /Users/jacksonsweet/Desktop/OPS\ APP/OPS/OPS/Views/Components/Images/ImagePicker.swift /Users/jacksonsweet/Desktop/OPS\ APP/OPS/OPS/Views/Components/Images/ImagePickerView.swift /Users/jacksonsweet/Desktop/OPS\ APP/OPS/OPS/Views/Components/Images/ProjectImagesSection.swift /Users/jacksonsweet/Desktop/OPS\ APP/OPS/OPS/Views/Components/Images/ProjectImagesSimple.swift /Users/jacksonsweet/Desktop/OPS\ APP/OPS/OPS/Views/Components/Images/ProjectImageView.swift /Users/jacksonsweet/Desktop/OPS\ APP/OPS/OPS/Views/Components/Images/ProjectPhotosGrid.swift /Users/jacksonsweet/Desktop/OPS\ APP/OPS/OPS/Views/Components/Map/MiniMapView.swift /Users/jacksonsweet/Desktop/OPS\ APP/OPS/OPS/Views/Components/Map/ProjectMapAnnotation.swift /Users/jacksonsweet/Desktop/OPS\ APP/OPS/OPS/Views/Components/Map/ProjectMapView.swift /Users/jacksonsweet/Desktop/OPS\ APP/OPS/OPS/Views/Components/Map/ProjectMarkerPopup.swift /Users/jacksonsweet/Desktop/OPS\ APP/OPS/OPS/Views/Components/Map/RouteDirectionsView.swift /Users/jacksonsweet/Desktop/OPS\ APP/OPS/OPS/Views/Components/Project/ProjectActionBar.swift /Users/jacksonsweet/Desktop/OPS\ APP/OPS/OPS/Views/Components/Project/ProjectCard.swift /Users/jacksonsweet/Desktop/OPS\ APP/OPS/OPS/Views/Components/Project/ProjectCarousel.swift /Users/jacksonsweet/Desktop/OPS\ APP/OPS/OPS/Views/Components/Project/ProjectDetailsView.swift /Users/jacksonsweet/Desktop/OPS\ APP/OPS/OPS/Views/Components/Project/ProjectHeader.swift /Users/jacksonsweet/Desktop/OPS\ APP/OPS/OPS/Views/Components/Project/ProjectSheetContainer.swift /Users/jacksonsweet/Desktop/OPS\ APP/OPS/OPS/Views/Components/User/TeamMemberListView.swift /Users/jacksonsweet/Desktop/OPS\ APP/OPS/OPS/Views/Components/User/UserProfileCard.swift /Users/jacksonsweet/Desktop/OPS\ APP/OPS/OPS/Views/Home/HomeContentView.swift /Users/jacksonsweet/Desktop/OPS\ APP/OPS/OPS/Views/Home/HomeView.swift /Users/jacksonsweet/Desktop/OPS\ APP/OPS/OPS/Views/Settings/OrganizationSettingsView.swift /Users/jacksonsweet/Desktop/OPS\ APP/OPS/OPS/Views/Settings/ProfileSettingsView.swift /Users/jacksonsweet/Desktop/OPS\ APP/OPS/OPS/Views/Settings/ProjectHistorySettingsView.swift /Users/jacksonsweet/Desktop/OPS\ APP/OPS/OPS/Views/LoginView.swift /Users/jacksonsweet/Desktop/OPS\ APP/OPS/OPS/Views/LoginViewPreview.swift /Users/jacksonsweet/Desktop/OPS\ APP/OPS/OPS/Views/MainTabView.swift /Users/jacksonsweet/Desktop/OPS\ APP/OPS/OPS/Views/NetworkStatusIndicator.swift /Users/jacksonsweet/Desktop/OPS\ APP/OPS/OPS/Views/ScheduleView.swift /Users/jacksonsweet/Desktop/OPS\ APP/OPS/OPS/Views/SettingsView.swift /Users/jacksonsweet/Desktop/OPS\ APP/OPS/OPS/Views/SplashScreen.swift /Users/jacksonsweet/Desktop/OPS\ APP/OPS/OPS/AppState.swift /Users/jacksonsweet/Desktop/OPS\ APP/OPS/OPS/ContentView.swift /Users/jacksonsweet/Desktop/OPS\ APP/OPS/OPS/Item.swift /Users/jacksonsweet/Desktop/OPS\ APP/OPS/OPS/OPSApp.swift /Users/jacksonsweet/Library/Developer/Xcode/DerivedData/OPS-czavgtmnvamasvcjgszzuulfcsxj/Build/Intermediates.noindex/OPS.build/Debug-iphonesimulator/OPS.build/DerivedSources/GeneratedAssetSymbols.swift -supplementary-output-file-map /Users/jacksonsweet/Library/Developer/Xcode/DerivedData/OPS-czavgtmnvamasvcjgszzuulfcsxj/Build/Intermediates.noindex/OPS.build/Debug-iphonesimulator/OPS.build/Objects-normal/arm64/supplementaryOutputs-2 -emit-localized-strings -emit-localized-strings-path /Users/jacksonsweet/Library/Developer/Xcode/DerivedData/OPS-czavgtmnvamasvcjgszzuulfcsxj/Build/Intermediates.noindex/OPS.build/Debug-iphonesimulator/OPS.build/Objects-normal/arm64 -target arm64-apple-ios18.2-simulator -Xllvm -aarch64-use-tbi -enable-objc-interop -sdk /Applications/Xcode.app/Contents/Developer/Platforms/iPhoneSimulator.platform/Developer/SDKs/iPhoneSimulator18.2.sdk -I /Users/jacksonsweet/Library/Developer/Xcode/DerivedData/OPS-czavgtmnvamasvcjgszzuulfcsxj/Build/Products/Debug-iphonesimulator -F /Users/jacksonsweet/Library/Developer/Xcode/DerivedData/OPS-czavgtmnvamasvcjgszzuulfcsxj/Build/Products/Debug-iphonesimulator -no-color-diagnostics -enable-testing -g -debug-info-format\=dwarf -dwarf-version\=5 -module-cache-path /Users/jacksonsweet/Library/Developer/Xcode/DerivedData/ModuleCache.noindex -profile-generate -profile-coverage-mapping -swift-version 5 -enforce-exclusivity\=checked -Onone -D DEBUG -serialize-debugging-options -const-gather-protocols-file /Users/jacksonsweet/Library/Developer/Xcode/DerivedData/OPS-czavgtmnvamasvcjgszzuulfcsxj/Build/Intermediates.noindex/OPS.build/Debug-iphonesimulator/OPS.build/Objects-normal/arm64/OPS_const_extract_protocols.json -enable-experimental-feature DebugDescriptionMacro -enable-experimental-feature OpaqueTypeErasure -enable-bare-slash-regex -empty-abi-descriptor -validate-clang-modules-once -clang-build-session-file /Users/jacksonsweet/Library/Developer/Xcode/DerivedData/ModuleCache.noindex/Session.modulevalidation -Xcc -working-directory -Xcc /Users/jacksonsweet/Desktop/OPS\ APP/OPS -resource-dir /Applications/Xcode.app/Contents/Developer/Toolchains/XcodeDefault.xctoolchain/usr/lib/swift -enable-anonymous-context-mangled-names -file-compilation-dir /Users/jacksonsweet/Desktop/OPS\ APP/OPS -Xcc -D_LIBCPP_HARDENING_MODE\=_LIBCPP_HARDENING_MODE_DEBUG -Xcc -ivfsstatcache -Xcc /Users/jacksonsweet/Library/Developer/Xcode/DerivedData/SDKStatCaches.noindex/iphonesimulator18.2-22C146-07b28473f605e47e75261259d3ef3b5a.sdkstatcache -Xcc -I/Users/jacksonsweet/Library/Developer/Xcode/DerivedData/OPS-czavgtmnvamasvcjgszzuulfcsxj/Build/Intermediates.noindex/OPS.build/Debug-iphonesimulator/OPS.build/swift-overrides.hmap -Xcc -iquote -Xcc /Users/jacksonsweet/Library/Developer/Xcode/DerivedData/OPS-czavgtmnvamasvcjgszzuulfcsxj/Build/Intermediates.noindex/OPS.build/Debug-iphonesimulator/OPS.build/OPS-generated-files.hmap -Xcc -I/Users/jacksonsweet/Library/Developer/Xcode/DerivedData/OPS-czavgtmnvamasvcjgszzuulfcsxj/Build/Intermediates.noindex/OPS.build/Debug-iphonesimulator/OPS.build/OPS-own-target-headers.hmap -Xcc -I/Users/jacksonsweet/Library/Developer/Xcode/DerivedData/OPS-czavgtmnvamasvcjgszzuulfcsxj/Build/Intermediates.noindex/OPS.build/Debug-iphonesimulator/OPS.build/OPS-all-target-headers.hmap -Xcc -iquote -Xcc /Users/jacksonsweet/Library/Developer/Xcode/DerivedData/OPS-czavgtmnvamasvcjgszzuulfcsxj/Build/Intermediates.noindex/OPS.build/Debug-iphonesimulator/OPS.build/OPS-project-headers.hmap -Xcc -I/Users/jacksonsweet/Library/Developer/Xcode/DerivedData/OPS-czavgtmnvamasvcjgszzuulfcsxj/Build/Products/Debug-iphonesimulator/include -Xcc -I/Users/jacksonsweet/Library/Developer/Xcode/DerivedData/OPS-czavgtmnvamasvcjgszzuulfcsxj/Build/Intermediates.noindex/OPS.build/Debug-iphonesimulator/OPS.build/DerivedSources-normal/arm64 -Xcc -I/Users/jacksonsweet/Library/Developer/Xcode/DerivedData/OPS-czavgtmnvamasvcjgszzuulfcsxj/Build/Intermediates.noindex/OPS.build/Debug-iphonesimulator/OPS.build/DerivedSources/arm64 -Xcc -I/Users/jacksonsweet/Library/Developer/Xcode/DerivedData/OPS-czavgtmnvamasvcjgszzuulfcsxj/Build/Intermediates.noindex/OPS.build/Debug-iphonesimulator/OPS.build/DerivedSources -Xcc -DDEBUG\=1 -module-name OPS -frontend-parseable-output -disable-clang-spi -target-sdk-version 18.2 -target-sdk-name iphonesimulator18.2 -external-plugin-path /Applications/Xcode.app/Contents/Developer/Platforms/iPhoneOS.platform/Developer/usr/lib/swift/host/plugins\#/Applications/Xcode.app/Contents/Developer/Platforms/iPhoneOS.platform/Developer/usr/bin/swift-plugin-server -external-plugin-path /Applications/Xcode.app/Contents/Developer/Platforms/iPhoneOS.platform/Developer/usr/local/lib/swift/host/plugins\#/Applications/Xcode.app/Contents/Developer/Platforms/iPhoneOS.platform/Developer/usr/bin/swift-plugin-server -plugin-path /Applications/Xcode.app/Contents/Developer/Toolchains/XcodeDefault.xctoolchain/usr/lib/swift/host/plugins -plugin-path /Applications/Xcode.app/Contents/Developer/Toolchains/XcodeDefault.xctoolchain/usr/local/lib/swift/host/plugins -o /Users/jacksonsweet/Library/Developer/Xcode/DerivedData/OPS-czavgtmnvamasvcjgszzuulfcsxj/Build/Intermediates.noindex/OPS.build/Debug-iphonesimulator/OPS.build/Objects-normal/arm64/KeychainManager.o -o /Users/jacksonsweet/Library/Developer/Xcode/DerivedData/OPS-czavgtmnvamasvcjgszzuulfcsxj/Build/Intermediates.noindex/OPS.build/Debug-iphonesimulator/OPS.build/Objects-normal/arm64/CompanyDTO.o -o /Users/jacksonsweet/Library/Developer/Xcode/DerivedData/OPS-czavgtmnvamasvcjgszzuulfcsxj/Build/Intermediates.noindex/OPS.build/Debug-iphonesimulator/OPS.build/Objects-normal/arm64/ProjectDTO.o -o /Users/jacksonsweet/Library/Developer/Xcode/DerivedData/OPS-czavgtmnvamasvcjgszzuulfcsxj/Build/Intermediates.noindex/OPS.build/Debug-iphonesimulator/OPS.build/Objects-normal/arm64/UserDTO.o -o /Users/jacksonsweet/Library/Developer/Xcode/DerivedData/OPS-czavgtmnvamasvcjgszzuulfcsxj/Build/Intermediates.noindex/OPS.build/Debug-iphonesimulator/OPS.build/Objects-normal/arm64/CompanyEndpoints.o -o /Users/jacksonsweet/Library/Developer/Xcode/DerivedData/OPS-czavgtmnvamasvcjgszzuulfcsxj/Build/Intermediates.noindex/OPS.build/Debug-iphonesimulator/OPS.build/Objects-normal/arm64/ProjectEndpoints.o -o /Users/jacksonsweet/Library/Developer/Xcode/DerivedData/OPS-czavgtmnvamasvcjgszzuulfcsxj/Build/Intermediates.noindex/OPS.build/Debug-iphonesimulator/OPS.build/Objects-normal/arm64/UserEndpoints.o -o /Users/jacksonsweet/Library/Developer/Xcode/DerivedData/OPS-czavgtmnvamasvcjgszzuulfcsxj/Build/Intermediates.noindex/OPS.build/Debug-iphonesimulator/OPS.build/Objects-normal/arm64/BackgroundTaskManager.o -o /Users/jacksonsweet/Library/Developer/Xcode/DerivedData/OPS-czavgtmnvamasvcjgszzuulfcsxj/Build/Intermediates.noindex/OPS.build/Debug-iphonesimulator/OPS.build/Objects-normal/arm64/SyncManager.o -o /Users/jacksonsweet/Library/Developer/Xcode/DerivedData/OPS-czavgtmnvamasvcjgszzuulfcsxj/Build/Intermediates.noindex/OPS.build/Debug-iphonesimulator/OPS.build/Objects-normal/arm64/ConnectivityMonitor.o -o /Users/jacksonsweet/Library/Developer/Xcode/DerivedData/OPS-czavgtmnvamasvcjgszzuulfcsxj/Build/Intermediates.noindex/OPS.build/Debug-iphonesimulator/OPS.build/Objects-normal/arm64/ImageSyncManager.o -o /Users/jacksonsweet/Library/Developer/Xcode/DerivedData/OPS-czavgtmnvamasvcjgszzuulfcsxj/Build/Intermediates.noindex/OPS.build/Debug-iphonesimulator/OPS.build/Objects-normal/arm64/OnboardingCoordinator.o -o /Users/jacksonsweet/Library/Developer/Xcode/DerivedData/OPS-czavgtmnvamasvcjgszzuulfcsxj/Build/Intermediates.noindex/OPS.build/Debug-iphonesimulator/OPS.build/Objects-normal/arm64/OnboardingModels.o -index-unit-output-path /OPS.build/Debug-iphonesimulator/OPS.build/Objects-normal/arm64/KeychainManager.o -index-unit-output-path /OPS.build/Debug-iphonesimulator/OPS.build/Objects-normal/arm64/CompanyDTO.o -index-unit-output-path /OPS.build/Debug-iphonesimulator/OPS.build/Objects-normal/arm64/ProjectDTO.o -index-unit-output-path /OPS.build/Debug-iphonesimulator/OPS.build/Objects-normal/arm64/UserDTO.o -index-unit-output-path /OPS.build/Debug-iphonesimulator/OPS.build/Objects-normal/arm64/CompanyEndpoints.o -index-unit-output-path /OPS.build/Debug-iphonesimulator/OPS.build/Objects-normal/arm64/ProjectEndpoints.o -index-unit-output-path /OPS.build/Debug-iphonesimulator/OPS.build/Objects-normal/arm64/UserEndpoints.o -index-unit-output-path /OPS.build/Debug-iphonesimulator/OPS.build/Objects-normal/arm64/BackgroundTaskManager.o -index-unit-output-path /OPS.build/Debug-iphonesimulator/OPS.build/Objects-normal/arm64/SyncManager.o -index-unit-output-path /OPS.build/Debug-iphonesimulator/OPS.build/Objects-normal/arm64/ConnectivityMonitor.o -index-unit-output-path /OPS.build/Debug-iphonesimulator/OPS.build/Objects-normal/arm64/ImageSyncManager.o -index-unit-output-path /OPS.build/Debug-iphonesimulator/OPS.build/Objects-normal/arm64/OnboardingCoordinator.o -index-unit-output-path /OPS.build/Debug-iphonesimulator/OPS.build/Objects-normal/arm64/OnboardingModels.o -index-store-path /Users/jacksonsweet/Library/Developer/Xcode/DerivedData/OPS-czavgtmnvamasvcjgszzuulfcsxj/Index.noindex/DataStore -index-system-modules

SwiftCompile normal arm64 Compiling\ OnboardingService.swift,\ OnboardingViewModel.swift,\ OnboardingComponents.swift,\ AccountCreatedView.swift,\ CompanyCodeView.swift,\ CompanyCodeViewPreview.swift,\ CompletionView.swift,\ CompletionViewPreview.swift,\ EmailView.swift,\ FieldSetupView.swift,\ NotificationsView.swift,\ NotificationsViewPreview.swift,\ OrganizationJoinView.swift /Users/jacksonsweet/Desktop/OPS\ APP/OPS/OPS/Onboarding/Services/OnboardingService.swift /Users/jacksonsweet/Desktop/OPS\ APP/OPS/OPS/Onboarding/ViewModels/OnboardingViewModel.swift /Users/jacksonsweet/Desktop/OPS\ APP/OPS/OPS/Onboarding/Views/Components/OnboardingComponents.swift /Users/jacksonsweet/Desktop/OPS\ APP/OPS/OPS/Onboarding/Views/Screens/AccountCreatedView.swift /Users/jacksonsweet/Desktop/OPS\ APP/OPS/OPS/Onboarding/Views/Screens/CompanyCodeView.swift /Users/jacksonsweet/Desktop/OPS\ APP/OPS/OPS/Onboarding/Views/Screens/CompanyCodeViewPreview.swift /Users/jacksonsweet/Desktop/OPS\ APP/OPS/OPS/Onboarding/Views/Screens/CompletionView.swift /Users/jacksonsweet/Desktop/OPS\ APP/OPS/OPS/Onboarding/Views/Screens/CompletionViewPreview.swift /Users/jacksonsweet/Desktop/OPS\ APP/OPS/OPS/Onboarding/Views/Screens/EmailView.swift /Users/jacksonsweet/Desktop/OPS\ APP/OPS/OPS/Onboarding/Views/Screens/FieldSetupView.swift /Users/jacksonsweet/Desktop/OPS\ APP/OPS/OPS/Onboarding/Views/Screens/NotificationsView.swift /Users/jacksonsweet/Desktop/OPS\ APP/OPS/OPS/Onboarding/Views/Screens/NotificationsViewPreview.swift /Users/jacksonsweet/Desktop/OPS\ APP/OPS/OPS/Onboarding/Views/Screens/OrganizationJoinView.swift (in target 'OPS' from project 'OPS')
    cd /Users/jacksonsweet/Desktop/OPS\ APP/OPS
    builtin-swiftTaskExecution -- /Applications/Xcode.app/Contents/Developer/Toolchains/XcodeDefault.xctoolchain/usr/bin/swift-frontend -frontend -c /Users/jacksonsweet/Desktop/OPS\ APP/OPS/OPS/DataModels/BubbleImage.swift /Users/jacksonsweet/Desktop/OPS\ APP/OPS/OPS/DataModels/BubbleTypes.swift /Users/jacksonsweet/Desktop/OPS\ APP/OPS/OPS/DataModels/Company.swift /Users/jacksonsweet/Desktop/OPS\ APP/OPS/OPS/DataModels/Project.swift /Users/jacksonsweet/Desktop/OPS\ APP/OPS/OPS/DataModels/Status.swift /Users/jacksonsweet/Desktop/OPS\ APP/OPS/OPS/DataModels/User.swift /Users/jacksonsweet/Desktop/OPS\ APP/OPS/OPS/DataModels/UserRole.swift /Users/jacksonsweet/Desktop/OPS\ APP/OPS/OPS/Extensions/UIImage+Extensions.swift /Users/jacksonsweet/Desktop/OPS\ APP/OPS/OPS/Network/API/APIError.swift /Users/jacksonsweet/Desktop/OPS\ APP/OPS/OPS/Network/API/APIService.swift /Users/jacksonsweet/Desktop/OPS\ APP/OPS/OPS/Network/API/BubbleFields.swift /Users/jacksonsweet/Desktop/OPS\ APP/OPS/OPS/Network/Auth/AuthError.swift /Users/jacksonsweet/Desktop/OPS\ APP/OPS/OPS/Network/Auth/AuthManager.swift /Users/jacksonsweet/Desktop/OPS\ APP/OPS/OPS/Network/Auth/KeychainManager.swift /Users/jacksonsweet/Desktop/OPS\ APP/OPS/OPS/Network/DTOs/CompanyDTO.swift /Users/jacksonsweet/Desktop/OPS\ APP/OPS/OPS/Network/DTOs/ProjectDTO.swift /Users/jacksonsweet/Desktop/OPS\ APP/OPS/OPS/Network/DTOs/UserDTO.swift /Users/jacksonsweet/Desktop/OPS\ APP/OPS/OPS/Network/Endpoints/CompanyEndpoints.swift /Users/jacksonsweet/Desktop/OPS\ APP/OPS/OPS/Network/Endpoints/ProjectEndpoints.swift /Users/jacksonsweet/Desktop/OPS\ APP/OPS/OPS/Network/Endpoints/UserEndpoints.swift /Users/jacksonsweet/Desktop/OPS\ APP/OPS/OPS/Network/Sync/BackgroundTaskManager.swift /Users/jacksonsweet/Desktop/OPS\ APP/OPS/OPS/Network/Sync/SyncManager.swift /Users/jacksonsweet/Desktop/OPS\ APP/OPS/OPS/Network/ConnectivityMonitor.swift /Users/jacksonsweet/Desktop/OPS\ APP/OPS/OPS/Network/ImageSyncManager.swift /Users/jacksonsweet/Desktop/OPS\ APP/OPS/OPS/Onboarding/Coordinators/OnboardingCoordinator.swift /Users/jacksonsweet/Desktop/OPS\ APP/OPS/OPS/Onboarding/Models/OnboardingModels.swift -primary-file /Users/jacksonsweet/Desktop/OPS\ APP/OPS/OPS/Onboarding/Services/OnboardingService.swift -primary-file /Users/jacksonsweet/Desktop/OPS\ APP/OPS/OPS/Onboarding/ViewModels/OnboardingViewModel.swift -primary-file /Users/jacksonsweet/Desktop/OPS\ APP/OPS/OPS/Onboarding/Views/Components/OnboardingComponents.swift -primary-file /Users/jacksonsweet/Desktop/OPS\ APP/OPS/OPS/Onboarding/Views/Screens/AccountCreatedView.swift -primary-file /Users/jacksonsweet/Desktop/OPS\ APP/OPS/OPS/Onboarding/Views/Screens/CompanyCodeView.swift -primary-file /Users/jacksonsweet/Desktop/OPS\ APP/OPS/OPS/Onboarding/Views/Screens/CompanyCodeViewPreview.swift -primary-file /Users/jacksonsweet/Desktop/OPS\ APP/OPS/OPS/Onboarding/Views/Screens/CompletionView.swift -primary-file /Users/jacksonsweet/Desktop/OPS\ APP/OPS/OPS/Onboarding/Views/Screens/CompletionViewPreview.swift -primary-file /Users/jacksonsweet/Desktop/OPS\ APP/OPS/OPS/Onboarding/Views/Screens/EmailView.swift -primary-file /Users/jacksonsweet/Desktop/OPS\ APP/OPS/OPS/Onboarding/Views/Screens/FieldSetupView.swift -primary-file /Users/jacksonsweet/Desktop/OPS\ APP/OPS/OPS/Onboarding/Views/Screens/NotificationsView.swift -primary-file /Users/jacksonsweet/Desktop/OPS\ APP/OPS/OPS/Onboarding/Views/Screens/NotificationsViewPreview.swift -primary-file /Users/jacksonsweet/Desktop/OPS\ APP/OPS/OPS/Onboarding/Views/Screens/OrganizationJoinView.swift /Users/jacksonsweet/Desktop/OPS\ APP/OPS/OPS/Onboarding/Views/Screens/PasswordView.swift /Users/jacksonsweet/Desktop/OPS\ APP/OPS/OPS/Onboarding/Views/Screens/PasswordViewPreview.swift /Users/jacksonsweet/Desktop/OPS\ APP/OPS/OPS/Onboarding/Views/Screens/PermissionsView.swift /Users/jacksonsweet/Desktop/OPS\ APP/OPS/OPS/Onboarding/Views/Screens/PermissionsViewPreview.swift /Users/jacksonsweet/Desktop/OPS\ APP/OPS/OPS/Onboarding/Views/Screens/PhoneNumberView.swift /Users/jacksonsweet/Desktop/OPS\ APP/OPS/OPS/Onboarding/Views/Screens/PhoneNumberViewPreview.swift /Users/jacksonsweet/Desktop/OPS\ APP/OPS/OPS/Onboarding/Views/Screens/UserInfoView.swift /Users/jacksonsweet/Desktop/OPS\ APP/OPS/OPS/Onboarding/Views/Screens/UserInfoViewPreview.swift /Users/jacksonsweet/Desktop/OPS\ APP/OPS/OPS/Onboarding/Views/Screens/VerifyPhoneView.swift /Users/jacksonsweet/Desktop/OPS\ APP/OPS/OPS/Onboarding/Views/Screens/WelcomeCompanyView.swift /Users/jacksonsweet/Desktop/OPS\ APP/OPS/OPS/Onboarding/Views/Screens/WelcomeCompanyViewPreview.swift /Users/jacksonsweet/Desktop/OPS\ APP/OPS/OPS/Onboarding/Views/Screens/WelcomeView.swift /Users/jacksonsweet/Desktop/OPS\ APP/OPS/OPS/Onboarding/Views/Screens/WelcomeViewPreview.swift /Users/jacksonsweet/Desktop/OPS\ APP/OPS/OPS/Onboarding/Views/OnboardingContainerView.swift /Users/jacksonsweet/Desktop/OPS\ APP/OPS/OPS/Onboarding/Views/OnboardingFlowPreview.swift /Users/jacksonsweet/Desktop/OPS\ APP/OPS/OPS/Onboarding/Views/OnboardingPresenter.swift /Users/jacksonsweet/Desktop/OPS\ APP/OPS/OPS/Onboarding/Views/OnboardingPreviewHelpers.swift /Users/jacksonsweet/Desktop/OPS\ APP/OPS/OPS/Styles/OPSStyle.swift /Users/jacksonsweet/Desktop/OPS\ APP/OPS/OPS/Utilities/AppConfiguration.swift /Users/jacksonsweet/Desktop/OPS\ APP/OPS/OPS/Utilities/ArrayTransformer.swift /Users/jacksonsweet/Desktop/OPS\ APP/OPS/OPS/Utilities/DataController.swift /Users/jacksonsweet/Desktop/OPS\ APP/OPS/OPS/Utilities/Dateformatter\ +Bubble.swift /Users/jacksonsweet/Desktop/OPS\ APP/OPS/OPS/Utilities/DateHelper.swift /Users/jacksonsweet/Desktop/OPS\ APP/OPS/OPS/Utilities/FieldErrorHandler.swift /Users/jacksonsweet/Desktop/OPS\ APP/OPS/OPS/Utilities/ImageCache.swift /Users/jacksonsweet/Desktop/OPS\ APP/OPS/OPS/Utilities/ImageFileManager.swift /Users/jacksonsweet/Desktop/OPS\ APP/OPS/OPS/Utilities/InProgressManager.swift /Users/jacksonsweet/Desktop/OPS\ APP/OPS/OPS/Utilities/KeyboardDismissalModifier.swift /Users/jacksonsweet/Desktop/OPS\ APP/OPS/OPS/Utilities/LocationManager.swift /Users/jacksonsweet/Desktop/OPS\ APP/OPS/OPS/Utilities/OnboardingEnvironmentKey.swift /Users/jacksonsweet/Desktop/OPS\ APP/OPS/OPS/Utilities/SwiftDataHelper.swift /Users/jacksonsweet/Desktop/OPS\ APP/OPS/OPS/Utilities/UIComponents.swift /Users/jacksonsweet/Desktop/OPS\ APP/OPS/OPS/V2/CertificationsSettingsView.swift /Users/jacksonsweet/Desktop/OPS\ APP/OPS/OPS/ViewModels/CalendarViewModel.swift /Users/jacksonsweet/Desktop/OPS\ APP/OPS/OPS/ViewModels/ProjectsViewModel.swift /Users/jacksonsweet/Desktop/OPS\ APP/OPS/OPS/Views/Calendar\ Tab/Components/CalendarDaySelector.swift /Users/jacksonsweet/Desktop/OPS\ APP/OPS/OPS/Views/Calendar\ Tab/Components/CalendarHeaderView.swift /Users/jacksonsweet/Desktop/OPS\ APP/OPS/OPS/Views/Calendar\ Tab/Components/CalendarProjectCard.swift /Users/jacksonsweet/Desktop/OPS\ APP/OPS/OPS/Views/Calendar\ Tab/Components/CalendarToggleView.swift /Users/jacksonsweet/Desktop/OPS\ APP/OPS/OPS/Views/Calendar\ Tab/Components/DatePickerPopover.swift /Users/jacksonsweet/Desktop/OPS\ APP/OPS/OPS/Views/Calendar\ Tab/Components/DayCell.swift /Users/jacksonsweet/Desktop/OPS\ APP/OPS/OPS/Views/Calendar\ Tab/ProjectViews/DayProjectSheet.swift /Users/jacksonsweet/Desktop/OPS\ APP/OPS/OPS/Views/Calendar\ Tab/ProjectViews/ProjectListView.swift /Users/jacksonsweet/Desktop/OPS\ APP/OPS/OPS/Views/Calendar\ Tab/MonthGridView.swift /Users/jacksonsweet/Desktop/OPS\ APP/OPS/OPS/Views/Components/Common/AppHeader.swift /Users/jacksonsweet/Desktop/OPS\ APP/OPS/OPS/Views/Components/Common/ExpandableNotesView.swift /Users/jacksonsweet/Desktop/OPS\ APP/OPS/OPS/Views/Components/Common/LocationPermissionView.swift /Users/jacksonsweet/Desktop/OPS\ APP/OPS/OPS/Views/Components/Common/NavigationBanner.swift /Users/jacksonsweet/Desktop/OPS\ APP/OPS/OPS/Views/Components/Common/NavigationControlsView.swift /Users/jacksonsweet/Desktop/OPS\ APP/OPS/OPS/Views/Components/Common/TabBarBackground.swift /Users/jacksonsweet/Desktop/OPS\ APP/OPS/OPS/Views/Components/Images/ImagePicker.swift /Users/jacksonsweet/Desktop/OPS\ APP/OPS/OPS/Views/Components/Images/ImagePickerView.swift /Users/jacksonsweet/Desktop/OPS\ APP/OPS/OPS/Views/Components/Images/ProjectImagesSection.swift /Users/jacksonsweet/Desktop/OPS\ APP/OPS/OPS/Views/Components/Images/ProjectImagesSimple.swift /Users/jacksonsweet/Desktop/OPS\ APP/OPS/OPS/Views/Components/Images/ProjectImageView.swift /Users/jacksonsweet/Desktop/OPS\ APP/OPS/OPS/Views/Components/Images/ProjectPhotosGrid.swift /Users/jacksonsweet/Desktop/OPS\ APP/OPS/OPS/Views/Components/Map/MiniMapView.swift /Users/jacksonsweet/Desktop/OPS\ APP/OPS/OPS/Views/Components/Map/ProjectMapAnnotation.swift /Users/jacksonsweet/Desktop/OPS\ APP/OPS/OPS/Views/Components/Map/ProjectMapView.swift /Users/jacksonsweet/Desktop/OPS\ APP/OPS/OPS/Views/Components/Map/ProjectMarkerPopup.swift /Users/jacksonsweet/Desktop/OPS\ APP/OPS/OPS/Views/Components/Map/RouteDirectionsView.swift /Users/jacksonsweet/Desktop/OPS\ APP/OPS/OPS/Views/Components/Project/ProjectActionBar.swift /Users/jacksonsweet/Desktop/OPS\ APP/OPS/OPS/Views/Components/Project/ProjectCard.swift /Users/jacksonsweet/Desktop/OPS\ APP/OPS/OPS/Views/Components/Project/ProjectCarousel.swift /Users/jacksonsweet/Desktop/OPS\ APP/OPS/OPS/Views/Components/Project/ProjectDetailsView.swift /Users/jacksonsweet/Desktop/OPS\ APP/OPS/OPS/Views/Components/Project/ProjectHeader.swift /Users/jacksonsweet/Desktop/OPS\ APP/OPS/OPS/Views/Components/Project/ProjectSheetContainer.swift /Users/jacksonsweet/Desktop/OPS\ APP/OPS/OPS/Views/Components/User/TeamMemberListView.swift /Users/jacksonsweet/Desktop/OPS\ APP/OPS/OPS/Views/Components/User/UserProfileCard.swift /Users/jacksonsweet/Desktop/OPS\ APP/OPS/OPS/Views/Home/HomeContentView.swift /Users/jacksonsweet/Desktop/OPS\ APP/OPS/OPS/Views/Home/HomeView.swift /Users/jacksonsweet/Desktop/OPS\ APP/OPS/OPS/Views/Settings/OrganizationSettingsView.swift /Users/jacksonsweet/Desktop/OPS\ APP/OPS/OPS/Views/Settings/ProfileSettingsView.swift /Users/jacksonsweet/Desktop/OPS\ APP/OPS/OPS/Views/Settings/ProjectHistorySettingsView.swift /Users/jacksonsweet/Desktop/OPS\ APP/OPS/OPS/Views/LoginView.swift /Users/jacksonsweet/Desktop/OPS\ APP/OPS/OPS/Views/LoginViewPreview.swift /Users/jacksonsweet/Desktop/OPS\ APP/OPS/OPS/Views/MainTabView.swift /Users/jacksonsweet/Desktop/OPS\ APP/OPS/OPS/Views/NetworkStatusIndicator.swift /Users/jacksonsweet/Desktop/OPS\ APP/OPS/OPS/Views/ScheduleView.swift /Users/jacksonsweet/Desktop/OPS\ APP/OPS/OPS/Views/SettingsView.swift /Users/jacksonsweet/Desktop/OPS\ APP/OPS/OPS/Views/SplashScreen.swift /Users/jacksonsweet/Desktop/OPS\ APP/OPS/OPS/AppState.swift /Users/jacksonsweet/Desktop/OPS\ APP/OPS/OPS/ContentView.swift /Users/jacksonsweet/Desktop/OPS\ APP/OPS/OPS/Item.swift /Users/jacksonsweet/Desktop/OPS\ APP/OPS/OPS/OPSApp.swift /Users/jacksonsweet/Library/Developer/Xcode/DerivedData/OPS-czavgtmnvamasvcjgszzuulfcsxj/Build/Intermediates.noindex/OPS.build/Debug-iphonesimulator/OPS.build/DerivedSources/GeneratedAssetSymbols.swift -supplementary-output-file-map /Users/jacksonsweet/Library/Developer/Xcode/DerivedData/OPS-czavgtmnvamasvcjgszzuulfcsxj/Build/Intermediates.noindex/OPS.build/Debug-iphonesimulator/OPS.build/Objects-normal/arm64/supplementaryOutputs-3 -emit-localized-strings -emit-localized-strings-path /Users/jacksonsweet/Library/Developer/Xcode/DerivedData/OPS-czavgtmnvamasvcjgszzuulfcsxj/Build/Intermediates.noindex/OPS.build/Debug-iphonesimulator/OPS.build/Objects-normal/arm64 -target arm64-apple-ios18.2-simulator -Xllvm -aarch64-use-tbi -enable-objc-interop -sdk /Applications/Xcode.app/Contents/Developer/Platforms/iPhoneSimulator.platform/Developer/SDKs/iPhoneSimulator18.2.sdk -I /Users/jacksonsweet/Library/Developer/Xcode/DerivedData/OPS-czavgtmnvamasvcjgszzuulfcsxj/Build/Products/Debug-iphonesimulator -F /Users/jacksonsweet/Library/Developer/Xcode/DerivedData/OPS-czavgtmnvamasvcjgszzuulfcsxj/Build/Products/Debug-iphonesimulator -no-color-diagnostics -enable-testing -g -debug-info-format\=dwarf -dwarf-version\=5 -module-cache-path /Users/jacksonsweet/Library/Developer/Xcode/DerivedData/ModuleCache.noindex -profile-generate -profile-coverage-mapping -swift-version 5 -enforce-exclusivity\=checked -Onone -D DEBUG -serialize-debugging-options -const-gather-protocols-file /Users/jacksonsweet/Library/Developer/Xcode/DerivedData/OPS-czavgtmnvamasvcjgszzuulfcsxj/Build/Intermediates.noindex/OPS.build/Debug-iphonesimulator/OPS.build/Objects-normal/arm64/OPS_const_extract_protocols.json -enable-experimental-feature DebugDescriptionMacro -enable-experimental-feature OpaqueTypeErasure -enable-bare-slash-regex -empty-abi-descriptor -validate-clang-modules-once -clang-build-session-file /Users/jacksonsweet/Library/Developer/Xcode/DerivedData/ModuleCache.noindex/Session.modulevalidation -Xcc -working-directory -Xcc /Users/jacksonsweet/Desktop/OPS\ APP/OPS -resource-dir /Applications/Xcode.app/Contents/Developer/Toolchains/XcodeDefault.xctoolchain/usr/lib/swift -enable-anonymous-context-mangled-names -file-compilation-dir /Users/jacksonsweet/Desktop/OPS\ APP/OPS -Xcc -D_LIBCPP_HARDENING_MODE\=_LIBCPP_HARDENING_MODE_DEBUG -Xcc -ivfsstatcache -Xcc /Users/jacksonsweet/Library/Developer/Xcode/DerivedData/SDKStatCaches.noindex/iphonesimulator18.2-22C146-07b28473f605e47e75261259d3ef3b5a.sdkstatcache -Xcc -I/Users/jacksonsweet/Library/Developer/Xcode/DerivedData/OPS-czavgtmnvamasvcjgszzuulfcsxj/Build/Intermediates.noindex/OPS.build/Debug-iphonesimulator/OPS.build/swift-overrides.hmap -Xcc -iquote -Xcc /Users/jacksonsweet/Library/Developer/Xcode/DerivedData/OPS-czavgtmnvamasvcjgszzuulfcsxj/Build/Intermediates.noindex/OPS.build/Debug-iphonesimulator/OPS.build/OPS-generated-files.hmap -Xcc -I/Users/jacksonsweet/Library/Developer/Xcode/DerivedData/OPS-czavgtmnvamasvcjgszzuulfcsxj/Build/Intermediates.noindex/OPS.build/Debug-iphonesimulator/OPS.build/OPS-own-target-headers.hmap -Xcc -I/Users/jacksonsweet/Library/Developer/Xcode/DerivedData/OPS-czavgtmnvamasvcjgszzuulfcsxj/Build/Intermediates.noindex/OPS.build/Debug-iphonesimulator/OPS.build/OPS-all-target-headers.hmap -Xcc -iquote -Xcc /Users/jacksonsweet/Library/Developer/Xcode/DerivedData/OPS-czavgtmnvamasvcjgszzuulfcsxj/Build/Intermediates.noindex/OPS.build/Debug-iphonesimulator/OPS.build/OPS-project-headers.hmap -Xcc -I/Users/jacksonsweet/Library/Developer/Xcode/DerivedData/OPS-czavgtmnvamasvcjgszzuulfcsxj/Build/Products/Debug-iphonesimulator/include -Xcc -I/Users/jacksonsweet/Library/Developer/Xcode/DerivedData/OPS-czavgtmnvamasvcjgszzuulfcsxj/Build/Intermediates.noindex/OPS.build/Debug-iphonesimulator/OPS.build/DerivedSources-normal/arm64 -Xcc -I/Users/jacksonsweet/Library/Developer/Xcode/DerivedData/OPS-czavgtmnvamasvcjgszzuulfcsxj/Build/Intermediates.noindex/OPS.build/Debug-iphonesimulator/OPS.build/DerivedSources/arm64 -Xcc -I/Users/jacksonsweet/Library/Developer/Xcode/DerivedData/OPS-czavgtmnvamasvcjgszzuulfcsxj/Build/Intermediates.noindex/OPS.build/Debug-iphonesimulator/OPS.build/DerivedSources -Xcc -DDEBUG\=1 -module-name OPS -frontend-parseable-output -disable-clang-spi -target-sdk-version 18.2 -target-sdk-name iphonesimulator18.2 -external-plugin-path /Applications/Xcode.app/Contents/Developer/Platforms/iPhoneOS.platform/Developer/usr/lib/swift/host/plugins\#/Applications/Xcode.app/Contents/Developer/Platforms/iPhoneOS.platform/Developer/usr/bin/swift-plugin-server -external-plugin-path /Applications/Xcode.app/Contents/Developer/Platforms/iPhoneOS.platform/Developer/usr/local/lib/swift/host/plugins\#/Applications/Xcode.app/Contents/Developer/Platforms/iPhoneOS.platform/Developer/usr/bin/swift-plugin-server -plugin-path /Applications/Xcode.app/Contents/Developer/Toolchains/XcodeDefault.xctoolchain/usr/lib/swift/host/plugins -plugin-path /Applications/Xcode.app/Contents/Developer/Toolchains/XcodeDefault.xctoolchain/usr/local/lib/swift/host/plugins -o /Users/jacksonsweet/Library/Developer/Xcode/DerivedData/OPS-czavgtmnvamasvcjgszzuulfcsxj/Build/Intermediates.noindex/OPS.build/Debug-iphonesimulator/OPS.build/Objects-normal/arm64/OnboardingService.o -o /Users/jacksonsweet/Library/Developer/Xcode/DerivedData/OPS-czavgtmnvamasvcjgszzuulfcsxj/Build/Intermediates.noindex/OPS.build/Debug-iphonesimulator/OPS.build/Objects-normal/arm64/OnboardingViewModel.o -o /Users/jacksonsweet/Library/Developer/Xcode/DerivedData/OPS-czavgtmnvamasvcjgszzuulfcsxj/Build/Intermediates.noindex/OPS.build/Debug-iphonesimulator/OPS.build/Objects-normal/arm64/OnboardingComponents.o -o /Users/jacksonsweet/Library/Developer/Xcode/DerivedData/OPS-czavgtmnvamasvcjgszzuulfcsxj/Build/Intermediates.noindex/OPS.build/Debug-iphonesimulator/OPS.build/Objects-normal/arm64/AccountCreatedView.o -o /Users/jacksonsweet/Library/Developer/Xcode/DerivedData/OPS-czavgtmnvamasvcjgszzuulfcsxj/Build/Intermediates.noindex/OPS.build/Debug-iphonesimulator/OPS.build/Objects-normal/arm64/CompanyCodeView.o -o /Users/jacksonsweet/Library/Developer/Xcode/DerivedData/OPS-czavgtmnvamasvcjgszzuulfcsxj/Build/Intermediates.noindex/OPS.build/Debug-iphonesimulator/OPS.build/Objects-normal/arm64/CompanyCodeViewPreview.o -o /Users/jacksonsweet/Library/Developer/Xcode/DerivedData/OPS-czavgtmnvamasvcjgszzuulfcsxj/Build/Intermediates.noindex/OPS.build/Debug-iphonesimulator/OPS.build/Objects-normal/arm64/CompletionView.o -o /Users/jacksonsweet/Library/Developer/Xcode/DerivedData/OPS-czavgtmnvamasvcjgszzuulfcsxj/Build/Intermediates.noindex/OPS.build/Debug-iphonesimulator/OPS.build/Objects-normal/arm64/CompletionViewPreview.o -o /Users/jacksonsweet/Library/Developer/Xcode/DerivedData/OPS-czavgtmnvamasvcjgszzuulfcsxj/Build/Intermediates.noindex/OPS.build/Debug-iphonesimulator/OPS.build/Objects-normal/arm64/EmailView.o -o /Users/jacksonsweet/Library/Developer/Xcode/DerivedData/OPS-czavgtmnvamasvcjgszzuulfcsxj/Build/Intermediates.noindex/OPS.build/Debug-iphonesimulator/OPS.build/Objects-normal/arm64/FieldSetupView.o -o /Users/jacksonsweet/Library/Developer/Xcode/DerivedData/OPS-czavgtmnvamasvcjgszzuulfcsxj/Build/Intermediates.noindex/OPS.build/Debug-iphonesimulator/OPS.build/Objects-normal/arm64/NotificationsView.o -o /Users/jacksonsweet/Library/Developer/Xcode/DerivedData/OPS-czavgtmnvamasvcjgszzuulfcsxj/Build/Intermediates.noindex/OPS.build/Debug-iphonesimulator/OPS.build/Objects-normal/arm64/NotificationsViewPreview.o -o /Users/jacksonsweet/Library/Developer/Xcode/DerivedData/OPS-czavgtmnvamasvcjgszzuulfcsxj/Build/Intermediates.noindex/OPS.build/Debug-iphonesimulator/OPS.build/Objects-normal/arm64/OrganizationJoinView.o -index-unit-output-path /OPS.build/Debug-iphonesimulator/OPS.build/Objects-normal/arm64/OnboardingService.o -index-unit-output-path /OPS.build/Debug-iphonesimulator/OPS.build/Objects-normal/arm64/OnboardingViewModel.o -index-unit-output-path /OPS.build/Debug-iphonesimulator/OPS.build/Objects-normal/arm64/OnboardingComponents.o -index-unit-output-path /OPS.build/Debug-iphonesimulator/OPS.build/Objects-normal/arm64/AccountCreatedView.o -index-unit-output-path /OPS.build/Debug-iphonesimulator/OPS.build/Objects-normal/arm64/CompanyCodeView.o -index-unit-output-path /OPS.build/Debug-iphonesimulator/OPS.build/Objects-normal/arm64/CompanyCodeViewPreview.o -index-unit-output-path /OPS.build/Debug-iphonesimulator/OPS.build/Objects-normal/arm64/CompletionView.o -index-unit-output-path /OPS.build/Debug-iphonesimulator/OPS.build/Objects-normal/arm64/CompletionViewPreview.o -index-unit-output-path /OPS.build/Debug-iphonesimulator/OPS.build/Objects-normal/arm64/EmailView.o -index-unit-output-path /OPS.build/Debug-iphonesimulator/OPS.build/Objects-normal/arm64/FieldSetupView.o -index-unit-output-path /OPS.build/Debug-iphonesimulator/OPS.build/Objects-normal/arm64/NotificationsView.o -index-unit-output-path /OPS.build/Debug-iphonesimulator/OPS.build/Objects-normal/arm64/NotificationsViewPreview.o -index-unit-output-path /OPS.build/Debug-iphonesimulator/OPS.build/Objects-normal/arm64/OrganizationJoinView.o -index-store-path /Users/jacksonsweet/Library/Developer/Xcode/DerivedData/OPS-czavgtmnvamasvcjgszzuulfcsxj/Index.noindex/DataStore -index-system-modules

SwiftCompile normal arm64 /Users/jacksonsweet/Desktop/OPS\ APP/OPS/OPS/Onboarding/Services/OnboardingService.swift (in target 'OPS' from project 'OPS')
    cd /Users/jacksonsweet/Desktop/OPS\ APP/OPS
    /Applications/Xcode.app/Contents/Developer/Toolchains/XcodeDefault.xctoolchain/usr/bin/swift-frontend -c /Users/jacksonsweet/Desktop/OPS\ APP/OPS/OPS/DataModels/BubbleImage.swift /Users/jacksonsweet/Desktop/OPS\ APP/OPS/OPS/DataModels/BubbleTypes.swift /Users/jacksonsweet/Desktop/OPS\ APP/OPS/OPS/DataModels/Company.swift /Users/jacksonsweet/Desktop/OPS\ APP/OPS/OPS/DataModels/Project.swift /Users/jacksonsweet/Desktop/OPS\ APP/OPS/OPS/DataModels/Status.swift /Users/jacksonsweet/Desktop/OPS\ APP/OPS/OPS/DataModels/User.swift /Users/jacksonsweet/Desktop/OPS\ APP/OPS/OPS/DataModels/UserRole.swift /Users/jacksonsweet/Desktop/OPS\ APP/OPS/OPS/Extensions/UIImage+Extensions.swift /Users/jacksonsweet/Desktop/OPS\ APP/OPS/OPS/Network/API/APIError.swift /Users/jacksonsweet/Desktop/OPS\ APP/OPS/OPS/Network/API/APIService.swift /Users/jacksonsweet/Desktop/OPS\ APP/OPS/OPS/Network/API/BubbleFields.swift /Users/jacksonsweet/Desktop/OPS\ APP/OPS/OPS/Network/Auth/AuthError.swift /Users/jacksonsweet/Desktop/OPS\ APP/OPS/OPS/Network/Auth/AuthManager.swift /Users/jacksonsweet/Desktop/OPS\ APP/OPS/OPS/Network/Auth/KeychainManager.swift /Users/jacksonsweet/Desktop/OPS\ APP/OPS/OPS/Network/DTOs/CompanyDTO.swift /Users/jacksonsweet/Desktop/OPS\ APP/OPS/OPS/Network/DTOs/ProjectDTO.swift /Users/jacksonsweet/Desktop/OPS\ APP/OPS/OPS/Network/DTOs/UserDTO.swift /Users/jacksonsweet/Desktop/OPS\ APP/OPS/OPS/Network/Endpoints/CompanyEndpoints.swift /Users/jacksonsweet/Desktop/OPS\ APP/OPS/OPS/Network/Endpoints/ProjectEndpoints.swift /Users/jacksonsweet/Desktop/OPS\ APP/OPS/OPS/Network/Endpoints/UserEndpoints.swift /Users/jacksonsweet/Desktop/OPS\ APP/OPS/OPS/Network/Sync/BackgroundTaskManager.swift /Users/jacksonsweet/Desktop/OPS\ APP/OPS/OPS/Network/Sync/SyncManager.swift /Users/jacksonsweet/Desktop/OPS\ APP/OPS/OPS/Network/ConnectivityMonitor.swift /Users/jacksonsweet/Desktop/OPS\ APP/OPS/OPS/Network/ImageSyncManager.swift /Users/jacksonsweet/Desktop/OPS\ APP/OPS/OPS/Onboarding/Coordinators/OnboardingCoordinator.swift /Users/jacksonsweet/Desktop/OPS\ APP/OPS/OPS/Onboarding/Models/OnboardingModels.swift -primary-file /Users/jacksonsweet/Desktop/OPS\ APP/OPS/OPS/Onboarding/Services/OnboardingService.swift -primary-file /Users/jacksonsweet/Desktop/OPS\ APP/OPS/OPS/Onboarding/ViewModels/OnboardingViewModel.swift -primary-file /Users/jacksonsweet/Desktop/OPS\ APP/OPS/OPS/Onboarding/Views/Components/OnboardingComponents.swift -primary-file /Users/jacksonsweet/Desktop/OPS\ APP/OPS/OPS/Onboarding/Views/Screens/AccountCreatedView.swift -primary-file /Users/jacksonsweet/Desktop/OPS\ APP/OPS/OPS/Onboarding/Views/Screens/CompanyCodeView.swift -primary-file /Users/jacksonsweet/Desktop/OPS\ APP/OPS/OPS/Onboarding/Views/Screens/CompanyCodeViewPreview.swift -primary-file /Users/jacksonsweet/Desktop/OPS\ APP/OPS/OPS/Onboarding/Views/Screens/CompletionView.swift -primary-file /Users/jacksonsweet/Desktop/OPS\ APP/OPS/OPS/Onboarding/Views/Screens/CompletionViewPreview.swift -primary-file /Users/jacksonsweet/Desktop/OPS\ APP/OPS/OPS/Onboarding/Views/Screens/EmailView.swift -primary-file /Users/jacksonsweet/Desktop/OPS\ APP/OPS/OPS/Onboarding/Views/Screens/FieldSetupView.swift -primary-file /Users/jacksonsweet/Desktop/OPS\ APP/OPS/OPS/Onboarding/Views/Screens/NotificationsView.swift -primary-file /Users/jacksonsweet/Desktop/OPS\ APP/OPS/OPS/Onboarding/Views/Screens/NotificationsViewPreview.swift -primary-file /Users/jacksonsweet/Desktop/OPS\ APP/OPS/OPS/Onboarding/Views/Screens/OrganizationJoinView.swift /Users/jacksonsweet/Desktop/OPS\ APP/OPS/OPS/Onboarding/Views/Screens/PasswordView.swift /Users/jacksonsweet/Desktop/OPS\ APP/OPS/OPS/Onboarding/Views/Screens/PasswordViewPreview.swift /Users/jacksonsweet/Desktop/OPS\ APP/OPS/OPS/Onboarding/Views/Screens/PermissionsView.swift /Users/jacksonsweet/Desktop/OPS\ APP/OPS/OPS/Onboarding/Views/Screens/PermissionsViewPreview.swift /Users/jacksonsweet/Desktop/OPS\ APP/OPS/OPS/Onboarding/Views/Screens/PhoneNumberView.swift /Users/jacksonsweet/Desktop/OPS\ APP/OPS/OPS/Onboarding/Views/Screens/PhoneNumberViewPreview.swift /Users/jacksonsweet/Desktop/OPS\ APP/OPS/OPS/Onboarding/Views/Screens/UserInfoView.swift /Users/jacksonsweet/Desktop/OPS\ APP/OPS/OPS/Onboarding/Views/Screens/UserInfoViewPreview.swift /Users/jacksonsweet/Desktop/OPS\ APP/OPS/OPS/Onboarding/Views/Screens/VerifyPhoneView.swift /Users/jacksonsweet/Desktop/OPS\ APP/OPS/OPS/Onboarding/Views/Screens/WelcomeCompanyView.swift /Users/jacksonsweet/Desktop/OPS\ APP/OPS/OPS/Onboarding/Views/Screens/WelcomeCompanyViewPreview.swift /Users/jacksonsweet/Desktop/OPS\ APP/OPS/OPS/Onboarding/Views/Screens/WelcomeView.swift /Users/jacksonsweet/Desktop/OPS\ APP/OPS/OPS/Onboarding/Views/Screens/WelcomeViewPreview.swift /Users/jacksonsweet/Desktop/OPS\ APP/OPS/OPS/Onboarding/Views/OnboardingContainerView.swift /Users/jacksonsweet/Desktop/OPS\ APP/OPS/OPS/Onboarding/Views/OnboardingFlowPreview.swift /Users/jacksonsweet/Desktop/OPS\ APP/OPS/OPS/Onboarding/Views/OnboardingPresenter.swift /Users/jacksonsweet/Desktop/OPS\ APP/OPS/OPS/Onboarding/Views/OnboardingPreviewHelpers.swift /Users/jacksonsweet/Desktop/OPS\ APP/OPS/OPS/Styles/OPSStyle.swift /Users/jacksonsweet/Desktop/OPS\ APP/OPS/OPS/Utilities/AppConfiguration.swift /Users/jacksonsweet/Desktop/OPS\ APP/OPS/OPS/Utilities/ArrayTransformer.swift /Users/jacksonsweet/Desktop/OPS\ APP/OPS/OPS/Utilities/DataController.swift /Users/jacksonsweet/Desktop/OPS\ APP/OPS/OPS/Utilities/Dateformatter\ +Bubble.swift /Users/jacksonsweet/Desktop/OPS\ APP/OPS/OPS/Utilities/DateHelper.swift /Users/jacksonsweet/Desktop/OPS\ APP/OPS/OPS/Utilities/FieldErrorHandler.swift /Users/jacksonsweet/Desktop/OPS\ APP/OPS/OPS/Utilities/ImageCache.swift /Users/jacksonsweet/Desktop/OPS\ APP/OPS/OPS/Utilities/ImageFileManager.swift /Users/jacksonsweet/Desktop/OPS\ APP/OPS/OPS/Utilities/InProgressManager.swift /Users/jacksonsweet/Desktop/OPS\ APP/OPS/OPS/Utilities/KeyboardDismissalModifier.swift /Users/jacksonsweet/Desktop/OPS\ APP/OPS/OPS/Utilities/LocationManager.swift /Users/jacksonsweet/Desktop/OPS\ APP/OPS/OPS/Utilities/OnboardingEnvironmentKey.swift /Users/jacksonsweet/Desktop/OPS\ APP/OPS/OPS/Utilities/SwiftDataHelper.swift /Users/jacksonsweet/Desktop/OPS\ APP/OPS/OPS/Utilities/UIComponents.swift /Users/jacksonsweet/Desktop/OPS\ APP/OPS/OPS/V2/CertificationsSettingsView.swift /Users/jacksonsweet/Desktop/OPS\ APP/OPS/OPS/ViewModels/CalendarViewModel.swift /Users/jacksonsweet/Desktop/OPS\ APP/OPS/OPS/ViewModels/ProjectsViewModel.swift /Users/jacksonsweet/Desktop/OPS\ APP/OPS/OPS/Views/Calendar\ Tab/Components/CalendarDaySelector.swift /Users/jacksonsweet/Desktop/OPS\ APP/OPS/OPS/Views/Calendar\ Tab/Components/CalendarHeaderView.swift /Users/jacksonsweet/Desktop/OPS\ APP/OPS/OPS/Views/Calendar\ Tab/Components/CalendarProjectCard.swift /Users/jacksonsweet/Desktop/OPS\ APP/OPS/OPS/Views/Calendar\ Tab/Components/CalendarToggleView.swift /Users/jacksonsweet/Desktop/OPS\ APP/OPS/OPS/Views/Calendar\ Tab/Components/DatePickerPopover.swift /Users/jacksonsweet/Desktop/OPS\ APP/OPS/OPS/Views/Calendar\ Tab/Components/DayCell.swift /Users/jacksonsweet/Desktop/OPS\ APP/OPS/OPS/Views/Calendar\ Tab/ProjectViews/DayProjectSheet.swift /Users/jacksonsweet/Desktop/OPS\ APP/OPS/OPS/Views/Calendar\ Tab/ProjectViews/ProjectListView.swift /Users/jacksonsweet/Desktop/OPS\ APP/OPS/OPS/Views/Calendar\ Tab/MonthGridView.swift /Users/jacksonsweet/Desktop/OPS\ APP/OPS/OPS/Views/Components/Common/AppHeader.swift /Users/jacksonsweet/Desktop/OPS\ APP/OPS/OPS/Views/Components/Common/ExpandableNotesView.swift /Users/jacksonsweet/Desktop/OPS\ APP/OPS/OPS/Views/Components/Common/LocationPermissionView.swift /Users/jacksonsweet/Desktop/OPS\ APP/OPS/OPS/Views/Components/Common/NavigationBanner.swift /Users/jacksonsweet/Desktop/OPS\ APP/OPS/OPS/Views/Components/Common/NavigationControlsView.swift /Users/jacksonsweet/Desktop/OPS\ APP/OPS/OPS/Views/Components/Common/TabBarBackground.swift /Users/jacksonsweet/Desktop/OPS\ APP/OPS/OPS/Views/Components/Images/ImagePicker.swift /Users/jacksonsweet/Desktop/OPS\ APP/OPS/OPS/Views/Components/Images/ImagePickerView.swift /Users/jacksonsweet/Desktop/OPS\ APP/OPS/OPS/Views/Components/Images/ProjectImagesSection.swift /Users/jacksonsweet/Desktop/OPS\ APP/OPS/OPS/Views/Components/Images/ProjectImagesSimple.swift /Users/jacksonsweet/Desktop/OPS\ APP/OPS/OPS/Views/Components/Images/ProjectImageView.swift /Users/jacksonsweet/Desktop/OPS\ APP/OPS/OPS/Views/Components/Images/ProjectPhotosGrid.swift /Users/jacksonsweet/Desktop/OPS\ APP/OPS/OPS/Views/Components/Map/MiniMapView.swift /Users/jacksonsweet/Desktop/OPS\ APP/OPS/OPS/Views/Components/Map/ProjectMapAnnotation.swift /Users/jacksonsweet/Desktop/OPS\ APP/OPS/OPS/Views/Components/Map/ProjectMapView.swift /Users/jacksonsweet/Desktop/OPS\ APP/OPS/OPS/Views/Components/Map/ProjectMarkerPopup.swift /Users/jacksonsweet/Desktop/OPS\ APP/OPS/OPS/Views/Components/Map/RouteDirectionsView.swift /Users/jacksonsweet/Desktop/OPS\ APP/OPS/OPS/Views/Components/Project/ProjectActionBar.swift /Users/jacksonsweet/Desktop/OPS\ APP/OPS/OPS/Views/Components/Project/ProjectCard.swift /Users/jacksonsweet/Desktop/OPS\ APP/OPS/OPS/Views/Components/Project/ProjectCarousel.swift /Users/jacksonsweet/Desktop/OPS\ APP/OPS/OPS/Views/Components/Project/ProjectDetailsView.swift /Users/jacksonsweet/Desktop/OPS\ APP/OPS/OPS/Views/Components/Project/ProjectHeader.swift /Users/jacksonsweet/Desktop/OPS\ APP/OPS/OPS/Views/Components/Project/ProjectSheetContainer.swift /Users/jacksonsweet/Desktop/OPS\ APP/OPS/OPS/Views/Components/User/TeamMemberListView.swift /Users/jacksonsweet/Desktop/OPS\ APP/OPS/OPS/Views/Components/User/UserProfileCard.swift /Users/jacksonsweet/Desktop/OPS\ APP/OPS/OPS/Views/Home/HomeContentView.swift /Users/jacksonsweet/Desktop/OPS\ APP/OPS/OPS/Views/Home/HomeView.swift /Users/jacksonsweet/Desktop/OPS\ APP/OPS/OPS/Views/Settings/OrganizationSettingsView.swift /Users/jacksonsweet/Desktop/OPS\ APP/OPS/OPS/Views/Settings/ProfileSettingsView.swift /Users/jacksonsweet/Desktop/OPS\ APP/OPS/OPS/Views/Settings/ProjectHistorySettingsView.swift /Users/jacksonsweet/Desktop/OPS\ APP/OPS/OPS/Views/LoginView.swift /Users/jacksonsweet/Desktop/OPS\ APP/OPS/OPS/Views/LoginViewPreview.swift /Users/jacksonsweet/Desktop/OPS\ APP/OPS/OPS/Views/MainTabView.swift /Users/jacksonsweet/Desktop/OPS\ APP/OPS/OPS/Views/NetworkStatusIndicator.swift /Users/jacksonsweet/Desktop/OPS\ APP/OPS/OPS/Views/ScheduleView.swift /Users/jacksonsweet/Desktop/OPS\ APP/OPS/OPS/Views/SettingsView.swift /Users/jacksonsweet/Desktop/OPS\ APP/OPS/OPS/Views/SplashScreen.swift /Users/jacksonsweet/Desktop/OPS\ APP/OPS/OPS/AppState.swift /Users/jacksonsweet/Desktop/OPS\ APP/OPS/OPS/ContentView.swift /Users/jacksonsweet/Desktop/OPS\ APP/OPS/OPS/Item.swift /Users/jacksonsweet/Desktop/OPS\ APP/OPS/OPS/OPSApp.swift /Users/jacksonsweet/Library/Developer/Xcode/DerivedData/OPS-czavgtmnvamasvcjgszzuulfcsxj/Build/Intermediates.noindex/OPS.build/Debug-iphonesimulator/OPS.build/DerivedSources/GeneratedAssetSymbols.swift -supplementary-output-file-map /Users/jacksonsweet/Library/Developer/Xcode/DerivedData/OPS-czavgtmnvamasvcjgszzuulfcsxj/Build/Intermediates.noindex/OPS.build/Debug-iphonesimulator/OPS.build/Objects-normal/arm64/supplementaryOutputs-3 -emit-localized-strings -emit-localized-strings-path /Users/jacksonsweet/Library/Developer/Xcode/DerivedData/OPS-czavgtmnvamasvcjgszzuulfcsxj/Build/Intermediates.noindex/OPS.build/Debug-iphonesimulator/OPS.build/Objects-normal/arm64 -target arm64-apple-ios18.2-simulator -Xllvm -aarch64-use-tbi -enable-objc-interop -sdk /Applications/Xcode.app/Contents/Developer/Platforms/iPhoneSimulator.platform/Developer/SDKs/iPhoneSimulator18.2.sdk -I /Users/jacksonsweet/Library/Developer/Xcode/DerivedData/OPS-czavgtmnvamasvcjgszzuulfcsxj/Build/Products/Debug-iphonesimulator -F /Users/jacksonsweet/Library/Developer/Xcode/DerivedData/OPS-czavgtmnvamasvcjgszzuulfcsxj/Build/Products/Debug-iphonesimulator -no-color-diagnostics -enable-testing -g -debug-info-format\=dwarf -dwarf-version\=5 -module-cache-path /Users/jacksonsweet/Library/Developer/Xcode/DerivedData/ModuleCache.noindex -profile-generate -profile-coverage-mapping -swift-version 5 -enforce-exclusivity\=checked -Onone -D DEBUG -serialize-debugging-options -const-gather-protocols-file /Users/jacksonsweet/Library/Developer/Xcode/DerivedData/OPS-czavgtmnvamasvcjgszzuulfcsxj/Build/Intermediates.noindex/OPS.build/Debug-iphonesimulator/OPS.build/Objects-normal/arm64/OPS_const_extract_protocols.json -enable-experimental-feature DebugDescriptionMacro -enable-experimental-feature OpaqueTypeErasure -enable-bare-slash-regex -empty-abi-descriptor -validate-clang-modules-once -clang-build-session-file /Users/jacksonsweet/Library/Developer/Xcode/DerivedData/ModuleCache.noindex/Session.modulevalidation -Xcc -working-directory -Xcc /Users/jacksonsweet/Desktop/OPS\ APP/OPS -resource-dir /Applications/Xcode.app/Contents/Developer/Toolchains/XcodeDefault.xctoolchain/usr/lib/swift -enable-anonymous-context-mangled-names -file-compilation-dir /Users/jacksonsweet/Desktop/OPS\ APP/OPS -Xcc -D_LIBCPP_HARDENING_MODE\=_LIBCPP_HARDENING_MODE_DEBUG -Xcc -ivfsstatcache -Xcc /Users/jacksonsweet/Library/Developer/Xcode/DerivedData/SDKStatCaches.noindex/iphonesimulator18.2-22C146-07b28473f605e47e75261259d3ef3b5a.sdkstatcache -Xcc -I/Users/jacksonsweet/Library/Developer/Xcode/DerivedData/OPS-czavgtmnvamasvcjgszzuulfcsxj/Build/Intermediates.noindex/OPS.build/Debug-iphonesimulator/OPS.build/swift-overrides.hmap -Xcc -iquote -Xcc /Users/jacksonsweet/Library/Developer/Xcode/DerivedData/OPS-czavgtmnvamasvcjgszzuulfcsxj/Build/Intermediates.noindex/OPS.build/Debug-iphonesimulator/OPS.build/OPS-generated-files.hmap -Xcc -I/Users/jacksonsweet/Library/Developer/Xcode/DerivedData/OPS-czavgtmnvamasvcjgszzuulfcsxj/Build/Intermediates.noindex/OPS.build/Debug-iphonesimulator/OPS.build/OPS-own-target-headers.hmap -Xcc -I/Users/jacksonsweet/Library/Developer/Xcode/DerivedData/OPS-czavgtmnvamasvcjgszzuulfcsxj/Build/Intermediates.noindex/OPS.build/Debug-iphonesimulator/OPS.build/OPS-all-target-headers.hmap -Xcc -iquote -Xcc /Users/jacksonsweet/Library/Developer/Xcode/DerivedData/OPS-czavgtmnvamasvcjgszzuulfcsxj/Build/Intermediates.noindex/OPS.build/Debug-iphonesimulator/OPS.build/OPS-project-headers.hmap -Xcc -I/Users/jacksonsweet/Library/Developer/Xcode/DerivedData/OPS-czavgtmnvamasvcjgszzuulfcsxj/Build/Products/Debug-iphonesimulator/include -Xcc -I/Users/jacksonsweet/Library/Developer/Xcode/DerivedData/OPS-czavgtmnvamasvcjgszzuulfcsxj/Build/Intermediates.noindex/OPS.build/Debug-iphonesimulator/OPS.build/DerivedSources-normal/arm64 -Xcc -I/Users/jacksonsweet/Library/Developer/Xcode/DerivedData/OPS-czavgtmnvamasvcjgszzuulfcsxj/Build/Intermediates.noindex/OPS.build/Debug-iphonesimulator/OPS.build/DerivedSources/arm64 -Xcc -I/Users/jacksonsweet/Library/Developer/Xcode/DerivedData/OPS-czavgtmnvamasvcjgszzuulfcsxj/Build/Intermediates.noindex/OPS.build/Debug-iphonesimulator/OPS.build/DerivedSources -Xcc -DDEBUG\=1 -module-name OPS -frontend-parseable-output -disable-clang-spi -target-sdk-version 18.2 -target-sdk-name iphonesimulator18.2 -external-plugin-path /Applications/Xcode.app/Contents/Developer/Platforms/iPhoneOS.platform/Developer/usr/lib/swift/host/plugins\#/Applications/Xcode.app/Contents/Developer/Platforms/iPhoneOS.platform/Developer/usr/bin/swift-plugin-server -external-plugin-path /Applications/Xcode.app/Contents/Developer/Platforms/iPhoneOS.platform/Developer/usr/local/lib/swift/host/plugins\#/Applications/Xcode.app/Contents/Developer/Platforms/iPhoneOS.platform/Developer/usr/bin/swift-plugin-server -plugin-path /Applications/Xcode.app/Contents/Developer/Toolchains/XcodeDefault.xctoolchain/usr/lib/swift/host/plugins -plugin-path /Applications/Xcode.app/Contents/Developer/Toolchains/XcodeDefault.xctoolchain/usr/local/lib/swift/host/plugins -o /Users/jacksonsweet/Library/Developer/Xcode/DerivedData/OPS-czavgtmnvamasvcjgszzuulfcsxj/Build/Intermediates.noindex/OPS.build/Debug-iphonesimulator/OPS.build/Objects-normal/arm64/OnboardingService.o -o /Users/jacksonsweet/Library/Developer/Xcode/DerivedData/OPS-czavgtmnvamasvcjgszzuulfcsxj/Build/Intermediates.noindex/OPS.build/Debug-iphonesimulator/OPS.build/Objects-normal/arm64/OnboardingViewModel.o -o /Users/jacksonsweet/Library/Developer/Xcode/DerivedData/OPS-czavgtmnvamasvcjgszzuulfcsxj/Build/Intermediates.noindex/OPS.build/Debug-iphonesimulator/OPS.build/Objects-normal/arm64/OnboardingComponents.o -o /Users/jacksonsweet/Library/Developer/Xcode/DerivedData/OPS-czavgtmnvamasvcjgszzuulfcsxj/Build/Intermediates.noindex/OPS.build/Debug-iphonesimulator/OPS.build/Objects-normal/arm64/AccountCreatedView.o -o /Users/jacksonsweet/Library/Developer/Xcode/DerivedData/OPS-czavgtmnvamasvcjgszzuulfcsxj/Build/Intermediates.noindex/OPS.build/Debug-iphonesimulator/OPS.build/Objects-normal/arm64/CompanyCodeView.o -o /Users/jacksonsweet/Library/Developer/Xcode/DerivedData/OPS-czavgtmnvamasvcjgszzuulfcsxj/Build/Intermediates.noindex/OPS.build/Debug-iphonesimulator/OPS.build/Objects-normal/arm64/CompanyCodeViewPreview.o -o /Users/jacksonsweet/Library/Developer/Xcode/DerivedData/OPS-czavgtmnvamasvcjgszzuulfcsxj/Build/Intermediates.noindex/OPS.build/Debug-iphonesimulator/OPS.build/Objects-normal/arm64/CompletionView.o -o /Users/jacksonsweet/Library/Developer/Xcode/DerivedData/OPS-czavgtmnvamasvcjgszzuulfcsxj/Build/Intermediates.noindex/OPS.build/Debug-iphonesimulator/OPS.build/Objects-normal/arm64/CompletionViewPreview.o -o /Users/jacksonsweet/Library/Developer/Xcode/DerivedData/OPS-czavgtmnvamasvcjgszzuulfcsxj/Build/Intermediates.noindex/OPS.build/Debug-iphonesimulator/OPS.build/Objects-normal/arm64/EmailView.o -o /Users/jacksonsweet/Library/Developer/Xcode/DerivedData/OPS-czavgtmnvamasvcjgszzuulfcsxj/Build/Intermediates.noindex/OPS.build/Debug-iphonesimulator/OPS.build/Objects-normal/arm64/FieldSetupView.o -o /Users/jacksonsweet/Library/Developer/Xcode/DerivedData/OPS-czavgtmnvamasvcjgszzuulfcsxj/Build/Intermediates.noindex/OPS.build/Debug-iphonesimulator/OPS.build/Objects-normal/arm64/NotificationsView.o -o /Users/jacksonsweet/Library/Developer/Xcode/DerivedData/OPS-czavgtmnvamasvcjgszzuulfcsxj/Build/Intermediates.noindex/OPS.build/Debug-iphonesimulator/OPS.build/Objects-normal/arm64/NotificationsViewPreview.o -o /Users/jacksonsweet/Library/Developer/Xcode/DerivedData/OPS-czavgtmnvamasvcjgszzuulfcsxj/Build/Intermediates.noindex/OPS.build/Debug-iphonesimulator/OPS.build/Objects-normal/arm64/OrganizationJoinView.o -index-unit-output-path /OPS.build/Debug-iphonesimulator/OPS.build/Objects-normal/arm64/OnboardingService.o -index-unit-output-path /OPS.build/Debug-iphonesimulator/OPS.build/Objects-normal/arm64/OnboardingViewModel.o -index-unit-output-path /OPS.build/Debug-iphonesimulator/OPS.build/Objects-normal/arm64/OnboardingComponents.o -index-unit-output-path /OPS.build/Debug-iphonesimulator/OPS.build/Objects-normal/arm64/AccountCreatedView.o -index-unit-output-path /OPS.build/Debug-iphonesimulator/OPS.build/Objects-normal/arm64/CompanyCodeView.o -index-unit-output-path /OPS.build/Debug-iphonesimulator/OPS.build/Objects-normal/arm64/CompanyCodeViewPreview.o -index-unit-output-path /OPS.build/Debug-iphonesimulator/OPS.build/Objects-normal/arm64/CompletionView.o -index-unit-output-path /OPS.build/Debug-iphonesimulator/OPS.build/Objects-normal/arm64/CompletionViewPreview.o -index-unit-output-path /OPS.build/Debug-iphonesimulator/OPS.build/Objects-normal/arm64/EmailView.o -index-unit-output-path /OPS.build/Debug-iphonesimulator/OPS.build/Objects-normal/arm64/FieldSetupView.o -index-unit-output-path /OPS.build/Debug-iphonesimulator/OPS.build/Objects-normal/arm64/NotificationsView.o -index-unit-output-path /OPS.build/Debug-iphonesimulator/OPS.build/Objects-normal/arm64/NotificationsViewPreview.o -index-unit-output-path /OPS.build/Debug-iphonesimulator/OPS.build/Objects-normal/arm64/OrganizationJoinView.o -index-store-path /Users/jacksonsweet/Library/Developer/Xcode/DerivedData/OPS-czavgtmnvamasvcjgszzuulfcsxj/Index.noindex/DataStore -index-system-modules

SwiftCompile normal arm64 /Users/jacksonsweet/Desktop/OPS\ APP/OPS/OPS/Onboarding/ViewModels/OnboardingViewModel.swift (in target 'OPS' from project 'OPS')
    cd /Users/jacksonsweet/Desktop/OPS\ APP/OPS
    /Applications/Xcode.app/Contents/Developer/Toolchains/XcodeDefault.xctoolchain/usr/bin/swift-frontend -c /Users/jacksonsweet/Desktop/OPS\ APP/OPS/OPS/DataModels/BubbleImage.swift /Users/jacksonsweet/Desktop/OPS\ APP/OPS/OPS/DataModels/BubbleTypes.swift /Users/jacksonsweet/Desktop/OPS\ APP/OPS/OPS/DataModels/Company.swift /Users/jacksonsweet/Desktop/OPS\ APP/OPS/OPS/DataModels/Project.swift /Users/jacksonsweet/Desktop/OPS\ APP/OPS/OPS/DataModels/Status.swift /Users/jacksonsweet/Desktop/OPS\ APP/OPS/OPS/DataModels/User.swift /Users/jacksonsweet/Desktop/OPS\ APP/OPS/OPS/DataModels/UserRole.swift /Users/jacksonsweet/Desktop/OPS\ APP/OPS/OPS/Extensions/UIImage+Extensions.swift /Users/jacksonsweet/Desktop/OPS\ APP/OPS/OPS/Network/API/APIError.swift /Users/jacksonsweet/Desktop/OPS\ APP/OPS/OPS/Network/API/APIService.swift /Users/jacksonsweet/Desktop/OPS\ APP/OPS/OPS/Network/API/BubbleFields.swift /Users/jacksonsweet/Desktop/OPS\ APP/OPS/OPS/Network/Auth/AuthError.swift /Users/jacksonsweet/Desktop/OPS\ APP/OPS/OPS/Network/Auth/AuthManager.swift /Users/jacksonsweet/Desktop/OPS\ APP/OPS/OPS/Network/Auth/KeychainManager.swift /Users/jacksonsweet/Desktop/OPS\ APP/OPS/OPS/Network/DTOs/CompanyDTO.swift /Users/jacksonsweet/Desktop/OPS\ APP/OPS/OPS/Network/DTOs/ProjectDTO.swift /Users/jacksonsweet/Desktop/OPS\ APP/OPS/OPS/Network/DTOs/UserDTO.swift /Users/jacksonsweet/Desktop/OPS\ APP/OPS/OPS/Network/Endpoints/CompanyEndpoints.swift /Users/jacksonsweet/Desktop/OPS\ APP/OPS/OPS/Network/Endpoints/ProjectEndpoints.swift /Users/jacksonsweet/Desktop/OPS\ APP/OPS/OPS/Network/Endpoints/UserEndpoints.swift /Users/jacksonsweet/Desktop/OPS\ APP/OPS/OPS/Network/Sync/BackgroundTaskManager.swift /Users/jacksonsweet/Desktop/OPS\ APP/OPS/OPS/Network/Sync/SyncManager.swift /Users/jacksonsweet/Desktop/OPS\ APP/OPS/OPS/Network/ConnectivityMonitor.swift /Users/jacksonsweet/Desktop/OPS\ APP/OPS/OPS/Network/ImageSyncManager.swift /Users/jacksonsweet/Desktop/OPS\ APP/OPS/OPS/Onboarding/Coordinators/OnboardingCoordinator.swift /Users/jacksonsweet/Desktop/OPS\ APP/OPS/OPS/Onboarding/Models/OnboardingModels.swift -primary-file /Users/jacksonsweet/Desktop/OPS\ APP/OPS/OPS/Onboarding/Services/OnboardingService.swift -primary-file /Users/jacksonsweet/Desktop/OPS\ APP/OPS/OPS/Onboarding/ViewModels/OnboardingViewModel.swift -primary-file /Users/jacksonsweet/Desktop/OPS\ APP/OPS/OPS/Onboarding/Views/Components/OnboardingComponents.swift -primary-file /Users/jacksonsweet/Desktop/OPS\ APP/OPS/OPS/Onboarding/Views/Screens/AccountCreatedView.swift -primary-file /Users/jacksonsweet/Desktop/OPS\ APP/OPS/OPS/Onboarding/Views/Screens/CompanyCodeView.swift -primary-file /Users/jacksonsweet/Desktop/OPS\ APP/OPS/OPS/Onboarding/Views/Screens/CompanyCodeViewPreview.swift -primary-file /Users/jacksonsweet/Desktop/OPS\ APP/OPS/OPS/Onboarding/Views/Screens/CompletionView.swift -primary-file /Users/jacksonsweet/Desktop/OPS\ APP/OPS/OPS/Onboarding/Views/Screens/CompletionViewPreview.swift -primary-file /Users/jacksonsweet/Desktop/OPS\ APP/OPS/OPS/Onboarding/Views/Screens/EmailView.swift -primary-file /Users/jacksonsweet/Desktop/OPS\ APP/OPS/OPS/Onboarding/Views/Screens/FieldSetupView.swift -primary-file /Users/jacksonsweet/Desktop/OPS\ APP/OPS/OPS/Onboarding/Views/Screens/NotificationsView.swift -primary-file /Users/jacksonsweet/Desktop/OPS\ APP/OPS/OPS/Onboarding/Views/Screens/NotificationsViewPreview.swift -primary-file /Users/jacksonsweet/Desktop/OPS\ APP/OPS/OPS/Onboarding/Views/Screens/OrganizationJoinView.swift /Users/jacksonsweet/Desktop/OPS\ APP/OPS/OPS/Onboarding/Views/Screens/PasswordView.swift /Users/jacksonsweet/Desktop/OPS\ APP/OPS/OPS/Onboarding/Views/Screens/PasswordViewPreview.swift /Users/jacksonsweet/Desktop/OPS\ APP/OPS/OPS/Onboarding/Views/Screens/PermissionsView.swift /Users/jacksonsweet/Desktop/OPS\ APP/OPS/OPS/Onboarding/Views/Screens/PermissionsViewPreview.swift /Users/jacksonsweet/Desktop/OPS\ APP/OPS/OPS/Onboarding/Views/Screens/PhoneNumberView.swift /Users/jacksonsweet/Desktop/OPS\ APP/OPS/OPS/Onboarding/Views/Screens/PhoneNumberViewPreview.swift /Users/jacksonsweet/Desktop/OPS\ APP/OPS/OPS/Onboarding/Views/Screens/UserInfoView.swift /Users/jacksonsweet/Desktop/OPS\ APP/OPS/OPS/Onboarding/Views/Screens/UserInfoViewPreview.swift /Users/jacksonsweet/Desktop/OPS\ APP/OPS/OPS/Onboarding/Views/Screens/VerifyPhoneView.swift /Users/jacksonsweet/Desktop/OPS\ APP/OPS/OPS/Onboarding/Views/Screens/WelcomeCompanyView.swift /Users/jacksonsweet/Desktop/OPS\ APP/OPS/OPS/Onboarding/Views/Screens/WelcomeCompanyViewPreview.swift /Users/jacksonsweet/Desktop/OPS\ APP/OPS/OPS/Onboarding/Views/Screens/WelcomeView.swift /Users/jacksonsweet/Desktop/OPS\ APP/OPS/OPS/Onboarding/Views/Screens/WelcomeViewPreview.swift /Users/jacksonsweet/Desktop/OPS\ APP/OPS/OPS/Onboarding/Views/OnboardingContainerView.swift /Users/jacksonsweet/Desktop/OPS\ APP/OPS/OPS/Onboarding/Views/OnboardingFlowPreview.swift /Users/jacksonsweet/Desktop/OPS\ APP/OPS/OPS/Onboarding/Views/OnboardingPresenter.swift /Users/jacksonsweet/Desktop/OPS\ APP/OPS/OPS/Onboarding/Views/OnboardingPreviewHelpers.swift /Users/jacksonsweet/Desktop/OPS\ APP/OPS/OPS/Styles/OPSStyle.swift /Users/jacksonsweet/Desktop/OPS\ APP/OPS/OPS/Utilities/AppConfiguration.swift /Users/jacksonsweet/Desktop/OPS\ APP/OPS/OPS/Utilities/ArrayTransformer.swift /Users/jacksonsweet/Desktop/OPS\ APP/OPS/OPS/Utilities/DataController.swift /Users/jacksonsweet/Desktop/OPS\ APP/OPS/OPS/Utilities/Dateformatter\ +Bubble.swift /Users/jacksonsweet/Desktop/OPS\ APP/OPS/OPS/Utilities/DateHelper.swift /Users/jacksonsweet/Desktop/OPS\ APP/OPS/OPS/Utilities/FieldErrorHandler.swift /Users/jacksonsweet/Desktop/OPS\ APP/OPS/OPS/Utilities/ImageCache.swift /Users/jacksonsweet/Desktop/OPS\ APP/OPS/OPS/Utilities/ImageFileManager.swift /Users/jacksonsweet/Desktop/OPS\ APP/OPS/OPS/Utilities/InProgressManager.swift /Users/jacksonsweet/Desktop/OPS\ APP/OPS/OPS/Utilities/KeyboardDismissalModifier.swift /Users/jacksonsweet/Desktop/OPS\ APP/OPS/OPS/Utilities/LocationManager.swift /Users/jacksonsweet/Desktop/OPS\ APP/OPS/OPS/Utilities/OnboardingEnvironmentKey.swift /Users/jacksonsweet/Desktop/OPS\ APP/OPS/OPS/Utilities/SwiftDataHelper.swift /Users/jacksonsweet/Desktop/OPS\ APP/OPS/OPS/Utilities/UIComponents.swift /Users/jacksonsweet/Desktop/OPS\ APP/OPS/OPS/V2/CertificationsSettingsView.swift /Users/jacksonsweet/Desktop/OPS\ APP/OPS/OPS/ViewModels/CalendarViewModel.swift /Users/jacksonsweet/Desktop/OPS\ APP/OPS/OPS/ViewModels/ProjectsViewModel.swift /Users/jacksonsweet/Desktop/OPS\ APP/OPS/OPS/Views/Calendar\ Tab/Components/CalendarDaySelector.swift /Users/jacksonsweet/Desktop/OPS\ APP/OPS/OPS/Views/Calendar\ Tab/Components/CalendarHeaderView.swift /Users/jacksonsweet/Desktop/OPS\ APP/OPS/OPS/Views/Calendar\ Tab/Components/CalendarProjectCard.swift /Users/jacksonsweet/Desktop/OPS\ APP/OPS/OPS/Views/Calendar\ Tab/Components/CalendarToggleView.swift /Users/jacksonsweet/Desktop/OPS\ APP/OPS/OPS/Views/Calendar\ Tab/Components/DatePickerPopover.swift /Users/jacksonsweet/Desktop/OPS\ APP/OPS/OPS/Views/Calendar\ Tab/Components/DayCell.swift /Users/jacksonsweet/Desktop/OPS\ APP/OPS/OPS/Views/Calendar\ Tab/ProjectViews/DayProjectSheet.swift /Users/jacksonsweet/Desktop/OPS\ APP/OPS/OPS/Views/Calendar\ Tab/ProjectViews/ProjectListView.swift /Users/jacksonsweet/Desktop/OPS\ APP/OPS/OPS/Views/Calendar\ Tab/MonthGridView.swift /Users/jacksonsweet/Desktop/OPS\ APP/OPS/OPS/Views/Components/Common/AppHeader.swift /Users/jacksonsweet/Desktop/OPS\ APP/OPS/OPS/Views/Components/Common/ExpandableNotesView.swift /Users/jacksonsweet/Desktop/OPS\ APP/OPS/OPS/Views/Components/Common/LocationPermissionView.swift /Users/jacksonsweet/Desktop/OPS\ APP/OPS/OPS/Views/Components/Common/NavigationBanner.swift /Users/jacksonsweet/Desktop/OPS\ APP/OPS/OPS/Views/Components/Common/NavigationControlsView.swift /Users/jacksonsweet/Desktop/OPS\ APP/OPS/OPS/Views/Components/Common/TabBarBackground.swift /Users/jacksonsweet/Desktop/OPS\ APP/OPS/OPS/Views/Components/Images/ImagePicker.swift /Users/jacksonsweet/Desktop/OPS\ APP/OPS/OPS/Views/Components/Images/ImagePickerView.swift /Users/jacksonsweet/Desktop/OPS\ APP/OPS/OPS/Views/Components/Images/ProjectImagesSection.swift /Users/jacksonsweet/Desktop/OPS\ APP/OPS/OPS/Views/Components/Images/ProjectImagesSimple.swift /Users/jacksonsweet/Desktop/OPS\ APP/OPS/OPS/Views/Components/Images/ProjectImageView.swift /Users/jacksonsweet/Desktop/OPS\ APP/OPS/OPS/Views/Components/Images/ProjectPhotosGrid.swift /Users/jacksonsweet/Desktop/OPS\ APP/OPS/OPS/Views/Components/Map/MiniMapView.swift /Users/jacksonsweet/Desktop/OPS\ APP/OPS/OPS/Views/Components/Map/ProjectMapAnnotation.swift /Users/jacksonsweet/Desktop/OPS\ APP/OPS/OPS/Views/Components/Map/ProjectMapView.swift /Users/jacksonsweet/Desktop/OPS\ APP/OPS/OPS/Views/Components/Map/ProjectMarkerPopup.swift /Users/jacksonsweet/Desktop/OPS\ APP/OPS/OPS/Views/Components/Map/RouteDirectionsView.swift /Users/jacksonsweet/Desktop/OPS\ APP/OPS/OPS/Views/Components/Project/ProjectActionBar.swift /Users/jacksonsweet/Desktop/OPS\ APP/OPS/OPS/Views/Components/Project/ProjectCard.swift /Users/jacksonsweet/Desktop/OPS\ APP/OPS/OPS/Views/Components/Project/ProjectCarousel.swift /Users/jacksonsweet/Desktop/OPS\ APP/OPS/OPS/Views/Components/Project/ProjectDetailsView.swift /Users/jacksonsweet/Desktop/OPS\ APP/OPS/OPS/Views/Components/Project/ProjectHeader.swift /Users/jacksonsweet/Desktop/OPS\ APP/OPS/OPS/Views/Components/Project/ProjectSheetContainer.swift /Users/jacksonsweet/Desktop/OPS\ APP/OPS/OPS/Views/Components/User/TeamMemberListView.swift /Users/jacksonsweet/Desktop/OPS\ APP/OPS/OPS/Views/Components/User/UserProfileCard.swift /Users/jacksonsweet/Desktop/OPS\ APP/OPS/OPS/Views/Home/HomeContentView.swift /Users/jacksonsweet/Desktop/OPS\ APP/OPS/OPS/Views/Home/HomeView.swift /Users/jacksonsweet/Desktop/OPS\ APP/OPS/OPS/Views/Settings/OrganizationSettingsView.swift /Users/jacksonsweet/Desktop/OPS\ APP/OPS/OPS/Views/Settings/ProfileSettingsView.swift /Users/jacksonsweet/Desktop/OPS\ APP/OPS/OPS/Views/Settings/ProjectHistorySettingsView.swift /Users/jacksonsweet/Desktop/OPS\ APP/OPS/OPS/Views/LoginView.swift /Users/jacksonsweet/Desktop/OPS\ APP/OPS/OPS/Views/LoginViewPreview.swift /Users/jacksonsweet/Desktop/OPS\ APP/OPS/OPS/Views/MainTabView.swift /Users/jacksonsweet/Desktop/OPS\ APP/OPS/OPS/Views/NetworkStatusIndicator.swift /Users/jacksonsweet/Desktop/OPS\ APP/OPS/OPS/Views/ScheduleView.swift /Users/jacksonsweet/Desktop/OPS\ APP/OPS/OPS/Views/SettingsView.swift /Users/jacksonsweet/Desktop/OPS\ APP/OPS/OPS/Views/SplashScreen.swift /Users/jacksonsweet/Desktop/OPS\ APP/OPS/OPS/AppState.swift /Users/jacksonsweet/Desktop/OPS\ APP/OPS/OPS/ContentView.swift /Users/jacksonsweet/Desktop/OPS\ APP/OPS/OPS/Item.swift /Users/jacksonsweet/Desktop/OPS\ APP/OPS/OPS/OPSApp.swift /Users/jacksonsweet/Library/Developer/Xcode/DerivedData/OPS-czavgtmnvamasvcjgszzuulfcsxj/Build/Intermediates.noindex/OPS.build/Debug-iphonesimulator/OPS.build/DerivedSources/GeneratedAssetSymbols.swift -supplementary-output-file-map /Users/jacksonsweet/Library/Developer/Xcode/DerivedData/OPS-czavgtmnvamasvcjgszzuulfcsxj/Build/Intermediates.noindex/OPS.build/Debug-iphonesimulator/OPS.build/Objects-normal/arm64/supplementaryOutputs-3 -emit-localized-strings -emit-localized-strings-path /Users/jacksonsweet/Library/Developer/Xcode/DerivedData/OPS-czavgtmnvamasvcjgszzuulfcsxj/Build/Intermediates.noindex/OPS.build/Debug-iphonesimulator/OPS.build/Objects-normal/arm64 -target arm64-apple-ios18.2-simulator -Xllvm -aarch64-use-tbi -enable-objc-interop -sdk /Applications/Xcode.app/Contents/Developer/Platforms/iPhoneSimulator.platform/Developer/SDKs/iPhoneSimulator18.2.sdk -I /Users/jacksonsweet/Library/Developer/Xcode/DerivedData/OPS-czavgtmnvamasvcjgszzuulfcsxj/Build/Products/Debug-iphonesimulator -F /Users/jacksonsweet/Library/Developer/Xcode/DerivedData/OPS-czavgtmnvamasvcjgszzuulfcsxj/Build/Products/Debug-iphonesimulator -no-color-diagnostics -enable-testing -g -debug-info-format\=dwarf -dwarf-version\=5 -module-cache-path /Users/jacksonsweet/Library/Developer/Xcode/DerivedData/ModuleCache.noindex -profile-generate -profile-coverage-mapping -swift-version 5 -enforce-exclusivity\=checked -Onone -D DEBUG -serialize-debugging-options -const-gather-protocols-file /Users/jacksonsweet/Library/Developer/Xcode/DerivedData/OPS-czavgtmnvamasvcjgszzuulfcsxj/Build/Intermediates.noindex/OPS.build/Debug-iphonesimulator/OPS.build/Objects-normal/arm64/OPS_const_extract_protocols.json -enable-experimental-feature DebugDescriptionMacro -enable-experimental-feature OpaqueTypeErasure -enable-bare-slash-regex -empty-abi-descriptor -validate-clang-modules-once -clang-build-session-file /Users/jacksonsweet/Library/Developer/Xcode/DerivedData/ModuleCache.noindex/Session.modulevalidation -Xcc -working-directory -Xcc /Users/jacksonsweet/Desktop/OPS\ APP/OPS -resource-dir /Applications/Xcode.app/Contents/Developer/Toolchains/XcodeDefault.xctoolchain/usr/lib/swift -enable-anonymous-context-mangled-names -file-compilation-dir /Users/jacksonsweet/Desktop/OPS\ APP/OPS -Xcc -D_LIBCPP_HARDENING_MODE\=_LIBCPP_HARDENING_MODE_DEBUG -Xcc -ivfsstatcache -Xcc /Users/jacksonsweet/Library/Developer/Xcode/DerivedData/SDKStatCaches.noindex/iphonesimulator18.2-22C146-07b28473f605e47e75261259d3ef3b5a.sdkstatcache -Xcc -I/Users/jacksonsweet/Library/Developer/Xcode/DerivedData/OPS-czavgtmnvamasvcjgszzuulfcsxj/Build/Intermediates.noindex/OPS.build/Debug-iphonesimulator/OPS.build/swift-overrides.hmap -Xcc -iquote -Xcc /Users/jacksonsweet/Library/Developer/Xcode/DerivedData/OPS-czavgtmnvamasvcjgszzuulfcsxj/Build/Intermediates.noindex/OPS.build/Debug-iphonesimulator/OPS.build/OPS-generated-files.hmap -Xcc -I/Users/jacksonsweet/Library/Developer/Xcode/DerivedData/OPS-czavgtmnvamasvcjgszzuulfcsxj/Build/Intermediates.noindex/OPS.build/Debug-iphonesimulator/OPS.build/OPS-own-target-headers.hmap -Xcc -I/Users/jacksonsweet/Library/Developer/Xcode/DerivedData/OPS-czavgtmnvamasvcjgszzuulfcsxj/Build/Intermediates.noindex/OPS.build/Debug-iphonesimulator/OPS.build/OPS-all-target-headers.hmap -Xcc -iquote -Xcc /Users/jacksonsweet/Library/Developer/Xcode/DerivedData/OPS-czavgtmnvamasvcjgszzuulfcsxj/Build/Intermediates.noindex/OPS.build/Debug-iphonesimulator/OPS.build/OPS-project-headers.hmap -Xcc -I/Users/jacksonsweet/Library/Developer/Xcode/DerivedData/OPS-czavgtmnvamasvcjgszzuulfcsxj/Build/Products/Debug-iphonesimulator/include -Xcc -I/Users/jacksonsweet/Library/Developer/Xcode/DerivedData/OPS-czavgtmnvamasvcjgszzuulfcsxj/Build/Intermediates.noindex/OPS.build/Debug-iphonesimulator/OPS.build/DerivedSources-normal/arm64 -Xcc -I/Users/jacksonsweet/Library/Developer/Xcode/DerivedData/OPS-czavgtmnvamasvcjgszzuulfcsxj/Build/Intermediates.noindex/OPS.build/Debug-iphonesimulator/OPS.build/DerivedSources/arm64 -Xcc -I/Users/jacksonsweet/Library/Developer/Xcode/DerivedData/OPS-czavgtmnvamasvcjgszzuulfcsxj/Build/Intermediates.noindex/OPS.build/Debug-iphonesimulator/OPS.build/DerivedSources -Xcc -DDEBUG\=1 -module-name OPS -frontend-parseable-output -disable-clang-spi -target-sdk-version 18.2 -target-sdk-name iphonesimulator18.2 -external-plugin-path /Applications/Xcode.app/Contents/Developer/Platforms/iPhoneOS.platform/Developer/usr/lib/swift/host/plugins\#/Applications/Xcode.app/Contents/Developer/Platforms/iPhoneOS.platform/Developer/usr/bin/swift-plugin-server -external-plugin-path /Applications/Xcode.app/Contents/Developer/Platforms/iPhoneOS.platform/Developer/usr/local/lib/swift/host/plugins\#/Applications/Xcode.app/Contents/Developer/Platforms/iPhoneOS.platform/Developer/usr/bin/swift-plugin-server -plugin-path /Applications/Xcode.app/Contents/Developer/Toolchains/XcodeDefault.xctoolchain/usr/lib/swift/host/plugins -plugin-path /Applications/Xcode.app/Contents/Developer/Toolchains/XcodeDefault.xctoolchain/usr/local/lib/swift/host/plugins -o /Users/jacksonsweet/Library/Developer/Xcode/DerivedData/OPS-czavgtmnvamasvcjgszzuulfcsxj/Build/Intermediates.noindex/OPS.build/Debug-iphonesimulator/OPS.build/Objects-normal/arm64/OnboardingService.o -o /Users/jacksonsweet/Library/Developer/Xcode/DerivedData/OPS-czavgtmnvamasvcjgszzuulfcsxj/Build/Intermediates.noindex/OPS.build/Debug-iphonesimulator/OPS.build/Objects-normal/arm64/OnboardingViewModel.o -o /Users/jacksonsweet/Library/Developer/Xcode/DerivedData/OPS-czavgtmnvamasvcjgszzuulfcsxj/Build/Intermediates.noindex/OPS.build/Debug-iphonesimulator/OPS.build/Objects-normal/arm64/OnboardingComponents.o -o /Users/jacksonsweet/Library/Developer/Xcode/DerivedData/OPS-czavgtmnvamasvcjgszzuulfcsxj/Build/Intermediates.noindex/OPS.build/Debug-iphonesimulator/OPS.build/Objects-normal/arm64/AccountCreatedView.o -o /Users/jacksonsweet/Library/Developer/Xcode/DerivedData/OPS-czavgtmnvamasvcjgszzuulfcsxj/Build/Intermediates.noindex/OPS.build/Debug-iphonesimulator/OPS.build/Objects-normal/arm64/CompanyCodeView.o -o /Users/jacksonsweet/Library/Developer/Xcode/DerivedData/OPS-czavgtmnvamasvcjgszzuulfcsxj/Build/Intermediates.noindex/OPS.build/Debug-iphonesimulator/OPS.build/Objects-normal/arm64/CompanyCodeViewPreview.o -o /Users/jacksonsweet/Library/Developer/Xcode/DerivedData/OPS-czavgtmnvamasvcjgszzuulfcsxj/Build/Intermediates.noindex/OPS.build/Debug-iphonesimulator/OPS.build/Objects-normal/arm64/CompletionView.o -o /Users/jacksonsweet/Library/Developer/Xcode/DerivedData/OPS-czavgtmnvamasvcjgszzuulfcsxj/Build/Intermediates.noindex/OPS.build/Debug-iphonesimulator/OPS.build/Objects-normal/arm64/CompletionViewPreview.o -o /Users/jacksonsweet/Library/Developer/Xcode/DerivedData/OPS-czavgtmnvamasvcjgszzuulfcsxj/Build/Intermediates.noindex/OPS.build/Debug-iphonesimulator/OPS.build/Objects-normal/arm64/EmailView.o -o /Users/jacksonsweet/Library/Developer/Xcode/DerivedData/OPS-czavgtmnvamasvcjgszzuulfcsxj/Build/Intermediates.noindex/OPS.build/Debug-iphonesimulator/OPS.build/Objects-normal/arm64/FieldSetupView.o -o /Users/jacksonsweet/Library/Developer/Xcode/DerivedData/OPS-czavgtmnvamasvcjgszzuulfcsxj/Build/Intermediates.noindex/OPS.build/Debug-iphonesimulator/OPS.build/Objects-normal/arm64/NotificationsView.o -o /Users/jacksonsweet/Library/Developer/Xcode/DerivedData/OPS-czavgtmnvamasvcjgszzuulfcsxj/Build/Intermediates.noindex/OPS.build/Debug-iphonesimulator/OPS.build/Objects-normal/arm64/NotificationsViewPreview.o -o /Users/jacksonsweet/Library/Developer/Xcode/DerivedData/OPS-czavgtmnvamasvcjgszzuulfcsxj/Build/Intermediates.noindex/OPS.build/Debug-iphonesimulator/OPS.build/Objects-normal/arm64/OrganizationJoinView.o -index-unit-output-path /OPS.build/Debug-iphonesimulator/OPS.build/Objects-normal/arm64/OnboardingService.o -index-unit-output-path /OPS.build/Debug-iphonesimulator/OPS.build/Objects-normal/arm64/OnboardingViewModel.o -index-unit-output-path /OPS.build/Debug-iphonesimulator/OPS.build/Objects-normal/arm64/OnboardingComponents.o -index-unit-output-path /OPS.build/Debug-iphonesimulator/OPS.build/Objects-normal/arm64/AccountCreatedView.o -index-unit-output-path /OPS.build/Debug-iphonesimulator/OPS.build/Objects-normal/arm64/CompanyCodeView.o -index-unit-output-path /OPS.build/Debug-iphonesimulator/OPS.build/Objects-normal/arm64/CompanyCodeViewPreview.o -index-unit-output-path /OPS.build/Debug-iphonesimulator/OPS.build/Objects-normal/arm64/CompletionView.o -index-unit-output-path /OPS.build/Debug-iphonesimulator/OPS.build/Objects-normal/arm64/CompletionViewPreview.o -index-unit-output-path /OPS.build/Debug-iphonesimulator/OPS.build/Objects-normal/arm64/EmailView.o -index-unit-output-path /OPS.build/Debug-iphonesimulator/OPS.build/Objects-normal/arm64/FieldSetupView.o -index-unit-output-path /OPS.build/Debug-iphonesimulator/OPS.build/Objects-normal/arm64/NotificationsView.o -index-unit-output-path /OPS.build/Debug-iphonesimulator/OPS.build/Objects-normal/arm64/NotificationsViewPreview.o -index-unit-output-path /OPS.build/Debug-iphonesimulator/OPS.build/Objects-normal/arm64/OrganizationJoinView.o -index-store-path /Users/jacksonsweet/Library/Developer/Xcode/DerivedData/OPS-czavgtmnvamasvcjgszzuulfcsxj/Index.noindex/DataStore -index-system-modules
/Users/jacksonsweet/Desktop/OPS APP/OPS/OPS/Onboarding/ViewModels/OnboardingViewModel.swift:134:89: warning: comparing non-optional value of type 'Bool' to 'nil' always returns true
        if currentStep == .companyCode && UserDefaults.standard.bool(forKey: "user_id") != nil {
                                          ~~~~~~~~~~~~~~~~~~~~~~~~~~~~~~~~~~~~~~~~~~~~~ ^  ~~~

SwiftCompile normal arm64 /Users/jacksonsweet/Desktop/OPS\ APP/OPS/OPS/Onboarding/Views/Components/OnboardingComponents.swift (in target 'OPS' from project 'OPS')
    cd /Users/jacksonsweet/Desktop/OPS\ APP/OPS
    /Applications/Xcode.app/Contents/Developer/Toolchains/XcodeDefault.xctoolchain/usr/bin/swift-frontend -c /Users/jacksonsweet/Desktop/OPS\ APP/OPS/OPS/DataModels/BubbleImage.swift /Users/jacksonsweet/Desktop/OPS\ APP/OPS/OPS/DataModels/BubbleTypes.swift /Users/jacksonsweet/Desktop/OPS\ APP/OPS/OPS/DataModels/Company.swift /Users/jacksonsweet/Desktop/OPS\ APP/OPS/OPS/DataModels/Project.swift /Users/jacksonsweet/Desktop/OPS\ APP/OPS/OPS/DataModels/Status.swift /Users/jacksonsweet/Desktop/OPS\ APP/OPS/OPS/DataModels/User.swift /Users/jacksonsweet/Desktop/OPS\ APP/OPS/OPS/DataModels/UserRole.swift /Users/jacksonsweet/Desktop/OPS\ APP/OPS/OPS/Extensions/UIImage+Extensions.swift /Users/jacksonsweet/Desktop/OPS\ APP/OPS/OPS/Network/API/APIError.swift /Users/jacksonsweet/Desktop/OPS\ APP/OPS/OPS/Network/API/APIService.swift /Users/jacksonsweet/Desktop/OPS\ APP/OPS/OPS/Network/API/BubbleFields.swift /Users/jacksonsweet/Desktop/OPS\ APP/OPS/OPS/Network/Auth/AuthError.swift /Users/jacksonsweet/Desktop/OPS\ APP/OPS/OPS/Network/Auth/AuthManager.swift /Users/jacksonsweet/Desktop/OPS\ APP/OPS/OPS/Network/Auth/KeychainManager.swift /Users/jacksonsweet/Desktop/OPS\ APP/OPS/OPS/Network/DTOs/CompanyDTO.swift /Users/jacksonsweet/Desktop/OPS\ APP/OPS/OPS/Network/DTOs/ProjectDTO.swift /Users/jacksonsweet/Desktop/OPS\ APP/OPS/OPS/Network/DTOs/UserDTO.swift /Users/jacksonsweet/Desktop/OPS\ APP/OPS/OPS/Network/Endpoints/CompanyEndpoints.swift /Users/jacksonsweet/Desktop/OPS\ APP/OPS/OPS/Network/Endpoints/ProjectEndpoints.swift /Users/jacksonsweet/Desktop/OPS\ APP/OPS/OPS/Network/Endpoints/UserEndpoints.swift /Users/jacksonsweet/Desktop/OPS\ APP/OPS/OPS/Network/Sync/BackgroundTaskManager.swift /Users/jacksonsweet/Desktop/OPS\ APP/OPS/OPS/Network/Sync/SyncManager.swift /Users/jacksonsweet/Desktop/OPS\ APP/OPS/OPS/Network/ConnectivityMonitor.swift /Users/jacksonsweet/Desktop/OPS\ APP/OPS/OPS/Network/ImageSyncManager.swift /Users/jacksonsweet/Desktop/OPS\ APP/OPS/OPS/Onboarding/Coordinators/OnboardingCoordinator.swift /Users/jacksonsweet/Desktop/OPS\ APP/OPS/OPS/Onboarding/Models/OnboardingModels.swift -primary-file /Users/jacksonsweet/Desktop/OPS\ APP/OPS/OPS/Onboarding/Services/OnboardingService.swift -primary-file /Users/jacksonsweet/Desktop/OPS\ APP/OPS/OPS/Onboarding/ViewModels/OnboardingViewModel.swift -primary-file /Users/jacksonsweet/Desktop/OPS\ APP/OPS/OPS/Onboarding/Views/Components/OnboardingComponents.swift -primary-file /Users/jacksonsweet/Desktop/OPS\ APP/OPS/OPS/Onboarding/Views/Screens/AccountCreatedView.swift -primary-file /Users/jacksonsweet/Desktop/OPS\ APP/OPS/OPS/Onboarding/Views/Screens/CompanyCodeView.swift -primary-file /Users/jacksonsweet/Desktop/OPS\ APP/OPS/OPS/Onboarding/Views/Screens/CompanyCodeViewPreview.swift -primary-file /Users/jacksonsweet/Desktop/OPS\ APP/OPS/OPS/Onboarding/Views/Screens/CompletionView.swift -primary-file /Users/jacksonsweet/Desktop/OPS\ APP/OPS/OPS/Onboarding/Views/Screens/CompletionViewPreview.swift -primary-file /Users/jacksonsweet/Desktop/OPS\ APP/OPS/OPS/Onboarding/Views/Screens/EmailView.swift -primary-file /Users/jacksonsweet/Desktop/OPS\ APP/OPS/OPS/Onboarding/Views/Screens/FieldSetupView.swift -primary-file /Users/jacksonsweet/Desktop/OPS\ APP/OPS/OPS/Onboarding/Views/Screens/NotificationsView.swift -primary-file /Users/jacksonsweet/Desktop/OPS\ APP/OPS/OPS/Onboarding/Views/Screens/NotificationsViewPreview.swift -primary-file /Users/jacksonsweet/Desktop/OPS\ APP/OPS/OPS/Onboarding/Views/Screens/OrganizationJoinView.swift /Users/jacksonsweet/Desktop/OPS\ APP/OPS/OPS/Onboarding/Views/Screens/PasswordView.swift /Users/jacksonsweet/Desktop/OPS\ APP/OPS/OPS/Onboarding/Views/Screens/PasswordViewPreview.swift /Users/jacksonsweet/Desktop/OPS\ APP/OPS/OPS/Onboarding/Views/Screens/PermissionsView.swift /Users/jacksonsweet/Desktop/OPS\ APP/OPS/OPS/Onboarding/Views/Screens/PermissionsViewPreview.swift /Users/jacksonsweet/Desktop/OPS\ APP/OPS/OPS/Onboarding/Views/Screens/PhoneNumberView.swift /Users/jacksonsweet/Desktop/OPS\ APP/OPS/OPS/Onboarding/Views/Screens/PhoneNumberViewPreview.swift /Users/jacksonsweet/Desktop/OPS\ APP/OPS/OPS/Onboarding/Views/Screens/UserInfoView.swift /Users/jacksonsweet/Desktop/OPS\ APP/OPS/OPS/Onboarding/Views/Screens/UserInfoViewPreview.swift /Users/jacksonsweet/Desktop/OPS\ APP/OPS/OPS/Onboarding/Views/Screens/VerifyPhoneView.swift /Users/jacksonsweet/Desktop/OPS\ APP/OPS/OPS/Onboarding/Views/Screens/WelcomeCompanyView.swift /Users/jacksonsweet/Desktop/OPS\ APP/OPS/OPS/Onboarding/Views/Screens/WelcomeCompanyViewPreview.swift /Users/jacksonsweet/Desktop/OPS\ APP/OPS/OPS/Onboarding/Views/Screens/WelcomeView.swift /Users/jacksonsweet/Desktop/OPS\ APP/OPS/OPS/Onboarding/Views/Screens/WelcomeViewPreview.swift /Users/jacksonsweet/Desktop/OPS\ APP/OPS/OPS/Onboarding/Views/OnboardingContainerView.swift /Users/jacksonsweet/Desktop/OPS\ APP/OPS/OPS/Onboarding/Views/OnboardingFlowPreview.swift /Users/jacksonsweet/Desktop/OPS\ APP/OPS/OPS/Onboarding/Views/OnboardingPresenter.swift /Users/jacksonsweet/Desktop/OPS\ APP/OPS/OPS/Onboarding/Views/OnboardingPreviewHelpers.swift /Users/jacksonsweet/Desktop/OPS\ APP/OPS/OPS/Styles/OPSStyle.swift /Users/jacksonsweet/Desktop/OPS\ APP/OPS/OPS/Utilities/AppConfiguration.swift /Users/jacksonsweet/Desktop/OPS\ APP/OPS/OPS/Utilities/ArrayTransformer.swift /Users/jacksonsweet/Desktop/OPS\ APP/OPS/OPS/Utilities/DataController.swift /Users/jacksonsweet/Desktop/OPS\ APP/OPS/OPS/Utilities/Dateformatter\ +Bubble.swift /Users/jacksonsweet/Desktop/OPS\ APP/OPS/OPS/Utilities/DateHelper.swift /Users/jacksonsweet/Desktop/OPS\ APP/OPS/OPS/Utilities/FieldErrorHandler.swift /Users/jacksonsweet/Desktop/OPS\ APP/OPS/OPS/Utilities/ImageCache.swift /Users/jacksonsweet/Desktop/OPS\ APP/OPS/OPS/Utilities/ImageFileManager.swift /Users/jacksonsweet/Desktop/OPS\ APP/OPS/OPS/Utilities/InProgressManager.swift /Users/jacksonsweet/Desktop/OPS\ APP/OPS/OPS/Utilities/KeyboardDismissalModifier.swift /Users/jacksonsweet/Desktop/OPS\ APP/OPS/OPS/Utilities/LocationManager.swift /Users/jacksonsweet/Desktop/OPS\ APP/OPS/OPS/Utilities/OnboardingEnvironmentKey.swift /Users/jacksonsweet/Desktop/OPS\ APP/OPS/OPS/Utilities/SwiftDataHelper.swift /Users/jacksonsweet/Desktop/OPS\ APP/OPS/OPS/Utilities/UIComponents.swift /Users/jacksonsweet/Desktop/OPS\ APP/OPS/OPS/V2/CertificationsSettingsView.swift /Users/jacksonsweet/Desktop/OPS\ APP/OPS/OPS/ViewModels/CalendarViewModel.swift /Users/jacksonsweet/Desktop/OPS\ APP/OPS/OPS/ViewModels/ProjectsViewModel.swift /Users/jacksonsweet/Desktop/OPS\ APP/OPS/OPS/Views/Calendar\ Tab/Components/CalendarDaySelector.swift /Users/jacksonsweet/Desktop/OPS\ APP/OPS/OPS/Views/Calendar\ Tab/Components/CalendarHeaderView.swift /Users/jacksonsweet/Desktop/OPS\ APP/OPS/OPS/Views/Calendar\ Tab/Components/CalendarProjectCard.swift /Users/jacksonsweet/Desktop/OPS\ APP/OPS/OPS/Views/Calendar\ Tab/Components/CalendarToggleView.swift /Users/jacksonsweet/Desktop/OPS\ APP/OPS/OPS/Views/Calendar\ Tab/Components/DatePickerPopover.swift /Users/jacksonsweet/Desktop/OPS\ APP/OPS/OPS/Views/Calendar\ Tab/Components/DayCell.swift /Users/jacksonsweet/Desktop/OPS\ APP/OPS/OPS/Views/Calendar\ Tab/ProjectViews/DayProjectSheet.swift /Users/jacksonsweet/Desktop/OPS\ APP/OPS/OPS/Views/Calendar\ Tab/ProjectViews/ProjectListView.swift /Users/jacksonsweet/Desktop/OPS\ APP/OPS/OPS/Views/Calendar\ Tab/MonthGridView.swift /Users/jacksonsweet/Desktop/OPS\ APP/OPS/OPS/Views/Components/Common/AppHeader.swift /Users/jacksonsweet/Desktop/OPS\ APP/OPS/OPS/Views/Components/Common/ExpandableNotesView.swift /Users/jacksonsweet/Desktop/OPS\ APP/OPS/OPS/Views/Components/Common/LocationPermissionView.swift /Users/jacksonsweet/Desktop/OPS\ APP/OPS/OPS/Views/Components/Common/NavigationBanner.swift /Users/jacksonsweet/Desktop/OPS\ APP/OPS/OPS/Views/Components/Common/NavigationControlsView.swift /Users/jacksonsweet/Desktop/OPS\ APP/OPS/OPS/Views/Components/Common/TabBarBackground.swift /Users/jacksonsweet/Desktop/OPS\ APP/OPS/OPS/Views/Components/Images/ImagePicker.swift /Users/jacksonsweet/Desktop/OPS\ APP/OPS/OPS/Views/Components/Images/ImagePickerView.swift /Users/jacksonsweet/Desktop/OPS\ APP/OPS/OPS/Views/Components/Images/ProjectImagesSection.swift /Users/jacksonsweet/Desktop/OPS\ APP/OPS/OPS/Views/Components/Images/ProjectImagesSimple.swift /Users/jacksonsweet/Desktop/OPS\ APP/OPS/OPS/Views/Components/Images/ProjectImageView.swift /Users/jacksonsweet/Desktop/OPS\ APP/OPS/OPS/Views/Components/Images/ProjectPhotosGrid.swift /Users/jacksonsweet/Desktop/OPS\ APP/OPS/OPS/Views/Components/Map/MiniMapView.swift /Users/jacksonsweet/Desktop/OPS\ APP/OPS/OPS/Views/Components/Map/ProjectMapAnnotation.swift /Users/jacksonsweet/Desktop/OPS\ APP/OPS/OPS/Views/Components/Map/ProjectMapView.swift /Users/jacksonsweet/Desktop/OPS\ APP/OPS/OPS/Views/Components/Map/ProjectMarkerPopup.swift /Users/jacksonsweet/Desktop/OPS\ APP/OPS/OPS/Views/Components/Map/RouteDirectionsView.swift /Users/jacksonsweet/Desktop/OPS\ APP/OPS/OPS/Views/Components/Project/ProjectActionBar.swift /Users/jacksonsweet/Desktop/OPS\ APP/OPS/OPS/Views/Components/Project/ProjectCard.swift /Users/jacksonsweet/Desktop/OPS\ APP/OPS/OPS/Views/Components/Project/ProjectCarousel.swift /Users/jacksonsweet/Desktop/OPS\ APP/OPS/OPS/Views/Components/Project/ProjectDetailsView.swift /Users/jacksonsweet/Desktop/OPS\ APP/OPS/OPS/Views/Components/Project/ProjectHeader.swift /Users/jacksonsweet/Desktop/OPS\ APP/OPS/OPS/Views/Components/Project/ProjectSheetContainer.swift /Users/jacksonsweet/Desktop/OPS\ APP/OPS/OPS/Views/Components/User/TeamMemberListView.swift /Users/jacksonsweet/Desktop/OPS\ APP/OPS/OPS/Views/Components/User/UserProfileCard.swift /Users/jacksonsweet/Desktop/OPS\ APP/OPS/OPS/Views/Home/HomeContentView.swift /Users/jacksonsweet/Desktop/OPS\ APP/OPS/OPS/Views/Home/HomeView.swift /Users/jacksonsweet/Desktop/OPS\ APP/OPS/OPS/Views/Settings/OrganizationSettingsView.swift /Users/jacksonsweet/Desktop/OPS\ APP/OPS/OPS/Views/Settings/ProfileSettingsView.swift /Users/jacksonsweet/Desktop/OPS\ APP/OPS/OPS/Views/Settings/ProjectHistorySettingsView.swift /Users/jacksonsweet/Desktop/OPS\ APP/OPS/OPS/Views/LoginView.swift /Users/jacksonsweet/Desktop/OPS\ APP/OPS/OPS/Views/LoginViewPreview.swift /Users/jacksonsweet/Desktop/OPS\ APP/OPS/OPS/Views/MainTabView.swift /Users/jacksonsweet/Desktop/OPS\ APP/OPS/OPS/Views/NetworkStatusIndicator.swift /Users/jacksonsweet/Desktop/OPS\ APP/OPS/OPS/Views/ScheduleView.swift /Users/jacksonsweet/Desktop/OPS\ APP/OPS/OPS/Views/SettingsView.swift /Users/jacksonsweet/Desktop/OPS\ APP/OPS/OPS/Views/SplashScreen.swift /Users/jacksonsweet/Desktop/OPS\ APP/OPS/OPS/AppState.swift /Users/jacksonsweet/Desktop/OPS\ APP/OPS/OPS/ContentView.swift /Users/jacksonsweet/Desktop/OPS\ APP/OPS/OPS/Item.swift /Users/jacksonsweet/Desktop/OPS\ APP/OPS/OPS/OPSApp.swift /Users/jacksonsweet/Library/Developer/Xcode/DerivedData/OPS-czavgtmnvamasvcjgszzuulfcsxj/Build/Intermediates.noindex/OPS.build/Debug-iphonesimulator/OPS.build/DerivedSources/GeneratedAssetSymbols.swift -supplementary-output-file-map /Users/jacksonsweet/Library/Developer/Xcode/DerivedData/OPS-czavgtmnvamasvcjgszzuulfcsxj/Build/Intermediates.noindex/OPS.build/Debug-iphonesimulator/OPS.build/Objects-normal/arm64/supplementaryOutputs-3 -emit-localized-strings -emit-localized-strings-path /Users/jacksonsweet/Library/Developer/Xcode/DerivedData/OPS-czavgtmnvamasvcjgszzuulfcsxj/Build/Intermediates.noindex/OPS.build/Debug-iphonesimulator/OPS.build/Objects-normal/arm64 -target arm64-apple-ios18.2-simulator -Xllvm -aarch64-use-tbi -enable-objc-interop -sdk /Applications/Xcode.app/Contents/Developer/Platforms/iPhoneSimulator.platform/Developer/SDKs/iPhoneSimulator18.2.sdk -I /Users/jacksonsweet/Library/Developer/Xcode/DerivedData/OPS-czavgtmnvamasvcjgszzuulfcsxj/Build/Products/Debug-iphonesimulator -F /Users/jacksonsweet/Library/Developer/Xcode/DerivedData/OPS-czavgtmnvamasvcjgszzuulfcsxj/Build/Products/Debug-iphonesimulator -no-color-diagnostics -enable-testing -g -debug-info-format\=dwarf -dwarf-version\=5 -module-cache-path /Users/jacksonsweet/Library/Developer/Xcode/DerivedData/ModuleCache.noindex -profile-generate -profile-coverage-mapping -swift-version 5 -enforce-exclusivity\=checked -Onone -D DEBUG -serialize-debugging-options -const-gather-protocols-file /Users/jacksonsweet/Library/Developer/Xcode/DerivedData/OPS-czavgtmnvamasvcjgszzuulfcsxj/Build/Intermediates.noindex/OPS.build/Debug-iphonesimulator/OPS.build/Objects-normal/arm64/OPS_const_extract_protocols.json -enable-experimental-feature DebugDescriptionMacro -enable-experimental-feature OpaqueTypeErasure -enable-bare-slash-regex -empty-abi-descriptor -validate-clang-modules-once -clang-build-session-file /Users/jacksonsweet/Library/Developer/Xcode/DerivedData/ModuleCache.noindex/Session.modulevalidation -Xcc -working-directory -Xcc /Users/jacksonsweet/Desktop/OPS\ APP/OPS -resource-dir /Applications/Xcode.app/Contents/Developer/Toolchains/XcodeDefault.xctoolchain/usr/lib/swift -enable-anonymous-context-mangled-names -file-compilation-dir /Users/jacksonsweet/Desktop/OPS\ APP/OPS -Xcc -D_LIBCPP_HARDENING_MODE\=_LIBCPP_HARDENING_MODE_DEBUG -Xcc -ivfsstatcache -Xcc /Users/jacksonsweet/Library/Developer/Xcode/DerivedData/SDKStatCaches.noindex/iphonesimulator18.2-22C146-07b28473f605e47e75261259d3ef3b5a.sdkstatcache -Xcc -I/Users/jacksonsweet/Library/Developer/Xcode/DerivedData/OPS-czavgtmnvamasvcjgszzuulfcsxj/Build/Intermediates.noindex/OPS.build/Debug-iphonesimulator/OPS.build/swift-overrides.hmap -Xcc -iquote -Xcc /Users/jacksonsweet/Library/Developer/Xcode/DerivedData/OPS-czavgtmnvamasvcjgszzuulfcsxj/Build/Intermediates.noindex/OPS.build/Debug-iphonesimulator/OPS.build/OPS-generated-files.hmap -Xcc -I/Users/jacksonsweet/Library/Developer/Xcode/DerivedData/OPS-czavgtmnvamasvcjgszzuulfcsxj/Build/Intermediates.noindex/OPS.build/Debug-iphonesimulator/OPS.build/OPS-own-target-headers.hmap -Xcc -I/Users/jacksonsweet/Library/Developer/Xcode/DerivedData/OPS-czavgtmnvamasvcjgszzuulfcsxj/Build/Intermediates.noindex/OPS.build/Debug-iphonesimulator/OPS.build/OPS-all-target-headers.hmap -Xcc -iquote -Xcc /Users/jacksonsweet/Library/Developer/Xcode/DerivedData/OPS-czavgtmnvamasvcjgszzuulfcsxj/Build/Intermediates.noindex/OPS.build/Debug-iphonesimulator/OPS.build/OPS-project-headers.hmap -Xcc -I/Users/jacksonsweet/Library/Developer/Xcode/DerivedData/OPS-czavgtmnvamasvcjgszzuulfcsxj/Build/Products/Debug-iphonesimulator/include -Xcc -I/Users/jacksonsweet/Library/Developer/Xcode/DerivedData/OPS-czavgtmnvamasvcjgszzuulfcsxj/Build/Intermediates.noindex/OPS.build/Debug-iphonesimulator/OPS.build/DerivedSources-normal/arm64 -Xcc -I/Users/jacksonsweet/Library/Developer/Xcode/DerivedData/OPS-czavgtmnvamasvcjgszzuulfcsxj/Build/Intermediates.noindex/OPS.build/Debug-iphonesimulator/OPS.build/DerivedSources/arm64 -Xcc -I/Users/jacksonsweet/Library/Developer/Xcode/DerivedData/OPS-czavgtmnvamasvcjgszzuulfcsxj/Build/Intermediates.noindex/OPS.build/Debug-iphonesimulator/OPS.build/DerivedSources -Xcc -DDEBUG\=1 -module-name OPS -frontend-parseable-output -disable-clang-spi -target-sdk-version 18.2 -target-sdk-name iphonesimulator18.2 -external-plugin-path /Applications/Xcode.app/Contents/Developer/Platforms/iPhoneOS.platform/Developer/usr/lib/swift/host/plugins\#/Applications/Xcode.app/Contents/Developer/Platforms/iPhoneOS.platform/Developer/usr/bin/swift-plugin-server -external-plugin-path /Applications/Xcode.app/Contents/Developer/Platforms/iPhoneOS.platform/Developer/usr/local/lib/swift/host/plugins\#/Applications/Xcode.app/Contents/Developer/Platforms/iPhoneOS.platform/Developer/usr/bin/swift-plugin-server -plugin-path /Applications/Xcode.app/Contents/Developer/Toolchains/XcodeDefault.xctoolchain/usr/lib/swift/host/plugins -plugin-path /Applications/Xcode.app/Contents/Developer/Toolchains/XcodeDefault.xctoolchain/usr/local/lib/swift/host/plugins -o /Users/jacksonsweet/Library/Developer/Xcode/DerivedData/OPS-czavgtmnvamasvcjgszzuulfcsxj/Build/Intermediates.noindex/OPS.build/Debug-iphonesimulator/OPS.build/Objects-normal/arm64/OnboardingService.o -o /Users/jacksonsweet/Library/Developer/Xcode/DerivedData/OPS-czavgtmnvamasvcjgszzuulfcsxj/Build/Intermediates.noindex/OPS.build/Debug-iphonesimulator/OPS.build/Objects-normal/arm64/OnboardingViewModel.o -o /Users/jacksonsweet/Library/Developer/Xcode/DerivedData/OPS-czavgtmnvamasvcjgszzuulfcsxj/Build/Intermediates.noindex/OPS.build/Debug-iphonesimulator/OPS.build/Objects-normal/arm64/OnboardingComponents.o -o /Users/jacksonsweet/Library/Developer/Xcode/DerivedData/OPS-czavgtmnvamasvcjgszzuulfcsxj/Build/Intermediates.noindex/OPS.build/Debug-iphonesimulator/OPS.build/Objects-normal/arm64/AccountCreatedView.o -o /Users/jacksonsweet/Library/Developer/Xcode/DerivedData/OPS-czavgtmnvamasvcjgszzuulfcsxj/Build/Intermediates.noindex/OPS.build/Debug-iphonesimulator/OPS.build/Objects-normal/arm64/CompanyCodeView.o -o /Users/jacksonsweet/Library/Developer/Xcode/DerivedData/OPS-czavgtmnvamasvcjgszzuulfcsxj/Build/Intermediates.noindex/OPS.build/Debug-iphonesimulator/OPS.build/Objects-normal/arm64/CompanyCodeViewPreview.o -o /Users/jacksonsweet/Library/Developer/Xcode/DerivedData/OPS-czavgtmnvamasvcjgszzuulfcsxj/Build/Intermediates.noindex/OPS.build/Debug-iphonesimulator/OPS.build/Objects-normal/arm64/CompletionView.o -o /Users/jacksonsweet/Library/Developer/Xcode/DerivedData/OPS-czavgtmnvamasvcjgszzuulfcsxj/Build/Intermediates.noindex/OPS.build/Debug-iphonesimulator/OPS.build/Objects-normal/arm64/CompletionViewPreview.o -o /Users/jacksonsweet/Library/Developer/Xcode/DerivedData/OPS-czavgtmnvamasvcjgszzuulfcsxj/Build/Intermediates.noindex/OPS.build/Debug-iphonesimulator/OPS.build/Objects-normal/arm64/EmailView.o -o /Users/jacksonsweet/Library/Developer/Xcode/DerivedData/OPS-czavgtmnvamasvcjgszzuulfcsxj/Build/Intermediates.noindex/OPS.build/Debug-iphonesimulator/OPS.build/Objects-normal/arm64/FieldSetupView.o -o /Users/jacksonsweet/Library/Developer/Xcode/DerivedData/OPS-czavgtmnvamasvcjgszzuulfcsxj/Build/Intermediates.noindex/OPS.build/Debug-iphonesimulator/OPS.build/Objects-normal/arm64/NotificationsView.o -o /Users/jacksonsweet/Library/Developer/Xcode/DerivedData/OPS-czavgtmnvamasvcjgszzuulfcsxj/Build/Intermediates.noindex/OPS.build/Debug-iphonesimulator/OPS.build/Objects-normal/arm64/NotificationsViewPreview.o -o /Users/jacksonsweet/Library/Developer/Xcode/DerivedData/OPS-czavgtmnvamasvcjgszzuulfcsxj/Build/Intermediates.noindex/OPS.build/Debug-iphonesimulator/OPS.build/Objects-normal/arm64/OrganizationJoinView.o -index-unit-output-path /OPS.build/Debug-iphonesimulator/OPS.build/Objects-normal/arm64/OnboardingService.o -index-unit-output-path /OPS.build/Debug-iphonesimulator/OPS.build/Objects-normal/arm64/OnboardingViewModel.o -index-unit-output-path /OPS.build/Debug-iphonesimulator/OPS.build/Objects-normal/arm64/OnboardingComponents.o -index-unit-output-path /OPS.build/Debug-iphonesimulator/OPS.build/Objects-normal/arm64/AccountCreatedView.o -index-unit-output-path /OPS.build/Debug-iphonesimulator/OPS.build/Objects-normal/arm64/CompanyCodeView.o -index-unit-output-path /OPS.build/Debug-iphonesimulator/OPS.build/Objects-normal/arm64/CompanyCodeViewPreview.o -index-unit-output-path /OPS.build/Debug-iphonesimulator/OPS.build/Objects-normal/arm64/CompletionView.o -index-unit-output-path /OPS.build/Debug-iphonesimulator/OPS.build/Objects-normal/arm64/CompletionViewPreview.o -index-unit-output-path /OPS.build/Debug-iphonesimulator/OPS.build/Objects-normal/arm64/EmailView.o -index-unit-output-path /OPS.build/Debug-iphonesimulator/OPS.build/Objects-normal/arm64/FieldSetupView.o -index-unit-output-path /OPS.build/Debug-iphonesimulator/OPS.build/Objects-normal/arm64/NotificationsView.o -index-unit-output-path /OPS.build/Debug-iphonesimulator/OPS.build/Objects-normal/arm64/NotificationsViewPreview.o -index-unit-output-path /OPS.build/Debug-iphonesimulator/OPS.build/Objects-normal/arm64/OrganizationJoinView.o -index-store-path /Users/jacksonsweet/Library/Developer/Xcode/DerivedData/OPS-czavgtmnvamasvcjgszzuulfcsxj/Index.noindex/DataStore -index-system-modules

SwiftCompile normal arm64 /Users/jacksonsweet/Desktop/OPS\ APP/OPS/OPS/Onboarding/Views/Screens/AccountCreatedView.swift (in target 'OPS' from project 'OPS')
    cd /Users/jacksonsweet/Desktop/OPS\ APP/OPS
    /Applications/Xcode.app/Contents/Developer/Toolchains/XcodeDefault.xctoolchain/usr/bin/swift-frontend -c /Users/jacksonsweet/Desktop/OPS\ APP/OPS/OPS/DataModels/BubbleImage.swift /Users/jacksonsweet/Desktop/OPS\ APP/OPS/OPS/DataModels/BubbleTypes.swift /Users/jacksonsweet/Desktop/OPS\ APP/OPS/OPS/DataModels/Company.swift /Users/jacksonsweet/Desktop/OPS\ APP/OPS/OPS/DataModels/Project.swift /Users/jacksonsweet/Desktop/OPS\ APP/OPS/OPS/DataModels/Status.swift /Users/jacksonsweet/Desktop/OPS\ APP/OPS/OPS/DataModels/User.swift /Users/jacksonsweet/Desktop/OPS\ APP/OPS/OPS/DataModels/UserRole.swift /Users/jacksonsweet/Desktop/OPS\ APP/OPS/OPS/Extensions/UIImage+Extensions.swift /Users/jacksonsweet/Desktop/OPS\ APP/OPS/OPS/Network/API/APIError.swift /Users/jacksonsweet/Desktop/OPS\ APP/OPS/OPS/Network/API/APIService.swift /Users/jacksonsweet/Desktop/OPS\ APP/OPS/OPS/Network/API/BubbleFields.swift /Users/jacksonsweet/Desktop/OPS\ APP/OPS/OPS/Network/Auth/AuthError.swift /Users/jacksonsweet/Desktop/OPS\ APP/OPS/OPS/Network/Auth/AuthManager.swift /Users/jacksonsweet/Desktop/OPS\ APP/OPS/OPS/Network/Auth/KeychainManager.swift /Users/jacksonsweet/Desktop/OPS\ APP/OPS/OPS/Network/DTOs/CompanyDTO.swift /Users/jacksonsweet/Desktop/OPS\ APP/OPS/OPS/Network/DTOs/ProjectDTO.swift /Users/jacksonsweet/Desktop/OPS\ APP/OPS/OPS/Network/DTOs/UserDTO.swift /Users/jacksonsweet/Desktop/OPS\ APP/OPS/OPS/Network/Endpoints/CompanyEndpoints.swift /Users/jacksonsweet/Desktop/OPS\ APP/OPS/OPS/Network/Endpoints/ProjectEndpoints.swift /Users/jacksonsweet/Desktop/OPS\ APP/OPS/OPS/Network/Endpoints/UserEndpoints.swift /Users/jacksonsweet/Desktop/OPS\ APP/OPS/OPS/Network/Sync/BackgroundTaskManager.swift /Users/jacksonsweet/Desktop/OPS\ APP/OPS/OPS/Network/Sync/SyncManager.swift /Users/jacksonsweet/Desktop/OPS\ APP/OPS/OPS/Network/ConnectivityMonitor.swift /Users/jacksonsweet/Desktop/OPS\ APP/OPS/OPS/Network/ImageSyncManager.swift /Users/jacksonsweet/Desktop/OPS\ APP/OPS/OPS/Onboarding/Coordinators/OnboardingCoordinator.swift /Users/jacksonsweet/Desktop/OPS\ APP/OPS/OPS/Onboarding/Models/OnboardingModels.swift -primary-file /Users/jacksonsweet/Desktop/OPS\ APP/OPS/OPS/Onboarding/Services/OnboardingService.swift -primary-file /Users/jacksonsweet/Desktop/OPS\ APP/OPS/OPS/Onboarding/ViewModels/OnboardingViewModel.swift -primary-file /Users/jacksonsweet/Desktop/OPS\ APP/OPS/OPS/Onboarding/Views/Components/OnboardingComponents.swift -primary-file /Users/jacksonsweet/Desktop/OPS\ APP/OPS/OPS/Onboarding/Views/Screens/AccountCreatedView.swift -primary-file /Users/jacksonsweet/Desktop/OPS\ APP/OPS/OPS/Onboarding/Views/Screens/CompanyCodeView.swift -primary-file /Users/jacksonsweet/Desktop/OPS\ APP/OPS/OPS/Onboarding/Views/Screens/CompanyCodeViewPreview.swift -primary-file /Users/jacksonsweet/Desktop/OPS\ APP/OPS/OPS/Onboarding/Views/Screens/CompletionView.swift -primary-file /Users/jacksonsweet/Desktop/OPS\ APP/OPS/OPS/Onboarding/Views/Screens/CompletionViewPreview.swift -primary-file /Users/jacksonsweet/Desktop/OPS\ APP/OPS/OPS/Onboarding/Views/Screens/EmailView.swift -primary-file /Users/jacksonsweet/Desktop/OPS\ APP/OPS/OPS/Onboarding/Views/Screens/FieldSetupView.swift -primary-file /Users/jacksonsweet/Desktop/OPS\ APP/OPS/OPS/Onboarding/Views/Screens/NotificationsView.swift -primary-file /Users/jacksonsweet/Desktop/OPS\ APP/OPS/OPS/Onboarding/Views/Screens/NotificationsViewPreview.swift -primary-file /Users/jacksonsweet/Desktop/OPS\ APP/OPS/OPS/Onboarding/Views/Screens/OrganizationJoinView.swift /Users/jacksonsweet/Desktop/OPS\ APP/OPS/OPS/Onboarding/Views/Screens/PasswordView.swift /Users/jacksonsweet/Desktop/OPS\ APP/OPS/OPS/Onboarding/Views/Screens/PasswordViewPreview.swift /Users/jacksonsweet/Desktop/OPS\ APP/OPS/OPS/Onboarding/Views/Screens/PermissionsView.swift /Users/jacksonsweet/Desktop/OPS\ APP/OPS/OPS/Onboarding/Views/Screens/PermissionsViewPreview.swift /Users/jacksonsweet/Desktop/OPS\ APP/OPS/OPS/Onboarding/Views/Screens/PhoneNumberView.swift /Users/jacksonsweet/Desktop/OPS\ APP/OPS/OPS/Onboarding/Views/Screens/PhoneNumberViewPreview.swift /Users/jacksonsweet/Desktop/OPS\ APP/OPS/OPS/Onboarding/Views/Screens/UserInfoView.swift /Users/jacksonsweet/Desktop/OPS\ APP/OPS/OPS/Onboarding/Views/Screens/UserInfoViewPreview.swift /Users/jacksonsweet/Desktop/OPS\ APP/OPS/OPS/Onboarding/Views/Screens/VerifyPhoneView.swift /Users/jacksonsweet/Desktop/OPS\ APP/OPS/OPS/Onboarding/Views/Screens/WelcomeCompanyView.swift /Users/jacksonsweet/Desktop/OPS\ APP/OPS/OPS/Onboarding/Views/Screens/WelcomeCompanyViewPreview.swift /Users/jacksonsweet/Desktop/OPS\ APP/OPS/OPS/Onboarding/Views/Screens/WelcomeView.swift /Users/jacksonsweet/Desktop/OPS\ APP/OPS/OPS/Onboarding/Views/Screens/WelcomeViewPreview.swift /Users/jacksonsweet/Desktop/OPS\ APP/OPS/OPS/Onboarding/Views/OnboardingContainerView.swift /Users/jacksonsweet/Desktop/OPS\ APP/OPS/OPS/Onboarding/Views/OnboardingFlowPreview.swift /Users/jacksonsweet/Desktop/OPS\ APP/OPS/OPS/Onboarding/Views/OnboardingPresenter.swift /Users/jacksonsweet/Desktop/OPS\ APP/OPS/OPS/Onboarding/Views/OnboardingPreviewHelpers.swift /Users/jacksonsweet/Desktop/OPS\ APP/OPS/OPS/Styles/OPSStyle.swift /Users/jacksonsweet/Desktop/OPS\ APP/OPS/OPS/Utilities/AppConfiguration.swift /Users/jacksonsweet/Desktop/OPS\ APP/OPS/OPS/Utilities/ArrayTransformer.swift /Users/jacksonsweet/Desktop/OPS\ APP/OPS/OPS/Utilities/DataController.swift /Users/jacksonsweet/Desktop/OPS\ APP/OPS/OPS/Utilities/Dateformatter\ +Bubble.swift /Users/jacksonsweet/Desktop/OPS\ APP/OPS/OPS/Utilities/DateHelper.swift /Users/jacksonsweet/Desktop/OPS\ APP/OPS/OPS/Utilities/FieldErrorHandler.swift /Users/jacksonsweet/Desktop/OPS\ APP/OPS/OPS/Utilities/ImageCache.swift /Users/jacksonsweet/Desktop/OPS\ APP/OPS/OPS/Utilities/ImageFileManager.swift /Users/jacksonsweet/Desktop/OPS\ APP/OPS/OPS/Utilities/InProgressManager.swift /Users/jacksonsweet/Desktop/OPS\ APP/OPS/OPS/Utilities/KeyboardDismissalModifier.swift /Users/jacksonsweet/Desktop/OPS\ APP/OPS/OPS/Utilities/LocationManager.swift /Users/jacksonsweet/Desktop/OPS\ APP/OPS/OPS/Utilities/OnboardingEnvironmentKey.swift /Users/jacksonsweet/Desktop/OPS\ APP/OPS/OPS/Utilities/SwiftDataHelper.swift /Users/jacksonsweet/Desktop/OPS\ APP/OPS/OPS/Utilities/UIComponents.swift /Users/jacksonsweet/Desktop/OPS\ APP/OPS/OPS/V2/CertificationsSettingsView.swift /Users/jacksonsweet/Desktop/OPS\ APP/OPS/OPS/ViewModels/CalendarViewModel.swift /Users/jacksonsweet/Desktop/OPS\ APP/OPS/OPS/ViewModels/ProjectsViewModel.swift /Users/jacksonsweet/Desktop/OPS\ APP/OPS/OPS/Views/Calendar\ Tab/Components/CalendarDaySelector.swift /Users/jacksonsweet/Desktop/OPS\ APP/OPS/OPS/Views/Calendar\ Tab/Components/CalendarHeaderView.swift /Users/jacksonsweet/Desktop/OPS\ APP/OPS/OPS/Views/Calendar\ Tab/Components/CalendarProjectCard.swift /Users/jacksonsweet/Desktop/OPS\ APP/OPS/OPS/Views/Calendar\ Tab/Components/CalendarToggleView.swift /Users/jacksonsweet/Desktop/OPS\ APP/OPS/OPS/Views/Calendar\ Tab/Components/DatePickerPopover.swift /Users/jacksonsweet/Desktop/OPS\ APP/OPS/OPS/Views/Calendar\ Tab/Components/DayCell.swift /Users/jacksonsweet/Desktop/OPS\ APP/OPS/OPS/Views/Calendar\ Tab/ProjectViews/DayProjectSheet.swift /Users/jacksonsweet/Desktop/OPS\ APP/OPS/OPS/Views/Calendar\ Tab/ProjectViews/ProjectListView.swift /Users/jacksonsweet/Desktop/OPS\ APP/OPS/OPS/Views/Calendar\ Tab/MonthGridView.swift /Users/jacksonsweet/Desktop/OPS\ APP/OPS/OPS/Views/Components/Common/AppHeader.swift /Users/jacksonsweet/Desktop/OPS\ APP/OPS/OPS/Views/Components/Common/ExpandableNotesView.swift /Users/jacksonsweet/Desktop/OPS\ APP/OPS/OPS/Views/Components/Common/LocationPermissionView.swift /Users/jacksonsweet/Desktop/OPS\ APP/OPS/OPS/Views/Components/Common/NavigationBanner.swift /Users/jacksonsweet/Desktop/OPS\ APP/OPS/OPS/Views/Components/Common/NavigationControlsView.swift /Users/jacksonsweet/Desktop/OPS\ APP/OPS/OPS/Views/Components/Common/TabBarBackground.swift /Users/jacksonsweet/Desktop/OPS\ APP/OPS/OPS/Views/Components/Images/ImagePicker.swift /Users/jacksonsweet/Desktop/OPS\ APP/OPS/OPS/Views/Components/Images/ImagePickerView.swift /Users/jacksonsweet/Desktop/OPS\ APP/OPS/OPS/Views/Components/Images/ProjectImagesSection.swift /Users/jacksonsweet/Desktop/OPS\ APP/OPS/OPS/Views/Components/Images/ProjectImagesSimple.swift /Users/jacksonsweet/Desktop/OPS\ APP/OPS/OPS/Views/Components/Images/ProjectImageView.swift /Users/jacksonsweet/Desktop/OPS\ APP/OPS/OPS/Views/Components/Images/ProjectPhotosGrid.swift /Users/jacksonsweet/Desktop/OPS\ APP/OPS/OPS/Views/Components/Map/MiniMapView.swift /Users/jacksonsweet/Desktop/OPS\ APP/OPS/OPS/Views/Components/Map/ProjectMapAnnotation.swift /Users/jacksonsweet/Desktop/OPS\ APP/OPS/OPS/Views/Components/Map/ProjectMapView.swift /Users/jacksonsweet/Desktop/OPS\ APP/OPS/OPS/Views/Components/Map/ProjectMarkerPopup.swift /Users/jacksonsweet/Desktop/OPS\ APP/OPS/OPS/Views/Components/Map/RouteDirectionsView.swift /Users/jacksonsweet/Desktop/OPS\ APP/OPS/OPS/Views/Components/Project/ProjectActionBar.swift /Users/jacksonsweet/Desktop/OPS\ APP/OPS/OPS/Views/Components/Project/ProjectCard.swift /Users/jacksonsweet/Desktop/OPS\ APP/OPS/OPS/Views/Components/Project/ProjectCarousel.swift /Users/jacksonsweet/Desktop/OPS\ APP/OPS/OPS/Views/Components/Project/ProjectDetailsView.swift /Users/jacksonsweet/Desktop/OPS\ APP/OPS/OPS/Views/Components/Project/ProjectHeader.swift /Users/jacksonsweet/Desktop/OPS\ APP/OPS/OPS/Views/Components/Project/ProjectSheetContainer.swift /Users/jacksonsweet/Desktop/OPS\ APP/OPS/OPS/Views/Components/User/TeamMemberListView.swift /Users/jacksonsweet/Desktop/OPS\ APP/OPS/OPS/Views/Components/User/UserProfileCard.swift /Users/jacksonsweet/Desktop/OPS\ APP/OPS/OPS/Views/Home/HomeContentView.swift /Users/jacksonsweet/Desktop/OPS\ APP/OPS/OPS/Views/Home/HomeView.swift /Users/jacksonsweet/Desktop/OPS\ APP/OPS/OPS/Views/Settings/OrganizationSettingsView.swift /Users/jacksonsweet/Desktop/OPS\ APP/OPS/OPS/Views/Settings/ProfileSettingsView.swift /Users/jacksonsweet/Desktop/OPS\ APP/OPS/OPS/Views/Settings/ProjectHistorySettingsView.swift /Users/jacksonsweet/Desktop/OPS\ APP/OPS/OPS/Views/LoginView.swift /Users/jacksonsweet/Desktop/OPS\ APP/OPS/OPS/Views/LoginViewPreview.swift /Users/jacksonsweet/Desktop/OPS\ APP/OPS/OPS/Views/MainTabView.swift /Users/jacksonsweet/Desktop/OPS\ APP/OPS/OPS/Views/NetworkStatusIndicator.swift /Users/jacksonsweet/Desktop/OPS\ APP/OPS/OPS/Views/ScheduleView.swift /Users/jacksonsweet/Desktop/OPS\ APP/OPS/OPS/Views/SettingsView.swift /Users/jacksonsweet/Desktop/OPS\ APP/OPS/OPS/Views/SplashScreen.swift /Users/jacksonsweet/Desktop/OPS\ APP/OPS/OPS/AppState.swift /Users/jacksonsweet/Desktop/OPS\ APP/OPS/OPS/ContentView.swift /Users/jacksonsweet/Desktop/OPS\ APP/OPS/OPS/Item.swift /Users/jacksonsweet/Desktop/OPS\ APP/OPS/OPS/OPSApp.swift /Users/jacksonsweet/Library/Developer/Xcode/DerivedData/OPS-czavgtmnvamasvcjgszzuulfcsxj/Build/Intermediates.noindex/OPS.build/Debug-iphonesimulator/OPS.build/DerivedSources/GeneratedAssetSymbols.swift -supplementary-output-file-map /Users/jacksonsweet/Library/Developer/Xcode/DerivedData/OPS-czavgtmnvamasvcjgszzuulfcsxj/Build/Intermediates.noindex/OPS.build/Debug-iphonesimulator/OPS.build/Objects-normal/arm64/supplementaryOutputs-3 -emit-localized-strings -emit-localized-strings-path /Users/jacksonsweet/Library/Developer/Xcode/DerivedData/OPS-czavgtmnvamasvcjgszzuulfcsxj/Build/Intermediates.noindex/OPS.build/Debug-iphonesimulator/OPS.build/Objects-normal/arm64 -target arm64-apple-ios18.2-simulator -Xllvm -aarch64-use-tbi -enable-objc-interop -sdk /Applications/Xcode.app/Contents/Developer/Platforms/iPhoneSimulator.platform/Developer/SDKs/iPhoneSimulator18.2.sdk -I /Users/jacksonsweet/Library/Developer/Xcode/DerivedData/OPS-czavgtmnvamasvcjgszzuulfcsxj/Build/Products/Debug-iphonesimulator -F /Users/jacksonsweet/Library/Developer/Xcode/DerivedData/OPS-czavgtmnvamasvcjgszzuulfcsxj/Build/Products/Debug-iphonesimulator -no-color-diagnostics -enable-testing -g -debug-info-format\=dwarf -dwarf-version\=5 -module-cache-path /Users/jacksonsweet/Library/Developer/Xcode/DerivedData/ModuleCache.noindex -profile-generate -profile-coverage-mapping -swift-version 5 -enforce-exclusivity\=checked -Onone -D DEBUG -serialize-debugging-options -const-gather-protocols-file /Users/jacksonsweet/Library/Developer/Xcode/DerivedData/OPS-czavgtmnvamasvcjgszzuulfcsxj/Build/Intermediates.noindex/OPS.build/Debug-iphonesimulator/OPS.build/Objects-normal/arm64/OPS_const_extract_protocols.json -enable-experimental-feature DebugDescriptionMacro -enable-experimental-feature OpaqueTypeErasure -enable-bare-slash-regex -empty-abi-descriptor -validate-clang-modules-once -clang-build-session-file /Users/jacksonsweet/Library/Developer/Xcode/DerivedData/ModuleCache.noindex/Session.modulevalidation -Xcc -working-directory -Xcc /Users/jacksonsweet/Desktop/OPS\ APP/OPS -resource-dir /Applications/Xcode.app/Contents/Developer/Toolchains/XcodeDefault.xctoolchain/usr/lib/swift -enable-anonymous-context-mangled-names -file-compilation-dir /Users/jacksonsweet/Desktop/OPS\ APP/OPS -Xcc -D_LIBCPP_HARDENING_MODE\=_LIBCPP_HARDENING_MODE_DEBUG -Xcc -ivfsstatcache -Xcc /Users/jacksonsweet/Library/Developer/Xcode/DerivedData/SDKStatCaches.noindex/iphonesimulator18.2-22C146-07b28473f605e47e75261259d3ef3b5a.sdkstatcache -Xcc -I/Users/jacksonsweet/Library/Developer/Xcode/DerivedData/OPS-czavgtmnvamasvcjgszzuulfcsxj/Build/Intermediates.noindex/OPS.build/Debug-iphonesimulator/OPS.build/swift-overrides.hmap -Xcc -iquote -Xcc /Users/jacksonsweet/Library/Developer/Xcode/DerivedData/OPS-czavgtmnvamasvcjgszzuulfcsxj/Build/Intermediates.noindex/OPS.build/Debug-iphonesimulator/OPS.build/OPS-generated-files.hmap -Xcc -I/Users/jacksonsweet/Library/Developer/Xcode/DerivedData/OPS-czavgtmnvamasvcjgszzuulfcsxj/Build/Intermediates.noindex/OPS.build/Debug-iphonesimulator/OPS.build/OPS-own-target-headers.hmap -Xcc -I/Users/jacksonsweet/Library/Developer/Xcode/DerivedData/OPS-czavgtmnvamasvcjgszzuulfcsxj/Build/Intermediates.noindex/OPS.build/Debug-iphonesimulator/OPS.build/OPS-all-target-headers.hmap -Xcc -iquote -Xcc /Users/jacksonsweet/Library/Developer/Xcode/DerivedData/OPS-czavgtmnvamasvcjgszzuulfcsxj/Build/Intermediates.noindex/OPS.build/Debug-iphonesimulator/OPS.build/OPS-project-headers.hmap -Xcc -I/Users/jacksonsweet/Library/Developer/Xcode/DerivedData/OPS-czavgtmnvamasvcjgszzuulfcsxj/Build/Products/Debug-iphonesimulator/include -Xcc -I/Users/jacksonsweet/Library/Developer/Xcode/DerivedData/OPS-czavgtmnvamasvcjgszzuulfcsxj/Build/Intermediates.noindex/OPS.build/Debug-iphonesimulator/OPS.build/DerivedSources-normal/arm64 -Xcc -I/Users/jacksonsweet/Library/Developer/Xcode/DerivedData/OPS-czavgtmnvamasvcjgszzuulfcsxj/Build/Intermediates.noindex/OPS.build/Debug-iphonesimulator/OPS.build/DerivedSources/arm64 -Xcc -I/Users/jacksonsweet/Library/Developer/Xcode/DerivedData/OPS-czavgtmnvamasvcjgszzuulfcsxj/Build/Intermediates.noindex/OPS.build/Debug-iphonesimulator/OPS.build/DerivedSources -Xcc -DDEBUG\=1 -module-name OPS -frontend-parseable-output -disable-clang-spi -target-sdk-version 18.2 -target-sdk-name iphonesimulator18.2 -external-plugin-path /Applications/Xcode.app/Contents/Developer/Platforms/iPhoneOS.platform/Developer/usr/lib/swift/host/plugins\#/Applications/Xcode.app/Contents/Developer/Platforms/iPhoneOS.platform/Developer/usr/bin/swift-plugin-server -external-plugin-path /Applications/Xcode.app/Contents/Developer/Platforms/iPhoneOS.platform/Developer/usr/local/lib/swift/host/plugins\#/Applications/Xcode.app/Contents/Developer/Platforms/iPhoneOS.platform/Developer/usr/bin/swift-plugin-server -plugin-path /Applications/Xcode.app/Contents/Developer/Toolchains/XcodeDefault.xctoolchain/usr/lib/swift/host/plugins -plugin-path /Applications/Xcode.app/Contents/Developer/Toolchains/XcodeDefault.xctoolchain/usr/local/lib/swift/host/plugins -o /Users/jacksonsweet/Library/Developer/Xcode/DerivedData/OPS-czavgtmnvamasvcjgszzuulfcsxj/Build/Intermediates.noindex/OPS.build/Debug-iphonesimulator/OPS.build/Objects-normal/arm64/OnboardingService.o -o /Users/jacksonsweet/Library/Developer/Xcode/DerivedData/OPS-czavgtmnvamasvcjgszzuulfcsxj/Build/Intermediates.noindex/OPS.build/Debug-iphonesimulator/OPS.build/Objects-normal/arm64/OnboardingViewModel.o -o /Users/jacksonsweet/Library/Developer/Xcode/DerivedData/OPS-czavgtmnvamasvcjgszzuulfcsxj/Build/Intermediates.noindex/OPS.build/Debug-iphonesimulator/OPS.build/Objects-normal/arm64/OnboardingComponents.o -o /Users/jacksonsweet/Library/Developer/Xcode/DerivedData/OPS-czavgtmnvamasvcjgszzuulfcsxj/Build/Intermediates.noindex/OPS.build/Debug-iphonesimulator/OPS.build/Objects-normal/arm64/AccountCreatedView.o -o /Users/jacksonsweet/Library/Developer/Xcode/DerivedData/OPS-czavgtmnvamasvcjgszzuulfcsxj/Build/Intermediates.noindex/OPS.build/Debug-iphonesimulator/OPS.build/Objects-normal/arm64/CompanyCodeView.o -o /Users/jacksonsweet/Library/Developer/Xcode/DerivedData/OPS-czavgtmnvamasvcjgszzuulfcsxj/Build/Intermediates.noindex/OPS.build/Debug-iphonesimulator/OPS.build/Objects-normal/arm64/CompanyCodeViewPreview.o -o /Users/jacksonsweet/Library/Developer/Xcode/DerivedData/OPS-czavgtmnvamasvcjgszzuulfcsxj/Build/Intermediates.noindex/OPS.build/Debug-iphonesimulator/OPS.build/Objects-normal/arm64/CompletionView.o -o /Users/jacksonsweet/Library/Developer/Xcode/DerivedData/OPS-czavgtmnvamasvcjgszzuulfcsxj/Build/Intermediates.noindex/OPS.build/Debug-iphonesimulator/OPS.build/Objects-normal/arm64/CompletionViewPreview.o -o /Users/jacksonsweet/Library/Developer/Xcode/DerivedData/OPS-czavgtmnvamasvcjgszzuulfcsxj/Build/Intermediates.noindex/OPS.build/Debug-iphonesimulator/OPS.build/Objects-normal/arm64/EmailView.o -o /Users/jacksonsweet/Library/Developer/Xcode/DerivedData/OPS-czavgtmnvamasvcjgszzuulfcsxj/Build/Intermediates.noindex/OPS.build/Debug-iphonesimulator/OPS.build/Objects-normal/arm64/FieldSetupView.o -o /Users/jacksonsweet/Library/Developer/Xcode/DerivedData/OPS-czavgtmnvamasvcjgszzuulfcsxj/Build/Intermediates.noindex/OPS.build/Debug-iphonesimulator/OPS.build/Objects-normal/arm64/NotificationsView.o -o /Users/jacksonsweet/Library/Developer/Xcode/DerivedData/OPS-czavgtmnvamasvcjgszzuulfcsxj/Build/Intermediates.noindex/OPS.build/Debug-iphonesimulator/OPS.build/Objects-normal/arm64/NotificationsViewPreview.o -o /Users/jacksonsweet/Library/Developer/Xcode/DerivedData/OPS-czavgtmnvamasvcjgszzuulfcsxj/Build/Intermediates.noindex/OPS.build/Debug-iphonesimulator/OPS.build/Objects-normal/arm64/OrganizationJoinView.o -index-unit-output-path /OPS.build/Debug-iphonesimulator/OPS.build/Objects-normal/arm64/OnboardingService.o -index-unit-output-path /OPS.build/Debug-iphonesimulator/OPS.build/Objects-normal/arm64/OnboardingViewModel.o -index-unit-output-path /OPS.build/Debug-iphonesimulator/OPS.build/Objects-normal/arm64/OnboardingComponents.o -index-unit-output-path /OPS.build/Debug-iphonesimulator/OPS.build/Objects-normal/arm64/AccountCreatedView.o -index-unit-output-path /OPS.build/Debug-iphonesimulator/OPS.build/Objects-normal/arm64/CompanyCodeView.o -index-unit-output-path /OPS.build/Debug-iphonesimulator/OPS.build/Objects-normal/arm64/CompanyCodeViewPreview.o -index-unit-output-path /OPS.build/Debug-iphonesimulator/OPS.build/Objects-normal/arm64/CompletionView.o -index-unit-output-path /OPS.build/Debug-iphonesimulator/OPS.build/Objects-normal/arm64/CompletionViewPreview.o -index-unit-output-path /OPS.build/Debug-iphonesimulator/OPS.build/Objects-normal/arm64/EmailView.o -index-unit-output-path /OPS.build/Debug-iphonesimulator/OPS.build/Objects-normal/arm64/FieldSetupView.o -index-unit-output-path /OPS.build/Debug-iphonesimulator/OPS.build/Objects-normal/arm64/NotificationsView.o -index-unit-output-path /OPS.build/Debug-iphonesimulator/OPS.build/Objects-normal/arm64/NotificationsViewPreview.o -index-unit-output-path /OPS.build/Debug-iphonesimulator/OPS.build/Objects-normal/arm64/OrganizationJoinView.o -index-store-path /Users/jacksonsweet/Library/Developer/Xcode/DerivedData/OPS-czavgtmnvamasvcjgszzuulfcsxj/Index.noindex/DataStore -index-system-modules

SwiftCompile normal arm64 /Users/jacksonsweet/Desktop/OPS\ APP/OPS/OPS/Onboarding/Views/Screens/CompanyCodeView.swift (in target 'OPS' from project 'OPS')
    cd /Users/jacksonsweet/Desktop/OPS\ APP/OPS
    /Applications/Xcode.app/Contents/Developer/Toolchains/XcodeDefault.xctoolchain/usr/bin/swift-frontend -c /Users/jacksonsweet/Desktop/OPS\ APP/OPS/OPS/DataModels/BubbleImage.swift /Users/jacksonsweet/Desktop/OPS\ APP/OPS/OPS/DataModels/BubbleTypes.swift /Users/jacksonsweet/Desktop/OPS\ APP/OPS/OPS/DataModels/Company.swift /Users/jacksonsweet/Desktop/OPS\ APP/OPS/OPS/DataModels/Project.swift /Users/jacksonsweet/Desktop/OPS\ APP/OPS/OPS/DataModels/Status.swift /Users/jacksonsweet/Desktop/OPS\ APP/OPS/OPS/DataModels/User.swift /Users/jacksonsweet/Desktop/OPS\ APP/OPS/OPS/DataModels/UserRole.swift /Users/jacksonsweet/Desktop/OPS\ APP/OPS/OPS/Extensions/UIImage+Extensions.swift /Users/jacksonsweet/Desktop/OPS\ APP/OPS/OPS/Network/API/APIError.swift /Users/jacksonsweet/Desktop/OPS\ APP/OPS/OPS/Network/API/APIService.swift /Users/jacksonsweet/Desktop/OPS\ APP/OPS/OPS/Network/API/BubbleFields.swift /Users/jacksonsweet/Desktop/OPS\ APP/OPS/OPS/Network/Auth/AuthError.swift /Users/jacksonsweet/Desktop/OPS\ APP/OPS/OPS/Network/Auth/AuthManager.swift /Users/jacksonsweet/Desktop/OPS\ APP/OPS/OPS/Network/Auth/KeychainManager.swift /Users/jacksonsweet/Desktop/OPS\ APP/OPS/OPS/Network/DTOs/CompanyDTO.swift /Users/jacksonsweet/Desktop/OPS\ APP/OPS/OPS/Network/DTOs/ProjectDTO.swift /Users/jacksonsweet/Desktop/OPS\ APP/OPS/OPS/Network/DTOs/UserDTO.swift /Users/jacksonsweet/Desktop/OPS\ APP/OPS/OPS/Network/Endpoints/CompanyEndpoints.swift /Users/jacksonsweet/Desktop/OPS\ APP/OPS/OPS/Network/Endpoints/ProjectEndpoints.swift /Users/jacksonsweet/Desktop/OPS\ APP/OPS/OPS/Network/Endpoints/UserEndpoints.swift /Users/jacksonsweet/Desktop/OPS\ APP/OPS/OPS/Network/Sync/BackgroundTaskManager.swift /Users/jacksonsweet/Desktop/OPS\ APP/OPS/OPS/Network/Sync/SyncManager.swift /Users/jacksonsweet/Desktop/OPS\ APP/OPS/OPS/Network/ConnectivityMonitor.swift /Users/jacksonsweet/Desktop/OPS\ APP/OPS/OPS/Network/ImageSyncManager.swift /Users/jacksonsweet/Desktop/OPS\ APP/OPS/OPS/Onboarding/Coordinators/OnboardingCoordinator.swift /Users/jacksonsweet/Desktop/OPS\ APP/OPS/OPS/Onboarding/Models/OnboardingModels.swift -primary-file /Users/jacksonsweet/Desktop/OPS\ APP/OPS/OPS/Onboarding/Services/OnboardingService.swift -primary-file /Users/jacksonsweet/Desktop/OPS\ APP/OPS/OPS/Onboarding/ViewModels/OnboardingViewModel.swift -primary-file /Users/jacksonsweet/Desktop/OPS\ APP/OPS/OPS/Onboarding/Views/Components/OnboardingComponents.swift -primary-file /Users/jacksonsweet/Desktop/OPS\ APP/OPS/OPS/Onboarding/Views/Screens/AccountCreatedView.swift -primary-file /Users/jacksonsweet/Desktop/OPS\ APP/OPS/OPS/Onboarding/Views/Screens/CompanyCodeView.swift -primary-file /Users/jacksonsweet/Desktop/OPS\ APP/OPS/OPS/Onboarding/Views/Screens/CompanyCodeViewPreview.swift -primary-file /Users/jacksonsweet/Desktop/OPS\ APP/OPS/OPS/Onboarding/Views/Screens/CompletionView.swift -primary-file /Users/jacksonsweet/Desktop/OPS\ APP/OPS/OPS/Onboarding/Views/Screens/CompletionViewPreview.swift -primary-file /Users/jacksonsweet/Desktop/OPS\ APP/OPS/OPS/Onboarding/Views/Screens/EmailView.swift -primary-file /Users/jacksonsweet/Desktop/OPS\ APP/OPS/OPS/Onboarding/Views/Screens/FieldSetupView.swift -primary-file /Users/jacksonsweet/Desktop/OPS\ APP/OPS/OPS/Onboarding/Views/Screens/NotificationsView.swift -primary-file /Users/jacksonsweet/Desktop/OPS\ APP/OPS/OPS/Onboarding/Views/Screens/NotificationsViewPreview.swift -primary-file /Users/jacksonsweet/Desktop/OPS\ APP/OPS/OPS/Onboarding/Views/Screens/OrganizationJoinView.swift /Users/jacksonsweet/Desktop/OPS\ APP/OPS/OPS/Onboarding/Views/Screens/PasswordView.swift /Users/jacksonsweet/Desktop/OPS\ APP/OPS/OPS/Onboarding/Views/Screens/PasswordViewPreview.swift /Users/jacksonsweet/Desktop/OPS\ APP/OPS/OPS/Onboarding/Views/Screens/PermissionsView.swift /Users/jacksonsweet/Desktop/OPS\ APP/OPS/OPS/Onboarding/Views/Screens/PermissionsViewPreview.swift /Users/jacksonsweet/Desktop/OPS\ APP/OPS/OPS/Onboarding/Views/Screens/PhoneNumberView.swift /Users/jacksonsweet/Desktop/OPS\ APP/OPS/OPS/Onboarding/Views/Screens/PhoneNumberViewPreview.swift /Users/jacksonsweet/Desktop/OPS\ APP/OPS/OPS/Onboarding/Views/Screens/UserInfoView.swift /Users/jacksonsweet/Desktop/OPS\ APP/OPS/OPS/Onboarding/Views/Screens/UserInfoViewPreview.swift /Users/jacksonsweet/Desktop/OPS\ APP/OPS/OPS/Onboarding/Views/Screens/VerifyPhoneView.swift /Users/jacksonsweet/Desktop/OPS\ APP/OPS/OPS/Onboarding/Views/Screens/WelcomeCompanyView.swift /Users/jacksonsweet/Desktop/OPS\ APP/OPS/OPS/Onboarding/Views/Screens/WelcomeCompanyViewPreview.swift /Users/jacksonsweet/Desktop/OPS\ APP/OPS/OPS/Onboarding/Views/Screens/WelcomeView.swift /Users/jacksonsweet/Desktop/OPS\ APP/OPS/OPS/Onboarding/Views/Screens/WelcomeViewPreview.swift /Users/jacksonsweet/Desktop/OPS\ APP/OPS/OPS/Onboarding/Views/OnboardingContainerView.swift /Users/jacksonsweet/Desktop/OPS\ APP/OPS/OPS/Onboarding/Views/OnboardingFlowPreview.swift /Users/jacksonsweet/Desktop/OPS\ APP/OPS/OPS/Onboarding/Views/OnboardingPresenter.swift /Users/jacksonsweet/Desktop/OPS\ APP/OPS/OPS/Onboarding/Views/OnboardingPreviewHelpers.swift /Users/jacksonsweet/Desktop/OPS\ APP/OPS/OPS/Styles/OPSStyle.swift /Users/jacksonsweet/Desktop/OPS\ APP/OPS/OPS/Utilities/AppConfiguration.swift /Users/jacksonsweet/Desktop/OPS\ APP/OPS/OPS/Utilities/ArrayTransformer.swift /Users/jacksonsweet/Desktop/OPS\ APP/OPS/OPS/Utilities/DataController.swift /Users/jacksonsweet/Desktop/OPS\ APP/OPS/OPS/Utilities/Dateformatter\ +Bubble.swift /Users/jacksonsweet/Desktop/OPS\ APP/OPS/OPS/Utilities/DateHelper.swift /Users/jacksonsweet/Desktop/OPS\ APP/OPS/OPS/Utilities/FieldErrorHandler.swift /Users/jacksonsweet/Desktop/OPS\ APP/OPS/OPS/Utilities/ImageCache.swift /Users/jacksonsweet/Desktop/OPS\ APP/OPS/OPS/Utilities/ImageFileManager.swift /Users/jacksonsweet/Desktop/OPS\ APP/OPS/OPS/Utilities/InProgressManager.swift /Users/jacksonsweet/Desktop/OPS\ APP/OPS/OPS/Utilities/KeyboardDismissalModifier.swift /Users/jacksonsweet/Desktop/OPS\ APP/OPS/OPS/Utilities/LocationManager.swift /Users/jacksonsweet/Desktop/OPS\ APP/OPS/OPS/Utilities/OnboardingEnvironmentKey.swift /Users/jacksonsweet/Desktop/OPS\ APP/OPS/OPS/Utilities/SwiftDataHelper.swift /Users/jacksonsweet/Desktop/OPS\ APP/OPS/OPS/Utilities/UIComponents.swift /Users/jacksonsweet/Desktop/OPS\ APP/OPS/OPS/V2/CertificationsSettingsView.swift /Users/jacksonsweet/Desktop/OPS\ APP/OPS/OPS/ViewModels/CalendarViewModel.swift /Users/jacksonsweet/Desktop/OPS\ APP/OPS/OPS/ViewModels/ProjectsViewModel.swift /Users/jacksonsweet/Desktop/OPS\ APP/OPS/OPS/Views/Calendar\ Tab/Components/CalendarDaySelector.swift /Users/jacksonsweet/Desktop/OPS\ APP/OPS/OPS/Views/Calendar\ Tab/Components/CalendarHeaderView.swift /Users/jacksonsweet/Desktop/OPS\ APP/OPS/OPS/Views/Calendar\ Tab/Components/CalendarProjectCard.swift /Users/jacksonsweet/Desktop/OPS\ APP/OPS/OPS/Views/Calendar\ Tab/Components/CalendarToggleView.swift /Users/jacksonsweet/Desktop/OPS\ APP/OPS/OPS/Views/Calendar\ Tab/Components/DatePickerPopover.swift /Users/jacksonsweet/Desktop/OPS\ APP/OPS/OPS/Views/Calendar\ Tab/Components/DayCell.swift /Users/jacksonsweet/Desktop/OPS\ APP/OPS/OPS/Views/Calendar\ Tab/ProjectViews/DayProjectSheet.swift /Users/jacksonsweet/Desktop/OPS\ APP/OPS/OPS/Views/Calendar\ Tab/ProjectViews/ProjectListView.swift /Users/jacksonsweet/Desktop/OPS\ APP/OPS/OPS/Views/Calendar\ Tab/MonthGridView.swift /Users/jacksonsweet/Desktop/OPS\ APP/OPS/OPS/Views/Components/Common/AppHeader.swift /Users/jacksonsweet/Desktop/OPS\ APP/OPS/OPS/Views/Components/Common/ExpandableNotesView.swift /Users/jacksonsweet/Desktop/OPS\ APP/OPS/OPS/Views/Components/Common/LocationPermissionView.swift /Users/jacksonsweet/Desktop/OPS\ APP/OPS/OPS/Views/Components/Common/NavigationBanner.swift /Users/jacksonsweet/Desktop/OPS\ APP/OPS/OPS/Views/Components/Common/NavigationControlsView.swift /Users/jacksonsweet/Desktop/OPS\ APP/OPS/OPS/Views/Components/Common/TabBarBackground.swift /Users/jacksonsweet/Desktop/OPS\ APP/OPS/OPS/Views/Components/Images/ImagePicker.swift /Users/jacksonsweet/Desktop/OPS\ APP/OPS/OPS/Views/Components/Images/ImagePickerView.swift /Users/jacksonsweet/Desktop/OPS\ APP/OPS/OPS/Views/Components/Images/ProjectImagesSection.swift /Users/jacksonsweet/Desktop/OPS\ APP/OPS/OPS/Views/Components/Images/ProjectImagesSimple.swift /Users/jacksonsweet/Desktop/OPS\ APP/OPS/OPS/Views/Components/Images/ProjectImageView.swift /Users/jacksonsweet/Desktop/OPS\ APP/OPS/OPS/Views/Components/Images/ProjectPhotosGrid.swift /Users/jacksonsweet/Desktop/OPS\ APP/OPS/OPS/Views/Components/Map/MiniMapView.swift /Users/jacksonsweet/Desktop/OPS\ APP/OPS/OPS/Views/Components/Map/ProjectMapAnnotation.swift /Users/jacksonsweet/Desktop/OPS\ APP/OPS/OPS/Views/Components/Map/ProjectMapView.swift /Users/jacksonsweet/Desktop/OPS\ APP/OPS/OPS/Views/Components/Map/ProjectMarkerPopup.swift /Users/jacksonsweet/Desktop/OPS\ APP/OPS/OPS/Views/Components/Map/RouteDirectionsView.swift /Users/jacksonsweet/Desktop/OPS\ APP/OPS/OPS/Views/Components/Project/ProjectActionBar.swift /Users/jacksonsweet/Desktop/OPS\ APP/OPS/OPS/Views/Components/Project/ProjectCard.swift /Users/jacksonsweet/Desktop/OPS\ APP/OPS/OPS/Views/Components/Project/ProjectCarousel.swift /Users/jacksonsweet/Desktop/OPS\ APP/OPS/OPS/Views/Components/Project/ProjectDetailsView.swift /Users/jacksonsweet/Desktop/OPS\ APP/OPS/OPS/Views/Components/Project/ProjectHeader.swift /Users/jacksonsweet/Desktop/OPS\ APP/OPS/OPS/Views/Components/Project/ProjectSheetContainer.swift /Users/jacksonsweet/Desktop/OPS\ APP/OPS/OPS/Views/Components/User/TeamMemberListView.swift /Users/jacksonsweet/Desktop/OPS\ APP/OPS/OPS/Views/Components/User/UserProfileCard.swift /Users/jacksonsweet/Desktop/OPS\ APP/OPS/OPS/Views/Home/HomeContentView.swift /Users/jacksonsweet/Desktop/OPS\ APP/OPS/OPS/Views/Home/HomeView.swift /Users/jacksonsweet/Desktop/OPS\ APP/OPS/OPS/Views/Settings/OrganizationSettingsView.swift /Users/jacksonsweet/Desktop/OPS\ APP/OPS/OPS/Views/Settings/ProfileSettingsView.swift /Users/jacksonsweet/Desktop/OPS\ APP/OPS/OPS/Views/Settings/ProjectHistorySettingsView.swift /Users/jacksonsweet/Desktop/OPS\ APP/OPS/OPS/Views/LoginView.swift /Users/jacksonsweet/Desktop/OPS\ APP/OPS/OPS/Views/LoginViewPreview.swift /Users/jacksonsweet/Desktop/OPS\ APP/OPS/OPS/Views/MainTabView.swift /Users/jacksonsweet/Desktop/OPS\ APP/OPS/OPS/Views/NetworkStatusIndicator.swift /Users/jacksonsweet/Desktop/OPS\ APP/OPS/OPS/Views/ScheduleView.swift /Users/jacksonsweet/Desktop/OPS\ APP/OPS/OPS/Views/SettingsView.swift /Users/jacksonsweet/Desktop/OPS\ APP/OPS/OPS/Views/SplashScreen.swift /Users/jacksonsweet/Desktop/OPS\ APP/OPS/OPS/AppState.swift /Users/jacksonsweet/Desktop/OPS\ APP/OPS/OPS/ContentView.swift /Users/jacksonsweet/Desktop/OPS\ APP/OPS/OPS/Item.swift /Users/jacksonsweet/Desktop/OPS\ APP/OPS/OPS/OPSApp.swift /Users/jacksonsweet/Library/Developer/Xcode/DerivedData/OPS-czavgtmnvamasvcjgszzuulfcsxj/Build/Intermediates.noindex/OPS.build/Debug-iphonesimulator/OPS.build/DerivedSources/GeneratedAssetSymbols.swift -supplementary-output-file-map /Users/jacksonsweet/Library/Developer/Xcode/DerivedData/OPS-czavgtmnvamasvcjgszzuulfcsxj/Build/Intermediates.noindex/OPS.build/Debug-iphonesimulator/OPS.build/Objects-normal/arm64/supplementaryOutputs-3 -emit-localized-strings -emit-localized-strings-path /Users/jacksonsweet/Library/Developer/Xcode/DerivedData/OPS-czavgtmnvamasvcjgszzuulfcsxj/Build/Intermediates.noindex/OPS.build/Debug-iphonesimulator/OPS.build/Objects-normal/arm64 -target arm64-apple-ios18.2-simulator -Xllvm -aarch64-use-tbi -enable-objc-interop -sdk /Applications/Xcode.app/Contents/Developer/Platforms/iPhoneSimulator.platform/Developer/SDKs/iPhoneSimulator18.2.sdk -I /Users/jacksonsweet/Library/Developer/Xcode/DerivedData/OPS-czavgtmnvamasvcjgszzuulfcsxj/Build/Products/Debug-iphonesimulator -F /Users/jacksonsweet/Library/Developer/Xcode/DerivedData/OPS-czavgtmnvamasvcjgszzuulfcsxj/Build/Products/Debug-iphonesimulator -no-color-diagnostics -enable-testing -g -debug-info-format\=dwarf -dwarf-version\=5 -module-cache-path /Users/jacksonsweet/Library/Developer/Xcode/DerivedData/ModuleCache.noindex -profile-generate -profile-coverage-mapping -swift-version 5 -enforce-exclusivity\=checked -Onone -D DEBUG -serialize-debugging-options -const-gather-protocols-file /Users/jacksonsweet/Library/Developer/Xcode/DerivedData/OPS-czavgtmnvamasvcjgszzuulfcsxj/Build/Intermediates.noindex/OPS.build/Debug-iphonesimulator/OPS.build/Objects-normal/arm64/OPS_const_extract_protocols.json -enable-experimental-feature DebugDescriptionMacro -enable-experimental-feature OpaqueTypeErasure -enable-bare-slash-regex -empty-abi-descriptor -validate-clang-modules-once -clang-build-session-file /Users/jacksonsweet/Library/Developer/Xcode/DerivedData/ModuleCache.noindex/Session.modulevalidation -Xcc -working-directory -Xcc /Users/jacksonsweet/Desktop/OPS\ APP/OPS -resource-dir /Applications/Xcode.app/Contents/Developer/Toolchains/XcodeDefault.xctoolchain/usr/lib/swift -enable-anonymous-context-mangled-names -file-compilation-dir /Users/jacksonsweet/Desktop/OPS\ APP/OPS -Xcc -D_LIBCPP_HARDENING_MODE\=_LIBCPP_HARDENING_MODE_DEBUG -Xcc -ivfsstatcache -Xcc /Users/jacksonsweet/Library/Developer/Xcode/DerivedData/SDKStatCaches.noindex/iphonesimulator18.2-22C146-07b28473f605e47e75261259d3ef3b5a.sdkstatcache -Xcc -I/Users/jacksonsweet/Library/Developer/Xcode/DerivedData/OPS-czavgtmnvamasvcjgszzuulfcsxj/Build/Intermediates.noindex/OPS.build/Debug-iphonesimulator/OPS.build/swift-overrides.hmap -Xcc -iquote -Xcc /Users/jacksonsweet/Library/Developer/Xcode/DerivedData/OPS-czavgtmnvamasvcjgszzuulfcsxj/Build/Intermediates.noindex/OPS.build/Debug-iphonesimulator/OPS.build/OPS-generated-files.hmap -Xcc -I/Users/jacksonsweet/Library/Developer/Xcode/DerivedData/OPS-czavgtmnvamasvcjgszzuulfcsxj/Build/Intermediates.noindex/OPS.build/Debug-iphonesimulator/OPS.build/OPS-own-target-headers.hmap -Xcc -I/Users/jacksonsweet/Library/Developer/Xcode/DerivedData/OPS-czavgtmnvamasvcjgszzuulfcsxj/Build/Intermediates.noindex/OPS.build/Debug-iphonesimulator/OPS.build/OPS-all-target-headers.hmap -Xcc -iquote -Xcc /Users/jacksonsweet/Library/Developer/Xcode/DerivedData/OPS-czavgtmnvamasvcjgszzuulfcsxj/Build/Intermediates.noindex/OPS.build/Debug-iphonesimulator/OPS.build/OPS-project-headers.hmap -Xcc -I/Users/jacksonsweet/Library/Developer/Xcode/DerivedData/OPS-czavgtmnvamasvcjgszzuulfcsxj/Build/Products/Debug-iphonesimulator/include -Xcc -I/Users/jacksonsweet/Library/Developer/Xcode/DerivedData/OPS-czavgtmnvamasvcjgszzuulfcsxj/Build/Intermediates.noindex/OPS.build/Debug-iphonesimulator/OPS.build/DerivedSources-normal/arm64 -Xcc -I/Users/jacksonsweet/Library/Developer/Xcode/DerivedData/OPS-czavgtmnvamasvcjgszzuulfcsxj/Build/Intermediates.noindex/OPS.build/Debug-iphonesimulator/OPS.build/DerivedSources/arm64 -Xcc -I/Users/jacksonsweet/Library/Developer/Xcode/DerivedData/OPS-czavgtmnvamasvcjgszzuulfcsxj/Build/Intermediates.noindex/OPS.build/Debug-iphonesimulator/OPS.build/DerivedSources -Xcc -DDEBUG\=1 -module-name OPS -frontend-parseable-output -disable-clang-spi -target-sdk-version 18.2 -target-sdk-name iphonesimulator18.2 -external-plugin-path /Applications/Xcode.app/Contents/Developer/Platforms/iPhoneOS.platform/Developer/usr/lib/swift/host/plugins\#/Applications/Xcode.app/Contents/Developer/Platforms/iPhoneOS.platform/Developer/usr/bin/swift-plugin-server -external-plugin-path /Applications/Xcode.app/Contents/Developer/Platforms/iPhoneOS.platform/Developer/usr/local/lib/swift/host/plugins\#/Applications/Xcode.app/Contents/Developer/Platforms/iPhoneOS.platform/Developer/usr/bin/swift-plugin-server -plugin-path /Applications/Xcode.app/Contents/Developer/Toolchains/XcodeDefault.xctoolchain/usr/lib/swift/host/plugins -plugin-path /Applications/Xcode.app/Contents/Developer/Toolchains/XcodeDefault.xctoolchain/usr/local/lib/swift/host/plugins -o /Users/jacksonsweet/Library/Developer/Xcode/DerivedData/OPS-czavgtmnvamasvcjgszzuulfcsxj/Build/Intermediates.noindex/OPS.build/Debug-iphonesimulator/OPS.build/Objects-normal/arm64/OnboardingService.o -o /Users/jacksonsweet/Library/Developer/Xcode/DerivedData/OPS-czavgtmnvamasvcjgszzuulfcsxj/Build/Intermediates.noindex/OPS.build/Debug-iphonesimulator/OPS.build/Objects-normal/arm64/OnboardingViewModel.o -o /Users/jacksonsweet/Library/Developer/Xcode/DerivedData/OPS-czavgtmnvamasvcjgszzuulfcsxj/Build/Intermediates.noindex/OPS.build/Debug-iphonesimulator/OPS.build/Objects-normal/arm64/OnboardingComponents.o -o /Users/jacksonsweet/Library/Developer/Xcode/DerivedData/OPS-czavgtmnvamasvcjgszzuulfcsxj/Build/Intermediates.noindex/OPS.build/Debug-iphonesimulator/OPS.build/Objects-normal/arm64/AccountCreatedView.o -o /Users/jacksonsweet/Library/Developer/Xcode/DerivedData/OPS-czavgtmnvamasvcjgszzuulfcsxj/Build/Intermediates.noindex/OPS.build/Debug-iphonesimulator/OPS.build/Objects-normal/arm64/CompanyCodeView.o -o /Users/jacksonsweet/Library/Developer/Xcode/DerivedData/OPS-czavgtmnvamasvcjgszzuulfcsxj/Build/Intermediates.noindex/OPS.build/Debug-iphonesimulator/OPS.build/Objects-normal/arm64/CompanyCodeViewPreview.o -o /Users/jacksonsweet/Library/Developer/Xcode/DerivedData/OPS-czavgtmnvamasvcjgszzuulfcsxj/Build/Intermediates.noindex/OPS.build/Debug-iphonesimulator/OPS.build/Objects-normal/arm64/CompletionView.o -o /Users/jacksonsweet/Library/Developer/Xcode/DerivedData/OPS-czavgtmnvamasvcjgszzuulfcsxj/Build/Intermediates.noindex/OPS.build/Debug-iphonesimulator/OPS.build/Objects-normal/arm64/CompletionViewPreview.o -o /Users/jacksonsweet/Library/Developer/Xcode/DerivedData/OPS-czavgtmnvamasvcjgszzuulfcsxj/Build/Intermediates.noindex/OPS.build/Debug-iphonesimulator/OPS.build/Objects-normal/arm64/EmailView.o -o /Users/jacksonsweet/Library/Developer/Xcode/DerivedData/OPS-czavgtmnvamasvcjgszzuulfcsxj/Build/Intermediates.noindex/OPS.build/Debug-iphonesimulator/OPS.build/Objects-normal/arm64/FieldSetupView.o -o /Users/jacksonsweet/Library/Developer/Xcode/DerivedData/OPS-czavgtmnvamasvcjgszzuulfcsxj/Build/Intermediates.noindex/OPS.build/Debug-iphonesimulator/OPS.build/Objects-normal/arm64/NotificationsView.o -o /Users/jacksonsweet/Library/Developer/Xcode/DerivedData/OPS-czavgtmnvamasvcjgszzuulfcsxj/Build/Intermediates.noindex/OPS.build/Debug-iphonesimulator/OPS.build/Objects-normal/arm64/NotificationsViewPreview.o -o /Users/jacksonsweet/Library/Developer/Xcode/DerivedData/OPS-czavgtmnvamasvcjgszzuulfcsxj/Build/Intermediates.noindex/OPS.build/Debug-iphonesimulator/OPS.build/Objects-normal/arm64/OrganizationJoinView.o -index-unit-output-path /OPS.build/Debug-iphonesimulator/OPS.build/Objects-normal/arm64/OnboardingService.o -index-unit-output-path /OPS.build/Debug-iphonesimulator/OPS.build/Objects-normal/arm64/OnboardingViewModel.o -index-unit-output-path /OPS.build/Debug-iphonesimulator/OPS.build/Objects-normal/arm64/OnboardingComponents.o -index-unit-output-path /OPS.build/Debug-iphonesimulator/OPS.build/Objects-normal/arm64/AccountCreatedView.o -index-unit-output-path /OPS.build/Debug-iphonesimulator/OPS.build/Objects-normal/arm64/CompanyCodeView.o -index-unit-output-path /OPS.build/Debug-iphonesimulator/OPS.build/Objects-normal/arm64/CompanyCodeViewPreview.o -index-unit-output-path /OPS.build/Debug-iphonesimulator/OPS.build/Objects-normal/arm64/CompletionView.o -index-unit-output-path /OPS.build/Debug-iphonesimulator/OPS.build/Objects-normal/arm64/CompletionViewPreview.o -index-unit-output-path /OPS.build/Debug-iphonesimulator/OPS.build/Objects-normal/arm64/EmailView.o -index-unit-output-path /OPS.build/Debug-iphonesimulator/OPS.build/Objects-normal/arm64/FieldSetupView.o -index-unit-output-path /OPS.build/Debug-iphonesimulator/OPS.build/Objects-normal/arm64/NotificationsView.o -index-unit-output-path /OPS.build/Debug-iphonesimulator/OPS.build/Objects-normal/arm64/NotificationsViewPreview.o -index-unit-output-path /OPS.build/Debug-iphonesimulator/OPS.build/Objects-normal/arm64/OrganizationJoinView.o -index-store-path /Users/jacksonsweet/Library/Developer/Xcode/DerivedData/OPS-czavgtmnvamasvcjgszzuulfcsxj/Index.noindex/DataStore -index-system-modules

SwiftCompile normal arm64 /Users/jacksonsweet/Desktop/OPS\ APP/OPS/OPS/Onboarding/Views/Screens/CompanyCodeViewPreview.swift (in target 'OPS' from project 'OPS')
    cd /Users/jacksonsweet/Desktop/OPS\ APP/OPS
    /Applications/Xcode.app/Contents/Developer/Toolchains/XcodeDefault.xctoolchain/usr/bin/swift-frontend -c /Users/jacksonsweet/Desktop/OPS\ APP/OPS/OPS/DataModels/BubbleImage.swift /Users/jacksonsweet/Desktop/OPS\ APP/OPS/OPS/DataModels/BubbleTypes.swift /Users/jacksonsweet/Desktop/OPS\ APP/OPS/OPS/DataModels/Company.swift /Users/jacksonsweet/Desktop/OPS\ APP/OPS/OPS/DataModels/Project.swift /Users/jacksonsweet/Desktop/OPS\ APP/OPS/OPS/DataModels/Status.swift /Users/jacksonsweet/Desktop/OPS\ APP/OPS/OPS/DataModels/User.swift /Users/jacksonsweet/Desktop/OPS\ APP/OPS/OPS/DataModels/UserRole.swift /Users/jacksonsweet/Desktop/OPS\ APP/OPS/OPS/Extensions/UIImage+Extensions.swift /Users/jacksonsweet/Desktop/OPS\ APP/OPS/OPS/Network/API/APIError.swift /Users/jacksonsweet/Desktop/OPS\ APP/OPS/OPS/Network/API/APIService.swift /Users/jacksonsweet/Desktop/OPS\ APP/OPS/OPS/Network/API/BubbleFields.swift /Users/jacksonsweet/Desktop/OPS\ APP/OPS/OPS/Network/Auth/AuthError.swift /Users/jacksonsweet/Desktop/OPS\ APP/OPS/OPS/Network/Auth/AuthManager.swift /Users/jacksonsweet/Desktop/OPS\ APP/OPS/OPS/Network/Auth/KeychainManager.swift /Users/jacksonsweet/Desktop/OPS\ APP/OPS/OPS/Network/DTOs/CompanyDTO.swift /Users/jacksonsweet/Desktop/OPS\ APP/OPS/OPS/Network/DTOs/ProjectDTO.swift /Users/jacksonsweet/Desktop/OPS\ APP/OPS/OPS/Network/DTOs/UserDTO.swift /Users/jacksonsweet/Desktop/OPS\ APP/OPS/OPS/Network/Endpoints/CompanyEndpoints.swift /Users/jacksonsweet/Desktop/OPS\ APP/OPS/OPS/Network/Endpoints/ProjectEndpoints.swift /Users/jacksonsweet/Desktop/OPS\ APP/OPS/OPS/Network/Endpoints/UserEndpoints.swift /Users/jacksonsweet/Desktop/OPS\ APP/OPS/OPS/Network/Sync/BackgroundTaskManager.swift /Users/jacksonsweet/Desktop/OPS\ APP/OPS/OPS/Network/Sync/SyncManager.swift /Users/jacksonsweet/Desktop/OPS\ APP/OPS/OPS/Network/ConnectivityMonitor.swift /Users/jacksonsweet/Desktop/OPS\ APP/OPS/OPS/Network/ImageSyncManager.swift /Users/jacksonsweet/Desktop/OPS\ APP/OPS/OPS/Onboarding/Coordinators/OnboardingCoordinator.swift /Users/jacksonsweet/Desktop/OPS\ APP/OPS/OPS/Onboarding/Models/OnboardingModels.swift -primary-file /Users/jacksonsweet/Desktop/OPS\ APP/OPS/OPS/Onboarding/Services/OnboardingService.swift -primary-file /Users/jacksonsweet/Desktop/OPS\ APP/OPS/OPS/Onboarding/ViewModels/OnboardingViewModel.swift -primary-file /Users/jacksonsweet/Desktop/OPS\ APP/OPS/OPS/Onboarding/Views/Components/OnboardingComponents.swift -primary-file /Users/jacksonsweet/Desktop/OPS\ APP/OPS/OPS/Onboarding/Views/Screens/AccountCreatedView.swift -primary-file /Users/jacksonsweet/Desktop/OPS\ APP/OPS/OPS/Onboarding/Views/Screens/CompanyCodeView.swift -primary-file /Users/jacksonsweet/Desktop/OPS\ APP/OPS/OPS/Onboarding/Views/Screens/CompanyCodeViewPreview.swift -primary-file /Users/jacksonsweet/Desktop/OPS\ APP/OPS/OPS/Onboarding/Views/Screens/CompletionView.swift -primary-file /Users/jacksonsweet/Desktop/OPS\ APP/OPS/OPS/Onboarding/Views/Screens/CompletionViewPreview.swift -primary-file /Users/jacksonsweet/Desktop/OPS\ APP/OPS/OPS/Onboarding/Views/Screens/EmailView.swift -primary-file /Users/jacksonsweet/Desktop/OPS\ APP/OPS/OPS/Onboarding/Views/Screens/FieldSetupView.swift -primary-file /Users/jacksonsweet/Desktop/OPS\ APP/OPS/OPS/Onboarding/Views/Screens/NotificationsView.swift -primary-file /Users/jacksonsweet/Desktop/OPS\ APP/OPS/OPS/Onboarding/Views/Screens/NotificationsViewPreview.swift -primary-file /Users/jacksonsweet/Desktop/OPS\ APP/OPS/OPS/Onboarding/Views/Screens/OrganizationJoinView.swift /Users/jacksonsweet/Desktop/OPS\ APP/OPS/OPS/Onboarding/Views/Screens/PasswordView.swift /Users/jacksonsweet/Desktop/OPS\ APP/OPS/OPS/Onboarding/Views/Screens/PasswordViewPreview.swift /Users/jacksonsweet/Desktop/OPS\ APP/OPS/OPS/Onboarding/Views/Screens/PermissionsView.swift /Users/jacksonsweet/Desktop/OPS\ APP/OPS/OPS/Onboarding/Views/Screens/PermissionsViewPreview.swift /Users/jacksonsweet/Desktop/OPS\ APP/OPS/OPS/Onboarding/Views/Screens/PhoneNumberView.swift /Users/jacksonsweet/Desktop/OPS\ APP/OPS/OPS/Onboarding/Views/Screens/PhoneNumberViewPreview.swift /Users/jacksonsweet/Desktop/OPS\ APP/OPS/OPS/Onboarding/Views/Screens/UserInfoView.swift /Users/jacksonsweet/Desktop/OPS\ APP/OPS/OPS/Onboarding/Views/Screens/UserInfoViewPreview.swift /Users/jacksonsweet/Desktop/OPS\ APP/OPS/OPS/Onboarding/Views/Screens/VerifyPhoneView.swift /Users/jacksonsweet/Desktop/OPS\ APP/OPS/OPS/Onboarding/Views/Screens/WelcomeCompanyView.swift /Users/jacksonsweet/Desktop/OPS\ APP/OPS/OPS/Onboarding/Views/Screens/WelcomeCompanyViewPreview.swift /Users/jacksonsweet/Desktop/OPS\ APP/OPS/OPS/Onboarding/Views/Screens/WelcomeView.swift /Users/jacksonsweet/Desktop/OPS\ APP/OPS/OPS/Onboarding/Views/Screens/WelcomeViewPreview.swift /Users/jacksonsweet/Desktop/OPS\ APP/OPS/OPS/Onboarding/Views/OnboardingContainerView.swift /Users/jacksonsweet/Desktop/OPS\ APP/OPS/OPS/Onboarding/Views/OnboardingFlowPreview.swift /Users/jacksonsweet/Desktop/OPS\ APP/OPS/OPS/Onboarding/Views/OnboardingPresenter.swift /Users/jacksonsweet/Desktop/OPS\ APP/OPS/OPS/Onboarding/Views/OnboardingPreviewHelpers.swift /Users/jacksonsweet/Desktop/OPS\ APP/OPS/OPS/Styles/OPSStyle.swift /Users/jacksonsweet/Desktop/OPS\ APP/OPS/OPS/Utilities/AppConfiguration.swift /Users/jacksonsweet/Desktop/OPS\ APP/OPS/OPS/Utilities/ArrayTransformer.swift /Users/jacksonsweet/Desktop/OPS\ APP/OPS/OPS/Utilities/DataController.swift /Users/jacksonsweet/Desktop/OPS\ APP/OPS/OPS/Utilities/Dateformatter\ +Bubble.swift /Users/jacksonsweet/Desktop/OPS\ APP/OPS/OPS/Utilities/DateHelper.swift /Users/jacksonsweet/Desktop/OPS\ APP/OPS/OPS/Utilities/FieldErrorHandler.swift /Users/jacksonsweet/Desktop/OPS\ APP/OPS/OPS/Utilities/ImageCache.swift /Users/jacksonsweet/Desktop/OPS\ APP/OPS/OPS/Utilities/ImageFileManager.swift /Users/jacksonsweet/Desktop/OPS\ APP/OPS/OPS/Utilities/InProgressManager.swift /Users/jacksonsweet/Desktop/OPS\ APP/OPS/OPS/Utilities/KeyboardDismissalModifier.swift /Users/jacksonsweet/Desktop/OPS\ APP/OPS/OPS/Utilities/LocationManager.swift /Users/jacksonsweet/Desktop/OPS\ APP/OPS/OPS/Utilities/OnboardingEnvironmentKey.swift /Users/jacksonsweet/Desktop/OPS\ APP/OPS/OPS/Utilities/SwiftDataHelper.swift /Users/jacksonsweet/Desktop/OPS\ APP/OPS/OPS/Utilities/UIComponents.swift /Users/jacksonsweet/Desktop/OPS\ APP/OPS/OPS/V2/CertificationsSettingsView.swift /Users/jacksonsweet/Desktop/OPS\ APP/OPS/OPS/ViewModels/CalendarViewModel.swift /Users/jacksonsweet/Desktop/OPS\ APP/OPS/OPS/ViewModels/ProjectsViewModel.swift /Users/jacksonsweet/Desktop/OPS\ APP/OPS/OPS/Views/Calendar\ Tab/Components/CalendarDaySelector.swift /Users/jacksonsweet/Desktop/OPS\ APP/OPS/OPS/Views/Calendar\ Tab/Components/CalendarHeaderView.swift /Users/jacksonsweet/Desktop/OPS\ APP/OPS/OPS/Views/Calendar\ Tab/Components/CalendarProjectCard.swift /Users/jacksonsweet/Desktop/OPS\ APP/OPS/OPS/Views/Calendar\ Tab/Components/CalendarToggleView.swift /Users/jacksonsweet/Desktop/OPS\ APP/OPS/OPS/Views/Calendar\ Tab/Components/DatePickerPopover.swift /Users/jacksonsweet/Desktop/OPS\ APP/OPS/OPS/Views/Calendar\ Tab/Components/DayCell.swift /Users/jacksonsweet/Desktop/OPS\ APP/OPS/OPS/Views/Calendar\ Tab/ProjectViews/DayProjectSheet.swift /Users/jacksonsweet/Desktop/OPS\ APP/OPS/OPS/Views/Calendar\ Tab/ProjectViews/ProjectListView.swift /Users/jacksonsweet/Desktop/OPS\ APP/OPS/OPS/Views/Calendar\ Tab/MonthGridView.swift /Users/jacksonsweet/Desktop/OPS\ APP/OPS/OPS/Views/Components/Common/AppHeader.swift /Users/jacksonsweet/Desktop/OPS\ APP/OPS/OPS/Views/Components/Common/ExpandableNotesView.swift /Users/jacksonsweet/Desktop/OPS\ APP/OPS/OPS/Views/Components/Common/LocationPermissionView.swift /Users/jacksonsweet/Desktop/OPS\ APP/OPS/OPS/Views/Components/Common/NavigationBanner.swift /Users/jacksonsweet/Desktop/OPS\ APP/OPS/OPS/Views/Components/Common/NavigationControlsView.swift /Users/jacksonsweet/Desktop/OPS\ APP/OPS/OPS/Views/Components/Common/TabBarBackground.swift /Users/jacksonsweet/Desktop/OPS\ APP/OPS/OPS/Views/Components/Images/ImagePicker.swift /Users/jacksonsweet/Desktop/OPS\ APP/OPS/OPS/Views/Components/Images/ImagePickerView.swift /Users/jacksonsweet/Desktop/OPS\ APP/OPS/OPS/Views/Components/Images/ProjectImagesSection.swift /Users/jacksonsweet/Desktop/OPS\ APP/OPS/OPS/Views/Components/Images/ProjectImagesSimple.swift /Users/jacksonsweet/Desktop/OPS\ APP/OPS/OPS/Views/Components/Images/ProjectImageView.swift /Users/jacksonsweet/Desktop/OPS\ APP/OPS/OPS/Views/Components/Images/ProjectPhotosGrid.swift /Users/jacksonsweet/Desktop/OPS\ APP/OPS/OPS/Views/Components/Map/MiniMapView.swift /Users/jacksonsweet/Desktop/OPS\ APP/OPS/OPS/Views/Components/Map/ProjectMapAnnotation.swift /Users/jacksonsweet/Desktop/OPS\ APP/OPS/OPS/Views/Components/Map/ProjectMapView.swift /Users/jacksonsweet/Desktop/OPS\ APP/OPS/OPS/Views/Components/Map/ProjectMarkerPopup.swift /Users/jacksonsweet/Desktop/OPS\ APP/OPS/OPS/Views/Components/Map/RouteDirectionsView.swift /Users/jacksonsweet/Desktop/OPS\ APP/OPS/OPS/Views/Components/Project/ProjectActionBar.swift /Users/jacksonsweet/Desktop/OPS\ APP/OPS/OPS/Views/Components/Project/ProjectCard.swift /Users/jacksonsweet/Desktop/OPS\ APP/OPS/OPS/Views/Components/Project/ProjectCarousel.swift /Users/jacksonsweet/Desktop/OPS\ APP/OPS/OPS/Views/Components/Project/ProjectDetailsView.swift /Users/jacksonsweet/Desktop/OPS\ APP/OPS/OPS/Views/Components/Project/ProjectHeader.swift /Users/jacksonsweet/Desktop/OPS\ APP/OPS/OPS/Views/Components/Project/ProjectSheetContainer.swift /Users/jacksonsweet/Desktop/OPS\ APP/OPS/OPS/Views/Components/User/TeamMemberListView.swift /Users/jacksonsweet/Desktop/OPS\ APP/OPS/OPS/Views/Components/User/UserProfileCard.swift /Users/jacksonsweet/Desktop/OPS\ APP/OPS/OPS/Views/Home/HomeContentView.swift /Users/jacksonsweet/Desktop/OPS\ APP/OPS/OPS/Views/Home/HomeView.swift /Users/jacksonsweet/Desktop/OPS\ APP/OPS/OPS/Views/Settings/OrganizationSettingsView.swift /Users/jacksonsweet/Desktop/OPS\ APP/OPS/OPS/Views/Settings/ProfileSettingsView.swift /Users/jacksonsweet/Desktop/OPS\ APP/OPS/OPS/Views/Settings/ProjectHistorySettingsView.swift /Users/jacksonsweet/Desktop/OPS\ APP/OPS/OPS/Views/LoginView.swift /Users/jacksonsweet/Desktop/OPS\ APP/OPS/OPS/Views/LoginViewPreview.swift /Users/jacksonsweet/Desktop/OPS\ APP/OPS/OPS/Views/MainTabView.swift /Users/jacksonsweet/Desktop/OPS\ APP/OPS/OPS/Views/NetworkStatusIndicator.swift /Users/jacksonsweet/Desktop/OPS\ APP/OPS/OPS/Views/ScheduleView.swift /Users/jacksonsweet/Desktop/OPS\ APP/OPS/OPS/Views/SettingsView.swift /Users/jacksonsweet/Desktop/OPS\ APP/OPS/OPS/Views/SplashScreen.swift /Users/jacksonsweet/Desktop/OPS\ APP/OPS/OPS/AppState.swift /Users/jacksonsweet/Desktop/OPS\ APP/OPS/OPS/ContentView.swift /Users/jacksonsweet/Desktop/OPS\ APP/OPS/OPS/Item.swift /Users/jacksonsweet/Desktop/OPS\ APP/OPS/OPS/OPSApp.swift /Users/jacksonsweet/Library/Developer/Xcode/DerivedData/OPS-czavgtmnvamasvcjgszzuulfcsxj/Build/Intermediates.noindex/OPS.build/Debug-iphonesimulator/OPS.build/DerivedSources/GeneratedAssetSymbols.swift -supplementary-output-file-map /Users/jacksonsweet/Library/Developer/Xcode/DerivedData/OPS-czavgtmnvamasvcjgszzuulfcsxj/Build/Intermediates.noindex/OPS.build/Debug-iphonesimulator/OPS.build/Objects-normal/arm64/supplementaryOutputs-3 -emit-localized-strings -emit-localized-strings-path /Users/jacksonsweet/Library/Developer/Xcode/DerivedData/OPS-czavgtmnvamasvcjgszzuulfcsxj/Build/Intermediates.noindex/OPS.build/Debug-iphonesimulator/OPS.build/Objects-normal/arm64 -target arm64-apple-ios18.2-simulator -Xllvm -aarch64-use-tbi -enable-objc-interop -sdk /Applications/Xcode.app/Contents/Developer/Platforms/iPhoneSimulator.platform/Developer/SDKs/iPhoneSimulator18.2.sdk -I /Users/jacksonsweet/Library/Developer/Xcode/DerivedData/OPS-czavgtmnvamasvcjgszzuulfcsxj/Build/Products/Debug-iphonesimulator -F /Users/jacksonsweet/Library/Developer/Xcode/DerivedData/OPS-czavgtmnvamasvcjgszzuulfcsxj/Build/Products/Debug-iphonesimulator -no-color-diagnostics -enable-testing -g -debug-info-format\=dwarf -dwarf-version\=5 -module-cache-path /Users/jacksonsweet/Library/Developer/Xcode/DerivedData/ModuleCache.noindex -profile-generate -profile-coverage-mapping -swift-version 5 -enforce-exclusivity\=checked -Onone -D DEBUG -serialize-debugging-options -const-gather-protocols-file /Users/jacksonsweet/Library/Developer/Xcode/DerivedData/OPS-czavgtmnvamasvcjgszzuulfcsxj/Build/Intermediates.noindex/OPS.build/Debug-iphonesimulator/OPS.build/Objects-normal/arm64/OPS_const_extract_protocols.json -enable-experimental-feature DebugDescriptionMacro -enable-experimental-feature OpaqueTypeErasure -enable-bare-slash-regex -empty-abi-descriptor -validate-clang-modules-once -clang-build-session-file /Users/jacksonsweet/Library/Developer/Xcode/DerivedData/ModuleCache.noindex/Session.modulevalidation -Xcc -working-directory -Xcc /Users/jacksonsweet/Desktop/OPS\ APP/OPS -resource-dir /Applications/Xcode.app/Contents/Developer/Toolchains/XcodeDefault.xctoolchain/usr/lib/swift -enable-anonymous-context-mangled-names -file-compilation-dir /Users/jacksonsweet/Desktop/OPS\ APP/OPS -Xcc -D_LIBCPP_HARDENING_MODE\=_LIBCPP_HARDENING_MODE_DEBUG -Xcc -ivfsstatcache -Xcc /Users/jacksonsweet/Library/Developer/Xcode/DerivedData/SDKStatCaches.noindex/iphonesimulator18.2-22C146-07b28473f605e47e75261259d3ef3b5a.sdkstatcache -Xcc -I/Users/jacksonsweet/Library/Developer/Xcode/DerivedData/OPS-czavgtmnvamasvcjgszzuulfcsxj/Build/Intermediates.noindex/OPS.build/Debug-iphonesimulator/OPS.build/swift-overrides.hmap -Xcc -iquote -Xcc /Users/jacksonsweet/Library/Developer/Xcode/DerivedData/OPS-czavgtmnvamasvcjgszzuulfcsxj/Build/Intermediates.noindex/OPS.build/Debug-iphonesimulator/OPS.build/OPS-generated-files.hmap -Xcc -I/Users/jacksonsweet/Library/Developer/Xcode/DerivedData/OPS-czavgtmnvamasvcjgszzuulfcsxj/Build/Intermediates.noindex/OPS.build/Debug-iphonesimulator/OPS.build/OPS-own-target-headers.hmap -Xcc -I/Users/jacksonsweet/Library/Developer/Xcode/DerivedData/OPS-czavgtmnvamasvcjgszzuulfcsxj/Build/Intermediates.noindex/OPS.build/Debug-iphonesimulator/OPS.build/OPS-all-target-headers.hmap -Xcc -iquote -Xcc /Users/jacksonsweet/Library/Developer/Xcode/DerivedData/OPS-czavgtmnvamasvcjgszzuulfcsxj/Build/Intermediates.noindex/OPS.build/Debug-iphonesimulator/OPS.build/OPS-project-headers.hmap -Xcc -I/Users/jacksonsweet/Library/Developer/Xcode/DerivedData/OPS-czavgtmnvamasvcjgszzuulfcsxj/Build/Products/Debug-iphonesimulator/include -Xcc -I/Users/jacksonsweet/Library/Developer/Xcode/DerivedData/OPS-czavgtmnvamasvcjgszzuulfcsxj/Build/Intermediates.noindex/OPS.build/Debug-iphonesimulator/OPS.build/DerivedSources-normal/arm64 -Xcc -I/Users/jacksonsweet/Library/Developer/Xcode/DerivedData/OPS-czavgtmnvamasvcjgszzuulfcsxj/Build/Intermediates.noindex/OPS.build/Debug-iphonesimulator/OPS.build/DerivedSources/arm64 -Xcc -I/Users/jacksonsweet/Library/Developer/Xcode/DerivedData/OPS-czavgtmnvamasvcjgszzuulfcsxj/Build/Intermediates.noindex/OPS.build/Debug-iphonesimulator/OPS.build/DerivedSources -Xcc -DDEBUG\=1 -module-name OPS -frontend-parseable-output -disable-clang-spi -target-sdk-version 18.2 -target-sdk-name iphonesimulator18.2 -external-plugin-path /Applications/Xcode.app/Contents/Developer/Platforms/iPhoneOS.platform/Developer/usr/lib/swift/host/plugins\#/Applications/Xcode.app/Contents/Developer/Platforms/iPhoneOS.platform/Developer/usr/bin/swift-plugin-server -external-plugin-path /Applications/Xcode.app/Contents/Developer/Platforms/iPhoneOS.platform/Developer/usr/local/lib/swift/host/plugins\#/Applications/Xcode.app/Contents/Developer/Platforms/iPhoneOS.platform/Developer/usr/bin/swift-plugin-server -plugin-path /Applications/Xcode.app/Contents/Developer/Toolchains/XcodeDefault.xctoolchain/usr/lib/swift/host/plugins -plugin-path /Applications/Xcode.app/Contents/Developer/Toolchains/XcodeDefault.xctoolchain/usr/local/lib/swift/host/plugins -o /Users/jacksonsweet/Library/Developer/Xcode/DerivedData/OPS-czavgtmnvamasvcjgszzuulfcsxj/Build/Intermediates.noindex/OPS.build/Debug-iphonesimulator/OPS.build/Objects-normal/arm64/OnboardingService.o -o /Users/jacksonsweet/Library/Developer/Xcode/DerivedData/OPS-czavgtmnvamasvcjgszzuulfcsxj/Build/Intermediates.noindex/OPS.build/Debug-iphonesimulator/OPS.build/Objects-normal/arm64/OnboardingViewModel.o -o /Users/jacksonsweet/Library/Developer/Xcode/DerivedData/OPS-czavgtmnvamasvcjgszzuulfcsxj/Build/Intermediates.noindex/OPS.build/Debug-iphonesimulator/OPS.build/Objects-normal/arm64/OnboardingComponents.o -o /Users/jacksonsweet/Library/Developer/Xcode/DerivedData/OPS-czavgtmnvamasvcjgszzuulfcsxj/Build/Intermediates.noindex/OPS.build/Debug-iphonesimulator/OPS.build/Objects-normal/arm64/AccountCreatedView.o -o /Users/jacksonsweet/Library/Developer/Xcode/DerivedData/OPS-czavgtmnvamasvcjgszzuulfcsxj/Build/Intermediates.noindex/OPS.build/Debug-iphonesimulator/OPS.build/Objects-normal/arm64/CompanyCodeView.o -o /Users/jacksonsweet/Library/Developer/Xcode/DerivedData/OPS-czavgtmnvamasvcjgszzuulfcsxj/Build/Intermediates.noindex/OPS.build/Debug-iphonesimulator/OPS.build/Objects-normal/arm64/CompanyCodeViewPreview.o -o /Users/jacksonsweet/Library/Developer/Xcode/DerivedData/OPS-czavgtmnvamasvcjgszzuulfcsxj/Build/Intermediates.noindex/OPS.build/Debug-iphonesimulator/OPS.build/Objects-normal/arm64/CompletionView.o -o /Users/jacksonsweet/Library/Developer/Xcode/DerivedData/OPS-czavgtmnvamasvcjgszzuulfcsxj/Build/Intermediates.noindex/OPS.build/Debug-iphonesimulator/OPS.build/Objects-normal/arm64/CompletionViewPreview.o -o /Users/jacksonsweet/Library/Developer/Xcode/DerivedData/OPS-czavgtmnvamasvcjgszzuulfcsxj/Build/Intermediates.noindex/OPS.build/Debug-iphonesimulator/OPS.build/Objects-normal/arm64/EmailView.o -o /Users/jacksonsweet/Library/Developer/Xcode/DerivedData/OPS-czavgtmnvamasvcjgszzuulfcsxj/Build/Intermediates.noindex/OPS.build/Debug-iphonesimulator/OPS.build/Objects-normal/arm64/FieldSetupView.o -o /Users/jacksonsweet/Library/Developer/Xcode/DerivedData/OPS-czavgtmnvamasvcjgszzuulfcsxj/Build/Intermediates.noindex/OPS.build/Debug-iphonesimulator/OPS.build/Objects-normal/arm64/NotificationsView.o -o /Users/jacksonsweet/Library/Developer/Xcode/DerivedData/OPS-czavgtmnvamasvcjgszzuulfcsxj/Build/Intermediates.noindex/OPS.build/Debug-iphonesimulator/OPS.build/Objects-normal/arm64/NotificationsViewPreview.o -o /Users/jacksonsweet/Library/Developer/Xcode/DerivedData/OPS-czavgtmnvamasvcjgszzuulfcsxj/Build/Intermediates.noindex/OPS.build/Debug-iphonesimulator/OPS.build/Objects-normal/arm64/OrganizationJoinView.o -index-unit-output-path /OPS.build/Debug-iphonesimulator/OPS.build/Objects-normal/arm64/OnboardingService.o -index-unit-output-path /OPS.build/Debug-iphonesimulator/OPS.build/Objects-normal/arm64/OnboardingViewModel.o -index-unit-output-path /OPS.build/Debug-iphonesimulator/OPS.build/Objects-normal/arm64/OnboardingComponents.o -index-unit-output-path /OPS.build/Debug-iphonesimulator/OPS.build/Objects-normal/arm64/AccountCreatedView.o -index-unit-output-path /OPS.build/Debug-iphonesimulator/OPS.build/Objects-normal/arm64/CompanyCodeView.o -index-unit-output-path /OPS.build/Debug-iphonesimulator/OPS.build/Objects-normal/arm64/CompanyCodeViewPreview.o -index-unit-output-path /OPS.build/Debug-iphonesimulator/OPS.build/Objects-normal/arm64/CompletionView.o -index-unit-output-path /OPS.build/Debug-iphonesimulator/OPS.build/Objects-normal/arm64/CompletionViewPreview.o -index-unit-output-path /OPS.build/Debug-iphonesimulator/OPS.build/Objects-normal/arm64/EmailView.o -index-unit-output-path /OPS.build/Debug-iphonesimulator/OPS.build/Objects-normal/arm64/FieldSetupView.o -index-unit-output-path /OPS.build/Debug-iphonesimulator/OPS.build/Objects-normal/arm64/NotificationsView.o -index-unit-output-path /OPS.build/Debug-iphonesimulator/OPS.build/Objects-normal/arm64/NotificationsViewPreview.o -index-unit-output-path /OPS.build/Debug-iphonesimulator/OPS.build/Objects-normal/arm64/OrganizationJoinView.o -index-store-path /Users/jacksonsweet/Library/Developer/Xcode/DerivedData/OPS-czavgtmnvamasvcjgszzuulfcsxj/Index.noindex/DataStore -index-system-modules

SwiftCompile normal arm64 /Users/jacksonsweet/Desktop/OPS\ APP/OPS/OPS/Onboarding/Views/Screens/CompletionView.swift (in target 'OPS' from project 'OPS')
    cd /Users/jacksonsweet/Desktop/OPS\ APP/OPS
    /Applications/Xcode.app/Contents/Developer/Toolchains/XcodeDefault.xctoolchain/usr/bin/swift-frontend -c /Users/jacksonsweet/Desktop/OPS\ APP/OPS/OPS/DataModels/BubbleImage.swift /Users/jacksonsweet/Desktop/OPS\ APP/OPS/OPS/DataModels/BubbleTypes.swift /Users/jacksonsweet/Desktop/OPS\ APP/OPS/OPS/DataModels/Company.swift /Users/jacksonsweet/Desktop/OPS\ APP/OPS/OPS/DataModels/Project.swift /Users/jacksonsweet/Desktop/OPS\ APP/OPS/OPS/DataModels/Status.swift /Users/jacksonsweet/Desktop/OPS\ APP/OPS/OPS/DataModels/User.swift /Users/jacksonsweet/Desktop/OPS\ APP/OPS/OPS/DataModels/UserRole.swift /Users/jacksonsweet/Desktop/OPS\ APP/OPS/OPS/Extensions/UIImage+Extensions.swift /Users/jacksonsweet/Desktop/OPS\ APP/OPS/OPS/Network/API/APIError.swift /Users/jacksonsweet/Desktop/OPS\ APP/OPS/OPS/Network/API/APIService.swift /Users/jacksonsweet/Desktop/OPS\ APP/OPS/OPS/Network/API/BubbleFields.swift /Users/jacksonsweet/Desktop/OPS\ APP/OPS/OPS/Network/Auth/AuthError.swift /Users/jacksonsweet/Desktop/OPS\ APP/OPS/OPS/Network/Auth/AuthManager.swift /Users/jacksonsweet/Desktop/OPS\ APP/OPS/OPS/Network/Auth/KeychainManager.swift /Users/jacksonsweet/Desktop/OPS\ APP/OPS/OPS/Network/DTOs/CompanyDTO.swift /Users/jacksonsweet/Desktop/OPS\ APP/OPS/OPS/Network/DTOs/ProjectDTO.swift /Users/jacksonsweet/Desktop/OPS\ APP/OPS/OPS/Network/DTOs/UserDTO.swift /Users/jacksonsweet/Desktop/OPS\ APP/OPS/OPS/Network/Endpoints/CompanyEndpoints.swift /Users/jacksonsweet/Desktop/OPS\ APP/OPS/OPS/Network/Endpoints/ProjectEndpoints.swift /Users/jacksonsweet/Desktop/OPS\ APP/OPS/OPS/Network/Endpoints/UserEndpoints.swift /Users/jacksonsweet/Desktop/OPS\ APP/OPS/OPS/Network/Sync/BackgroundTaskManager.swift /Users/jacksonsweet/Desktop/OPS\ APP/OPS/OPS/Network/Sync/SyncManager.swift /Users/jacksonsweet/Desktop/OPS\ APP/OPS/OPS/Network/ConnectivityMonitor.swift /Users/jacksonsweet/Desktop/OPS\ APP/OPS/OPS/Network/ImageSyncManager.swift /Users/jacksonsweet/Desktop/OPS\ APP/OPS/OPS/Onboarding/Coordinators/OnboardingCoordinator.swift /Users/jacksonsweet/Desktop/OPS\ APP/OPS/OPS/Onboarding/Models/OnboardingModels.swift -primary-file /Users/jacksonsweet/Desktop/OPS\ APP/OPS/OPS/Onboarding/Services/OnboardingService.swift -primary-file /Users/jacksonsweet/Desktop/OPS\ APP/OPS/OPS/Onboarding/ViewModels/OnboardingViewModel.swift -primary-file /Users/jacksonsweet/Desktop/OPS\ APP/OPS/OPS/Onboarding/Views/Components/OnboardingComponents.swift -primary-file /Users/jacksonsweet/Desktop/OPS\ APP/OPS/OPS/Onboarding/Views/Screens/AccountCreatedView.swift -primary-file /Users/jacksonsweet/Desktop/OPS\ APP/OPS/OPS/Onboarding/Views/Screens/CompanyCodeView.swift -primary-file /Users/jacksonsweet/Desktop/OPS\ APP/OPS/OPS/Onboarding/Views/Screens/CompanyCodeViewPreview.swift -primary-file /Users/jacksonsweet/Desktop/OPS\ APP/OPS/OPS/Onboarding/Views/Screens/CompletionView.swift -primary-file /Users/jacksonsweet/Desktop/OPS\ APP/OPS/OPS/Onboarding/Views/Screens/CompletionViewPreview.swift -primary-file /Users/jacksonsweet/Desktop/OPS\ APP/OPS/OPS/Onboarding/Views/Screens/EmailView.swift -primary-file /Users/jacksonsweet/Desktop/OPS\ APP/OPS/OPS/Onboarding/Views/Screens/FieldSetupView.swift -primary-file /Users/jacksonsweet/Desktop/OPS\ APP/OPS/OPS/Onboarding/Views/Screens/NotificationsView.swift -primary-file /Users/jacksonsweet/Desktop/OPS\ APP/OPS/OPS/Onboarding/Views/Screens/NotificationsViewPreview.swift -primary-file /Users/jacksonsweet/Desktop/OPS\ APP/OPS/OPS/Onboarding/Views/Screens/OrganizationJoinView.swift /Users/jacksonsweet/Desktop/OPS\ APP/OPS/OPS/Onboarding/Views/Screens/PasswordView.swift /Users/jacksonsweet/Desktop/OPS\ APP/OPS/OPS/Onboarding/Views/Screens/PasswordViewPreview.swift /Users/jacksonsweet/Desktop/OPS\ APP/OPS/OPS/Onboarding/Views/Screens/PermissionsView.swift /Users/jacksonsweet/Desktop/OPS\ APP/OPS/OPS/Onboarding/Views/Screens/PermissionsViewPreview.swift /Users/jacksonsweet/Desktop/OPS\ APP/OPS/OPS/Onboarding/Views/Screens/PhoneNumberView.swift /Users/jacksonsweet/Desktop/OPS\ APP/OPS/OPS/Onboarding/Views/Screens/PhoneNumberViewPreview.swift /Users/jacksonsweet/Desktop/OPS\ APP/OPS/OPS/Onboarding/Views/Screens/UserInfoView.swift /Users/jacksonsweet/Desktop/OPS\ APP/OPS/OPS/Onboarding/Views/Screens/UserInfoViewPreview.swift /Users/jacksonsweet/Desktop/OPS\ APP/OPS/OPS/Onboarding/Views/Screens/VerifyPhoneView.swift /Users/jacksonsweet/Desktop/OPS\ APP/OPS/OPS/Onboarding/Views/Screens/WelcomeCompanyView.swift /Users/jacksonsweet/Desktop/OPS\ APP/OPS/OPS/Onboarding/Views/Screens/WelcomeCompanyViewPreview.swift /Users/jacksonsweet/Desktop/OPS\ APP/OPS/OPS/Onboarding/Views/Screens/WelcomeView.swift /Users/jacksonsweet/Desktop/OPS\ APP/OPS/OPS/Onboarding/Views/Screens/WelcomeViewPreview.swift /Users/jacksonsweet/Desktop/OPS\ APP/OPS/OPS/Onboarding/Views/OnboardingContainerView.swift /Users/jacksonsweet/Desktop/OPS\ APP/OPS/OPS/Onboarding/Views/OnboardingFlowPreview.swift /Users/jacksonsweet/Desktop/OPS\ APP/OPS/OPS/Onboarding/Views/OnboardingPresenter.swift /Users/jacksonsweet/Desktop/OPS\ APP/OPS/OPS/Onboarding/Views/OnboardingPreviewHelpers.swift /Users/jacksonsweet/Desktop/OPS\ APP/OPS/OPS/Styles/OPSStyle.swift /Users/jacksonsweet/Desktop/OPS\ APP/OPS/OPS/Utilities/AppConfiguration.swift /Users/jacksonsweet/Desktop/OPS\ APP/OPS/OPS/Utilities/ArrayTransformer.swift /Users/jacksonsweet/Desktop/OPS\ APP/OPS/OPS/Utilities/DataController.swift /Users/jacksonsweet/Desktop/OPS\ APP/OPS/OPS/Utilities/Dateformatter\ +Bubble.swift /Users/jacksonsweet/Desktop/OPS\ APP/OPS/OPS/Utilities/DateHelper.swift /Users/jacksonsweet/Desktop/OPS\ APP/OPS/OPS/Utilities/FieldErrorHandler.swift /Users/jacksonsweet/Desktop/OPS\ APP/OPS/OPS/Utilities/ImageCache.swift /Users/jacksonsweet/Desktop/OPS\ APP/OPS/OPS/Utilities/ImageFileManager.swift /Users/jacksonsweet/Desktop/OPS\ APP/OPS/OPS/Utilities/InProgressManager.swift /Users/jacksonsweet/Desktop/OPS\ APP/OPS/OPS/Utilities/KeyboardDismissalModifier.swift /Users/jacksonsweet/Desktop/OPS\ APP/OPS/OPS/Utilities/LocationManager.swift /Users/jacksonsweet/Desktop/OPS\ APP/OPS/OPS/Utilities/OnboardingEnvironmentKey.swift /Users/jacksonsweet/Desktop/OPS\ APP/OPS/OPS/Utilities/SwiftDataHelper.swift /Users/jacksonsweet/Desktop/OPS\ APP/OPS/OPS/Utilities/UIComponents.swift /Users/jacksonsweet/Desktop/OPS\ APP/OPS/OPS/V2/CertificationsSettingsView.swift /Users/jacksonsweet/Desktop/OPS\ APP/OPS/OPS/ViewModels/CalendarViewModel.swift /Users/jacksonsweet/Desktop/OPS\ APP/OPS/OPS/ViewModels/ProjectsViewModel.swift /Users/jacksonsweet/Desktop/OPS\ APP/OPS/OPS/Views/Calendar\ Tab/Components/CalendarDaySelector.swift /Users/jacksonsweet/Desktop/OPS\ APP/OPS/OPS/Views/Calendar\ Tab/Components/CalendarHeaderView.swift /Users/jacksonsweet/Desktop/OPS\ APP/OPS/OPS/Views/Calendar\ Tab/Components/CalendarProjectCard.swift /Users/jacksonsweet/Desktop/OPS\ APP/OPS/OPS/Views/Calendar\ Tab/Components/CalendarToggleView.swift /Users/jacksonsweet/Desktop/OPS\ APP/OPS/OPS/Views/Calendar\ Tab/Components/DatePickerPopover.swift /Users/jacksonsweet/Desktop/OPS\ APP/OPS/OPS/Views/Calendar\ Tab/Components/DayCell.swift /Users/jacksonsweet/Desktop/OPS\ APP/OPS/OPS/Views/Calendar\ Tab/ProjectViews/DayProjectSheet.swift /Users/jacksonsweet/Desktop/OPS\ APP/OPS/OPS/Views/Calendar\ Tab/ProjectViews/ProjectListView.swift /Users/jacksonsweet/Desktop/OPS\ APP/OPS/OPS/Views/Calendar\ Tab/MonthGridView.swift /Users/jacksonsweet/Desktop/OPS\ APP/OPS/OPS/Views/Components/Common/AppHeader.swift /Users/jacksonsweet/Desktop/OPS\ APP/OPS/OPS/Views/Components/Common/ExpandableNotesView.swift /Users/jacksonsweet/Desktop/OPS\ APP/OPS/OPS/Views/Components/Common/LocationPermissionView.swift /Users/jacksonsweet/Desktop/OPS\ APP/OPS/OPS/Views/Components/Common/NavigationBanner.swift /Users/jacksonsweet/Desktop/OPS\ APP/OPS/OPS/Views/Components/Common/NavigationControlsView.swift /Users/jacksonsweet/Desktop/OPS\ APP/OPS/OPS/Views/Components/Common/TabBarBackground.swift /Users/jacksonsweet/Desktop/OPS\ APP/OPS/OPS/Views/Components/Images/ImagePicker.swift /Users/jacksonsweet/Desktop/OPS\ APP/OPS/OPS/Views/Components/Images/ImagePickerView.swift /Users/jacksonsweet/Desktop/OPS\ APP/OPS/OPS/Views/Components/Images/ProjectImagesSection.swift /Users/jacksonsweet/Desktop/OPS\ APP/OPS/OPS/Views/Components/Images/ProjectImagesSimple.swift /Users/jacksonsweet/Desktop/OPS\ APP/OPS/OPS/Views/Components/Images/ProjectImageView.swift /Users/jacksonsweet/Desktop/OPS\ APP/OPS/OPS/Views/Components/Images/ProjectPhotosGrid.swift /Users/jacksonsweet/Desktop/OPS\ APP/OPS/OPS/Views/Components/Map/MiniMapView.swift /Users/jacksonsweet/Desktop/OPS\ APP/OPS/OPS/Views/Components/Map/ProjectMapAnnotation.swift /Users/jacksonsweet/Desktop/OPS\ APP/OPS/OPS/Views/Components/Map/ProjectMapView.swift /Users/jacksonsweet/Desktop/OPS\ APP/OPS/OPS/Views/Components/Map/ProjectMarkerPopup.swift /Users/jacksonsweet/Desktop/OPS\ APP/OPS/OPS/Views/Components/Map/RouteDirectionsView.swift /Users/jacksonsweet/Desktop/OPS\ APP/OPS/OPS/Views/Components/Project/ProjectActionBar.swift /Users/jacksonsweet/Desktop/OPS\ APP/OPS/OPS/Views/Components/Project/ProjectCard.swift /Users/jacksonsweet/Desktop/OPS\ APP/OPS/OPS/Views/Components/Project/ProjectCarousel.swift /Users/jacksonsweet/Desktop/OPS\ APP/OPS/OPS/Views/Components/Project/ProjectDetailsView.swift /Users/jacksonsweet/Desktop/OPS\ APP/OPS/OPS/Views/Components/Project/ProjectHeader.swift /Users/jacksonsweet/Desktop/OPS\ APP/OPS/OPS/Views/Components/Project/ProjectSheetContainer.swift /Users/jacksonsweet/Desktop/OPS\ APP/OPS/OPS/Views/Components/User/TeamMemberListView.swift /Users/jacksonsweet/Desktop/OPS\ APP/OPS/OPS/Views/Components/User/UserProfileCard.swift /Users/jacksonsweet/Desktop/OPS\ APP/OPS/OPS/Views/Home/HomeContentView.swift /Users/jacksonsweet/Desktop/OPS\ APP/OPS/OPS/Views/Home/HomeView.swift /Users/jacksonsweet/Desktop/OPS\ APP/OPS/OPS/Views/Settings/OrganizationSettingsView.swift /Users/jacksonsweet/Desktop/OPS\ APP/OPS/OPS/Views/Settings/ProfileSettingsView.swift /Users/jacksonsweet/Desktop/OPS\ APP/OPS/OPS/Views/Settings/ProjectHistorySettingsView.swift /Users/jacksonsweet/Desktop/OPS\ APP/OPS/OPS/Views/LoginView.swift /Users/jacksonsweet/Desktop/OPS\ APP/OPS/OPS/Views/LoginViewPreview.swift /Users/jacksonsweet/Desktop/OPS\ APP/OPS/OPS/Views/MainTabView.swift /Users/jacksonsweet/Desktop/OPS\ APP/OPS/OPS/Views/NetworkStatusIndicator.swift /Users/jacksonsweet/Desktop/OPS\ APP/OPS/OPS/Views/ScheduleView.swift /Users/jacksonsweet/Desktop/OPS\ APP/OPS/OPS/Views/SettingsView.swift /Users/jacksonsweet/Desktop/OPS\ APP/OPS/OPS/Views/SplashScreen.swift /Users/jacksonsweet/Desktop/OPS\ APP/OPS/OPS/AppState.swift /Users/jacksonsweet/Desktop/OPS\ APP/OPS/OPS/ContentView.swift /Users/jacksonsweet/Desktop/OPS\ APP/OPS/OPS/Item.swift /Users/jacksonsweet/Desktop/OPS\ APP/OPS/OPS/OPSApp.swift /Users/jacksonsweet/Library/Developer/Xcode/DerivedData/OPS-czavgtmnvamasvcjgszzuulfcsxj/Build/Intermediates.noindex/OPS.build/Debug-iphonesimulator/OPS.build/DerivedSources/GeneratedAssetSymbols.swift -supplementary-output-file-map /Users/jacksonsweet/Library/Developer/Xcode/DerivedData/OPS-czavgtmnvamasvcjgszzuulfcsxj/Build/Intermediates.noindex/OPS.build/Debug-iphonesimulator/OPS.build/Objects-normal/arm64/supplementaryOutputs-3 -emit-localized-strings -emit-localized-strings-path /Users/jacksonsweet/Library/Developer/Xcode/DerivedData/OPS-czavgtmnvamasvcjgszzuulfcsxj/Build/Intermediates.noindex/OPS.build/Debug-iphonesimulator/OPS.build/Objects-normal/arm64 -target arm64-apple-ios18.2-simulator -Xllvm -aarch64-use-tbi -enable-objc-interop -sdk /Applications/Xcode.app/Contents/Developer/Platforms/iPhoneSimulator.platform/Developer/SDKs/iPhoneSimulator18.2.sdk -I /Users/jacksonsweet/Library/Developer/Xcode/DerivedData/OPS-czavgtmnvamasvcjgszzuulfcsxj/Build/Products/Debug-iphonesimulator -F /Users/jacksonsweet/Library/Developer/Xcode/DerivedData/OPS-czavgtmnvamasvcjgszzuulfcsxj/Build/Products/Debug-iphonesimulator -no-color-diagnostics -enable-testing -g -debug-info-format\=dwarf -dwarf-version\=5 -module-cache-path /Users/jacksonsweet/Library/Developer/Xcode/DerivedData/ModuleCache.noindex -profile-generate -profile-coverage-mapping -swift-version 5 -enforce-exclusivity\=checked -Onone -D DEBUG -serialize-debugging-options -const-gather-protocols-file /Users/jacksonsweet/Library/Developer/Xcode/DerivedData/OPS-czavgtmnvamasvcjgszzuulfcsxj/Build/Intermediates.noindex/OPS.build/Debug-iphonesimulator/OPS.build/Objects-normal/arm64/OPS_const_extract_protocols.json -enable-experimental-feature DebugDescriptionMacro -enable-experimental-feature OpaqueTypeErasure -enable-bare-slash-regex -empty-abi-descriptor -validate-clang-modules-once -clang-build-session-file /Users/jacksonsweet/Library/Developer/Xcode/DerivedData/ModuleCache.noindex/Session.modulevalidation -Xcc -working-directory -Xcc /Users/jacksonsweet/Desktop/OPS\ APP/OPS -resource-dir /Applications/Xcode.app/Contents/Developer/Toolchains/XcodeDefault.xctoolchain/usr/lib/swift -enable-anonymous-context-mangled-names -file-compilation-dir /Users/jacksonsweet/Desktop/OPS\ APP/OPS -Xcc -D_LIBCPP_HARDENING_MODE\=_LIBCPP_HARDENING_MODE_DEBUG -Xcc -ivfsstatcache -Xcc /Users/jacksonsweet/Library/Developer/Xcode/DerivedData/SDKStatCaches.noindex/iphonesimulator18.2-22C146-07b28473f605e47e75261259d3ef3b5a.sdkstatcache -Xcc -I/Users/jacksonsweet/Library/Developer/Xcode/DerivedData/OPS-czavgtmnvamasvcjgszzuulfcsxj/Build/Intermediates.noindex/OPS.build/Debug-iphonesimulator/OPS.build/swift-overrides.hmap -Xcc -iquote -Xcc /Users/jacksonsweet/Library/Developer/Xcode/DerivedData/OPS-czavgtmnvamasvcjgszzuulfcsxj/Build/Intermediates.noindex/OPS.build/Debug-iphonesimulator/OPS.build/OPS-generated-files.hmap -Xcc -I/Users/jacksonsweet/Library/Developer/Xcode/DerivedData/OPS-czavgtmnvamasvcjgszzuulfcsxj/Build/Intermediates.noindex/OPS.build/Debug-iphonesimulator/OPS.build/OPS-own-target-headers.hmap -Xcc -I/Users/jacksonsweet/Library/Developer/Xcode/DerivedData/OPS-czavgtmnvamasvcjgszzuulfcsxj/Build/Intermediates.noindex/OPS.build/Debug-iphonesimulator/OPS.build/OPS-all-target-headers.hmap -Xcc -iquote -Xcc /Users/jacksonsweet/Library/Developer/Xcode/DerivedData/OPS-czavgtmnvamasvcjgszzuulfcsxj/Build/Intermediates.noindex/OPS.build/Debug-iphonesimulator/OPS.build/OPS-project-headers.hmap -Xcc -I/Users/jacksonsweet/Library/Developer/Xcode/DerivedData/OPS-czavgtmnvamasvcjgszzuulfcsxj/Build/Products/Debug-iphonesimulator/include -Xcc -I/Users/jacksonsweet/Library/Developer/Xcode/DerivedData/OPS-czavgtmnvamasvcjgszzuulfcsxj/Build/Intermediates.noindex/OPS.build/Debug-iphonesimulator/OPS.build/DerivedSources-normal/arm64 -Xcc -I/Users/jacksonsweet/Library/Developer/Xcode/DerivedData/OPS-czavgtmnvamasvcjgszzuulfcsxj/Build/Intermediates.noindex/OPS.build/Debug-iphonesimulator/OPS.build/DerivedSources/arm64 -Xcc -I/Users/jacksonsweet/Library/Developer/Xcode/DerivedData/OPS-czavgtmnvamasvcjgszzuulfcsxj/Build/Intermediates.noindex/OPS.build/Debug-iphonesimulator/OPS.build/DerivedSources -Xcc -DDEBUG\=1 -module-name OPS -frontend-parseable-output -disable-clang-spi -target-sdk-version 18.2 -target-sdk-name iphonesimulator18.2 -external-plugin-path /Applications/Xcode.app/Contents/Developer/Platforms/iPhoneOS.platform/Developer/usr/lib/swift/host/plugins\#/Applications/Xcode.app/Contents/Developer/Platforms/iPhoneOS.platform/Developer/usr/bin/swift-plugin-server -external-plugin-path /Applications/Xcode.app/Contents/Developer/Platforms/iPhoneOS.platform/Developer/usr/local/lib/swift/host/plugins\#/Applications/Xcode.app/Contents/Developer/Platforms/iPhoneOS.platform/Developer/usr/bin/swift-plugin-server -plugin-path /Applications/Xcode.app/Contents/Developer/Toolchains/XcodeDefault.xctoolchain/usr/lib/swift/host/plugins -plugin-path /Applications/Xcode.app/Contents/Developer/Toolchains/XcodeDefault.xctoolchain/usr/local/lib/swift/host/plugins -o /Users/jacksonsweet/Library/Developer/Xcode/DerivedData/OPS-czavgtmnvamasvcjgszzuulfcsxj/Build/Intermediates.noindex/OPS.build/Debug-iphonesimulator/OPS.build/Objects-normal/arm64/OnboardingService.o -o /Users/jacksonsweet/Library/Developer/Xcode/DerivedData/OPS-czavgtmnvamasvcjgszzuulfcsxj/Build/Intermediates.noindex/OPS.build/Debug-iphonesimulator/OPS.build/Objects-normal/arm64/OnboardingViewModel.o -o /Users/jacksonsweet/Library/Developer/Xcode/DerivedData/OPS-czavgtmnvamasvcjgszzuulfcsxj/Build/Intermediates.noindex/OPS.build/Debug-iphonesimulator/OPS.build/Objects-normal/arm64/OnboardingComponents.o -o /Users/jacksonsweet/Library/Developer/Xcode/DerivedData/OPS-czavgtmnvamasvcjgszzuulfcsxj/Build/Intermediates.noindex/OPS.build/Debug-iphonesimulator/OPS.build/Objects-normal/arm64/AccountCreatedView.o -o /Users/jacksonsweet/Library/Developer/Xcode/DerivedData/OPS-czavgtmnvamasvcjgszzuulfcsxj/Build/Intermediates.noindex/OPS.build/Debug-iphonesimulator/OPS.build/Objects-normal/arm64/CompanyCodeView.o -o /Users/jacksonsweet/Library/Developer/Xcode/DerivedData/OPS-czavgtmnvamasvcjgszzuulfcsxj/Build/Intermediates.noindex/OPS.build/Debug-iphonesimulator/OPS.build/Objects-normal/arm64/CompanyCodeViewPreview.o -o /Users/jacksonsweet/Library/Developer/Xcode/DerivedData/OPS-czavgtmnvamasvcjgszzuulfcsxj/Build/Intermediates.noindex/OPS.build/Debug-iphonesimulator/OPS.build/Objects-normal/arm64/CompletionView.o -o /Users/jacksonsweet/Library/Developer/Xcode/DerivedData/OPS-czavgtmnvamasvcjgszzuulfcsxj/Build/Intermediates.noindex/OPS.build/Debug-iphonesimulator/OPS.build/Objects-normal/arm64/CompletionViewPreview.o -o /Users/jacksonsweet/Library/Developer/Xcode/DerivedData/OPS-czavgtmnvamasvcjgszzuulfcsxj/Build/Intermediates.noindex/OPS.build/Debug-iphonesimulator/OPS.build/Objects-normal/arm64/EmailView.o -o /Users/jacksonsweet/Library/Developer/Xcode/DerivedData/OPS-czavgtmnvamasvcjgszzuulfcsxj/Build/Intermediates.noindex/OPS.build/Debug-iphonesimulator/OPS.build/Objects-normal/arm64/FieldSetupView.o -o /Users/jacksonsweet/Library/Developer/Xcode/DerivedData/OPS-czavgtmnvamasvcjgszzuulfcsxj/Build/Intermediates.noindex/OPS.build/Debug-iphonesimulator/OPS.build/Objects-normal/arm64/NotificationsView.o -o /Users/jacksonsweet/Library/Developer/Xcode/DerivedData/OPS-czavgtmnvamasvcjgszzuulfcsxj/Build/Intermediates.noindex/OPS.build/Debug-iphonesimulator/OPS.build/Objects-normal/arm64/NotificationsViewPreview.o -o /Users/jacksonsweet/Library/Developer/Xcode/DerivedData/OPS-czavgtmnvamasvcjgszzuulfcsxj/Build/Intermediates.noindex/OPS.build/Debug-iphonesimulator/OPS.build/Objects-normal/arm64/OrganizationJoinView.o -index-unit-output-path /OPS.build/Debug-iphonesimulator/OPS.build/Objects-normal/arm64/OnboardingService.o -index-unit-output-path /OPS.build/Debug-iphonesimulator/OPS.build/Objects-normal/arm64/OnboardingViewModel.o -index-unit-output-path /OPS.build/Debug-iphonesimulator/OPS.build/Objects-normal/arm64/OnboardingComponents.o -index-unit-output-path /OPS.build/Debug-iphonesimulator/OPS.build/Objects-normal/arm64/AccountCreatedView.o -index-unit-output-path /OPS.build/Debug-iphonesimulator/OPS.build/Objects-normal/arm64/CompanyCodeView.o -index-unit-output-path /OPS.build/Debug-iphonesimulator/OPS.build/Objects-normal/arm64/CompanyCodeViewPreview.o -index-unit-output-path /OPS.build/Debug-iphonesimulator/OPS.build/Objects-normal/arm64/CompletionView.o -index-unit-output-path /OPS.build/Debug-iphonesimulator/OPS.build/Objects-normal/arm64/CompletionViewPreview.o -index-unit-output-path /OPS.build/Debug-iphonesimulator/OPS.build/Objects-normal/arm64/EmailView.o -index-unit-output-path /OPS.build/Debug-iphonesimulator/OPS.build/Objects-normal/arm64/FieldSetupView.o -index-unit-output-path /OPS.build/Debug-iphonesimulator/OPS.build/Objects-normal/arm64/NotificationsView.o -index-unit-output-path /OPS.build/Debug-iphonesimulator/OPS.build/Objects-normal/arm64/NotificationsViewPreview.o -index-unit-output-path /OPS.build/Debug-iphonesimulator/OPS.build/Objects-normal/arm64/OrganizationJoinView.o -index-store-path /Users/jacksonsweet/Library/Developer/Xcode/DerivedData/OPS-czavgtmnvamasvcjgszzuulfcsxj/Index.noindex/DataStore -index-system-modules

SwiftCompile normal arm64 /Users/jacksonsweet/Desktop/OPS\ APP/OPS/OPS/Onboarding/Views/Screens/CompletionViewPreview.swift (in target 'OPS' from project 'OPS')
    cd /Users/jacksonsweet/Desktop/OPS\ APP/OPS
    /Applications/Xcode.app/Contents/Developer/Toolchains/XcodeDefault.xctoolchain/usr/bin/swift-frontend -c /Users/jacksonsweet/Desktop/OPS\ APP/OPS/OPS/DataModels/BubbleImage.swift /Users/jacksonsweet/Desktop/OPS\ APP/OPS/OPS/DataModels/BubbleTypes.swift /Users/jacksonsweet/Desktop/OPS\ APP/OPS/OPS/DataModels/Company.swift /Users/jacksonsweet/Desktop/OPS\ APP/OPS/OPS/DataModels/Project.swift /Users/jacksonsweet/Desktop/OPS\ APP/OPS/OPS/DataModels/Status.swift /Users/jacksonsweet/Desktop/OPS\ APP/OPS/OPS/DataModels/User.swift /Users/jacksonsweet/Desktop/OPS\ APP/OPS/OPS/DataModels/UserRole.swift /Users/jacksonsweet/Desktop/OPS\ APP/OPS/OPS/Extensions/UIImage+Extensions.swift /Users/jacksonsweet/Desktop/OPS\ APP/OPS/OPS/Network/API/APIError.swift /Users/jacksonsweet/Desktop/OPS\ APP/OPS/OPS/Network/API/APIService.swift /Users/jacksonsweet/Desktop/OPS\ APP/OPS/OPS/Network/API/BubbleFields.swift /Users/jacksonsweet/Desktop/OPS\ APP/OPS/OPS/Network/Auth/AuthError.swift /Users/jacksonsweet/Desktop/OPS\ APP/OPS/OPS/Network/Auth/AuthManager.swift /Users/jacksonsweet/Desktop/OPS\ APP/OPS/OPS/Network/Auth/KeychainManager.swift /Users/jacksonsweet/Desktop/OPS\ APP/OPS/OPS/Network/DTOs/CompanyDTO.swift /Users/jacksonsweet/Desktop/OPS\ APP/OPS/OPS/Network/DTOs/ProjectDTO.swift /Users/jacksonsweet/Desktop/OPS\ APP/OPS/OPS/Network/DTOs/UserDTO.swift /Users/jacksonsweet/Desktop/OPS\ APP/OPS/OPS/Network/Endpoints/CompanyEndpoints.swift /Users/jacksonsweet/Desktop/OPS\ APP/OPS/OPS/Network/Endpoints/ProjectEndpoints.swift /Users/jacksonsweet/Desktop/OPS\ APP/OPS/OPS/Network/Endpoints/UserEndpoints.swift /Users/jacksonsweet/Desktop/OPS\ APP/OPS/OPS/Network/Sync/BackgroundTaskManager.swift /Users/jacksonsweet/Desktop/OPS\ APP/OPS/OPS/Network/Sync/SyncManager.swift /Users/jacksonsweet/Desktop/OPS\ APP/OPS/OPS/Network/ConnectivityMonitor.swift /Users/jacksonsweet/Desktop/OPS\ APP/OPS/OPS/Network/ImageSyncManager.swift /Users/jacksonsweet/Desktop/OPS\ APP/OPS/OPS/Onboarding/Coordinators/OnboardingCoordinator.swift /Users/jacksonsweet/Desktop/OPS\ APP/OPS/OPS/Onboarding/Models/OnboardingModels.swift -primary-file /Users/jacksonsweet/Desktop/OPS\ APP/OPS/OPS/Onboarding/Services/OnboardingService.swift -primary-file /Users/jacksonsweet/Desktop/OPS\ APP/OPS/OPS/Onboarding/ViewModels/OnboardingViewModel.swift -primary-file /Users/jacksonsweet/Desktop/OPS\ APP/OPS/OPS/Onboarding/Views/Components/OnboardingComponents.swift -primary-file /Users/jacksonsweet/Desktop/OPS\ APP/OPS/OPS/Onboarding/Views/Screens/AccountCreatedView.swift -primary-file /Users/jacksonsweet/Desktop/OPS\ APP/OPS/OPS/Onboarding/Views/Screens/CompanyCodeView.swift -primary-file /Users/jacksonsweet/Desktop/OPS\ APP/OPS/OPS/Onboarding/Views/Screens/CompanyCodeViewPreview.swift -primary-file /Users/jacksonsweet/Desktop/OPS\ APP/OPS/OPS/Onboarding/Views/Screens/CompletionView.swift -primary-file /Users/jacksonsweet/Desktop/OPS\ APP/OPS/OPS/Onboarding/Views/Screens/CompletionViewPreview.swift -primary-file /Users/jacksonsweet/Desktop/OPS\ APP/OPS/OPS/Onboarding/Views/Screens/EmailView.swift -primary-file /Users/jacksonsweet/Desktop/OPS\ APP/OPS/OPS/Onboarding/Views/Screens/FieldSetupView.swift -primary-file /Users/jacksonsweet/Desktop/OPS\ APP/OPS/OPS/Onboarding/Views/Screens/NotificationsView.swift -primary-file /Users/jacksonsweet/Desktop/OPS\ APP/OPS/OPS/Onboarding/Views/Screens/NotificationsViewPreview.swift -primary-file /Users/jacksonsweet/Desktop/OPS\ APP/OPS/OPS/Onboarding/Views/Screens/OrganizationJoinView.swift /Users/jacksonsweet/Desktop/OPS\ APP/OPS/OPS/Onboarding/Views/Screens/PasswordView.swift /Users/jacksonsweet/Desktop/OPS\ APP/OPS/OPS/Onboarding/Views/Screens/PasswordViewPreview.swift /Users/jacksonsweet/Desktop/OPS\ APP/OPS/OPS/Onboarding/Views/Screens/PermissionsView.swift /Users/jacksonsweet/Desktop/OPS\ APP/OPS/OPS/Onboarding/Views/Screens/PermissionsViewPreview.swift /Users/jacksonsweet/Desktop/OPS\ APP/OPS/OPS/Onboarding/Views/Screens/PhoneNumberView.swift /Users/jacksonsweet/Desktop/OPS\ APP/OPS/OPS/Onboarding/Views/Screens/PhoneNumberViewPreview.swift /Users/jacksonsweet/Desktop/OPS\ APP/OPS/OPS/Onboarding/Views/Screens/UserInfoView.swift /Users/jacksonsweet/Desktop/OPS\ APP/OPS/OPS/Onboarding/Views/Screens/UserInfoViewPreview.swift /Users/jacksonsweet/Desktop/OPS\ APP/OPS/OPS/Onboarding/Views/Screens/VerifyPhoneView.swift /Users/jacksonsweet/Desktop/OPS\ APP/OPS/OPS/Onboarding/Views/Screens/WelcomeCompanyView.swift /Users/jacksonsweet/Desktop/OPS\ APP/OPS/OPS/Onboarding/Views/Screens/WelcomeCompanyViewPreview.swift /Users/jacksonsweet/Desktop/OPS\ APP/OPS/OPS/Onboarding/Views/Screens/WelcomeView.swift /Users/jacksonsweet/Desktop/OPS\ APP/OPS/OPS/Onboarding/Views/Screens/WelcomeViewPreview.swift /Users/jacksonsweet/Desktop/OPS\ APP/OPS/OPS/Onboarding/Views/OnboardingContainerView.swift /Users/jacksonsweet/Desktop/OPS\ APP/OPS/OPS/Onboarding/Views/OnboardingFlowPreview.swift /Users/jacksonsweet/Desktop/OPS\ APP/OPS/OPS/Onboarding/Views/OnboardingPresenter.swift /Users/jacksonsweet/Desktop/OPS\ APP/OPS/OPS/Onboarding/Views/OnboardingPreviewHelpers.swift /Users/jacksonsweet/Desktop/OPS\ APP/OPS/OPS/Styles/OPSStyle.swift /Users/jacksonsweet/Desktop/OPS\ APP/OPS/OPS/Utilities/AppConfiguration.swift /Users/jacksonsweet/Desktop/OPS\ APP/OPS/OPS/Utilities/ArrayTransformer.swift /Users/jacksonsweet/Desktop/OPS\ APP/OPS/OPS/Utilities/DataController.swift /Users/jacksonsweet/Desktop/OPS\ APP/OPS/OPS/Utilities/Dateformatter\ +Bubble.swift /Users/jacksonsweet/Desktop/OPS\ APP/OPS/OPS/Utilities/DateHelper.swift /Users/jacksonsweet/Desktop/OPS\ APP/OPS/OPS/Utilities/FieldErrorHandler.swift /Users/jacksonsweet/Desktop/OPS\ APP/OPS/OPS/Utilities/ImageCache.swift /Users/jacksonsweet/Desktop/OPS\ APP/OPS/OPS/Utilities/ImageFileManager.swift /Users/jacksonsweet/Desktop/OPS\ APP/OPS/OPS/Utilities/InProgressManager.swift /Users/jacksonsweet/Desktop/OPS\ APP/OPS/OPS/Utilities/KeyboardDismissalModifier.swift /Users/jacksonsweet/Desktop/OPS\ APP/OPS/OPS/Utilities/LocationManager.swift /Users/jacksonsweet/Desktop/OPS\ APP/OPS/OPS/Utilities/OnboardingEnvironmentKey.swift /Users/jacksonsweet/Desktop/OPS\ APP/OPS/OPS/Utilities/SwiftDataHelper.swift /Users/jacksonsweet/Desktop/OPS\ APP/OPS/OPS/Utilities/UIComponents.swift /Users/jacksonsweet/Desktop/OPS\ APP/OPS/OPS/V2/CertificationsSettingsView.swift /Users/jacksonsweet/Desktop/OPS\ APP/OPS/OPS/ViewModels/CalendarViewModel.swift /Users/jacksonsweet/Desktop/OPS\ APP/OPS/OPS/ViewModels/ProjectsViewModel.swift /Users/jacksonsweet/Desktop/OPS\ APP/OPS/OPS/Views/Calendar\ Tab/Components/CalendarDaySelector.swift /Users/jacksonsweet/Desktop/OPS\ APP/OPS/OPS/Views/Calendar\ Tab/Components/CalendarHeaderView.swift /Users/jacksonsweet/Desktop/OPS\ APP/OPS/OPS/Views/Calendar\ Tab/Components/CalendarProjectCard.swift /Users/jacksonsweet/Desktop/OPS\ APP/OPS/OPS/Views/Calendar\ Tab/Components/CalendarToggleView.swift /Users/jacksonsweet/Desktop/OPS\ APP/OPS/OPS/Views/Calendar\ Tab/Components/DatePickerPopover.swift /Users/jacksonsweet/Desktop/OPS\ APP/OPS/OPS/Views/Calendar\ Tab/Components/DayCell.swift /Users/jacksonsweet/Desktop/OPS\ APP/OPS/OPS/Views/Calendar\ Tab/ProjectViews/DayProjectSheet.swift /Users/jacksonsweet/Desktop/OPS\ APP/OPS/OPS/Views/Calendar\ Tab/ProjectViews/ProjectListView.swift /Users/jacksonsweet/Desktop/OPS\ APP/OPS/OPS/Views/Calendar\ Tab/MonthGridView.swift /Users/jacksonsweet/Desktop/OPS\ APP/OPS/OPS/Views/Components/Common/AppHeader.swift /Users/jacksonsweet/Desktop/OPS\ APP/OPS/OPS/Views/Components/Common/ExpandableNotesView.swift /Users/jacksonsweet/Desktop/OPS\ APP/OPS/OPS/Views/Components/Common/LocationPermissionView.swift /Users/jacksonsweet/Desktop/OPS\ APP/OPS/OPS/Views/Components/Common/NavigationBanner.swift /Users/jacksonsweet/Desktop/OPS\ APP/OPS/OPS/Views/Components/Common/NavigationControlsView.swift /Users/jacksonsweet/Desktop/OPS\ APP/OPS/OPS/Views/Components/Common/TabBarBackground.swift /Users/jacksonsweet/Desktop/OPS\ APP/OPS/OPS/Views/Components/Images/ImagePicker.swift /Users/jacksonsweet/Desktop/OPS\ APP/OPS/OPS/Views/Components/Images/ImagePickerView.swift /Users/jacksonsweet/Desktop/OPS\ APP/OPS/OPS/Views/Components/Images/ProjectImagesSection.swift /Users/jacksonsweet/Desktop/OPS\ APP/OPS/OPS/Views/Components/Images/ProjectImagesSimple.swift /Users/jacksonsweet/Desktop/OPS\ APP/OPS/OPS/Views/Components/Images/ProjectImageView.swift /Users/jacksonsweet/Desktop/OPS\ APP/OPS/OPS/Views/Components/Images/ProjectPhotosGrid.swift /Users/jacksonsweet/Desktop/OPS\ APP/OPS/OPS/Views/Components/Map/MiniMapView.swift /Users/jacksonsweet/Desktop/OPS\ APP/OPS/OPS/Views/Components/Map/ProjectMapAnnotation.swift /Users/jacksonsweet/Desktop/OPS\ APP/OPS/OPS/Views/Components/Map/ProjectMapView.swift /Users/jacksonsweet/Desktop/OPS\ APP/OPS/OPS/Views/Components/Map/ProjectMarkerPopup.swift /Users/jacksonsweet/Desktop/OPS\ APP/OPS/OPS/Views/Components/Map/RouteDirectionsView.swift /Users/jacksonsweet/Desktop/OPS\ APP/OPS/OPS/Views/Components/Project/ProjectActionBar.swift /Users/jacksonsweet/Desktop/OPS\ APP/OPS/OPS/Views/Components/Project/ProjectCard.swift /Users/jacksonsweet/Desktop/OPS\ APP/OPS/OPS/Views/Components/Project/ProjectCarousel.swift /Users/jacksonsweet/Desktop/OPS\ APP/OPS/OPS/Views/Components/Project/ProjectDetailsView.swift /Users/jacksonsweet/Desktop/OPS\ APP/OPS/OPS/Views/Components/Project/ProjectHeader.swift /Users/jacksonsweet/Desktop/OPS\ APP/OPS/OPS/Views/Components/Project/ProjectSheetContainer.swift /Users/jacksonsweet/Desktop/OPS\ APP/OPS/OPS/Views/Components/User/TeamMemberListView.swift /Users/jacksonsweet/Desktop/OPS\ APP/OPS/OPS/Views/Components/User/UserProfileCard.swift /Users/jacksonsweet/Desktop/OPS\ APP/OPS/OPS/Views/Home/HomeContentView.swift /Users/jacksonsweet/Desktop/OPS\ APP/OPS/OPS/Views/Home/HomeView.swift /Users/jacksonsweet/Desktop/OPS\ APP/OPS/OPS/Views/Settings/OrganizationSettingsView.swift /Users/jacksonsweet/Desktop/OPS\ APP/OPS/OPS/Views/Settings/ProfileSettingsView.swift /Users/jacksonsweet/Desktop/OPS\ APP/OPS/OPS/Views/Settings/ProjectHistorySettingsView.swift /Users/jacksonsweet/Desktop/OPS\ APP/OPS/OPS/Views/LoginView.swift /Users/jacksonsweet/Desktop/OPS\ APP/OPS/OPS/Views/LoginViewPreview.swift /Users/jacksonsweet/Desktop/OPS\ APP/OPS/OPS/Views/MainTabView.swift /Users/jacksonsweet/Desktop/OPS\ APP/OPS/OPS/Views/NetworkStatusIndicator.swift /Users/jacksonsweet/Desktop/OPS\ APP/OPS/OPS/Views/ScheduleView.swift /Users/jacksonsweet/Desktop/OPS\ APP/OPS/OPS/Views/SettingsView.swift /Users/jacksonsweet/Desktop/OPS\ APP/OPS/OPS/Views/SplashScreen.swift /Users/jacksonsweet/Desktop/OPS\ APP/OPS/OPS/AppState.swift /Users/jacksonsweet/Desktop/OPS\ APP/OPS/OPS/ContentView.swift /Users/jacksonsweet/Desktop/OPS\ APP/OPS/OPS/Item.swift /Users/jacksonsweet/Desktop/OPS\ APP/OPS/OPS/OPSApp.swift /Users/jacksonsweet/Library/Developer/Xcode/DerivedData/OPS-czavgtmnvamasvcjgszzuulfcsxj/Build/Intermediates.noindex/OPS.build/Debug-iphonesimulator/OPS.build/DerivedSources/GeneratedAssetSymbols.swift -supplementary-output-file-map /Users/jacksonsweet/Library/Developer/Xcode/DerivedData/OPS-czavgtmnvamasvcjgszzuulfcsxj/Build/Intermediates.noindex/OPS.build/Debug-iphonesimulator/OPS.build/Objects-normal/arm64/supplementaryOutputs-3 -emit-localized-strings -emit-localized-strings-path /Users/jacksonsweet/Library/Developer/Xcode/DerivedData/OPS-czavgtmnvamasvcjgszzuulfcsxj/Build/Intermediates.noindex/OPS.build/Debug-iphonesimulator/OPS.build/Objects-normal/arm64 -target arm64-apple-ios18.2-simulator -Xllvm -aarch64-use-tbi -enable-objc-interop -sdk /Applications/Xcode.app/Contents/Developer/Platforms/iPhoneSimulator.platform/Developer/SDKs/iPhoneSimulator18.2.sdk -I /Users/jacksonsweet/Library/Developer/Xcode/DerivedData/OPS-czavgtmnvamasvcjgszzuulfcsxj/Build/Products/Debug-iphonesimulator -F /Users/jacksonsweet/Library/Developer/Xcode/DerivedData/OPS-czavgtmnvamasvcjgszzuulfcsxj/Build/Products/Debug-iphonesimulator -no-color-diagnostics -enable-testing -g -debug-info-format\=dwarf -dwarf-version\=5 -module-cache-path /Users/jacksonsweet/Library/Developer/Xcode/DerivedData/ModuleCache.noindex -profile-generate -profile-coverage-mapping -swift-version 5 -enforce-exclusivity\=checked -Onone -D DEBUG -serialize-debugging-options -const-gather-protocols-file /Users/jacksonsweet/Library/Developer/Xcode/DerivedData/OPS-czavgtmnvamasvcjgszzuulfcsxj/Build/Intermediates.noindex/OPS.build/Debug-iphonesimulator/OPS.build/Objects-normal/arm64/OPS_const_extract_protocols.json -enable-experimental-feature DebugDescriptionMacro -enable-experimental-feature OpaqueTypeErasure -enable-bare-slash-regex -empty-abi-descriptor -validate-clang-modules-once -clang-build-session-file /Users/jacksonsweet/Library/Developer/Xcode/DerivedData/ModuleCache.noindex/Session.modulevalidation -Xcc -working-directory -Xcc /Users/jacksonsweet/Desktop/OPS\ APP/OPS -resource-dir /Applications/Xcode.app/Contents/Developer/Toolchains/XcodeDefault.xctoolchain/usr/lib/swift -enable-anonymous-context-mangled-names -file-compilation-dir /Users/jacksonsweet/Desktop/OPS\ APP/OPS -Xcc -D_LIBCPP_HARDENING_MODE\=_LIBCPP_HARDENING_MODE_DEBUG -Xcc -ivfsstatcache -Xcc /Users/jacksonsweet/Library/Developer/Xcode/DerivedData/SDKStatCaches.noindex/iphonesimulator18.2-22C146-07b28473f605e47e75261259d3ef3b5a.sdkstatcache -Xcc -I/Users/jacksonsweet/Library/Developer/Xcode/DerivedData/OPS-czavgtmnvamasvcjgszzuulfcsxj/Build/Intermediates.noindex/OPS.build/Debug-iphonesimulator/OPS.build/swift-overrides.hmap -Xcc -iquote -Xcc /Users/jacksonsweet/Library/Developer/Xcode/DerivedData/OPS-czavgtmnvamasvcjgszzuulfcsxj/Build/Intermediates.noindex/OPS.build/Debug-iphonesimulator/OPS.build/OPS-generated-files.hmap -Xcc -I/Users/jacksonsweet/Library/Developer/Xcode/DerivedData/OPS-czavgtmnvamasvcjgszzuulfcsxj/Build/Intermediates.noindex/OPS.build/Debug-iphonesimulator/OPS.build/OPS-own-target-headers.hmap -Xcc -I/Users/jacksonsweet/Library/Developer/Xcode/DerivedData/OPS-czavgtmnvamasvcjgszzuulfcsxj/Build/Intermediates.noindex/OPS.build/Debug-iphonesimulator/OPS.build/OPS-all-target-headers.hmap -Xcc -iquote -Xcc /Users/jacksonsweet/Library/Developer/Xcode/DerivedData/OPS-czavgtmnvamasvcjgszzuulfcsxj/Build/Intermediates.noindex/OPS.build/Debug-iphonesimulator/OPS.build/OPS-project-headers.hmap -Xcc -I/Users/jacksonsweet/Library/Developer/Xcode/DerivedData/OPS-czavgtmnvamasvcjgszzuulfcsxj/Build/Products/Debug-iphonesimulator/include -Xcc -I/Users/jacksonsweet/Library/Developer/Xcode/DerivedData/OPS-czavgtmnvamasvcjgszzuulfcsxj/Build/Intermediates.noindex/OPS.build/Debug-iphonesimulator/OPS.build/DerivedSources-normal/arm64 -Xcc -I/Users/jacksonsweet/Library/Developer/Xcode/DerivedData/OPS-czavgtmnvamasvcjgszzuulfcsxj/Build/Intermediates.noindex/OPS.build/Debug-iphonesimulator/OPS.build/DerivedSources/arm64 -Xcc -I/Users/jacksonsweet/Library/Developer/Xcode/DerivedData/OPS-czavgtmnvamasvcjgszzuulfcsxj/Build/Intermediates.noindex/OPS.build/Debug-iphonesimulator/OPS.build/DerivedSources -Xcc -DDEBUG\=1 -module-name OPS -frontend-parseable-output -disable-clang-spi -target-sdk-version 18.2 -target-sdk-name iphonesimulator18.2 -external-plugin-path /Applications/Xcode.app/Contents/Developer/Platforms/iPhoneOS.platform/Developer/usr/lib/swift/host/plugins\#/Applications/Xcode.app/Contents/Developer/Platforms/iPhoneOS.platform/Developer/usr/bin/swift-plugin-server -external-plugin-path /Applications/Xcode.app/Contents/Developer/Platforms/iPhoneOS.platform/Developer/usr/local/lib/swift/host/plugins\#/Applications/Xcode.app/Contents/Developer/Platforms/iPhoneOS.platform/Developer/usr/bin/swift-plugin-server -plugin-path /Applications/Xcode.app/Contents/Developer/Toolchains/XcodeDefault.xctoolchain/usr/lib/swift/host/plugins -plugin-path /Applications/Xcode.app/Contents/Developer/Toolchains/XcodeDefault.xctoolchain/usr/local/lib/swift/host/plugins -o /Users/jacksonsweet/Library/Developer/Xcode/DerivedData/OPS-czavgtmnvamasvcjgszzuulfcsxj/Build/Intermediates.noindex/OPS.build/Debug-iphonesimulator/OPS.build/Objects-normal/arm64/OnboardingService.o -o /Users/jacksonsweet/Library/Developer/Xcode/DerivedData/OPS-czavgtmnvamasvcjgszzuulfcsxj/Build/Intermediates.noindex/OPS.build/Debug-iphonesimulator/OPS.build/Objects-normal/arm64/OnboardingViewModel.o -o /Users/jacksonsweet/Library/Developer/Xcode/DerivedData/OPS-czavgtmnvamasvcjgszzuulfcsxj/Build/Intermediates.noindex/OPS.build/Debug-iphonesimulator/OPS.build/Objects-normal/arm64/OnboardingComponents.o -o /Users/jacksonsweet/Library/Developer/Xcode/DerivedData/OPS-czavgtmnvamasvcjgszzuulfcsxj/Build/Intermediates.noindex/OPS.build/Debug-iphonesimulator/OPS.build/Objects-normal/arm64/AccountCreatedView.o -o /Users/jacksonsweet/Library/Developer/Xcode/DerivedData/OPS-czavgtmnvamasvcjgszzuulfcsxj/Build/Intermediates.noindex/OPS.build/Debug-iphonesimulator/OPS.build/Objects-normal/arm64/CompanyCodeView.o -o /Users/jacksonsweet/Library/Developer/Xcode/DerivedData/OPS-czavgtmnvamasvcjgszzuulfcsxj/Build/Intermediates.noindex/OPS.build/Debug-iphonesimulator/OPS.build/Objects-normal/arm64/CompanyCodeViewPreview.o -o /Users/jacksonsweet/Library/Developer/Xcode/DerivedData/OPS-czavgtmnvamasvcjgszzuulfcsxj/Build/Intermediates.noindex/OPS.build/Debug-iphonesimulator/OPS.build/Objects-normal/arm64/CompletionView.o -o /Users/jacksonsweet/Library/Developer/Xcode/DerivedData/OPS-czavgtmnvamasvcjgszzuulfcsxj/Build/Intermediates.noindex/OPS.build/Debug-iphonesimulator/OPS.build/Objects-normal/arm64/CompletionViewPreview.o -o /Users/jacksonsweet/Library/Developer/Xcode/DerivedData/OPS-czavgtmnvamasvcjgszzuulfcsxj/Build/Intermediates.noindex/OPS.build/Debug-iphonesimulator/OPS.build/Objects-normal/arm64/EmailView.o -o /Users/jacksonsweet/Library/Developer/Xcode/DerivedData/OPS-czavgtmnvamasvcjgszzuulfcsxj/Build/Intermediates.noindex/OPS.build/Debug-iphonesimulator/OPS.build/Objects-normal/arm64/FieldSetupView.o -o /Users/jacksonsweet/Library/Developer/Xcode/DerivedData/OPS-czavgtmnvamasvcjgszzuulfcsxj/Build/Intermediates.noindex/OPS.build/Debug-iphonesimulator/OPS.build/Objects-normal/arm64/NotificationsView.o -o /Users/jacksonsweet/Library/Developer/Xcode/DerivedData/OPS-czavgtmnvamasvcjgszzuulfcsxj/Build/Intermediates.noindex/OPS.build/Debug-iphonesimulator/OPS.build/Objects-normal/arm64/NotificationsViewPreview.o -o /Users/jacksonsweet/Library/Developer/Xcode/DerivedData/OPS-czavgtmnvamasvcjgszzuulfcsxj/Build/Intermediates.noindex/OPS.build/Debug-iphonesimulator/OPS.build/Objects-normal/arm64/OrganizationJoinView.o -index-unit-output-path /OPS.build/Debug-iphonesimulator/OPS.build/Objects-normal/arm64/OnboardingService.o -index-unit-output-path /OPS.build/Debug-iphonesimulator/OPS.build/Objects-normal/arm64/OnboardingViewModel.o -index-unit-output-path /OPS.build/Debug-iphonesimulator/OPS.build/Objects-normal/arm64/OnboardingComponents.o -index-unit-output-path /OPS.build/Debug-iphonesimulator/OPS.build/Objects-normal/arm64/AccountCreatedView.o -index-unit-output-path /OPS.build/Debug-iphonesimulator/OPS.build/Objects-normal/arm64/CompanyCodeView.o -index-unit-output-path /OPS.build/Debug-iphonesimulator/OPS.build/Objects-normal/arm64/CompanyCodeViewPreview.o -index-unit-output-path /OPS.build/Debug-iphonesimulator/OPS.build/Objects-normal/arm64/CompletionView.o -index-unit-output-path /OPS.build/Debug-iphonesimulator/OPS.build/Objects-normal/arm64/CompletionViewPreview.o -index-unit-output-path /OPS.build/Debug-iphonesimulator/OPS.build/Objects-normal/arm64/EmailView.o -index-unit-output-path /OPS.build/Debug-iphonesimulator/OPS.build/Objects-normal/arm64/FieldSetupView.o -index-unit-output-path /OPS.build/Debug-iphonesimulator/OPS.build/Objects-normal/arm64/NotificationsView.o -index-unit-output-path /OPS.build/Debug-iphonesimulator/OPS.build/Objects-normal/arm64/NotificationsViewPreview.o -index-unit-output-path /OPS.build/Debug-iphonesimulator/OPS.build/Objects-normal/arm64/OrganizationJoinView.o -index-store-path /Users/jacksonsweet/Library/Developer/Xcode/DerivedData/OPS-czavgtmnvamasvcjgszzuulfcsxj/Index.noindex/DataStore -index-system-modules

SwiftCompile normal arm64 /Users/jacksonsweet/Desktop/OPS\ APP/OPS/OPS/Onboarding/Views/Screens/EmailView.swift (in target 'OPS' from project 'OPS')
    cd /Users/jacksonsweet/Desktop/OPS\ APP/OPS
    /Applications/Xcode.app/Contents/Developer/Toolchains/XcodeDefault.xctoolchain/usr/bin/swift-frontend -c /Users/jacksonsweet/Desktop/OPS\ APP/OPS/OPS/DataModels/BubbleImage.swift /Users/jacksonsweet/Desktop/OPS\ APP/OPS/OPS/DataModels/BubbleTypes.swift /Users/jacksonsweet/Desktop/OPS\ APP/OPS/OPS/DataModels/Company.swift /Users/jacksonsweet/Desktop/OPS\ APP/OPS/OPS/DataModels/Project.swift /Users/jacksonsweet/Desktop/OPS\ APP/OPS/OPS/DataModels/Status.swift /Users/jacksonsweet/Desktop/OPS\ APP/OPS/OPS/DataModels/User.swift /Users/jacksonsweet/Desktop/OPS\ APP/OPS/OPS/DataModels/UserRole.swift /Users/jacksonsweet/Desktop/OPS\ APP/OPS/OPS/Extensions/UIImage+Extensions.swift /Users/jacksonsweet/Desktop/OPS\ APP/OPS/OPS/Network/API/APIError.swift /Users/jacksonsweet/Desktop/OPS\ APP/OPS/OPS/Network/API/APIService.swift /Users/jacksonsweet/Desktop/OPS\ APP/OPS/OPS/Network/API/BubbleFields.swift /Users/jacksonsweet/Desktop/OPS\ APP/OPS/OPS/Network/Auth/AuthError.swift /Users/jacksonsweet/Desktop/OPS\ APP/OPS/OPS/Network/Auth/AuthManager.swift /Users/jacksonsweet/Desktop/OPS\ APP/OPS/OPS/Network/Auth/KeychainManager.swift /Users/jacksonsweet/Desktop/OPS\ APP/OPS/OPS/Network/DTOs/CompanyDTO.swift /Users/jacksonsweet/Desktop/OPS\ APP/OPS/OPS/Network/DTOs/ProjectDTO.swift /Users/jacksonsweet/Desktop/OPS\ APP/OPS/OPS/Network/DTOs/UserDTO.swift /Users/jacksonsweet/Desktop/OPS\ APP/OPS/OPS/Network/Endpoints/CompanyEndpoints.swift /Users/jacksonsweet/Desktop/OPS\ APP/OPS/OPS/Network/Endpoints/ProjectEndpoints.swift /Users/jacksonsweet/Desktop/OPS\ APP/OPS/OPS/Network/Endpoints/UserEndpoints.swift /Users/jacksonsweet/Desktop/OPS\ APP/OPS/OPS/Network/Sync/BackgroundTaskManager.swift /Users/jacksonsweet/Desktop/OPS\ APP/OPS/OPS/Network/Sync/SyncManager.swift /Users/jacksonsweet/Desktop/OPS\ APP/OPS/OPS/Network/ConnectivityMonitor.swift /Users/jacksonsweet/Desktop/OPS\ APP/OPS/OPS/Network/ImageSyncManager.swift /Users/jacksonsweet/Desktop/OPS\ APP/OPS/OPS/Onboarding/Coordinators/OnboardingCoordinator.swift /Users/jacksonsweet/Desktop/OPS\ APP/OPS/OPS/Onboarding/Models/OnboardingModels.swift -primary-file /Users/jacksonsweet/Desktop/OPS\ APP/OPS/OPS/Onboarding/Services/OnboardingService.swift -primary-file /Users/jacksonsweet/Desktop/OPS\ APP/OPS/OPS/Onboarding/ViewModels/OnboardingViewModel.swift -primary-file /Users/jacksonsweet/Desktop/OPS\ APP/OPS/OPS/Onboarding/Views/Components/OnboardingComponents.swift -primary-file /Users/jacksonsweet/Desktop/OPS\ APP/OPS/OPS/Onboarding/Views/Screens/AccountCreatedView.swift -primary-file /Users/jacksonsweet/Desktop/OPS\ APP/OPS/OPS/Onboarding/Views/Screens/CompanyCodeView.swift -primary-file /Users/jacksonsweet/Desktop/OPS\ APP/OPS/OPS/Onboarding/Views/Screens/CompanyCodeViewPreview.swift -primary-file /Users/jacksonsweet/Desktop/OPS\ APP/OPS/OPS/Onboarding/Views/Screens/CompletionView.swift -primary-file /Users/jacksonsweet/Desktop/OPS\ APP/OPS/OPS/Onboarding/Views/Screens/CompletionViewPreview.swift -primary-file /Users/jacksonsweet/Desktop/OPS\ APP/OPS/OPS/Onboarding/Views/Screens/EmailView.swift -primary-file /Users/jacksonsweet/Desktop/OPS\ APP/OPS/OPS/Onboarding/Views/Screens/FieldSetupView.swift -primary-file /Users/jacksonsweet/Desktop/OPS\ APP/OPS/OPS/Onboarding/Views/Screens/NotificationsView.swift -primary-file /Users/jacksonsweet/Desktop/OPS\ APP/OPS/OPS/Onboarding/Views/Screens/NotificationsViewPreview.swift -primary-file /Users/jacksonsweet/Desktop/OPS\ APP/OPS/OPS/Onboarding/Views/Screens/OrganizationJoinView.swift /Users/jacksonsweet/Desktop/OPS\ APP/OPS/OPS/Onboarding/Views/Screens/PasswordView.swift /Users/jacksonsweet/Desktop/OPS\ APP/OPS/OPS/Onboarding/Views/Screens/PasswordViewPreview.swift /Users/jacksonsweet/Desktop/OPS\ APP/OPS/OPS/Onboarding/Views/Screens/PermissionsView.swift /Users/jacksonsweet/Desktop/OPS\ APP/OPS/OPS/Onboarding/Views/Screens/PermissionsViewPreview.swift /Users/jacksonsweet/Desktop/OPS\ APP/OPS/OPS/Onboarding/Views/Screens/PhoneNumberView.swift /Users/jacksonsweet/Desktop/OPS\ APP/OPS/OPS/Onboarding/Views/Screens/PhoneNumberViewPreview.swift /Users/jacksonsweet/Desktop/OPS\ APP/OPS/OPS/Onboarding/Views/Screens/UserInfoView.swift /Users/jacksonsweet/Desktop/OPS\ APP/OPS/OPS/Onboarding/Views/Screens/UserInfoViewPreview.swift /Users/jacksonsweet/Desktop/OPS\ APP/OPS/OPS/Onboarding/Views/Screens/VerifyPhoneView.swift /Users/jacksonsweet/Desktop/OPS\ APP/OPS/OPS/Onboarding/Views/Screens/WelcomeCompanyView.swift /Users/jacksonsweet/Desktop/OPS\ APP/OPS/OPS/Onboarding/Views/Screens/WelcomeCompanyViewPreview.swift /Users/jacksonsweet/Desktop/OPS\ APP/OPS/OPS/Onboarding/Views/Screens/WelcomeView.swift /Users/jacksonsweet/Desktop/OPS\ APP/OPS/OPS/Onboarding/Views/Screens/WelcomeViewPreview.swift /Users/jacksonsweet/Desktop/OPS\ APP/OPS/OPS/Onboarding/Views/OnboardingContainerView.swift /Users/jacksonsweet/Desktop/OPS\ APP/OPS/OPS/Onboarding/Views/OnboardingFlowPreview.swift /Users/jacksonsweet/Desktop/OPS\ APP/OPS/OPS/Onboarding/Views/OnboardingPresenter.swift /Users/jacksonsweet/Desktop/OPS\ APP/OPS/OPS/Onboarding/Views/OnboardingPreviewHelpers.swift /Users/jacksonsweet/Desktop/OPS\ APP/OPS/OPS/Styles/OPSStyle.swift /Users/jacksonsweet/Desktop/OPS\ APP/OPS/OPS/Utilities/AppConfiguration.swift /Users/jacksonsweet/Desktop/OPS\ APP/OPS/OPS/Utilities/ArrayTransformer.swift /Users/jacksonsweet/Desktop/OPS\ APP/OPS/OPS/Utilities/DataController.swift /Users/jacksonsweet/Desktop/OPS\ APP/OPS/OPS/Utilities/Dateformatter\ +Bubble.swift /Users/jacksonsweet/Desktop/OPS\ APP/OPS/OPS/Utilities/DateHelper.swift /Users/jacksonsweet/Desktop/OPS\ APP/OPS/OPS/Utilities/FieldErrorHandler.swift /Users/jacksonsweet/Desktop/OPS\ APP/OPS/OPS/Utilities/ImageCache.swift /Users/jacksonsweet/Desktop/OPS\ APP/OPS/OPS/Utilities/ImageFileManager.swift /Users/jacksonsweet/Desktop/OPS\ APP/OPS/OPS/Utilities/InProgressManager.swift /Users/jacksonsweet/Desktop/OPS\ APP/OPS/OPS/Utilities/KeyboardDismissalModifier.swift /Users/jacksonsweet/Desktop/OPS\ APP/OPS/OPS/Utilities/LocationManager.swift /Users/jacksonsweet/Desktop/OPS\ APP/OPS/OPS/Utilities/OnboardingEnvironmentKey.swift /Users/jacksonsweet/Desktop/OPS\ APP/OPS/OPS/Utilities/SwiftDataHelper.swift /Users/jacksonsweet/Desktop/OPS\ APP/OPS/OPS/Utilities/UIComponents.swift /Users/jacksonsweet/Desktop/OPS\ APP/OPS/OPS/V2/CertificationsSettingsView.swift /Users/jacksonsweet/Desktop/OPS\ APP/OPS/OPS/ViewModels/CalendarViewModel.swift /Users/jacksonsweet/Desktop/OPS\ APP/OPS/OPS/ViewModels/ProjectsViewModel.swift /Users/jacksonsweet/Desktop/OPS\ APP/OPS/OPS/Views/Calendar\ Tab/Components/CalendarDaySelector.swift /Users/jacksonsweet/Desktop/OPS\ APP/OPS/OPS/Views/Calendar\ Tab/Components/CalendarHeaderView.swift /Users/jacksonsweet/Desktop/OPS\ APP/OPS/OPS/Views/Calendar\ Tab/Components/CalendarProjectCard.swift /Users/jacksonsweet/Desktop/OPS\ APP/OPS/OPS/Views/Calendar\ Tab/Components/CalendarToggleView.swift /Users/jacksonsweet/Desktop/OPS\ APP/OPS/OPS/Views/Calendar\ Tab/Components/DatePickerPopover.swift /Users/jacksonsweet/Desktop/OPS\ APP/OPS/OPS/Views/Calendar\ Tab/Components/DayCell.swift /Users/jacksonsweet/Desktop/OPS\ APP/OPS/OPS/Views/Calendar\ Tab/ProjectViews/DayProjectSheet.swift /Users/jacksonsweet/Desktop/OPS\ APP/OPS/OPS/Views/Calendar\ Tab/ProjectViews/ProjectListView.swift /Users/jacksonsweet/Desktop/OPS\ APP/OPS/OPS/Views/Calendar\ Tab/MonthGridView.swift /Users/jacksonsweet/Desktop/OPS\ APP/OPS/OPS/Views/Components/Common/AppHeader.swift /Users/jacksonsweet/Desktop/OPS\ APP/OPS/OPS/Views/Components/Common/ExpandableNotesView.swift /Users/jacksonsweet/Desktop/OPS\ APP/OPS/OPS/Views/Components/Common/LocationPermissionView.swift /Users/jacksonsweet/Desktop/OPS\ APP/OPS/OPS/Views/Components/Common/NavigationBanner.swift /Users/jacksonsweet/Desktop/OPS\ APP/OPS/OPS/Views/Components/Common/NavigationControlsView.swift /Users/jacksonsweet/Desktop/OPS\ APP/OPS/OPS/Views/Components/Common/TabBarBackground.swift /Users/jacksonsweet/Desktop/OPS\ APP/OPS/OPS/Views/Components/Images/ImagePicker.swift /Users/jacksonsweet/Desktop/OPS\ APP/OPS/OPS/Views/Components/Images/ImagePickerView.swift /Users/jacksonsweet/Desktop/OPS\ APP/OPS/OPS/Views/Components/Images/ProjectImagesSection.swift /Users/jacksonsweet/Desktop/OPS\ APP/OPS/OPS/Views/Components/Images/ProjectImagesSimple.swift /Users/jacksonsweet/Desktop/OPS\ APP/OPS/OPS/Views/Components/Images/ProjectImageView.swift /Users/jacksonsweet/Desktop/OPS\ APP/OPS/OPS/Views/Components/Images/ProjectPhotosGrid.swift /Users/jacksonsweet/Desktop/OPS\ APP/OPS/OPS/Views/Components/Map/MiniMapView.swift /Users/jacksonsweet/Desktop/OPS\ APP/OPS/OPS/Views/Components/Map/ProjectMapAnnotation.swift /Users/jacksonsweet/Desktop/OPS\ APP/OPS/OPS/Views/Components/Map/ProjectMapView.swift /Users/jacksonsweet/Desktop/OPS\ APP/OPS/OPS/Views/Components/Map/ProjectMarkerPopup.swift /Users/jacksonsweet/Desktop/OPS\ APP/OPS/OPS/Views/Components/Map/RouteDirectionsView.swift /Users/jacksonsweet/Desktop/OPS\ APP/OPS/OPS/Views/Components/Project/ProjectActionBar.swift /Users/jacksonsweet/Desktop/OPS\ APP/OPS/OPS/Views/Components/Project/ProjectCard.swift /Users/jacksonsweet/Desktop/OPS\ APP/OPS/OPS/Views/Components/Project/ProjectCarousel.swift /Users/jacksonsweet/Desktop/OPS\ APP/OPS/OPS/Views/Components/Project/ProjectDetailsView.swift /Users/jacksonsweet/Desktop/OPS\ APP/OPS/OPS/Views/Components/Project/ProjectHeader.swift /Users/jacksonsweet/Desktop/OPS\ APP/OPS/OPS/Views/Components/Project/ProjectSheetContainer.swift /Users/jacksonsweet/Desktop/OPS\ APP/OPS/OPS/Views/Components/User/TeamMemberListView.swift /Users/jacksonsweet/Desktop/OPS\ APP/OPS/OPS/Views/Components/User/UserProfileCard.swift /Users/jacksonsweet/Desktop/OPS\ APP/OPS/OPS/Views/Home/HomeContentView.swift /Users/jacksonsweet/Desktop/OPS\ APP/OPS/OPS/Views/Home/HomeView.swift /Users/jacksonsweet/Desktop/OPS\ APP/OPS/OPS/Views/Settings/OrganizationSettingsView.swift /Users/jacksonsweet/Desktop/OPS\ APP/OPS/OPS/Views/Settings/ProfileSettingsView.swift /Users/jacksonsweet/Desktop/OPS\ APP/OPS/OPS/Views/Settings/ProjectHistorySettingsView.swift /Users/jacksonsweet/Desktop/OPS\ APP/OPS/OPS/Views/LoginView.swift /Users/jacksonsweet/Desktop/OPS\ APP/OPS/OPS/Views/LoginViewPreview.swift /Users/jacksonsweet/Desktop/OPS\ APP/OPS/OPS/Views/MainTabView.swift /Users/jacksonsweet/Desktop/OPS\ APP/OPS/OPS/Views/NetworkStatusIndicator.swift /Users/jacksonsweet/Desktop/OPS\ APP/OPS/OPS/Views/ScheduleView.swift /Users/jacksonsweet/Desktop/OPS\ APP/OPS/OPS/Views/SettingsView.swift /Users/jacksonsweet/Desktop/OPS\ APP/OPS/OPS/Views/SplashScreen.swift /Users/jacksonsweet/Desktop/OPS\ APP/OPS/OPS/AppState.swift /Users/jacksonsweet/Desktop/OPS\ APP/OPS/OPS/ContentView.swift /Users/jacksonsweet/Desktop/OPS\ APP/OPS/OPS/Item.swift /Users/jacksonsweet/Desktop/OPS\ APP/OPS/OPS/OPSApp.swift /Users/jacksonsweet/Library/Developer/Xcode/DerivedData/OPS-czavgtmnvamasvcjgszzuulfcsxj/Build/Intermediates.noindex/OPS.build/Debug-iphonesimulator/OPS.build/DerivedSources/GeneratedAssetSymbols.swift -supplementary-output-file-map /Users/jacksonsweet/Library/Developer/Xcode/DerivedData/OPS-czavgtmnvamasvcjgszzuulfcsxj/Build/Intermediates.noindex/OPS.build/Debug-iphonesimulator/OPS.build/Objects-normal/arm64/supplementaryOutputs-3 -emit-localized-strings -emit-localized-strings-path /Users/jacksonsweet/Library/Developer/Xcode/DerivedData/OPS-czavgtmnvamasvcjgszzuulfcsxj/Build/Intermediates.noindex/OPS.build/Debug-iphonesimulator/OPS.build/Objects-normal/arm64 -target arm64-apple-ios18.2-simulator -Xllvm -aarch64-use-tbi -enable-objc-interop -sdk /Applications/Xcode.app/Contents/Developer/Platforms/iPhoneSimulator.platform/Developer/SDKs/iPhoneSimulator18.2.sdk -I /Users/jacksonsweet/Library/Developer/Xcode/DerivedData/OPS-czavgtmnvamasvcjgszzuulfcsxj/Build/Products/Debug-iphonesimulator -F /Users/jacksonsweet/Library/Developer/Xcode/DerivedData/OPS-czavgtmnvamasvcjgszzuulfcsxj/Build/Products/Debug-iphonesimulator -no-color-diagnostics -enable-testing -g -debug-info-format\=dwarf -dwarf-version\=5 -module-cache-path /Users/jacksonsweet/Library/Developer/Xcode/DerivedData/ModuleCache.noindex -profile-generate -profile-coverage-mapping -swift-version 5 -enforce-exclusivity\=checked -Onone -D DEBUG -serialize-debugging-options -const-gather-protocols-file /Users/jacksonsweet/Library/Developer/Xcode/DerivedData/OPS-czavgtmnvamasvcjgszzuulfcsxj/Build/Intermediates.noindex/OPS.build/Debug-iphonesimulator/OPS.build/Objects-normal/arm64/OPS_const_extract_protocols.json -enable-experimental-feature DebugDescriptionMacro -enable-experimental-feature OpaqueTypeErasure -enable-bare-slash-regex -empty-abi-descriptor -validate-clang-modules-once -clang-build-session-file /Users/jacksonsweet/Library/Developer/Xcode/DerivedData/ModuleCache.noindex/Session.modulevalidation -Xcc -working-directory -Xcc /Users/jacksonsweet/Desktop/OPS\ APP/OPS -resource-dir /Applications/Xcode.app/Contents/Developer/Toolchains/XcodeDefault.xctoolchain/usr/lib/swift -enable-anonymous-context-mangled-names -file-compilation-dir /Users/jacksonsweet/Desktop/OPS\ APP/OPS -Xcc -D_LIBCPP_HARDENING_MODE\=_LIBCPP_HARDENING_MODE_DEBUG -Xcc -ivfsstatcache -Xcc /Users/jacksonsweet/Library/Developer/Xcode/DerivedData/SDKStatCaches.noindex/iphonesimulator18.2-22C146-07b28473f605e47e75261259d3ef3b5a.sdkstatcache -Xcc -I/Users/jacksonsweet/Library/Developer/Xcode/DerivedData/OPS-czavgtmnvamasvcjgszzuulfcsxj/Build/Intermediates.noindex/OPS.build/Debug-iphonesimulator/OPS.build/swift-overrides.hmap -Xcc -iquote -Xcc /Users/jacksonsweet/Library/Developer/Xcode/DerivedData/OPS-czavgtmnvamasvcjgszzuulfcsxj/Build/Intermediates.noindex/OPS.build/Debug-iphonesimulator/OPS.build/OPS-generated-files.hmap -Xcc -I/Users/jacksonsweet/Library/Developer/Xcode/DerivedData/OPS-czavgtmnvamasvcjgszzuulfcsxj/Build/Intermediates.noindex/OPS.build/Debug-iphonesimulator/OPS.build/OPS-own-target-headers.hmap -Xcc -I/Users/jacksonsweet/Library/Developer/Xcode/DerivedData/OPS-czavgtmnvamasvcjgszzuulfcsxj/Build/Intermediates.noindex/OPS.build/Debug-iphonesimulator/OPS.build/OPS-all-target-headers.hmap -Xcc -iquote -Xcc /Users/jacksonsweet/Library/Developer/Xcode/DerivedData/OPS-czavgtmnvamasvcjgszzuulfcsxj/Build/Intermediates.noindex/OPS.build/Debug-iphonesimulator/OPS.build/OPS-project-headers.hmap -Xcc -I/Users/jacksonsweet/Library/Developer/Xcode/DerivedData/OPS-czavgtmnvamasvcjgszzuulfcsxj/Build/Products/Debug-iphonesimulator/include -Xcc -I/Users/jacksonsweet/Library/Developer/Xcode/DerivedData/OPS-czavgtmnvamasvcjgszzuulfcsxj/Build/Intermediates.noindex/OPS.build/Debug-iphonesimulator/OPS.build/DerivedSources-normal/arm64 -Xcc -I/Users/jacksonsweet/Library/Developer/Xcode/DerivedData/OPS-czavgtmnvamasvcjgszzuulfcsxj/Build/Intermediates.noindex/OPS.build/Debug-iphonesimulator/OPS.build/DerivedSources/arm64 -Xcc -I/Users/jacksonsweet/Library/Developer/Xcode/DerivedData/OPS-czavgtmnvamasvcjgszzuulfcsxj/Build/Intermediates.noindex/OPS.build/Debug-iphonesimulator/OPS.build/DerivedSources -Xcc -DDEBUG\=1 -module-name OPS -frontend-parseable-output -disable-clang-spi -target-sdk-version 18.2 -target-sdk-name iphonesimulator18.2 -external-plugin-path /Applications/Xcode.app/Contents/Developer/Platforms/iPhoneOS.platform/Developer/usr/lib/swift/host/plugins\#/Applications/Xcode.app/Contents/Developer/Platforms/iPhoneOS.platform/Developer/usr/bin/swift-plugin-server -external-plugin-path /Applications/Xcode.app/Contents/Developer/Platforms/iPhoneOS.platform/Developer/usr/local/lib/swift/host/plugins\#/Applications/Xcode.app/Contents/Developer/Platforms/iPhoneOS.platform/Developer/usr/bin/swift-plugin-server -plugin-path /Applications/Xcode.app/Contents/Developer/Toolchains/XcodeDefault.xctoolchain/usr/lib/swift/host/plugins -plugin-path /Applications/Xcode.app/Contents/Developer/Toolchains/XcodeDefault.xctoolchain/usr/local/lib/swift/host/plugins -o /Users/jacksonsweet/Library/Developer/Xcode/DerivedData/OPS-czavgtmnvamasvcjgszzuulfcsxj/Build/Intermediates.noindex/OPS.build/Debug-iphonesimulator/OPS.build/Objects-normal/arm64/OnboardingService.o -o /Users/jacksonsweet/Library/Developer/Xcode/DerivedData/OPS-czavgtmnvamasvcjgszzuulfcsxj/Build/Intermediates.noindex/OPS.build/Debug-iphonesimulator/OPS.build/Objects-normal/arm64/OnboardingViewModel.o -o /Users/jacksonsweet/Library/Developer/Xcode/DerivedData/OPS-czavgtmnvamasvcjgszzuulfcsxj/Build/Intermediates.noindex/OPS.build/Debug-iphonesimulator/OPS.build/Objects-normal/arm64/OnboardingComponents.o -o /Users/jacksonsweet/Library/Developer/Xcode/DerivedData/OPS-czavgtmnvamasvcjgszzuulfcsxj/Build/Intermediates.noindex/OPS.build/Debug-iphonesimulator/OPS.build/Objects-normal/arm64/AccountCreatedView.o -o /Users/jacksonsweet/Library/Developer/Xcode/DerivedData/OPS-czavgtmnvamasvcjgszzuulfcsxj/Build/Intermediates.noindex/OPS.build/Debug-iphonesimulator/OPS.build/Objects-normal/arm64/CompanyCodeView.o -o /Users/jacksonsweet/Library/Developer/Xcode/DerivedData/OPS-czavgtmnvamasvcjgszzuulfcsxj/Build/Intermediates.noindex/OPS.build/Debug-iphonesimulator/OPS.build/Objects-normal/arm64/CompanyCodeViewPreview.o -o /Users/jacksonsweet/Library/Developer/Xcode/DerivedData/OPS-czavgtmnvamasvcjgszzuulfcsxj/Build/Intermediates.noindex/OPS.build/Debug-iphonesimulator/OPS.build/Objects-normal/arm64/CompletionView.o -o /Users/jacksonsweet/Library/Developer/Xcode/DerivedData/OPS-czavgtmnvamasvcjgszzuulfcsxj/Build/Intermediates.noindex/OPS.build/Debug-iphonesimulator/OPS.build/Objects-normal/arm64/CompletionViewPreview.o -o /Users/jacksonsweet/Library/Developer/Xcode/DerivedData/OPS-czavgtmnvamasvcjgszzuulfcsxj/Build/Intermediates.noindex/OPS.build/Debug-iphonesimulator/OPS.build/Objects-normal/arm64/EmailView.o -o /Users/jacksonsweet/Library/Developer/Xcode/DerivedData/OPS-czavgtmnvamasvcjgszzuulfcsxj/Build/Intermediates.noindex/OPS.build/Debug-iphonesimulator/OPS.build/Objects-normal/arm64/FieldSetupView.o -o /Users/jacksonsweet/Library/Developer/Xcode/DerivedData/OPS-czavgtmnvamasvcjgszzuulfcsxj/Build/Intermediates.noindex/OPS.build/Debug-iphonesimulator/OPS.build/Objects-normal/arm64/NotificationsView.o -o /Users/jacksonsweet/Library/Developer/Xcode/DerivedData/OPS-czavgtmnvamasvcjgszzuulfcsxj/Build/Intermediates.noindex/OPS.build/Debug-iphonesimulator/OPS.build/Objects-normal/arm64/NotificationsViewPreview.o -o /Users/jacksonsweet/Library/Developer/Xcode/DerivedData/OPS-czavgtmnvamasvcjgszzuulfcsxj/Build/Intermediates.noindex/OPS.build/Debug-iphonesimulator/OPS.build/Objects-normal/arm64/OrganizationJoinView.o -index-unit-output-path /OPS.build/Debug-iphonesimulator/OPS.build/Objects-normal/arm64/OnboardingService.o -index-unit-output-path /OPS.build/Debug-iphonesimulator/OPS.build/Objects-normal/arm64/OnboardingViewModel.o -index-unit-output-path /OPS.build/Debug-iphonesimulator/OPS.build/Objects-normal/arm64/OnboardingComponents.o -index-unit-output-path /OPS.build/Debug-iphonesimulator/OPS.build/Objects-normal/arm64/AccountCreatedView.o -index-unit-output-path /OPS.build/Debug-iphonesimulator/OPS.build/Objects-normal/arm64/CompanyCodeView.o -index-unit-output-path /OPS.build/Debug-iphonesimulator/OPS.build/Objects-normal/arm64/CompanyCodeViewPreview.o -index-unit-output-path /OPS.build/Debug-iphonesimulator/OPS.build/Objects-normal/arm64/CompletionView.o -index-unit-output-path /OPS.build/Debug-iphonesimulator/OPS.build/Objects-normal/arm64/CompletionViewPreview.o -index-unit-output-path /OPS.build/Debug-iphonesimulator/OPS.build/Objects-normal/arm64/EmailView.o -index-unit-output-path /OPS.build/Debug-iphonesimulator/OPS.build/Objects-normal/arm64/FieldSetupView.o -index-unit-output-path /OPS.build/Debug-iphonesimulator/OPS.build/Objects-normal/arm64/NotificationsView.o -index-unit-output-path /OPS.build/Debug-iphonesimulator/OPS.build/Objects-normal/arm64/NotificationsViewPreview.o -index-unit-output-path /OPS.build/Debug-iphonesimulator/OPS.build/Objects-normal/arm64/OrganizationJoinView.o -index-store-path /Users/jacksonsweet/Library/Developer/Xcode/DerivedData/OPS-czavgtmnvamasvcjgszzuulfcsxj/Index.noindex/DataStore -index-system-modules

SwiftCompile normal arm64 /Users/jacksonsweet/Desktop/OPS\ APP/OPS/OPS/Onboarding/Views/Screens/FieldSetupView.swift (in target 'OPS' from project 'OPS')
    cd /Users/jacksonsweet/Desktop/OPS\ APP/OPS
    /Applications/Xcode.app/Contents/Developer/Toolchains/XcodeDefault.xctoolchain/usr/bin/swift-frontend -c /Users/jacksonsweet/Desktop/OPS\ APP/OPS/OPS/DataModels/BubbleImage.swift /Users/jacksonsweet/Desktop/OPS\ APP/OPS/OPS/DataModels/BubbleTypes.swift /Users/jacksonsweet/Desktop/OPS\ APP/OPS/OPS/DataModels/Company.swift /Users/jacksonsweet/Desktop/OPS\ APP/OPS/OPS/DataModels/Project.swift /Users/jacksonsweet/Desktop/OPS\ APP/OPS/OPS/DataModels/Status.swift /Users/jacksonsweet/Desktop/OPS\ APP/OPS/OPS/DataModels/User.swift /Users/jacksonsweet/Desktop/OPS\ APP/OPS/OPS/DataModels/UserRole.swift /Users/jacksonsweet/Desktop/OPS\ APP/OPS/OPS/Extensions/UIImage+Extensions.swift /Users/jacksonsweet/Desktop/OPS\ APP/OPS/OPS/Network/API/APIError.swift /Users/jacksonsweet/Desktop/OPS\ APP/OPS/OPS/Network/API/APIService.swift /Users/jacksonsweet/Desktop/OPS\ APP/OPS/OPS/Network/API/BubbleFields.swift /Users/jacksonsweet/Desktop/OPS\ APP/OPS/OPS/Network/Auth/AuthError.swift /Users/jacksonsweet/Desktop/OPS\ APP/OPS/OPS/Network/Auth/AuthManager.swift /Users/jacksonsweet/Desktop/OPS\ APP/OPS/OPS/Network/Auth/KeychainManager.swift /Users/jacksonsweet/Desktop/OPS\ APP/OPS/OPS/Network/DTOs/CompanyDTO.swift /Users/jacksonsweet/Desktop/OPS\ APP/OPS/OPS/Network/DTOs/ProjectDTO.swift /Users/jacksonsweet/Desktop/OPS\ APP/OPS/OPS/Network/DTOs/UserDTO.swift /Users/jacksonsweet/Desktop/OPS\ APP/OPS/OPS/Network/Endpoints/CompanyEndpoints.swift /Users/jacksonsweet/Desktop/OPS\ APP/OPS/OPS/Network/Endpoints/ProjectEndpoints.swift /Users/jacksonsweet/Desktop/OPS\ APP/OPS/OPS/Network/Endpoints/UserEndpoints.swift /Users/jacksonsweet/Desktop/OPS\ APP/OPS/OPS/Network/Sync/BackgroundTaskManager.swift /Users/jacksonsweet/Desktop/OPS\ APP/OPS/OPS/Network/Sync/SyncManager.swift /Users/jacksonsweet/Desktop/OPS\ APP/OPS/OPS/Network/ConnectivityMonitor.swift /Users/jacksonsweet/Desktop/OPS\ APP/OPS/OPS/Network/ImageSyncManager.swift /Users/jacksonsweet/Desktop/OPS\ APP/OPS/OPS/Onboarding/Coordinators/OnboardingCoordinator.swift /Users/jacksonsweet/Desktop/OPS\ APP/OPS/OPS/Onboarding/Models/OnboardingModels.swift -primary-file /Users/jacksonsweet/Desktop/OPS\ APP/OPS/OPS/Onboarding/Services/OnboardingService.swift -primary-file /Users/jacksonsweet/Desktop/OPS\ APP/OPS/OPS/Onboarding/ViewModels/OnboardingViewModel.swift -primary-file /Users/jacksonsweet/Desktop/OPS\ APP/OPS/OPS/Onboarding/Views/Components/OnboardingComponents.swift -primary-file /Users/jacksonsweet/Desktop/OPS\ APP/OPS/OPS/Onboarding/Views/Screens/AccountCreatedView.swift -primary-file /Users/jacksonsweet/Desktop/OPS\ APP/OPS/OPS/Onboarding/Views/Screens/CompanyCodeView.swift -primary-file /Users/jacksonsweet/Desktop/OPS\ APP/OPS/OPS/Onboarding/Views/Screens/CompanyCodeViewPreview.swift -primary-file /Users/jacksonsweet/Desktop/OPS\ APP/OPS/OPS/Onboarding/Views/Screens/CompletionView.swift -primary-file /Users/jacksonsweet/Desktop/OPS\ APP/OPS/OPS/Onboarding/Views/Screens/CompletionViewPreview.swift -primary-file /Users/jacksonsweet/Desktop/OPS\ APP/OPS/OPS/Onboarding/Views/Screens/EmailView.swift -primary-file /Users/jacksonsweet/Desktop/OPS\ APP/OPS/OPS/Onboarding/Views/Screens/FieldSetupView.swift -primary-file /Users/jacksonsweet/Desktop/OPS\ APP/OPS/OPS/Onboarding/Views/Screens/NotificationsView.swift -primary-file /Users/jacksonsweet/Desktop/OPS\ APP/OPS/OPS/Onboarding/Views/Screens/NotificationsViewPreview.swift -primary-file /Users/jacksonsweet/Desktop/OPS\ APP/OPS/OPS/Onboarding/Views/Screens/OrganizationJoinView.swift /Users/jacksonsweet/Desktop/OPS\ APP/OPS/OPS/Onboarding/Views/Screens/PasswordView.swift /Users/jacksonsweet/Desktop/OPS\ APP/OPS/OPS/Onboarding/Views/Screens/PasswordViewPreview.swift /Users/jacksonsweet/Desktop/OPS\ APP/OPS/OPS/Onboarding/Views/Screens/PermissionsView.swift /Users/jacksonsweet/Desktop/OPS\ APP/OPS/OPS/Onboarding/Views/Screens/PermissionsViewPreview.swift /Users/jacksonsweet/Desktop/OPS\ APP/OPS/OPS/Onboarding/Views/Screens/PhoneNumberView.swift /Users/jacksonsweet/Desktop/OPS\ APP/OPS/OPS/Onboarding/Views/Screens/PhoneNumberViewPreview.swift /Users/jacksonsweet/Desktop/OPS\ APP/OPS/OPS/Onboarding/Views/Screens/UserInfoView.swift /Users/jacksonsweet/Desktop/OPS\ APP/OPS/OPS/Onboarding/Views/Screens/UserInfoViewPreview.swift /Users/jacksonsweet/Desktop/OPS\ APP/OPS/OPS/Onboarding/Views/Screens/VerifyPhoneView.swift /Users/jacksonsweet/Desktop/OPS\ APP/OPS/OPS/Onboarding/Views/Screens/WelcomeCompanyView.swift /Users/jacksonsweet/Desktop/OPS\ APP/OPS/OPS/Onboarding/Views/Screens/WelcomeCompanyViewPreview.swift /Users/jacksonsweet/Desktop/OPS\ APP/OPS/OPS/Onboarding/Views/Screens/WelcomeView.swift /Users/jacksonsweet/Desktop/OPS\ APP/OPS/OPS/Onboarding/Views/Screens/WelcomeViewPreview.swift /Users/jacksonsweet/Desktop/OPS\ APP/OPS/OPS/Onboarding/Views/OnboardingContainerView.swift /Users/jacksonsweet/Desktop/OPS\ APP/OPS/OPS/Onboarding/Views/OnboardingFlowPreview.swift /Users/jacksonsweet/Desktop/OPS\ APP/OPS/OPS/Onboarding/Views/OnboardingPresenter.swift /Users/jacksonsweet/Desktop/OPS\ APP/OPS/OPS/Onboarding/Views/OnboardingPreviewHelpers.swift /Users/jacksonsweet/Desktop/OPS\ APP/OPS/OPS/Styles/OPSStyle.swift /Users/jacksonsweet/Desktop/OPS\ APP/OPS/OPS/Utilities/AppConfiguration.swift /Users/jacksonsweet/Desktop/OPS\ APP/OPS/OPS/Utilities/ArrayTransformer.swift /Users/jacksonsweet/Desktop/OPS\ APP/OPS/OPS/Utilities/DataController.swift /Users/jacksonsweet/Desktop/OPS\ APP/OPS/OPS/Utilities/Dateformatter\ +Bubble.swift /Users/jacksonsweet/Desktop/OPS\ APP/OPS/OPS/Utilities/DateHelper.swift /Users/jacksonsweet/Desktop/OPS\ APP/OPS/OPS/Utilities/FieldErrorHandler.swift /Users/jacksonsweet/Desktop/OPS\ APP/OPS/OPS/Utilities/ImageCache.swift /Users/jacksonsweet/Desktop/OPS\ APP/OPS/OPS/Utilities/ImageFileManager.swift /Users/jacksonsweet/Desktop/OPS\ APP/OPS/OPS/Utilities/InProgressManager.swift /Users/jacksonsweet/Desktop/OPS\ APP/OPS/OPS/Utilities/KeyboardDismissalModifier.swift /Users/jacksonsweet/Desktop/OPS\ APP/OPS/OPS/Utilities/LocationManager.swift /Users/jacksonsweet/Desktop/OPS\ APP/OPS/OPS/Utilities/OnboardingEnvironmentKey.swift /Users/jacksonsweet/Desktop/OPS\ APP/OPS/OPS/Utilities/SwiftDataHelper.swift /Users/jacksonsweet/Desktop/OPS\ APP/OPS/OPS/Utilities/UIComponents.swift /Users/jacksonsweet/Desktop/OPS\ APP/OPS/OPS/V2/CertificationsSettingsView.swift /Users/jacksonsweet/Desktop/OPS\ APP/OPS/OPS/ViewModels/CalendarViewModel.swift /Users/jacksonsweet/Desktop/OPS\ APP/OPS/OPS/ViewModels/ProjectsViewModel.swift /Users/jacksonsweet/Desktop/OPS\ APP/OPS/OPS/Views/Calendar\ Tab/Components/CalendarDaySelector.swift /Users/jacksonsweet/Desktop/OPS\ APP/OPS/OPS/Views/Calendar\ Tab/Components/CalendarHeaderView.swift /Users/jacksonsweet/Desktop/OPS\ APP/OPS/OPS/Views/Calendar\ Tab/Components/CalendarProjectCard.swift /Users/jacksonsweet/Desktop/OPS\ APP/OPS/OPS/Views/Calendar\ Tab/Components/CalendarToggleView.swift /Users/jacksonsweet/Desktop/OPS\ APP/OPS/OPS/Views/Calendar\ Tab/Components/DatePickerPopover.swift /Users/jacksonsweet/Desktop/OPS\ APP/OPS/OPS/Views/Calendar\ Tab/Components/DayCell.swift /Users/jacksonsweet/Desktop/OPS\ APP/OPS/OPS/Views/Calendar\ Tab/ProjectViews/DayProjectSheet.swift /Users/jacksonsweet/Desktop/OPS\ APP/OPS/OPS/Views/Calendar\ Tab/ProjectViews/ProjectListView.swift /Users/jacksonsweet/Desktop/OPS\ APP/OPS/OPS/Views/Calendar\ Tab/MonthGridView.swift /Users/jacksonsweet/Desktop/OPS\ APP/OPS/OPS/Views/Components/Common/AppHeader.swift /Users/jacksonsweet/Desktop/OPS\ APP/OPS/OPS/Views/Components/Common/ExpandableNotesView.swift /Users/jacksonsweet/Desktop/OPS\ APP/OPS/OPS/Views/Components/Common/LocationPermissionView.swift /Users/jacksonsweet/Desktop/OPS\ APP/OPS/OPS/Views/Components/Common/NavigationBanner.swift /Users/jacksonsweet/Desktop/OPS\ APP/OPS/OPS/Views/Components/Common/NavigationControlsView.swift /Users/jacksonsweet/Desktop/OPS\ APP/OPS/OPS/Views/Components/Common/TabBarBackground.swift /Users/jacksonsweet/Desktop/OPS\ APP/OPS/OPS/Views/Components/Images/ImagePicker.swift /Users/jacksonsweet/Desktop/OPS\ APP/OPS/OPS/Views/Components/Images/ImagePickerView.swift /Users/jacksonsweet/Desktop/OPS\ APP/OPS/OPS/Views/Components/Images/ProjectImagesSection.swift /Users/jacksonsweet/Desktop/OPS\ APP/OPS/OPS/Views/Components/Images/ProjectImagesSimple.swift /Users/jacksonsweet/Desktop/OPS\ APP/OPS/OPS/Views/Components/Images/ProjectImageView.swift /Users/jacksonsweet/Desktop/OPS\ APP/OPS/OPS/Views/Components/Images/ProjectPhotosGrid.swift /Users/jacksonsweet/Desktop/OPS\ APP/OPS/OPS/Views/Components/Map/MiniMapView.swift /Users/jacksonsweet/Desktop/OPS\ APP/OPS/OPS/Views/Components/Map/ProjectMapAnnotation.swift /Users/jacksonsweet/Desktop/OPS\ APP/OPS/OPS/Views/Components/Map/ProjectMapView.swift /Users/jacksonsweet/Desktop/OPS\ APP/OPS/OPS/Views/Components/Map/ProjectMarkerPopup.swift /Users/jacksonsweet/Desktop/OPS\ APP/OPS/OPS/Views/Components/Map/RouteDirectionsView.swift /Users/jacksonsweet/Desktop/OPS\ APP/OPS/OPS/Views/Components/Project/ProjectActionBar.swift /Users/jacksonsweet/Desktop/OPS\ APP/OPS/OPS/Views/Components/Project/ProjectCard.swift /Users/jacksonsweet/Desktop/OPS\ APP/OPS/OPS/Views/Components/Project/ProjectCarousel.swift /Users/jacksonsweet/Desktop/OPS\ APP/OPS/OPS/Views/Components/Project/ProjectDetailsView.swift /Users/jacksonsweet/Desktop/OPS\ APP/OPS/OPS/Views/Components/Project/ProjectHeader.swift /Users/jacksonsweet/Desktop/OPS\ APP/OPS/OPS/Views/Components/Project/ProjectSheetContainer.swift /Users/jacksonsweet/Desktop/OPS\ APP/OPS/OPS/Views/Components/User/TeamMemberListView.swift /Users/jacksonsweet/Desktop/OPS\ APP/OPS/OPS/Views/Components/User/UserProfileCard.swift /Users/jacksonsweet/Desktop/OPS\ APP/OPS/OPS/Views/Home/HomeContentView.swift /Users/jacksonsweet/Desktop/OPS\ APP/OPS/OPS/Views/Home/HomeView.swift /Users/jacksonsweet/Desktop/OPS\ APP/OPS/OPS/Views/Settings/OrganizationSettingsView.swift /Users/jacksonsweet/Desktop/OPS\ APP/OPS/OPS/Views/Settings/ProfileSettingsView.swift /Users/jacksonsweet/Desktop/OPS\ APP/OPS/OPS/Views/Settings/ProjectHistorySettingsView.swift /Users/jacksonsweet/Desktop/OPS\ APP/OPS/OPS/Views/LoginView.swift /Users/jacksonsweet/Desktop/OPS\ APP/OPS/OPS/Views/LoginViewPreview.swift /Users/jacksonsweet/Desktop/OPS\ APP/OPS/OPS/Views/MainTabView.swift /Users/jacksonsweet/Desktop/OPS\ APP/OPS/OPS/Views/NetworkStatusIndicator.swift /Users/jacksonsweet/Desktop/OPS\ APP/OPS/OPS/Views/ScheduleView.swift /Users/jacksonsweet/Desktop/OPS\ APP/OPS/OPS/Views/SettingsView.swift /Users/jacksonsweet/Desktop/OPS\ APP/OPS/OPS/Views/SplashScreen.swift /Users/jacksonsweet/Desktop/OPS\ APP/OPS/OPS/AppState.swift /Users/jacksonsweet/Desktop/OPS\ APP/OPS/OPS/ContentView.swift /Users/jacksonsweet/Desktop/OPS\ APP/OPS/OPS/Item.swift /Users/jacksonsweet/Desktop/OPS\ APP/OPS/OPS/OPSApp.swift /Users/jacksonsweet/Library/Developer/Xcode/DerivedData/OPS-czavgtmnvamasvcjgszzuulfcsxj/Build/Intermediates.noindex/OPS.build/Debug-iphonesimulator/OPS.build/DerivedSources/GeneratedAssetSymbols.swift -supplementary-output-file-map /Users/jacksonsweet/Library/Developer/Xcode/DerivedData/OPS-czavgtmnvamasvcjgszzuulfcsxj/Build/Intermediates.noindex/OPS.build/Debug-iphonesimulator/OPS.build/Objects-normal/arm64/supplementaryOutputs-3 -emit-localized-strings -emit-localized-strings-path /Users/jacksonsweet/Library/Developer/Xcode/DerivedData/OPS-czavgtmnvamasvcjgszzuulfcsxj/Build/Intermediates.noindex/OPS.build/Debug-iphonesimulator/OPS.build/Objects-normal/arm64 -target arm64-apple-ios18.2-simulator -Xllvm -aarch64-use-tbi -enable-objc-interop -sdk /Applications/Xcode.app/Contents/Developer/Platforms/iPhoneSimulator.platform/Developer/SDKs/iPhoneSimulator18.2.sdk -I /Users/jacksonsweet/Library/Developer/Xcode/DerivedData/OPS-czavgtmnvamasvcjgszzuulfcsxj/Build/Products/Debug-iphonesimulator -F /Users/jacksonsweet/Library/Developer/Xcode/DerivedData/OPS-czavgtmnvamasvcjgszzuulfcsxj/Build/Products/Debug-iphonesimulator -no-color-diagnostics -enable-testing -g -debug-info-format\=dwarf -dwarf-version\=5 -module-cache-path /Users/jacksonsweet/Library/Developer/Xcode/DerivedData/ModuleCache.noindex -profile-generate -profile-coverage-mapping -swift-version 5 -enforce-exclusivity\=checked -Onone -D DEBUG -serialize-debugging-options -const-gather-protocols-file /Users/jacksonsweet/Library/Developer/Xcode/DerivedData/OPS-czavgtmnvamasvcjgszzuulfcsxj/Build/Intermediates.noindex/OPS.build/Debug-iphonesimulator/OPS.build/Objects-normal/arm64/OPS_const_extract_protocols.json -enable-experimental-feature DebugDescriptionMacro -enable-experimental-feature OpaqueTypeErasure -enable-bare-slash-regex -empty-abi-descriptor -validate-clang-modules-once -clang-build-session-file /Users/jacksonsweet/Library/Developer/Xcode/DerivedData/ModuleCache.noindex/Session.modulevalidation -Xcc -working-directory -Xcc /Users/jacksonsweet/Desktop/OPS\ APP/OPS -resource-dir /Applications/Xcode.app/Contents/Developer/Toolchains/XcodeDefault.xctoolchain/usr/lib/swift -enable-anonymous-context-mangled-names -file-compilation-dir /Users/jacksonsweet/Desktop/OPS\ APP/OPS -Xcc -D_LIBCPP_HARDENING_MODE\=_LIBCPP_HARDENING_MODE_DEBUG -Xcc -ivfsstatcache -Xcc /Users/jacksonsweet/Library/Developer/Xcode/DerivedData/SDKStatCaches.noindex/iphonesimulator18.2-22C146-07b28473f605e47e75261259d3ef3b5a.sdkstatcache -Xcc -I/Users/jacksonsweet/Library/Developer/Xcode/DerivedData/OPS-czavgtmnvamasvcjgszzuulfcsxj/Build/Intermediates.noindex/OPS.build/Debug-iphonesimulator/OPS.build/swift-overrides.hmap -Xcc -iquote -Xcc /Users/jacksonsweet/Library/Developer/Xcode/DerivedData/OPS-czavgtmnvamasvcjgszzuulfcsxj/Build/Intermediates.noindex/OPS.build/Debug-iphonesimulator/OPS.build/OPS-generated-files.hmap -Xcc -I/Users/jacksonsweet/Library/Developer/Xcode/DerivedData/OPS-czavgtmnvamasvcjgszzuulfcsxj/Build/Intermediates.noindex/OPS.build/Debug-iphonesimulator/OPS.build/OPS-own-target-headers.hmap -Xcc -I/Users/jacksonsweet/Library/Developer/Xcode/DerivedData/OPS-czavgtmnvamasvcjgszzuulfcsxj/Build/Intermediates.noindex/OPS.build/Debug-iphonesimulator/OPS.build/OPS-all-target-headers.hmap -Xcc -iquote -Xcc /Users/jacksonsweet/Library/Developer/Xcode/DerivedData/OPS-czavgtmnvamasvcjgszzuulfcsxj/Build/Intermediates.noindex/OPS.build/Debug-iphonesimulator/OPS.build/OPS-project-headers.hmap -Xcc -I/Users/jacksonsweet/Library/Developer/Xcode/DerivedData/OPS-czavgtmnvamasvcjgszzuulfcsxj/Build/Products/Debug-iphonesimulator/include -Xcc -I/Users/jacksonsweet/Library/Developer/Xcode/DerivedData/OPS-czavgtmnvamasvcjgszzuulfcsxj/Build/Intermediates.noindex/OPS.build/Debug-iphonesimulator/OPS.build/DerivedSources-normal/arm64 -Xcc -I/Users/jacksonsweet/Library/Developer/Xcode/DerivedData/OPS-czavgtmnvamasvcjgszzuulfcsxj/Build/Intermediates.noindex/OPS.build/Debug-iphonesimulator/OPS.build/DerivedSources/arm64 -Xcc -I/Users/jacksonsweet/Library/Developer/Xcode/DerivedData/OPS-czavgtmnvamasvcjgszzuulfcsxj/Build/Intermediates.noindex/OPS.build/Debug-iphonesimulator/OPS.build/DerivedSources -Xcc -DDEBUG\=1 -module-name OPS -frontend-parseable-output -disable-clang-spi -target-sdk-version 18.2 -target-sdk-name iphonesimulator18.2 -external-plugin-path /Applications/Xcode.app/Contents/Developer/Platforms/iPhoneOS.platform/Developer/usr/lib/swift/host/plugins\#/Applications/Xcode.app/Contents/Developer/Platforms/iPhoneOS.platform/Developer/usr/bin/swift-plugin-server -external-plugin-path /Applications/Xcode.app/Contents/Developer/Platforms/iPhoneOS.platform/Developer/usr/local/lib/swift/host/plugins\#/Applications/Xcode.app/Contents/Developer/Platforms/iPhoneOS.platform/Developer/usr/bin/swift-plugin-server -plugin-path /Applications/Xcode.app/Contents/Developer/Toolchains/XcodeDefault.xctoolchain/usr/lib/swift/host/plugins -plugin-path /Applications/Xcode.app/Contents/Developer/Toolchains/XcodeDefault.xctoolchain/usr/local/lib/swift/host/plugins -o /Users/jacksonsweet/Library/Developer/Xcode/DerivedData/OPS-czavgtmnvamasvcjgszzuulfcsxj/Build/Intermediates.noindex/OPS.build/Debug-iphonesimulator/OPS.build/Objects-normal/arm64/OnboardingService.o -o /Users/jacksonsweet/Library/Developer/Xcode/DerivedData/OPS-czavgtmnvamasvcjgszzuulfcsxj/Build/Intermediates.noindex/OPS.build/Debug-iphonesimulator/OPS.build/Objects-normal/arm64/OnboardingViewModel.o -o /Users/jacksonsweet/Library/Developer/Xcode/DerivedData/OPS-czavgtmnvamasvcjgszzuulfcsxj/Build/Intermediates.noindex/OPS.build/Debug-iphonesimulator/OPS.build/Objects-normal/arm64/OnboardingComponents.o -o /Users/jacksonsweet/Library/Developer/Xcode/DerivedData/OPS-czavgtmnvamasvcjgszzuulfcsxj/Build/Intermediates.noindex/OPS.build/Debug-iphonesimulator/OPS.build/Objects-normal/arm64/AccountCreatedView.o -o /Users/jacksonsweet/Library/Developer/Xcode/DerivedData/OPS-czavgtmnvamasvcjgszzuulfcsxj/Build/Intermediates.noindex/OPS.build/Debug-iphonesimulator/OPS.build/Objects-normal/arm64/CompanyCodeView.o -o /Users/jacksonsweet/Library/Developer/Xcode/DerivedData/OPS-czavgtmnvamasvcjgszzuulfcsxj/Build/Intermediates.noindex/OPS.build/Debug-iphonesimulator/OPS.build/Objects-normal/arm64/CompanyCodeViewPreview.o -o /Users/jacksonsweet/Library/Developer/Xcode/DerivedData/OPS-czavgtmnvamasvcjgszzuulfcsxj/Build/Intermediates.noindex/OPS.build/Debug-iphonesimulator/OPS.build/Objects-normal/arm64/CompletionView.o -o /Users/jacksonsweet/Library/Developer/Xcode/DerivedData/OPS-czavgtmnvamasvcjgszzuulfcsxj/Build/Intermediates.noindex/OPS.build/Debug-iphonesimulator/OPS.build/Objects-normal/arm64/CompletionViewPreview.o -o /Users/jacksonsweet/Library/Developer/Xcode/DerivedData/OPS-czavgtmnvamasvcjgszzuulfcsxj/Build/Intermediates.noindex/OPS.build/Debug-iphonesimulator/OPS.build/Objects-normal/arm64/EmailView.o -o /Users/jacksonsweet/Library/Developer/Xcode/DerivedData/OPS-czavgtmnvamasvcjgszzuulfcsxj/Build/Intermediates.noindex/OPS.build/Debug-iphonesimulator/OPS.build/Objects-normal/arm64/FieldSetupView.o -o /Users/jacksonsweet/Library/Developer/Xcode/DerivedData/OPS-czavgtmnvamasvcjgszzuulfcsxj/Build/Intermediates.noindex/OPS.build/Debug-iphonesimulator/OPS.build/Objects-normal/arm64/NotificationsView.o -o /Users/jacksonsweet/Library/Developer/Xcode/DerivedData/OPS-czavgtmnvamasvcjgszzuulfcsxj/Build/Intermediates.noindex/OPS.build/Debug-iphonesimulator/OPS.build/Objects-normal/arm64/NotificationsViewPreview.o -o /Users/jacksonsweet/Library/Developer/Xcode/DerivedData/OPS-czavgtmnvamasvcjgszzuulfcsxj/Build/Intermediates.noindex/OPS.build/Debug-iphonesimulator/OPS.build/Objects-normal/arm64/OrganizationJoinView.o -index-unit-output-path /OPS.build/Debug-iphonesimulator/OPS.build/Objects-normal/arm64/OnboardingService.o -index-unit-output-path /OPS.build/Debug-iphonesimulator/OPS.build/Objects-normal/arm64/OnboardingViewModel.o -index-unit-output-path /OPS.build/Debug-iphonesimulator/OPS.build/Objects-normal/arm64/OnboardingComponents.o -index-unit-output-path /OPS.build/Debug-iphonesimulator/OPS.build/Objects-normal/arm64/AccountCreatedView.o -index-unit-output-path /OPS.build/Debug-iphonesimulator/OPS.build/Objects-normal/arm64/CompanyCodeView.o -index-unit-output-path /OPS.build/Debug-iphonesimulator/OPS.build/Objects-normal/arm64/CompanyCodeViewPreview.o -index-unit-output-path /OPS.build/Debug-iphonesimulator/OPS.build/Objects-normal/arm64/CompletionView.o -index-unit-output-path /OPS.build/Debug-iphonesimulator/OPS.build/Objects-normal/arm64/CompletionViewPreview.o -index-unit-output-path /OPS.build/Debug-iphonesimulator/OPS.build/Objects-normal/arm64/EmailView.o -index-unit-output-path /OPS.build/Debug-iphonesimulator/OPS.build/Objects-normal/arm64/FieldSetupView.o -index-unit-output-path /OPS.build/Debug-iphonesimulator/OPS.build/Objects-normal/arm64/NotificationsView.o -index-unit-output-path /OPS.build/Debug-iphonesimulator/OPS.build/Objects-normal/arm64/NotificationsViewPreview.o -index-unit-output-path /OPS.build/Debug-iphonesimulator/OPS.build/Objects-normal/arm64/OrganizationJoinView.o -index-store-path /Users/jacksonsweet/Library/Developer/Xcode/DerivedData/OPS-czavgtmnvamasvcjgszzuulfcsxj/Index.noindex/DataStore -index-system-modules

SwiftCompile normal arm64 /Users/jacksonsweet/Desktop/OPS\ APP/OPS/OPS/Onboarding/Views/Screens/NotificationsView.swift (in target 'OPS' from project 'OPS')
    cd /Users/jacksonsweet/Desktop/OPS\ APP/OPS
    /Applications/Xcode.app/Contents/Developer/Toolchains/XcodeDefault.xctoolchain/usr/bin/swift-frontend -c /Users/jacksonsweet/Desktop/OPS\ APP/OPS/OPS/DataModels/BubbleImage.swift /Users/jacksonsweet/Desktop/OPS\ APP/OPS/OPS/DataModels/BubbleTypes.swift /Users/jacksonsweet/Desktop/OPS\ APP/OPS/OPS/DataModels/Company.swift /Users/jacksonsweet/Desktop/OPS\ APP/OPS/OPS/DataModels/Project.swift /Users/jacksonsweet/Desktop/OPS\ APP/OPS/OPS/DataModels/Status.swift /Users/jacksonsweet/Desktop/OPS\ APP/OPS/OPS/DataModels/User.swift /Users/jacksonsweet/Desktop/OPS\ APP/OPS/OPS/DataModels/UserRole.swift /Users/jacksonsweet/Desktop/OPS\ APP/OPS/OPS/Extensions/UIImage+Extensions.swift /Users/jacksonsweet/Desktop/OPS\ APP/OPS/OPS/Network/API/APIError.swift /Users/jacksonsweet/Desktop/OPS\ APP/OPS/OPS/Network/API/APIService.swift /Users/jacksonsweet/Desktop/OPS\ APP/OPS/OPS/Network/API/BubbleFields.swift /Users/jacksonsweet/Desktop/OPS\ APP/OPS/OPS/Network/Auth/AuthError.swift /Users/jacksonsweet/Desktop/OPS\ APP/OPS/OPS/Network/Auth/AuthManager.swift /Users/jacksonsweet/Desktop/OPS\ APP/OPS/OPS/Network/Auth/KeychainManager.swift /Users/jacksonsweet/Desktop/OPS\ APP/OPS/OPS/Network/DTOs/CompanyDTO.swift /Users/jacksonsweet/Desktop/OPS\ APP/OPS/OPS/Network/DTOs/ProjectDTO.swift /Users/jacksonsweet/Desktop/OPS\ APP/OPS/OPS/Network/DTOs/UserDTO.swift /Users/jacksonsweet/Desktop/OPS\ APP/OPS/OPS/Network/Endpoints/CompanyEndpoints.swift /Users/jacksonsweet/Desktop/OPS\ APP/OPS/OPS/Network/Endpoints/ProjectEndpoints.swift /Users/jacksonsweet/Desktop/OPS\ APP/OPS/OPS/Network/Endpoints/UserEndpoints.swift /Users/jacksonsweet/Desktop/OPS\ APP/OPS/OPS/Network/Sync/BackgroundTaskManager.swift /Users/jacksonsweet/Desktop/OPS\ APP/OPS/OPS/Network/Sync/SyncManager.swift /Users/jacksonsweet/Desktop/OPS\ APP/OPS/OPS/Network/ConnectivityMonitor.swift /Users/jacksonsweet/Desktop/OPS\ APP/OPS/OPS/Network/ImageSyncManager.swift /Users/jacksonsweet/Desktop/OPS\ APP/OPS/OPS/Onboarding/Coordinators/OnboardingCoordinator.swift /Users/jacksonsweet/Desktop/OPS\ APP/OPS/OPS/Onboarding/Models/OnboardingModels.swift -primary-file /Users/jacksonsweet/Desktop/OPS\ APP/OPS/OPS/Onboarding/Services/OnboardingService.swift -primary-file /Users/jacksonsweet/Desktop/OPS\ APP/OPS/OPS/Onboarding/ViewModels/OnboardingViewModel.swift -primary-file /Users/jacksonsweet/Desktop/OPS\ APP/OPS/OPS/Onboarding/Views/Components/OnboardingComponents.swift -primary-file /Users/jacksonsweet/Desktop/OPS\ APP/OPS/OPS/Onboarding/Views/Screens/AccountCreatedView.swift -primary-file /Users/jacksonsweet/Desktop/OPS\ APP/OPS/OPS/Onboarding/Views/Screens/CompanyCodeView.swift -primary-file /Users/jacksonsweet/Desktop/OPS\ APP/OPS/OPS/Onboarding/Views/Screens/CompanyCodeViewPreview.swift -primary-file /Users/jacksonsweet/Desktop/OPS\ APP/OPS/OPS/Onboarding/Views/Screens/CompletionView.swift -primary-file /Users/jacksonsweet/Desktop/OPS\ APP/OPS/OPS/Onboarding/Views/Screens/CompletionViewPreview.swift -primary-file /Users/jacksonsweet/Desktop/OPS\ APP/OPS/OPS/Onboarding/Views/Screens/EmailView.swift -primary-file /Users/jacksonsweet/Desktop/OPS\ APP/OPS/OPS/Onboarding/Views/Screens/FieldSetupView.swift -primary-file /Users/jacksonsweet/Desktop/OPS\ APP/OPS/OPS/Onboarding/Views/Screens/NotificationsView.swift -primary-file /Users/jacksonsweet/Desktop/OPS\ APP/OPS/OPS/Onboarding/Views/Screens/NotificationsViewPreview.swift -primary-file /Users/jacksonsweet/Desktop/OPS\ APP/OPS/OPS/Onboarding/Views/Screens/OrganizationJoinView.swift /Users/jacksonsweet/Desktop/OPS\ APP/OPS/OPS/Onboarding/Views/Screens/PasswordView.swift /Users/jacksonsweet/Desktop/OPS\ APP/OPS/OPS/Onboarding/Views/Screens/PasswordViewPreview.swift /Users/jacksonsweet/Desktop/OPS\ APP/OPS/OPS/Onboarding/Views/Screens/PermissionsView.swift /Users/jacksonsweet/Desktop/OPS\ APP/OPS/OPS/Onboarding/Views/Screens/PermissionsViewPreview.swift /Users/jacksonsweet/Desktop/OPS\ APP/OPS/OPS/Onboarding/Views/Screens/PhoneNumberView.swift /Users/jacksonsweet/Desktop/OPS\ APP/OPS/OPS/Onboarding/Views/Screens/PhoneNumberViewPreview.swift /Users/jacksonsweet/Desktop/OPS\ APP/OPS/OPS/Onboarding/Views/Screens/UserInfoView.swift /Users/jacksonsweet/Desktop/OPS\ APP/OPS/OPS/Onboarding/Views/Screens/UserInfoViewPreview.swift /Users/jacksonsweet/Desktop/OPS\ APP/OPS/OPS/Onboarding/Views/Screens/VerifyPhoneView.swift /Users/jacksonsweet/Desktop/OPS\ APP/OPS/OPS/Onboarding/Views/Screens/WelcomeCompanyView.swift /Users/jacksonsweet/Desktop/OPS\ APP/OPS/OPS/Onboarding/Views/Screens/WelcomeCompanyViewPreview.swift /Users/jacksonsweet/Desktop/OPS\ APP/OPS/OPS/Onboarding/Views/Screens/WelcomeView.swift /Users/jacksonsweet/Desktop/OPS\ APP/OPS/OPS/Onboarding/Views/Screens/WelcomeViewPreview.swift /Users/jacksonsweet/Desktop/OPS\ APP/OPS/OPS/Onboarding/Views/OnboardingContainerView.swift /Users/jacksonsweet/Desktop/OPS\ APP/OPS/OPS/Onboarding/Views/OnboardingFlowPreview.swift /Users/jacksonsweet/Desktop/OPS\ APP/OPS/OPS/Onboarding/Views/OnboardingPresenter.swift /Users/jacksonsweet/Desktop/OPS\ APP/OPS/OPS/Onboarding/Views/OnboardingPreviewHelpers.swift /Users/jacksonsweet/Desktop/OPS\ APP/OPS/OPS/Styles/OPSStyle.swift /Users/jacksonsweet/Desktop/OPS\ APP/OPS/OPS/Utilities/AppConfiguration.swift /Users/jacksonsweet/Desktop/OPS\ APP/OPS/OPS/Utilities/ArrayTransformer.swift /Users/jacksonsweet/Desktop/OPS\ APP/OPS/OPS/Utilities/DataController.swift /Users/jacksonsweet/Desktop/OPS\ APP/OPS/OPS/Utilities/Dateformatter\ +Bubble.swift /Users/jacksonsweet/Desktop/OPS\ APP/OPS/OPS/Utilities/DateHelper.swift /Users/jacksonsweet/Desktop/OPS\ APP/OPS/OPS/Utilities/FieldErrorHandler.swift /Users/jacksonsweet/Desktop/OPS\ APP/OPS/OPS/Utilities/ImageCache.swift /Users/jacksonsweet/Desktop/OPS\ APP/OPS/OPS/Utilities/ImageFileManager.swift /Users/jacksonsweet/Desktop/OPS\ APP/OPS/OPS/Utilities/InProgressManager.swift /Users/jacksonsweet/Desktop/OPS\ APP/OPS/OPS/Utilities/KeyboardDismissalModifier.swift /Users/jacksonsweet/Desktop/OPS\ APP/OPS/OPS/Utilities/LocationManager.swift /Users/jacksonsweet/Desktop/OPS\ APP/OPS/OPS/Utilities/OnboardingEnvironmentKey.swift /Users/jacksonsweet/Desktop/OPS\ APP/OPS/OPS/Utilities/SwiftDataHelper.swift /Users/jacksonsweet/Desktop/OPS\ APP/OPS/OPS/Utilities/UIComponents.swift /Users/jacksonsweet/Desktop/OPS\ APP/OPS/OPS/V2/CertificationsSettingsView.swift /Users/jacksonsweet/Desktop/OPS\ APP/OPS/OPS/ViewModels/CalendarViewModel.swift /Users/jacksonsweet/Desktop/OPS\ APP/OPS/OPS/ViewModels/ProjectsViewModel.swift /Users/jacksonsweet/Desktop/OPS\ APP/OPS/OPS/Views/Calendar\ Tab/Components/CalendarDaySelector.swift /Users/jacksonsweet/Desktop/OPS\ APP/OPS/OPS/Views/Calendar\ Tab/Components/CalendarHeaderView.swift /Users/jacksonsweet/Desktop/OPS\ APP/OPS/OPS/Views/Calendar\ Tab/Components/CalendarProjectCard.swift /Users/jacksonsweet/Desktop/OPS\ APP/OPS/OPS/Views/Calendar\ Tab/Components/CalendarToggleView.swift /Users/jacksonsweet/Desktop/OPS\ APP/OPS/OPS/Views/Calendar\ Tab/Components/DatePickerPopover.swift /Users/jacksonsweet/Desktop/OPS\ APP/OPS/OPS/Views/Calendar\ Tab/Components/DayCell.swift /Users/jacksonsweet/Desktop/OPS\ APP/OPS/OPS/Views/Calendar\ Tab/ProjectViews/DayProjectSheet.swift /Users/jacksonsweet/Desktop/OPS\ APP/OPS/OPS/Views/Calendar\ Tab/ProjectViews/ProjectListView.swift /Users/jacksonsweet/Desktop/OPS\ APP/OPS/OPS/Views/Calendar\ Tab/MonthGridView.swift /Users/jacksonsweet/Desktop/OPS\ APP/OPS/OPS/Views/Components/Common/AppHeader.swift /Users/jacksonsweet/Desktop/OPS\ APP/OPS/OPS/Views/Components/Common/ExpandableNotesView.swift /Users/jacksonsweet/Desktop/OPS\ APP/OPS/OPS/Views/Components/Common/LocationPermissionView.swift /Users/jacksonsweet/Desktop/OPS\ APP/OPS/OPS/Views/Components/Common/NavigationBanner.swift /Users/jacksonsweet/Desktop/OPS\ APP/OPS/OPS/Views/Components/Common/NavigationControlsView.swift /Users/jacksonsweet/Desktop/OPS\ APP/OPS/OPS/Views/Components/Common/TabBarBackground.swift /Users/jacksonsweet/Desktop/OPS\ APP/OPS/OPS/Views/Components/Images/ImagePicker.swift /Users/jacksonsweet/Desktop/OPS\ APP/OPS/OPS/Views/Components/Images/ImagePickerView.swift /Users/jacksonsweet/Desktop/OPS\ APP/OPS/OPS/Views/Components/Images/ProjectImagesSection.swift /Users/jacksonsweet/Desktop/OPS\ APP/OPS/OPS/Views/Components/Images/ProjectImagesSimple.swift /Users/jacksonsweet/Desktop/OPS\ APP/OPS/OPS/Views/Components/Images/ProjectImageView.swift /Users/jacksonsweet/Desktop/OPS\ APP/OPS/OPS/Views/Components/Images/ProjectPhotosGrid.swift /Users/jacksonsweet/Desktop/OPS\ APP/OPS/OPS/Views/Components/Map/MiniMapView.swift /Users/jacksonsweet/Desktop/OPS\ APP/OPS/OPS/Views/Components/Map/ProjectMapAnnotation.swift /Users/jacksonsweet/Desktop/OPS\ APP/OPS/OPS/Views/Components/Map/ProjectMapView.swift /Users/jacksonsweet/Desktop/OPS\ APP/OPS/OPS/Views/Components/Map/ProjectMarkerPopup.swift /Users/jacksonsweet/Desktop/OPS\ APP/OPS/OPS/Views/Components/Map/RouteDirectionsView.swift /Users/jacksonsweet/Desktop/OPS\ APP/OPS/OPS/Views/Components/Project/ProjectActionBar.swift /Users/jacksonsweet/Desktop/OPS\ APP/OPS/OPS/Views/Components/Project/ProjectCard.swift /Users/jacksonsweet/Desktop/OPS\ APP/OPS/OPS/Views/Components/Project/ProjectCarousel.swift /Users/jacksonsweet/Desktop/OPS\ APP/OPS/OPS/Views/Components/Project/ProjectDetailsView.swift /Users/jacksonsweet/Desktop/OPS\ APP/OPS/OPS/Views/Components/Project/ProjectHeader.swift /Users/jacksonsweet/Desktop/OPS\ APP/OPS/OPS/Views/Components/Project/ProjectSheetContainer.swift /Users/jacksonsweet/Desktop/OPS\ APP/OPS/OPS/Views/Components/User/TeamMemberListView.swift /Users/jacksonsweet/Desktop/OPS\ APP/OPS/OPS/Views/Components/User/UserProfileCard.swift /Users/jacksonsweet/Desktop/OPS\ APP/OPS/OPS/Views/Home/HomeContentView.swift /Users/jacksonsweet/Desktop/OPS\ APP/OPS/OPS/Views/Home/HomeView.swift /Users/jacksonsweet/Desktop/OPS\ APP/OPS/OPS/Views/Settings/OrganizationSettingsView.swift /Users/jacksonsweet/Desktop/OPS\ APP/OPS/OPS/Views/Settings/ProfileSettingsView.swift /Users/jacksonsweet/Desktop/OPS\ APP/OPS/OPS/Views/Settings/ProjectHistorySettingsView.swift /Users/jacksonsweet/Desktop/OPS\ APP/OPS/OPS/Views/LoginView.swift /Users/jacksonsweet/Desktop/OPS\ APP/OPS/OPS/Views/LoginViewPreview.swift /Users/jacksonsweet/Desktop/OPS\ APP/OPS/OPS/Views/MainTabView.swift /Users/jacksonsweet/Desktop/OPS\ APP/OPS/OPS/Views/NetworkStatusIndicator.swift /Users/jacksonsweet/Desktop/OPS\ APP/OPS/OPS/Views/ScheduleView.swift /Users/jacksonsweet/Desktop/OPS\ APP/OPS/OPS/Views/SettingsView.swift /Users/jacksonsweet/Desktop/OPS\ APP/OPS/OPS/Views/SplashScreen.swift /Users/jacksonsweet/Desktop/OPS\ APP/OPS/OPS/AppState.swift /Users/jacksonsweet/Desktop/OPS\ APP/OPS/OPS/ContentView.swift /Users/jacksonsweet/Desktop/OPS\ APP/OPS/OPS/Item.swift /Users/jacksonsweet/Desktop/OPS\ APP/OPS/OPS/OPSApp.swift /Users/jacksonsweet/Library/Developer/Xcode/DerivedData/OPS-czavgtmnvamasvcjgszzuulfcsxj/Build/Intermediates.noindex/OPS.build/Debug-iphonesimulator/OPS.build/DerivedSources/GeneratedAssetSymbols.swift -supplementary-output-file-map /Users/jacksonsweet/Library/Developer/Xcode/DerivedData/OPS-czavgtmnvamasvcjgszzuulfcsxj/Build/Intermediates.noindex/OPS.build/Debug-iphonesimulator/OPS.build/Objects-normal/arm64/supplementaryOutputs-3 -emit-localized-strings -emit-localized-strings-path /Users/jacksonsweet/Library/Developer/Xcode/DerivedData/OPS-czavgtmnvamasvcjgszzuulfcsxj/Build/Intermediates.noindex/OPS.build/Debug-iphonesimulator/OPS.build/Objects-normal/arm64 -target arm64-apple-ios18.2-simulator -Xllvm -aarch64-use-tbi -enable-objc-interop -sdk /Applications/Xcode.app/Contents/Developer/Platforms/iPhoneSimulator.platform/Developer/SDKs/iPhoneSimulator18.2.sdk -I /Users/jacksonsweet/Library/Developer/Xcode/DerivedData/OPS-czavgtmnvamasvcjgszzuulfcsxj/Build/Products/Debug-iphonesimulator -F /Users/jacksonsweet/Library/Developer/Xcode/DerivedData/OPS-czavgtmnvamasvcjgszzuulfcsxj/Build/Products/Debug-iphonesimulator -no-color-diagnostics -enable-testing -g -debug-info-format\=dwarf -dwarf-version\=5 -module-cache-path /Users/jacksonsweet/Library/Developer/Xcode/DerivedData/ModuleCache.noindex -profile-generate -profile-coverage-mapping -swift-version 5 -enforce-exclusivity\=checked -Onone -D DEBUG -serialize-debugging-options -const-gather-protocols-file /Users/jacksonsweet/Library/Developer/Xcode/DerivedData/OPS-czavgtmnvamasvcjgszzuulfcsxj/Build/Intermediates.noindex/OPS.build/Debug-iphonesimulator/OPS.build/Objects-normal/arm64/OPS_const_extract_protocols.json -enable-experimental-feature DebugDescriptionMacro -enable-experimental-feature OpaqueTypeErasure -enable-bare-slash-regex -empty-abi-descriptor -validate-clang-modules-once -clang-build-session-file /Users/jacksonsweet/Library/Developer/Xcode/DerivedData/ModuleCache.noindex/Session.modulevalidation -Xcc -working-directory -Xcc /Users/jacksonsweet/Desktop/OPS\ APP/OPS -resource-dir /Applications/Xcode.app/Contents/Developer/Toolchains/XcodeDefault.xctoolchain/usr/lib/swift -enable-anonymous-context-mangled-names -file-compilation-dir /Users/jacksonsweet/Desktop/OPS\ APP/OPS -Xcc -D_LIBCPP_HARDENING_MODE\=_LIBCPP_HARDENING_MODE_DEBUG -Xcc -ivfsstatcache -Xcc /Users/jacksonsweet/Library/Developer/Xcode/DerivedData/SDKStatCaches.noindex/iphonesimulator18.2-22C146-07b28473f605e47e75261259d3ef3b5a.sdkstatcache -Xcc -I/Users/jacksonsweet/Library/Developer/Xcode/DerivedData/OPS-czavgtmnvamasvcjgszzuulfcsxj/Build/Intermediates.noindex/OPS.build/Debug-iphonesimulator/OPS.build/swift-overrides.hmap -Xcc -iquote -Xcc /Users/jacksonsweet/Library/Developer/Xcode/DerivedData/OPS-czavgtmnvamasvcjgszzuulfcsxj/Build/Intermediates.noindex/OPS.build/Debug-iphonesimulator/OPS.build/OPS-generated-files.hmap -Xcc -I/Users/jacksonsweet/Library/Developer/Xcode/DerivedData/OPS-czavgtmnvamasvcjgszzuulfcsxj/Build/Intermediates.noindex/OPS.build/Debug-iphonesimulator/OPS.build/OPS-own-target-headers.hmap -Xcc -I/Users/jacksonsweet/Library/Developer/Xcode/DerivedData/OPS-czavgtmnvamasvcjgszzuulfcsxj/Build/Intermediates.noindex/OPS.build/Debug-iphonesimulator/OPS.build/OPS-all-target-headers.hmap -Xcc -iquote -Xcc /Users/jacksonsweet/Library/Developer/Xcode/DerivedData/OPS-czavgtmnvamasvcjgszzuulfcsxj/Build/Intermediates.noindex/OPS.build/Debug-iphonesimulator/OPS.build/OPS-project-headers.hmap -Xcc -I/Users/jacksonsweet/Library/Developer/Xcode/DerivedData/OPS-czavgtmnvamasvcjgszzuulfcsxj/Build/Products/Debug-iphonesimulator/include -Xcc -I/Users/jacksonsweet/Library/Developer/Xcode/DerivedData/OPS-czavgtmnvamasvcjgszzuulfcsxj/Build/Intermediates.noindex/OPS.build/Debug-iphonesimulator/OPS.build/DerivedSources-normal/arm64 -Xcc -I/Users/jacksonsweet/Library/Developer/Xcode/DerivedData/OPS-czavgtmnvamasvcjgszzuulfcsxj/Build/Intermediates.noindex/OPS.build/Debug-iphonesimulator/OPS.build/DerivedSources/arm64 -Xcc -I/Users/jacksonsweet/Library/Developer/Xcode/DerivedData/OPS-czavgtmnvamasvcjgszzuulfcsxj/Build/Intermediates.noindex/OPS.build/Debug-iphonesimulator/OPS.build/DerivedSources -Xcc -DDEBUG\=1 -module-name OPS -frontend-parseable-output -disable-clang-spi -target-sdk-version 18.2 -target-sdk-name iphonesimulator18.2 -external-plugin-path /Applications/Xcode.app/Contents/Developer/Platforms/iPhoneOS.platform/Developer/usr/lib/swift/host/plugins\#/Applications/Xcode.app/Contents/Developer/Platforms/iPhoneOS.platform/Developer/usr/bin/swift-plugin-server -external-plugin-path /Applications/Xcode.app/Contents/Developer/Platforms/iPhoneOS.platform/Developer/usr/local/lib/swift/host/plugins\#/Applications/Xcode.app/Contents/Developer/Platforms/iPhoneOS.platform/Developer/usr/bin/swift-plugin-server -plugin-path /Applications/Xcode.app/Contents/Developer/Toolchains/XcodeDefault.xctoolchain/usr/lib/swift/host/plugins -plugin-path /Applications/Xcode.app/Contents/Developer/Toolchains/XcodeDefault.xctoolchain/usr/local/lib/swift/host/plugins -o /Users/jacksonsweet/Library/Developer/Xcode/DerivedData/OPS-czavgtmnvamasvcjgszzuulfcsxj/Build/Intermediates.noindex/OPS.build/Debug-iphonesimulator/OPS.build/Objects-normal/arm64/OnboardingService.o -o /Users/jacksonsweet/Library/Developer/Xcode/DerivedData/OPS-czavgtmnvamasvcjgszzuulfcsxj/Build/Intermediates.noindex/OPS.build/Debug-iphonesimulator/OPS.build/Objects-normal/arm64/OnboardingViewModel.o -o /Users/jacksonsweet/Library/Developer/Xcode/DerivedData/OPS-czavgtmnvamasvcjgszzuulfcsxj/Build/Intermediates.noindex/OPS.build/Debug-iphonesimulator/OPS.build/Objects-normal/arm64/OnboardingComponents.o -o /Users/jacksonsweet/Library/Developer/Xcode/DerivedData/OPS-czavgtmnvamasvcjgszzuulfcsxj/Build/Intermediates.noindex/OPS.build/Debug-iphonesimulator/OPS.build/Objects-normal/arm64/AccountCreatedView.o -o /Users/jacksonsweet/Library/Developer/Xcode/DerivedData/OPS-czavgtmnvamasvcjgszzuulfcsxj/Build/Intermediates.noindex/OPS.build/Debug-iphonesimulator/OPS.build/Objects-normal/arm64/CompanyCodeView.o -o /Users/jacksonsweet/Library/Developer/Xcode/DerivedData/OPS-czavgtmnvamasvcjgszzuulfcsxj/Build/Intermediates.noindex/OPS.build/Debug-iphonesimulator/OPS.build/Objects-normal/arm64/CompanyCodeViewPreview.o -o /Users/jacksonsweet/Library/Developer/Xcode/DerivedData/OPS-czavgtmnvamasvcjgszzuulfcsxj/Build/Intermediates.noindex/OPS.build/Debug-iphonesimulator/OPS.build/Objects-normal/arm64/CompletionView.o -o /Users/jacksonsweet/Library/Developer/Xcode/DerivedData/OPS-czavgtmnvamasvcjgszzuulfcsxj/Build/Intermediates.noindex/OPS.build/Debug-iphonesimulator/OPS.build/Objects-normal/arm64/CompletionViewPreview.o -o /Users/jacksonsweet/Library/Developer/Xcode/DerivedData/OPS-czavgtmnvamasvcjgszzuulfcsxj/Build/Intermediates.noindex/OPS.build/Debug-iphonesimulator/OPS.build/Objects-normal/arm64/EmailView.o -o /Users/jacksonsweet/Library/Developer/Xcode/DerivedData/OPS-czavgtmnvamasvcjgszzuulfcsxj/Build/Intermediates.noindex/OPS.build/Debug-iphonesimulator/OPS.build/Objects-normal/arm64/FieldSetupView.o -o /Users/jacksonsweet/Library/Developer/Xcode/DerivedData/OPS-czavgtmnvamasvcjgszzuulfcsxj/Build/Intermediates.noindex/OPS.build/Debug-iphonesimulator/OPS.build/Objects-normal/arm64/NotificationsView.o -o /Users/jacksonsweet/Library/Developer/Xcode/DerivedData/OPS-czavgtmnvamasvcjgszzuulfcsxj/Build/Intermediates.noindex/OPS.build/Debug-iphonesimulator/OPS.build/Objects-normal/arm64/NotificationsViewPreview.o -o /Users/jacksonsweet/Library/Developer/Xcode/DerivedData/OPS-czavgtmnvamasvcjgszzuulfcsxj/Build/Intermediates.noindex/OPS.build/Debug-iphonesimulator/OPS.build/Objects-normal/arm64/OrganizationJoinView.o -index-unit-output-path /OPS.build/Debug-iphonesimulator/OPS.build/Objects-normal/arm64/OnboardingService.o -index-unit-output-path /OPS.build/Debug-iphonesimulator/OPS.build/Objects-normal/arm64/OnboardingViewModel.o -index-unit-output-path /OPS.build/Debug-iphonesimulator/OPS.build/Objects-normal/arm64/OnboardingComponents.o -index-unit-output-path /OPS.build/Debug-iphonesimulator/OPS.build/Objects-normal/arm64/AccountCreatedView.o -index-unit-output-path /OPS.build/Debug-iphonesimulator/OPS.build/Objects-normal/arm64/CompanyCodeView.o -index-unit-output-path /OPS.build/Debug-iphonesimulator/OPS.build/Objects-normal/arm64/CompanyCodeViewPreview.o -index-unit-output-path /OPS.build/Debug-iphonesimulator/OPS.build/Objects-normal/arm64/CompletionView.o -index-unit-output-path /OPS.build/Debug-iphonesimulator/OPS.build/Objects-normal/arm64/CompletionViewPreview.o -index-unit-output-path /OPS.build/Debug-iphonesimulator/OPS.build/Objects-normal/arm64/EmailView.o -index-unit-output-path /OPS.build/Debug-iphonesimulator/OPS.build/Objects-normal/arm64/FieldSetupView.o -index-unit-output-path /OPS.build/Debug-iphonesimulator/OPS.build/Objects-normal/arm64/NotificationsView.o -index-unit-output-path /OPS.build/Debug-iphonesimulator/OPS.build/Objects-normal/arm64/NotificationsViewPreview.o -index-unit-output-path /OPS.build/Debug-iphonesimulator/OPS.build/Objects-normal/arm64/OrganizationJoinView.o -index-store-path /Users/jacksonsweet/Library/Developer/Xcode/DerivedData/OPS-czavgtmnvamasvcjgszzuulfcsxj/Index.noindex/DataStore -index-system-modules

SwiftCompile normal arm64 /Users/jacksonsweet/Desktop/OPS\ APP/OPS/OPS/Onboarding/Views/Screens/NotificationsViewPreview.swift (in target 'OPS' from project 'OPS')
    cd /Users/jacksonsweet/Desktop/OPS\ APP/OPS
    /Applications/Xcode.app/Contents/Developer/Toolchains/XcodeDefault.xctoolchain/usr/bin/swift-frontend -c /Users/jacksonsweet/Desktop/OPS\ APP/OPS/OPS/DataModels/BubbleImage.swift /Users/jacksonsweet/Desktop/OPS\ APP/OPS/OPS/DataModels/BubbleTypes.swift /Users/jacksonsweet/Desktop/OPS\ APP/OPS/OPS/DataModels/Company.swift /Users/jacksonsweet/Desktop/OPS\ APP/OPS/OPS/DataModels/Project.swift /Users/jacksonsweet/Desktop/OPS\ APP/OPS/OPS/DataModels/Status.swift /Users/jacksonsweet/Desktop/OPS\ APP/OPS/OPS/DataModels/User.swift /Users/jacksonsweet/Desktop/OPS\ APP/OPS/OPS/DataModels/UserRole.swift /Users/jacksonsweet/Desktop/OPS\ APP/OPS/OPS/Extensions/UIImage+Extensions.swift /Users/jacksonsweet/Desktop/OPS\ APP/OPS/OPS/Network/API/APIError.swift /Users/jacksonsweet/Desktop/OPS\ APP/OPS/OPS/Network/API/APIService.swift /Users/jacksonsweet/Desktop/OPS\ APP/OPS/OPS/Network/API/BubbleFields.swift /Users/jacksonsweet/Desktop/OPS\ APP/OPS/OPS/Network/Auth/AuthError.swift /Users/jacksonsweet/Desktop/OPS\ APP/OPS/OPS/Network/Auth/AuthManager.swift /Users/jacksonsweet/Desktop/OPS\ APP/OPS/OPS/Network/Auth/KeychainManager.swift /Users/jacksonsweet/Desktop/OPS\ APP/OPS/OPS/Network/DTOs/CompanyDTO.swift /Users/jacksonsweet/Desktop/OPS\ APP/OPS/OPS/Network/DTOs/ProjectDTO.swift /Users/jacksonsweet/Desktop/OPS\ APP/OPS/OPS/Network/DTOs/UserDTO.swift /Users/jacksonsweet/Desktop/OPS\ APP/OPS/OPS/Network/Endpoints/CompanyEndpoints.swift /Users/jacksonsweet/Desktop/OPS\ APP/OPS/OPS/Network/Endpoints/ProjectEndpoints.swift /Users/jacksonsweet/Desktop/OPS\ APP/OPS/OPS/Network/Endpoints/UserEndpoints.swift /Users/jacksonsweet/Desktop/OPS\ APP/OPS/OPS/Network/Sync/BackgroundTaskManager.swift /Users/jacksonsweet/Desktop/OPS\ APP/OPS/OPS/Network/Sync/SyncManager.swift /Users/jacksonsweet/Desktop/OPS\ APP/OPS/OPS/Network/ConnectivityMonitor.swift /Users/jacksonsweet/Desktop/OPS\ APP/OPS/OPS/Network/ImageSyncManager.swift /Users/jacksonsweet/Desktop/OPS\ APP/OPS/OPS/Onboarding/Coordinators/OnboardingCoordinator.swift /Users/jacksonsweet/Desktop/OPS\ APP/OPS/OPS/Onboarding/Models/OnboardingModels.swift -primary-file /Users/jacksonsweet/Desktop/OPS\ APP/OPS/OPS/Onboarding/Services/OnboardingService.swift -primary-file /Users/jacksonsweet/Desktop/OPS\ APP/OPS/OPS/Onboarding/ViewModels/OnboardingViewModel.swift -primary-file /Users/jacksonsweet/Desktop/OPS\ APP/OPS/OPS/Onboarding/Views/Components/OnboardingComponents.swift -primary-file /Users/jacksonsweet/Desktop/OPS\ APP/OPS/OPS/Onboarding/Views/Screens/AccountCreatedView.swift -primary-file /Users/jacksonsweet/Desktop/OPS\ APP/OPS/OPS/Onboarding/Views/Screens/CompanyCodeView.swift -primary-file /Users/jacksonsweet/Desktop/OPS\ APP/OPS/OPS/Onboarding/Views/Screens/CompanyCodeViewPreview.swift -primary-file /Users/jacksonsweet/Desktop/OPS\ APP/OPS/OPS/Onboarding/Views/Screens/CompletionView.swift -primary-file /Users/jacksonsweet/Desktop/OPS\ APP/OPS/OPS/Onboarding/Views/Screens/CompletionViewPreview.swift -primary-file /Users/jacksonsweet/Desktop/OPS\ APP/OPS/OPS/Onboarding/Views/Screens/EmailView.swift -primary-file /Users/jacksonsweet/Desktop/OPS\ APP/OPS/OPS/Onboarding/Views/Screens/FieldSetupView.swift -primary-file /Users/jacksonsweet/Desktop/OPS\ APP/OPS/OPS/Onboarding/Views/Screens/NotificationsView.swift -primary-file /Users/jacksonsweet/Desktop/OPS\ APP/OPS/OPS/Onboarding/Views/Screens/NotificationsViewPreview.swift -primary-file /Users/jacksonsweet/Desktop/OPS\ APP/OPS/OPS/Onboarding/Views/Screens/OrganizationJoinView.swift /Users/jacksonsweet/Desktop/OPS\ APP/OPS/OPS/Onboarding/Views/Screens/PasswordView.swift /Users/jacksonsweet/Desktop/OPS\ APP/OPS/OPS/Onboarding/Views/Screens/PasswordViewPreview.swift /Users/jacksonsweet/Desktop/OPS\ APP/OPS/OPS/Onboarding/Views/Screens/PermissionsView.swift /Users/jacksonsweet/Desktop/OPS\ APP/OPS/OPS/Onboarding/Views/Screens/PermissionsViewPreview.swift /Users/jacksonsweet/Desktop/OPS\ APP/OPS/OPS/Onboarding/Views/Screens/PhoneNumberView.swift /Users/jacksonsweet/Desktop/OPS\ APP/OPS/OPS/Onboarding/Views/Screens/PhoneNumberViewPreview.swift /Users/jacksonsweet/Desktop/OPS\ APP/OPS/OPS/Onboarding/Views/Screens/UserInfoView.swift /Users/jacksonsweet/Desktop/OPS\ APP/OPS/OPS/Onboarding/Views/Screens/UserInfoViewPreview.swift /Users/jacksonsweet/Desktop/OPS\ APP/OPS/OPS/Onboarding/Views/Screens/VerifyPhoneView.swift /Users/jacksonsweet/Desktop/OPS\ APP/OPS/OPS/Onboarding/Views/Screens/WelcomeCompanyView.swift /Users/jacksonsweet/Desktop/OPS\ APP/OPS/OPS/Onboarding/Views/Screens/WelcomeCompanyViewPreview.swift /Users/jacksonsweet/Desktop/OPS\ APP/OPS/OPS/Onboarding/Views/Screens/WelcomeView.swift /Users/jacksonsweet/Desktop/OPS\ APP/OPS/OPS/Onboarding/Views/Screens/WelcomeViewPreview.swift /Users/jacksonsweet/Desktop/OPS\ APP/OPS/OPS/Onboarding/Views/OnboardingContainerView.swift /Users/jacksonsweet/Desktop/OPS\ APP/OPS/OPS/Onboarding/Views/OnboardingFlowPreview.swift /Users/jacksonsweet/Desktop/OPS\ APP/OPS/OPS/Onboarding/Views/OnboardingPresenter.swift /Users/jacksonsweet/Desktop/OPS\ APP/OPS/OPS/Onboarding/Views/OnboardingPreviewHelpers.swift /Users/jacksonsweet/Desktop/OPS\ APP/OPS/OPS/Styles/OPSStyle.swift /Users/jacksonsweet/Desktop/OPS\ APP/OPS/OPS/Utilities/AppConfiguration.swift /Users/jacksonsweet/Desktop/OPS\ APP/OPS/OPS/Utilities/ArrayTransformer.swift /Users/jacksonsweet/Desktop/OPS\ APP/OPS/OPS/Utilities/DataController.swift /Users/jacksonsweet/Desktop/OPS\ APP/OPS/OPS/Utilities/Dateformatter\ +Bubble.swift /Users/jacksonsweet/Desktop/OPS\ APP/OPS/OPS/Utilities/DateHelper.swift /Users/jacksonsweet/Desktop/OPS\ APP/OPS/OPS/Utilities/FieldErrorHandler.swift /Users/jacksonsweet/Desktop/OPS\ APP/OPS/OPS/Utilities/ImageCache.swift /Users/jacksonsweet/Desktop/OPS\ APP/OPS/OPS/Utilities/ImageFileManager.swift /Users/jacksonsweet/Desktop/OPS\ APP/OPS/OPS/Utilities/InProgressManager.swift /Users/jacksonsweet/Desktop/OPS\ APP/OPS/OPS/Utilities/KeyboardDismissalModifier.swift /Users/jacksonsweet/Desktop/OPS\ APP/OPS/OPS/Utilities/LocationManager.swift /Users/jacksonsweet/Desktop/OPS\ APP/OPS/OPS/Utilities/OnboardingEnvironmentKey.swift /Users/jacksonsweet/Desktop/OPS\ APP/OPS/OPS/Utilities/SwiftDataHelper.swift /Users/jacksonsweet/Desktop/OPS\ APP/OPS/OPS/Utilities/UIComponents.swift /Users/jacksonsweet/Desktop/OPS\ APP/OPS/OPS/V2/CertificationsSettingsView.swift /Users/jacksonsweet/Desktop/OPS\ APP/OPS/OPS/ViewModels/CalendarViewModel.swift /Users/jacksonsweet/Desktop/OPS\ APP/OPS/OPS/ViewModels/ProjectsViewModel.swift /Users/jacksonsweet/Desktop/OPS\ APP/OPS/OPS/Views/Calendar\ Tab/Components/CalendarDaySelector.swift /Users/jacksonsweet/Desktop/OPS\ APP/OPS/OPS/Views/Calendar\ Tab/Components/CalendarHeaderView.swift /Users/jacksonsweet/Desktop/OPS\ APP/OPS/OPS/Views/Calendar\ Tab/Components/CalendarProjectCard.swift /Users/jacksonsweet/Desktop/OPS\ APP/OPS/OPS/Views/Calendar\ Tab/Components/CalendarToggleView.swift /Users/jacksonsweet/Desktop/OPS\ APP/OPS/OPS/Views/Calendar\ Tab/Components/DatePickerPopover.swift /Users/jacksonsweet/Desktop/OPS\ APP/OPS/OPS/Views/Calendar\ Tab/Components/DayCell.swift /Users/jacksonsweet/Desktop/OPS\ APP/OPS/OPS/Views/Calendar\ Tab/ProjectViews/DayProjectSheet.swift /Users/jacksonsweet/Desktop/OPS\ APP/OPS/OPS/Views/Calendar\ Tab/ProjectViews/ProjectListView.swift /Users/jacksonsweet/Desktop/OPS\ APP/OPS/OPS/Views/Calendar\ Tab/MonthGridView.swift /Users/jacksonsweet/Desktop/OPS\ APP/OPS/OPS/Views/Components/Common/AppHeader.swift /Users/jacksonsweet/Desktop/OPS\ APP/OPS/OPS/Views/Components/Common/ExpandableNotesView.swift /Users/jacksonsweet/Desktop/OPS\ APP/OPS/OPS/Views/Components/Common/LocationPermissionView.swift /Users/jacksonsweet/Desktop/OPS\ APP/OPS/OPS/Views/Components/Common/NavigationBanner.swift /Users/jacksonsweet/Desktop/OPS\ APP/OPS/OPS/Views/Components/Common/NavigationControlsView.swift /Users/jacksonsweet/Desktop/OPS\ APP/OPS/OPS/Views/Components/Common/TabBarBackground.swift /Users/jacksonsweet/Desktop/OPS\ APP/OPS/OPS/Views/Components/Images/ImagePicker.swift /Users/jacksonsweet/Desktop/OPS\ APP/OPS/OPS/Views/Components/Images/ImagePickerView.swift /Users/jacksonsweet/Desktop/OPS\ APP/OPS/OPS/Views/Components/Images/ProjectImagesSection.swift /Users/jacksonsweet/Desktop/OPS\ APP/OPS/OPS/Views/Components/Images/ProjectImagesSimple.swift /Users/jacksonsweet/Desktop/OPS\ APP/OPS/OPS/Views/Components/Images/ProjectImageView.swift /Users/jacksonsweet/Desktop/OPS\ APP/OPS/OPS/Views/Components/Images/ProjectPhotosGrid.swift /Users/jacksonsweet/Desktop/OPS\ APP/OPS/OPS/Views/Components/Map/MiniMapView.swift /Users/jacksonsweet/Desktop/OPS\ APP/OPS/OPS/Views/Components/Map/ProjectMapAnnotation.swift /Users/jacksonsweet/Desktop/OPS\ APP/OPS/OPS/Views/Components/Map/ProjectMapView.swift /Users/jacksonsweet/Desktop/OPS\ APP/OPS/OPS/Views/Components/Map/ProjectMarkerPopup.swift /Users/jacksonsweet/Desktop/OPS\ APP/OPS/OPS/Views/Components/Map/RouteDirectionsView.swift /Users/jacksonsweet/Desktop/OPS\ APP/OPS/OPS/Views/Components/Project/ProjectActionBar.swift /Users/jacksonsweet/Desktop/OPS\ APP/OPS/OPS/Views/Components/Project/ProjectCard.swift /Users/jacksonsweet/Desktop/OPS\ APP/OPS/OPS/Views/Components/Project/ProjectCarousel.swift /Users/jacksonsweet/Desktop/OPS\ APP/OPS/OPS/Views/Components/Project/ProjectDetailsView.swift /Users/jacksonsweet/Desktop/OPS\ APP/OPS/OPS/Views/Components/Project/ProjectHeader.swift /Users/jacksonsweet/Desktop/OPS\ APP/OPS/OPS/Views/Components/Project/ProjectSheetContainer.swift /Users/jacksonsweet/Desktop/OPS\ APP/OPS/OPS/Views/Components/User/TeamMemberListView.swift /Users/jacksonsweet/Desktop/OPS\ APP/OPS/OPS/Views/Components/User/UserProfileCard.swift /Users/jacksonsweet/Desktop/OPS\ APP/OPS/OPS/Views/Home/HomeContentView.swift /Users/jacksonsweet/Desktop/OPS\ APP/OPS/OPS/Views/Home/HomeView.swift /Users/jacksonsweet/Desktop/OPS\ APP/OPS/OPS/Views/Settings/OrganizationSettingsView.swift /Users/jacksonsweet/Desktop/OPS\ APP/OPS/OPS/Views/Settings/ProfileSettingsView.swift /Users/jacksonsweet/Desktop/OPS\ APP/OPS/OPS/Views/Settings/ProjectHistorySettingsView.swift /Users/jacksonsweet/Desktop/OPS\ APP/OPS/OPS/Views/LoginView.swift /Users/jacksonsweet/Desktop/OPS\ APP/OPS/OPS/Views/LoginViewPreview.swift /Users/jacksonsweet/Desktop/OPS\ APP/OPS/OPS/Views/MainTabView.swift /Users/jacksonsweet/Desktop/OPS\ APP/OPS/OPS/Views/NetworkStatusIndicator.swift /Users/jacksonsweet/Desktop/OPS\ APP/OPS/OPS/Views/ScheduleView.swift /Users/jacksonsweet/Desktop/OPS\ APP/OPS/OPS/Views/SettingsView.swift /Users/jacksonsweet/Desktop/OPS\ APP/OPS/OPS/Views/SplashScreen.swift /Users/jacksonsweet/Desktop/OPS\ APP/OPS/OPS/AppState.swift /Users/jacksonsweet/Desktop/OPS\ APP/OPS/OPS/ContentView.swift /Users/jacksonsweet/Desktop/OPS\ APP/OPS/OPS/Item.swift /Users/jacksonsweet/Desktop/OPS\ APP/OPS/OPS/OPSApp.swift /Users/jacksonsweet/Library/Developer/Xcode/DerivedData/OPS-czavgtmnvamasvcjgszzuulfcsxj/Build/Intermediates.noindex/OPS.build/Debug-iphonesimulator/OPS.build/DerivedSources/GeneratedAssetSymbols.swift -supplementary-output-file-map /Users/jacksonsweet/Library/Developer/Xcode/DerivedData/OPS-czavgtmnvamasvcjgszzuulfcsxj/Build/Intermediates.noindex/OPS.build/Debug-iphonesimulator/OPS.build/Objects-normal/arm64/supplementaryOutputs-3 -emit-localized-strings -emit-localized-strings-path /Users/jacksonsweet/Library/Developer/Xcode/DerivedData/OPS-czavgtmnvamasvcjgszzuulfcsxj/Build/Intermediates.noindex/OPS.build/Debug-iphonesimulator/OPS.build/Objects-normal/arm64 -target arm64-apple-ios18.2-simulator -Xllvm -aarch64-use-tbi -enable-objc-interop -sdk /Applications/Xcode.app/Contents/Developer/Platforms/iPhoneSimulator.platform/Developer/SDKs/iPhoneSimulator18.2.sdk -I /Users/jacksonsweet/Library/Developer/Xcode/DerivedData/OPS-czavgtmnvamasvcjgszzuulfcsxj/Build/Products/Debug-iphonesimulator -F /Users/jacksonsweet/Library/Developer/Xcode/DerivedData/OPS-czavgtmnvamasvcjgszzuulfcsxj/Build/Products/Debug-iphonesimulator -no-color-diagnostics -enable-testing -g -debug-info-format\=dwarf -dwarf-version\=5 -module-cache-path /Users/jacksonsweet/Library/Developer/Xcode/DerivedData/ModuleCache.noindex -profile-generate -profile-coverage-mapping -swift-version 5 -enforce-exclusivity\=checked -Onone -D DEBUG -serialize-debugging-options -const-gather-protocols-file /Users/jacksonsweet/Library/Developer/Xcode/DerivedData/OPS-czavgtmnvamasvcjgszzuulfcsxj/Build/Intermediates.noindex/OPS.build/Debug-iphonesimulator/OPS.build/Objects-normal/arm64/OPS_const_extract_protocols.json -enable-experimental-feature DebugDescriptionMacro -enable-experimental-feature OpaqueTypeErasure -enable-bare-slash-regex -empty-abi-descriptor -validate-clang-modules-once -clang-build-session-file /Users/jacksonsweet/Library/Developer/Xcode/DerivedData/ModuleCache.noindex/Session.modulevalidation -Xcc -working-directory -Xcc /Users/jacksonsweet/Desktop/OPS\ APP/OPS -resource-dir /Applications/Xcode.app/Contents/Developer/Toolchains/XcodeDefault.xctoolchain/usr/lib/swift -enable-anonymous-context-mangled-names -file-compilation-dir /Users/jacksonsweet/Desktop/OPS\ APP/OPS -Xcc -D_LIBCPP_HARDENING_MODE\=_LIBCPP_HARDENING_MODE_DEBUG -Xcc -ivfsstatcache -Xcc /Users/jacksonsweet/Library/Developer/Xcode/DerivedData/SDKStatCaches.noindex/iphonesimulator18.2-22C146-07b28473f605e47e75261259d3ef3b5a.sdkstatcache -Xcc -I/Users/jacksonsweet/Library/Developer/Xcode/DerivedData/OPS-czavgtmnvamasvcjgszzuulfcsxj/Build/Intermediates.noindex/OPS.build/Debug-iphonesimulator/OPS.build/swift-overrides.hmap -Xcc -iquote -Xcc /Users/jacksonsweet/Library/Developer/Xcode/DerivedData/OPS-czavgtmnvamasvcjgszzuulfcsxj/Build/Intermediates.noindex/OPS.build/Debug-iphonesimulator/OPS.build/OPS-generated-files.hmap -Xcc -I/Users/jacksonsweet/Library/Developer/Xcode/DerivedData/OPS-czavgtmnvamasvcjgszzuulfcsxj/Build/Intermediates.noindex/OPS.build/Debug-iphonesimulator/OPS.build/OPS-own-target-headers.hmap -Xcc -I/Users/jacksonsweet/Library/Developer/Xcode/DerivedData/OPS-czavgtmnvamasvcjgszzuulfcsxj/Build/Intermediates.noindex/OPS.build/Debug-iphonesimulator/OPS.build/OPS-all-target-headers.hmap -Xcc -iquote -Xcc /Users/jacksonsweet/Library/Developer/Xcode/DerivedData/OPS-czavgtmnvamasvcjgszzuulfcsxj/Build/Intermediates.noindex/OPS.build/Debug-iphonesimulator/OPS.build/OPS-project-headers.hmap -Xcc -I/Users/jacksonsweet/Library/Developer/Xcode/DerivedData/OPS-czavgtmnvamasvcjgszzuulfcsxj/Build/Products/Debug-iphonesimulator/include -Xcc -I/Users/jacksonsweet/Library/Developer/Xcode/DerivedData/OPS-czavgtmnvamasvcjgszzuulfcsxj/Build/Intermediates.noindex/OPS.build/Debug-iphonesimulator/OPS.build/DerivedSources-normal/arm64 -Xcc -I/Users/jacksonsweet/Library/Developer/Xcode/DerivedData/OPS-czavgtmnvamasvcjgszzuulfcsxj/Build/Intermediates.noindex/OPS.build/Debug-iphonesimulator/OPS.build/DerivedSources/arm64 -Xcc -I/Users/jacksonsweet/Library/Developer/Xcode/DerivedData/OPS-czavgtmnvamasvcjgszzuulfcsxj/Build/Intermediates.noindex/OPS.build/Debug-iphonesimulator/OPS.build/DerivedSources -Xcc -DDEBUG\=1 -module-name OPS -frontend-parseable-output -disable-clang-spi -target-sdk-version 18.2 -target-sdk-name iphonesimulator18.2 -external-plugin-path /Applications/Xcode.app/Contents/Developer/Platforms/iPhoneOS.platform/Developer/usr/lib/swift/host/plugins\#/Applications/Xcode.app/Contents/Developer/Platforms/iPhoneOS.platform/Developer/usr/bin/swift-plugin-server -external-plugin-path /Applications/Xcode.app/Contents/Developer/Platforms/iPhoneOS.platform/Developer/usr/local/lib/swift/host/plugins\#/Applications/Xcode.app/Contents/Developer/Platforms/iPhoneOS.platform/Developer/usr/bin/swift-plugin-server -plugin-path /Applications/Xcode.app/Contents/Developer/Toolchains/XcodeDefault.xctoolchain/usr/lib/swift/host/plugins -plugin-path /Applications/Xcode.app/Contents/Developer/Toolchains/XcodeDefault.xctoolchain/usr/local/lib/swift/host/plugins -o /Users/jacksonsweet/Library/Developer/Xcode/DerivedData/OPS-czavgtmnvamasvcjgszzuulfcsxj/Build/Intermediates.noindex/OPS.build/Debug-iphonesimulator/OPS.build/Objects-normal/arm64/OnboardingService.o -o /Users/jacksonsweet/Library/Developer/Xcode/DerivedData/OPS-czavgtmnvamasvcjgszzuulfcsxj/Build/Intermediates.noindex/OPS.build/Debug-iphonesimulator/OPS.build/Objects-normal/arm64/OnboardingViewModel.o -o /Users/jacksonsweet/Library/Developer/Xcode/DerivedData/OPS-czavgtmnvamasvcjgszzuulfcsxj/Build/Intermediates.noindex/OPS.build/Debug-iphonesimulator/OPS.build/Objects-normal/arm64/OnboardingComponents.o -o /Users/jacksonsweet/Library/Developer/Xcode/DerivedData/OPS-czavgtmnvamasvcjgszzuulfcsxj/Build/Intermediates.noindex/OPS.build/Debug-iphonesimulator/OPS.build/Objects-normal/arm64/AccountCreatedView.o -o /Users/jacksonsweet/Library/Developer/Xcode/DerivedData/OPS-czavgtmnvamasvcjgszzuulfcsxj/Build/Intermediates.noindex/OPS.build/Debug-iphonesimulator/OPS.build/Objects-normal/arm64/CompanyCodeView.o -o /Users/jacksonsweet/Library/Developer/Xcode/DerivedData/OPS-czavgtmnvamasvcjgszzuulfcsxj/Build/Intermediates.noindex/OPS.build/Debug-iphonesimulator/OPS.build/Objects-normal/arm64/CompanyCodeViewPreview.o -o /Users/jacksonsweet/Library/Developer/Xcode/DerivedData/OPS-czavgtmnvamasvcjgszzuulfcsxj/Build/Intermediates.noindex/OPS.build/Debug-iphonesimulator/OPS.build/Objects-normal/arm64/CompletionView.o -o /Users/jacksonsweet/Library/Developer/Xcode/DerivedData/OPS-czavgtmnvamasvcjgszzuulfcsxj/Build/Intermediates.noindex/OPS.build/Debug-iphonesimulator/OPS.build/Objects-normal/arm64/CompletionViewPreview.o -o /Users/jacksonsweet/Library/Developer/Xcode/DerivedData/OPS-czavgtmnvamasvcjgszzuulfcsxj/Build/Intermediates.noindex/OPS.build/Debug-iphonesimulator/OPS.build/Objects-normal/arm64/EmailView.o -o /Users/jacksonsweet/Library/Developer/Xcode/DerivedData/OPS-czavgtmnvamasvcjgszzuulfcsxj/Build/Intermediates.noindex/OPS.build/Debug-iphonesimulator/OPS.build/Objects-normal/arm64/FieldSetupView.o -o /Users/jacksonsweet/Library/Developer/Xcode/DerivedData/OPS-czavgtmnvamasvcjgszzuulfcsxj/Build/Intermediates.noindex/OPS.build/Debug-iphonesimulator/OPS.build/Objects-normal/arm64/NotificationsView.o -o /Users/jacksonsweet/Library/Developer/Xcode/DerivedData/OPS-czavgtmnvamasvcjgszzuulfcsxj/Build/Intermediates.noindex/OPS.build/Debug-iphonesimulator/OPS.build/Objects-normal/arm64/NotificationsViewPreview.o -o /Users/jacksonsweet/Library/Developer/Xcode/DerivedData/OPS-czavgtmnvamasvcjgszzuulfcsxj/Build/Intermediates.noindex/OPS.build/Debug-iphonesimulator/OPS.build/Objects-normal/arm64/OrganizationJoinView.o -index-unit-output-path /OPS.build/Debug-iphonesimulator/OPS.build/Objects-normal/arm64/OnboardingService.o -index-unit-output-path /OPS.build/Debug-iphonesimulator/OPS.build/Objects-normal/arm64/OnboardingViewModel.o -index-unit-output-path /OPS.build/Debug-iphonesimulator/OPS.build/Objects-normal/arm64/OnboardingComponents.o -index-unit-output-path /OPS.build/Debug-iphonesimulator/OPS.build/Objects-normal/arm64/AccountCreatedView.o -index-unit-output-path /OPS.build/Debug-iphonesimulator/OPS.build/Objects-normal/arm64/CompanyCodeView.o -index-unit-output-path /OPS.build/Debug-iphonesimulator/OPS.build/Objects-normal/arm64/CompanyCodeViewPreview.o -index-unit-output-path /OPS.build/Debug-iphonesimulator/OPS.build/Objects-normal/arm64/CompletionView.o -index-unit-output-path /OPS.build/Debug-iphonesimulator/OPS.build/Objects-normal/arm64/CompletionViewPreview.o -index-unit-output-path /OPS.build/Debug-iphonesimulator/OPS.build/Objects-normal/arm64/EmailView.o -index-unit-output-path /OPS.build/Debug-iphonesimulator/OPS.build/Objects-normal/arm64/FieldSetupView.o -index-unit-output-path /OPS.build/Debug-iphonesimulator/OPS.build/Objects-normal/arm64/NotificationsView.o -index-unit-output-path /OPS.build/Debug-iphonesimulator/OPS.build/Objects-normal/arm64/NotificationsViewPreview.o -index-unit-output-path /OPS.build/Debug-iphonesimulator/OPS.build/Objects-normal/arm64/OrganizationJoinView.o -index-store-path /Users/jacksonsweet/Library/Developer/Xcode/DerivedData/OPS-czavgtmnvamasvcjgszzuulfcsxj/Index.noindex/DataStore -index-system-modules

SwiftCompile normal arm64 /Users/jacksonsweet/Desktop/OPS\ APP/OPS/OPS/Onboarding/Views/Screens/OrganizationJoinView.swift (in target 'OPS' from project 'OPS')
    cd /Users/jacksonsweet/Desktop/OPS\ APP/OPS
    /Applications/Xcode.app/Contents/Developer/Toolchains/XcodeDefault.xctoolchain/usr/bin/swift-frontend -c /Users/jacksonsweet/Desktop/OPS\ APP/OPS/OPS/DataModels/BubbleImage.swift /Users/jacksonsweet/Desktop/OPS\ APP/OPS/OPS/DataModels/BubbleTypes.swift /Users/jacksonsweet/Desktop/OPS\ APP/OPS/OPS/DataModels/Company.swift /Users/jacksonsweet/Desktop/OPS\ APP/OPS/OPS/DataModels/Project.swift /Users/jacksonsweet/Desktop/OPS\ APP/OPS/OPS/DataModels/Status.swift /Users/jacksonsweet/Desktop/OPS\ APP/OPS/OPS/DataModels/User.swift /Users/jacksonsweet/Desktop/OPS\ APP/OPS/OPS/DataModels/UserRole.swift /Users/jacksonsweet/Desktop/OPS\ APP/OPS/OPS/Extensions/UIImage+Extensions.swift /Users/jacksonsweet/Desktop/OPS\ APP/OPS/OPS/Network/API/APIError.swift /Users/jacksonsweet/Desktop/OPS\ APP/OPS/OPS/Network/API/APIService.swift /Users/jacksonsweet/Desktop/OPS\ APP/OPS/OPS/Network/API/BubbleFields.swift /Users/jacksonsweet/Desktop/OPS\ APP/OPS/OPS/Network/Auth/AuthError.swift /Users/jacksonsweet/Desktop/OPS\ APP/OPS/OPS/Network/Auth/AuthManager.swift /Users/jacksonsweet/Desktop/OPS\ APP/OPS/OPS/Network/Auth/KeychainManager.swift /Users/jacksonsweet/Desktop/OPS\ APP/OPS/OPS/Network/DTOs/CompanyDTO.swift /Users/jacksonsweet/Desktop/OPS\ APP/OPS/OPS/Network/DTOs/ProjectDTO.swift /Users/jacksonsweet/Desktop/OPS\ APP/OPS/OPS/Network/DTOs/UserDTO.swift /Users/jacksonsweet/Desktop/OPS\ APP/OPS/OPS/Network/Endpoints/CompanyEndpoints.swift /Users/jacksonsweet/Desktop/OPS\ APP/OPS/OPS/Network/Endpoints/ProjectEndpoints.swift /Users/jacksonsweet/Desktop/OPS\ APP/OPS/OPS/Network/Endpoints/UserEndpoints.swift /Users/jacksonsweet/Desktop/OPS\ APP/OPS/OPS/Network/Sync/BackgroundTaskManager.swift /Users/jacksonsweet/Desktop/OPS\ APP/OPS/OPS/Network/Sync/SyncManager.swift /Users/jacksonsweet/Desktop/OPS\ APP/OPS/OPS/Network/ConnectivityMonitor.swift /Users/jacksonsweet/Desktop/OPS\ APP/OPS/OPS/Network/ImageSyncManager.swift /Users/jacksonsweet/Desktop/OPS\ APP/OPS/OPS/Onboarding/Coordinators/OnboardingCoordinator.swift /Users/jacksonsweet/Desktop/OPS\ APP/OPS/OPS/Onboarding/Models/OnboardingModels.swift -primary-file /Users/jacksonsweet/Desktop/OPS\ APP/OPS/OPS/Onboarding/Services/OnboardingService.swift -primary-file /Users/jacksonsweet/Desktop/OPS\ APP/OPS/OPS/Onboarding/ViewModels/OnboardingViewModel.swift -primary-file /Users/jacksonsweet/Desktop/OPS\ APP/OPS/OPS/Onboarding/Views/Components/OnboardingComponents.swift -primary-file /Users/jacksonsweet/Desktop/OPS\ APP/OPS/OPS/Onboarding/Views/Screens/AccountCreatedView.swift -primary-file /Users/jacksonsweet/Desktop/OPS\ APP/OPS/OPS/Onboarding/Views/Screens/CompanyCodeView.swift -primary-file /Users/jacksonsweet/Desktop/OPS\ APP/OPS/OPS/Onboarding/Views/Screens/CompanyCodeViewPreview.swift -primary-file /Users/jacksonsweet/Desktop/OPS\ APP/OPS/OPS/Onboarding/Views/Screens/CompletionView.swift -primary-file /Users/jacksonsweet/Desktop/OPS\ APP/OPS/OPS/Onboarding/Views/Screens/CompletionViewPreview.swift -primary-file /Users/jacksonsweet/Desktop/OPS\ APP/OPS/OPS/Onboarding/Views/Screens/EmailView.swift -primary-file /Users/jacksonsweet/Desktop/OPS\ APP/OPS/OPS/Onboarding/Views/Screens/FieldSetupView.swift -primary-file /Users/jacksonsweet/Desktop/OPS\ APP/OPS/OPS/Onboarding/Views/Screens/NotificationsView.swift -primary-file /Users/jacksonsweet/Desktop/OPS\ APP/OPS/OPS/Onboarding/Views/Screens/NotificationsViewPreview.swift -primary-file /Users/jacksonsweet/Desktop/OPS\ APP/OPS/OPS/Onboarding/Views/Screens/OrganizationJoinView.swift /Users/jacksonsweet/Desktop/OPS\ APP/OPS/OPS/Onboarding/Views/Screens/PasswordView.swift /Users/jacksonsweet/Desktop/OPS\ APP/OPS/OPS/Onboarding/Views/Screens/PasswordViewPreview.swift /Users/jacksonsweet/Desktop/OPS\ APP/OPS/OPS/Onboarding/Views/Screens/PermissionsView.swift /Users/jacksonsweet/Desktop/OPS\ APP/OPS/OPS/Onboarding/Views/Screens/PermissionsViewPreview.swift /Users/jacksonsweet/Desktop/OPS\ APP/OPS/OPS/Onboarding/Views/Screens/PhoneNumberView.swift /Users/jacksonsweet/Desktop/OPS\ APP/OPS/OPS/Onboarding/Views/Screens/PhoneNumberViewPreview.swift /Users/jacksonsweet/Desktop/OPS\ APP/OPS/OPS/Onboarding/Views/Screens/UserInfoView.swift /Users/jacksonsweet/Desktop/OPS\ APP/OPS/OPS/Onboarding/Views/Screens/UserInfoViewPreview.swift /Users/jacksonsweet/Desktop/OPS\ APP/OPS/OPS/Onboarding/Views/Screens/VerifyPhoneView.swift /Users/jacksonsweet/Desktop/OPS\ APP/OPS/OPS/Onboarding/Views/Screens/WelcomeCompanyView.swift /Users/jacksonsweet/Desktop/OPS\ APP/OPS/OPS/Onboarding/Views/Screens/WelcomeCompanyViewPreview.swift /Users/jacksonsweet/Desktop/OPS\ APP/OPS/OPS/Onboarding/Views/Screens/WelcomeView.swift /Users/jacksonsweet/Desktop/OPS\ APP/OPS/OPS/Onboarding/Views/Screens/WelcomeViewPreview.swift /Users/jacksonsweet/Desktop/OPS\ APP/OPS/OPS/Onboarding/Views/OnboardingContainerView.swift /Users/jacksonsweet/Desktop/OPS\ APP/OPS/OPS/Onboarding/Views/OnboardingFlowPreview.swift /Users/jacksonsweet/Desktop/OPS\ APP/OPS/OPS/Onboarding/Views/OnboardingPresenter.swift /Users/jacksonsweet/Desktop/OPS\ APP/OPS/OPS/Onboarding/Views/OnboardingPreviewHelpers.swift /Users/jacksonsweet/Desktop/OPS\ APP/OPS/OPS/Styles/OPSStyle.swift /Users/jacksonsweet/Desktop/OPS\ APP/OPS/OPS/Utilities/AppConfiguration.swift /Users/jacksonsweet/Desktop/OPS\ APP/OPS/OPS/Utilities/ArrayTransformer.swift /Users/jacksonsweet/Desktop/OPS\ APP/OPS/OPS/Utilities/DataController.swift /Users/jacksonsweet/Desktop/OPS\ APP/OPS/OPS/Utilities/Dateformatter\ +Bubble.swift /Users/jacksonsweet/Desktop/OPS\ APP/OPS/OPS/Utilities/DateHelper.swift /Users/jacksonsweet/Desktop/OPS\ APP/OPS/OPS/Utilities/FieldErrorHandler.swift /Users/jacksonsweet/Desktop/OPS\ APP/OPS/OPS/Utilities/ImageCache.swift /Users/jacksonsweet/Desktop/OPS\ APP/OPS/OPS/Utilities/ImageFileManager.swift /Users/jacksonsweet/Desktop/OPS\ APP/OPS/OPS/Utilities/InProgressManager.swift /Users/jacksonsweet/Desktop/OPS\ APP/OPS/OPS/Utilities/KeyboardDismissalModifier.swift /Users/jacksonsweet/Desktop/OPS\ APP/OPS/OPS/Utilities/LocationManager.swift /Users/jacksonsweet/Desktop/OPS\ APP/OPS/OPS/Utilities/OnboardingEnvironmentKey.swift /Users/jacksonsweet/Desktop/OPS\ APP/OPS/OPS/Utilities/SwiftDataHelper.swift /Users/jacksonsweet/Desktop/OPS\ APP/OPS/OPS/Utilities/UIComponents.swift /Users/jacksonsweet/Desktop/OPS\ APP/OPS/OPS/V2/CertificationsSettingsView.swift /Users/jacksonsweet/Desktop/OPS\ APP/OPS/OPS/ViewModels/CalendarViewModel.swift /Users/jacksonsweet/Desktop/OPS\ APP/OPS/OPS/ViewModels/ProjectsViewModel.swift /Users/jacksonsweet/Desktop/OPS\ APP/OPS/OPS/Views/Calendar\ Tab/Components/CalendarDaySelector.swift /Users/jacksonsweet/Desktop/OPS\ APP/OPS/OPS/Views/Calendar\ Tab/Components/CalendarHeaderView.swift /Users/jacksonsweet/Desktop/OPS\ APP/OPS/OPS/Views/Calendar\ Tab/Components/CalendarProjectCard.swift /Users/jacksonsweet/Desktop/OPS\ APP/OPS/OPS/Views/Calendar\ Tab/Components/CalendarToggleView.swift /Users/jacksonsweet/Desktop/OPS\ APP/OPS/OPS/Views/Calendar\ Tab/Components/DatePickerPopover.swift /Users/jacksonsweet/Desktop/OPS\ APP/OPS/OPS/Views/Calendar\ Tab/Components/DayCell.swift /Users/jacksonsweet/Desktop/OPS\ APP/OPS/OPS/Views/Calendar\ Tab/ProjectViews/DayProjectSheet.swift /Users/jacksonsweet/Desktop/OPS\ APP/OPS/OPS/Views/Calendar\ Tab/ProjectViews/ProjectListView.swift /Users/jacksonsweet/Desktop/OPS\ APP/OPS/OPS/Views/Calendar\ Tab/MonthGridView.swift /Users/jacksonsweet/Desktop/OPS\ APP/OPS/OPS/Views/Components/Common/AppHeader.swift /Users/jacksonsweet/Desktop/OPS\ APP/OPS/OPS/Views/Components/Common/ExpandableNotesView.swift /Users/jacksonsweet/Desktop/OPS\ APP/OPS/OPS/Views/Components/Common/LocationPermissionView.swift /Users/jacksonsweet/Desktop/OPS\ APP/OPS/OPS/Views/Components/Common/NavigationBanner.swift /Users/jacksonsweet/Desktop/OPS\ APP/OPS/OPS/Views/Components/Common/NavigationControlsView.swift /Users/jacksonsweet/Desktop/OPS\ APP/OPS/OPS/Views/Components/Common/TabBarBackground.swift /Users/jacksonsweet/Desktop/OPS\ APP/OPS/OPS/Views/Components/Images/ImagePicker.swift /Users/jacksonsweet/Desktop/OPS\ APP/OPS/OPS/Views/Components/Images/ImagePickerView.swift /Users/jacksonsweet/Desktop/OPS\ APP/OPS/OPS/Views/Components/Images/ProjectImagesSection.swift /Users/jacksonsweet/Desktop/OPS\ APP/OPS/OPS/Views/Components/Images/ProjectImagesSimple.swift /Users/jacksonsweet/Desktop/OPS\ APP/OPS/OPS/Views/Components/Images/ProjectImageView.swift /Users/jacksonsweet/Desktop/OPS\ APP/OPS/OPS/Views/Components/Images/ProjectPhotosGrid.swift /Users/jacksonsweet/Desktop/OPS\ APP/OPS/OPS/Views/Components/Map/MiniMapView.swift /Users/jacksonsweet/Desktop/OPS\ APP/OPS/OPS/Views/Components/Map/ProjectMapAnnotation.swift /Users/jacksonsweet/Desktop/OPS\ APP/OPS/OPS/Views/Components/Map/ProjectMapView.swift /Users/jacksonsweet/Desktop/OPS\ APP/OPS/OPS/Views/Components/Map/ProjectMarkerPopup.swift /Users/jacksonsweet/Desktop/OPS\ APP/OPS/OPS/Views/Components/Map/RouteDirectionsView.swift /Users/jacksonsweet/Desktop/OPS\ APP/OPS/OPS/Views/Components/Project/ProjectActionBar.swift /Users/jacksonsweet/Desktop/OPS\ APP/OPS/OPS/Views/Components/Project/ProjectCard.swift /Users/jacksonsweet/Desktop/OPS\ APP/OPS/OPS/Views/Components/Project/ProjectCarousel.swift /Users/jacksonsweet/Desktop/OPS\ APP/OPS/OPS/Views/Components/Project/ProjectDetailsView.swift /Users/jacksonsweet/Desktop/OPS\ APP/OPS/OPS/Views/Components/Project/ProjectHeader.swift /Users/jacksonsweet/Desktop/OPS\ APP/OPS/OPS/Views/Components/Project/ProjectSheetContainer.swift /Users/jacksonsweet/Desktop/OPS\ APP/OPS/OPS/Views/Components/User/TeamMemberListView.swift /Users/jacksonsweet/Desktop/OPS\ APP/OPS/OPS/Views/Components/User/UserProfileCard.swift /Users/jacksonsweet/Desktop/OPS\ APP/OPS/OPS/Views/Home/HomeContentView.swift /Users/jacksonsweet/Desktop/OPS\ APP/OPS/OPS/Views/Home/HomeView.swift /Users/jacksonsweet/Desktop/OPS\ APP/OPS/OPS/Views/Settings/OrganizationSettingsView.swift /Users/jacksonsweet/Desktop/OPS\ APP/OPS/OPS/Views/Settings/ProfileSettingsView.swift /Users/jacksonsweet/Desktop/OPS\ APP/OPS/OPS/Views/Settings/ProjectHistorySettingsView.swift /Users/jacksonsweet/Desktop/OPS\ APP/OPS/OPS/Views/LoginView.swift /Users/jacksonsweet/Desktop/OPS\ APP/OPS/OPS/Views/LoginViewPreview.swift /Users/jacksonsweet/Desktop/OPS\ APP/OPS/OPS/Views/MainTabView.swift /Users/jacksonsweet/Desktop/OPS\ APP/OPS/OPS/Views/NetworkStatusIndicator.swift /Users/jacksonsweet/Desktop/OPS\ APP/OPS/OPS/Views/ScheduleView.swift /Users/jacksonsweet/Desktop/OPS\ APP/OPS/OPS/Views/SettingsView.swift /Users/jacksonsweet/Desktop/OPS\ APP/OPS/OPS/Views/SplashScreen.swift /Users/jacksonsweet/Desktop/OPS\ APP/OPS/OPS/AppState.swift /Users/jacksonsweet/Desktop/OPS\ APP/OPS/OPS/ContentView.swift /Users/jacksonsweet/Desktop/OPS\ APP/OPS/OPS/Item.swift /Users/jacksonsweet/Desktop/OPS\ APP/OPS/OPS/OPSApp.swift /Users/jacksonsweet/Library/Developer/Xcode/DerivedData/OPS-czavgtmnvamasvcjgszzuulfcsxj/Build/Intermediates.noindex/OPS.build/Debug-iphonesimulator/OPS.build/DerivedSources/GeneratedAssetSymbols.swift -supplementary-output-file-map /Users/jacksonsweet/Library/Developer/Xcode/DerivedData/OPS-czavgtmnvamasvcjgszzuulfcsxj/Build/Intermediates.noindex/OPS.build/Debug-iphonesimulator/OPS.build/Objects-normal/arm64/supplementaryOutputs-3 -emit-localized-strings -emit-localized-strings-path /Users/jacksonsweet/Library/Developer/Xcode/DerivedData/OPS-czavgtmnvamasvcjgszzuulfcsxj/Build/Intermediates.noindex/OPS.build/Debug-iphonesimulator/OPS.build/Objects-normal/arm64 -target arm64-apple-ios18.2-simulator -Xllvm -aarch64-use-tbi -enable-objc-interop -sdk /Applications/Xcode.app/Contents/Developer/Platforms/iPhoneSimulator.platform/Developer/SDKs/iPhoneSimulator18.2.sdk -I /Users/jacksonsweet/Library/Developer/Xcode/DerivedData/OPS-czavgtmnvamasvcjgszzuulfcsxj/Build/Products/Debug-iphonesimulator -F /Users/jacksonsweet/Library/Developer/Xcode/DerivedData/OPS-czavgtmnvamasvcjgszzuulfcsxj/Build/Products/Debug-iphonesimulator -no-color-diagnostics -enable-testing -g -debug-info-format\=dwarf -dwarf-version\=5 -module-cache-path /Users/jacksonsweet/Library/Developer/Xcode/DerivedData/ModuleCache.noindex -profile-generate -profile-coverage-mapping -swift-version 5 -enforce-exclusivity\=checked -Onone -D DEBUG -serialize-debugging-options -const-gather-protocols-file /Users/jacksonsweet/Library/Developer/Xcode/DerivedData/OPS-czavgtmnvamasvcjgszzuulfcsxj/Build/Intermediates.noindex/OPS.build/Debug-iphonesimulator/OPS.build/Objects-normal/arm64/OPS_const_extract_protocols.json -enable-experimental-feature DebugDescriptionMacro -enable-experimental-feature OpaqueTypeErasure -enable-bare-slash-regex -empty-abi-descriptor -validate-clang-modules-once -clang-build-session-file /Users/jacksonsweet/Library/Developer/Xcode/DerivedData/ModuleCache.noindex/Session.modulevalidation -Xcc -working-directory -Xcc /Users/jacksonsweet/Desktop/OPS\ APP/OPS -resource-dir /Applications/Xcode.app/Contents/Developer/Toolchains/XcodeDefault.xctoolchain/usr/lib/swift -enable-anonymous-context-mangled-names -file-compilation-dir /Users/jacksonsweet/Desktop/OPS\ APP/OPS -Xcc -D_LIBCPP_HARDENING_MODE\=_LIBCPP_HARDENING_MODE_DEBUG -Xcc -ivfsstatcache -Xcc /Users/jacksonsweet/Library/Developer/Xcode/DerivedData/SDKStatCaches.noindex/iphonesimulator18.2-22C146-07b28473f605e47e75261259d3ef3b5a.sdkstatcache -Xcc -I/Users/jacksonsweet/Library/Developer/Xcode/DerivedData/OPS-czavgtmnvamasvcjgszzuulfcsxj/Build/Intermediates.noindex/OPS.build/Debug-iphonesimulator/OPS.build/swift-overrides.hmap -Xcc -iquote -Xcc /Users/jacksonsweet/Library/Developer/Xcode/DerivedData/OPS-czavgtmnvamasvcjgszzuulfcsxj/Build/Intermediates.noindex/OPS.build/Debug-iphonesimulator/OPS.build/OPS-generated-files.hmap -Xcc -I/Users/jacksonsweet/Library/Developer/Xcode/DerivedData/OPS-czavgtmnvamasvcjgszzuulfcsxj/Build/Intermediates.noindex/OPS.build/Debug-iphonesimulator/OPS.build/OPS-own-target-headers.hmap -Xcc -I/Users/jacksonsweet/Library/Developer/Xcode/DerivedData/OPS-czavgtmnvamasvcjgszzuulfcsxj/Build/Intermediates.noindex/OPS.build/Debug-iphonesimulator/OPS.build/OPS-all-target-headers.hmap -Xcc -iquote -Xcc /Users/jacksonsweet/Library/Developer/Xcode/DerivedData/OPS-czavgtmnvamasvcjgszzuulfcsxj/Build/Intermediates.noindex/OPS.build/Debug-iphonesimulator/OPS.build/OPS-project-headers.hmap -Xcc -I/Users/jacksonsweet/Library/Developer/Xcode/DerivedData/OPS-czavgtmnvamasvcjgszzuulfcsxj/Build/Products/Debug-iphonesimulator/include -Xcc -I/Users/jacksonsweet/Library/Developer/Xcode/DerivedData/OPS-czavgtmnvamasvcjgszzuulfcsxj/Build/Intermediates.noindex/OPS.build/Debug-iphonesimulator/OPS.build/DerivedSources-normal/arm64 -Xcc -I/Users/jacksonsweet/Library/Developer/Xcode/DerivedData/OPS-czavgtmnvamasvcjgszzuulfcsxj/Build/Intermediates.noindex/OPS.build/Debug-iphonesimulator/OPS.build/DerivedSources/arm64 -Xcc -I/Users/jacksonsweet/Library/Developer/Xcode/DerivedData/OPS-czavgtmnvamasvcjgszzuulfcsxj/Build/Intermediates.noindex/OPS.build/Debug-iphonesimulator/OPS.build/DerivedSources -Xcc -DDEBUG\=1 -module-name OPS -frontend-parseable-output -disable-clang-spi -target-sdk-version 18.2 -target-sdk-name iphonesimulator18.2 -external-plugin-path /Applications/Xcode.app/Contents/Developer/Platforms/iPhoneOS.platform/Developer/usr/lib/swift/host/plugins\#/Applications/Xcode.app/Contents/Developer/Platforms/iPhoneOS.platform/Developer/usr/bin/swift-plugin-server -external-plugin-path /Applications/Xcode.app/Contents/Developer/Platforms/iPhoneOS.platform/Developer/usr/local/lib/swift/host/plugins\#/Applications/Xcode.app/Contents/Developer/Platforms/iPhoneOS.platform/Developer/usr/bin/swift-plugin-server -plugin-path /Applications/Xcode.app/Contents/Developer/Toolchains/XcodeDefault.xctoolchain/usr/lib/swift/host/plugins -plugin-path /Applications/Xcode.app/Contents/Developer/Toolchains/XcodeDefault.xctoolchain/usr/local/lib/swift/host/plugins -o /Users/jacksonsweet/Library/Developer/Xcode/DerivedData/OPS-czavgtmnvamasvcjgszzuulfcsxj/Build/Intermediates.noindex/OPS.build/Debug-iphonesimulator/OPS.build/Objects-normal/arm64/OnboardingService.o -o /Users/jacksonsweet/Library/Developer/Xcode/DerivedData/OPS-czavgtmnvamasvcjgszzuulfcsxj/Build/Intermediates.noindex/OPS.build/Debug-iphonesimulator/OPS.build/Objects-normal/arm64/OnboardingViewModel.o -o /Users/jacksonsweet/Library/Developer/Xcode/DerivedData/OPS-czavgtmnvamasvcjgszzuulfcsxj/Build/Intermediates.noindex/OPS.build/Debug-iphonesimulator/OPS.build/Objects-normal/arm64/OnboardingComponents.o -o /Users/jacksonsweet/Library/Developer/Xcode/DerivedData/OPS-czavgtmnvamasvcjgszzuulfcsxj/Build/Intermediates.noindex/OPS.build/Debug-iphonesimulator/OPS.build/Objects-normal/arm64/AccountCreatedView.o -o /Users/jacksonsweet/Library/Developer/Xcode/DerivedData/OPS-czavgtmnvamasvcjgszzuulfcsxj/Build/Intermediates.noindex/OPS.build/Debug-iphonesimulator/OPS.build/Objects-normal/arm64/CompanyCodeView.o -o /Users/jacksonsweet/Library/Developer/Xcode/DerivedData/OPS-czavgtmnvamasvcjgszzuulfcsxj/Build/Intermediates.noindex/OPS.build/Debug-iphonesimulator/OPS.build/Objects-normal/arm64/CompanyCodeViewPreview.o -o /Users/jacksonsweet/Library/Developer/Xcode/DerivedData/OPS-czavgtmnvamasvcjgszzuulfcsxj/Build/Intermediates.noindex/OPS.build/Debug-iphonesimulator/OPS.build/Objects-normal/arm64/CompletionView.o -o /Users/jacksonsweet/Library/Developer/Xcode/DerivedData/OPS-czavgtmnvamasvcjgszzuulfcsxj/Build/Intermediates.noindex/OPS.build/Debug-iphonesimulator/OPS.build/Objects-normal/arm64/CompletionViewPreview.o -o /Users/jacksonsweet/Library/Developer/Xcode/DerivedData/OPS-czavgtmnvamasvcjgszzuulfcsxj/Build/Intermediates.noindex/OPS.build/Debug-iphonesimulator/OPS.build/Objects-normal/arm64/EmailView.o -o /Users/jacksonsweet/Library/Developer/Xcode/DerivedData/OPS-czavgtmnvamasvcjgszzuulfcsxj/Build/Intermediates.noindex/OPS.build/Debug-iphonesimulator/OPS.build/Objects-normal/arm64/FieldSetupView.o -o /Users/jacksonsweet/Library/Developer/Xcode/DerivedData/OPS-czavgtmnvamasvcjgszzuulfcsxj/Build/Intermediates.noindex/OPS.build/Debug-iphonesimulator/OPS.build/Objects-normal/arm64/NotificationsView.o -o /Users/jacksonsweet/Library/Developer/Xcode/DerivedData/OPS-czavgtmnvamasvcjgszzuulfcsxj/Build/Intermediates.noindex/OPS.build/Debug-iphonesimulator/OPS.build/Objects-normal/arm64/NotificationsViewPreview.o -o /Users/jacksonsweet/Library/Developer/Xcode/DerivedData/OPS-czavgtmnvamasvcjgszzuulfcsxj/Build/Intermediates.noindex/OPS.build/Debug-iphonesimulator/OPS.build/Objects-normal/arm64/OrganizationJoinView.o -index-unit-output-path /OPS.build/Debug-iphonesimulator/OPS.build/Objects-normal/arm64/OnboardingService.o -index-unit-output-path /OPS.build/Debug-iphonesimulator/OPS.build/Objects-normal/arm64/OnboardingViewModel.o -index-unit-output-path /OPS.build/Debug-iphonesimulator/OPS.build/Objects-normal/arm64/OnboardingComponents.o -index-unit-output-path /OPS.build/Debug-iphonesimulator/OPS.build/Objects-normal/arm64/AccountCreatedView.o -index-unit-output-path /OPS.build/Debug-iphonesimulator/OPS.build/Objects-normal/arm64/CompanyCodeView.o -index-unit-output-path /OPS.build/Debug-iphonesimulator/OPS.build/Objects-normal/arm64/CompanyCodeViewPreview.o -index-unit-output-path /OPS.build/Debug-iphonesimulator/OPS.build/Objects-normal/arm64/CompletionView.o -index-unit-output-path /OPS.build/Debug-iphonesimulator/OPS.build/Objects-normal/arm64/CompletionViewPreview.o -index-unit-output-path /OPS.build/Debug-iphonesimulator/OPS.build/Objects-normal/arm64/EmailView.o -index-unit-output-path /OPS.build/Debug-iphonesimulator/OPS.build/Objects-normal/arm64/FieldSetupView.o -index-unit-output-path /OPS.build/Debug-iphonesimulator/OPS.build/Objects-normal/arm64/NotificationsView.o -index-unit-output-path /OPS.build/Debug-iphonesimulator/OPS.build/Objects-normal/arm64/NotificationsViewPreview.o -index-unit-output-path /OPS.build/Debug-iphonesimulator/OPS.build/Objects-normal/arm64/OrganizationJoinView.o -index-store-path /Users/jacksonsweet/Library/Developer/Xcode/DerivedData/OPS-czavgtmnvamasvcjgszzuulfcsxj/Index.noindex/DataStore -index-system-modules

SwiftCompile normal arm64 Compiling\ ProjectCard.swift,\ ProjectCarousel.swift,\ ProjectDetailsView.swift,\ ProjectHeader.swift,\ ProjectSheetContainer.swift,\ TeamMemberListView.swift,\ UserProfileCard.swift,\ HomeContentView.swift,\ HomeView.swift,\ OrganizationSettingsView.swift,\ ProfileSettingsView.swift,\ ProjectHistorySettingsView.swift /Users/jacksonsweet/Desktop/OPS\ APP/OPS/OPS/Views/Components/Project/ProjectCard.swift /Users/jacksonsweet/Desktop/OPS\ APP/OPS/OPS/Views/Components/Project/ProjectCarousel.swift /Users/jacksonsweet/Desktop/OPS\ APP/OPS/OPS/Views/Components/Project/ProjectDetailsView.swift /Users/jacksonsweet/Desktop/OPS\ APP/OPS/OPS/Views/Components/Project/ProjectHeader.swift /Users/jacksonsweet/Desktop/OPS\ APP/OPS/OPS/Views/Components/Project/ProjectSheetContainer.swift /Users/jacksonsweet/Desktop/OPS\ APP/OPS/OPS/Views/Components/User/TeamMemberListView.swift /Users/jacksonsweet/Desktop/OPS\ APP/OPS/OPS/Views/Components/User/UserProfileCard.swift /Users/jacksonsweet/Desktop/OPS\ APP/OPS/OPS/Views/Home/HomeContentView.swift /Users/jacksonsweet/Desktop/OPS\ APP/OPS/OPS/Views/Home/HomeView.swift /Users/jacksonsweet/Desktop/OPS\ APP/OPS/OPS/Views/Settings/OrganizationSettingsView.swift /Users/jacksonsweet/Desktop/OPS\ APP/OPS/OPS/Views/Settings/ProfileSettingsView.swift /Users/jacksonsweet/Desktop/OPS\ APP/OPS/OPS/Views/Settings/ProjectHistorySettingsView.swift (in target 'OPS' from project 'OPS')
    cd /Users/jacksonsweet/Desktop/OPS\ APP/OPS
    builtin-swiftTaskExecution -- /Applications/Xcode.app/Contents/Developer/Toolchains/XcodeDefault.xctoolchain/usr/bin/swift-frontend -frontend -c /Users/jacksonsweet/Desktop/OPS\ APP/OPS/OPS/DataModels/BubbleImage.swift /Users/jacksonsweet/Desktop/OPS\ APP/OPS/OPS/DataModels/BubbleTypes.swift /Users/jacksonsweet/Desktop/OPS\ APP/OPS/OPS/DataModels/Company.swift /Users/jacksonsweet/Desktop/OPS\ APP/OPS/OPS/DataModels/Project.swift /Users/jacksonsweet/Desktop/OPS\ APP/OPS/OPS/DataModels/Status.swift /Users/jacksonsweet/Desktop/OPS\ APP/OPS/OPS/DataModels/User.swift /Users/jacksonsweet/Desktop/OPS\ APP/OPS/OPS/DataModels/UserRole.swift /Users/jacksonsweet/Desktop/OPS\ APP/OPS/OPS/Extensions/UIImage+Extensions.swift /Users/jacksonsweet/Desktop/OPS\ APP/OPS/OPS/Network/API/APIError.swift /Users/jacksonsweet/Desktop/OPS\ APP/OPS/OPS/Network/API/APIService.swift /Users/jacksonsweet/Desktop/OPS\ APP/OPS/OPS/Network/API/BubbleFields.swift /Users/jacksonsweet/Desktop/OPS\ APP/OPS/OPS/Network/Auth/AuthError.swift /Users/jacksonsweet/Desktop/OPS\ APP/OPS/OPS/Network/Auth/AuthManager.swift /Users/jacksonsweet/Desktop/OPS\ APP/OPS/OPS/Network/Auth/KeychainManager.swift /Users/jacksonsweet/Desktop/OPS\ APP/OPS/OPS/Network/DTOs/CompanyDTO.swift /Users/jacksonsweet/Desktop/OPS\ APP/OPS/OPS/Network/DTOs/ProjectDTO.swift /Users/jacksonsweet/Desktop/OPS\ APP/OPS/OPS/Network/DTOs/UserDTO.swift /Users/jacksonsweet/Desktop/OPS\ APP/OPS/OPS/Network/Endpoints/CompanyEndpoints.swift /Users/jacksonsweet/Desktop/OPS\ APP/OPS/OPS/Network/Endpoints/ProjectEndpoints.swift /Users/jacksonsweet/Desktop/OPS\ APP/OPS/OPS/Network/Endpoints/UserEndpoints.swift /Users/jacksonsweet/Desktop/OPS\ APP/OPS/OPS/Network/Sync/BackgroundTaskManager.swift /Users/jacksonsweet/Desktop/OPS\ APP/OPS/OPS/Network/Sync/SyncManager.swift /Users/jacksonsweet/Desktop/OPS\ APP/OPS/OPS/Network/ConnectivityMonitor.swift /Users/jacksonsweet/Desktop/OPS\ APP/OPS/OPS/Network/ImageSyncManager.swift /Users/jacksonsweet/Desktop/OPS\ APP/OPS/OPS/Onboarding/Coordinators/OnboardingCoordinator.swift /Users/jacksonsweet/Desktop/OPS\ APP/OPS/OPS/Onboarding/Models/OnboardingModels.swift /Users/jacksonsweet/Desktop/OPS\ APP/OPS/OPS/Onboarding/Services/OnboardingService.swift /Users/jacksonsweet/Desktop/OPS\ APP/OPS/OPS/Onboarding/ViewModels/OnboardingViewModel.swift /Users/jacksonsweet/Desktop/OPS\ APP/OPS/OPS/Onboarding/Views/Components/OnboardingComponents.swift /Users/jacksonsweet/Desktop/OPS\ APP/OPS/OPS/Onboarding/Views/Screens/AccountCreatedView.swift /Users/jacksonsweet/Desktop/OPS\ APP/OPS/OPS/Onboarding/Views/Screens/CompanyCodeView.swift /Users/jacksonsweet/Desktop/OPS\ APP/OPS/OPS/Onboarding/Views/Screens/CompanyCodeViewPreview.swift /Users/jacksonsweet/Desktop/OPS\ APP/OPS/OPS/Onboarding/Views/Screens/CompletionView.swift /Users/jacksonsweet/Desktop/OPS\ APP/OPS/OPS/Onboarding/Views/Screens/CompletionViewPreview.swift /Users/jacksonsweet/Desktop/OPS\ APP/OPS/OPS/Onboarding/Views/Screens/EmailView.swift /Users/jacksonsweet/Desktop/OPS\ APP/OPS/OPS/Onboarding/Views/Screens/FieldSetupView.swift /Users/jacksonsweet/Desktop/OPS\ APP/OPS/OPS/Onboarding/Views/Screens/NotificationsView.swift /Users/jacksonsweet/Desktop/OPS\ APP/OPS/OPS/Onboarding/Views/Screens/NotificationsViewPreview.swift /Users/jacksonsweet/Desktop/OPS\ APP/OPS/OPS/Onboarding/Views/Screens/OrganizationJoinView.swift /Users/jacksonsweet/Desktop/OPS\ APP/OPS/OPS/Onboarding/Views/Screens/PasswordView.swift /Users/jacksonsweet/Desktop/OPS\ APP/OPS/OPS/Onboarding/Views/Screens/PasswordViewPreview.swift /Users/jacksonsweet/Desktop/OPS\ APP/OPS/OPS/Onboarding/Views/Screens/PermissionsView.swift /Users/jacksonsweet/Desktop/OPS\ APP/OPS/OPS/Onboarding/Views/Screens/PermissionsViewPreview.swift /Users/jacksonsweet/Desktop/OPS\ APP/OPS/OPS/Onboarding/Views/Screens/PhoneNumberView.swift /Users/jacksonsweet/Desktop/OPS\ APP/OPS/OPS/Onboarding/Views/Screens/PhoneNumberViewPreview.swift /Users/jacksonsweet/Desktop/OPS\ APP/OPS/OPS/Onboarding/Views/Screens/UserInfoView.swift /Users/jacksonsweet/Desktop/OPS\ APP/OPS/OPS/Onboarding/Views/Screens/UserInfoViewPreview.swift /Users/jacksonsweet/Desktop/OPS\ APP/OPS/OPS/Onboarding/Views/Screens/VerifyPhoneView.swift /Users/jacksonsweet/Desktop/OPS\ APP/OPS/OPS/Onboarding/Views/Screens/WelcomeCompanyView.swift /Users/jacksonsweet/Desktop/OPS\ APP/OPS/OPS/Onboarding/Views/Screens/WelcomeCompanyViewPreview.swift /Users/jacksonsweet/Desktop/OPS\ APP/OPS/OPS/Onboarding/Views/Screens/WelcomeView.swift /Users/jacksonsweet/Desktop/OPS\ APP/OPS/OPS/Onboarding/Views/Screens/WelcomeViewPreview.swift /Users/jacksonsweet/Desktop/OPS\ APP/OPS/OPS/Onboarding/Views/OnboardingContainerView.swift /Users/jacksonsweet/Desktop/OPS\ APP/OPS/OPS/Onboarding/Views/OnboardingFlowPreview.swift /Users/jacksonsweet/Desktop/OPS\ APP/OPS/OPS/Onboarding/Views/OnboardingPresenter.swift /Users/jacksonsweet/Desktop/OPS\ APP/OPS/OPS/Onboarding/Views/OnboardingPreviewHelpers.swift /Users/jacksonsweet/Desktop/OPS\ APP/OPS/OPS/Styles/OPSStyle.swift /Users/jacksonsweet/Desktop/OPS\ APP/OPS/OPS/Utilities/AppConfiguration.swift /Users/jacksonsweet/Desktop/OPS\ APP/OPS/OPS/Utilities/ArrayTransformer.swift /Users/jacksonsweet/Desktop/OPS\ APP/OPS/OPS/Utilities/DataController.swift /Users/jacksonsweet/Desktop/OPS\ APP/OPS/OPS/Utilities/Dateformatter\ +Bubble.swift /Users/jacksonsweet/Desktop/OPS\ APP/OPS/OPS/Utilities/DateHelper.swift /Users/jacksonsweet/Desktop/OPS\ APP/OPS/OPS/Utilities/FieldErrorHandler.swift /Users/jacksonsweet/Desktop/OPS\ APP/OPS/OPS/Utilities/ImageCache.swift /Users/jacksonsweet/Desktop/OPS\ APP/OPS/OPS/Utilities/ImageFileManager.swift /Users/jacksonsweet/Desktop/OPS\ APP/OPS/OPS/Utilities/InProgressManager.swift /Users/jacksonsweet/Desktop/OPS\ APP/OPS/OPS/Utilities/KeyboardDismissalModifier.swift /Users/jacksonsweet/Desktop/OPS\ APP/OPS/OPS/Utilities/LocationManager.swift /Users/jacksonsweet/Desktop/OPS\ APP/OPS/OPS/Utilities/OnboardingEnvironmentKey.swift /Users/jacksonsweet/Desktop/OPS\ APP/OPS/OPS/Utilities/SwiftDataHelper.swift /Users/jacksonsweet/Desktop/OPS\ APP/OPS/OPS/Utilities/UIComponents.swift /Users/jacksonsweet/Desktop/OPS\ APP/OPS/OPS/V2/CertificationsSettingsView.swift /Users/jacksonsweet/Desktop/OPS\ APP/OPS/OPS/ViewModels/CalendarViewModel.swift /Users/jacksonsweet/Desktop/OPS\ APP/OPS/OPS/ViewModels/ProjectsViewModel.swift /Users/jacksonsweet/Desktop/OPS\ APP/OPS/OPS/Views/Calendar\ Tab/Components/CalendarDaySelector.swift /Users/jacksonsweet/Desktop/OPS\ APP/OPS/OPS/Views/Calendar\ Tab/Components/CalendarHeaderView.swift /Users/jacksonsweet/Desktop/OPS\ APP/OPS/OPS/Views/Calendar\ Tab/Components/CalendarProjectCard.swift /Users/jacksonsweet/Desktop/OPS\ APP/OPS/OPS/Views/Calendar\ Tab/Components/CalendarToggleView.swift /Users/jacksonsweet/Desktop/OPS\ APP/OPS/OPS/Views/Calendar\ Tab/Components/DatePickerPopover.swift /Users/jacksonsweet/Desktop/OPS\ APP/OPS/OPS/Views/Calendar\ Tab/Components/DayCell.swift /Users/jacksonsweet/Desktop/OPS\ APP/OPS/OPS/Views/Calendar\ Tab/ProjectViews/DayProjectSheet.swift /Users/jacksonsweet/Desktop/OPS\ APP/OPS/OPS/Views/Calendar\ Tab/ProjectViews/ProjectListView.swift /Users/jacksonsweet/Desktop/OPS\ APP/OPS/OPS/Views/Calendar\ Tab/MonthGridView.swift /Users/jacksonsweet/Desktop/OPS\ APP/OPS/OPS/Views/Components/Common/AppHeader.swift /Users/jacksonsweet/Desktop/OPS\ APP/OPS/OPS/Views/Components/Common/ExpandableNotesView.swift /Users/jacksonsweet/Desktop/OPS\ APP/OPS/OPS/Views/Components/Common/LocationPermissionView.swift /Users/jacksonsweet/Desktop/OPS\ APP/OPS/OPS/Views/Components/Common/NavigationBanner.swift /Users/jacksonsweet/Desktop/OPS\ APP/OPS/OPS/Views/Components/Common/NavigationControlsView.swift /Users/jacksonsweet/Desktop/OPS\ APP/OPS/OPS/Views/Components/Common/TabBarBackground.swift /Users/jacksonsweet/Desktop/OPS\ APP/OPS/OPS/Views/Components/Images/ImagePicker.swift /Users/jacksonsweet/Desktop/OPS\ APP/OPS/OPS/Views/Components/Images/ImagePickerView.swift /Users/jacksonsweet/Desktop/OPS\ APP/OPS/OPS/Views/Components/Images/ProjectImagesSection.swift /Users/jacksonsweet/Desktop/OPS\ APP/OPS/OPS/Views/Components/Images/ProjectImagesSimple.swift /Users/jacksonsweet/Desktop/OPS\ APP/OPS/OPS/Views/Components/Images/ProjectImageView.swift /Users/jacksonsweet/Desktop/OPS\ APP/OPS/OPS/Views/Components/Images/ProjectPhotosGrid.swift /Users/jacksonsweet/Desktop/OPS\ APP/OPS/OPS/Views/Components/Map/MiniMapView.swift /Users/jacksonsweet/Desktop/OPS\ APP/OPS/OPS/Views/Components/Map/ProjectMapAnnotation.swift /Users/jacksonsweet/Desktop/OPS\ APP/OPS/OPS/Views/Components/Map/ProjectMapView.swift /Users/jacksonsweet/Desktop/OPS\ APP/OPS/OPS/Views/Components/Map/ProjectMarkerPopup.swift /Users/jacksonsweet/Desktop/OPS\ APP/OPS/OPS/Views/Components/Map/RouteDirectionsView.swift /Users/jacksonsweet/Desktop/OPS\ APP/OPS/OPS/Views/Components/Project/ProjectActionBar.swift -primary-file /Users/jacksonsweet/Desktop/OPS\ APP/OPS/OPS/Views/Components/Project/ProjectCard.swift -primary-file /Users/jacksonsweet/Desktop/OPS\ APP/OPS/OPS/Views/Components/Project/ProjectCarousel.swift -primary-file /Users/jacksonsweet/Desktop/OPS\ APP/OPS/OPS/Views/Components/Project/ProjectDetailsView.swift -primary-file /Users/jacksonsweet/Desktop/OPS\ APP/OPS/OPS/Views/Components/Project/ProjectHeader.swift -primary-file /Users/jacksonsweet/Desktop/OPS\ APP/OPS/OPS/Views/Components/Project/ProjectSheetContainer.swift -primary-file /Users/jacksonsweet/Desktop/OPS\ APP/OPS/OPS/Views/Components/User/TeamMemberListView.swift -primary-file /Users/jacksonsweet/Desktop/OPS\ APP/OPS/OPS/Views/Components/User/UserProfileCard.swift -primary-file /Users/jacksonsweet/Desktop/OPS\ APP/OPS/OPS/Views/Home/HomeContentView.swift -primary-file /Users/jacksonsweet/Desktop/OPS\ APP/OPS/OPS/Views/Home/HomeView.swift -primary-file /Users/jacksonsweet/Desktop/OPS\ APP/OPS/OPS/Views/Settings/OrganizationSettingsView.swift -primary-file /Users/jacksonsweet/Desktop/OPS\ APP/OPS/OPS/Views/Settings/ProfileSettingsView.swift -primary-file /Users/jacksonsweet/Desktop/OPS\ APP/OPS/OPS/Views/Settings/ProjectHistorySettingsView.swift /Users/jacksonsweet/Desktop/OPS\ APP/OPS/OPS/Views/LoginView.swift /Users/jacksonsweet/Desktop/OPS\ APP/OPS/OPS/Views/LoginViewPreview.swift /Users/jacksonsweet/Desktop/OPS\ APP/OPS/OPS/Views/MainTabView.swift /Users/jacksonsweet/Desktop/OPS\ APP/OPS/OPS/Views/NetworkStatusIndicator.swift /Users/jacksonsweet/Desktop/OPS\ APP/OPS/OPS/Views/ScheduleView.swift /Users/jacksonsweet/Desktop/OPS\ APP/OPS/OPS/Views/SettingsView.swift /Users/jacksonsweet/Desktop/OPS\ APP/OPS/OPS/Views/SplashScreen.swift /Users/jacksonsweet/Desktop/OPS\ APP/OPS/OPS/AppState.swift /Users/jacksonsweet/Desktop/OPS\ APP/OPS/OPS/ContentView.swift /Users/jacksonsweet/Desktop/OPS\ APP/OPS/OPS/Item.swift /Users/jacksonsweet/Desktop/OPS\ APP/OPS/OPS/OPSApp.swift /Users/jacksonsweet/Library/Developer/Xcode/DerivedData/OPS-czavgtmnvamasvcjgszzuulfcsxj/Build/Intermediates.noindex/OPS.build/Debug-iphonesimulator/OPS.build/DerivedSources/GeneratedAssetSymbols.swift -supplementary-output-file-map /Users/jacksonsweet/Library/Developer/Xcode/DerivedData/OPS-czavgtmnvamasvcjgszzuulfcsxj/Build/Intermediates.noindex/OPS.build/Debug-iphonesimulator/OPS.build/Objects-normal/arm64/supplementaryOutputs-9 -emit-localized-strings -emit-localized-strings-path /Users/jacksonsweet/Library/Developer/Xcode/DerivedData/OPS-czavgtmnvamasvcjgszzuulfcsxj/Build/Intermediates.noindex/OPS.build/Debug-iphonesimulator/OPS.build/Objects-normal/arm64 -target arm64-apple-ios18.2-simulator -Xllvm -aarch64-use-tbi -enable-objc-interop -sdk /Applications/Xcode.app/Contents/Developer/Platforms/iPhoneSimulator.platform/Developer/SDKs/iPhoneSimulator18.2.sdk -I /Users/jacksonsweet/Library/Developer/Xcode/DerivedData/OPS-czavgtmnvamasvcjgszzuulfcsxj/Build/Products/Debug-iphonesimulator -F /Users/jacksonsweet/Library/Developer/Xcode/DerivedData/OPS-czavgtmnvamasvcjgszzuulfcsxj/Build/Products/Debug-iphonesimulator -no-color-diagnostics -enable-testing -g -debug-info-format\=dwarf -dwarf-version\=5 -module-cache-path /Users/jacksonsweet/Library/Developer/Xcode/DerivedData/ModuleCache.noindex -profile-generate -profile-coverage-mapping -swift-version 5 -enforce-exclusivity\=checked -Onone -D DEBUG -serialize-debugging-options -const-gather-protocols-file /Users/jacksonsweet/Library/Developer/Xcode/DerivedData/OPS-czavgtmnvamasvcjgszzuulfcsxj/Build/Intermediates.noindex/OPS.build/Debug-iphonesimulator/OPS.build/Objects-normal/arm64/OPS_const_extract_protocols.json -enable-experimental-feature DebugDescriptionMacro -enable-experimental-feature OpaqueTypeErasure -enable-bare-slash-regex -empty-abi-descriptor -validate-clang-modules-once -clang-build-session-file /Users/jacksonsweet/Library/Developer/Xcode/DerivedData/ModuleCache.noindex/Session.modulevalidation -Xcc -working-directory -Xcc /Users/jacksonsweet/Desktop/OPS\ APP/OPS -resource-dir /Applications/Xcode.app/Contents/Developer/Toolchains/XcodeDefault.xctoolchain/usr/lib/swift -enable-anonymous-context-mangled-names -file-compilation-dir /Users/jacksonsweet/Desktop/OPS\ APP/OPS -Xcc -D_LIBCPP_HARDENING_MODE\=_LIBCPP_HARDENING_MODE_DEBUG -Xcc -ivfsstatcache -Xcc /Users/jacksonsweet/Library/Developer/Xcode/DerivedData/SDKStatCaches.noindex/iphonesimulator18.2-22C146-07b28473f605e47e75261259d3ef3b5a.sdkstatcache -Xcc -I/Users/jacksonsweet/Library/Developer/Xcode/DerivedData/OPS-czavgtmnvamasvcjgszzuulfcsxj/Build/Intermediates.noindex/OPS.build/Debug-iphonesimulator/OPS.build/swift-overrides.hmap -Xcc -iquote -Xcc /Users/jacksonsweet/Library/Developer/Xcode/DerivedData/OPS-czavgtmnvamasvcjgszzuulfcsxj/Build/Intermediates.noindex/OPS.build/Debug-iphonesimulator/OPS.build/OPS-generated-files.hmap -Xcc -I/Users/jacksonsweet/Library/Developer/Xcode/DerivedData/OPS-czavgtmnvamasvcjgszzuulfcsxj/Build/Intermediates.noindex/OPS.build/Debug-iphonesimulator/OPS.build/OPS-own-target-headers.hmap -Xcc -I/Users/jacksonsweet/Library/Developer/Xcode/DerivedData/OPS-czavgtmnvamasvcjgszzuulfcsxj/Build/Intermediates.noindex/OPS.build/Debug-iphonesimulator/OPS.build/OPS-all-target-headers.hmap -Xcc -iquote -Xcc /Users/jacksonsweet/Library/Developer/Xcode/DerivedData/OPS-czavgtmnvamasvcjgszzuulfcsxj/Build/Intermediates.noindex/OPS.build/Debug-iphonesimulator/OPS.build/OPS-project-headers.hmap -Xcc -I/Users/jacksonsweet/Library/Developer/Xcode/DerivedData/OPS-czavgtmnvamasvcjgszzuulfcsxj/Build/Products/Debug-iphonesimulator/include -Xcc -I/Users/jacksonsweet/Library/Developer/Xcode/DerivedData/OPS-czavgtmnvamasvcjgszzuulfcsxj/Build/Intermediates.noindex/OPS.build/Debug-iphonesimulator/OPS.build/DerivedSources-normal/arm64 -Xcc -I/Users/jacksonsweet/Library/Developer/Xcode/DerivedData/OPS-czavgtmnvamasvcjgszzuulfcsxj/Build/Intermediates.noindex/OPS.build/Debug-iphonesimulator/OPS.build/DerivedSources/arm64 -Xcc -I/Users/jacksonsweet/Library/Developer/Xcode/DerivedData/OPS-czavgtmnvamasvcjgszzuulfcsxj/Build/Intermediates.noindex/OPS.build/Debug-iphonesimulator/OPS.build/DerivedSources -Xcc -DDEBUG\=1 -module-name OPS -frontend-parseable-output -disable-clang-spi -target-sdk-version 18.2 -target-sdk-name iphonesimulator18.2 -external-plugin-path /Applications/Xcode.app/Contents/Developer/Platforms/iPhoneOS.platform/Developer/usr/lib/swift/host/plugins\#/Applications/Xcode.app/Contents/Developer/Platforms/iPhoneOS.platform/Developer/usr/bin/swift-plugin-server -external-plugin-path /Applications/Xcode.app/Contents/Developer/Platforms/iPhoneOS.platform/Developer/usr/local/lib/swift/host/plugins\#/Applications/Xcode.app/Contents/Developer/Platforms/iPhoneOS.platform/Developer/usr/bin/swift-plugin-server -plugin-path /Applications/Xcode.app/Contents/Developer/Toolchains/XcodeDefault.xctoolchain/usr/lib/swift/host/plugins -plugin-path /Applications/Xcode.app/Contents/Developer/Toolchains/XcodeDefault.xctoolchain/usr/local/lib/swift/host/plugins -o /Users/jacksonsweet/Library/Developer/Xcode/DerivedData/OPS-czavgtmnvamasvcjgszzuulfcsxj/Build/Intermediates.noindex/OPS.build/Debug-iphonesimulator/OPS.build/Objects-normal/arm64/ProjectCard.o -o /Users/jacksonsweet/Library/Developer/Xcode/DerivedData/OPS-czavgtmnvamasvcjgszzuulfcsxj/Build/Intermediates.noindex/OPS.build/Debug-iphonesimulator/OPS.build/Objects-normal/arm64/ProjectCarousel.o -o /Users/jacksonsweet/Library/Developer/Xcode/DerivedData/OPS-czavgtmnvamasvcjgszzuulfcsxj/Build/Intermediates.noindex/OPS.build/Debug-iphonesimulator/OPS.build/Objects-normal/arm64/ProjectDetailsView.o -o /Users/jacksonsweet/Library/Developer/Xcode/DerivedData/OPS-czavgtmnvamasvcjgszzuulfcsxj/Build/Intermediates.noindex/OPS.build/Debug-iphonesimulator/OPS.build/Objects-normal/arm64/ProjectHeader.o -o /Users/jacksonsweet/Library/Developer/Xcode/DerivedData/OPS-czavgtmnvamasvcjgszzuulfcsxj/Build/Intermediates.noindex/OPS.build/Debug-iphonesimulator/OPS.build/Objects-normal/arm64/ProjectSheetContainer.o -o /Users/jacksonsweet/Library/Developer/Xcode/DerivedData/OPS-czavgtmnvamasvcjgszzuulfcsxj/Build/Intermediates.noindex/OPS.build/Debug-iphonesimulator/OPS.build/Objects-normal/arm64/TeamMemberListView.o -o /Users/jacksonsweet/Library/Developer/Xcode/DerivedData/OPS-czavgtmnvamasvcjgszzuulfcsxj/Build/Intermediates.noindex/OPS.build/Debug-iphonesimulator/OPS.build/Objects-normal/arm64/UserProfileCard.o -o /Users/jacksonsweet/Library/Developer/Xcode/DerivedData/OPS-czavgtmnvamasvcjgszzuulfcsxj/Build/Intermediates.noindex/OPS.build/Debug-iphonesimulator/OPS.build/Objects-normal/arm64/HomeContentView.o -o /Users/jacksonsweet/Library/Developer/Xcode/DerivedData/OPS-czavgtmnvamasvcjgszzuulfcsxj/Build/Intermediates.noindex/OPS.build/Debug-iphonesimulator/OPS.build/Objects-normal/arm64/HomeView.o -o /Users/jacksonsweet/Library/Developer/Xcode/DerivedData/OPS-czavgtmnvamasvcjgszzuulfcsxj/Build/Intermediates.noindex/OPS.build/Debug-iphonesimulator/OPS.build/Objects-normal/arm64/OrganizationSettingsView.o -o /Users/jacksonsweet/Library/Developer/Xcode/DerivedData/OPS-czavgtmnvamasvcjgszzuulfcsxj/Build/Intermediates.noindex/OPS.build/Debug-iphonesimulator/OPS.build/Objects-normal/arm64/ProfileSettingsView.o -o /Users/jacksonsweet/Library/Developer/Xcode/DerivedData/OPS-czavgtmnvamasvcjgszzuulfcsxj/Build/Intermediates.noindex/OPS.build/Debug-iphonesimulator/OPS.build/Objects-normal/arm64/ProjectHistorySettingsView.o -index-unit-output-path /OPS.build/Debug-iphonesimulator/OPS.build/Objects-normal/arm64/ProjectCard.o -index-unit-output-path /OPS.build/Debug-iphonesimulator/OPS.build/Objects-normal/arm64/ProjectCarousel.o -index-unit-output-path /OPS.build/Debug-iphonesimulator/OPS.build/Objects-normal/arm64/ProjectDetailsView.o -index-unit-output-path /OPS.build/Debug-iphonesimulator/OPS.build/Objects-normal/arm64/ProjectHeader.o -index-unit-output-path /OPS.build/Debug-iphonesimulator/OPS.build/Objects-normal/arm64/ProjectSheetContainer.o -index-unit-output-path /OPS.build/Debug-iphonesimulator/OPS.build/Objects-normal/arm64/TeamMemberListView.o -index-unit-output-path /OPS.build/Debug-iphonesimulator/OPS.build/Objects-normal/arm64/UserProfileCard.o -index-unit-output-path /OPS.build/Debug-iphonesimulator/OPS.build/Objects-normal/arm64/HomeContentView.o -index-unit-output-path /OPS.build/Debug-iphonesimulator/OPS.build/Objects-normal/arm64/HomeView.o -index-unit-output-path /OPS.build/Debug-iphonesimulator/OPS.build/Objects-normal/arm64/OrganizationSettingsView.o -index-unit-output-path /OPS.build/Debug-iphonesimulator/OPS.build/Objects-normal/arm64/ProfileSettingsView.o -index-unit-output-path /OPS.build/Debug-iphonesimulator/OPS.build/Objects-normal/arm64/ProjectHistorySettingsView.o -index-store-path /Users/jacksonsweet/Library/Developer/Xcode/DerivedData/OPS-czavgtmnvamasvcjgszzuulfcsxj/Index.noindex/DataStore -index-system-modules

SwiftCompile normal arm64 /Users/jacksonsweet/Desktop/OPS\ APP/OPS/OPS/Views/Components/Project/ProjectCard.swift (in target 'OPS' from project 'OPS')
    cd /Users/jacksonsweet/Desktop/OPS\ APP/OPS
    /Applications/Xcode.app/Contents/Developer/Toolchains/XcodeDefault.xctoolchain/usr/bin/swift-frontend -c /Users/jacksonsweet/Desktop/OPS\ APP/OPS/OPS/DataModels/BubbleImage.swift /Users/jacksonsweet/Desktop/OPS\ APP/OPS/OPS/DataModels/BubbleTypes.swift /Users/jacksonsweet/Desktop/OPS\ APP/OPS/OPS/DataModels/Company.swift /Users/jacksonsweet/Desktop/OPS\ APP/OPS/OPS/DataModels/Project.swift /Users/jacksonsweet/Desktop/OPS\ APP/OPS/OPS/DataModels/Status.swift /Users/jacksonsweet/Desktop/OPS\ APP/OPS/OPS/DataModels/User.swift /Users/jacksonsweet/Desktop/OPS\ APP/OPS/OPS/DataModels/UserRole.swift /Users/jacksonsweet/Desktop/OPS\ APP/OPS/OPS/Extensions/UIImage+Extensions.swift /Users/jacksonsweet/Desktop/OPS\ APP/OPS/OPS/Network/API/APIError.swift /Users/jacksonsweet/Desktop/OPS\ APP/OPS/OPS/Network/API/APIService.swift /Users/jacksonsweet/Desktop/OPS\ APP/OPS/OPS/Network/API/BubbleFields.swift /Users/jacksonsweet/Desktop/OPS\ APP/OPS/OPS/Network/Auth/AuthError.swift /Users/jacksonsweet/Desktop/OPS\ APP/OPS/OPS/Network/Auth/AuthManager.swift /Users/jacksonsweet/Desktop/OPS\ APP/OPS/OPS/Network/Auth/KeychainManager.swift /Users/jacksonsweet/Desktop/OPS\ APP/OPS/OPS/Network/DTOs/CompanyDTO.swift /Users/jacksonsweet/Desktop/OPS\ APP/OPS/OPS/Network/DTOs/ProjectDTO.swift /Users/jacksonsweet/Desktop/OPS\ APP/OPS/OPS/Network/DTOs/UserDTO.swift /Users/jacksonsweet/Desktop/OPS\ APP/OPS/OPS/Network/Endpoints/CompanyEndpoints.swift /Users/jacksonsweet/Desktop/OPS\ APP/OPS/OPS/Network/Endpoints/ProjectEndpoints.swift /Users/jacksonsweet/Desktop/OPS\ APP/OPS/OPS/Network/Endpoints/UserEndpoints.swift /Users/jacksonsweet/Desktop/OPS\ APP/OPS/OPS/Network/Sync/BackgroundTaskManager.swift /Users/jacksonsweet/Desktop/OPS\ APP/OPS/OPS/Network/Sync/SyncManager.swift /Users/jacksonsweet/Desktop/OPS\ APP/OPS/OPS/Network/ConnectivityMonitor.swift /Users/jacksonsweet/Desktop/OPS\ APP/OPS/OPS/Network/ImageSyncManager.swift /Users/jacksonsweet/Desktop/OPS\ APP/OPS/OPS/Onboarding/Coordinators/OnboardingCoordinator.swift /Users/jacksonsweet/Desktop/OPS\ APP/OPS/OPS/Onboarding/Models/OnboardingModels.swift /Users/jacksonsweet/Desktop/OPS\ APP/OPS/OPS/Onboarding/Services/OnboardingService.swift /Users/jacksonsweet/Desktop/OPS\ APP/OPS/OPS/Onboarding/ViewModels/OnboardingViewModel.swift /Users/jacksonsweet/Desktop/OPS\ APP/OPS/OPS/Onboarding/Views/Components/OnboardingComponents.swift /Users/jacksonsweet/Desktop/OPS\ APP/OPS/OPS/Onboarding/Views/Screens/AccountCreatedView.swift /Users/jacksonsweet/Desktop/OPS\ APP/OPS/OPS/Onboarding/Views/Screens/CompanyCodeView.swift /Users/jacksonsweet/Desktop/OPS\ APP/OPS/OPS/Onboarding/Views/Screens/CompanyCodeViewPreview.swift /Users/jacksonsweet/Desktop/OPS\ APP/OPS/OPS/Onboarding/Views/Screens/CompletionView.swift /Users/jacksonsweet/Desktop/OPS\ APP/OPS/OPS/Onboarding/Views/Screens/CompletionViewPreview.swift /Users/jacksonsweet/Desktop/OPS\ APP/OPS/OPS/Onboarding/Views/Screens/EmailView.swift /Users/jacksonsweet/Desktop/OPS\ APP/OPS/OPS/Onboarding/Views/Screens/FieldSetupView.swift /Users/jacksonsweet/Desktop/OPS\ APP/OPS/OPS/Onboarding/Views/Screens/NotificationsView.swift /Users/jacksonsweet/Desktop/OPS\ APP/OPS/OPS/Onboarding/Views/Screens/NotificationsViewPreview.swift /Users/jacksonsweet/Desktop/OPS\ APP/OPS/OPS/Onboarding/Views/Screens/OrganizationJoinView.swift /Users/jacksonsweet/Desktop/OPS\ APP/OPS/OPS/Onboarding/Views/Screens/PasswordView.swift /Users/jacksonsweet/Desktop/OPS\ APP/OPS/OPS/Onboarding/Views/Screens/PasswordViewPreview.swift /Users/jacksonsweet/Desktop/OPS\ APP/OPS/OPS/Onboarding/Views/Screens/PermissionsView.swift /Users/jacksonsweet/Desktop/OPS\ APP/OPS/OPS/Onboarding/Views/Screens/PermissionsViewPreview.swift /Users/jacksonsweet/Desktop/OPS\ APP/OPS/OPS/Onboarding/Views/Screens/PhoneNumberView.swift /Users/jacksonsweet/Desktop/OPS\ APP/OPS/OPS/Onboarding/Views/Screens/PhoneNumberViewPreview.swift /Users/jacksonsweet/Desktop/OPS\ APP/OPS/OPS/Onboarding/Views/Screens/UserInfoView.swift /Users/jacksonsweet/Desktop/OPS\ APP/OPS/OPS/Onboarding/Views/Screens/UserInfoViewPreview.swift /Users/jacksonsweet/Desktop/OPS\ APP/OPS/OPS/Onboarding/Views/Screens/VerifyPhoneView.swift /Users/jacksonsweet/Desktop/OPS\ APP/OPS/OPS/Onboarding/Views/Screens/WelcomeCompanyView.swift /Users/jacksonsweet/Desktop/OPS\ APP/OPS/OPS/Onboarding/Views/Screens/WelcomeCompanyViewPreview.swift /Users/jacksonsweet/Desktop/OPS\ APP/OPS/OPS/Onboarding/Views/Screens/WelcomeView.swift /Users/jacksonsweet/Desktop/OPS\ APP/OPS/OPS/Onboarding/Views/Screens/WelcomeViewPreview.swift /Users/jacksonsweet/Desktop/OPS\ APP/OPS/OPS/Onboarding/Views/OnboardingContainerView.swift /Users/jacksonsweet/Desktop/OPS\ APP/OPS/OPS/Onboarding/Views/OnboardingFlowPreview.swift /Users/jacksonsweet/Desktop/OPS\ APP/OPS/OPS/Onboarding/Views/OnboardingPresenter.swift /Users/jacksonsweet/Desktop/OPS\ APP/OPS/OPS/Onboarding/Views/OnboardingPreviewHelpers.swift /Users/jacksonsweet/Desktop/OPS\ APP/OPS/OPS/Styles/OPSStyle.swift /Users/jacksonsweet/Desktop/OPS\ APP/OPS/OPS/Utilities/AppConfiguration.swift /Users/jacksonsweet/Desktop/OPS\ APP/OPS/OPS/Utilities/ArrayTransformer.swift /Users/jacksonsweet/Desktop/OPS\ APP/OPS/OPS/Utilities/DataController.swift /Users/jacksonsweet/Desktop/OPS\ APP/OPS/OPS/Utilities/Dateformatter\ +Bubble.swift /Users/jacksonsweet/Desktop/OPS\ APP/OPS/OPS/Utilities/DateHelper.swift /Users/jacksonsweet/Desktop/OPS\ APP/OPS/OPS/Utilities/FieldErrorHandler.swift /Users/jacksonsweet/Desktop/OPS\ APP/OPS/OPS/Utilities/ImageCache.swift /Users/jacksonsweet/Desktop/OPS\ APP/OPS/OPS/Utilities/ImageFileManager.swift /Users/jacksonsweet/Desktop/OPS\ APP/OPS/OPS/Utilities/InProgressManager.swift /Users/jacksonsweet/Desktop/OPS\ APP/OPS/OPS/Utilities/KeyboardDismissalModifier.swift /Users/jacksonsweet/Desktop/OPS\ APP/OPS/OPS/Utilities/LocationManager.swift /Users/jacksonsweet/Desktop/OPS\ APP/OPS/OPS/Utilities/OnboardingEnvironmentKey.swift /Users/jacksonsweet/Desktop/OPS\ APP/OPS/OPS/Utilities/SwiftDataHelper.swift /Users/jacksonsweet/Desktop/OPS\ APP/OPS/OPS/Utilities/UIComponents.swift /Users/jacksonsweet/Desktop/OPS\ APP/OPS/OPS/V2/CertificationsSettingsView.swift /Users/jacksonsweet/Desktop/OPS\ APP/OPS/OPS/ViewModels/CalendarViewModel.swift /Users/jacksonsweet/Desktop/OPS\ APP/OPS/OPS/ViewModels/ProjectsViewModel.swift /Users/jacksonsweet/Desktop/OPS\ APP/OPS/OPS/Views/Calendar\ Tab/Components/CalendarDaySelector.swift /Users/jacksonsweet/Desktop/OPS\ APP/OPS/OPS/Views/Calendar\ Tab/Components/CalendarHeaderView.swift /Users/jacksonsweet/Desktop/OPS\ APP/OPS/OPS/Views/Calendar\ Tab/Components/CalendarProjectCard.swift /Users/jacksonsweet/Desktop/OPS\ APP/OPS/OPS/Views/Calendar\ Tab/Components/CalendarToggleView.swift /Users/jacksonsweet/Desktop/OPS\ APP/OPS/OPS/Views/Calendar\ Tab/Components/DatePickerPopover.swift /Users/jacksonsweet/Desktop/OPS\ APP/OPS/OPS/Views/Calendar\ Tab/Components/DayCell.swift /Users/jacksonsweet/Desktop/OPS\ APP/OPS/OPS/Views/Calendar\ Tab/ProjectViews/DayProjectSheet.swift /Users/jacksonsweet/Desktop/OPS\ APP/OPS/OPS/Views/Calendar\ Tab/ProjectViews/ProjectListView.swift /Users/jacksonsweet/Desktop/OPS\ APP/OPS/OPS/Views/Calendar\ Tab/MonthGridView.swift /Users/jacksonsweet/Desktop/OPS\ APP/OPS/OPS/Views/Components/Common/AppHeader.swift /Users/jacksonsweet/Desktop/OPS\ APP/OPS/OPS/Views/Components/Common/ExpandableNotesView.swift /Users/jacksonsweet/Desktop/OPS\ APP/OPS/OPS/Views/Components/Common/LocationPermissionView.swift /Users/jacksonsweet/Desktop/OPS\ APP/OPS/OPS/Views/Components/Common/NavigationBanner.swift /Users/jacksonsweet/Desktop/OPS\ APP/OPS/OPS/Views/Components/Common/NavigationControlsView.swift /Users/jacksonsweet/Desktop/OPS\ APP/OPS/OPS/Views/Components/Common/TabBarBackground.swift /Users/jacksonsweet/Desktop/OPS\ APP/OPS/OPS/Views/Components/Images/ImagePicker.swift /Users/jacksonsweet/Desktop/OPS\ APP/OPS/OPS/Views/Components/Images/ImagePickerView.swift /Users/jacksonsweet/Desktop/OPS\ APP/OPS/OPS/Views/Components/Images/ProjectImagesSection.swift /Users/jacksonsweet/Desktop/OPS\ APP/OPS/OPS/Views/Components/Images/ProjectImagesSimple.swift /Users/jacksonsweet/Desktop/OPS\ APP/OPS/OPS/Views/Components/Images/ProjectImageView.swift /Users/jacksonsweet/Desktop/OPS\ APP/OPS/OPS/Views/Components/Images/ProjectPhotosGrid.swift /Users/jacksonsweet/Desktop/OPS\ APP/OPS/OPS/Views/Components/Map/MiniMapView.swift /Users/jacksonsweet/Desktop/OPS\ APP/OPS/OPS/Views/Components/Map/ProjectMapAnnotation.swift /Users/jacksonsweet/Desktop/OPS\ APP/OPS/OPS/Views/Components/Map/ProjectMapView.swift /Users/jacksonsweet/Desktop/OPS\ APP/OPS/OPS/Views/Components/Map/ProjectMarkerPopup.swift /Users/jacksonsweet/Desktop/OPS\ APP/OPS/OPS/Views/Components/Map/RouteDirectionsView.swift /Users/jacksonsweet/Desktop/OPS\ APP/OPS/OPS/Views/Components/Project/ProjectActionBar.swift -primary-file /Users/jacksonsweet/Desktop/OPS\ APP/OPS/OPS/Views/Components/Project/ProjectCard.swift -primary-file /Users/jacksonsweet/Desktop/OPS\ APP/OPS/OPS/Views/Components/Project/ProjectCarousel.swift -primary-file /Users/jacksonsweet/Desktop/OPS\ APP/OPS/OPS/Views/Components/Project/ProjectDetailsView.swift -primary-file /Users/jacksonsweet/Desktop/OPS\ APP/OPS/OPS/Views/Components/Project/ProjectHeader.swift -primary-file /Users/jacksonsweet/Desktop/OPS\ APP/OPS/OPS/Views/Components/Project/ProjectSheetContainer.swift -primary-file /Users/jacksonsweet/Desktop/OPS\ APP/OPS/OPS/Views/Components/User/TeamMemberListView.swift -primary-file /Users/jacksonsweet/Desktop/OPS\ APP/OPS/OPS/Views/Components/User/UserProfileCard.swift -primary-file /Users/jacksonsweet/Desktop/OPS\ APP/OPS/OPS/Views/Home/HomeContentView.swift -primary-file /Users/jacksonsweet/Desktop/OPS\ APP/OPS/OPS/Views/Home/HomeView.swift -primary-file /Users/jacksonsweet/Desktop/OPS\ APP/OPS/OPS/Views/Settings/OrganizationSettingsView.swift -primary-file /Users/jacksonsweet/Desktop/OPS\ APP/OPS/OPS/Views/Settings/ProfileSettingsView.swift -primary-file /Users/jacksonsweet/Desktop/OPS\ APP/OPS/OPS/Views/Settings/ProjectHistorySettingsView.swift /Users/jacksonsweet/Desktop/OPS\ APP/OPS/OPS/Views/LoginView.swift /Users/jacksonsweet/Desktop/OPS\ APP/OPS/OPS/Views/LoginViewPreview.swift /Users/jacksonsweet/Desktop/OPS\ APP/OPS/OPS/Views/MainTabView.swift /Users/jacksonsweet/Desktop/OPS\ APP/OPS/OPS/Views/NetworkStatusIndicator.swift /Users/jacksonsweet/Desktop/OPS\ APP/OPS/OPS/Views/ScheduleView.swift /Users/jacksonsweet/Desktop/OPS\ APP/OPS/OPS/Views/SettingsView.swift /Users/jacksonsweet/Desktop/OPS\ APP/OPS/OPS/Views/SplashScreen.swift /Users/jacksonsweet/Desktop/OPS\ APP/OPS/OPS/AppState.swift /Users/jacksonsweet/Desktop/OPS\ APP/OPS/OPS/ContentView.swift /Users/jacksonsweet/Desktop/OPS\ APP/OPS/OPS/Item.swift /Users/jacksonsweet/Desktop/OPS\ APP/OPS/OPS/OPSApp.swift /Users/jacksonsweet/Library/Developer/Xcode/DerivedData/OPS-czavgtmnvamasvcjgszzuulfcsxj/Build/Intermediates.noindex/OPS.build/Debug-iphonesimulator/OPS.build/DerivedSources/GeneratedAssetSymbols.swift -supplementary-output-file-map /Users/jacksonsweet/Library/Developer/Xcode/DerivedData/OPS-czavgtmnvamasvcjgszzuulfcsxj/Build/Intermediates.noindex/OPS.build/Debug-iphonesimulator/OPS.build/Objects-normal/arm64/supplementaryOutputs-9 -emit-localized-strings -emit-localized-strings-path /Users/jacksonsweet/Library/Developer/Xcode/DerivedData/OPS-czavgtmnvamasvcjgszzuulfcsxj/Build/Intermediates.noindex/OPS.build/Debug-iphonesimulator/OPS.build/Objects-normal/arm64 -target arm64-apple-ios18.2-simulator -Xllvm -aarch64-use-tbi -enable-objc-interop -sdk /Applications/Xcode.app/Contents/Developer/Platforms/iPhoneSimulator.platform/Developer/SDKs/iPhoneSimulator18.2.sdk -I /Users/jacksonsweet/Library/Developer/Xcode/DerivedData/OPS-czavgtmnvamasvcjgszzuulfcsxj/Build/Products/Debug-iphonesimulator -F /Users/jacksonsweet/Library/Developer/Xcode/DerivedData/OPS-czavgtmnvamasvcjgszzuulfcsxj/Build/Products/Debug-iphonesimulator -no-color-diagnostics -enable-testing -g -debug-info-format\=dwarf -dwarf-version\=5 -module-cache-path /Users/jacksonsweet/Library/Developer/Xcode/DerivedData/ModuleCache.noindex -profile-generate -profile-coverage-mapping -swift-version 5 -enforce-exclusivity\=checked -Onone -D DEBUG -serialize-debugging-options -const-gather-protocols-file /Users/jacksonsweet/Library/Developer/Xcode/DerivedData/OPS-czavgtmnvamasvcjgszzuulfcsxj/Build/Intermediates.noindex/OPS.build/Debug-iphonesimulator/OPS.build/Objects-normal/arm64/OPS_const_extract_protocols.json -enable-experimental-feature DebugDescriptionMacro -enable-experimental-feature OpaqueTypeErasure -enable-bare-slash-regex -empty-abi-descriptor -validate-clang-modules-once -clang-build-session-file /Users/jacksonsweet/Library/Developer/Xcode/DerivedData/ModuleCache.noindex/Session.modulevalidation -Xcc -working-directory -Xcc /Users/jacksonsweet/Desktop/OPS\ APP/OPS -resource-dir /Applications/Xcode.app/Contents/Developer/Toolchains/XcodeDefault.xctoolchain/usr/lib/swift -enable-anonymous-context-mangled-names -file-compilation-dir /Users/jacksonsweet/Desktop/OPS\ APP/OPS -Xcc -D_LIBCPP_HARDENING_MODE\=_LIBCPP_HARDENING_MODE_DEBUG -Xcc -ivfsstatcache -Xcc /Users/jacksonsweet/Library/Developer/Xcode/DerivedData/SDKStatCaches.noindex/iphonesimulator18.2-22C146-07b28473f605e47e75261259d3ef3b5a.sdkstatcache -Xcc -I/Users/jacksonsweet/Library/Developer/Xcode/DerivedData/OPS-czavgtmnvamasvcjgszzuulfcsxj/Build/Intermediates.noindex/OPS.build/Debug-iphonesimulator/OPS.build/swift-overrides.hmap -Xcc -iquote -Xcc /Users/jacksonsweet/Library/Developer/Xcode/DerivedData/OPS-czavgtmnvamasvcjgszzuulfcsxj/Build/Intermediates.noindex/OPS.build/Debug-iphonesimulator/OPS.build/OPS-generated-files.hmap -Xcc -I/Users/jacksonsweet/Library/Developer/Xcode/DerivedData/OPS-czavgtmnvamasvcjgszzuulfcsxj/Build/Intermediates.noindex/OPS.build/Debug-iphonesimulator/OPS.build/OPS-own-target-headers.hmap -Xcc -I/Users/jacksonsweet/Library/Developer/Xcode/DerivedData/OPS-czavgtmnvamasvcjgszzuulfcsxj/Build/Intermediates.noindex/OPS.build/Debug-iphonesimulator/OPS.build/OPS-all-target-headers.hmap -Xcc -iquote -Xcc /Users/jacksonsweet/Library/Developer/Xcode/DerivedData/OPS-czavgtmnvamasvcjgszzuulfcsxj/Build/Intermediates.noindex/OPS.build/Debug-iphonesimulator/OPS.build/OPS-project-headers.hmap -Xcc -I/Users/jacksonsweet/Library/Developer/Xcode/DerivedData/OPS-czavgtmnvamasvcjgszzuulfcsxj/Build/Products/Debug-iphonesimulator/include -Xcc -I/Users/jacksonsweet/Library/Developer/Xcode/DerivedData/OPS-czavgtmnvamasvcjgszzuulfcsxj/Build/Intermediates.noindex/OPS.build/Debug-iphonesimulator/OPS.build/DerivedSources-normal/arm64 -Xcc -I/Users/jacksonsweet/Library/Developer/Xcode/DerivedData/OPS-czavgtmnvamasvcjgszzuulfcsxj/Build/Intermediates.noindex/OPS.build/Debug-iphonesimulator/OPS.build/DerivedSources/arm64 -Xcc -I/Users/jacksonsweet/Library/Developer/Xcode/DerivedData/OPS-czavgtmnvamasvcjgszzuulfcsxj/Build/Intermediates.noindex/OPS.build/Debug-iphonesimulator/OPS.build/DerivedSources -Xcc -DDEBUG\=1 -module-name OPS -frontend-parseable-output -disable-clang-spi -target-sdk-version 18.2 -target-sdk-name iphonesimulator18.2 -external-plugin-path /Applications/Xcode.app/Contents/Developer/Platforms/iPhoneOS.platform/Developer/usr/lib/swift/host/plugins\#/Applications/Xcode.app/Contents/Developer/Platforms/iPhoneOS.platform/Developer/usr/bin/swift-plugin-server -external-plugin-path /Applications/Xcode.app/Contents/Developer/Platforms/iPhoneOS.platform/Developer/usr/local/lib/swift/host/plugins\#/Applications/Xcode.app/Contents/Developer/Platforms/iPhoneOS.platform/Developer/usr/bin/swift-plugin-server -plugin-path /Applications/Xcode.app/Contents/Developer/Toolchains/XcodeDefault.xctoolchain/usr/lib/swift/host/plugins -plugin-path /Applications/Xcode.app/Contents/Developer/Toolchains/XcodeDefault.xctoolchain/usr/local/lib/swift/host/plugins -o /Users/jacksonsweet/Library/Developer/Xcode/DerivedData/OPS-czavgtmnvamasvcjgszzuulfcsxj/Build/Intermediates.noindex/OPS.build/Debug-iphonesimulator/OPS.build/Objects-normal/arm64/ProjectCard.o -o /Users/jacksonsweet/Library/Developer/Xcode/DerivedData/OPS-czavgtmnvamasvcjgszzuulfcsxj/Build/Intermediates.noindex/OPS.build/Debug-iphonesimulator/OPS.build/Objects-normal/arm64/ProjectCarousel.o -o /Users/jacksonsweet/Library/Developer/Xcode/DerivedData/OPS-czavgtmnvamasvcjgszzuulfcsxj/Build/Intermediates.noindex/OPS.build/Debug-iphonesimulator/OPS.build/Objects-normal/arm64/ProjectDetailsView.o -o /Users/jacksonsweet/Library/Developer/Xcode/DerivedData/OPS-czavgtmnvamasvcjgszzuulfcsxj/Build/Intermediates.noindex/OPS.build/Debug-iphonesimulator/OPS.build/Objects-normal/arm64/ProjectHeader.o -o /Users/jacksonsweet/Library/Developer/Xcode/DerivedData/OPS-czavgtmnvamasvcjgszzuulfcsxj/Build/Intermediates.noindex/OPS.build/Debug-iphonesimulator/OPS.build/Objects-normal/arm64/ProjectSheetContainer.o -o /Users/jacksonsweet/Library/Developer/Xcode/DerivedData/OPS-czavgtmnvamasvcjgszzuulfcsxj/Build/Intermediates.noindex/OPS.build/Debug-iphonesimulator/OPS.build/Objects-normal/arm64/TeamMemberListView.o -o /Users/jacksonsweet/Library/Developer/Xcode/DerivedData/OPS-czavgtmnvamasvcjgszzuulfcsxj/Build/Intermediates.noindex/OPS.build/Debug-iphonesimulator/OPS.build/Objects-normal/arm64/UserProfileCard.o -o /Users/jacksonsweet/Library/Developer/Xcode/DerivedData/OPS-czavgtmnvamasvcjgszzuulfcsxj/Build/Intermediates.noindex/OPS.build/Debug-iphonesimulator/OPS.build/Objects-normal/arm64/HomeContentView.o -o /Users/jacksonsweet/Library/Developer/Xcode/DerivedData/OPS-czavgtmnvamasvcjgszzuulfcsxj/Build/Intermediates.noindex/OPS.build/Debug-iphonesimulator/OPS.build/Objects-normal/arm64/HomeView.o -o /Users/jacksonsweet/Library/Developer/Xcode/DerivedData/OPS-czavgtmnvamasvcjgszzuulfcsxj/Build/Intermediates.noindex/OPS.build/Debug-iphonesimulator/OPS.build/Objects-normal/arm64/OrganizationSettingsView.o -o /Users/jacksonsweet/Library/Developer/Xcode/DerivedData/OPS-czavgtmnvamasvcjgszzuulfcsxj/Build/Intermediates.noindex/OPS.build/Debug-iphonesimulator/OPS.build/Objects-normal/arm64/ProfileSettingsView.o -o /Users/jacksonsweet/Library/Developer/Xcode/DerivedData/OPS-czavgtmnvamasvcjgszzuulfcsxj/Build/Intermediates.noindex/OPS.build/Debug-iphonesimulator/OPS.build/Objects-normal/arm64/ProjectHistorySettingsView.o -index-unit-output-path /OPS.build/Debug-iphonesimulator/OPS.build/Objects-normal/arm64/ProjectCard.o -index-unit-output-path /OPS.build/Debug-iphonesimulator/OPS.build/Objects-normal/arm64/ProjectCarousel.o -index-unit-output-path /OPS.build/Debug-iphonesimulator/OPS.build/Objects-normal/arm64/ProjectDetailsView.o -index-unit-output-path /OPS.build/Debug-iphonesimulator/OPS.build/Objects-normal/arm64/ProjectHeader.o -index-unit-output-path /OPS.build/Debug-iphonesimulator/OPS.build/Objects-normal/arm64/ProjectSheetContainer.o -index-unit-output-path /OPS.build/Debug-iphonesimulator/OPS.build/Objects-normal/arm64/TeamMemberListView.o -index-unit-output-path /OPS.build/Debug-iphonesimulator/OPS.build/Objects-normal/arm64/UserProfileCard.o -index-unit-output-path /OPS.build/Debug-iphonesimulator/OPS.build/Objects-normal/arm64/HomeContentView.o -index-unit-output-path /OPS.build/Debug-iphonesimulator/OPS.build/Objects-normal/arm64/HomeView.o -index-unit-output-path /OPS.build/Debug-iphonesimulator/OPS.build/Objects-normal/arm64/OrganizationSettingsView.o -index-unit-output-path /OPS.build/Debug-iphonesimulator/OPS.build/Objects-normal/arm64/ProfileSettingsView.o -index-unit-output-path /OPS.build/Debug-iphonesimulator/OPS.build/Objects-normal/arm64/ProjectHistorySettingsView.o -index-store-path /Users/jacksonsweet/Library/Developer/Xcode/DerivedData/OPS-czavgtmnvamasvcjgszzuulfcsxj/Index.noindex/DataStore -index-system-modules

SwiftCompile normal arm64 /Users/jacksonsweet/Desktop/OPS\ APP/OPS/OPS/Views/Components/Project/ProjectCarousel.swift (in target 'OPS' from project 'OPS')
    cd /Users/jacksonsweet/Desktop/OPS\ APP/OPS
    /Applications/Xcode.app/Contents/Developer/Toolchains/XcodeDefault.xctoolchain/usr/bin/swift-frontend -c /Users/jacksonsweet/Desktop/OPS\ APP/OPS/OPS/DataModels/BubbleImage.swift /Users/jacksonsweet/Desktop/OPS\ APP/OPS/OPS/DataModels/BubbleTypes.swift /Users/jacksonsweet/Desktop/OPS\ APP/OPS/OPS/DataModels/Company.swift /Users/jacksonsweet/Desktop/OPS\ APP/OPS/OPS/DataModels/Project.swift /Users/jacksonsweet/Desktop/OPS\ APP/OPS/OPS/DataModels/Status.swift /Users/jacksonsweet/Desktop/OPS\ APP/OPS/OPS/DataModels/User.swift /Users/jacksonsweet/Desktop/OPS\ APP/OPS/OPS/DataModels/UserRole.swift /Users/jacksonsweet/Desktop/OPS\ APP/OPS/OPS/Extensions/UIImage+Extensions.swift /Users/jacksonsweet/Desktop/OPS\ APP/OPS/OPS/Network/API/APIError.swift /Users/jacksonsweet/Desktop/OPS\ APP/OPS/OPS/Network/API/APIService.swift /Users/jacksonsweet/Desktop/OPS\ APP/OPS/OPS/Network/API/BubbleFields.swift /Users/jacksonsweet/Desktop/OPS\ APP/OPS/OPS/Network/Auth/AuthError.swift /Users/jacksonsweet/Desktop/OPS\ APP/OPS/OPS/Network/Auth/AuthManager.swift /Users/jacksonsweet/Desktop/OPS\ APP/OPS/OPS/Network/Auth/KeychainManager.swift /Users/jacksonsweet/Desktop/OPS\ APP/OPS/OPS/Network/DTOs/CompanyDTO.swift /Users/jacksonsweet/Desktop/OPS\ APP/OPS/OPS/Network/DTOs/ProjectDTO.swift /Users/jacksonsweet/Desktop/OPS\ APP/OPS/OPS/Network/DTOs/UserDTO.swift /Users/jacksonsweet/Desktop/OPS\ APP/OPS/OPS/Network/Endpoints/CompanyEndpoints.swift /Users/jacksonsweet/Desktop/OPS\ APP/OPS/OPS/Network/Endpoints/ProjectEndpoints.swift /Users/jacksonsweet/Desktop/OPS\ APP/OPS/OPS/Network/Endpoints/UserEndpoints.swift /Users/jacksonsweet/Desktop/OPS\ APP/OPS/OPS/Network/Sync/BackgroundTaskManager.swift /Users/jacksonsweet/Desktop/OPS\ APP/OPS/OPS/Network/Sync/SyncManager.swift /Users/jacksonsweet/Desktop/OPS\ APP/OPS/OPS/Network/ConnectivityMonitor.swift /Users/jacksonsweet/Desktop/OPS\ APP/OPS/OPS/Network/ImageSyncManager.swift /Users/jacksonsweet/Desktop/OPS\ APP/OPS/OPS/Onboarding/Coordinators/OnboardingCoordinator.swift /Users/jacksonsweet/Desktop/OPS\ APP/OPS/OPS/Onboarding/Models/OnboardingModels.swift /Users/jacksonsweet/Desktop/OPS\ APP/OPS/OPS/Onboarding/Services/OnboardingService.swift /Users/jacksonsweet/Desktop/OPS\ APP/OPS/OPS/Onboarding/ViewModels/OnboardingViewModel.swift /Users/jacksonsweet/Desktop/OPS\ APP/OPS/OPS/Onboarding/Views/Components/OnboardingComponents.swift /Users/jacksonsweet/Desktop/OPS\ APP/OPS/OPS/Onboarding/Views/Screens/AccountCreatedView.swift /Users/jacksonsweet/Desktop/OPS\ APP/OPS/OPS/Onboarding/Views/Screens/CompanyCodeView.swift /Users/jacksonsweet/Desktop/OPS\ APP/OPS/OPS/Onboarding/Views/Screens/CompanyCodeViewPreview.swift /Users/jacksonsweet/Desktop/OPS\ APP/OPS/OPS/Onboarding/Views/Screens/CompletionView.swift /Users/jacksonsweet/Desktop/OPS\ APP/OPS/OPS/Onboarding/Views/Screens/CompletionViewPreview.swift /Users/jacksonsweet/Desktop/OPS\ APP/OPS/OPS/Onboarding/Views/Screens/EmailView.swift /Users/jacksonsweet/Desktop/OPS\ APP/OPS/OPS/Onboarding/Views/Screens/FieldSetupView.swift /Users/jacksonsweet/Desktop/OPS\ APP/OPS/OPS/Onboarding/Views/Screens/NotificationsView.swift /Users/jacksonsweet/Desktop/OPS\ APP/OPS/OPS/Onboarding/Views/Screens/NotificationsViewPreview.swift /Users/jacksonsweet/Desktop/OPS\ APP/OPS/OPS/Onboarding/Views/Screens/OrganizationJoinView.swift /Users/jacksonsweet/Desktop/OPS\ APP/OPS/OPS/Onboarding/Views/Screens/PasswordView.swift /Users/jacksonsweet/Desktop/OPS\ APP/OPS/OPS/Onboarding/Views/Screens/PasswordViewPreview.swift /Users/jacksonsweet/Desktop/OPS\ APP/OPS/OPS/Onboarding/Views/Screens/PermissionsView.swift /Users/jacksonsweet/Desktop/OPS\ APP/OPS/OPS/Onboarding/Views/Screens/PermissionsViewPreview.swift /Users/jacksonsweet/Desktop/OPS\ APP/OPS/OPS/Onboarding/Views/Screens/PhoneNumberView.swift /Users/jacksonsweet/Desktop/OPS\ APP/OPS/OPS/Onboarding/Views/Screens/PhoneNumberViewPreview.swift /Users/jacksonsweet/Desktop/OPS\ APP/OPS/OPS/Onboarding/Views/Screens/UserInfoView.swift /Users/jacksonsweet/Desktop/OPS\ APP/OPS/OPS/Onboarding/Views/Screens/UserInfoViewPreview.swift /Users/jacksonsweet/Desktop/OPS\ APP/OPS/OPS/Onboarding/Views/Screens/VerifyPhoneView.swift /Users/jacksonsweet/Desktop/OPS\ APP/OPS/OPS/Onboarding/Views/Screens/WelcomeCompanyView.swift /Users/jacksonsweet/Desktop/OPS\ APP/OPS/OPS/Onboarding/Views/Screens/WelcomeCompanyViewPreview.swift /Users/jacksonsweet/Desktop/OPS\ APP/OPS/OPS/Onboarding/Views/Screens/WelcomeView.swift /Users/jacksonsweet/Desktop/OPS\ APP/OPS/OPS/Onboarding/Views/Screens/WelcomeViewPreview.swift /Users/jacksonsweet/Desktop/OPS\ APP/OPS/OPS/Onboarding/Views/OnboardingContainerView.swift /Users/jacksonsweet/Desktop/OPS\ APP/OPS/OPS/Onboarding/Views/OnboardingFlowPreview.swift /Users/jacksonsweet/Desktop/OPS\ APP/OPS/OPS/Onboarding/Views/OnboardingPresenter.swift /Users/jacksonsweet/Desktop/OPS\ APP/OPS/OPS/Onboarding/Views/OnboardingPreviewHelpers.swift /Users/jacksonsweet/Desktop/OPS\ APP/OPS/OPS/Styles/OPSStyle.swift /Users/jacksonsweet/Desktop/OPS\ APP/OPS/OPS/Utilities/AppConfiguration.swift /Users/jacksonsweet/Desktop/OPS\ APP/OPS/OPS/Utilities/ArrayTransformer.swift /Users/jacksonsweet/Desktop/OPS\ APP/OPS/OPS/Utilities/DataController.swift /Users/jacksonsweet/Desktop/OPS\ APP/OPS/OPS/Utilities/Dateformatter\ +Bubble.swift /Users/jacksonsweet/Desktop/OPS\ APP/OPS/OPS/Utilities/DateHelper.swift /Users/jacksonsweet/Desktop/OPS\ APP/OPS/OPS/Utilities/FieldErrorHandler.swift /Users/jacksonsweet/Desktop/OPS\ APP/OPS/OPS/Utilities/ImageCache.swift /Users/jacksonsweet/Desktop/OPS\ APP/OPS/OPS/Utilities/ImageFileManager.swift /Users/jacksonsweet/Desktop/OPS\ APP/OPS/OPS/Utilities/InProgressManager.swift /Users/jacksonsweet/Desktop/OPS\ APP/OPS/OPS/Utilities/KeyboardDismissalModifier.swift /Users/jacksonsweet/Desktop/OPS\ APP/OPS/OPS/Utilities/LocationManager.swift /Users/jacksonsweet/Desktop/OPS\ APP/OPS/OPS/Utilities/OnboardingEnvironmentKey.swift /Users/jacksonsweet/Desktop/OPS\ APP/OPS/OPS/Utilities/SwiftDataHelper.swift /Users/jacksonsweet/Desktop/OPS\ APP/OPS/OPS/Utilities/UIComponents.swift /Users/jacksonsweet/Desktop/OPS\ APP/OPS/OPS/V2/CertificationsSettingsView.swift /Users/jacksonsweet/Desktop/OPS\ APP/OPS/OPS/ViewModels/CalendarViewModel.swift /Users/jacksonsweet/Desktop/OPS\ APP/OPS/OPS/ViewModels/ProjectsViewModel.swift /Users/jacksonsweet/Desktop/OPS\ APP/OPS/OPS/Views/Calendar\ Tab/Components/CalendarDaySelector.swift /Users/jacksonsweet/Desktop/OPS\ APP/OPS/OPS/Views/Calendar\ Tab/Components/CalendarHeaderView.swift /Users/jacksonsweet/Desktop/OPS\ APP/OPS/OPS/Views/Calendar\ Tab/Components/CalendarProjectCard.swift /Users/jacksonsweet/Desktop/OPS\ APP/OPS/OPS/Views/Calendar\ Tab/Components/CalendarToggleView.swift /Users/jacksonsweet/Desktop/OPS\ APP/OPS/OPS/Views/Calendar\ Tab/Components/DatePickerPopover.swift /Users/jacksonsweet/Desktop/OPS\ APP/OPS/OPS/Views/Calendar\ Tab/Components/DayCell.swift /Users/jacksonsweet/Desktop/OPS\ APP/OPS/OPS/Views/Calendar\ Tab/ProjectViews/DayProjectSheet.swift /Users/jacksonsweet/Desktop/OPS\ APP/OPS/OPS/Views/Calendar\ Tab/ProjectViews/ProjectListView.swift /Users/jacksonsweet/Desktop/OPS\ APP/OPS/OPS/Views/Calendar\ Tab/MonthGridView.swift /Users/jacksonsweet/Desktop/OPS\ APP/OPS/OPS/Views/Components/Common/AppHeader.swift /Users/jacksonsweet/Desktop/OPS\ APP/OPS/OPS/Views/Components/Common/ExpandableNotesView.swift /Users/jacksonsweet/Desktop/OPS\ APP/OPS/OPS/Views/Components/Common/LocationPermissionView.swift /Users/jacksonsweet/Desktop/OPS\ APP/OPS/OPS/Views/Components/Common/NavigationBanner.swift /Users/jacksonsweet/Desktop/OPS\ APP/OPS/OPS/Views/Components/Common/NavigationControlsView.swift /Users/jacksonsweet/Desktop/OPS\ APP/OPS/OPS/Views/Components/Common/TabBarBackground.swift /Users/jacksonsweet/Desktop/OPS\ APP/OPS/OPS/Views/Components/Images/ImagePicker.swift /Users/jacksonsweet/Desktop/OPS\ APP/OPS/OPS/Views/Components/Images/ImagePickerView.swift /Users/jacksonsweet/Desktop/OPS\ APP/OPS/OPS/Views/Components/Images/ProjectImagesSection.swift /Users/jacksonsweet/Desktop/OPS\ APP/OPS/OPS/Views/Components/Images/ProjectImagesSimple.swift /Users/jacksonsweet/Desktop/OPS\ APP/OPS/OPS/Views/Components/Images/ProjectImageView.swift /Users/jacksonsweet/Desktop/OPS\ APP/OPS/OPS/Views/Components/Images/ProjectPhotosGrid.swift /Users/jacksonsweet/Desktop/OPS\ APP/OPS/OPS/Views/Components/Map/MiniMapView.swift /Users/jacksonsweet/Desktop/OPS\ APP/OPS/OPS/Views/Components/Map/ProjectMapAnnotation.swift /Users/jacksonsweet/Desktop/OPS\ APP/OPS/OPS/Views/Components/Map/ProjectMapView.swift /Users/jacksonsweet/Desktop/OPS\ APP/OPS/OPS/Views/Components/Map/ProjectMarkerPopup.swift /Users/jacksonsweet/Desktop/OPS\ APP/OPS/OPS/Views/Components/Map/RouteDirectionsView.swift /Users/jacksonsweet/Desktop/OPS\ APP/OPS/OPS/Views/Components/Project/ProjectActionBar.swift -primary-file /Users/jacksonsweet/Desktop/OPS\ APP/OPS/OPS/Views/Components/Project/ProjectCard.swift -primary-file /Users/jacksonsweet/Desktop/OPS\ APP/OPS/OPS/Views/Components/Project/ProjectCarousel.swift -primary-file /Users/jacksonsweet/Desktop/OPS\ APP/OPS/OPS/Views/Components/Project/ProjectDetailsView.swift -primary-file /Users/jacksonsweet/Desktop/OPS\ APP/OPS/OPS/Views/Components/Project/ProjectHeader.swift -primary-file /Users/jacksonsweet/Desktop/OPS\ APP/OPS/OPS/Views/Components/Project/ProjectSheetContainer.swift -primary-file /Users/jacksonsweet/Desktop/OPS\ APP/OPS/OPS/Views/Components/User/TeamMemberListView.swift -primary-file /Users/jacksonsweet/Desktop/OPS\ APP/OPS/OPS/Views/Components/User/UserProfileCard.swift -primary-file /Users/jacksonsweet/Desktop/OPS\ APP/OPS/OPS/Views/Home/HomeContentView.swift -primary-file /Users/jacksonsweet/Desktop/OPS\ APP/OPS/OPS/Views/Home/HomeView.swift -primary-file /Users/jacksonsweet/Desktop/OPS\ APP/OPS/OPS/Views/Settings/OrganizationSettingsView.swift -primary-file /Users/jacksonsweet/Desktop/OPS\ APP/OPS/OPS/Views/Settings/ProfileSettingsView.swift -primary-file /Users/jacksonsweet/Desktop/OPS\ APP/OPS/OPS/Views/Settings/ProjectHistorySettingsView.swift /Users/jacksonsweet/Desktop/OPS\ APP/OPS/OPS/Views/LoginView.swift /Users/jacksonsweet/Desktop/OPS\ APP/OPS/OPS/Views/LoginViewPreview.swift /Users/jacksonsweet/Desktop/OPS\ APP/OPS/OPS/Views/MainTabView.swift /Users/jacksonsweet/Desktop/OPS\ APP/OPS/OPS/Views/NetworkStatusIndicator.swift /Users/jacksonsweet/Desktop/OPS\ APP/OPS/OPS/Views/ScheduleView.swift /Users/jacksonsweet/Desktop/OPS\ APP/OPS/OPS/Views/SettingsView.swift /Users/jacksonsweet/Desktop/OPS\ APP/OPS/OPS/Views/SplashScreen.swift /Users/jacksonsweet/Desktop/OPS\ APP/OPS/OPS/AppState.swift /Users/jacksonsweet/Desktop/OPS\ APP/OPS/OPS/ContentView.swift /Users/jacksonsweet/Desktop/OPS\ APP/OPS/OPS/Item.swift /Users/jacksonsweet/Desktop/OPS\ APP/OPS/OPS/OPSApp.swift /Users/jacksonsweet/Library/Developer/Xcode/DerivedData/OPS-czavgtmnvamasvcjgszzuulfcsxj/Build/Intermediates.noindex/OPS.build/Debug-iphonesimulator/OPS.build/DerivedSources/GeneratedAssetSymbols.swift -supplementary-output-file-map /Users/jacksonsweet/Library/Developer/Xcode/DerivedData/OPS-czavgtmnvamasvcjgszzuulfcsxj/Build/Intermediates.noindex/OPS.build/Debug-iphonesimulator/OPS.build/Objects-normal/arm64/supplementaryOutputs-9 -emit-localized-strings -emit-localized-strings-path /Users/jacksonsweet/Library/Developer/Xcode/DerivedData/OPS-czavgtmnvamasvcjgszzuulfcsxj/Build/Intermediates.noindex/OPS.build/Debug-iphonesimulator/OPS.build/Objects-normal/arm64 -target arm64-apple-ios18.2-simulator -Xllvm -aarch64-use-tbi -enable-objc-interop -sdk /Applications/Xcode.app/Contents/Developer/Platforms/iPhoneSimulator.platform/Developer/SDKs/iPhoneSimulator18.2.sdk -I /Users/jacksonsweet/Library/Developer/Xcode/DerivedData/OPS-czavgtmnvamasvcjgszzuulfcsxj/Build/Products/Debug-iphonesimulator -F /Users/jacksonsweet/Library/Developer/Xcode/DerivedData/OPS-czavgtmnvamasvcjgszzuulfcsxj/Build/Products/Debug-iphonesimulator -no-color-diagnostics -enable-testing -g -debug-info-format\=dwarf -dwarf-version\=5 -module-cache-path /Users/jacksonsweet/Library/Developer/Xcode/DerivedData/ModuleCache.noindex -profile-generate -profile-coverage-mapping -swift-version 5 -enforce-exclusivity\=checked -Onone -D DEBUG -serialize-debugging-options -const-gather-protocols-file /Users/jacksonsweet/Library/Developer/Xcode/DerivedData/OPS-czavgtmnvamasvcjgszzuulfcsxj/Build/Intermediates.noindex/OPS.build/Debug-iphonesimulator/OPS.build/Objects-normal/arm64/OPS_const_extract_protocols.json -enable-experimental-feature DebugDescriptionMacro -enable-experimental-feature OpaqueTypeErasure -enable-bare-slash-regex -empty-abi-descriptor -validate-clang-modules-once -clang-build-session-file /Users/jacksonsweet/Library/Developer/Xcode/DerivedData/ModuleCache.noindex/Session.modulevalidation -Xcc -working-directory -Xcc /Users/jacksonsweet/Desktop/OPS\ APP/OPS -resource-dir /Applications/Xcode.app/Contents/Developer/Toolchains/XcodeDefault.xctoolchain/usr/lib/swift -enable-anonymous-context-mangled-names -file-compilation-dir /Users/jacksonsweet/Desktop/OPS\ APP/OPS -Xcc -D_LIBCPP_HARDENING_MODE\=_LIBCPP_HARDENING_MODE_DEBUG -Xcc -ivfsstatcache -Xcc /Users/jacksonsweet/Library/Developer/Xcode/DerivedData/SDKStatCaches.noindex/iphonesimulator18.2-22C146-07b28473f605e47e75261259d3ef3b5a.sdkstatcache -Xcc -I/Users/jacksonsweet/Library/Developer/Xcode/DerivedData/OPS-czavgtmnvamasvcjgszzuulfcsxj/Build/Intermediates.noindex/OPS.build/Debug-iphonesimulator/OPS.build/swift-overrides.hmap -Xcc -iquote -Xcc /Users/jacksonsweet/Library/Developer/Xcode/DerivedData/OPS-czavgtmnvamasvcjgszzuulfcsxj/Build/Intermediates.noindex/OPS.build/Debug-iphonesimulator/OPS.build/OPS-generated-files.hmap -Xcc -I/Users/jacksonsweet/Library/Developer/Xcode/DerivedData/OPS-czavgtmnvamasvcjgszzuulfcsxj/Build/Intermediates.noindex/OPS.build/Debug-iphonesimulator/OPS.build/OPS-own-target-headers.hmap -Xcc -I/Users/jacksonsweet/Library/Developer/Xcode/DerivedData/OPS-czavgtmnvamasvcjgszzuulfcsxj/Build/Intermediates.noindex/OPS.build/Debug-iphonesimulator/OPS.build/OPS-all-target-headers.hmap -Xcc -iquote -Xcc /Users/jacksonsweet/Library/Developer/Xcode/DerivedData/OPS-czavgtmnvamasvcjgszzuulfcsxj/Build/Intermediates.noindex/OPS.build/Debug-iphonesimulator/OPS.build/OPS-project-headers.hmap -Xcc -I/Users/jacksonsweet/Library/Developer/Xcode/DerivedData/OPS-czavgtmnvamasvcjgszzuulfcsxj/Build/Products/Debug-iphonesimulator/include -Xcc -I/Users/jacksonsweet/Library/Developer/Xcode/DerivedData/OPS-czavgtmnvamasvcjgszzuulfcsxj/Build/Intermediates.noindex/OPS.build/Debug-iphonesimulator/OPS.build/DerivedSources-normal/arm64 -Xcc -I/Users/jacksonsweet/Library/Developer/Xcode/DerivedData/OPS-czavgtmnvamasvcjgszzuulfcsxj/Build/Intermediates.noindex/OPS.build/Debug-iphonesimulator/OPS.build/DerivedSources/arm64 -Xcc -I/Users/jacksonsweet/Library/Developer/Xcode/DerivedData/OPS-czavgtmnvamasvcjgszzuulfcsxj/Build/Intermediates.noindex/OPS.build/Debug-iphonesimulator/OPS.build/DerivedSources -Xcc -DDEBUG\=1 -module-name OPS -frontend-parseable-output -disable-clang-spi -target-sdk-version 18.2 -target-sdk-name iphonesimulator18.2 -external-plugin-path /Applications/Xcode.app/Contents/Developer/Platforms/iPhoneOS.platform/Developer/usr/lib/swift/host/plugins\#/Applications/Xcode.app/Contents/Developer/Platforms/iPhoneOS.platform/Developer/usr/bin/swift-plugin-server -external-plugin-path /Applications/Xcode.app/Contents/Developer/Platforms/iPhoneOS.platform/Developer/usr/local/lib/swift/host/plugins\#/Applications/Xcode.app/Contents/Developer/Platforms/iPhoneOS.platform/Developer/usr/bin/swift-plugin-server -plugin-path /Applications/Xcode.app/Contents/Developer/Toolchains/XcodeDefault.xctoolchain/usr/lib/swift/host/plugins -plugin-path /Applications/Xcode.app/Contents/Developer/Toolchains/XcodeDefault.xctoolchain/usr/local/lib/swift/host/plugins -o /Users/jacksonsweet/Library/Developer/Xcode/DerivedData/OPS-czavgtmnvamasvcjgszzuulfcsxj/Build/Intermediates.noindex/OPS.build/Debug-iphonesimulator/OPS.build/Objects-normal/arm64/ProjectCard.o -o /Users/jacksonsweet/Library/Developer/Xcode/DerivedData/OPS-czavgtmnvamasvcjgszzuulfcsxj/Build/Intermediates.noindex/OPS.build/Debug-iphonesimulator/OPS.build/Objects-normal/arm64/ProjectCarousel.o -o /Users/jacksonsweet/Library/Developer/Xcode/DerivedData/OPS-czavgtmnvamasvcjgszzuulfcsxj/Build/Intermediates.noindex/OPS.build/Debug-iphonesimulator/OPS.build/Objects-normal/arm64/ProjectDetailsView.o -o /Users/jacksonsweet/Library/Developer/Xcode/DerivedData/OPS-czavgtmnvamasvcjgszzuulfcsxj/Build/Intermediates.noindex/OPS.build/Debug-iphonesimulator/OPS.build/Objects-normal/arm64/ProjectHeader.o -o /Users/jacksonsweet/Library/Developer/Xcode/DerivedData/OPS-czavgtmnvamasvcjgszzuulfcsxj/Build/Intermediates.noindex/OPS.build/Debug-iphonesimulator/OPS.build/Objects-normal/arm64/ProjectSheetContainer.o -o /Users/jacksonsweet/Library/Developer/Xcode/DerivedData/OPS-czavgtmnvamasvcjgszzuulfcsxj/Build/Intermediates.noindex/OPS.build/Debug-iphonesimulator/OPS.build/Objects-normal/arm64/TeamMemberListView.o -o /Users/jacksonsweet/Library/Developer/Xcode/DerivedData/OPS-czavgtmnvamasvcjgszzuulfcsxj/Build/Intermediates.noindex/OPS.build/Debug-iphonesimulator/OPS.build/Objects-normal/arm64/UserProfileCard.o -o /Users/jacksonsweet/Library/Developer/Xcode/DerivedData/OPS-czavgtmnvamasvcjgszzuulfcsxj/Build/Intermediates.noindex/OPS.build/Debug-iphonesimulator/OPS.build/Objects-normal/arm64/HomeContentView.o -o /Users/jacksonsweet/Library/Developer/Xcode/DerivedData/OPS-czavgtmnvamasvcjgszzuulfcsxj/Build/Intermediates.noindex/OPS.build/Debug-iphonesimulator/OPS.build/Objects-normal/arm64/HomeView.o -o /Users/jacksonsweet/Library/Developer/Xcode/DerivedData/OPS-czavgtmnvamasvcjgszzuulfcsxj/Build/Intermediates.noindex/OPS.build/Debug-iphonesimulator/OPS.build/Objects-normal/arm64/OrganizationSettingsView.o -o /Users/jacksonsweet/Library/Developer/Xcode/DerivedData/OPS-czavgtmnvamasvcjgszzuulfcsxj/Build/Intermediates.noindex/OPS.build/Debug-iphonesimulator/OPS.build/Objects-normal/arm64/ProfileSettingsView.o -o /Users/jacksonsweet/Library/Developer/Xcode/DerivedData/OPS-czavgtmnvamasvcjgszzuulfcsxj/Build/Intermediates.noindex/OPS.build/Debug-iphonesimulator/OPS.build/Objects-normal/arm64/ProjectHistorySettingsView.o -index-unit-output-path /OPS.build/Debug-iphonesimulator/OPS.build/Objects-normal/arm64/ProjectCard.o -index-unit-output-path /OPS.build/Debug-iphonesimulator/OPS.build/Objects-normal/arm64/ProjectCarousel.o -index-unit-output-path /OPS.build/Debug-iphonesimulator/OPS.build/Objects-normal/arm64/ProjectDetailsView.o -index-unit-output-path /OPS.build/Debug-iphonesimulator/OPS.build/Objects-normal/arm64/ProjectHeader.o -index-unit-output-path /OPS.build/Debug-iphonesimulator/OPS.build/Objects-normal/arm64/ProjectSheetContainer.o -index-unit-output-path /OPS.build/Debug-iphonesimulator/OPS.build/Objects-normal/arm64/TeamMemberListView.o -index-unit-output-path /OPS.build/Debug-iphonesimulator/OPS.build/Objects-normal/arm64/UserProfileCard.o -index-unit-output-path /OPS.build/Debug-iphonesimulator/OPS.build/Objects-normal/arm64/HomeContentView.o -index-unit-output-path /OPS.build/Debug-iphonesimulator/OPS.build/Objects-normal/arm64/HomeView.o -index-unit-output-path /OPS.build/Debug-iphonesimulator/OPS.build/Objects-normal/arm64/OrganizationSettingsView.o -index-unit-output-path /OPS.build/Debug-iphonesimulator/OPS.build/Objects-normal/arm64/ProfileSettingsView.o -index-unit-output-path /OPS.build/Debug-iphonesimulator/OPS.build/Objects-normal/arm64/ProjectHistorySettingsView.o -index-store-path /Users/jacksonsweet/Library/Developer/Xcode/DerivedData/OPS-czavgtmnvamasvcjgszzuulfcsxj/Index.noindex/DataStore -index-system-modules

SwiftCompile normal arm64 /Users/jacksonsweet/Desktop/OPS\ APP/OPS/OPS/Views/Components/Project/ProjectDetailsView.swift (in target 'OPS' from project 'OPS')
    cd /Users/jacksonsweet/Desktop/OPS\ APP/OPS
    /Applications/Xcode.app/Contents/Developer/Toolchains/XcodeDefault.xctoolchain/usr/bin/swift-frontend -c /Users/jacksonsweet/Desktop/OPS\ APP/OPS/OPS/DataModels/BubbleImage.swift /Users/jacksonsweet/Desktop/OPS\ APP/OPS/OPS/DataModels/BubbleTypes.swift /Users/jacksonsweet/Desktop/OPS\ APP/OPS/OPS/DataModels/Company.swift /Users/jacksonsweet/Desktop/OPS\ APP/OPS/OPS/DataModels/Project.swift /Users/jacksonsweet/Desktop/OPS\ APP/OPS/OPS/DataModels/Status.swift /Users/jacksonsweet/Desktop/OPS\ APP/OPS/OPS/DataModels/User.swift /Users/jacksonsweet/Desktop/OPS\ APP/OPS/OPS/DataModels/UserRole.swift /Users/jacksonsweet/Desktop/OPS\ APP/OPS/OPS/Extensions/UIImage+Extensions.swift /Users/jacksonsweet/Desktop/OPS\ APP/OPS/OPS/Network/API/APIError.swift /Users/jacksonsweet/Desktop/OPS\ APP/OPS/OPS/Network/API/APIService.swift /Users/jacksonsweet/Desktop/OPS\ APP/OPS/OPS/Network/API/BubbleFields.swift /Users/jacksonsweet/Desktop/OPS\ APP/OPS/OPS/Network/Auth/AuthError.swift /Users/jacksonsweet/Desktop/OPS\ APP/OPS/OPS/Network/Auth/AuthManager.swift /Users/jacksonsweet/Desktop/OPS\ APP/OPS/OPS/Network/Auth/KeychainManager.swift /Users/jacksonsweet/Desktop/OPS\ APP/OPS/OPS/Network/DTOs/CompanyDTO.swift /Users/jacksonsweet/Desktop/OPS\ APP/OPS/OPS/Network/DTOs/ProjectDTO.swift /Users/jacksonsweet/Desktop/OPS\ APP/OPS/OPS/Network/DTOs/UserDTO.swift /Users/jacksonsweet/Desktop/OPS\ APP/OPS/OPS/Network/Endpoints/CompanyEndpoints.swift /Users/jacksonsweet/Desktop/OPS\ APP/OPS/OPS/Network/Endpoints/ProjectEndpoints.swift /Users/jacksonsweet/Desktop/OPS\ APP/OPS/OPS/Network/Endpoints/UserEndpoints.swift /Users/jacksonsweet/Desktop/OPS\ APP/OPS/OPS/Network/Sync/BackgroundTaskManager.swift /Users/jacksonsweet/Desktop/OPS\ APP/OPS/OPS/Network/Sync/SyncManager.swift /Users/jacksonsweet/Desktop/OPS\ APP/OPS/OPS/Network/ConnectivityMonitor.swift /Users/jacksonsweet/Desktop/OPS\ APP/OPS/OPS/Network/ImageSyncManager.swift /Users/jacksonsweet/Desktop/OPS\ APP/OPS/OPS/Onboarding/Coordinators/OnboardingCoordinator.swift /Users/jacksonsweet/Desktop/OPS\ APP/OPS/OPS/Onboarding/Models/OnboardingModels.swift /Users/jacksonsweet/Desktop/OPS\ APP/OPS/OPS/Onboarding/Services/OnboardingService.swift /Users/jacksonsweet/Desktop/OPS\ APP/OPS/OPS/Onboarding/ViewModels/OnboardingViewModel.swift /Users/jacksonsweet/Desktop/OPS\ APP/OPS/OPS/Onboarding/Views/Components/OnboardingComponents.swift /Users/jacksonsweet/Desktop/OPS\ APP/OPS/OPS/Onboarding/Views/Screens/AccountCreatedView.swift /Users/jacksonsweet/Desktop/OPS\ APP/OPS/OPS/Onboarding/Views/Screens/CompanyCodeView.swift /Users/jacksonsweet/Desktop/OPS\ APP/OPS/OPS/Onboarding/Views/Screens/CompanyCodeViewPreview.swift /Users/jacksonsweet/Desktop/OPS\ APP/OPS/OPS/Onboarding/Views/Screens/CompletionView.swift /Users/jacksonsweet/Desktop/OPS\ APP/OPS/OPS/Onboarding/Views/Screens/CompletionViewPreview.swift /Users/jacksonsweet/Desktop/OPS\ APP/OPS/OPS/Onboarding/Views/Screens/EmailView.swift /Users/jacksonsweet/Desktop/OPS\ APP/OPS/OPS/Onboarding/Views/Screens/FieldSetupView.swift /Users/jacksonsweet/Desktop/OPS\ APP/OPS/OPS/Onboarding/Views/Screens/NotificationsView.swift /Users/jacksonsweet/Desktop/OPS\ APP/OPS/OPS/Onboarding/Views/Screens/NotificationsViewPreview.swift /Users/jacksonsweet/Desktop/OPS\ APP/OPS/OPS/Onboarding/Views/Screens/OrganizationJoinView.swift /Users/jacksonsweet/Desktop/OPS\ APP/OPS/OPS/Onboarding/Views/Screens/PasswordView.swift /Users/jacksonsweet/Desktop/OPS\ APP/OPS/OPS/Onboarding/Views/Screens/PasswordViewPreview.swift /Users/jacksonsweet/Desktop/OPS\ APP/OPS/OPS/Onboarding/Views/Screens/PermissionsView.swift /Users/jacksonsweet/Desktop/OPS\ APP/OPS/OPS/Onboarding/Views/Screens/PermissionsViewPreview.swift /Users/jacksonsweet/Desktop/OPS\ APP/OPS/OPS/Onboarding/Views/Screens/PhoneNumberView.swift /Users/jacksonsweet/Desktop/OPS\ APP/OPS/OPS/Onboarding/Views/Screens/PhoneNumberViewPreview.swift /Users/jacksonsweet/Desktop/OPS\ APP/OPS/OPS/Onboarding/Views/Screens/UserInfoView.swift /Users/jacksonsweet/Desktop/OPS\ APP/OPS/OPS/Onboarding/Views/Screens/UserInfoViewPreview.swift /Users/jacksonsweet/Desktop/OPS\ APP/OPS/OPS/Onboarding/Views/Screens/VerifyPhoneView.swift /Users/jacksonsweet/Desktop/OPS\ APP/OPS/OPS/Onboarding/Views/Screens/WelcomeCompanyView.swift /Users/jacksonsweet/Desktop/OPS\ APP/OPS/OPS/Onboarding/Views/Screens/WelcomeCompanyViewPreview.swift /Users/jacksonsweet/Desktop/OPS\ APP/OPS/OPS/Onboarding/Views/Screens/WelcomeView.swift /Users/jacksonsweet/Desktop/OPS\ APP/OPS/OPS/Onboarding/Views/Screens/WelcomeViewPreview.swift /Users/jacksonsweet/Desktop/OPS\ APP/OPS/OPS/Onboarding/Views/OnboardingContainerView.swift /Users/jacksonsweet/Desktop/OPS\ APP/OPS/OPS/Onboarding/Views/OnboardingFlowPreview.swift /Users/jacksonsweet/Desktop/OPS\ APP/OPS/OPS/Onboarding/Views/OnboardingPresenter.swift /Users/jacksonsweet/Desktop/OPS\ APP/OPS/OPS/Onboarding/Views/OnboardingPreviewHelpers.swift /Users/jacksonsweet/Desktop/OPS\ APP/OPS/OPS/Styles/OPSStyle.swift /Users/jacksonsweet/Desktop/OPS\ APP/OPS/OPS/Utilities/AppConfiguration.swift /Users/jacksonsweet/Desktop/OPS\ APP/OPS/OPS/Utilities/ArrayTransformer.swift /Users/jacksonsweet/Desktop/OPS\ APP/OPS/OPS/Utilities/DataController.swift /Users/jacksonsweet/Desktop/OPS\ APP/OPS/OPS/Utilities/Dateformatter\ +Bubble.swift /Users/jacksonsweet/Desktop/OPS\ APP/OPS/OPS/Utilities/DateHelper.swift /Users/jacksonsweet/Desktop/OPS\ APP/OPS/OPS/Utilities/FieldErrorHandler.swift /Users/jacksonsweet/Desktop/OPS\ APP/OPS/OPS/Utilities/ImageCache.swift /Users/jacksonsweet/Desktop/OPS\ APP/OPS/OPS/Utilities/ImageFileManager.swift /Users/jacksonsweet/Desktop/OPS\ APP/OPS/OPS/Utilities/InProgressManager.swift /Users/jacksonsweet/Desktop/OPS\ APP/OPS/OPS/Utilities/KeyboardDismissalModifier.swift /Users/jacksonsweet/Desktop/OPS\ APP/OPS/OPS/Utilities/LocationManager.swift /Users/jacksonsweet/Desktop/OPS\ APP/OPS/OPS/Utilities/OnboardingEnvironmentKey.swift /Users/jacksonsweet/Desktop/OPS\ APP/OPS/OPS/Utilities/SwiftDataHelper.swift /Users/jacksonsweet/Desktop/OPS\ APP/OPS/OPS/Utilities/UIComponents.swift /Users/jacksonsweet/Desktop/OPS\ APP/OPS/OPS/V2/CertificationsSettingsView.swift /Users/jacksonsweet/Desktop/OPS\ APP/OPS/OPS/ViewModels/CalendarViewModel.swift /Users/jacksonsweet/Desktop/OPS\ APP/OPS/OPS/ViewModels/ProjectsViewModel.swift /Users/jacksonsweet/Desktop/OPS\ APP/OPS/OPS/Views/Calendar\ Tab/Components/CalendarDaySelector.swift /Users/jacksonsweet/Desktop/OPS\ APP/OPS/OPS/Views/Calendar\ Tab/Components/CalendarHeaderView.swift /Users/jacksonsweet/Desktop/OPS\ APP/OPS/OPS/Views/Calendar\ Tab/Components/CalendarProjectCard.swift /Users/jacksonsweet/Desktop/OPS\ APP/OPS/OPS/Views/Calendar\ Tab/Components/CalendarToggleView.swift /Users/jacksonsweet/Desktop/OPS\ APP/OPS/OPS/Views/Calendar\ Tab/Components/DatePickerPopover.swift /Users/jacksonsweet/Desktop/OPS\ APP/OPS/OPS/Views/Calendar\ Tab/Components/DayCell.swift /Users/jacksonsweet/Desktop/OPS\ APP/OPS/OPS/Views/Calendar\ Tab/ProjectViews/DayProjectSheet.swift /Users/jacksonsweet/Desktop/OPS\ APP/OPS/OPS/Views/Calendar\ Tab/ProjectViews/ProjectListView.swift /Users/jacksonsweet/Desktop/OPS\ APP/OPS/OPS/Views/Calendar\ Tab/MonthGridView.swift /Users/jacksonsweet/Desktop/OPS\ APP/OPS/OPS/Views/Components/Common/AppHeader.swift /Users/jacksonsweet/Desktop/OPS\ APP/OPS/OPS/Views/Components/Common/ExpandableNotesView.swift /Users/jacksonsweet/Desktop/OPS\ APP/OPS/OPS/Views/Components/Common/LocationPermissionView.swift /Users/jacksonsweet/Desktop/OPS\ APP/OPS/OPS/Views/Components/Common/NavigationBanner.swift /Users/jacksonsweet/Desktop/OPS\ APP/OPS/OPS/Views/Components/Common/NavigationControlsView.swift /Users/jacksonsweet/Desktop/OPS\ APP/OPS/OPS/Views/Components/Common/TabBarBackground.swift /Users/jacksonsweet/Desktop/OPS\ APP/OPS/OPS/Views/Components/Images/ImagePicker.swift /Users/jacksonsweet/Desktop/OPS\ APP/OPS/OPS/Views/Components/Images/ImagePickerView.swift /Users/jacksonsweet/Desktop/OPS\ APP/OPS/OPS/Views/Components/Images/ProjectImagesSection.swift /Users/jacksonsweet/Desktop/OPS\ APP/OPS/OPS/Views/Components/Images/ProjectImagesSimple.swift /Users/jacksonsweet/Desktop/OPS\ APP/OPS/OPS/Views/Components/Images/ProjectImageView.swift /Users/jacksonsweet/Desktop/OPS\ APP/OPS/OPS/Views/Components/Images/ProjectPhotosGrid.swift /Users/jacksonsweet/Desktop/OPS\ APP/OPS/OPS/Views/Components/Map/MiniMapView.swift /Users/jacksonsweet/Desktop/OPS\ APP/OPS/OPS/Views/Components/Map/ProjectMapAnnotation.swift /Users/jacksonsweet/Desktop/OPS\ APP/OPS/OPS/Views/Components/Map/ProjectMapView.swift /Users/jacksonsweet/Desktop/OPS\ APP/OPS/OPS/Views/Components/Map/ProjectMarkerPopup.swift /Users/jacksonsweet/Desktop/OPS\ APP/OPS/OPS/Views/Components/Map/RouteDirectionsView.swift /Users/jacksonsweet/Desktop/OPS\ APP/OPS/OPS/Views/Components/Project/ProjectActionBar.swift -primary-file /Users/jacksonsweet/Desktop/OPS\ APP/OPS/OPS/Views/Components/Project/ProjectCard.swift -primary-file /Users/jacksonsweet/Desktop/OPS\ APP/OPS/OPS/Views/Components/Project/ProjectCarousel.swift -primary-file /Users/jacksonsweet/Desktop/OPS\ APP/OPS/OPS/Views/Components/Project/ProjectDetailsView.swift -primary-file /Users/jacksonsweet/Desktop/OPS\ APP/OPS/OPS/Views/Components/Project/ProjectHeader.swift -primary-file /Users/jacksonsweet/Desktop/OPS\ APP/OPS/OPS/Views/Components/Project/ProjectSheetContainer.swift -primary-file /Users/jacksonsweet/Desktop/OPS\ APP/OPS/OPS/Views/Components/User/TeamMemberListView.swift -primary-file /Users/jacksonsweet/Desktop/OPS\ APP/OPS/OPS/Views/Components/User/UserProfileCard.swift -primary-file /Users/jacksonsweet/Desktop/OPS\ APP/OPS/OPS/Views/Home/HomeContentView.swift -primary-file /Users/jacksonsweet/Desktop/OPS\ APP/OPS/OPS/Views/Home/HomeView.swift -primary-file /Users/jacksonsweet/Desktop/OPS\ APP/OPS/OPS/Views/Settings/OrganizationSettingsView.swift -primary-file /Users/jacksonsweet/Desktop/OPS\ APP/OPS/OPS/Views/Settings/ProfileSettingsView.swift -primary-file /Users/jacksonsweet/Desktop/OPS\ APP/OPS/OPS/Views/Settings/ProjectHistorySettingsView.swift /Users/jacksonsweet/Desktop/OPS\ APP/OPS/OPS/Views/LoginView.swift /Users/jacksonsweet/Desktop/OPS\ APP/OPS/OPS/Views/LoginViewPreview.swift /Users/jacksonsweet/Desktop/OPS\ APP/OPS/OPS/Views/MainTabView.swift /Users/jacksonsweet/Desktop/OPS\ APP/OPS/OPS/Views/NetworkStatusIndicator.swift /Users/jacksonsweet/Desktop/OPS\ APP/OPS/OPS/Views/ScheduleView.swift /Users/jacksonsweet/Desktop/OPS\ APP/OPS/OPS/Views/SettingsView.swift /Users/jacksonsweet/Desktop/OPS\ APP/OPS/OPS/Views/SplashScreen.swift /Users/jacksonsweet/Desktop/OPS\ APP/OPS/OPS/AppState.swift /Users/jacksonsweet/Desktop/OPS\ APP/OPS/OPS/ContentView.swift /Users/jacksonsweet/Desktop/OPS\ APP/OPS/OPS/Item.swift /Users/jacksonsweet/Desktop/OPS\ APP/OPS/OPS/OPSApp.swift /Users/jacksonsweet/Library/Developer/Xcode/DerivedData/OPS-czavgtmnvamasvcjgszzuulfcsxj/Build/Intermediates.noindex/OPS.build/Debug-iphonesimulator/OPS.build/DerivedSources/GeneratedAssetSymbols.swift -supplementary-output-file-map /Users/jacksonsweet/Library/Developer/Xcode/DerivedData/OPS-czavgtmnvamasvcjgszzuulfcsxj/Build/Intermediates.noindex/OPS.build/Debug-iphonesimulator/OPS.build/Objects-normal/arm64/supplementaryOutputs-9 -emit-localized-strings -emit-localized-strings-path /Users/jacksonsweet/Library/Developer/Xcode/DerivedData/OPS-czavgtmnvamasvcjgszzuulfcsxj/Build/Intermediates.noindex/OPS.build/Debug-iphonesimulator/OPS.build/Objects-normal/arm64 -target arm64-apple-ios18.2-simulator -Xllvm -aarch64-use-tbi -enable-objc-interop -sdk /Applications/Xcode.app/Contents/Developer/Platforms/iPhoneSimulator.platform/Developer/SDKs/iPhoneSimulator18.2.sdk -I /Users/jacksonsweet/Library/Developer/Xcode/DerivedData/OPS-czavgtmnvamasvcjgszzuulfcsxj/Build/Products/Debug-iphonesimulator -F /Users/jacksonsweet/Library/Developer/Xcode/DerivedData/OPS-czavgtmnvamasvcjgszzuulfcsxj/Build/Products/Debug-iphonesimulator -no-color-diagnostics -enable-testing -g -debug-info-format\=dwarf -dwarf-version\=5 -module-cache-path /Users/jacksonsweet/Library/Developer/Xcode/DerivedData/ModuleCache.noindex -profile-generate -profile-coverage-mapping -swift-version 5 -enforce-exclusivity\=checked -Onone -D DEBUG -serialize-debugging-options -const-gather-protocols-file /Users/jacksonsweet/Library/Developer/Xcode/DerivedData/OPS-czavgtmnvamasvcjgszzuulfcsxj/Build/Intermediates.noindex/OPS.build/Debug-iphonesimulator/OPS.build/Objects-normal/arm64/OPS_const_extract_protocols.json -enable-experimental-feature DebugDescriptionMacro -enable-experimental-feature OpaqueTypeErasure -enable-bare-slash-regex -empty-abi-descriptor -validate-clang-modules-once -clang-build-session-file /Users/jacksonsweet/Library/Developer/Xcode/DerivedData/ModuleCache.noindex/Session.modulevalidation -Xcc -working-directory -Xcc /Users/jacksonsweet/Desktop/OPS\ APP/OPS -resource-dir /Applications/Xcode.app/Contents/Developer/Toolchains/XcodeDefault.xctoolchain/usr/lib/swift -enable-anonymous-context-mangled-names -file-compilation-dir /Users/jacksonsweet/Desktop/OPS\ APP/OPS -Xcc -D_LIBCPP_HARDENING_MODE\=_LIBCPP_HARDENING_MODE_DEBUG -Xcc -ivfsstatcache -Xcc /Users/jacksonsweet/Library/Developer/Xcode/DerivedData/SDKStatCaches.noindex/iphonesimulator18.2-22C146-07b28473f605e47e75261259d3ef3b5a.sdkstatcache -Xcc -I/Users/jacksonsweet/Library/Developer/Xcode/DerivedData/OPS-czavgtmnvamasvcjgszzuulfcsxj/Build/Intermediates.noindex/OPS.build/Debug-iphonesimulator/OPS.build/swift-overrides.hmap -Xcc -iquote -Xcc /Users/jacksonsweet/Library/Developer/Xcode/DerivedData/OPS-czavgtmnvamasvcjgszzuulfcsxj/Build/Intermediates.noindex/OPS.build/Debug-iphonesimulator/OPS.build/OPS-generated-files.hmap -Xcc -I/Users/jacksonsweet/Library/Developer/Xcode/DerivedData/OPS-czavgtmnvamasvcjgszzuulfcsxj/Build/Intermediates.noindex/OPS.build/Debug-iphonesimulator/OPS.build/OPS-own-target-headers.hmap -Xcc -I/Users/jacksonsweet/Library/Developer/Xcode/DerivedData/OPS-czavgtmnvamasvcjgszzuulfcsxj/Build/Intermediates.noindex/OPS.build/Debug-iphonesimulator/OPS.build/OPS-all-target-headers.hmap -Xcc -iquote -Xcc /Users/jacksonsweet/Library/Developer/Xcode/DerivedData/OPS-czavgtmnvamasvcjgszzuulfcsxj/Build/Intermediates.noindex/OPS.build/Debug-iphonesimulator/OPS.build/OPS-project-headers.hmap -Xcc -I/Users/jacksonsweet/Library/Developer/Xcode/DerivedData/OPS-czavgtmnvamasvcjgszzuulfcsxj/Build/Products/Debug-iphonesimulator/include -Xcc -I/Users/jacksonsweet/Library/Developer/Xcode/DerivedData/OPS-czavgtmnvamasvcjgszzuulfcsxj/Build/Intermediates.noindex/OPS.build/Debug-iphonesimulator/OPS.build/DerivedSources-normal/arm64 -Xcc -I/Users/jacksonsweet/Library/Developer/Xcode/DerivedData/OPS-czavgtmnvamasvcjgszzuulfcsxj/Build/Intermediates.noindex/OPS.build/Debug-iphonesimulator/OPS.build/DerivedSources/arm64 -Xcc -I/Users/jacksonsweet/Library/Developer/Xcode/DerivedData/OPS-czavgtmnvamasvcjgszzuulfcsxj/Build/Intermediates.noindex/OPS.build/Debug-iphonesimulator/OPS.build/DerivedSources -Xcc -DDEBUG\=1 -module-name OPS -frontend-parseable-output -disable-clang-spi -target-sdk-version 18.2 -target-sdk-name iphonesimulator18.2 -external-plugin-path /Applications/Xcode.app/Contents/Developer/Platforms/iPhoneOS.platform/Developer/usr/lib/swift/host/plugins\#/Applications/Xcode.app/Contents/Developer/Platforms/iPhoneOS.platform/Developer/usr/bin/swift-plugin-server -external-plugin-path /Applications/Xcode.app/Contents/Developer/Platforms/iPhoneOS.platform/Developer/usr/local/lib/swift/host/plugins\#/Applications/Xcode.app/Contents/Developer/Platforms/iPhoneOS.platform/Developer/usr/bin/swift-plugin-server -plugin-path /Applications/Xcode.app/Contents/Developer/Toolchains/XcodeDefault.xctoolchain/usr/lib/swift/host/plugins -plugin-path /Applications/Xcode.app/Contents/Developer/Toolchains/XcodeDefault.xctoolchain/usr/local/lib/swift/host/plugins -o /Users/jacksonsweet/Library/Developer/Xcode/DerivedData/OPS-czavgtmnvamasvcjgszzuulfcsxj/Build/Intermediates.noindex/OPS.build/Debug-iphonesimulator/OPS.build/Objects-normal/arm64/ProjectCard.o -o /Users/jacksonsweet/Library/Developer/Xcode/DerivedData/OPS-czavgtmnvamasvcjgszzuulfcsxj/Build/Intermediates.noindex/OPS.build/Debug-iphonesimulator/OPS.build/Objects-normal/arm64/ProjectCarousel.o -o /Users/jacksonsweet/Library/Developer/Xcode/DerivedData/OPS-czavgtmnvamasvcjgszzuulfcsxj/Build/Intermediates.noindex/OPS.build/Debug-iphonesimulator/OPS.build/Objects-normal/arm64/ProjectDetailsView.o -o /Users/jacksonsweet/Library/Developer/Xcode/DerivedData/OPS-czavgtmnvamasvcjgszzuulfcsxj/Build/Intermediates.noindex/OPS.build/Debug-iphonesimulator/OPS.build/Objects-normal/arm64/ProjectHeader.o -o /Users/jacksonsweet/Library/Developer/Xcode/DerivedData/OPS-czavgtmnvamasvcjgszzuulfcsxj/Build/Intermediates.noindex/OPS.build/Debug-iphonesimulator/OPS.build/Objects-normal/arm64/ProjectSheetContainer.o -o /Users/jacksonsweet/Library/Developer/Xcode/DerivedData/OPS-czavgtmnvamasvcjgszzuulfcsxj/Build/Intermediates.noindex/OPS.build/Debug-iphonesimulator/OPS.build/Objects-normal/arm64/TeamMemberListView.o -o /Users/jacksonsweet/Library/Developer/Xcode/DerivedData/OPS-czavgtmnvamasvcjgszzuulfcsxj/Build/Intermediates.noindex/OPS.build/Debug-iphonesimulator/OPS.build/Objects-normal/arm64/UserProfileCard.o -o /Users/jacksonsweet/Library/Developer/Xcode/DerivedData/OPS-czavgtmnvamasvcjgszzuulfcsxj/Build/Intermediates.noindex/OPS.build/Debug-iphonesimulator/OPS.build/Objects-normal/arm64/HomeContentView.o -o /Users/jacksonsweet/Library/Developer/Xcode/DerivedData/OPS-czavgtmnvamasvcjgszzuulfcsxj/Build/Intermediates.noindex/OPS.build/Debug-iphonesimulator/OPS.build/Objects-normal/arm64/HomeView.o -o /Users/jacksonsweet/Library/Developer/Xcode/DerivedData/OPS-czavgtmnvamasvcjgszzuulfcsxj/Build/Intermediates.noindex/OPS.build/Debug-iphonesimulator/OPS.build/Objects-normal/arm64/OrganizationSettingsView.o -o /Users/jacksonsweet/Library/Developer/Xcode/DerivedData/OPS-czavgtmnvamasvcjgszzuulfcsxj/Build/Intermediates.noindex/OPS.build/Debug-iphonesimulator/OPS.build/Objects-normal/arm64/ProfileSettingsView.o -o /Users/jacksonsweet/Library/Developer/Xcode/DerivedData/OPS-czavgtmnvamasvcjgszzuulfcsxj/Build/Intermediates.noindex/OPS.build/Debug-iphonesimulator/OPS.build/Objects-normal/arm64/ProjectHistorySettingsView.o -index-unit-output-path /OPS.build/Debug-iphonesimulator/OPS.build/Objects-normal/arm64/ProjectCard.o -index-unit-output-path /OPS.build/Debug-iphonesimulator/OPS.build/Objects-normal/arm64/ProjectCarousel.o -index-unit-output-path /OPS.build/Debug-iphonesimulator/OPS.build/Objects-normal/arm64/ProjectDetailsView.o -index-unit-output-path /OPS.build/Debug-iphonesimulator/OPS.build/Objects-normal/arm64/ProjectHeader.o -index-unit-output-path /OPS.build/Debug-iphonesimulator/OPS.build/Objects-normal/arm64/ProjectSheetContainer.o -index-unit-output-path /OPS.build/Debug-iphonesimulator/OPS.build/Objects-normal/arm64/TeamMemberListView.o -index-unit-output-path /OPS.build/Debug-iphonesimulator/OPS.build/Objects-normal/arm64/UserProfileCard.o -index-unit-output-path /OPS.build/Debug-iphonesimulator/OPS.build/Objects-normal/arm64/HomeContentView.o -index-unit-output-path /OPS.build/Debug-iphonesimulator/OPS.build/Objects-normal/arm64/HomeView.o -index-unit-output-path /OPS.build/Debug-iphonesimulator/OPS.build/Objects-normal/arm64/OrganizationSettingsView.o -index-unit-output-path /OPS.build/Debug-iphonesimulator/OPS.build/Objects-normal/arm64/ProfileSettingsView.o -index-unit-output-path /OPS.build/Debug-iphonesimulator/OPS.build/Objects-normal/arm64/ProjectHistorySettingsView.o -index-store-path /Users/jacksonsweet/Library/Developer/Xcode/DerivedData/OPS-czavgtmnvamasvcjgszzuulfcsxj/Index.noindex/DataStore -index-system-modules

SwiftCompile normal arm64 /Users/jacksonsweet/Desktop/OPS\ APP/OPS/OPS/Views/Components/Project/ProjectHeader.swift (in target 'OPS' from project 'OPS')
    cd /Users/jacksonsweet/Desktop/OPS\ APP/OPS
    /Applications/Xcode.app/Contents/Developer/Toolchains/XcodeDefault.xctoolchain/usr/bin/swift-frontend -c /Users/jacksonsweet/Desktop/OPS\ APP/OPS/OPS/DataModels/BubbleImage.swift /Users/jacksonsweet/Desktop/OPS\ APP/OPS/OPS/DataModels/BubbleTypes.swift /Users/jacksonsweet/Desktop/OPS\ APP/OPS/OPS/DataModels/Company.swift /Users/jacksonsweet/Desktop/OPS\ APP/OPS/OPS/DataModels/Project.swift /Users/jacksonsweet/Desktop/OPS\ APP/OPS/OPS/DataModels/Status.swift /Users/jacksonsweet/Desktop/OPS\ APP/OPS/OPS/DataModels/User.swift /Users/jacksonsweet/Desktop/OPS\ APP/OPS/OPS/DataModels/UserRole.swift /Users/jacksonsweet/Desktop/OPS\ APP/OPS/OPS/Extensions/UIImage+Extensions.swift /Users/jacksonsweet/Desktop/OPS\ APP/OPS/OPS/Network/API/APIError.swift /Users/jacksonsweet/Desktop/OPS\ APP/OPS/OPS/Network/API/APIService.swift /Users/jacksonsweet/Desktop/OPS\ APP/OPS/OPS/Network/API/BubbleFields.swift /Users/jacksonsweet/Desktop/OPS\ APP/OPS/OPS/Network/Auth/AuthError.swift /Users/jacksonsweet/Desktop/OPS\ APP/OPS/OPS/Network/Auth/AuthManager.swift /Users/jacksonsweet/Desktop/OPS\ APP/OPS/OPS/Network/Auth/KeychainManager.swift /Users/jacksonsweet/Desktop/OPS\ APP/OPS/OPS/Network/DTOs/CompanyDTO.swift /Users/jacksonsweet/Desktop/OPS\ APP/OPS/OPS/Network/DTOs/ProjectDTO.swift /Users/jacksonsweet/Desktop/OPS\ APP/OPS/OPS/Network/DTOs/UserDTO.swift /Users/jacksonsweet/Desktop/OPS\ APP/OPS/OPS/Network/Endpoints/CompanyEndpoints.swift /Users/jacksonsweet/Desktop/OPS\ APP/OPS/OPS/Network/Endpoints/ProjectEndpoints.swift /Users/jacksonsweet/Desktop/OPS\ APP/OPS/OPS/Network/Endpoints/UserEndpoints.swift /Users/jacksonsweet/Desktop/OPS\ APP/OPS/OPS/Network/Sync/BackgroundTaskManager.swift /Users/jacksonsweet/Desktop/OPS\ APP/OPS/OPS/Network/Sync/SyncManager.swift /Users/jacksonsweet/Desktop/OPS\ APP/OPS/OPS/Network/ConnectivityMonitor.swift /Users/jacksonsweet/Desktop/OPS\ APP/OPS/OPS/Network/ImageSyncManager.swift /Users/jacksonsweet/Desktop/OPS\ APP/OPS/OPS/Onboarding/Coordinators/OnboardingCoordinator.swift /Users/jacksonsweet/Desktop/OPS\ APP/OPS/OPS/Onboarding/Models/OnboardingModels.swift /Users/jacksonsweet/Desktop/OPS\ APP/OPS/OPS/Onboarding/Services/OnboardingService.swift /Users/jacksonsweet/Desktop/OPS\ APP/OPS/OPS/Onboarding/ViewModels/OnboardingViewModel.swift /Users/jacksonsweet/Desktop/OPS\ APP/OPS/OPS/Onboarding/Views/Components/OnboardingComponents.swift /Users/jacksonsweet/Desktop/OPS\ APP/OPS/OPS/Onboarding/Views/Screens/AccountCreatedView.swift /Users/jacksonsweet/Desktop/OPS\ APP/OPS/OPS/Onboarding/Views/Screens/CompanyCodeView.swift /Users/jacksonsweet/Desktop/OPS\ APP/OPS/OPS/Onboarding/Views/Screens/CompanyCodeViewPreview.swift /Users/jacksonsweet/Desktop/OPS\ APP/OPS/OPS/Onboarding/Views/Screens/CompletionView.swift /Users/jacksonsweet/Desktop/OPS\ APP/OPS/OPS/Onboarding/Views/Screens/CompletionViewPreview.swift /Users/jacksonsweet/Desktop/OPS\ APP/OPS/OPS/Onboarding/Views/Screens/EmailView.swift /Users/jacksonsweet/Desktop/OPS\ APP/OPS/OPS/Onboarding/Views/Screens/FieldSetupView.swift /Users/jacksonsweet/Desktop/OPS\ APP/OPS/OPS/Onboarding/Views/Screens/NotificationsView.swift /Users/jacksonsweet/Desktop/OPS\ APP/OPS/OPS/Onboarding/Views/Screens/NotificationsViewPreview.swift /Users/jacksonsweet/Desktop/OPS\ APP/OPS/OPS/Onboarding/Views/Screens/OrganizationJoinView.swift /Users/jacksonsweet/Desktop/OPS\ APP/OPS/OPS/Onboarding/Views/Screens/PasswordView.swift /Users/jacksonsweet/Desktop/OPS\ APP/OPS/OPS/Onboarding/Views/Screens/PasswordViewPreview.swift /Users/jacksonsweet/Desktop/OPS\ APP/OPS/OPS/Onboarding/Views/Screens/PermissionsView.swift /Users/jacksonsweet/Desktop/OPS\ APP/OPS/OPS/Onboarding/Views/Screens/PermissionsViewPreview.swift /Users/jacksonsweet/Desktop/OPS\ APP/OPS/OPS/Onboarding/Views/Screens/PhoneNumberView.swift /Users/jacksonsweet/Desktop/OPS\ APP/OPS/OPS/Onboarding/Views/Screens/PhoneNumberViewPreview.swift /Users/jacksonsweet/Desktop/OPS\ APP/OPS/OPS/Onboarding/Views/Screens/UserInfoView.swift /Users/jacksonsweet/Desktop/OPS\ APP/OPS/OPS/Onboarding/Views/Screens/UserInfoViewPreview.swift /Users/jacksonsweet/Desktop/OPS\ APP/OPS/OPS/Onboarding/Views/Screens/VerifyPhoneView.swift /Users/jacksonsweet/Desktop/OPS\ APP/OPS/OPS/Onboarding/Views/Screens/WelcomeCompanyView.swift /Users/jacksonsweet/Desktop/OPS\ APP/OPS/OPS/Onboarding/Views/Screens/WelcomeCompanyViewPreview.swift /Users/jacksonsweet/Desktop/OPS\ APP/OPS/OPS/Onboarding/Views/Screens/WelcomeView.swift /Users/jacksonsweet/Desktop/OPS\ APP/OPS/OPS/Onboarding/Views/Screens/WelcomeViewPreview.swift /Users/jacksonsweet/Desktop/OPS\ APP/OPS/OPS/Onboarding/Views/OnboardingContainerView.swift /Users/jacksonsweet/Desktop/OPS\ APP/OPS/OPS/Onboarding/Views/OnboardingFlowPreview.swift /Users/jacksonsweet/Desktop/OPS\ APP/OPS/OPS/Onboarding/Views/OnboardingPresenter.swift /Users/jacksonsweet/Desktop/OPS\ APP/OPS/OPS/Onboarding/Views/OnboardingPreviewHelpers.swift /Users/jacksonsweet/Desktop/OPS\ APP/OPS/OPS/Styles/OPSStyle.swift /Users/jacksonsweet/Desktop/OPS\ APP/OPS/OPS/Utilities/AppConfiguration.swift /Users/jacksonsweet/Desktop/OPS\ APP/OPS/OPS/Utilities/ArrayTransformer.swift /Users/jacksonsweet/Desktop/OPS\ APP/OPS/OPS/Utilities/DataController.swift /Users/jacksonsweet/Desktop/OPS\ APP/OPS/OPS/Utilities/Dateformatter\ +Bubble.swift /Users/jacksonsweet/Desktop/OPS\ APP/OPS/OPS/Utilities/DateHelper.swift /Users/jacksonsweet/Desktop/OPS\ APP/OPS/OPS/Utilities/FieldErrorHandler.swift /Users/jacksonsweet/Desktop/OPS\ APP/OPS/OPS/Utilities/ImageCache.swift /Users/jacksonsweet/Desktop/OPS\ APP/OPS/OPS/Utilities/ImageFileManager.swift /Users/jacksonsweet/Desktop/OPS\ APP/OPS/OPS/Utilities/InProgressManager.swift /Users/jacksonsweet/Desktop/OPS\ APP/OPS/OPS/Utilities/KeyboardDismissalModifier.swift /Users/jacksonsweet/Desktop/OPS\ APP/OPS/OPS/Utilities/LocationManager.swift /Users/jacksonsweet/Desktop/OPS\ APP/OPS/OPS/Utilities/OnboardingEnvironmentKey.swift /Users/jacksonsweet/Desktop/OPS\ APP/OPS/OPS/Utilities/SwiftDataHelper.swift /Users/jacksonsweet/Desktop/OPS\ APP/OPS/OPS/Utilities/UIComponents.swift /Users/jacksonsweet/Desktop/OPS\ APP/OPS/OPS/V2/CertificationsSettingsView.swift /Users/jacksonsweet/Desktop/OPS\ APP/OPS/OPS/ViewModels/CalendarViewModel.swift /Users/jacksonsweet/Desktop/OPS\ APP/OPS/OPS/ViewModels/ProjectsViewModel.swift /Users/jacksonsweet/Desktop/OPS\ APP/OPS/OPS/Views/Calendar\ Tab/Components/CalendarDaySelector.swift /Users/jacksonsweet/Desktop/OPS\ APP/OPS/OPS/Views/Calendar\ Tab/Components/CalendarHeaderView.swift /Users/jacksonsweet/Desktop/OPS\ APP/OPS/OPS/Views/Calendar\ Tab/Components/CalendarProjectCard.swift /Users/jacksonsweet/Desktop/OPS\ APP/OPS/OPS/Views/Calendar\ Tab/Components/CalendarToggleView.swift /Users/jacksonsweet/Desktop/OPS\ APP/OPS/OPS/Views/Calendar\ Tab/Components/DatePickerPopover.swift /Users/jacksonsweet/Desktop/OPS\ APP/OPS/OPS/Views/Calendar\ Tab/Components/DayCell.swift /Users/jacksonsweet/Desktop/OPS\ APP/OPS/OPS/Views/Calendar\ Tab/ProjectViews/DayProjectSheet.swift /Users/jacksonsweet/Desktop/OPS\ APP/OPS/OPS/Views/Calendar\ Tab/ProjectViews/ProjectListView.swift /Users/jacksonsweet/Desktop/OPS\ APP/OPS/OPS/Views/Calendar\ Tab/MonthGridView.swift /Users/jacksonsweet/Desktop/OPS\ APP/OPS/OPS/Views/Components/Common/AppHeader.swift /Users/jacksonsweet/Desktop/OPS\ APP/OPS/OPS/Views/Components/Common/ExpandableNotesView.swift /Users/jacksonsweet/Desktop/OPS\ APP/OPS/OPS/Views/Components/Common/LocationPermissionView.swift /Users/jacksonsweet/Desktop/OPS\ APP/OPS/OPS/Views/Components/Common/NavigationBanner.swift /Users/jacksonsweet/Desktop/OPS\ APP/OPS/OPS/Views/Components/Common/NavigationControlsView.swift /Users/jacksonsweet/Desktop/OPS\ APP/OPS/OPS/Views/Components/Common/TabBarBackground.swift /Users/jacksonsweet/Desktop/OPS\ APP/OPS/OPS/Views/Components/Images/ImagePicker.swift /Users/jacksonsweet/Desktop/OPS\ APP/OPS/OPS/Views/Components/Images/ImagePickerView.swift /Users/jacksonsweet/Desktop/OPS\ APP/OPS/OPS/Views/Components/Images/ProjectImagesSection.swift /Users/jacksonsweet/Desktop/OPS\ APP/OPS/OPS/Views/Components/Images/ProjectImagesSimple.swift /Users/jacksonsweet/Desktop/OPS\ APP/OPS/OPS/Views/Components/Images/ProjectImageView.swift /Users/jacksonsweet/Desktop/OPS\ APP/OPS/OPS/Views/Components/Images/ProjectPhotosGrid.swift /Users/jacksonsweet/Desktop/OPS\ APP/OPS/OPS/Views/Components/Map/MiniMapView.swift /Users/jacksonsweet/Desktop/OPS\ APP/OPS/OPS/Views/Components/Map/ProjectMapAnnotation.swift /Users/jacksonsweet/Desktop/OPS\ APP/OPS/OPS/Views/Components/Map/ProjectMapView.swift /Users/jacksonsweet/Desktop/OPS\ APP/OPS/OPS/Views/Components/Map/ProjectMarkerPopup.swift /Users/jacksonsweet/Desktop/OPS\ APP/OPS/OPS/Views/Components/Map/RouteDirectionsView.swift /Users/jacksonsweet/Desktop/OPS\ APP/OPS/OPS/Views/Components/Project/ProjectActionBar.swift -primary-file /Users/jacksonsweet/Desktop/OPS\ APP/OPS/OPS/Views/Components/Project/ProjectCard.swift -primary-file /Users/jacksonsweet/Desktop/OPS\ APP/OPS/OPS/Views/Components/Project/ProjectCarousel.swift -primary-file /Users/jacksonsweet/Desktop/OPS\ APP/OPS/OPS/Views/Components/Project/ProjectDetailsView.swift -primary-file /Users/jacksonsweet/Desktop/OPS\ APP/OPS/OPS/Views/Components/Project/ProjectHeader.swift -primary-file /Users/jacksonsweet/Desktop/OPS\ APP/OPS/OPS/Views/Components/Project/ProjectSheetContainer.swift -primary-file /Users/jacksonsweet/Desktop/OPS\ APP/OPS/OPS/Views/Components/User/TeamMemberListView.swift -primary-file /Users/jacksonsweet/Desktop/OPS\ APP/OPS/OPS/Views/Components/User/UserProfileCard.swift -primary-file /Users/jacksonsweet/Desktop/OPS\ APP/OPS/OPS/Views/Home/HomeContentView.swift -primary-file /Users/jacksonsweet/Desktop/OPS\ APP/OPS/OPS/Views/Home/HomeView.swift -primary-file /Users/jacksonsweet/Desktop/OPS\ APP/OPS/OPS/Views/Settings/OrganizationSettingsView.swift -primary-file /Users/jacksonsweet/Desktop/OPS\ APP/OPS/OPS/Views/Settings/ProfileSettingsView.swift -primary-file /Users/jacksonsweet/Desktop/OPS\ APP/OPS/OPS/Views/Settings/ProjectHistorySettingsView.swift /Users/jacksonsweet/Desktop/OPS\ APP/OPS/OPS/Views/LoginView.swift /Users/jacksonsweet/Desktop/OPS\ APP/OPS/OPS/Views/LoginViewPreview.swift /Users/jacksonsweet/Desktop/OPS\ APP/OPS/OPS/Views/MainTabView.swift /Users/jacksonsweet/Desktop/OPS\ APP/OPS/OPS/Views/NetworkStatusIndicator.swift /Users/jacksonsweet/Desktop/OPS\ APP/OPS/OPS/Views/ScheduleView.swift /Users/jacksonsweet/Desktop/OPS\ APP/OPS/OPS/Views/SettingsView.swift /Users/jacksonsweet/Desktop/OPS\ APP/OPS/OPS/Views/SplashScreen.swift /Users/jacksonsweet/Desktop/OPS\ APP/OPS/OPS/AppState.swift /Users/jacksonsweet/Desktop/OPS\ APP/OPS/OPS/ContentView.swift /Users/jacksonsweet/Desktop/OPS\ APP/OPS/OPS/Item.swift /Users/jacksonsweet/Desktop/OPS\ APP/OPS/OPS/OPSApp.swift /Users/jacksonsweet/Library/Developer/Xcode/DerivedData/OPS-czavgtmnvamasvcjgszzuulfcsxj/Build/Intermediates.noindex/OPS.build/Debug-iphonesimulator/OPS.build/DerivedSources/GeneratedAssetSymbols.swift -supplementary-output-file-map /Users/jacksonsweet/Library/Developer/Xcode/DerivedData/OPS-czavgtmnvamasvcjgszzuulfcsxj/Build/Intermediates.noindex/OPS.build/Debug-iphonesimulator/OPS.build/Objects-normal/arm64/supplementaryOutputs-9 -emit-localized-strings -emit-localized-strings-path /Users/jacksonsweet/Library/Developer/Xcode/DerivedData/OPS-czavgtmnvamasvcjgszzuulfcsxj/Build/Intermediates.noindex/OPS.build/Debug-iphonesimulator/OPS.build/Objects-normal/arm64 -target arm64-apple-ios18.2-simulator -Xllvm -aarch64-use-tbi -enable-objc-interop -sdk /Applications/Xcode.app/Contents/Developer/Platforms/iPhoneSimulator.platform/Developer/SDKs/iPhoneSimulator18.2.sdk -I /Users/jacksonsweet/Library/Developer/Xcode/DerivedData/OPS-czavgtmnvamasvcjgszzuulfcsxj/Build/Products/Debug-iphonesimulator -F /Users/jacksonsweet/Library/Developer/Xcode/DerivedData/OPS-czavgtmnvamasvcjgszzuulfcsxj/Build/Products/Debug-iphonesimulator -no-color-diagnostics -enable-testing -g -debug-info-format\=dwarf -dwarf-version\=5 -module-cache-path /Users/jacksonsweet/Library/Developer/Xcode/DerivedData/ModuleCache.noindex -profile-generate -profile-coverage-mapping -swift-version 5 -enforce-exclusivity\=checked -Onone -D DEBUG -serialize-debugging-options -const-gather-protocols-file /Users/jacksonsweet/Library/Developer/Xcode/DerivedData/OPS-czavgtmnvamasvcjgszzuulfcsxj/Build/Intermediates.noindex/OPS.build/Debug-iphonesimulator/OPS.build/Objects-normal/arm64/OPS_const_extract_protocols.json -enable-experimental-feature DebugDescriptionMacro -enable-experimental-feature OpaqueTypeErasure -enable-bare-slash-regex -empty-abi-descriptor -validate-clang-modules-once -clang-build-session-file /Users/jacksonsweet/Library/Developer/Xcode/DerivedData/ModuleCache.noindex/Session.modulevalidation -Xcc -working-directory -Xcc /Users/jacksonsweet/Desktop/OPS\ APP/OPS -resource-dir /Applications/Xcode.app/Contents/Developer/Toolchains/XcodeDefault.xctoolchain/usr/lib/swift -enable-anonymous-context-mangled-names -file-compilation-dir /Users/jacksonsweet/Desktop/OPS\ APP/OPS -Xcc -D_LIBCPP_HARDENING_MODE\=_LIBCPP_HARDENING_MODE_DEBUG -Xcc -ivfsstatcache -Xcc /Users/jacksonsweet/Library/Developer/Xcode/DerivedData/SDKStatCaches.noindex/iphonesimulator18.2-22C146-07b28473f605e47e75261259d3ef3b5a.sdkstatcache -Xcc -I/Users/jacksonsweet/Library/Developer/Xcode/DerivedData/OPS-czavgtmnvamasvcjgszzuulfcsxj/Build/Intermediates.noindex/OPS.build/Debug-iphonesimulator/OPS.build/swift-overrides.hmap -Xcc -iquote -Xcc /Users/jacksonsweet/Library/Developer/Xcode/DerivedData/OPS-czavgtmnvamasvcjgszzuulfcsxj/Build/Intermediates.noindex/OPS.build/Debug-iphonesimulator/OPS.build/OPS-generated-files.hmap -Xcc -I/Users/jacksonsweet/Library/Developer/Xcode/DerivedData/OPS-czavgtmnvamasvcjgszzuulfcsxj/Build/Intermediates.noindex/OPS.build/Debug-iphonesimulator/OPS.build/OPS-own-target-headers.hmap -Xcc -I/Users/jacksonsweet/Library/Developer/Xcode/DerivedData/OPS-czavgtmnvamasvcjgszzuulfcsxj/Build/Intermediates.noindex/OPS.build/Debug-iphonesimulator/OPS.build/OPS-all-target-headers.hmap -Xcc -iquote -Xcc /Users/jacksonsweet/Library/Developer/Xcode/DerivedData/OPS-czavgtmnvamasvcjgszzuulfcsxj/Build/Intermediates.noindex/OPS.build/Debug-iphonesimulator/OPS.build/OPS-project-headers.hmap -Xcc -I/Users/jacksonsweet/Library/Developer/Xcode/DerivedData/OPS-czavgtmnvamasvcjgszzuulfcsxj/Build/Products/Debug-iphonesimulator/include -Xcc -I/Users/jacksonsweet/Library/Developer/Xcode/DerivedData/OPS-czavgtmnvamasvcjgszzuulfcsxj/Build/Intermediates.noindex/OPS.build/Debug-iphonesimulator/OPS.build/DerivedSources-normal/arm64 -Xcc -I/Users/jacksonsweet/Library/Developer/Xcode/DerivedData/OPS-czavgtmnvamasvcjgszzuulfcsxj/Build/Intermediates.noindex/OPS.build/Debug-iphonesimulator/OPS.build/DerivedSources/arm64 -Xcc -I/Users/jacksonsweet/Library/Developer/Xcode/DerivedData/OPS-czavgtmnvamasvcjgszzuulfcsxj/Build/Intermediates.noindex/OPS.build/Debug-iphonesimulator/OPS.build/DerivedSources -Xcc -DDEBUG\=1 -module-name OPS -frontend-parseable-output -disable-clang-spi -target-sdk-version 18.2 -target-sdk-name iphonesimulator18.2 -external-plugin-path /Applications/Xcode.app/Contents/Developer/Platforms/iPhoneOS.platform/Developer/usr/lib/swift/host/plugins\#/Applications/Xcode.app/Contents/Developer/Platforms/iPhoneOS.platform/Developer/usr/bin/swift-plugin-server -external-plugin-path /Applications/Xcode.app/Contents/Developer/Platforms/iPhoneOS.platform/Developer/usr/local/lib/swift/host/plugins\#/Applications/Xcode.app/Contents/Developer/Platforms/iPhoneOS.platform/Developer/usr/bin/swift-plugin-server -plugin-path /Applications/Xcode.app/Contents/Developer/Toolchains/XcodeDefault.xctoolchain/usr/lib/swift/host/plugins -plugin-path /Applications/Xcode.app/Contents/Developer/Toolchains/XcodeDefault.xctoolchain/usr/local/lib/swift/host/plugins -o /Users/jacksonsweet/Library/Developer/Xcode/DerivedData/OPS-czavgtmnvamasvcjgszzuulfcsxj/Build/Intermediates.noindex/OPS.build/Debug-iphonesimulator/OPS.build/Objects-normal/arm64/ProjectCard.o -o /Users/jacksonsweet/Library/Developer/Xcode/DerivedData/OPS-czavgtmnvamasvcjgszzuulfcsxj/Build/Intermediates.noindex/OPS.build/Debug-iphonesimulator/OPS.build/Objects-normal/arm64/ProjectCarousel.o -o /Users/jacksonsweet/Library/Developer/Xcode/DerivedData/OPS-czavgtmnvamasvcjgszzuulfcsxj/Build/Intermediates.noindex/OPS.build/Debug-iphonesimulator/OPS.build/Objects-normal/arm64/ProjectDetailsView.o -o /Users/jacksonsweet/Library/Developer/Xcode/DerivedData/OPS-czavgtmnvamasvcjgszzuulfcsxj/Build/Intermediates.noindex/OPS.build/Debug-iphonesimulator/OPS.build/Objects-normal/arm64/ProjectHeader.o -o /Users/jacksonsweet/Library/Developer/Xcode/DerivedData/OPS-czavgtmnvamasvcjgszzuulfcsxj/Build/Intermediates.noindex/OPS.build/Debug-iphonesimulator/OPS.build/Objects-normal/arm64/ProjectSheetContainer.o -o /Users/jacksonsweet/Library/Developer/Xcode/DerivedData/OPS-czavgtmnvamasvcjgszzuulfcsxj/Build/Intermediates.noindex/OPS.build/Debug-iphonesimulator/OPS.build/Objects-normal/arm64/TeamMemberListView.o -o /Users/jacksonsweet/Library/Developer/Xcode/DerivedData/OPS-czavgtmnvamasvcjgszzuulfcsxj/Build/Intermediates.noindex/OPS.build/Debug-iphonesimulator/OPS.build/Objects-normal/arm64/UserProfileCard.o -o /Users/jacksonsweet/Library/Developer/Xcode/DerivedData/OPS-czavgtmnvamasvcjgszzuulfcsxj/Build/Intermediates.noindex/OPS.build/Debug-iphonesimulator/OPS.build/Objects-normal/arm64/HomeContentView.o -o /Users/jacksonsweet/Library/Developer/Xcode/DerivedData/OPS-czavgtmnvamasvcjgszzuulfcsxj/Build/Intermediates.noindex/OPS.build/Debug-iphonesimulator/OPS.build/Objects-normal/arm64/HomeView.o -o /Users/jacksonsweet/Library/Developer/Xcode/DerivedData/OPS-czavgtmnvamasvcjgszzuulfcsxj/Build/Intermediates.noindex/OPS.build/Debug-iphonesimulator/OPS.build/Objects-normal/arm64/OrganizationSettingsView.o -o /Users/jacksonsweet/Library/Developer/Xcode/DerivedData/OPS-czavgtmnvamasvcjgszzuulfcsxj/Build/Intermediates.noindex/OPS.build/Debug-iphonesimulator/OPS.build/Objects-normal/arm64/ProfileSettingsView.o -o /Users/jacksonsweet/Library/Developer/Xcode/DerivedData/OPS-czavgtmnvamasvcjgszzuulfcsxj/Build/Intermediates.noindex/OPS.build/Debug-iphonesimulator/OPS.build/Objects-normal/arm64/ProjectHistorySettingsView.o -index-unit-output-path /OPS.build/Debug-iphonesimulator/OPS.build/Objects-normal/arm64/ProjectCard.o -index-unit-output-path /OPS.build/Debug-iphonesimulator/OPS.build/Objects-normal/arm64/ProjectCarousel.o -index-unit-output-path /OPS.build/Debug-iphonesimulator/OPS.build/Objects-normal/arm64/ProjectDetailsView.o -index-unit-output-path /OPS.build/Debug-iphonesimulator/OPS.build/Objects-normal/arm64/ProjectHeader.o -index-unit-output-path /OPS.build/Debug-iphonesimulator/OPS.build/Objects-normal/arm64/ProjectSheetContainer.o -index-unit-output-path /OPS.build/Debug-iphonesimulator/OPS.build/Objects-normal/arm64/TeamMemberListView.o -index-unit-output-path /OPS.build/Debug-iphonesimulator/OPS.build/Objects-normal/arm64/UserProfileCard.o -index-unit-output-path /OPS.build/Debug-iphonesimulator/OPS.build/Objects-normal/arm64/HomeContentView.o -index-unit-output-path /OPS.build/Debug-iphonesimulator/OPS.build/Objects-normal/arm64/HomeView.o -index-unit-output-path /OPS.build/Debug-iphonesimulator/OPS.build/Objects-normal/arm64/OrganizationSettingsView.o -index-unit-output-path /OPS.build/Debug-iphonesimulator/OPS.build/Objects-normal/arm64/ProfileSettingsView.o -index-unit-output-path /OPS.build/Debug-iphonesimulator/OPS.build/Objects-normal/arm64/ProjectHistorySettingsView.o -index-store-path /Users/jacksonsweet/Library/Developer/Xcode/DerivedData/OPS-czavgtmnvamasvcjgszzuulfcsxj/Index.noindex/DataStore -index-system-modules

SwiftCompile normal arm64 /Users/jacksonsweet/Desktop/OPS\ APP/OPS/OPS/Views/Components/Project/ProjectSheetContainer.swift (in target 'OPS' from project 'OPS')
    cd /Users/jacksonsweet/Desktop/OPS\ APP/OPS
    /Applications/Xcode.app/Contents/Developer/Toolchains/XcodeDefault.xctoolchain/usr/bin/swift-frontend -c /Users/jacksonsweet/Desktop/OPS\ APP/OPS/OPS/DataModels/BubbleImage.swift /Users/jacksonsweet/Desktop/OPS\ APP/OPS/OPS/DataModels/BubbleTypes.swift /Users/jacksonsweet/Desktop/OPS\ APP/OPS/OPS/DataModels/Company.swift /Users/jacksonsweet/Desktop/OPS\ APP/OPS/OPS/DataModels/Project.swift /Users/jacksonsweet/Desktop/OPS\ APP/OPS/OPS/DataModels/Status.swift /Users/jacksonsweet/Desktop/OPS\ APP/OPS/OPS/DataModels/User.swift /Users/jacksonsweet/Desktop/OPS\ APP/OPS/OPS/DataModels/UserRole.swift /Users/jacksonsweet/Desktop/OPS\ APP/OPS/OPS/Extensions/UIImage+Extensions.swift /Users/jacksonsweet/Desktop/OPS\ APP/OPS/OPS/Network/API/APIError.swift /Users/jacksonsweet/Desktop/OPS\ APP/OPS/OPS/Network/API/APIService.swift /Users/jacksonsweet/Desktop/OPS\ APP/OPS/OPS/Network/API/BubbleFields.swift /Users/jacksonsweet/Desktop/OPS\ APP/OPS/OPS/Network/Auth/AuthError.swift /Users/jacksonsweet/Desktop/OPS\ APP/OPS/OPS/Network/Auth/AuthManager.swift /Users/jacksonsweet/Desktop/OPS\ APP/OPS/OPS/Network/Auth/KeychainManager.swift /Users/jacksonsweet/Desktop/OPS\ APP/OPS/OPS/Network/DTOs/CompanyDTO.swift /Users/jacksonsweet/Desktop/OPS\ APP/OPS/OPS/Network/DTOs/ProjectDTO.swift /Users/jacksonsweet/Desktop/OPS\ APP/OPS/OPS/Network/DTOs/UserDTO.swift /Users/jacksonsweet/Desktop/OPS\ APP/OPS/OPS/Network/Endpoints/CompanyEndpoints.swift /Users/jacksonsweet/Desktop/OPS\ APP/OPS/OPS/Network/Endpoints/ProjectEndpoints.swift /Users/jacksonsweet/Desktop/OPS\ APP/OPS/OPS/Network/Endpoints/UserEndpoints.swift /Users/jacksonsweet/Desktop/OPS\ APP/OPS/OPS/Network/Sync/BackgroundTaskManager.swift /Users/jacksonsweet/Desktop/OPS\ APP/OPS/OPS/Network/Sync/SyncManager.swift /Users/jacksonsweet/Desktop/OPS\ APP/OPS/OPS/Network/ConnectivityMonitor.swift /Users/jacksonsweet/Desktop/OPS\ APP/OPS/OPS/Network/ImageSyncManager.swift /Users/jacksonsweet/Desktop/OPS\ APP/OPS/OPS/Onboarding/Coordinators/OnboardingCoordinator.swift /Users/jacksonsweet/Desktop/OPS\ APP/OPS/OPS/Onboarding/Models/OnboardingModels.swift /Users/jacksonsweet/Desktop/OPS\ APP/OPS/OPS/Onboarding/Services/OnboardingService.swift /Users/jacksonsweet/Desktop/OPS\ APP/OPS/OPS/Onboarding/ViewModels/OnboardingViewModel.swift /Users/jacksonsweet/Desktop/OPS\ APP/OPS/OPS/Onboarding/Views/Components/OnboardingComponents.swift /Users/jacksonsweet/Desktop/OPS\ APP/OPS/OPS/Onboarding/Views/Screens/AccountCreatedView.swift /Users/jacksonsweet/Desktop/OPS\ APP/OPS/OPS/Onboarding/Views/Screens/CompanyCodeView.swift /Users/jacksonsweet/Desktop/OPS\ APP/OPS/OPS/Onboarding/Views/Screens/CompanyCodeViewPreview.swift /Users/jacksonsweet/Desktop/OPS\ APP/OPS/OPS/Onboarding/Views/Screens/CompletionView.swift /Users/jacksonsweet/Desktop/OPS\ APP/OPS/OPS/Onboarding/Views/Screens/CompletionViewPreview.swift /Users/jacksonsweet/Desktop/OPS\ APP/OPS/OPS/Onboarding/Views/Screens/EmailView.swift /Users/jacksonsweet/Desktop/OPS\ APP/OPS/OPS/Onboarding/Views/Screens/FieldSetupView.swift /Users/jacksonsweet/Desktop/OPS\ APP/OPS/OPS/Onboarding/Views/Screens/NotificationsView.swift /Users/jacksonsweet/Desktop/OPS\ APP/OPS/OPS/Onboarding/Views/Screens/NotificationsViewPreview.swift /Users/jacksonsweet/Desktop/OPS\ APP/OPS/OPS/Onboarding/Views/Screens/OrganizationJoinView.swift /Users/jacksonsweet/Desktop/OPS\ APP/OPS/OPS/Onboarding/Views/Screens/PasswordView.swift /Users/jacksonsweet/Desktop/OPS\ APP/OPS/OPS/Onboarding/Views/Screens/PasswordViewPreview.swift /Users/jacksonsweet/Desktop/OPS\ APP/OPS/OPS/Onboarding/Views/Screens/PermissionsView.swift /Users/jacksonsweet/Desktop/OPS\ APP/OPS/OPS/Onboarding/Views/Screens/PermissionsViewPreview.swift /Users/jacksonsweet/Desktop/OPS\ APP/OPS/OPS/Onboarding/Views/Screens/PhoneNumberView.swift /Users/jacksonsweet/Desktop/OPS\ APP/OPS/OPS/Onboarding/Views/Screens/PhoneNumberViewPreview.swift /Users/jacksonsweet/Desktop/OPS\ APP/OPS/OPS/Onboarding/Views/Screens/UserInfoView.swift /Users/jacksonsweet/Desktop/OPS\ APP/OPS/OPS/Onboarding/Views/Screens/UserInfoViewPreview.swift /Users/jacksonsweet/Desktop/OPS\ APP/OPS/OPS/Onboarding/Views/Screens/VerifyPhoneView.swift /Users/jacksonsweet/Desktop/OPS\ APP/OPS/OPS/Onboarding/Views/Screens/WelcomeCompanyView.swift /Users/jacksonsweet/Desktop/OPS\ APP/OPS/OPS/Onboarding/Views/Screens/WelcomeCompanyViewPreview.swift /Users/jacksonsweet/Desktop/OPS\ APP/OPS/OPS/Onboarding/Views/Screens/WelcomeView.swift /Users/jacksonsweet/Desktop/OPS\ APP/OPS/OPS/Onboarding/Views/Screens/WelcomeViewPreview.swift /Users/jacksonsweet/Desktop/OPS\ APP/OPS/OPS/Onboarding/Views/OnboardingContainerView.swift /Users/jacksonsweet/Desktop/OPS\ APP/OPS/OPS/Onboarding/Views/OnboardingFlowPreview.swift /Users/jacksonsweet/Desktop/OPS\ APP/OPS/OPS/Onboarding/Views/OnboardingPresenter.swift /Users/jacksonsweet/Desktop/OPS\ APP/OPS/OPS/Onboarding/Views/OnboardingPreviewHelpers.swift /Users/jacksonsweet/Desktop/OPS\ APP/OPS/OPS/Styles/OPSStyle.swift /Users/jacksonsweet/Desktop/OPS\ APP/OPS/OPS/Utilities/AppConfiguration.swift /Users/jacksonsweet/Desktop/OPS\ APP/OPS/OPS/Utilities/ArrayTransformer.swift /Users/jacksonsweet/Desktop/OPS\ APP/OPS/OPS/Utilities/DataController.swift /Users/jacksonsweet/Desktop/OPS\ APP/OPS/OPS/Utilities/Dateformatter\ +Bubble.swift /Users/jacksonsweet/Desktop/OPS\ APP/OPS/OPS/Utilities/DateHelper.swift /Users/jacksonsweet/Desktop/OPS\ APP/OPS/OPS/Utilities/FieldErrorHandler.swift /Users/jacksonsweet/Desktop/OPS\ APP/OPS/OPS/Utilities/ImageCache.swift /Users/jacksonsweet/Desktop/OPS\ APP/OPS/OPS/Utilities/ImageFileManager.swift /Users/jacksonsweet/Desktop/OPS\ APP/OPS/OPS/Utilities/InProgressManager.swift /Users/jacksonsweet/Desktop/OPS\ APP/OPS/OPS/Utilities/KeyboardDismissalModifier.swift /Users/jacksonsweet/Desktop/OPS\ APP/OPS/OPS/Utilities/LocationManager.swift /Users/jacksonsweet/Desktop/OPS\ APP/OPS/OPS/Utilities/OnboardingEnvironmentKey.swift /Users/jacksonsweet/Desktop/OPS\ APP/OPS/OPS/Utilities/SwiftDataHelper.swift /Users/jacksonsweet/Desktop/OPS\ APP/OPS/OPS/Utilities/UIComponents.swift /Users/jacksonsweet/Desktop/OPS\ APP/OPS/OPS/V2/CertificationsSettingsView.swift /Users/jacksonsweet/Desktop/OPS\ APP/OPS/OPS/ViewModels/CalendarViewModel.swift /Users/jacksonsweet/Desktop/OPS\ APP/OPS/OPS/ViewModels/ProjectsViewModel.swift /Users/jacksonsweet/Desktop/OPS\ APP/OPS/OPS/Views/Calendar\ Tab/Components/CalendarDaySelector.swift /Users/jacksonsweet/Desktop/OPS\ APP/OPS/OPS/Views/Calendar\ Tab/Components/CalendarHeaderView.swift /Users/jacksonsweet/Desktop/OPS\ APP/OPS/OPS/Views/Calendar\ Tab/Components/CalendarProjectCard.swift /Users/jacksonsweet/Desktop/OPS\ APP/OPS/OPS/Views/Calendar\ Tab/Components/CalendarToggleView.swift /Users/jacksonsweet/Desktop/OPS\ APP/OPS/OPS/Views/Calendar\ Tab/Components/DatePickerPopover.swift /Users/jacksonsweet/Desktop/OPS\ APP/OPS/OPS/Views/Calendar\ Tab/Components/DayCell.swift /Users/jacksonsweet/Desktop/OPS\ APP/OPS/OPS/Views/Calendar\ Tab/ProjectViews/DayProjectSheet.swift /Users/jacksonsweet/Desktop/OPS\ APP/OPS/OPS/Views/Calendar\ Tab/ProjectViews/ProjectListView.swift /Users/jacksonsweet/Desktop/OPS\ APP/OPS/OPS/Views/Calendar\ Tab/MonthGridView.swift /Users/jacksonsweet/Desktop/OPS\ APP/OPS/OPS/Views/Components/Common/AppHeader.swift /Users/jacksonsweet/Desktop/OPS\ APP/OPS/OPS/Views/Components/Common/ExpandableNotesView.swift /Users/jacksonsweet/Desktop/OPS\ APP/OPS/OPS/Views/Components/Common/LocationPermissionView.swift /Users/jacksonsweet/Desktop/OPS\ APP/OPS/OPS/Views/Components/Common/NavigationBanner.swift /Users/jacksonsweet/Desktop/OPS\ APP/OPS/OPS/Views/Components/Common/NavigationControlsView.swift /Users/jacksonsweet/Desktop/OPS\ APP/OPS/OPS/Views/Components/Common/TabBarBackground.swift /Users/jacksonsweet/Desktop/OPS\ APP/OPS/OPS/Views/Components/Images/ImagePicker.swift /Users/jacksonsweet/Desktop/OPS\ APP/OPS/OPS/Views/Components/Images/ImagePickerView.swift /Users/jacksonsweet/Desktop/OPS\ APP/OPS/OPS/Views/Components/Images/ProjectImagesSection.swift /Users/jacksonsweet/Desktop/OPS\ APP/OPS/OPS/Views/Components/Images/ProjectImagesSimple.swift /Users/jacksonsweet/Desktop/OPS\ APP/OPS/OPS/Views/Components/Images/ProjectImageView.swift /Users/jacksonsweet/Desktop/OPS\ APP/OPS/OPS/Views/Components/Images/ProjectPhotosGrid.swift /Users/jacksonsweet/Desktop/OPS\ APP/OPS/OPS/Views/Components/Map/MiniMapView.swift /Users/jacksonsweet/Desktop/OPS\ APP/OPS/OPS/Views/Components/Map/ProjectMapAnnotation.swift /Users/jacksonsweet/Desktop/OPS\ APP/OPS/OPS/Views/Components/Map/ProjectMapView.swift /Users/jacksonsweet/Desktop/OPS\ APP/OPS/OPS/Views/Components/Map/ProjectMarkerPopup.swift /Users/jacksonsweet/Desktop/OPS\ APP/OPS/OPS/Views/Components/Map/RouteDirectionsView.swift /Users/jacksonsweet/Desktop/OPS\ APP/OPS/OPS/Views/Components/Project/ProjectActionBar.swift -primary-file /Users/jacksonsweet/Desktop/OPS\ APP/OPS/OPS/Views/Components/Project/ProjectCard.swift -primary-file /Users/jacksonsweet/Desktop/OPS\ APP/OPS/OPS/Views/Components/Project/ProjectCarousel.swift -primary-file /Users/jacksonsweet/Desktop/OPS\ APP/OPS/OPS/Views/Components/Project/ProjectDetailsView.swift -primary-file /Users/jacksonsweet/Desktop/OPS\ APP/OPS/OPS/Views/Components/Project/ProjectHeader.swift -primary-file /Users/jacksonsweet/Desktop/OPS\ APP/OPS/OPS/Views/Components/Project/ProjectSheetContainer.swift -primary-file /Users/jacksonsweet/Desktop/OPS\ APP/OPS/OPS/Views/Components/User/TeamMemberListView.swift -primary-file /Users/jacksonsweet/Desktop/OPS\ APP/OPS/OPS/Views/Components/User/UserProfileCard.swift -primary-file /Users/jacksonsweet/Desktop/OPS\ APP/OPS/OPS/Views/Home/HomeContentView.swift -primary-file /Users/jacksonsweet/Desktop/OPS\ APP/OPS/OPS/Views/Home/HomeView.swift -primary-file /Users/jacksonsweet/Desktop/OPS\ APP/OPS/OPS/Views/Settings/OrganizationSettingsView.swift -primary-file /Users/jacksonsweet/Desktop/OPS\ APP/OPS/OPS/Views/Settings/ProfileSettingsView.swift -primary-file /Users/jacksonsweet/Desktop/OPS\ APP/OPS/OPS/Views/Settings/ProjectHistorySettingsView.swift /Users/jacksonsweet/Desktop/OPS\ APP/OPS/OPS/Views/LoginView.swift /Users/jacksonsweet/Desktop/OPS\ APP/OPS/OPS/Views/LoginViewPreview.swift /Users/jacksonsweet/Desktop/OPS\ APP/OPS/OPS/Views/MainTabView.swift /Users/jacksonsweet/Desktop/OPS\ APP/OPS/OPS/Views/NetworkStatusIndicator.swift /Users/jacksonsweet/Desktop/OPS\ APP/OPS/OPS/Views/ScheduleView.swift /Users/jacksonsweet/Desktop/OPS\ APP/OPS/OPS/Views/SettingsView.swift /Users/jacksonsweet/Desktop/OPS\ APP/OPS/OPS/Views/SplashScreen.swift /Users/jacksonsweet/Desktop/OPS\ APP/OPS/OPS/AppState.swift /Users/jacksonsweet/Desktop/OPS\ APP/OPS/OPS/ContentView.swift /Users/jacksonsweet/Desktop/OPS\ APP/OPS/OPS/Item.swift /Users/jacksonsweet/Desktop/OPS\ APP/OPS/OPS/OPSApp.swift /Users/jacksonsweet/Library/Developer/Xcode/DerivedData/OPS-czavgtmnvamasvcjgszzuulfcsxj/Build/Intermediates.noindex/OPS.build/Debug-iphonesimulator/OPS.build/DerivedSources/GeneratedAssetSymbols.swift -supplementary-output-file-map /Users/jacksonsweet/Library/Developer/Xcode/DerivedData/OPS-czavgtmnvamasvcjgszzuulfcsxj/Build/Intermediates.noindex/OPS.build/Debug-iphonesimulator/OPS.build/Objects-normal/arm64/supplementaryOutputs-9 -emit-localized-strings -emit-localized-strings-path /Users/jacksonsweet/Library/Developer/Xcode/DerivedData/OPS-czavgtmnvamasvcjgszzuulfcsxj/Build/Intermediates.noindex/OPS.build/Debug-iphonesimulator/OPS.build/Objects-normal/arm64 -target arm64-apple-ios18.2-simulator -Xllvm -aarch64-use-tbi -enable-objc-interop -sdk /Applications/Xcode.app/Contents/Developer/Platforms/iPhoneSimulator.platform/Developer/SDKs/iPhoneSimulator18.2.sdk -I /Users/jacksonsweet/Library/Developer/Xcode/DerivedData/OPS-czavgtmnvamasvcjgszzuulfcsxj/Build/Products/Debug-iphonesimulator -F /Users/jacksonsweet/Library/Developer/Xcode/DerivedData/OPS-czavgtmnvamasvcjgszzuulfcsxj/Build/Products/Debug-iphonesimulator -no-color-diagnostics -enable-testing -g -debug-info-format\=dwarf -dwarf-version\=5 -module-cache-path /Users/jacksonsweet/Library/Developer/Xcode/DerivedData/ModuleCache.noindex -profile-generate -profile-coverage-mapping -swift-version 5 -enforce-exclusivity\=checked -Onone -D DEBUG -serialize-debugging-options -const-gather-protocols-file /Users/jacksonsweet/Library/Developer/Xcode/DerivedData/OPS-czavgtmnvamasvcjgszzuulfcsxj/Build/Intermediates.noindex/OPS.build/Debug-iphonesimulator/OPS.build/Objects-normal/arm64/OPS_const_extract_protocols.json -enable-experimental-feature DebugDescriptionMacro -enable-experimental-feature OpaqueTypeErasure -enable-bare-slash-regex -empty-abi-descriptor -validate-clang-modules-once -clang-build-session-file /Users/jacksonsweet/Library/Developer/Xcode/DerivedData/ModuleCache.noindex/Session.modulevalidation -Xcc -working-directory -Xcc /Users/jacksonsweet/Desktop/OPS\ APP/OPS -resource-dir /Applications/Xcode.app/Contents/Developer/Toolchains/XcodeDefault.xctoolchain/usr/lib/swift -enable-anonymous-context-mangled-names -file-compilation-dir /Users/jacksonsweet/Desktop/OPS\ APP/OPS -Xcc -D_LIBCPP_HARDENING_MODE\=_LIBCPP_HARDENING_MODE_DEBUG -Xcc -ivfsstatcache -Xcc /Users/jacksonsweet/Library/Developer/Xcode/DerivedData/SDKStatCaches.noindex/iphonesimulator18.2-22C146-07b28473f605e47e75261259d3ef3b5a.sdkstatcache -Xcc -I/Users/jacksonsweet/Library/Developer/Xcode/DerivedData/OPS-czavgtmnvamasvcjgszzuulfcsxj/Build/Intermediates.noindex/OPS.build/Debug-iphonesimulator/OPS.build/swift-overrides.hmap -Xcc -iquote -Xcc /Users/jacksonsweet/Library/Developer/Xcode/DerivedData/OPS-czavgtmnvamasvcjgszzuulfcsxj/Build/Intermediates.noindex/OPS.build/Debug-iphonesimulator/OPS.build/OPS-generated-files.hmap -Xcc -I/Users/jacksonsweet/Library/Developer/Xcode/DerivedData/OPS-czavgtmnvamasvcjgszzuulfcsxj/Build/Intermediates.noindex/OPS.build/Debug-iphonesimulator/OPS.build/OPS-own-target-headers.hmap -Xcc -I/Users/jacksonsweet/Library/Developer/Xcode/DerivedData/OPS-czavgtmnvamasvcjgszzuulfcsxj/Build/Intermediates.noindex/OPS.build/Debug-iphonesimulator/OPS.build/OPS-all-target-headers.hmap -Xcc -iquote -Xcc /Users/jacksonsweet/Library/Developer/Xcode/DerivedData/OPS-czavgtmnvamasvcjgszzuulfcsxj/Build/Intermediates.noindex/OPS.build/Debug-iphonesimulator/OPS.build/OPS-project-headers.hmap -Xcc -I/Users/jacksonsweet/Library/Developer/Xcode/DerivedData/OPS-czavgtmnvamasvcjgszzuulfcsxj/Build/Products/Debug-iphonesimulator/include -Xcc -I/Users/jacksonsweet/Library/Developer/Xcode/DerivedData/OPS-czavgtmnvamasvcjgszzuulfcsxj/Build/Intermediates.noindex/OPS.build/Debug-iphonesimulator/OPS.build/DerivedSources-normal/arm64 -Xcc -I/Users/jacksonsweet/Library/Developer/Xcode/DerivedData/OPS-czavgtmnvamasvcjgszzuulfcsxj/Build/Intermediates.noindex/OPS.build/Debug-iphonesimulator/OPS.build/DerivedSources/arm64 -Xcc -I/Users/jacksonsweet/Library/Developer/Xcode/DerivedData/OPS-czavgtmnvamasvcjgszzuulfcsxj/Build/Intermediates.noindex/OPS.build/Debug-iphonesimulator/OPS.build/DerivedSources -Xcc -DDEBUG\=1 -module-name OPS -frontend-parseable-output -disable-clang-spi -target-sdk-version 18.2 -target-sdk-name iphonesimulator18.2 -external-plugin-path /Applications/Xcode.app/Contents/Developer/Platforms/iPhoneOS.platform/Developer/usr/lib/swift/host/plugins\#/Applications/Xcode.app/Contents/Developer/Platforms/iPhoneOS.platform/Developer/usr/bin/swift-plugin-server -external-plugin-path /Applications/Xcode.app/Contents/Developer/Platforms/iPhoneOS.platform/Developer/usr/local/lib/swift/host/plugins\#/Applications/Xcode.app/Contents/Developer/Platforms/iPhoneOS.platform/Developer/usr/bin/swift-plugin-server -plugin-path /Applications/Xcode.app/Contents/Developer/Toolchains/XcodeDefault.xctoolchain/usr/lib/swift/host/plugins -plugin-path /Applications/Xcode.app/Contents/Developer/Toolchains/XcodeDefault.xctoolchain/usr/local/lib/swift/host/plugins -o /Users/jacksonsweet/Library/Developer/Xcode/DerivedData/OPS-czavgtmnvamasvcjgszzuulfcsxj/Build/Intermediates.noindex/OPS.build/Debug-iphonesimulator/OPS.build/Objects-normal/arm64/ProjectCard.o -o /Users/jacksonsweet/Library/Developer/Xcode/DerivedData/OPS-czavgtmnvamasvcjgszzuulfcsxj/Build/Intermediates.noindex/OPS.build/Debug-iphonesimulator/OPS.build/Objects-normal/arm64/ProjectCarousel.o -o /Users/jacksonsweet/Library/Developer/Xcode/DerivedData/OPS-czavgtmnvamasvcjgszzuulfcsxj/Build/Intermediates.noindex/OPS.build/Debug-iphonesimulator/OPS.build/Objects-normal/arm64/ProjectDetailsView.o -o /Users/jacksonsweet/Library/Developer/Xcode/DerivedData/OPS-czavgtmnvamasvcjgszzuulfcsxj/Build/Intermediates.noindex/OPS.build/Debug-iphonesimulator/OPS.build/Objects-normal/arm64/ProjectHeader.o -o /Users/jacksonsweet/Library/Developer/Xcode/DerivedData/OPS-czavgtmnvamasvcjgszzuulfcsxj/Build/Intermediates.noindex/OPS.build/Debug-iphonesimulator/OPS.build/Objects-normal/arm64/ProjectSheetContainer.o -o /Users/jacksonsweet/Library/Developer/Xcode/DerivedData/OPS-czavgtmnvamasvcjgszzuulfcsxj/Build/Intermediates.noindex/OPS.build/Debug-iphonesimulator/OPS.build/Objects-normal/arm64/TeamMemberListView.o -o /Users/jacksonsweet/Library/Developer/Xcode/DerivedData/OPS-czavgtmnvamasvcjgszzuulfcsxj/Build/Intermediates.noindex/OPS.build/Debug-iphonesimulator/OPS.build/Objects-normal/arm64/UserProfileCard.o -o /Users/jacksonsweet/Library/Developer/Xcode/DerivedData/OPS-czavgtmnvamasvcjgszzuulfcsxj/Build/Intermediates.noindex/OPS.build/Debug-iphonesimulator/OPS.build/Objects-normal/arm64/HomeContentView.o -o /Users/jacksonsweet/Library/Developer/Xcode/DerivedData/OPS-czavgtmnvamasvcjgszzuulfcsxj/Build/Intermediates.noindex/OPS.build/Debug-iphonesimulator/OPS.build/Objects-normal/arm64/HomeView.o -o /Users/jacksonsweet/Library/Developer/Xcode/DerivedData/OPS-czavgtmnvamasvcjgszzuulfcsxj/Build/Intermediates.noindex/OPS.build/Debug-iphonesimulator/OPS.build/Objects-normal/arm64/OrganizationSettingsView.o -o /Users/jacksonsweet/Library/Developer/Xcode/DerivedData/OPS-czavgtmnvamasvcjgszzuulfcsxj/Build/Intermediates.noindex/OPS.build/Debug-iphonesimulator/OPS.build/Objects-normal/arm64/ProfileSettingsView.o -o /Users/jacksonsweet/Library/Developer/Xcode/DerivedData/OPS-czavgtmnvamasvcjgszzuulfcsxj/Build/Intermediates.noindex/OPS.build/Debug-iphonesimulator/OPS.build/Objects-normal/arm64/ProjectHistorySettingsView.o -index-unit-output-path /OPS.build/Debug-iphonesimulator/OPS.build/Objects-normal/arm64/ProjectCard.o -index-unit-output-path /OPS.build/Debug-iphonesimulator/OPS.build/Objects-normal/arm64/ProjectCarousel.o -index-unit-output-path /OPS.build/Debug-iphonesimulator/OPS.build/Objects-normal/arm64/ProjectDetailsView.o -index-unit-output-path /OPS.build/Debug-iphonesimulator/OPS.build/Objects-normal/arm64/ProjectHeader.o -index-unit-output-path /OPS.build/Debug-iphonesimulator/OPS.build/Objects-normal/arm64/ProjectSheetContainer.o -index-unit-output-path /OPS.build/Debug-iphonesimulator/OPS.build/Objects-normal/arm64/TeamMemberListView.o -index-unit-output-path /OPS.build/Debug-iphonesimulator/OPS.build/Objects-normal/arm64/UserProfileCard.o -index-unit-output-path /OPS.build/Debug-iphonesimulator/OPS.build/Objects-normal/arm64/HomeContentView.o -index-unit-output-path /OPS.build/Debug-iphonesimulator/OPS.build/Objects-normal/arm64/HomeView.o -index-unit-output-path /OPS.build/Debug-iphonesimulator/OPS.build/Objects-normal/arm64/OrganizationSettingsView.o -index-unit-output-path /OPS.build/Debug-iphonesimulator/OPS.build/Objects-normal/arm64/ProfileSettingsView.o -index-unit-output-path /OPS.build/Debug-iphonesimulator/OPS.build/Objects-normal/arm64/ProjectHistorySettingsView.o -index-store-path /Users/jacksonsweet/Library/Developer/Xcode/DerivedData/OPS-czavgtmnvamasvcjgszzuulfcsxj/Index.noindex/DataStore -index-system-modules

SwiftCompile normal arm64 /Users/jacksonsweet/Desktop/OPS\ APP/OPS/OPS/Views/Components/User/TeamMemberListView.swift (in target 'OPS' from project 'OPS')
    cd /Users/jacksonsweet/Desktop/OPS\ APP/OPS
    /Applications/Xcode.app/Contents/Developer/Toolchains/XcodeDefault.xctoolchain/usr/bin/swift-frontend -c /Users/jacksonsweet/Desktop/OPS\ APP/OPS/OPS/DataModels/BubbleImage.swift /Users/jacksonsweet/Desktop/OPS\ APP/OPS/OPS/DataModels/BubbleTypes.swift /Users/jacksonsweet/Desktop/OPS\ APP/OPS/OPS/DataModels/Company.swift /Users/jacksonsweet/Desktop/OPS\ APP/OPS/OPS/DataModels/Project.swift /Users/jacksonsweet/Desktop/OPS\ APP/OPS/OPS/DataModels/Status.swift /Users/jacksonsweet/Desktop/OPS\ APP/OPS/OPS/DataModels/User.swift /Users/jacksonsweet/Desktop/OPS\ APP/OPS/OPS/DataModels/UserRole.swift /Users/jacksonsweet/Desktop/OPS\ APP/OPS/OPS/Extensions/UIImage+Extensions.swift /Users/jacksonsweet/Desktop/OPS\ APP/OPS/OPS/Network/API/APIError.swift /Users/jacksonsweet/Desktop/OPS\ APP/OPS/OPS/Network/API/APIService.swift /Users/jacksonsweet/Desktop/OPS\ APP/OPS/OPS/Network/API/BubbleFields.swift /Users/jacksonsweet/Desktop/OPS\ APP/OPS/OPS/Network/Auth/AuthError.swift /Users/jacksonsweet/Desktop/OPS\ APP/OPS/OPS/Network/Auth/AuthManager.swift /Users/jacksonsweet/Desktop/OPS\ APP/OPS/OPS/Network/Auth/KeychainManager.swift /Users/jacksonsweet/Desktop/OPS\ APP/OPS/OPS/Network/DTOs/CompanyDTO.swift /Users/jacksonsweet/Desktop/OPS\ APP/OPS/OPS/Network/DTOs/ProjectDTO.swift /Users/jacksonsweet/Desktop/OPS\ APP/OPS/OPS/Network/DTOs/UserDTO.swift /Users/jacksonsweet/Desktop/OPS\ APP/OPS/OPS/Network/Endpoints/CompanyEndpoints.swift /Users/jacksonsweet/Desktop/OPS\ APP/OPS/OPS/Network/Endpoints/ProjectEndpoints.swift /Users/jacksonsweet/Desktop/OPS\ APP/OPS/OPS/Network/Endpoints/UserEndpoints.swift /Users/jacksonsweet/Desktop/OPS\ APP/OPS/OPS/Network/Sync/BackgroundTaskManager.swift /Users/jacksonsweet/Desktop/OPS\ APP/OPS/OPS/Network/Sync/SyncManager.swift /Users/jacksonsweet/Desktop/OPS\ APP/OPS/OPS/Network/ConnectivityMonitor.swift /Users/jacksonsweet/Desktop/OPS\ APP/OPS/OPS/Network/ImageSyncManager.swift /Users/jacksonsweet/Desktop/OPS\ APP/OPS/OPS/Onboarding/Coordinators/OnboardingCoordinator.swift /Users/jacksonsweet/Desktop/OPS\ APP/OPS/OPS/Onboarding/Models/OnboardingModels.swift /Users/jacksonsweet/Desktop/OPS\ APP/OPS/OPS/Onboarding/Services/OnboardingService.swift /Users/jacksonsweet/Desktop/OPS\ APP/OPS/OPS/Onboarding/ViewModels/OnboardingViewModel.swift /Users/jacksonsweet/Desktop/OPS\ APP/OPS/OPS/Onboarding/Views/Components/OnboardingComponents.swift /Users/jacksonsweet/Desktop/OPS\ APP/OPS/OPS/Onboarding/Views/Screens/AccountCreatedView.swift /Users/jacksonsweet/Desktop/OPS\ APP/OPS/OPS/Onboarding/Views/Screens/CompanyCodeView.swift /Users/jacksonsweet/Desktop/OPS\ APP/OPS/OPS/Onboarding/Views/Screens/CompanyCodeViewPreview.swift /Users/jacksonsweet/Desktop/OPS\ APP/OPS/OPS/Onboarding/Views/Screens/CompletionView.swift /Users/jacksonsweet/Desktop/OPS\ APP/OPS/OPS/Onboarding/Views/Screens/CompletionViewPreview.swift /Users/jacksonsweet/Desktop/OPS\ APP/OPS/OPS/Onboarding/Views/Screens/EmailView.swift /Users/jacksonsweet/Desktop/OPS\ APP/OPS/OPS/Onboarding/Views/Screens/FieldSetupView.swift /Users/jacksonsweet/Desktop/OPS\ APP/OPS/OPS/Onboarding/Views/Screens/NotificationsView.swift /Users/jacksonsweet/Desktop/OPS\ APP/OPS/OPS/Onboarding/Views/Screens/NotificationsViewPreview.swift /Users/jacksonsweet/Desktop/OPS\ APP/OPS/OPS/Onboarding/Views/Screens/OrganizationJoinView.swift /Users/jacksonsweet/Desktop/OPS\ APP/OPS/OPS/Onboarding/Views/Screens/PasswordView.swift /Users/jacksonsweet/Desktop/OPS\ APP/OPS/OPS/Onboarding/Views/Screens/PasswordViewPreview.swift /Users/jacksonsweet/Desktop/OPS\ APP/OPS/OPS/Onboarding/Views/Screens/PermissionsView.swift /Users/jacksonsweet/Desktop/OPS\ APP/OPS/OPS/Onboarding/Views/Screens/PermissionsViewPreview.swift /Users/jacksonsweet/Desktop/OPS\ APP/OPS/OPS/Onboarding/Views/Screens/PhoneNumberView.swift /Users/jacksonsweet/Desktop/OPS\ APP/OPS/OPS/Onboarding/Views/Screens/PhoneNumberViewPreview.swift /Users/jacksonsweet/Desktop/OPS\ APP/OPS/OPS/Onboarding/Views/Screens/UserInfoView.swift /Users/jacksonsweet/Desktop/OPS\ APP/OPS/OPS/Onboarding/Views/Screens/UserInfoViewPreview.swift /Users/jacksonsweet/Desktop/OPS\ APP/OPS/OPS/Onboarding/Views/Screens/VerifyPhoneView.swift /Users/jacksonsweet/Desktop/OPS\ APP/OPS/OPS/Onboarding/Views/Screens/WelcomeCompanyView.swift /Users/jacksonsweet/Desktop/OPS\ APP/OPS/OPS/Onboarding/Views/Screens/WelcomeCompanyViewPreview.swift /Users/jacksonsweet/Desktop/OPS\ APP/OPS/OPS/Onboarding/Views/Screens/WelcomeView.swift /Users/jacksonsweet/Desktop/OPS\ APP/OPS/OPS/Onboarding/Views/Screens/WelcomeViewPreview.swift /Users/jacksonsweet/Desktop/OPS\ APP/OPS/OPS/Onboarding/Views/OnboardingContainerView.swift /Users/jacksonsweet/Desktop/OPS\ APP/OPS/OPS/Onboarding/Views/OnboardingFlowPreview.swift /Users/jacksonsweet/Desktop/OPS\ APP/OPS/OPS/Onboarding/Views/OnboardingPresenter.swift /Users/jacksonsweet/Desktop/OPS\ APP/OPS/OPS/Onboarding/Views/OnboardingPreviewHelpers.swift /Users/jacksonsweet/Desktop/OPS\ APP/OPS/OPS/Styles/OPSStyle.swift /Users/jacksonsweet/Desktop/OPS\ APP/OPS/OPS/Utilities/AppConfiguration.swift /Users/jacksonsweet/Desktop/OPS\ APP/OPS/OPS/Utilities/ArrayTransformer.swift /Users/jacksonsweet/Desktop/OPS\ APP/OPS/OPS/Utilities/DataController.swift /Users/jacksonsweet/Desktop/OPS\ APP/OPS/OPS/Utilities/Dateformatter\ +Bubble.swift /Users/jacksonsweet/Desktop/OPS\ APP/OPS/OPS/Utilities/DateHelper.swift /Users/jacksonsweet/Desktop/OPS\ APP/OPS/OPS/Utilities/FieldErrorHandler.swift /Users/jacksonsweet/Desktop/OPS\ APP/OPS/OPS/Utilities/ImageCache.swift /Users/jacksonsweet/Desktop/OPS\ APP/OPS/OPS/Utilities/ImageFileManager.swift /Users/jacksonsweet/Desktop/OPS\ APP/OPS/OPS/Utilities/InProgressManager.swift /Users/jacksonsweet/Desktop/OPS\ APP/OPS/OPS/Utilities/KeyboardDismissalModifier.swift /Users/jacksonsweet/Desktop/OPS\ APP/OPS/OPS/Utilities/LocationManager.swift /Users/jacksonsweet/Desktop/OPS\ APP/OPS/OPS/Utilities/OnboardingEnvironmentKey.swift /Users/jacksonsweet/Desktop/OPS\ APP/OPS/OPS/Utilities/SwiftDataHelper.swift /Users/jacksonsweet/Desktop/OPS\ APP/OPS/OPS/Utilities/UIComponents.swift /Users/jacksonsweet/Desktop/OPS\ APP/OPS/OPS/V2/CertificationsSettingsView.swift /Users/jacksonsweet/Desktop/OPS\ APP/OPS/OPS/ViewModels/CalendarViewModel.swift /Users/jacksonsweet/Desktop/OPS\ APP/OPS/OPS/ViewModels/ProjectsViewModel.swift /Users/jacksonsweet/Desktop/OPS\ APP/OPS/OPS/Views/Calendar\ Tab/Components/CalendarDaySelector.swift /Users/jacksonsweet/Desktop/OPS\ APP/OPS/OPS/Views/Calendar\ Tab/Components/CalendarHeaderView.swift /Users/jacksonsweet/Desktop/OPS\ APP/OPS/OPS/Views/Calendar\ Tab/Components/CalendarProjectCard.swift /Users/jacksonsweet/Desktop/OPS\ APP/OPS/OPS/Views/Calendar\ Tab/Components/CalendarToggleView.swift /Users/jacksonsweet/Desktop/OPS\ APP/OPS/OPS/Views/Calendar\ Tab/Components/DatePickerPopover.swift /Users/jacksonsweet/Desktop/OPS\ APP/OPS/OPS/Views/Calendar\ Tab/Components/DayCell.swift /Users/jacksonsweet/Desktop/OPS\ APP/OPS/OPS/Views/Calendar\ Tab/ProjectViews/DayProjectSheet.swift /Users/jacksonsweet/Desktop/OPS\ APP/OPS/OPS/Views/Calendar\ Tab/ProjectViews/ProjectListView.swift /Users/jacksonsweet/Desktop/OPS\ APP/OPS/OPS/Views/Calendar\ Tab/MonthGridView.swift /Users/jacksonsweet/Desktop/OPS\ APP/OPS/OPS/Views/Components/Common/AppHeader.swift /Users/jacksonsweet/Desktop/OPS\ APP/OPS/OPS/Views/Components/Common/ExpandableNotesView.swift /Users/jacksonsweet/Desktop/OPS\ APP/OPS/OPS/Views/Components/Common/LocationPermissionView.swift /Users/jacksonsweet/Desktop/OPS\ APP/OPS/OPS/Views/Components/Common/NavigationBanner.swift /Users/jacksonsweet/Desktop/OPS\ APP/OPS/OPS/Views/Components/Common/NavigationControlsView.swift /Users/jacksonsweet/Desktop/OPS\ APP/OPS/OPS/Views/Components/Common/TabBarBackground.swift /Users/jacksonsweet/Desktop/OPS\ APP/OPS/OPS/Views/Components/Images/ImagePicker.swift /Users/jacksonsweet/Desktop/OPS\ APP/OPS/OPS/Views/Components/Images/ImagePickerView.swift /Users/jacksonsweet/Desktop/OPS\ APP/OPS/OPS/Views/Components/Images/ProjectImagesSection.swift /Users/jacksonsweet/Desktop/OPS\ APP/OPS/OPS/Views/Components/Images/ProjectImagesSimple.swift /Users/jacksonsweet/Desktop/OPS\ APP/OPS/OPS/Views/Components/Images/ProjectImageView.swift /Users/jacksonsweet/Desktop/OPS\ APP/OPS/OPS/Views/Components/Images/ProjectPhotosGrid.swift /Users/jacksonsweet/Desktop/OPS\ APP/OPS/OPS/Views/Components/Map/MiniMapView.swift /Users/jacksonsweet/Desktop/OPS\ APP/OPS/OPS/Views/Components/Map/ProjectMapAnnotation.swift /Users/jacksonsweet/Desktop/OPS\ APP/OPS/OPS/Views/Components/Map/ProjectMapView.swift /Users/jacksonsweet/Desktop/OPS\ APP/OPS/OPS/Views/Components/Map/ProjectMarkerPopup.swift /Users/jacksonsweet/Desktop/OPS\ APP/OPS/OPS/Views/Components/Map/RouteDirectionsView.swift /Users/jacksonsweet/Desktop/OPS\ APP/OPS/OPS/Views/Components/Project/ProjectActionBar.swift -primary-file /Users/jacksonsweet/Desktop/OPS\ APP/OPS/OPS/Views/Components/Project/ProjectCard.swift -primary-file /Users/jacksonsweet/Desktop/OPS\ APP/OPS/OPS/Views/Components/Project/ProjectCarousel.swift -primary-file /Users/jacksonsweet/Desktop/OPS\ APP/OPS/OPS/Views/Components/Project/ProjectDetailsView.swift -primary-file /Users/jacksonsweet/Desktop/OPS\ APP/OPS/OPS/Views/Components/Project/ProjectHeader.swift -primary-file /Users/jacksonsweet/Desktop/OPS\ APP/OPS/OPS/Views/Components/Project/ProjectSheetContainer.swift -primary-file /Users/jacksonsweet/Desktop/OPS\ APP/OPS/OPS/Views/Components/User/TeamMemberListView.swift -primary-file /Users/jacksonsweet/Desktop/OPS\ APP/OPS/OPS/Views/Components/User/UserProfileCard.swift -primary-file /Users/jacksonsweet/Desktop/OPS\ APP/OPS/OPS/Views/Home/HomeContentView.swift -primary-file /Users/jacksonsweet/Desktop/OPS\ APP/OPS/OPS/Views/Home/HomeView.swift -primary-file /Users/jacksonsweet/Desktop/OPS\ APP/OPS/OPS/Views/Settings/OrganizationSettingsView.swift -primary-file /Users/jacksonsweet/Desktop/OPS\ APP/OPS/OPS/Views/Settings/ProfileSettingsView.swift -primary-file /Users/jacksonsweet/Desktop/OPS\ APP/OPS/OPS/Views/Settings/ProjectHistorySettingsView.swift /Users/jacksonsweet/Desktop/OPS\ APP/OPS/OPS/Views/LoginView.swift /Users/jacksonsweet/Desktop/OPS\ APP/OPS/OPS/Views/LoginViewPreview.swift /Users/jacksonsweet/Desktop/OPS\ APP/OPS/OPS/Views/MainTabView.swift /Users/jacksonsweet/Desktop/OPS\ APP/OPS/OPS/Views/NetworkStatusIndicator.swift /Users/jacksonsweet/Desktop/OPS\ APP/OPS/OPS/Views/ScheduleView.swift /Users/jacksonsweet/Desktop/OPS\ APP/OPS/OPS/Views/SettingsView.swift /Users/jacksonsweet/Desktop/OPS\ APP/OPS/OPS/Views/SplashScreen.swift /Users/jacksonsweet/Desktop/OPS\ APP/OPS/OPS/AppState.swift /Users/jacksonsweet/Desktop/OPS\ APP/OPS/OPS/ContentView.swift /Users/jacksonsweet/Desktop/OPS\ APP/OPS/OPS/Item.swift /Users/jacksonsweet/Desktop/OPS\ APP/OPS/OPS/OPSApp.swift /Users/jacksonsweet/Library/Developer/Xcode/DerivedData/OPS-czavgtmnvamasvcjgszzuulfcsxj/Build/Intermediates.noindex/OPS.build/Debug-iphonesimulator/OPS.build/DerivedSources/GeneratedAssetSymbols.swift -supplementary-output-file-map /Users/jacksonsweet/Library/Developer/Xcode/DerivedData/OPS-czavgtmnvamasvcjgszzuulfcsxj/Build/Intermediates.noindex/OPS.build/Debug-iphonesimulator/OPS.build/Objects-normal/arm64/supplementaryOutputs-9 -emit-localized-strings -emit-localized-strings-path /Users/jacksonsweet/Library/Developer/Xcode/DerivedData/OPS-czavgtmnvamasvcjgszzuulfcsxj/Build/Intermediates.noindex/OPS.build/Debug-iphonesimulator/OPS.build/Objects-normal/arm64 -target arm64-apple-ios18.2-simulator -Xllvm -aarch64-use-tbi -enable-objc-interop -sdk /Applications/Xcode.app/Contents/Developer/Platforms/iPhoneSimulator.platform/Developer/SDKs/iPhoneSimulator18.2.sdk -I /Users/jacksonsweet/Library/Developer/Xcode/DerivedData/OPS-czavgtmnvamasvcjgszzuulfcsxj/Build/Products/Debug-iphonesimulator -F /Users/jacksonsweet/Library/Developer/Xcode/DerivedData/OPS-czavgtmnvamasvcjgszzuulfcsxj/Build/Products/Debug-iphonesimulator -no-color-diagnostics -enable-testing -g -debug-info-format\=dwarf -dwarf-version\=5 -module-cache-path /Users/jacksonsweet/Library/Developer/Xcode/DerivedData/ModuleCache.noindex -profile-generate -profile-coverage-mapping -swift-version 5 -enforce-exclusivity\=checked -Onone -D DEBUG -serialize-debugging-options -const-gather-protocols-file /Users/jacksonsweet/Library/Developer/Xcode/DerivedData/OPS-czavgtmnvamasvcjgszzuulfcsxj/Build/Intermediates.noindex/OPS.build/Debug-iphonesimulator/OPS.build/Objects-normal/arm64/OPS_const_extract_protocols.json -enable-experimental-feature DebugDescriptionMacro -enable-experimental-feature OpaqueTypeErasure -enable-bare-slash-regex -empty-abi-descriptor -validate-clang-modules-once -clang-build-session-file /Users/jacksonsweet/Library/Developer/Xcode/DerivedData/ModuleCache.noindex/Session.modulevalidation -Xcc -working-directory -Xcc /Users/jacksonsweet/Desktop/OPS\ APP/OPS -resource-dir /Applications/Xcode.app/Contents/Developer/Toolchains/XcodeDefault.xctoolchain/usr/lib/swift -enable-anonymous-context-mangled-names -file-compilation-dir /Users/jacksonsweet/Desktop/OPS\ APP/OPS -Xcc -D_LIBCPP_HARDENING_MODE\=_LIBCPP_HARDENING_MODE_DEBUG -Xcc -ivfsstatcache -Xcc /Users/jacksonsweet/Library/Developer/Xcode/DerivedData/SDKStatCaches.noindex/iphonesimulator18.2-22C146-07b28473f605e47e75261259d3ef3b5a.sdkstatcache -Xcc -I/Users/jacksonsweet/Library/Developer/Xcode/DerivedData/OPS-czavgtmnvamasvcjgszzuulfcsxj/Build/Intermediates.noindex/OPS.build/Debug-iphonesimulator/OPS.build/swift-overrides.hmap -Xcc -iquote -Xcc /Users/jacksonsweet/Library/Developer/Xcode/DerivedData/OPS-czavgtmnvamasvcjgszzuulfcsxj/Build/Intermediates.noindex/OPS.build/Debug-iphonesimulator/OPS.build/OPS-generated-files.hmap -Xcc -I/Users/jacksonsweet/Library/Developer/Xcode/DerivedData/OPS-czavgtmnvamasvcjgszzuulfcsxj/Build/Intermediates.noindex/OPS.build/Debug-iphonesimulator/OPS.build/OPS-own-target-headers.hmap -Xcc -I/Users/jacksonsweet/Library/Developer/Xcode/DerivedData/OPS-czavgtmnvamasvcjgszzuulfcsxj/Build/Intermediates.noindex/OPS.build/Debug-iphonesimulator/OPS.build/OPS-all-target-headers.hmap -Xcc -iquote -Xcc /Users/jacksonsweet/Library/Developer/Xcode/DerivedData/OPS-czavgtmnvamasvcjgszzuulfcsxj/Build/Intermediates.noindex/OPS.build/Debug-iphonesimulator/OPS.build/OPS-project-headers.hmap -Xcc -I/Users/jacksonsweet/Library/Developer/Xcode/DerivedData/OPS-czavgtmnvamasvcjgszzuulfcsxj/Build/Products/Debug-iphonesimulator/include -Xcc -I/Users/jacksonsweet/Library/Developer/Xcode/DerivedData/OPS-czavgtmnvamasvcjgszzuulfcsxj/Build/Intermediates.noindex/OPS.build/Debug-iphonesimulator/OPS.build/DerivedSources-normal/arm64 -Xcc -I/Users/jacksonsweet/Library/Developer/Xcode/DerivedData/OPS-czavgtmnvamasvcjgszzuulfcsxj/Build/Intermediates.noindex/OPS.build/Debug-iphonesimulator/OPS.build/DerivedSources/arm64 -Xcc -I/Users/jacksonsweet/Library/Developer/Xcode/DerivedData/OPS-czavgtmnvamasvcjgszzuulfcsxj/Build/Intermediates.noindex/OPS.build/Debug-iphonesimulator/OPS.build/DerivedSources -Xcc -DDEBUG\=1 -module-name OPS -frontend-parseable-output -disable-clang-spi -target-sdk-version 18.2 -target-sdk-name iphonesimulator18.2 -external-plugin-path /Applications/Xcode.app/Contents/Developer/Platforms/iPhoneOS.platform/Developer/usr/lib/swift/host/plugins\#/Applications/Xcode.app/Contents/Developer/Platforms/iPhoneOS.platform/Developer/usr/bin/swift-plugin-server -external-plugin-path /Applications/Xcode.app/Contents/Developer/Platforms/iPhoneOS.platform/Developer/usr/local/lib/swift/host/plugins\#/Applications/Xcode.app/Contents/Developer/Platforms/iPhoneOS.platform/Developer/usr/bin/swift-plugin-server -plugin-path /Applications/Xcode.app/Contents/Developer/Toolchains/XcodeDefault.xctoolchain/usr/lib/swift/host/plugins -plugin-path /Applications/Xcode.app/Contents/Developer/Toolchains/XcodeDefault.xctoolchain/usr/local/lib/swift/host/plugins -o /Users/jacksonsweet/Library/Developer/Xcode/DerivedData/OPS-czavgtmnvamasvcjgszzuulfcsxj/Build/Intermediates.noindex/OPS.build/Debug-iphonesimulator/OPS.build/Objects-normal/arm64/ProjectCard.o -o /Users/jacksonsweet/Library/Developer/Xcode/DerivedData/OPS-czavgtmnvamasvcjgszzuulfcsxj/Build/Intermediates.noindex/OPS.build/Debug-iphonesimulator/OPS.build/Objects-normal/arm64/ProjectCarousel.o -o /Users/jacksonsweet/Library/Developer/Xcode/DerivedData/OPS-czavgtmnvamasvcjgszzuulfcsxj/Build/Intermediates.noindex/OPS.build/Debug-iphonesimulator/OPS.build/Objects-normal/arm64/ProjectDetailsView.o -o /Users/jacksonsweet/Library/Developer/Xcode/DerivedData/OPS-czavgtmnvamasvcjgszzuulfcsxj/Build/Intermediates.noindex/OPS.build/Debug-iphonesimulator/OPS.build/Objects-normal/arm64/ProjectHeader.o -o /Users/jacksonsweet/Library/Developer/Xcode/DerivedData/OPS-czavgtmnvamasvcjgszzuulfcsxj/Build/Intermediates.noindex/OPS.build/Debug-iphonesimulator/OPS.build/Objects-normal/arm64/ProjectSheetContainer.o -o /Users/jacksonsweet/Library/Developer/Xcode/DerivedData/OPS-czavgtmnvamasvcjgszzuulfcsxj/Build/Intermediates.noindex/OPS.build/Debug-iphonesimulator/OPS.build/Objects-normal/arm64/TeamMemberListView.o -o /Users/jacksonsweet/Library/Developer/Xcode/DerivedData/OPS-czavgtmnvamasvcjgszzuulfcsxj/Build/Intermediates.noindex/OPS.build/Debug-iphonesimulator/OPS.build/Objects-normal/arm64/UserProfileCard.o -o /Users/jacksonsweet/Library/Developer/Xcode/DerivedData/OPS-czavgtmnvamasvcjgszzuulfcsxj/Build/Intermediates.noindex/OPS.build/Debug-iphonesimulator/OPS.build/Objects-normal/arm64/HomeContentView.o -o /Users/jacksonsweet/Library/Developer/Xcode/DerivedData/OPS-czavgtmnvamasvcjgszzuulfcsxj/Build/Intermediates.noindex/OPS.build/Debug-iphonesimulator/OPS.build/Objects-normal/arm64/HomeView.o -o /Users/jacksonsweet/Library/Developer/Xcode/DerivedData/OPS-czavgtmnvamasvcjgszzuulfcsxj/Build/Intermediates.noindex/OPS.build/Debug-iphonesimulator/OPS.build/Objects-normal/arm64/OrganizationSettingsView.o -o /Users/jacksonsweet/Library/Developer/Xcode/DerivedData/OPS-czavgtmnvamasvcjgszzuulfcsxj/Build/Intermediates.noindex/OPS.build/Debug-iphonesimulator/OPS.build/Objects-normal/arm64/ProfileSettingsView.o -o /Users/jacksonsweet/Library/Developer/Xcode/DerivedData/OPS-czavgtmnvamasvcjgszzuulfcsxj/Build/Intermediates.noindex/OPS.build/Debug-iphonesimulator/OPS.build/Objects-normal/arm64/ProjectHistorySettingsView.o -index-unit-output-path /OPS.build/Debug-iphonesimulator/OPS.build/Objects-normal/arm64/ProjectCard.o -index-unit-output-path /OPS.build/Debug-iphonesimulator/OPS.build/Objects-normal/arm64/ProjectCarousel.o -index-unit-output-path /OPS.build/Debug-iphonesimulator/OPS.build/Objects-normal/arm64/ProjectDetailsView.o -index-unit-output-path /OPS.build/Debug-iphonesimulator/OPS.build/Objects-normal/arm64/ProjectHeader.o -index-unit-output-path /OPS.build/Debug-iphonesimulator/OPS.build/Objects-normal/arm64/ProjectSheetContainer.o -index-unit-output-path /OPS.build/Debug-iphonesimulator/OPS.build/Objects-normal/arm64/TeamMemberListView.o -index-unit-output-path /OPS.build/Debug-iphonesimulator/OPS.build/Objects-normal/arm64/UserProfileCard.o -index-unit-output-path /OPS.build/Debug-iphonesimulator/OPS.build/Objects-normal/arm64/HomeContentView.o -index-unit-output-path /OPS.build/Debug-iphonesimulator/OPS.build/Objects-normal/arm64/HomeView.o -index-unit-output-path /OPS.build/Debug-iphonesimulator/OPS.build/Objects-normal/arm64/OrganizationSettingsView.o -index-unit-output-path /OPS.build/Debug-iphonesimulator/OPS.build/Objects-normal/arm64/ProfileSettingsView.o -index-unit-output-path /OPS.build/Debug-iphonesimulator/OPS.build/Objects-normal/arm64/ProjectHistorySettingsView.o -index-store-path /Users/jacksonsweet/Library/Developer/Xcode/DerivedData/OPS-czavgtmnvamasvcjgszzuulfcsxj/Index.noindex/DataStore -index-system-modules

SwiftCompile normal arm64 /Users/jacksonsweet/Desktop/OPS\ APP/OPS/OPS/Views/Components/User/UserProfileCard.swift (in target 'OPS' from project 'OPS')
    cd /Users/jacksonsweet/Desktop/OPS\ APP/OPS
    /Applications/Xcode.app/Contents/Developer/Toolchains/XcodeDefault.xctoolchain/usr/bin/swift-frontend -c /Users/jacksonsweet/Desktop/OPS\ APP/OPS/OPS/DataModels/BubbleImage.swift /Users/jacksonsweet/Desktop/OPS\ APP/OPS/OPS/DataModels/BubbleTypes.swift /Users/jacksonsweet/Desktop/OPS\ APP/OPS/OPS/DataModels/Company.swift /Users/jacksonsweet/Desktop/OPS\ APP/OPS/OPS/DataModels/Project.swift /Users/jacksonsweet/Desktop/OPS\ APP/OPS/OPS/DataModels/Status.swift /Users/jacksonsweet/Desktop/OPS\ APP/OPS/OPS/DataModels/User.swift /Users/jacksonsweet/Desktop/OPS\ APP/OPS/OPS/DataModels/UserRole.swift /Users/jacksonsweet/Desktop/OPS\ APP/OPS/OPS/Extensions/UIImage+Extensions.swift /Users/jacksonsweet/Desktop/OPS\ APP/OPS/OPS/Network/API/APIError.swift /Users/jacksonsweet/Desktop/OPS\ APP/OPS/OPS/Network/API/APIService.swift /Users/jacksonsweet/Desktop/OPS\ APP/OPS/OPS/Network/API/BubbleFields.swift /Users/jacksonsweet/Desktop/OPS\ APP/OPS/OPS/Network/Auth/AuthError.swift /Users/jacksonsweet/Desktop/OPS\ APP/OPS/OPS/Network/Auth/AuthManager.swift /Users/jacksonsweet/Desktop/OPS\ APP/OPS/OPS/Network/Auth/KeychainManager.swift /Users/jacksonsweet/Desktop/OPS\ APP/OPS/OPS/Network/DTOs/CompanyDTO.swift /Users/jacksonsweet/Desktop/OPS\ APP/OPS/OPS/Network/DTOs/ProjectDTO.swift /Users/jacksonsweet/Desktop/OPS\ APP/OPS/OPS/Network/DTOs/UserDTO.swift /Users/jacksonsweet/Desktop/OPS\ APP/OPS/OPS/Network/Endpoints/CompanyEndpoints.swift /Users/jacksonsweet/Desktop/OPS\ APP/OPS/OPS/Network/Endpoints/ProjectEndpoints.swift /Users/jacksonsweet/Desktop/OPS\ APP/OPS/OPS/Network/Endpoints/UserEndpoints.swift /Users/jacksonsweet/Desktop/OPS\ APP/OPS/OPS/Network/Sync/BackgroundTaskManager.swift /Users/jacksonsweet/Desktop/OPS\ APP/OPS/OPS/Network/Sync/SyncManager.swift /Users/jacksonsweet/Desktop/OPS\ APP/OPS/OPS/Network/ConnectivityMonitor.swift /Users/jacksonsweet/Desktop/OPS\ APP/OPS/OPS/Network/ImageSyncManager.swift /Users/jacksonsweet/Desktop/OPS\ APP/OPS/OPS/Onboarding/Coordinators/OnboardingCoordinator.swift /Users/jacksonsweet/Desktop/OPS\ APP/OPS/OPS/Onboarding/Models/OnboardingModels.swift /Users/jacksonsweet/Desktop/OPS\ APP/OPS/OPS/Onboarding/Services/OnboardingService.swift /Users/jacksonsweet/Desktop/OPS\ APP/OPS/OPS/Onboarding/ViewModels/OnboardingViewModel.swift /Users/jacksonsweet/Desktop/OPS\ APP/OPS/OPS/Onboarding/Views/Components/OnboardingComponents.swift /Users/jacksonsweet/Desktop/OPS\ APP/OPS/OPS/Onboarding/Views/Screens/AccountCreatedView.swift /Users/jacksonsweet/Desktop/OPS\ APP/OPS/OPS/Onboarding/Views/Screens/CompanyCodeView.swift /Users/jacksonsweet/Desktop/OPS\ APP/OPS/OPS/Onboarding/Views/Screens/CompanyCodeViewPreview.swift /Users/jacksonsweet/Desktop/OPS\ APP/OPS/OPS/Onboarding/Views/Screens/CompletionView.swift /Users/jacksonsweet/Desktop/OPS\ APP/OPS/OPS/Onboarding/Views/Screens/CompletionViewPreview.swift /Users/jacksonsweet/Desktop/OPS\ APP/OPS/OPS/Onboarding/Views/Screens/EmailView.swift /Users/jacksonsweet/Desktop/OPS\ APP/OPS/OPS/Onboarding/Views/Screens/FieldSetupView.swift /Users/jacksonsweet/Desktop/OPS\ APP/OPS/OPS/Onboarding/Views/Screens/NotificationsView.swift /Users/jacksonsweet/Desktop/OPS\ APP/OPS/OPS/Onboarding/Views/Screens/NotificationsViewPreview.swift /Users/jacksonsweet/Desktop/OPS\ APP/OPS/OPS/Onboarding/Views/Screens/OrganizationJoinView.swift /Users/jacksonsweet/Desktop/OPS\ APP/OPS/OPS/Onboarding/Views/Screens/PasswordView.swift /Users/jacksonsweet/Desktop/OPS\ APP/OPS/OPS/Onboarding/Views/Screens/PasswordViewPreview.swift /Users/jacksonsweet/Desktop/OPS\ APP/OPS/OPS/Onboarding/Views/Screens/PermissionsView.swift /Users/jacksonsweet/Desktop/OPS\ APP/OPS/OPS/Onboarding/Views/Screens/PermissionsViewPreview.swift /Users/jacksonsweet/Desktop/OPS\ APP/OPS/OPS/Onboarding/Views/Screens/PhoneNumberView.swift /Users/jacksonsweet/Desktop/OPS\ APP/OPS/OPS/Onboarding/Views/Screens/PhoneNumberViewPreview.swift /Users/jacksonsweet/Desktop/OPS\ APP/OPS/OPS/Onboarding/Views/Screens/UserInfoView.swift /Users/jacksonsweet/Desktop/OPS\ APP/OPS/OPS/Onboarding/Views/Screens/UserInfoViewPreview.swift /Users/jacksonsweet/Desktop/OPS\ APP/OPS/OPS/Onboarding/Views/Screens/VerifyPhoneView.swift /Users/jacksonsweet/Desktop/OPS\ APP/OPS/OPS/Onboarding/Views/Screens/WelcomeCompanyView.swift /Users/jacksonsweet/Desktop/OPS\ APP/OPS/OPS/Onboarding/Views/Screens/WelcomeCompanyViewPreview.swift /Users/jacksonsweet/Desktop/OPS\ APP/OPS/OPS/Onboarding/Views/Screens/WelcomeView.swift /Users/jacksonsweet/Desktop/OPS\ APP/OPS/OPS/Onboarding/Views/Screens/WelcomeViewPreview.swift /Users/jacksonsweet/Desktop/OPS\ APP/OPS/OPS/Onboarding/Views/OnboardingContainerView.swift /Users/jacksonsweet/Desktop/OPS\ APP/OPS/OPS/Onboarding/Views/OnboardingFlowPreview.swift /Users/jacksonsweet/Desktop/OPS\ APP/OPS/OPS/Onboarding/Views/OnboardingPresenter.swift /Users/jacksonsweet/Desktop/OPS\ APP/OPS/OPS/Onboarding/Views/OnboardingPreviewHelpers.swift /Users/jacksonsweet/Desktop/OPS\ APP/OPS/OPS/Styles/OPSStyle.swift /Users/jacksonsweet/Desktop/OPS\ APP/OPS/OPS/Utilities/AppConfiguration.swift /Users/jacksonsweet/Desktop/OPS\ APP/OPS/OPS/Utilities/ArrayTransformer.swift /Users/jacksonsweet/Desktop/OPS\ APP/OPS/OPS/Utilities/DataController.swift /Users/jacksonsweet/Desktop/OPS\ APP/OPS/OPS/Utilities/Dateformatter\ +Bubble.swift /Users/jacksonsweet/Desktop/OPS\ APP/OPS/OPS/Utilities/DateHelper.swift /Users/jacksonsweet/Desktop/OPS\ APP/OPS/OPS/Utilities/FieldErrorHandler.swift /Users/jacksonsweet/Desktop/OPS\ APP/OPS/OPS/Utilities/ImageCache.swift /Users/jacksonsweet/Desktop/OPS\ APP/OPS/OPS/Utilities/ImageFileManager.swift /Users/jacksonsweet/Desktop/OPS\ APP/OPS/OPS/Utilities/InProgressManager.swift /Users/jacksonsweet/Desktop/OPS\ APP/OPS/OPS/Utilities/KeyboardDismissalModifier.swift /Users/jacksonsweet/Desktop/OPS\ APP/OPS/OPS/Utilities/LocationManager.swift /Users/jacksonsweet/Desktop/OPS\ APP/OPS/OPS/Utilities/OnboardingEnvironmentKey.swift /Users/jacksonsweet/Desktop/OPS\ APP/OPS/OPS/Utilities/SwiftDataHelper.swift /Users/jacksonsweet/Desktop/OPS\ APP/OPS/OPS/Utilities/UIComponents.swift /Users/jacksonsweet/Desktop/OPS\ APP/OPS/OPS/V2/CertificationsSettingsView.swift /Users/jacksonsweet/Desktop/OPS\ APP/OPS/OPS/ViewModels/CalendarViewModel.swift /Users/jacksonsweet/Desktop/OPS\ APP/OPS/OPS/ViewModels/ProjectsViewModel.swift /Users/jacksonsweet/Desktop/OPS\ APP/OPS/OPS/Views/Calendar\ Tab/Components/CalendarDaySelector.swift /Users/jacksonsweet/Desktop/OPS\ APP/OPS/OPS/Views/Calendar\ Tab/Components/CalendarHeaderView.swift /Users/jacksonsweet/Desktop/OPS\ APP/OPS/OPS/Views/Calendar\ Tab/Components/CalendarProjectCard.swift /Users/jacksonsweet/Desktop/OPS\ APP/OPS/OPS/Views/Calendar\ Tab/Components/CalendarToggleView.swift /Users/jacksonsweet/Desktop/OPS\ APP/OPS/OPS/Views/Calendar\ Tab/Components/DatePickerPopover.swift /Users/jacksonsweet/Desktop/OPS\ APP/OPS/OPS/Views/Calendar\ Tab/Components/DayCell.swift /Users/jacksonsweet/Desktop/OPS\ APP/OPS/OPS/Views/Calendar\ Tab/ProjectViews/DayProjectSheet.swift /Users/jacksonsweet/Desktop/OPS\ APP/OPS/OPS/Views/Calendar\ Tab/ProjectViews/ProjectListView.swift /Users/jacksonsweet/Desktop/OPS\ APP/OPS/OPS/Views/Calendar\ Tab/MonthGridView.swift /Users/jacksonsweet/Desktop/OPS\ APP/OPS/OPS/Views/Components/Common/AppHeader.swift /Users/jacksonsweet/Desktop/OPS\ APP/OPS/OPS/Views/Components/Common/ExpandableNotesView.swift /Users/jacksonsweet/Desktop/OPS\ APP/OPS/OPS/Views/Components/Common/LocationPermissionView.swift /Users/jacksonsweet/Desktop/OPS\ APP/OPS/OPS/Views/Components/Common/NavigationBanner.swift /Users/jacksonsweet/Desktop/OPS\ APP/OPS/OPS/Views/Components/Common/NavigationControlsView.swift /Users/jacksonsweet/Desktop/OPS\ APP/OPS/OPS/Views/Components/Common/TabBarBackground.swift /Users/jacksonsweet/Desktop/OPS\ APP/OPS/OPS/Views/Components/Images/ImagePicker.swift /Users/jacksonsweet/Desktop/OPS\ APP/OPS/OPS/Views/Components/Images/ImagePickerView.swift /Users/jacksonsweet/Desktop/OPS\ APP/OPS/OPS/Views/Components/Images/ProjectImagesSection.swift /Users/jacksonsweet/Desktop/OPS\ APP/OPS/OPS/Views/Components/Images/ProjectImagesSimple.swift /Users/jacksonsweet/Desktop/OPS\ APP/OPS/OPS/Views/Components/Images/ProjectImageView.swift /Users/jacksonsweet/Desktop/OPS\ APP/OPS/OPS/Views/Components/Images/ProjectPhotosGrid.swift /Users/jacksonsweet/Desktop/OPS\ APP/OPS/OPS/Views/Components/Map/MiniMapView.swift /Users/jacksonsweet/Desktop/OPS\ APP/OPS/OPS/Views/Components/Map/ProjectMapAnnotation.swift /Users/jacksonsweet/Desktop/OPS\ APP/OPS/OPS/Views/Components/Map/ProjectMapView.swift /Users/jacksonsweet/Desktop/OPS\ APP/OPS/OPS/Views/Components/Map/ProjectMarkerPopup.swift /Users/jacksonsweet/Desktop/OPS\ APP/OPS/OPS/Views/Components/Map/RouteDirectionsView.swift /Users/jacksonsweet/Desktop/OPS\ APP/OPS/OPS/Views/Components/Project/ProjectActionBar.swift -primary-file /Users/jacksonsweet/Desktop/OPS\ APP/OPS/OPS/Views/Components/Project/ProjectCard.swift -primary-file /Users/jacksonsweet/Desktop/OPS\ APP/OPS/OPS/Views/Components/Project/ProjectCarousel.swift -primary-file /Users/jacksonsweet/Desktop/OPS\ APP/OPS/OPS/Views/Components/Project/ProjectDetailsView.swift -primary-file /Users/jacksonsweet/Desktop/OPS\ APP/OPS/OPS/Views/Components/Project/ProjectHeader.swift -primary-file /Users/jacksonsweet/Desktop/OPS\ APP/OPS/OPS/Views/Components/Project/ProjectSheetContainer.swift -primary-file /Users/jacksonsweet/Desktop/OPS\ APP/OPS/OPS/Views/Components/User/TeamMemberListView.swift -primary-file /Users/jacksonsweet/Desktop/OPS\ APP/OPS/OPS/Views/Components/User/UserProfileCard.swift -primary-file /Users/jacksonsweet/Desktop/OPS\ APP/OPS/OPS/Views/Home/HomeContentView.swift -primary-file /Users/jacksonsweet/Desktop/OPS\ APP/OPS/OPS/Views/Home/HomeView.swift -primary-file /Users/jacksonsweet/Desktop/OPS\ APP/OPS/OPS/Views/Settings/OrganizationSettingsView.swift -primary-file /Users/jacksonsweet/Desktop/OPS\ APP/OPS/OPS/Views/Settings/ProfileSettingsView.swift -primary-file /Users/jacksonsweet/Desktop/OPS\ APP/OPS/OPS/Views/Settings/ProjectHistorySettingsView.swift /Users/jacksonsweet/Desktop/OPS\ APP/OPS/OPS/Views/LoginView.swift /Users/jacksonsweet/Desktop/OPS\ APP/OPS/OPS/Views/LoginViewPreview.swift /Users/jacksonsweet/Desktop/OPS\ APP/OPS/OPS/Views/MainTabView.swift /Users/jacksonsweet/Desktop/OPS\ APP/OPS/OPS/Views/NetworkStatusIndicator.swift /Users/jacksonsweet/Desktop/OPS\ APP/OPS/OPS/Views/ScheduleView.swift /Users/jacksonsweet/Desktop/OPS\ APP/OPS/OPS/Views/SettingsView.swift /Users/jacksonsweet/Desktop/OPS\ APP/OPS/OPS/Views/SplashScreen.swift /Users/jacksonsweet/Desktop/OPS\ APP/OPS/OPS/AppState.swift /Users/jacksonsweet/Desktop/OPS\ APP/OPS/OPS/ContentView.swift /Users/jacksonsweet/Desktop/OPS\ APP/OPS/OPS/Item.swift /Users/jacksonsweet/Desktop/OPS\ APP/OPS/OPS/OPSApp.swift /Users/jacksonsweet/Library/Developer/Xcode/DerivedData/OPS-czavgtmnvamasvcjgszzuulfcsxj/Build/Intermediates.noindex/OPS.build/Debug-iphonesimulator/OPS.build/DerivedSources/GeneratedAssetSymbols.swift -supplementary-output-file-map /Users/jacksonsweet/Library/Developer/Xcode/DerivedData/OPS-czavgtmnvamasvcjgszzuulfcsxj/Build/Intermediates.noindex/OPS.build/Debug-iphonesimulator/OPS.build/Objects-normal/arm64/supplementaryOutputs-9 -emit-localized-strings -emit-localized-strings-path /Users/jacksonsweet/Library/Developer/Xcode/DerivedData/OPS-czavgtmnvamasvcjgszzuulfcsxj/Build/Intermediates.noindex/OPS.build/Debug-iphonesimulator/OPS.build/Objects-normal/arm64 -target arm64-apple-ios18.2-simulator -Xllvm -aarch64-use-tbi -enable-objc-interop -sdk /Applications/Xcode.app/Contents/Developer/Platforms/iPhoneSimulator.platform/Developer/SDKs/iPhoneSimulator18.2.sdk -I /Users/jacksonsweet/Library/Developer/Xcode/DerivedData/OPS-czavgtmnvamasvcjgszzuulfcsxj/Build/Products/Debug-iphonesimulator -F /Users/jacksonsweet/Library/Developer/Xcode/DerivedData/OPS-czavgtmnvamasvcjgszzuulfcsxj/Build/Products/Debug-iphonesimulator -no-color-diagnostics -enable-testing -g -debug-info-format\=dwarf -dwarf-version\=5 -module-cache-path /Users/jacksonsweet/Library/Developer/Xcode/DerivedData/ModuleCache.noindex -profile-generate -profile-coverage-mapping -swift-version 5 -enforce-exclusivity\=checked -Onone -D DEBUG -serialize-debugging-options -const-gather-protocols-file /Users/jacksonsweet/Library/Developer/Xcode/DerivedData/OPS-czavgtmnvamasvcjgszzuulfcsxj/Build/Intermediates.noindex/OPS.build/Debug-iphonesimulator/OPS.build/Objects-normal/arm64/OPS_const_extract_protocols.json -enable-experimental-feature DebugDescriptionMacro -enable-experimental-feature OpaqueTypeErasure -enable-bare-slash-regex -empty-abi-descriptor -validate-clang-modules-once -clang-build-session-file /Users/jacksonsweet/Library/Developer/Xcode/DerivedData/ModuleCache.noindex/Session.modulevalidation -Xcc -working-directory -Xcc /Users/jacksonsweet/Desktop/OPS\ APP/OPS -resource-dir /Applications/Xcode.app/Contents/Developer/Toolchains/XcodeDefault.xctoolchain/usr/lib/swift -enable-anonymous-context-mangled-names -file-compilation-dir /Users/jacksonsweet/Desktop/OPS\ APP/OPS -Xcc -D_LIBCPP_HARDENING_MODE\=_LIBCPP_HARDENING_MODE_DEBUG -Xcc -ivfsstatcache -Xcc /Users/jacksonsweet/Library/Developer/Xcode/DerivedData/SDKStatCaches.noindex/iphonesimulator18.2-22C146-07b28473f605e47e75261259d3ef3b5a.sdkstatcache -Xcc -I/Users/jacksonsweet/Library/Developer/Xcode/DerivedData/OPS-czavgtmnvamasvcjgszzuulfcsxj/Build/Intermediates.noindex/OPS.build/Debug-iphonesimulator/OPS.build/swift-overrides.hmap -Xcc -iquote -Xcc /Users/jacksonsweet/Library/Developer/Xcode/DerivedData/OPS-czavgtmnvamasvcjgszzuulfcsxj/Build/Intermediates.noindex/OPS.build/Debug-iphonesimulator/OPS.build/OPS-generated-files.hmap -Xcc -I/Users/jacksonsweet/Library/Developer/Xcode/DerivedData/OPS-czavgtmnvamasvcjgszzuulfcsxj/Build/Intermediates.noindex/OPS.build/Debug-iphonesimulator/OPS.build/OPS-own-target-headers.hmap -Xcc -I/Users/jacksonsweet/Library/Developer/Xcode/DerivedData/OPS-czavgtmnvamasvcjgszzuulfcsxj/Build/Intermediates.noindex/OPS.build/Debug-iphonesimulator/OPS.build/OPS-all-target-headers.hmap -Xcc -iquote -Xcc /Users/jacksonsweet/Library/Developer/Xcode/DerivedData/OPS-czavgtmnvamasvcjgszzuulfcsxj/Build/Intermediates.noindex/OPS.build/Debug-iphonesimulator/OPS.build/OPS-project-headers.hmap -Xcc -I/Users/jacksonsweet/Library/Developer/Xcode/DerivedData/OPS-czavgtmnvamasvcjgszzuulfcsxj/Build/Products/Debug-iphonesimulator/include -Xcc -I/Users/jacksonsweet/Library/Developer/Xcode/DerivedData/OPS-czavgtmnvamasvcjgszzuulfcsxj/Build/Intermediates.noindex/OPS.build/Debug-iphonesimulator/OPS.build/DerivedSources-normal/arm64 -Xcc -I/Users/jacksonsweet/Library/Developer/Xcode/DerivedData/OPS-czavgtmnvamasvcjgszzuulfcsxj/Build/Intermediates.noindex/OPS.build/Debug-iphonesimulator/OPS.build/DerivedSources/arm64 -Xcc -I/Users/jacksonsweet/Library/Developer/Xcode/DerivedData/OPS-czavgtmnvamasvcjgszzuulfcsxj/Build/Intermediates.noindex/OPS.build/Debug-iphonesimulator/OPS.build/DerivedSources -Xcc -DDEBUG\=1 -module-name OPS -frontend-parseable-output -disable-clang-spi -target-sdk-version 18.2 -target-sdk-name iphonesimulator18.2 -external-plugin-path /Applications/Xcode.app/Contents/Developer/Platforms/iPhoneOS.platform/Developer/usr/lib/swift/host/plugins\#/Applications/Xcode.app/Contents/Developer/Platforms/iPhoneOS.platform/Developer/usr/bin/swift-plugin-server -external-plugin-path /Applications/Xcode.app/Contents/Developer/Platforms/iPhoneOS.platform/Developer/usr/local/lib/swift/host/plugins\#/Applications/Xcode.app/Contents/Developer/Platforms/iPhoneOS.platform/Developer/usr/bin/swift-plugin-server -plugin-path /Applications/Xcode.app/Contents/Developer/Toolchains/XcodeDefault.xctoolchain/usr/lib/swift/host/plugins -plugin-path /Applications/Xcode.app/Contents/Developer/Toolchains/XcodeDefault.xctoolchain/usr/local/lib/swift/host/plugins -o /Users/jacksonsweet/Library/Developer/Xcode/DerivedData/OPS-czavgtmnvamasvcjgszzuulfcsxj/Build/Intermediates.noindex/OPS.build/Debug-iphonesimulator/OPS.build/Objects-normal/arm64/ProjectCard.o -o /Users/jacksonsweet/Library/Developer/Xcode/DerivedData/OPS-czavgtmnvamasvcjgszzuulfcsxj/Build/Intermediates.noindex/OPS.build/Debug-iphonesimulator/OPS.build/Objects-normal/arm64/ProjectCarousel.o -o /Users/jacksonsweet/Library/Developer/Xcode/DerivedData/OPS-czavgtmnvamasvcjgszzuulfcsxj/Build/Intermediates.noindex/OPS.build/Debug-iphonesimulator/OPS.build/Objects-normal/arm64/ProjectDetailsView.o -o /Users/jacksonsweet/Library/Developer/Xcode/DerivedData/OPS-czavgtmnvamasvcjgszzuulfcsxj/Build/Intermediates.noindex/OPS.build/Debug-iphonesimulator/OPS.build/Objects-normal/arm64/ProjectHeader.o -o /Users/jacksonsweet/Library/Developer/Xcode/DerivedData/OPS-czavgtmnvamasvcjgszzuulfcsxj/Build/Intermediates.noindex/OPS.build/Debug-iphonesimulator/OPS.build/Objects-normal/arm64/ProjectSheetContainer.o -o /Users/jacksonsweet/Library/Developer/Xcode/DerivedData/OPS-czavgtmnvamasvcjgszzuulfcsxj/Build/Intermediates.noindex/OPS.build/Debug-iphonesimulator/OPS.build/Objects-normal/arm64/TeamMemberListView.o -o /Users/jacksonsweet/Library/Developer/Xcode/DerivedData/OPS-czavgtmnvamasvcjgszzuulfcsxj/Build/Intermediates.noindex/OPS.build/Debug-iphonesimulator/OPS.build/Objects-normal/arm64/UserProfileCard.o -o /Users/jacksonsweet/Library/Developer/Xcode/DerivedData/OPS-czavgtmnvamasvcjgszzuulfcsxj/Build/Intermediates.noindex/OPS.build/Debug-iphonesimulator/OPS.build/Objects-normal/arm64/HomeContentView.o -o /Users/jacksonsweet/Library/Developer/Xcode/DerivedData/OPS-czavgtmnvamasvcjgszzuulfcsxj/Build/Intermediates.noindex/OPS.build/Debug-iphonesimulator/OPS.build/Objects-normal/arm64/HomeView.o -o /Users/jacksonsweet/Library/Developer/Xcode/DerivedData/OPS-czavgtmnvamasvcjgszzuulfcsxj/Build/Intermediates.noindex/OPS.build/Debug-iphonesimulator/OPS.build/Objects-normal/arm64/OrganizationSettingsView.o -o /Users/jacksonsweet/Library/Developer/Xcode/DerivedData/OPS-czavgtmnvamasvcjgszzuulfcsxj/Build/Intermediates.noindex/OPS.build/Debug-iphonesimulator/OPS.build/Objects-normal/arm64/ProfileSettingsView.o -o /Users/jacksonsweet/Library/Developer/Xcode/DerivedData/OPS-czavgtmnvamasvcjgszzuulfcsxj/Build/Intermediates.noindex/OPS.build/Debug-iphonesimulator/OPS.build/Objects-normal/arm64/ProjectHistorySettingsView.o -index-unit-output-path /OPS.build/Debug-iphonesimulator/OPS.build/Objects-normal/arm64/ProjectCard.o -index-unit-output-path /OPS.build/Debug-iphonesimulator/OPS.build/Objects-normal/arm64/ProjectCarousel.o -index-unit-output-path /OPS.build/Debug-iphonesimulator/OPS.build/Objects-normal/arm64/ProjectDetailsView.o -index-unit-output-path /OPS.build/Debug-iphonesimulator/OPS.build/Objects-normal/arm64/ProjectHeader.o -index-unit-output-path /OPS.build/Debug-iphonesimulator/OPS.build/Objects-normal/arm64/ProjectSheetContainer.o -index-unit-output-path /OPS.build/Debug-iphonesimulator/OPS.build/Objects-normal/arm64/TeamMemberListView.o -index-unit-output-path /OPS.build/Debug-iphonesimulator/OPS.build/Objects-normal/arm64/UserProfileCard.o -index-unit-output-path /OPS.build/Debug-iphonesimulator/OPS.build/Objects-normal/arm64/HomeContentView.o -index-unit-output-path /OPS.build/Debug-iphonesimulator/OPS.build/Objects-normal/arm64/HomeView.o -index-unit-output-path /OPS.build/Debug-iphonesimulator/OPS.build/Objects-normal/arm64/OrganizationSettingsView.o -index-unit-output-path /OPS.build/Debug-iphonesimulator/OPS.build/Objects-normal/arm64/ProfileSettingsView.o -index-unit-output-path /OPS.build/Debug-iphonesimulator/OPS.build/Objects-normal/arm64/ProjectHistorySettingsView.o -index-store-path /Users/jacksonsweet/Library/Developer/Xcode/DerivedData/OPS-czavgtmnvamasvcjgszzuulfcsxj/Index.noindex/DataStore -index-system-modules

SwiftCompile normal arm64 /Users/jacksonsweet/Desktop/OPS\ APP/OPS/OPS/Views/Home/HomeContentView.swift (in target 'OPS' from project 'OPS')
    cd /Users/jacksonsweet/Desktop/OPS\ APP/OPS
    /Applications/Xcode.app/Contents/Developer/Toolchains/XcodeDefault.xctoolchain/usr/bin/swift-frontend -c /Users/jacksonsweet/Desktop/OPS\ APP/OPS/OPS/DataModels/BubbleImage.swift /Users/jacksonsweet/Desktop/OPS\ APP/OPS/OPS/DataModels/BubbleTypes.swift /Users/jacksonsweet/Desktop/OPS\ APP/OPS/OPS/DataModels/Company.swift /Users/jacksonsweet/Desktop/OPS\ APP/OPS/OPS/DataModels/Project.swift /Users/jacksonsweet/Desktop/OPS\ APP/OPS/OPS/DataModels/Status.swift /Users/jacksonsweet/Desktop/OPS\ APP/OPS/OPS/DataModels/User.swift /Users/jacksonsweet/Desktop/OPS\ APP/OPS/OPS/DataModels/UserRole.swift /Users/jacksonsweet/Desktop/OPS\ APP/OPS/OPS/Extensions/UIImage+Extensions.swift /Users/jacksonsweet/Desktop/OPS\ APP/OPS/OPS/Network/API/APIError.swift /Users/jacksonsweet/Desktop/OPS\ APP/OPS/OPS/Network/API/APIService.swift /Users/jacksonsweet/Desktop/OPS\ APP/OPS/OPS/Network/API/BubbleFields.swift /Users/jacksonsweet/Desktop/OPS\ APP/OPS/OPS/Network/Auth/AuthError.swift /Users/jacksonsweet/Desktop/OPS\ APP/OPS/OPS/Network/Auth/AuthManager.swift /Users/jacksonsweet/Desktop/OPS\ APP/OPS/OPS/Network/Auth/KeychainManager.swift /Users/jacksonsweet/Desktop/OPS\ APP/OPS/OPS/Network/DTOs/CompanyDTO.swift /Users/jacksonsweet/Desktop/OPS\ APP/OPS/OPS/Network/DTOs/ProjectDTO.swift /Users/jacksonsweet/Desktop/OPS\ APP/OPS/OPS/Network/DTOs/UserDTO.swift /Users/jacksonsweet/Desktop/OPS\ APP/OPS/OPS/Network/Endpoints/CompanyEndpoints.swift /Users/jacksonsweet/Desktop/OPS\ APP/OPS/OPS/Network/Endpoints/ProjectEndpoints.swift /Users/jacksonsweet/Desktop/OPS\ APP/OPS/OPS/Network/Endpoints/UserEndpoints.swift /Users/jacksonsweet/Desktop/OPS\ APP/OPS/OPS/Network/Sync/BackgroundTaskManager.swift /Users/jacksonsweet/Desktop/OPS\ APP/OPS/OPS/Network/Sync/SyncManager.swift /Users/jacksonsweet/Desktop/OPS\ APP/OPS/OPS/Network/ConnectivityMonitor.swift /Users/jacksonsweet/Desktop/OPS\ APP/OPS/OPS/Network/ImageSyncManager.swift /Users/jacksonsweet/Desktop/OPS\ APP/OPS/OPS/Onboarding/Coordinators/OnboardingCoordinator.swift /Users/jacksonsweet/Desktop/OPS\ APP/OPS/OPS/Onboarding/Models/OnboardingModels.swift /Users/jacksonsweet/Desktop/OPS\ APP/OPS/OPS/Onboarding/Services/OnboardingService.swift /Users/jacksonsweet/Desktop/OPS\ APP/OPS/OPS/Onboarding/ViewModels/OnboardingViewModel.swift /Users/jacksonsweet/Desktop/OPS\ APP/OPS/OPS/Onboarding/Views/Components/OnboardingComponents.swift /Users/jacksonsweet/Desktop/OPS\ APP/OPS/OPS/Onboarding/Views/Screens/AccountCreatedView.swift /Users/jacksonsweet/Desktop/OPS\ APP/OPS/OPS/Onboarding/Views/Screens/CompanyCodeView.swift /Users/jacksonsweet/Desktop/OPS\ APP/OPS/OPS/Onboarding/Views/Screens/CompanyCodeViewPreview.swift /Users/jacksonsweet/Desktop/OPS\ APP/OPS/OPS/Onboarding/Views/Screens/CompletionView.swift /Users/jacksonsweet/Desktop/OPS\ APP/OPS/OPS/Onboarding/Views/Screens/CompletionViewPreview.swift /Users/jacksonsweet/Desktop/OPS\ APP/OPS/OPS/Onboarding/Views/Screens/EmailView.swift /Users/jacksonsweet/Desktop/OPS\ APP/OPS/OPS/Onboarding/Views/Screens/FieldSetupView.swift /Users/jacksonsweet/Desktop/OPS\ APP/OPS/OPS/Onboarding/Views/Screens/NotificationsView.swift /Users/jacksonsweet/Desktop/OPS\ APP/OPS/OPS/Onboarding/Views/Screens/NotificationsViewPreview.swift /Users/jacksonsweet/Desktop/OPS\ APP/OPS/OPS/Onboarding/Views/Screens/OrganizationJoinView.swift /Users/jacksonsweet/Desktop/OPS\ APP/OPS/OPS/Onboarding/Views/Screens/PasswordView.swift /Users/jacksonsweet/Desktop/OPS\ APP/OPS/OPS/Onboarding/Views/Screens/PasswordViewPreview.swift /Users/jacksonsweet/Desktop/OPS\ APP/OPS/OPS/Onboarding/Views/Screens/PermissionsView.swift /Users/jacksonsweet/Desktop/OPS\ APP/OPS/OPS/Onboarding/Views/Screens/PermissionsViewPreview.swift /Users/jacksonsweet/Desktop/OPS\ APP/OPS/OPS/Onboarding/Views/Screens/PhoneNumberView.swift /Users/jacksonsweet/Desktop/OPS\ APP/OPS/OPS/Onboarding/Views/Screens/PhoneNumberViewPreview.swift /Users/jacksonsweet/Desktop/OPS\ APP/OPS/OPS/Onboarding/Views/Screens/UserInfoView.swift /Users/jacksonsweet/Desktop/OPS\ APP/OPS/OPS/Onboarding/Views/Screens/UserInfoViewPreview.swift /Users/jacksonsweet/Desktop/OPS\ APP/OPS/OPS/Onboarding/Views/Screens/VerifyPhoneView.swift /Users/jacksonsweet/Desktop/OPS\ APP/OPS/OPS/Onboarding/Views/Screens/WelcomeCompanyView.swift /Users/jacksonsweet/Desktop/OPS\ APP/OPS/OPS/Onboarding/Views/Screens/WelcomeCompanyViewPreview.swift /Users/jacksonsweet/Desktop/OPS\ APP/OPS/OPS/Onboarding/Views/Screens/WelcomeView.swift /Users/jacksonsweet/Desktop/OPS\ APP/OPS/OPS/Onboarding/Views/Screens/WelcomeViewPreview.swift /Users/jacksonsweet/Desktop/OPS\ APP/OPS/OPS/Onboarding/Views/OnboardingContainerView.swift /Users/jacksonsweet/Desktop/OPS\ APP/OPS/OPS/Onboarding/Views/OnboardingFlowPreview.swift /Users/jacksonsweet/Desktop/OPS\ APP/OPS/OPS/Onboarding/Views/OnboardingPresenter.swift /Users/jacksonsweet/Desktop/OPS\ APP/OPS/OPS/Onboarding/Views/OnboardingPreviewHelpers.swift /Users/jacksonsweet/Desktop/OPS\ APP/OPS/OPS/Styles/OPSStyle.swift /Users/jacksonsweet/Desktop/OPS\ APP/OPS/OPS/Utilities/AppConfiguration.swift /Users/jacksonsweet/Desktop/OPS\ APP/OPS/OPS/Utilities/ArrayTransformer.swift /Users/jacksonsweet/Desktop/OPS\ APP/OPS/OPS/Utilities/DataController.swift /Users/jacksonsweet/Desktop/OPS\ APP/OPS/OPS/Utilities/Dateformatter\ +Bubble.swift /Users/jacksonsweet/Desktop/OPS\ APP/OPS/OPS/Utilities/DateHelper.swift /Users/jacksonsweet/Desktop/OPS\ APP/OPS/OPS/Utilities/FieldErrorHandler.swift /Users/jacksonsweet/Desktop/OPS\ APP/OPS/OPS/Utilities/ImageCache.swift /Users/jacksonsweet/Desktop/OPS\ APP/OPS/OPS/Utilities/ImageFileManager.swift /Users/jacksonsweet/Desktop/OPS\ APP/OPS/OPS/Utilities/InProgressManager.swift /Users/jacksonsweet/Desktop/OPS\ APP/OPS/OPS/Utilities/KeyboardDismissalModifier.swift /Users/jacksonsweet/Desktop/OPS\ APP/OPS/OPS/Utilities/LocationManager.swift /Users/jacksonsweet/Desktop/OPS\ APP/OPS/OPS/Utilities/OnboardingEnvironmentKey.swift /Users/jacksonsweet/Desktop/OPS\ APP/OPS/OPS/Utilities/SwiftDataHelper.swift /Users/jacksonsweet/Desktop/OPS\ APP/OPS/OPS/Utilities/UIComponents.swift /Users/jacksonsweet/Desktop/OPS\ APP/OPS/OPS/V2/CertificationsSettingsView.swift /Users/jacksonsweet/Desktop/OPS\ APP/OPS/OPS/ViewModels/CalendarViewModel.swift /Users/jacksonsweet/Desktop/OPS\ APP/OPS/OPS/ViewModels/ProjectsViewModel.swift /Users/jacksonsweet/Desktop/OPS\ APP/OPS/OPS/Views/Calendar\ Tab/Components/CalendarDaySelector.swift /Users/jacksonsweet/Desktop/OPS\ APP/OPS/OPS/Views/Calendar\ Tab/Components/CalendarHeaderView.swift /Users/jacksonsweet/Desktop/OPS\ APP/OPS/OPS/Views/Calendar\ Tab/Components/CalendarProjectCard.swift /Users/jacksonsweet/Desktop/OPS\ APP/OPS/OPS/Views/Calendar\ Tab/Components/CalendarToggleView.swift /Users/jacksonsweet/Desktop/OPS\ APP/OPS/OPS/Views/Calendar\ Tab/Components/DatePickerPopover.swift /Users/jacksonsweet/Desktop/OPS\ APP/OPS/OPS/Views/Calendar\ Tab/Components/DayCell.swift /Users/jacksonsweet/Desktop/OPS\ APP/OPS/OPS/Views/Calendar\ Tab/ProjectViews/DayProjectSheet.swift /Users/jacksonsweet/Desktop/OPS\ APP/OPS/OPS/Views/Calendar\ Tab/ProjectViews/ProjectListView.swift /Users/jacksonsweet/Desktop/OPS\ APP/OPS/OPS/Views/Calendar\ Tab/MonthGridView.swift /Users/jacksonsweet/Desktop/OPS\ APP/OPS/OPS/Views/Components/Common/AppHeader.swift /Users/jacksonsweet/Desktop/OPS\ APP/OPS/OPS/Views/Components/Common/ExpandableNotesView.swift /Users/jacksonsweet/Desktop/OPS\ APP/OPS/OPS/Views/Components/Common/LocationPermissionView.swift /Users/jacksonsweet/Desktop/OPS\ APP/OPS/OPS/Views/Components/Common/NavigationBanner.swift /Users/jacksonsweet/Desktop/OPS\ APP/OPS/OPS/Views/Components/Common/NavigationControlsView.swift /Users/jacksonsweet/Desktop/OPS\ APP/OPS/OPS/Views/Components/Common/TabBarBackground.swift /Users/jacksonsweet/Desktop/OPS\ APP/OPS/OPS/Views/Components/Images/ImagePicker.swift /Users/jacksonsweet/Desktop/OPS\ APP/OPS/OPS/Views/Components/Images/ImagePickerView.swift /Users/jacksonsweet/Desktop/OPS\ APP/OPS/OPS/Views/Components/Images/ProjectImagesSection.swift /Users/jacksonsweet/Desktop/OPS\ APP/OPS/OPS/Views/Components/Images/ProjectImagesSimple.swift /Users/jacksonsweet/Desktop/OPS\ APP/OPS/OPS/Views/Components/Images/ProjectImageView.swift /Users/jacksonsweet/Desktop/OPS\ APP/OPS/OPS/Views/Components/Images/ProjectPhotosGrid.swift /Users/jacksonsweet/Desktop/OPS\ APP/OPS/OPS/Views/Components/Map/MiniMapView.swift /Users/jacksonsweet/Desktop/OPS\ APP/OPS/OPS/Views/Components/Map/ProjectMapAnnotation.swift /Users/jacksonsweet/Desktop/OPS\ APP/OPS/OPS/Views/Components/Map/ProjectMapView.swift /Users/jacksonsweet/Desktop/OPS\ APP/OPS/OPS/Views/Components/Map/ProjectMarkerPopup.swift /Users/jacksonsweet/Desktop/OPS\ APP/OPS/OPS/Views/Components/Map/RouteDirectionsView.swift /Users/jacksonsweet/Desktop/OPS\ APP/OPS/OPS/Views/Components/Project/ProjectActionBar.swift -primary-file /Users/jacksonsweet/Desktop/OPS\ APP/OPS/OPS/Views/Components/Project/ProjectCard.swift -primary-file /Users/jacksonsweet/Desktop/OPS\ APP/OPS/OPS/Views/Components/Project/ProjectCarousel.swift -primary-file /Users/jacksonsweet/Desktop/OPS\ APP/OPS/OPS/Views/Components/Project/ProjectDetailsView.swift -primary-file /Users/jacksonsweet/Desktop/OPS\ APP/OPS/OPS/Views/Components/Project/ProjectHeader.swift -primary-file /Users/jacksonsweet/Desktop/OPS\ APP/OPS/OPS/Views/Components/Project/ProjectSheetContainer.swift -primary-file /Users/jacksonsweet/Desktop/OPS\ APP/OPS/OPS/Views/Components/User/TeamMemberListView.swift -primary-file /Users/jacksonsweet/Desktop/OPS\ APP/OPS/OPS/Views/Components/User/UserProfileCard.swift -primary-file /Users/jacksonsweet/Desktop/OPS\ APP/OPS/OPS/Views/Home/HomeContentView.swift -primary-file /Users/jacksonsweet/Desktop/OPS\ APP/OPS/OPS/Views/Home/HomeView.swift -primary-file /Users/jacksonsweet/Desktop/OPS\ APP/OPS/OPS/Views/Settings/OrganizationSettingsView.swift -primary-file /Users/jacksonsweet/Desktop/OPS\ APP/OPS/OPS/Views/Settings/ProfileSettingsView.swift -primary-file /Users/jacksonsweet/Desktop/OPS\ APP/OPS/OPS/Views/Settings/ProjectHistorySettingsView.swift /Users/jacksonsweet/Desktop/OPS\ APP/OPS/OPS/Views/LoginView.swift /Users/jacksonsweet/Desktop/OPS\ APP/OPS/OPS/Views/LoginViewPreview.swift /Users/jacksonsweet/Desktop/OPS\ APP/OPS/OPS/Views/MainTabView.swift /Users/jacksonsweet/Desktop/OPS\ APP/OPS/OPS/Views/NetworkStatusIndicator.swift /Users/jacksonsweet/Desktop/OPS\ APP/OPS/OPS/Views/ScheduleView.swift /Users/jacksonsweet/Desktop/OPS\ APP/OPS/OPS/Views/SettingsView.swift /Users/jacksonsweet/Desktop/OPS\ APP/OPS/OPS/Views/SplashScreen.swift /Users/jacksonsweet/Desktop/OPS\ APP/OPS/OPS/AppState.swift /Users/jacksonsweet/Desktop/OPS\ APP/OPS/OPS/ContentView.swift /Users/jacksonsweet/Desktop/OPS\ APP/OPS/OPS/Item.swift /Users/jacksonsweet/Desktop/OPS\ APP/OPS/OPS/OPSApp.swift /Users/jacksonsweet/Library/Developer/Xcode/DerivedData/OPS-czavgtmnvamasvcjgszzuulfcsxj/Build/Intermediates.noindex/OPS.build/Debug-iphonesimulator/OPS.build/DerivedSources/GeneratedAssetSymbols.swift -supplementary-output-file-map /Users/jacksonsweet/Library/Developer/Xcode/DerivedData/OPS-czavgtmnvamasvcjgszzuulfcsxj/Build/Intermediates.noindex/OPS.build/Debug-iphonesimulator/OPS.build/Objects-normal/arm64/supplementaryOutputs-9 -emit-localized-strings -emit-localized-strings-path /Users/jacksonsweet/Library/Developer/Xcode/DerivedData/OPS-czavgtmnvamasvcjgszzuulfcsxj/Build/Intermediates.noindex/OPS.build/Debug-iphonesimulator/OPS.build/Objects-normal/arm64 -target arm64-apple-ios18.2-simulator -Xllvm -aarch64-use-tbi -enable-objc-interop -sdk /Applications/Xcode.app/Contents/Developer/Platforms/iPhoneSimulator.platform/Developer/SDKs/iPhoneSimulator18.2.sdk -I /Users/jacksonsweet/Library/Developer/Xcode/DerivedData/OPS-czavgtmnvamasvcjgszzuulfcsxj/Build/Products/Debug-iphonesimulator -F /Users/jacksonsweet/Library/Developer/Xcode/DerivedData/OPS-czavgtmnvamasvcjgszzuulfcsxj/Build/Products/Debug-iphonesimulator -no-color-diagnostics -enable-testing -g -debug-info-format\=dwarf -dwarf-version\=5 -module-cache-path /Users/jacksonsweet/Library/Developer/Xcode/DerivedData/ModuleCache.noindex -profile-generate -profile-coverage-mapping -swift-version 5 -enforce-exclusivity\=checked -Onone -D DEBUG -serialize-debugging-options -const-gather-protocols-file /Users/jacksonsweet/Library/Developer/Xcode/DerivedData/OPS-czavgtmnvamasvcjgszzuulfcsxj/Build/Intermediates.noindex/OPS.build/Debug-iphonesimulator/OPS.build/Objects-normal/arm64/OPS_const_extract_protocols.json -enable-experimental-feature DebugDescriptionMacro -enable-experimental-feature OpaqueTypeErasure -enable-bare-slash-regex -empty-abi-descriptor -validate-clang-modules-once -clang-build-session-file /Users/jacksonsweet/Library/Developer/Xcode/DerivedData/ModuleCache.noindex/Session.modulevalidation -Xcc -working-directory -Xcc /Users/jacksonsweet/Desktop/OPS\ APP/OPS -resource-dir /Applications/Xcode.app/Contents/Developer/Toolchains/XcodeDefault.xctoolchain/usr/lib/swift -enable-anonymous-context-mangled-names -file-compilation-dir /Users/jacksonsweet/Desktop/OPS\ APP/OPS -Xcc -D_LIBCPP_HARDENING_MODE\=_LIBCPP_HARDENING_MODE_DEBUG -Xcc -ivfsstatcache -Xcc /Users/jacksonsweet/Library/Developer/Xcode/DerivedData/SDKStatCaches.noindex/iphonesimulator18.2-22C146-07b28473f605e47e75261259d3ef3b5a.sdkstatcache -Xcc -I/Users/jacksonsweet/Library/Developer/Xcode/DerivedData/OPS-czavgtmnvamasvcjgszzuulfcsxj/Build/Intermediates.noindex/OPS.build/Debug-iphonesimulator/OPS.build/swift-overrides.hmap -Xcc -iquote -Xcc /Users/jacksonsweet/Library/Developer/Xcode/DerivedData/OPS-czavgtmnvamasvcjgszzuulfcsxj/Build/Intermediates.noindex/OPS.build/Debug-iphonesimulator/OPS.build/OPS-generated-files.hmap -Xcc -I/Users/jacksonsweet/Library/Developer/Xcode/DerivedData/OPS-czavgtmnvamasvcjgszzuulfcsxj/Build/Intermediates.noindex/OPS.build/Debug-iphonesimulator/OPS.build/OPS-own-target-headers.hmap -Xcc -I/Users/jacksonsweet/Library/Developer/Xcode/DerivedData/OPS-czavgtmnvamasvcjgszzuulfcsxj/Build/Intermediates.noindex/OPS.build/Debug-iphonesimulator/OPS.build/OPS-all-target-headers.hmap -Xcc -iquote -Xcc /Users/jacksonsweet/Library/Developer/Xcode/DerivedData/OPS-czavgtmnvamasvcjgszzuulfcsxj/Build/Intermediates.noindex/OPS.build/Debug-iphonesimulator/OPS.build/OPS-project-headers.hmap -Xcc -I/Users/jacksonsweet/Library/Developer/Xcode/DerivedData/OPS-czavgtmnvamasvcjgszzuulfcsxj/Build/Products/Debug-iphonesimulator/include -Xcc -I/Users/jacksonsweet/Library/Developer/Xcode/DerivedData/OPS-czavgtmnvamasvcjgszzuulfcsxj/Build/Intermediates.noindex/OPS.build/Debug-iphonesimulator/OPS.build/DerivedSources-normal/arm64 -Xcc -I/Users/jacksonsweet/Library/Developer/Xcode/DerivedData/OPS-czavgtmnvamasvcjgszzuulfcsxj/Build/Intermediates.noindex/OPS.build/Debug-iphonesimulator/OPS.build/DerivedSources/arm64 -Xcc -I/Users/jacksonsweet/Library/Developer/Xcode/DerivedData/OPS-czavgtmnvamasvcjgszzuulfcsxj/Build/Intermediates.noindex/OPS.build/Debug-iphonesimulator/OPS.build/DerivedSources -Xcc -DDEBUG\=1 -module-name OPS -frontend-parseable-output -disable-clang-spi -target-sdk-version 18.2 -target-sdk-name iphonesimulator18.2 -external-plugin-path /Applications/Xcode.app/Contents/Developer/Platforms/iPhoneOS.platform/Developer/usr/lib/swift/host/plugins\#/Applications/Xcode.app/Contents/Developer/Platforms/iPhoneOS.platform/Developer/usr/bin/swift-plugin-server -external-plugin-path /Applications/Xcode.app/Contents/Developer/Platforms/iPhoneOS.platform/Developer/usr/local/lib/swift/host/plugins\#/Applications/Xcode.app/Contents/Developer/Platforms/iPhoneOS.platform/Developer/usr/bin/swift-plugin-server -plugin-path /Applications/Xcode.app/Contents/Developer/Toolchains/XcodeDefault.xctoolchain/usr/lib/swift/host/plugins -plugin-path /Applications/Xcode.app/Contents/Developer/Toolchains/XcodeDefault.xctoolchain/usr/local/lib/swift/host/plugins -o /Users/jacksonsweet/Library/Developer/Xcode/DerivedData/OPS-czavgtmnvamasvcjgszzuulfcsxj/Build/Intermediates.noindex/OPS.build/Debug-iphonesimulator/OPS.build/Objects-normal/arm64/ProjectCard.o -o /Users/jacksonsweet/Library/Developer/Xcode/DerivedData/OPS-czavgtmnvamasvcjgszzuulfcsxj/Build/Intermediates.noindex/OPS.build/Debug-iphonesimulator/OPS.build/Objects-normal/arm64/ProjectCarousel.o -o /Users/jacksonsweet/Library/Developer/Xcode/DerivedData/OPS-czavgtmnvamasvcjgszzuulfcsxj/Build/Intermediates.noindex/OPS.build/Debug-iphonesimulator/OPS.build/Objects-normal/arm64/ProjectDetailsView.o -o /Users/jacksonsweet/Library/Developer/Xcode/DerivedData/OPS-czavgtmnvamasvcjgszzuulfcsxj/Build/Intermediates.noindex/OPS.build/Debug-iphonesimulator/OPS.build/Objects-normal/arm64/ProjectHeader.o -o /Users/jacksonsweet/Library/Developer/Xcode/DerivedData/OPS-czavgtmnvamasvcjgszzuulfcsxj/Build/Intermediates.noindex/OPS.build/Debug-iphonesimulator/OPS.build/Objects-normal/arm64/ProjectSheetContainer.o -o /Users/jacksonsweet/Library/Developer/Xcode/DerivedData/OPS-czavgtmnvamasvcjgszzuulfcsxj/Build/Intermediates.noindex/OPS.build/Debug-iphonesimulator/OPS.build/Objects-normal/arm64/TeamMemberListView.o -o /Users/jacksonsweet/Library/Developer/Xcode/DerivedData/OPS-czavgtmnvamasvcjgszzuulfcsxj/Build/Intermediates.noindex/OPS.build/Debug-iphonesimulator/OPS.build/Objects-normal/arm64/UserProfileCard.o -o /Users/jacksonsweet/Library/Developer/Xcode/DerivedData/OPS-czavgtmnvamasvcjgszzuulfcsxj/Build/Intermediates.noindex/OPS.build/Debug-iphonesimulator/OPS.build/Objects-normal/arm64/HomeContentView.o -o /Users/jacksonsweet/Library/Developer/Xcode/DerivedData/OPS-czavgtmnvamasvcjgszzuulfcsxj/Build/Intermediates.noindex/OPS.build/Debug-iphonesimulator/OPS.build/Objects-normal/arm64/HomeView.o -o /Users/jacksonsweet/Library/Developer/Xcode/DerivedData/OPS-czavgtmnvamasvcjgszzuulfcsxj/Build/Intermediates.noindex/OPS.build/Debug-iphonesimulator/OPS.build/Objects-normal/arm64/OrganizationSettingsView.o -o /Users/jacksonsweet/Library/Developer/Xcode/DerivedData/OPS-czavgtmnvamasvcjgszzuulfcsxj/Build/Intermediates.noindex/OPS.build/Debug-iphonesimulator/OPS.build/Objects-normal/arm64/ProfileSettingsView.o -o /Users/jacksonsweet/Library/Developer/Xcode/DerivedData/OPS-czavgtmnvamasvcjgszzuulfcsxj/Build/Intermediates.noindex/OPS.build/Debug-iphonesimulator/OPS.build/Objects-normal/arm64/ProjectHistorySettingsView.o -index-unit-output-path /OPS.build/Debug-iphonesimulator/OPS.build/Objects-normal/arm64/ProjectCard.o -index-unit-output-path /OPS.build/Debug-iphonesimulator/OPS.build/Objects-normal/arm64/ProjectCarousel.o -index-unit-output-path /OPS.build/Debug-iphonesimulator/OPS.build/Objects-normal/arm64/ProjectDetailsView.o -index-unit-output-path /OPS.build/Debug-iphonesimulator/OPS.build/Objects-normal/arm64/ProjectHeader.o -index-unit-output-path /OPS.build/Debug-iphonesimulator/OPS.build/Objects-normal/arm64/ProjectSheetContainer.o -index-unit-output-path /OPS.build/Debug-iphonesimulator/OPS.build/Objects-normal/arm64/TeamMemberListView.o -index-unit-output-path /OPS.build/Debug-iphonesimulator/OPS.build/Objects-normal/arm64/UserProfileCard.o -index-unit-output-path /OPS.build/Debug-iphonesimulator/OPS.build/Objects-normal/arm64/HomeContentView.o -index-unit-output-path /OPS.build/Debug-iphonesimulator/OPS.build/Objects-normal/arm64/HomeView.o -index-unit-output-path /OPS.build/Debug-iphonesimulator/OPS.build/Objects-normal/arm64/OrganizationSettingsView.o -index-unit-output-path /OPS.build/Debug-iphonesimulator/OPS.build/Objects-normal/arm64/ProfileSettingsView.o -index-unit-output-path /OPS.build/Debug-iphonesimulator/OPS.build/Objects-normal/arm64/ProjectHistorySettingsView.o -index-store-path /Users/jacksonsweet/Library/Developer/Xcode/DerivedData/OPS-czavgtmnvamasvcjgszzuulfcsxj/Index.noindex/DataStore -index-system-modules

SwiftCompile normal arm64 /Users/jacksonsweet/Desktop/OPS\ APP/OPS/OPS/Views/Home/HomeView.swift (in target 'OPS' from project 'OPS')
    cd /Users/jacksonsweet/Desktop/OPS\ APP/OPS
    /Applications/Xcode.app/Contents/Developer/Toolchains/XcodeDefault.xctoolchain/usr/bin/swift-frontend -c /Users/jacksonsweet/Desktop/OPS\ APP/OPS/OPS/DataModels/BubbleImage.swift /Users/jacksonsweet/Desktop/OPS\ APP/OPS/OPS/DataModels/BubbleTypes.swift /Users/jacksonsweet/Desktop/OPS\ APP/OPS/OPS/DataModels/Company.swift /Users/jacksonsweet/Desktop/OPS\ APP/OPS/OPS/DataModels/Project.swift /Users/jacksonsweet/Desktop/OPS\ APP/OPS/OPS/DataModels/Status.swift /Users/jacksonsweet/Desktop/OPS\ APP/OPS/OPS/DataModels/User.swift /Users/jacksonsweet/Desktop/OPS\ APP/OPS/OPS/DataModels/UserRole.swift /Users/jacksonsweet/Desktop/OPS\ APP/OPS/OPS/Extensions/UIImage+Extensions.swift /Users/jacksonsweet/Desktop/OPS\ APP/OPS/OPS/Network/API/APIError.swift /Users/jacksonsweet/Desktop/OPS\ APP/OPS/OPS/Network/API/APIService.swift /Users/jacksonsweet/Desktop/OPS\ APP/OPS/OPS/Network/API/BubbleFields.swift /Users/jacksonsweet/Desktop/OPS\ APP/OPS/OPS/Network/Auth/AuthError.swift /Users/jacksonsweet/Desktop/OPS\ APP/OPS/OPS/Network/Auth/AuthManager.swift /Users/jacksonsweet/Desktop/OPS\ APP/OPS/OPS/Network/Auth/KeychainManager.swift /Users/jacksonsweet/Desktop/OPS\ APP/OPS/OPS/Network/DTOs/CompanyDTO.swift /Users/jacksonsweet/Desktop/OPS\ APP/OPS/OPS/Network/DTOs/ProjectDTO.swift /Users/jacksonsweet/Desktop/OPS\ APP/OPS/OPS/Network/DTOs/UserDTO.swift /Users/jacksonsweet/Desktop/OPS\ APP/OPS/OPS/Network/Endpoints/CompanyEndpoints.swift /Users/jacksonsweet/Desktop/OPS\ APP/OPS/OPS/Network/Endpoints/ProjectEndpoints.swift /Users/jacksonsweet/Desktop/OPS\ APP/OPS/OPS/Network/Endpoints/UserEndpoints.swift /Users/jacksonsweet/Desktop/OPS\ APP/OPS/OPS/Network/Sync/BackgroundTaskManager.swift /Users/jacksonsweet/Desktop/OPS\ APP/OPS/OPS/Network/Sync/SyncManager.swift /Users/jacksonsweet/Desktop/OPS\ APP/OPS/OPS/Network/ConnectivityMonitor.swift /Users/jacksonsweet/Desktop/OPS\ APP/OPS/OPS/Network/ImageSyncManager.swift /Users/jacksonsweet/Desktop/OPS\ APP/OPS/OPS/Onboarding/Coordinators/OnboardingCoordinator.swift /Users/jacksonsweet/Desktop/OPS\ APP/OPS/OPS/Onboarding/Models/OnboardingModels.swift /Users/jacksonsweet/Desktop/OPS\ APP/OPS/OPS/Onboarding/Services/OnboardingService.swift /Users/jacksonsweet/Desktop/OPS\ APP/OPS/OPS/Onboarding/ViewModels/OnboardingViewModel.swift /Users/jacksonsweet/Desktop/OPS\ APP/OPS/OPS/Onboarding/Views/Components/OnboardingComponents.swift /Users/jacksonsweet/Desktop/OPS\ APP/OPS/OPS/Onboarding/Views/Screens/AccountCreatedView.swift /Users/jacksonsweet/Desktop/OPS\ APP/OPS/OPS/Onboarding/Views/Screens/CompanyCodeView.swift /Users/jacksonsweet/Desktop/OPS\ APP/OPS/OPS/Onboarding/Views/Screens/CompanyCodeViewPreview.swift /Users/jacksonsweet/Desktop/OPS\ APP/OPS/OPS/Onboarding/Views/Screens/CompletionView.swift /Users/jacksonsweet/Desktop/OPS\ APP/OPS/OPS/Onboarding/Views/Screens/CompletionViewPreview.swift /Users/jacksonsweet/Desktop/OPS\ APP/OPS/OPS/Onboarding/Views/Screens/EmailView.swift /Users/jacksonsweet/Desktop/OPS\ APP/OPS/OPS/Onboarding/Views/Screens/FieldSetupView.swift /Users/jacksonsweet/Desktop/OPS\ APP/OPS/OPS/Onboarding/Views/Screens/NotificationsView.swift /Users/jacksonsweet/Desktop/OPS\ APP/OPS/OPS/Onboarding/Views/Screens/NotificationsViewPreview.swift /Users/jacksonsweet/Desktop/OPS\ APP/OPS/OPS/Onboarding/Views/Screens/OrganizationJoinView.swift /Users/jacksonsweet/Desktop/OPS\ APP/OPS/OPS/Onboarding/Views/Screens/PasswordView.swift /Users/jacksonsweet/Desktop/OPS\ APP/OPS/OPS/Onboarding/Views/Screens/PasswordViewPreview.swift /Users/jacksonsweet/Desktop/OPS\ APP/OPS/OPS/Onboarding/Views/Screens/PermissionsView.swift /Users/jacksonsweet/Desktop/OPS\ APP/OPS/OPS/Onboarding/Views/Screens/PermissionsViewPreview.swift /Users/jacksonsweet/Desktop/OPS\ APP/OPS/OPS/Onboarding/Views/Screens/PhoneNumberView.swift /Users/jacksonsweet/Desktop/OPS\ APP/OPS/OPS/Onboarding/Views/Screens/PhoneNumberViewPreview.swift /Users/jacksonsweet/Desktop/OPS\ APP/OPS/OPS/Onboarding/Views/Screens/UserInfoView.swift /Users/jacksonsweet/Desktop/OPS\ APP/OPS/OPS/Onboarding/Views/Screens/UserInfoViewPreview.swift /Users/jacksonsweet/Desktop/OPS\ APP/OPS/OPS/Onboarding/Views/Screens/VerifyPhoneView.swift /Users/jacksonsweet/Desktop/OPS\ APP/OPS/OPS/Onboarding/Views/Screens/WelcomeCompanyView.swift /Users/jacksonsweet/Desktop/OPS\ APP/OPS/OPS/Onboarding/Views/Screens/WelcomeCompanyViewPreview.swift /Users/jacksonsweet/Desktop/OPS\ APP/OPS/OPS/Onboarding/Views/Screens/WelcomeView.swift /Users/jacksonsweet/Desktop/OPS\ APP/OPS/OPS/Onboarding/Views/Screens/WelcomeViewPreview.swift /Users/jacksonsweet/Desktop/OPS\ APP/OPS/OPS/Onboarding/Views/OnboardingContainerView.swift /Users/jacksonsweet/Desktop/OPS\ APP/OPS/OPS/Onboarding/Views/OnboardingFlowPreview.swift /Users/jacksonsweet/Desktop/OPS\ APP/OPS/OPS/Onboarding/Views/OnboardingPresenter.swift /Users/jacksonsweet/Desktop/OPS\ APP/OPS/OPS/Onboarding/Views/OnboardingPreviewHelpers.swift /Users/jacksonsweet/Desktop/OPS\ APP/OPS/OPS/Styles/OPSStyle.swift /Users/jacksonsweet/Desktop/OPS\ APP/OPS/OPS/Utilities/AppConfiguration.swift /Users/jacksonsweet/Desktop/OPS\ APP/OPS/OPS/Utilities/ArrayTransformer.swift /Users/jacksonsweet/Desktop/OPS\ APP/OPS/OPS/Utilities/DataController.swift /Users/jacksonsweet/Desktop/OPS\ APP/OPS/OPS/Utilities/Dateformatter\ +Bubble.swift /Users/jacksonsweet/Desktop/OPS\ APP/OPS/OPS/Utilities/DateHelper.swift /Users/jacksonsweet/Desktop/OPS\ APP/OPS/OPS/Utilities/FieldErrorHandler.swift /Users/jacksonsweet/Desktop/OPS\ APP/OPS/OPS/Utilities/ImageCache.swift /Users/jacksonsweet/Desktop/OPS\ APP/OPS/OPS/Utilities/ImageFileManager.swift /Users/jacksonsweet/Desktop/OPS\ APP/OPS/OPS/Utilities/InProgressManager.swift /Users/jacksonsweet/Desktop/OPS\ APP/OPS/OPS/Utilities/KeyboardDismissalModifier.swift /Users/jacksonsweet/Desktop/OPS\ APP/OPS/OPS/Utilities/LocationManager.swift /Users/jacksonsweet/Desktop/OPS\ APP/OPS/OPS/Utilities/OnboardingEnvironmentKey.swift /Users/jacksonsweet/Desktop/OPS\ APP/OPS/OPS/Utilities/SwiftDataHelper.swift /Users/jacksonsweet/Desktop/OPS\ APP/OPS/OPS/Utilities/UIComponents.swift /Users/jacksonsweet/Desktop/OPS\ APP/OPS/OPS/V2/CertificationsSettingsView.swift /Users/jacksonsweet/Desktop/OPS\ APP/OPS/OPS/ViewModels/CalendarViewModel.swift /Users/jacksonsweet/Desktop/OPS\ APP/OPS/OPS/ViewModels/ProjectsViewModel.swift /Users/jacksonsweet/Desktop/OPS\ APP/OPS/OPS/Views/Calendar\ Tab/Components/CalendarDaySelector.swift /Users/jacksonsweet/Desktop/OPS\ APP/OPS/OPS/Views/Calendar\ Tab/Components/CalendarHeaderView.swift /Users/jacksonsweet/Desktop/OPS\ APP/OPS/OPS/Views/Calendar\ Tab/Components/CalendarProjectCard.swift /Users/jacksonsweet/Desktop/OPS\ APP/OPS/OPS/Views/Calendar\ Tab/Components/CalendarToggleView.swift /Users/jacksonsweet/Desktop/OPS\ APP/OPS/OPS/Views/Calendar\ Tab/Components/DatePickerPopover.swift /Users/jacksonsweet/Desktop/OPS\ APP/OPS/OPS/Views/Calendar\ Tab/Components/DayCell.swift /Users/jacksonsweet/Desktop/OPS\ APP/OPS/OPS/Views/Calendar\ Tab/ProjectViews/DayProjectSheet.swift /Users/jacksonsweet/Desktop/OPS\ APP/OPS/OPS/Views/Calendar\ Tab/ProjectViews/ProjectListView.swift /Users/jacksonsweet/Desktop/OPS\ APP/OPS/OPS/Views/Calendar\ Tab/MonthGridView.swift /Users/jacksonsweet/Desktop/OPS\ APP/OPS/OPS/Views/Components/Common/AppHeader.swift /Users/jacksonsweet/Desktop/OPS\ APP/OPS/OPS/Views/Components/Common/ExpandableNotesView.swift /Users/jacksonsweet/Desktop/OPS\ APP/OPS/OPS/Views/Components/Common/LocationPermissionView.swift /Users/jacksonsweet/Desktop/OPS\ APP/OPS/OPS/Views/Components/Common/NavigationBanner.swift /Users/jacksonsweet/Desktop/OPS\ APP/OPS/OPS/Views/Components/Common/NavigationControlsView.swift /Users/jacksonsweet/Desktop/OPS\ APP/OPS/OPS/Views/Components/Common/TabBarBackground.swift /Users/jacksonsweet/Desktop/OPS\ APP/OPS/OPS/Views/Components/Images/ImagePicker.swift /Users/jacksonsweet/Desktop/OPS\ APP/OPS/OPS/Views/Components/Images/ImagePickerView.swift /Users/jacksonsweet/Desktop/OPS\ APP/OPS/OPS/Views/Components/Images/ProjectImagesSection.swift /Users/jacksonsweet/Desktop/OPS\ APP/OPS/OPS/Views/Components/Images/ProjectImagesSimple.swift /Users/jacksonsweet/Desktop/OPS\ APP/OPS/OPS/Views/Components/Images/ProjectImageView.swift /Users/jacksonsweet/Desktop/OPS\ APP/OPS/OPS/Views/Components/Images/ProjectPhotosGrid.swift /Users/jacksonsweet/Desktop/OPS\ APP/OPS/OPS/Views/Components/Map/MiniMapView.swift /Users/jacksonsweet/Desktop/OPS\ APP/OPS/OPS/Views/Components/Map/ProjectMapAnnotation.swift /Users/jacksonsweet/Desktop/OPS\ APP/OPS/OPS/Views/Components/Map/ProjectMapView.swift /Users/jacksonsweet/Desktop/OPS\ APP/OPS/OPS/Views/Components/Map/ProjectMarkerPopup.swift /Users/jacksonsweet/Desktop/OPS\ APP/OPS/OPS/Views/Components/Map/RouteDirectionsView.swift /Users/jacksonsweet/Desktop/OPS\ APP/OPS/OPS/Views/Components/Project/ProjectActionBar.swift -primary-file /Users/jacksonsweet/Desktop/OPS\ APP/OPS/OPS/Views/Components/Project/ProjectCard.swift -primary-file /Users/jacksonsweet/Desktop/OPS\ APP/OPS/OPS/Views/Components/Project/ProjectCarousel.swift -primary-file /Users/jacksonsweet/Desktop/OPS\ APP/OPS/OPS/Views/Components/Project/ProjectDetailsView.swift -primary-file /Users/jacksonsweet/Desktop/OPS\ APP/OPS/OPS/Views/Components/Project/ProjectHeader.swift -primary-file /Users/jacksonsweet/Desktop/OPS\ APP/OPS/OPS/Views/Components/Project/ProjectSheetContainer.swift -primary-file /Users/jacksonsweet/Desktop/OPS\ APP/OPS/OPS/Views/Components/User/TeamMemberListView.swift -primary-file /Users/jacksonsweet/Desktop/OPS\ APP/OPS/OPS/Views/Components/User/UserProfileCard.swift -primary-file /Users/jacksonsweet/Desktop/OPS\ APP/OPS/OPS/Views/Home/HomeContentView.swift -primary-file /Users/jacksonsweet/Desktop/OPS\ APP/OPS/OPS/Views/Home/HomeView.swift -primary-file /Users/jacksonsweet/Desktop/OPS\ APP/OPS/OPS/Views/Settings/OrganizationSettingsView.swift -primary-file /Users/jacksonsweet/Desktop/OPS\ APP/OPS/OPS/Views/Settings/ProfileSettingsView.swift -primary-file /Users/jacksonsweet/Desktop/OPS\ APP/OPS/OPS/Views/Settings/ProjectHistorySettingsView.swift /Users/jacksonsweet/Desktop/OPS\ APP/OPS/OPS/Views/LoginView.swift /Users/jacksonsweet/Desktop/OPS\ APP/OPS/OPS/Views/LoginViewPreview.swift /Users/jacksonsweet/Desktop/OPS\ APP/OPS/OPS/Views/MainTabView.swift /Users/jacksonsweet/Desktop/OPS\ APP/OPS/OPS/Views/NetworkStatusIndicator.swift /Users/jacksonsweet/Desktop/OPS\ APP/OPS/OPS/Views/ScheduleView.swift /Users/jacksonsweet/Desktop/OPS\ APP/OPS/OPS/Views/SettingsView.swift /Users/jacksonsweet/Desktop/OPS\ APP/OPS/OPS/Views/SplashScreen.swift /Users/jacksonsweet/Desktop/OPS\ APP/OPS/OPS/AppState.swift /Users/jacksonsweet/Desktop/OPS\ APP/OPS/OPS/ContentView.swift /Users/jacksonsweet/Desktop/OPS\ APP/OPS/OPS/Item.swift /Users/jacksonsweet/Desktop/OPS\ APP/OPS/OPS/OPSApp.swift /Users/jacksonsweet/Library/Developer/Xcode/DerivedData/OPS-czavgtmnvamasvcjgszzuulfcsxj/Build/Intermediates.noindex/OPS.build/Debug-iphonesimulator/OPS.build/DerivedSources/GeneratedAssetSymbols.swift -supplementary-output-file-map /Users/jacksonsweet/Library/Developer/Xcode/DerivedData/OPS-czavgtmnvamasvcjgszzuulfcsxj/Build/Intermediates.noindex/OPS.build/Debug-iphonesimulator/OPS.build/Objects-normal/arm64/supplementaryOutputs-9 -emit-localized-strings -emit-localized-strings-path /Users/jacksonsweet/Library/Developer/Xcode/DerivedData/OPS-czavgtmnvamasvcjgszzuulfcsxj/Build/Intermediates.noindex/OPS.build/Debug-iphonesimulator/OPS.build/Objects-normal/arm64 -target arm64-apple-ios18.2-simulator -Xllvm -aarch64-use-tbi -enable-objc-interop -sdk /Applications/Xcode.app/Contents/Developer/Platforms/iPhoneSimulator.platform/Developer/SDKs/iPhoneSimulator18.2.sdk -I /Users/jacksonsweet/Library/Developer/Xcode/DerivedData/OPS-czavgtmnvamasvcjgszzuulfcsxj/Build/Products/Debug-iphonesimulator -F /Users/jacksonsweet/Library/Developer/Xcode/DerivedData/OPS-czavgtmnvamasvcjgszzuulfcsxj/Build/Products/Debug-iphonesimulator -no-color-diagnostics -enable-testing -g -debug-info-format\=dwarf -dwarf-version\=5 -module-cache-path /Users/jacksonsweet/Library/Developer/Xcode/DerivedData/ModuleCache.noindex -profile-generate -profile-coverage-mapping -swift-version 5 -enforce-exclusivity\=checked -Onone -D DEBUG -serialize-debugging-options -const-gather-protocols-file /Users/jacksonsweet/Library/Developer/Xcode/DerivedData/OPS-czavgtmnvamasvcjgszzuulfcsxj/Build/Intermediates.noindex/OPS.build/Debug-iphonesimulator/OPS.build/Objects-normal/arm64/OPS_const_extract_protocols.json -enable-experimental-feature DebugDescriptionMacro -enable-experimental-feature OpaqueTypeErasure -enable-bare-slash-regex -empty-abi-descriptor -validate-clang-modules-once -clang-build-session-file /Users/jacksonsweet/Library/Developer/Xcode/DerivedData/ModuleCache.noindex/Session.modulevalidation -Xcc -working-directory -Xcc /Users/jacksonsweet/Desktop/OPS\ APP/OPS -resource-dir /Applications/Xcode.app/Contents/Developer/Toolchains/XcodeDefault.xctoolchain/usr/lib/swift -enable-anonymous-context-mangled-names -file-compilation-dir /Users/jacksonsweet/Desktop/OPS\ APP/OPS -Xcc -D_LIBCPP_HARDENING_MODE\=_LIBCPP_HARDENING_MODE_DEBUG -Xcc -ivfsstatcache -Xcc /Users/jacksonsweet/Library/Developer/Xcode/DerivedData/SDKStatCaches.noindex/iphonesimulator18.2-22C146-07b28473f605e47e75261259d3ef3b5a.sdkstatcache -Xcc -I/Users/jacksonsweet/Library/Developer/Xcode/DerivedData/OPS-czavgtmnvamasvcjgszzuulfcsxj/Build/Intermediates.noindex/OPS.build/Debug-iphonesimulator/OPS.build/swift-overrides.hmap -Xcc -iquote -Xcc /Users/jacksonsweet/Library/Developer/Xcode/DerivedData/OPS-czavgtmnvamasvcjgszzuulfcsxj/Build/Intermediates.noindex/OPS.build/Debug-iphonesimulator/OPS.build/OPS-generated-files.hmap -Xcc -I/Users/jacksonsweet/Library/Developer/Xcode/DerivedData/OPS-czavgtmnvamasvcjgszzuulfcsxj/Build/Intermediates.noindex/OPS.build/Debug-iphonesimulator/OPS.build/OPS-own-target-headers.hmap -Xcc -I/Users/jacksonsweet/Library/Developer/Xcode/DerivedData/OPS-czavgtmnvamasvcjgszzuulfcsxj/Build/Intermediates.noindex/OPS.build/Debug-iphonesimulator/OPS.build/OPS-all-target-headers.hmap -Xcc -iquote -Xcc /Users/jacksonsweet/Library/Developer/Xcode/DerivedData/OPS-czavgtmnvamasvcjgszzuulfcsxj/Build/Intermediates.noindex/OPS.build/Debug-iphonesimulator/OPS.build/OPS-project-headers.hmap -Xcc -I/Users/jacksonsweet/Library/Developer/Xcode/DerivedData/OPS-czavgtmnvamasvcjgszzuulfcsxj/Build/Products/Debug-iphonesimulator/include -Xcc -I/Users/jacksonsweet/Library/Developer/Xcode/DerivedData/OPS-czavgtmnvamasvcjgszzuulfcsxj/Build/Intermediates.noindex/OPS.build/Debug-iphonesimulator/OPS.build/DerivedSources-normal/arm64 -Xcc -I/Users/jacksonsweet/Library/Developer/Xcode/DerivedData/OPS-czavgtmnvamasvcjgszzuulfcsxj/Build/Intermediates.noindex/OPS.build/Debug-iphonesimulator/OPS.build/DerivedSources/arm64 -Xcc -I/Users/jacksonsweet/Library/Developer/Xcode/DerivedData/OPS-czavgtmnvamasvcjgszzuulfcsxj/Build/Intermediates.noindex/OPS.build/Debug-iphonesimulator/OPS.build/DerivedSources -Xcc -DDEBUG\=1 -module-name OPS -frontend-parseable-output -disable-clang-spi -target-sdk-version 18.2 -target-sdk-name iphonesimulator18.2 -external-plugin-path /Applications/Xcode.app/Contents/Developer/Platforms/iPhoneOS.platform/Developer/usr/lib/swift/host/plugins\#/Applications/Xcode.app/Contents/Developer/Platforms/iPhoneOS.platform/Developer/usr/bin/swift-plugin-server -external-plugin-path /Applications/Xcode.app/Contents/Developer/Platforms/iPhoneOS.platform/Developer/usr/local/lib/swift/host/plugins\#/Applications/Xcode.app/Contents/Developer/Platforms/iPhoneOS.platform/Developer/usr/bin/swift-plugin-server -plugin-path /Applications/Xcode.app/Contents/Developer/Toolchains/XcodeDefault.xctoolchain/usr/lib/swift/host/plugins -plugin-path /Applications/Xcode.app/Contents/Developer/Toolchains/XcodeDefault.xctoolchain/usr/local/lib/swift/host/plugins -o /Users/jacksonsweet/Library/Developer/Xcode/DerivedData/OPS-czavgtmnvamasvcjgszzuulfcsxj/Build/Intermediates.noindex/OPS.build/Debug-iphonesimulator/OPS.build/Objects-normal/arm64/ProjectCard.o -o /Users/jacksonsweet/Library/Developer/Xcode/DerivedData/OPS-czavgtmnvamasvcjgszzuulfcsxj/Build/Intermediates.noindex/OPS.build/Debug-iphonesimulator/OPS.build/Objects-normal/arm64/ProjectCarousel.o -o /Users/jacksonsweet/Library/Developer/Xcode/DerivedData/OPS-czavgtmnvamasvcjgszzuulfcsxj/Build/Intermediates.noindex/OPS.build/Debug-iphonesimulator/OPS.build/Objects-normal/arm64/ProjectDetailsView.o -o /Users/jacksonsweet/Library/Developer/Xcode/DerivedData/OPS-czavgtmnvamasvcjgszzuulfcsxj/Build/Intermediates.noindex/OPS.build/Debug-iphonesimulator/OPS.build/Objects-normal/arm64/ProjectHeader.o -o /Users/jacksonsweet/Library/Developer/Xcode/DerivedData/OPS-czavgtmnvamasvcjgszzuulfcsxj/Build/Intermediates.noindex/OPS.build/Debug-iphonesimulator/OPS.build/Objects-normal/arm64/ProjectSheetContainer.o -o /Users/jacksonsweet/Library/Developer/Xcode/DerivedData/OPS-czavgtmnvamasvcjgszzuulfcsxj/Build/Intermediates.noindex/OPS.build/Debug-iphonesimulator/OPS.build/Objects-normal/arm64/TeamMemberListView.o -o /Users/jacksonsweet/Library/Developer/Xcode/DerivedData/OPS-czavgtmnvamasvcjgszzuulfcsxj/Build/Intermediates.noindex/OPS.build/Debug-iphonesimulator/OPS.build/Objects-normal/arm64/UserProfileCard.o -o /Users/jacksonsweet/Library/Developer/Xcode/DerivedData/OPS-czavgtmnvamasvcjgszzuulfcsxj/Build/Intermediates.noindex/OPS.build/Debug-iphonesimulator/OPS.build/Objects-normal/arm64/HomeContentView.o -o /Users/jacksonsweet/Library/Developer/Xcode/DerivedData/OPS-czavgtmnvamasvcjgszzuulfcsxj/Build/Intermediates.noindex/OPS.build/Debug-iphonesimulator/OPS.build/Objects-normal/arm64/HomeView.o -o /Users/jacksonsweet/Library/Developer/Xcode/DerivedData/OPS-czavgtmnvamasvcjgszzuulfcsxj/Build/Intermediates.noindex/OPS.build/Debug-iphonesimulator/OPS.build/Objects-normal/arm64/OrganizationSettingsView.o -o /Users/jacksonsweet/Library/Developer/Xcode/DerivedData/OPS-czavgtmnvamasvcjgszzuulfcsxj/Build/Intermediates.noindex/OPS.build/Debug-iphonesimulator/OPS.build/Objects-normal/arm64/ProfileSettingsView.o -o /Users/jacksonsweet/Library/Developer/Xcode/DerivedData/OPS-czavgtmnvamasvcjgszzuulfcsxj/Build/Intermediates.noindex/OPS.build/Debug-iphonesimulator/OPS.build/Objects-normal/arm64/ProjectHistorySettingsView.o -index-unit-output-path /OPS.build/Debug-iphonesimulator/OPS.build/Objects-normal/arm64/ProjectCard.o -index-unit-output-path /OPS.build/Debug-iphonesimulator/OPS.build/Objects-normal/arm64/ProjectCarousel.o -index-unit-output-path /OPS.build/Debug-iphonesimulator/OPS.build/Objects-normal/arm64/ProjectDetailsView.o -index-unit-output-path /OPS.build/Debug-iphonesimulator/OPS.build/Objects-normal/arm64/ProjectHeader.o -index-unit-output-path /OPS.build/Debug-iphonesimulator/OPS.build/Objects-normal/arm64/ProjectSheetContainer.o -index-unit-output-path /OPS.build/Debug-iphonesimulator/OPS.build/Objects-normal/arm64/TeamMemberListView.o -index-unit-output-path /OPS.build/Debug-iphonesimulator/OPS.build/Objects-normal/arm64/UserProfileCard.o -index-unit-output-path /OPS.build/Debug-iphonesimulator/OPS.build/Objects-normal/arm64/HomeContentView.o -index-unit-output-path /OPS.build/Debug-iphonesimulator/OPS.build/Objects-normal/arm64/HomeView.o -index-unit-output-path /OPS.build/Debug-iphonesimulator/OPS.build/Objects-normal/arm64/OrganizationSettingsView.o -index-unit-output-path /OPS.build/Debug-iphonesimulator/OPS.build/Objects-normal/arm64/ProfileSettingsView.o -index-unit-output-path /OPS.build/Debug-iphonesimulator/OPS.build/Objects-normal/arm64/ProjectHistorySettingsView.o -index-store-path /Users/jacksonsweet/Library/Developer/Xcode/DerivedData/OPS-czavgtmnvamasvcjgszzuulfcsxj/Index.noindex/DataStore -index-system-modules
/Users/jacksonsweet/Desktop/OPS APP/OPS/OPS/Views/Home/HomeView.swift:186:31: warning: immutable value 'projectId' was never used; consider replacing with '_' or removing it
                } else if let projectId = appState.activeProjectID, 
                          ~~~~^~~~~~~~~
                          _
/Users/jacksonsweet/Desktop/OPS APP/OPS/OPS/Views/Home/HomeView.swift:328:13: warning: initialization of immutable value 'initialRegion' was never used; consider replacing with assignment to '_' or removing it
        let initialRegion = mapRegion
        ~~~~^~~~~~~~~~~~~
        _

SwiftCompile normal arm64 /Users/jacksonsweet/Desktop/OPS\ APP/OPS/OPS/Views/Settings/OrganizationSettingsView.swift (in target 'OPS' from project 'OPS')
    cd /Users/jacksonsweet/Desktop/OPS\ APP/OPS
    /Applications/Xcode.app/Contents/Developer/Toolchains/XcodeDefault.xctoolchain/usr/bin/swift-frontend -c /Users/jacksonsweet/Desktop/OPS\ APP/OPS/OPS/DataModels/BubbleImage.swift /Users/jacksonsweet/Desktop/OPS\ APP/OPS/OPS/DataModels/BubbleTypes.swift /Users/jacksonsweet/Desktop/OPS\ APP/OPS/OPS/DataModels/Company.swift /Users/jacksonsweet/Desktop/OPS\ APP/OPS/OPS/DataModels/Project.swift /Users/jacksonsweet/Desktop/OPS\ APP/OPS/OPS/DataModels/Status.swift /Users/jacksonsweet/Desktop/OPS\ APP/OPS/OPS/DataModels/User.swift /Users/jacksonsweet/Desktop/OPS\ APP/OPS/OPS/DataModels/UserRole.swift /Users/jacksonsweet/Desktop/OPS\ APP/OPS/OPS/Extensions/UIImage+Extensions.swift /Users/jacksonsweet/Desktop/OPS\ APP/OPS/OPS/Network/API/APIError.swift /Users/jacksonsweet/Desktop/OPS\ APP/OPS/OPS/Network/API/APIService.swift /Users/jacksonsweet/Desktop/OPS\ APP/OPS/OPS/Network/API/BubbleFields.swift /Users/jacksonsweet/Desktop/OPS\ APP/OPS/OPS/Network/Auth/AuthError.swift /Users/jacksonsweet/Desktop/OPS\ APP/OPS/OPS/Network/Auth/AuthManager.swift /Users/jacksonsweet/Desktop/OPS\ APP/OPS/OPS/Network/Auth/KeychainManager.swift /Users/jacksonsweet/Desktop/OPS\ APP/OPS/OPS/Network/DTOs/CompanyDTO.swift /Users/jacksonsweet/Desktop/OPS\ APP/OPS/OPS/Network/DTOs/ProjectDTO.swift /Users/jacksonsweet/Desktop/OPS\ APP/OPS/OPS/Network/DTOs/UserDTO.swift /Users/jacksonsweet/Desktop/OPS\ APP/OPS/OPS/Network/Endpoints/CompanyEndpoints.swift /Users/jacksonsweet/Desktop/OPS\ APP/OPS/OPS/Network/Endpoints/ProjectEndpoints.swift /Users/jacksonsweet/Desktop/OPS\ APP/OPS/OPS/Network/Endpoints/UserEndpoints.swift /Users/jacksonsweet/Desktop/OPS\ APP/OPS/OPS/Network/Sync/BackgroundTaskManager.swift /Users/jacksonsweet/Desktop/OPS\ APP/OPS/OPS/Network/Sync/SyncManager.swift /Users/jacksonsweet/Desktop/OPS\ APP/OPS/OPS/Network/ConnectivityMonitor.swift /Users/jacksonsweet/Desktop/OPS\ APP/OPS/OPS/Network/ImageSyncManager.swift /Users/jacksonsweet/Desktop/OPS\ APP/OPS/OPS/Onboarding/Coordinators/OnboardingCoordinator.swift /Users/jacksonsweet/Desktop/OPS\ APP/OPS/OPS/Onboarding/Models/OnboardingModels.swift /Users/jacksonsweet/Desktop/OPS\ APP/OPS/OPS/Onboarding/Services/OnboardingService.swift /Users/jacksonsweet/Desktop/OPS\ APP/OPS/OPS/Onboarding/ViewModels/OnboardingViewModel.swift /Users/jacksonsweet/Desktop/OPS\ APP/OPS/OPS/Onboarding/Views/Components/OnboardingComponents.swift /Users/jacksonsweet/Desktop/OPS\ APP/OPS/OPS/Onboarding/Views/Screens/AccountCreatedView.swift /Users/jacksonsweet/Desktop/OPS\ APP/OPS/OPS/Onboarding/Views/Screens/CompanyCodeView.swift /Users/jacksonsweet/Desktop/OPS\ APP/OPS/OPS/Onboarding/Views/Screens/CompanyCodeViewPreview.swift /Users/jacksonsweet/Desktop/OPS\ APP/OPS/OPS/Onboarding/Views/Screens/CompletionView.swift /Users/jacksonsweet/Desktop/OPS\ APP/OPS/OPS/Onboarding/Views/Screens/CompletionViewPreview.swift /Users/jacksonsweet/Desktop/OPS\ APP/OPS/OPS/Onboarding/Views/Screens/EmailView.swift /Users/jacksonsweet/Desktop/OPS\ APP/OPS/OPS/Onboarding/Views/Screens/FieldSetupView.swift /Users/jacksonsweet/Desktop/OPS\ APP/OPS/OPS/Onboarding/Views/Screens/NotificationsView.swift /Users/jacksonsweet/Desktop/OPS\ APP/OPS/OPS/Onboarding/Views/Screens/NotificationsViewPreview.swift /Users/jacksonsweet/Desktop/OPS\ APP/OPS/OPS/Onboarding/Views/Screens/OrganizationJoinView.swift /Users/jacksonsweet/Desktop/OPS\ APP/OPS/OPS/Onboarding/Views/Screens/PasswordView.swift /Users/jacksonsweet/Desktop/OPS\ APP/OPS/OPS/Onboarding/Views/Screens/PasswordViewPreview.swift /Users/jacksonsweet/Desktop/OPS\ APP/OPS/OPS/Onboarding/Views/Screens/PermissionsView.swift /Users/jacksonsweet/Desktop/OPS\ APP/OPS/OPS/Onboarding/Views/Screens/PermissionsViewPreview.swift /Users/jacksonsweet/Desktop/OPS\ APP/OPS/OPS/Onboarding/Views/Screens/PhoneNumberView.swift /Users/jacksonsweet/Desktop/OPS\ APP/OPS/OPS/Onboarding/Views/Screens/PhoneNumberViewPreview.swift /Users/jacksonsweet/Desktop/OPS\ APP/OPS/OPS/Onboarding/Views/Screens/UserInfoView.swift /Users/jacksonsweet/Desktop/OPS\ APP/OPS/OPS/Onboarding/Views/Screens/UserInfoViewPreview.swift /Users/jacksonsweet/Desktop/OPS\ APP/OPS/OPS/Onboarding/Views/Screens/VerifyPhoneView.swift /Users/jacksonsweet/Desktop/OPS\ APP/OPS/OPS/Onboarding/Views/Screens/WelcomeCompanyView.swift /Users/jacksonsweet/Desktop/OPS\ APP/OPS/OPS/Onboarding/Views/Screens/WelcomeCompanyViewPreview.swift /Users/jacksonsweet/Desktop/OPS\ APP/OPS/OPS/Onboarding/Views/Screens/WelcomeView.swift /Users/jacksonsweet/Desktop/OPS\ APP/OPS/OPS/Onboarding/Views/Screens/WelcomeViewPreview.swift /Users/jacksonsweet/Desktop/OPS\ APP/OPS/OPS/Onboarding/Views/OnboardingContainerView.swift /Users/jacksonsweet/Desktop/OPS\ APP/OPS/OPS/Onboarding/Views/OnboardingFlowPreview.swift /Users/jacksonsweet/Desktop/OPS\ APP/OPS/OPS/Onboarding/Views/OnboardingPresenter.swift /Users/jacksonsweet/Desktop/OPS\ APP/OPS/OPS/Onboarding/Views/OnboardingPreviewHelpers.swift /Users/jacksonsweet/Desktop/OPS\ APP/OPS/OPS/Styles/OPSStyle.swift /Users/jacksonsweet/Desktop/OPS\ APP/OPS/OPS/Utilities/AppConfiguration.swift /Users/jacksonsweet/Desktop/OPS\ APP/OPS/OPS/Utilities/ArrayTransformer.swift /Users/jacksonsweet/Desktop/OPS\ APP/OPS/OPS/Utilities/DataController.swift /Users/jacksonsweet/Desktop/OPS\ APP/OPS/OPS/Utilities/Dateformatter\ +Bubble.swift /Users/jacksonsweet/Desktop/OPS\ APP/OPS/OPS/Utilities/DateHelper.swift /Users/jacksonsweet/Desktop/OPS\ APP/OPS/OPS/Utilities/FieldErrorHandler.swift /Users/jacksonsweet/Desktop/OPS\ APP/OPS/OPS/Utilities/ImageCache.swift /Users/jacksonsweet/Desktop/OPS\ APP/OPS/OPS/Utilities/ImageFileManager.swift /Users/jacksonsweet/Desktop/OPS\ APP/OPS/OPS/Utilities/InProgressManager.swift /Users/jacksonsweet/Desktop/OPS\ APP/OPS/OPS/Utilities/KeyboardDismissalModifier.swift /Users/jacksonsweet/Desktop/OPS\ APP/OPS/OPS/Utilities/LocationManager.swift /Users/jacksonsweet/Desktop/OPS\ APP/OPS/OPS/Utilities/OnboardingEnvironmentKey.swift /Users/jacksonsweet/Desktop/OPS\ APP/OPS/OPS/Utilities/SwiftDataHelper.swift /Users/jacksonsweet/Desktop/OPS\ APP/OPS/OPS/Utilities/UIComponents.swift /Users/jacksonsweet/Desktop/OPS\ APP/OPS/OPS/V2/CertificationsSettingsView.swift /Users/jacksonsweet/Desktop/OPS\ APP/OPS/OPS/ViewModels/CalendarViewModel.swift /Users/jacksonsweet/Desktop/OPS\ APP/OPS/OPS/ViewModels/ProjectsViewModel.swift /Users/jacksonsweet/Desktop/OPS\ APP/OPS/OPS/Views/Calendar\ Tab/Components/CalendarDaySelector.swift /Users/jacksonsweet/Desktop/OPS\ APP/OPS/OPS/Views/Calendar\ Tab/Components/CalendarHeaderView.swift /Users/jacksonsweet/Desktop/OPS\ APP/OPS/OPS/Views/Calendar\ Tab/Components/CalendarProjectCard.swift /Users/jacksonsweet/Desktop/OPS\ APP/OPS/OPS/Views/Calendar\ Tab/Components/CalendarToggleView.swift /Users/jacksonsweet/Desktop/OPS\ APP/OPS/OPS/Views/Calendar\ Tab/Components/DatePickerPopover.swift /Users/jacksonsweet/Desktop/OPS\ APP/OPS/OPS/Views/Calendar\ Tab/Components/DayCell.swift /Users/jacksonsweet/Desktop/OPS\ APP/OPS/OPS/Views/Calendar\ Tab/ProjectViews/DayProjectSheet.swift /Users/jacksonsweet/Desktop/OPS\ APP/OPS/OPS/Views/Calendar\ Tab/ProjectViews/ProjectListView.swift /Users/jacksonsweet/Desktop/OPS\ APP/OPS/OPS/Views/Calendar\ Tab/MonthGridView.swift /Users/jacksonsweet/Desktop/OPS\ APP/OPS/OPS/Views/Components/Common/AppHeader.swift /Users/jacksonsweet/Desktop/OPS\ APP/OPS/OPS/Views/Components/Common/ExpandableNotesView.swift /Users/jacksonsweet/Desktop/OPS\ APP/OPS/OPS/Views/Components/Common/LocationPermissionView.swift /Users/jacksonsweet/Desktop/OPS\ APP/OPS/OPS/Views/Components/Common/NavigationBanner.swift /Users/jacksonsweet/Desktop/OPS\ APP/OPS/OPS/Views/Components/Common/NavigationControlsView.swift /Users/jacksonsweet/Desktop/OPS\ APP/OPS/OPS/Views/Components/Common/TabBarBackground.swift /Users/jacksonsweet/Desktop/OPS\ APP/OPS/OPS/Views/Components/Images/ImagePicker.swift /Users/jacksonsweet/Desktop/OPS\ APP/OPS/OPS/Views/Components/Images/ImagePickerView.swift /Users/jacksonsweet/Desktop/OPS\ APP/OPS/OPS/Views/Components/Images/ProjectImagesSection.swift /Users/jacksonsweet/Desktop/OPS\ APP/OPS/OPS/Views/Components/Images/ProjectImagesSimple.swift /Users/jacksonsweet/Desktop/OPS\ APP/OPS/OPS/Views/Components/Images/ProjectImageView.swift /Users/jacksonsweet/Desktop/OPS\ APP/OPS/OPS/Views/Components/Images/ProjectPhotosGrid.swift /Users/jacksonsweet/Desktop/OPS\ APP/OPS/OPS/Views/Components/Map/MiniMapView.swift /Users/jacksonsweet/Desktop/OPS\ APP/OPS/OPS/Views/Components/Map/ProjectMapAnnotation.swift /Users/jacksonsweet/Desktop/OPS\ APP/OPS/OPS/Views/Components/Map/ProjectMapView.swift /Users/jacksonsweet/Desktop/OPS\ APP/OPS/OPS/Views/Components/Map/ProjectMarkerPopup.swift /Users/jacksonsweet/Desktop/OPS\ APP/OPS/OPS/Views/Components/Map/RouteDirectionsView.swift /Users/jacksonsweet/Desktop/OPS\ APP/OPS/OPS/Views/Components/Project/ProjectActionBar.swift -primary-file /Users/jacksonsweet/Desktop/OPS\ APP/OPS/OPS/Views/Components/Project/ProjectCard.swift -primary-file /Users/jacksonsweet/Desktop/OPS\ APP/OPS/OPS/Views/Components/Project/ProjectCarousel.swift -primary-file /Users/jacksonsweet/Desktop/OPS\ APP/OPS/OPS/Views/Components/Project/ProjectDetailsView.swift -primary-file /Users/jacksonsweet/Desktop/OPS\ APP/OPS/OPS/Views/Components/Project/ProjectHeader.swift -primary-file /Users/jacksonsweet/Desktop/OPS\ APP/OPS/OPS/Views/Components/Project/ProjectSheetContainer.swift -primary-file /Users/jacksonsweet/Desktop/OPS\ APP/OPS/OPS/Views/Components/User/TeamMemberListView.swift -primary-file /Users/jacksonsweet/Desktop/OPS\ APP/OPS/OPS/Views/Components/User/UserProfileCard.swift -primary-file /Users/jacksonsweet/Desktop/OPS\ APP/OPS/OPS/Views/Home/HomeContentView.swift -primary-file /Users/jacksonsweet/Desktop/OPS\ APP/OPS/OPS/Views/Home/HomeView.swift -primary-file /Users/jacksonsweet/Desktop/OPS\ APP/OPS/OPS/Views/Settings/OrganizationSettingsView.swift -primary-file /Users/jacksonsweet/Desktop/OPS\ APP/OPS/OPS/Views/Settings/ProfileSettingsView.swift -primary-file /Users/jacksonsweet/Desktop/OPS\ APP/OPS/OPS/Views/Settings/ProjectHistorySettingsView.swift /Users/jacksonsweet/Desktop/OPS\ APP/OPS/OPS/Views/LoginView.swift /Users/jacksonsweet/Desktop/OPS\ APP/OPS/OPS/Views/LoginViewPreview.swift /Users/jacksonsweet/Desktop/OPS\ APP/OPS/OPS/Views/MainTabView.swift /Users/jacksonsweet/Desktop/OPS\ APP/OPS/OPS/Views/NetworkStatusIndicator.swift /Users/jacksonsweet/Desktop/OPS\ APP/OPS/OPS/Views/ScheduleView.swift /Users/jacksonsweet/Desktop/OPS\ APP/OPS/OPS/Views/SettingsView.swift /Users/jacksonsweet/Desktop/OPS\ APP/OPS/OPS/Views/SplashScreen.swift /Users/jacksonsweet/Desktop/OPS\ APP/OPS/OPS/AppState.swift /Users/jacksonsweet/Desktop/OPS\ APP/OPS/OPS/ContentView.swift /Users/jacksonsweet/Desktop/OPS\ APP/OPS/OPS/Item.swift /Users/jacksonsweet/Desktop/OPS\ APP/OPS/OPS/OPSApp.swift /Users/jacksonsweet/Library/Developer/Xcode/DerivedData/OPS-czavgtmnvamasvcjgszzuulfcsxj/Build/Intermediates.noindex/OPS.build/Debug-iphonesimulator/OPS.build/DerivedSources/GeneratedAssetSymbols.swift -supplementary-output-file-map /Users/jacksonsweet/Library/Developer/Xcode/DerivedData/OPS-czavgtmnvamasvcjgszzuulfcsxj/Build/Intermediates.noindex/OPS.build/Debug-iphonesimulator/OPS.build/Objects-normal/arm64/supplementaryOutputs-9 -emit-localized-strings -emit-localized-strings-path /Users/jacksonsweet/Library/Developer/Xcode/DerivedData/OPS-czavgtmnvamasvcjgszzuulfcsxj/Build/Intermediates.noindex/OPS.build/Debug-iphonesimulator/OPS.build/Objects-normal/arm64 -target arm64-apple-ios18.2-simulator -Xllvm -aarch64-use-tbi -enable-objc-interop -sdk /Applications/Xcode.app/Contents/Developer/Platforms/iPhoneSimulator.platform/Developer/SDKs/iPhoneSimulator18.2.sdk -I /Users/jacksonsweet/Library/Developer/Xcode/DerivedData/OPS-czavgtmnvamasvcjgszzuulfcsxj/Build/Products/Debug-iphonesimulator -F /Users/jacksonsweet/Library/Developer/Xcode/DerivedData/OPS-czavgtmnvamasvcjgszzuulfcsxj/Build/Products/Debug-iphonesimulator -no-color-diagnostics -enable-testing -g -debug-info-format\=dwarf -dwarf-version\=5 -module-cache-path /Users/jacksonsweet/Library/Developer/Xcode/DerivedData/ModuleCache.noindex -profile-generate -profile-coverage-mapping -swift-version 5 -enforce-exclusivity\=checked -Onone -D DEBUG -serialize-debugging-options -const-gather-protocols-file /Users/jacksonsweet/Library/Developer/Xcode/DerivedData/OPS-czavgtmnvamasvcjgszzuulfcsxj/Build/Intermediates.noindex/OPS.build/Debug-iphonesimulator/OPS.build/Objects-normal/arm64/OPS_const_extract_protocols.json -enable-experimental-feature DebugDescriptionMacro -enable-experimental-feature OpaqueTypeErasure -enable-bare-slash-regex -empty-abi-descriptor -validate-clang-modules-once -clang-build-session-file /Users/jacksonsweet/Library/Developer/Xcode/DerivedData/ModuleCache.noindex/Session.modulevalidation -Xcc -working-directory -Xcc /Users/jacksonsweet/Desktop/OPS\ APP/OPS -resource-dir /Applications/Xcode.app/Contents/Developer/Toolchains/XcodeDefault.xctoolchain/usr/lib/swift -enable-anonymous-context-mangled-names -file-compilation-dir /Users/jacksonsweet/Desktop/OPS\ APP/OPS -Xcc -D_LIBCPP_HARDENING_MODE\=_LIBCPP_HARDENING_MODE_DEBUG -Xcc -ivfsstatcache -Xcc /Users/jacksonsweet/Library/Developer/Xcode/DerivedData/SDKStatCaches.noindex/iphonesimulator18.2-22C146-07b28473f605e47e75261259d3ef3b5a.sdkstatcache -Xcc -I/Users/jacksonsweet/Library/Developer/Xcode/DerivedData/OPS-czavgtmnvamasvcjgszzuulfcsxj/Build/Intermediates.noindex/OPS.build/Debug-iphonesimulator/OPS.build/swift-overrides.hmap -Xcc -iquote -Xcc /Users/jacksonsweet/Library/Developer/Xcode/DerivedData/OPS-czavgtmnvamasvcjgszzuulfcsxj/Build/Intermediates.noindex/OPS.build/Debug-iphonesimulator/OPS.build/OPS-generated-files.hmap -Xcc -I/Users/jacksonsweet/Library/Developer/Xcode/DerivedData/OPS-czavgtmnvamasvcjgszzuulfcsxj/Build/Intermediates.noindex/OPS.build/Debug-iphonesimulator/OPS.build/OPS-own-target-headers.hmap -Xcc -I/Users/jacksonsweet/Library/Developer/Xcode/DerivedData/OPS-czavgtmnvamasvcjgszzuulfcsxj/Build/Intermediates.noindex/OPS.build/Debug-iphonesimulator/OPS.build/OPS-all-target-headers.hmap -Xcc -iquote -Xcc /Users/jacksonsweet/Library/Developer/Xcode/DerivedData/OPS-czavgtmnvamasvcjgszzuulfcsxj/Build/Intermediates.noindex/OPS.build/Debug-iphonesimulator/OPS.build/OPS-project-headers.hmap -Xcc -I/Users/jacksonsweet/Library/Developer/Xcode/DerivedData/OPS-czavgtmnvamasvcjgszzuulfcsxj/Build/Products/Debug-iphonesimulator/include -Xcc -I/Users/jacksonsweet/Library/Developer/Xcode/DerivedData/OPS-czavgtmnvamasvcjgszzuulfcsxj/Build/Intermediates.noindex/OPS.build/Debug-iphonesimulator/OPS.build/DerivedSources-normal/arm64 -Xcc -I/Users/jacksonsweet/Library/Developer/Xcode/DerivedData/OPS-czavgtmnvamasvcjgszzuulfcsxj/Build/Intermediates.noindex/OPS.build/Debug-iphonesimulator/OPS.build/DerivedSources/arm64 -Xcc -I/Users/jacksonsweet/Library/Developer/Xcode/DerivedData/OPS-czavgtmnvamasvcjgszzuulfcsxj/Build/Intermediates.noindex/OPS.build/Debug-iphonesimulator/OPS.build/DerivedSources -Xcc -DDEBUG\=1 -module-name OPS -frontend-parseable-output -disable-clang-spi -target-sdk-version 18.2 -target-sdk-name iphonesimulator18.2 -external-plugin-path /Applications/Xcode.app/Contents/Developer/Platforms/iPhoneOS.platform/Developer/usr/lib/swift/host/plugins\#/Applications/Xcode.app/Contents/Developer/Platforms/iPhoneOS.platform/Developer/usr/bin/swift-plugin-server -external-plugin-path /Applications/Xcode.app/Contents/Developer/Platforms/iPhoneOS.platform/Developer/usr/local/lib/swift/host/plugins\#/Applications/Xcode.app/Contents/Developer/Platforms/iPhoneOS.platform/Developer/usr/bin/swift-plugin-server -plugin-path /Applications/Xcode.app/Contents/Developer/Toolchains/XcodeDefault.xctoolchain/usr/lib/swift/host/plugins -plugin-path /Applications/Xcode.app/Contents/Developer/Toolchains/XcodeDefault.xctoolchain/usr/local/lib/swift/host/plugins -o /Users/jacksonsweet/Library/Developer/Xcode/DerivedData/OPS-czavgtmnvamasvcjgszzuulfcsxj/Build/Intermediates.noindex/OPS.build/Debug-iphonesimulator/OPS.build/Objects-normal/arm64/ProjectCard.o -o /Users/jacksonsweet/Library/Developer/Xcode/DerivedData/OPS-czavgtmnvamasvcjgszzuulfcsxj/Build/Intermediates.noindex/OPS.build/Debug-iphonesimulator/OPS.build/Objects-normal/arm64/ProjectCarousel.o -o /Users/jacksonsweet/Library/Developer/Xcode/DerivedData/OPS-czavgtmnvamasvcjgszzuulfcsxj/Build/Intermediates.noindex/OPS.build/Debug-iphonesimulator/OPS.build/Objects-normal/arm64/ProjectDetailsView.o -o /Users/jacksonsweet/Library/Developer/Xcode/DerivedData/OPS-czavgtmnvamasvcjgszzuulfcsxj/Build/Intermediates.noindex/OPS.build/Debug-iphonesimulator/OPS.build/Objects-normal/arm64/ProjectHeader.o -o /Users/jacksonsweet/Library/Developer/Xcode/DerivedData/OPS-czavgtmnvamasvcjgszzuulfcsxj/Build/Intermediates.noindex/OPS.build/Debug-iphonesimulator/OPS.build/Objects-normal/arm64/ProjectSheetContainer.o -o /Users/jacksonsweet/Library/Developer/Xcode/DerivedData/OPS-czavgtmnvamasvcjgszzuulfcsxj/Build/Intermediates.noindex/OPS.build/Debug-iphonesimulator/OPS.build/Objects-normal/arm64/TeamMemberListView.o -o /Users/jacksonsweet/Library/Developer/Xcode/DerivedData/OPS-czavgtmnvamasvcjgszzuulfcsxj/Build/Intermediates.noindex/OPS.build/Debug-iphonesimulator/OPS.build/Objects-normal/arm64/UserProfileCard.o -o /Users/jacksonsweet/Library/Developer/Xcode/DerivedData/OPS-czavgtmnvamasvcjgszzuulfcsxj/Build/Intermediates.noindex/OPS.build/Debug-iphonesimulator/OPS.build/Objects-normal/arm64/HomeContentView.o -o /Users/jacksonsweet/Library/Developer/Xcode/DerivedData/OPS-czavgtmnvamasvcjgszzuulfcsxj/Build/Intermediates.noindex/OPS.build/Debug-iphonesimulator/OPS.build/Objects-normal/arm64/HomeView.o -o /Users/jacksonsweet/Library/Developer/Xcode/DerivedData/OPS-czavgtmnvamasvcjgszzuulfcsxj/Build/Intermediates.noindex/OPS.build/Debug-iphonesimulator/OPS.build/Objects-normal/arm64/OrganizationSettingsView.o -o /Users/jacksonsweet/Library/Developer/Xcode/DerivedData/OPS-czavgtmnvamasvcjgszzuulfcsxj/Build/Intermediates.noindex/OPS.build/Debug-iphonesimulator/OPS.build/Objects-normal/arm64/ProfileSettingsView.o -o /Users/jacksonsweet/Library/Developer/Xcode/DerivedData/OPS-czavgtmnvamasvcjgszzuulfcsxj/Build/Intermediates.noindex/OPS.build/Debug-iphonesimulator/OPS.build/Objects-normal/arm64/ProjectHistorySettingsView.o -index-unit-output-path /OPS.build/Debug-iphonesimulator/OPS.build/Objects-normal/arm64/ProjectCard.o -index-unit-output-path /OPS.build/Debug-iphonesimulator/OPS.build/Objects-normal/arm64/ProjectCarousel.o -index-unit-output-path /OPS.build/Debug-iphonesimulator/OPS.build/Objects-normal/arm64/ProjectDetailsView.o -index-unit-output-path /OPS.build/Debug-iphonesimulator/OPS.build/Objects-normal/arm64/ProjectHeader.o -index-unit-output-path /OPS.build/Debug-iphonesimulator/OPS.build/Objects-normal/arm64/ProjectSheetContainer.o -index-unit-output-path /OPS.build/Debug-iphonesimulator/OPS.build/Objects-normal/arm64/TeamMemberListView.o -index-unit-output-path /OPS.build/Debug-iphonesimulator/OPS.build/Objects-normal/arm64/UserProfileCard.o -index-unit-output-path /OPS.build/Debug-iphonesimulator/OPS.build/Objects-normal/arm64/HomeContentView.o -index-unit-output-path /OPS.build/Debug-iphonesimulator/OPS.build/Objects-normal/arm64/HomeView.o -index-unit-output-path /OPS.build/Debug-iphonesimulator/OPS.build/Objects-normal/arm64/OrganizationSettingsView.o -index-unit-output-path /OPS.build/Debug-iphonesimulator/OPS.build/Objects-normal/arm64/ProfileSettingsView.o -index-unit-output-path /OPS.build/Debug-iphonesimulator/OPS.build/Objects-normal/arm64/ProjectHistorySettingsView.o -index-store-path /Users/jacksonsweet/Library/Developer/Xcode/DerivedData/OPS-czavgtmnvamasvcjgszzuulfcsxj/Index.noindex/DataStore -index-system-modules

SwiftCompile normal arm64 /Users/jacksonsweet/Desktop/OPS\ APP/OPS/OPS/Views/Settings/ProfileSettingsView.swift (in target 'OPS' from project 'OPS')
    cd /Users/jacksonsweet/Desktop/OPS\ APP/OPS
    /Applications/Xcode.app/Contents/Developer/Toolchains/XcodeDefault.xctoolchain/usr/bin/swift-frontend -c /Users/jacksonsweet/Desktop/OPS\ APP/OPS/OPS/DataModels/BubbleImage.swift /Users/jacksonsweet/Desktop/OPS\ APP/OPS/OPS/DataModels/BubbleTypes.swift /Users/jacksonsweet/Desktop/OPS\ APP/OPS/OPS/DataModels/Company.swift /Users/jacksonsweet/Desktop/OPS\ APP/OPS/OPS/DataModels/Project.swift /Users/jacksonsweet/Desktop/OPS\ APP/OPS/OPS/DataModels/Status.swift /Users/jacksonsweet/Desktop/OPS\ APP/OPS/OPS/DataModels/User.swift /Users/jacksonsweet/Desktop/OPS\ APP/OPS/OPS/DataModels/UserRole.swift /Users/jacksonsweet/Desktop/OPS\ APP/OPS/OPS/Extensions/UIImage+Extensions.swift /Users/jacksonsweet/Desktop/OPS\ APP/OPS/OPS/Network/API/APIError.swift /Users/jacksonsweet/Desktop/OPS\ APP/OPS/OPS/Network/API/APIService.swift /Users/jacksonsweet/Desktop/OPS\ APP/OPS/OPS/Network/API/BubbleFields.swift /Users/jacksonsweet/Desktop/OPS\ APP/OPS/OPS/Network/Auth/AuthError.swift /Users/jacksonsweet/Desktop/OPS\ APP/OPS/OPS/Network/Auth/AuthManager.swift /Users/jacksonsweet/Desktop/OPS\ APP/OPS/OPS/Network/Auth/KeychainManager.swift /Users/jacksonsweet/Desktop/OPS\ APP/OPS/OPS/Network/DTOs/CompanyDTO.swift /Users/jacksonsweet/Desktop/OPS\ APP/OPS/OPS/Network/DTOs/ProjectDTO.swift /Users/jacksonsweet/Desktop/OPS\ APP/OPS/OPS/Network/DTOs/UserDTO.swift /Users/jacksonsweet/Desktop/OPS\ APP/OPS/OPS/Network/Endpoints/CompanyEndpoints.swift /Users/jacksonsweet/Desktop/OPS\ APP/OPS/OPS/Network/Endpoints/ProjectEndpoints.swift /Users/jacksonsweet/Desktop/OPS\ APP/OPS/OPS/Network/Endpoints/UserEndpoints.swift /Users/jacksonsweet/Desktop/OPS\ APP/OPS/OPS/Network/Sync/BackgroundTaskManager.swift /Users/jacksonsweet/Desktop/OPS\ APP/OPS/OPS/Network/Sync/SyncManager.swift /Users/jacksonsweet/Desktop/OPS\ APP/OPS/OPS/Network/ConnectivityMonitor.swift /Users/jacksonsweet/Desktop/OPS\ APP/OPS/OPS/Network/ImageSyncManager.swift /Users/jacksonsweet/Desktop/OPS\ APP/OPS/OPS/Onboarding/Coordinators/OnboardingCoordinator.swift /Users/jacksonsweet/Desktop/OPS\ APP/OPS/OPS/Onboarding/Models/OnboardingModels.swift /Users/jacksonsweet/Desktop/OPS\ APP/OPS/OPS/Onboarding/Services/OnboardingService.swift /Users/jacksonsweet/Desktop/OPS\ APP/OPS/OPS/Onboarding/ViewModels/OnboardingViewModel.swift /Users/jacksonsweet/Desktop/OPS\ APP/OPS/OPS/Onboarding/Views/Components/OnboardingComponents.swift /Users/jacksonsweet/Desktop/OPS\ APP/OPS/OPS/Onboarding/Views/Screens/AccountCreatedView.swift /Users/jacksonsweet/Desktop/OPS\ APP/OPS/OPS/Onboarding/Views/Screens/CompanyCodeView.swift /Users/jacksonsweet/Desktop/OPS\ APP/OPS/OPS/Onboarding/Views/Screens/CompanyCodeViewPreview.swift /Users/jacksonsweet/Desktop/OPS\ APP/OPS/OPS/Onboarding/Views/Screens/CompletionView.swift /Users/jacksonsweet/Desktop/OPS\ APP/OPS/OPS/Onboarding/Views/Screens/CompletionViewPreview.swift /Users/jacksonsweet/Desktop/OPS\ APP/OPS/OPS/Onboarding/Views/Screens/EmailView.swift /Users/jacksonsweet/Desktop/OPS\ APP/OPS/OPS/Onboarding/Views/Screens/FieldSetupView.swift /Users/jacksonsweet/Desktop/OPS\ APP/OPS/OPS/Onboarding/Views/Screens/NotificationsView.swift /Users/jacksonsweet/Desktop/OPS\ APP/OPS/OPS/Onboarding/Views/Screens/NotificationsViewPreview.swift /Users/jacksonsweet/Desktop/OPS\ APP/OPS/OPS/Onboarding/Views/Screens/OrganizationJoinView.swift /Users/jacksonsweet/Desktop/OPS\ APP/OPS/OPS/Onboarding/Views/Screens/PasswordView.swift /Users/jacksonsweet/Desktop/OPS\ APP/OPS/OPS/Onboarding/Views/Screens/PasswordViewPreview.swift /Users/jacksonsweet/Desktop/OPS\ APP/OPS/OPS/Onboarding/Views/Screens/PermissionsView.swift /Users/jacksonsweet/Desktop/OPS\ APP/OPS/OPS/Onboarding/Views/Screens/PermissionsViewPreview.swift /Users/jacksonsweet/Desktop/OPS\ APP/OPS/OPS/Onboarding/Views/Screens/PhoneNumberView.swift /Users/jacksonsweet/Desktop/OPS\ APP/OPS/OPS/Onboarding/Views/Screens/PhoneNumberViewPreview.swift /Users/jacksonsweet/Desktop/OPS\ APP/OPS/OPS/Onboarding/Views/Screens/UserInfoView.swift /Users/jacksonsweet/Desktop/OPS\ APP/OPS/OPS/Onboarding/Views/Screens/UserInfoViewPreview.swift /Users/jacksonsweet/Desktop/OPS\ APP/OPS/OPS/Onboarding/Views/Screens/VerifyPhoneView.swift /Users/jacksonsweet/Desktop/OPS\ APP/OPS/OPS/Onboarding/Views/Screens/WelcomeCompanyView.swift /Users/jacksonsweet/Desktop/OPS\ APP/OPS/OPS/Onboarding/Views/Screens/WelcomeCompanyViewPreview.swift /Users/jacksonsweet/Desktop/OPS\ APP/OPS/OPS/Onboarding/Views/Screens/WelcomeView.swift /Users/jacksonsweet/Desktop/OPS\ APP/OPS/OPS/Onboarding/Views/Screens/WelcomeViewPreview.swift /Users/jacksonsweet/Desktop/OPS\ APP/OPS/OPS/Onboarding/Views/OnboardingContainerView.swift /Users/jacksonsweet/Desktop/OPS\ APP/OPS/OPS/Onboarding/Views/OnboardingFlowPreview.swift /Users/jacksonsweet/Desktop/OPS\ APP/OPS/OPS/Onboarding/Views/OnboardingPresenter.swift /Users/jacksonsweet/Desktop/OPS\ APP/OPS/OPS/Onboarding/Views/OnboardingPreviewHelpers.swift /Users/jacksonsweet/Desktop/OPS\ APP/OPS/OPS/Styles/OPSStyle.swift /Users/jacksonsweet/Desktop/OPS\ APP/OPS/OPS/Utilities/AppConfiguration.swift /Users/jacksonsweet/Desktop/OPS\ APP/OPS/OPS/Utilities/ArrayTransformer.swift /Users/jacksonsweet/Desktop/OPS\ APP/OPS/OPS/Utilities/DataController.swift /Users/jacksonsweet/Desktop/OPS\ APP/OPS/OPS/Utilities/Dateformatter\ +Bubble.swift /Users/jacksonsweet/Desktop/OPS\ APP/OPS/OPS/Utilities/DateHelper.swift /Users/jacksonsweet/Desktop/OPS\ APP/OPS/OPS/Utilities/FieldErrorHandler.swift /Users/jacksonsweet/Desktop/OPS\ APP/OPS/OPS/Utilities/ImageCache.swift /Users/jacksonsweet/Desktop/OPS\ APP/OPS/OPS/Utilities/ImageFileManager.swift /Users/jacksonsweet/Desktop/OPS\ APP/OPS/OPS/Utilities/InProgressManager.swift /Users/jacksonsweet/Desktop/OPS\ APP/OPS/OPS/Utilities/KeyboardDismissalModifier.swift /Users/jacksonsweet/Desktop/OPS\ APP/OPS/OPS/Utilities/LocationManager.swift /Users/jacksonsweet/Desktop/OPS\ APP/OPS/OPS/Utilities/OnboardingEnvironmentKey.swift /Users/jacksonsweet/Desktop/OPS\ APP/OPS/OPS/Utilities/SwiftDataHelper.swift /Users/jacksonsweet/Desktop/OPS\ APP/OPS/OPS/Utilities/UIComponents.swift /Users/jacksonsweet/Desktop/OPS\ APP/OPS/OPS/V2/CertificationsSettingsView.swift /Users/jacksonsweet/Desktop/OPS\ APP/OPS/OPS/ViewModels/CalendarViewModel.swift /Users/jacksonsweet/Desktop/OPS\ APP/OPS/OPS/ViewModels/ProjectsViewModel.swift /Users/jacksonsweet/Desktop/OPS\ APP/OPS/OPS/Views/Calendar\ Tab/Components/CalendarDaySelector.swift /Users/jacksonsweet/Desktop/OPS\ APP/OPS/OPS/Views/Calendar\ Tab/Components/CalendarHeaderView.swift /Users/jacksonsweet/Desktop/OPS\ APP/OPS/OPS/Views/Calendar\ Tab/Components/CalendarProjectCard.swift /Users/jacksonsweet/Desktop/OPS\ APP/OPS/OPS/Views/Calendar\ Tab/Components/CalendarToggleView.swift /Users/jacksonsweet/Desktop/OPS\ APP/OPS/OPS/Views/Calendar\ Tab/Components/DatePickerPopover.swift /Users/jacksonsweet/Desktop/OPS\ APP/OPS/OPS/Views/Calendar\ Tab/Components/DayCell.swift /Users/jacksonsweet/Desktop/OPS\ APP/OPS/OPS/Views/Calendar\ Tab/ProjectViews/DayProjectSheet.swift /Users/jacksonsweet/Desktop/OPS\ APP/OPS/OPS/Views/Calendar\ Tab/ProjectViews/ProjectListView.swift /Users/jacksonsweet/Desktop/OPS\ APP/OPS/OPS/Views/Calendar\ Tab/MonthGridView.swift /Users/jacksonsweet/Desktop/OPS\ APP/OPS/OPS/Views/Components/Common/AppHeader.swift /Users/jacksonsweet/Desktop/OPS\ APP/OPS/OPS/Views/Components/Common/ExpandableNotesView.swift /Users/jacksonsweet/Desktop/OPS\ APP/OPS/OPS/Views/Components/Common/LocationPermissionView.swift /Users/jacksonsweet/Desktop/OPS\ APP/OPS/OPS/Views/Components/Common/NavigationBanner.swift /Users/jacksonsweet/Desktop/OPS\ APP/OPS/OPS/Views/Components/Common/NavigationControlsView.swift /Users/jacksonsweet/Desktop/OPS\ APP/OPS/OPS/Views/Components/Common/TabBarBackground.swift /Users/jacksonsweet/Desktop/OPS\ APP/OPS/OPS/Views/Components/Images/ImagePicker.swift /Users/jacksonsweet/Desktop/OPS\ APP/OPS/OPS/Views/Components/Images/ImagePickerView.swift /Users/jacksonsweet/Desktop/OPS\ APP/OPS/OPS/Views/Components/Images/ProjectImagesSection.swift /Users/jacksonsweet/Desktop/OPS\ APP/OPS/OPS/Views/Components/Images/ProjectImagesSimple.swift /Users/jacksonsweet/Desktop/OPS\ APP/OPS/OPS/Views/Components/Images/ProjectImageView.swift /Users/jacksonsweet/Desktop/OPS\ APP/OPS/OPS/Views/Components/Images/ProjectPhotosGrid.swift /Users/jacksonsweet/Desktop/OPS\ APP/OPS/OPS/Views/Components/Map/MiniMapView.swift /Users/jacksonsweet/Desktop/OPS\ APP/OPS/OPS/Views/Components/Map/ProjectMapAnnotation.swift /Users/jacksonsweet/Desktop/OPS\ APP/OPS/OPS/Views/Components/Map/ProjectMapView.swift /Users/jacksonsweet/Desktop/OPS\ APP/OPS/OPS/Views/Components/Map/ProjectMarkerPopup.swift /Users/jacksonsweet/Desktop/OPS\ APP/OPS/OPS/Views/Components/Map/RouteDirectionsView.swift /Users/jacksonsweet/Desktop/OPS\ APP/OPS/OPS/Views/Components/Project/ProjectActionBar.swift -primary-file /Users/jacksonsweet/Desktop/OPS\ APP/OPS/OPS/Views/Components/Project/ProjectCard.swift -primary-file /Users/jacksonsweet/Desktop/OPS\ APP/OPS/OPS/Views/Components/Project/ProjectCarousel.swift -primary-file /Users/jacksonsweet/Desktop/OPS\ APP/OPS/OPS/Views/Components/Project/ProjectDetailsView.swift -primary-file /Users/jacksonsweet/Desktop/OPS\ APP/OPS/OPS/Views/Components/Project/ProjectHeader.swift -primary-file /Users/jacksonsweet/Desktop/OPS\ APP/OPS/OPS/Views/Components/Project/ProjectSheetContainer.swift -primary-file /Users/jacksonsweet/Desktop/OPS\ APP/OPS/OPS/Views/Components/User/TeamMemberListView.swift -primary-file /Users/jacksonsweet/Desktop/OPS\ APP/OPS/OPS/Views/Components/User/UserProfileCard.swift -primary-file /Users/jacksonsweet/Desktop/OPS\ APP/OPS/OPS/Views/Home/HomeContentView.swift -primary-file /Users/jacksonsweet/Desktop/OPS\ APP/OPS/OPS/Views/Home/HomeView.swift -primary-file /Users/jacksonsweet/Desktop/OPS\ APP/OPS/OPS/Views/Settings/OrganizationSettingsView.swift -primary-file /Users/jacksonsweet/Desktop/OPS\ APP/OPS/OPS/Views/Settings/ProfileSettingsView.swift -primary-file /Users/jacksonsweet/Desktop/OPS\ APP/OPS/OPS/Views/Settings/ProjectHistorySettingsView.swift /Users/jacksonsweet/Desktop/OPS\ APP/OPS/OPS/Views/LoginView.swift /Users/jacksonsweet/Desktop/OPS\ APP/OPS/OPS/Views/LoginViewPreview.swift /Users/jacksonsweet/Desktop/OPS\ APP/OPS/OPS/Views/MainTabView.swift /Users/jacksonsweet/Desktop/OPS\ APP/OPS/OPS/Views/NetworkStatusIndicator.swift /Users/jacksonsweet/Desktop/OPS\ APP/OPS/OPS/Views/ScheduleView.swift /Users/jacksonsweet/Desktop/OPS\ APP/OPS/OPS/Views/SettingsView.swift /Users/jacksonsweet/Desktop/OPS\ APP/OPS/OPS/Views/SplashScreen.swift /Users/jacksonsweet/Desktop/OPS\ APP/OPS/OPS/AppState.swift /Users/jacksonsweet/Desktop/OPS\ APP/OPS/OPS/ContentView.swift /Users/jacksonsweet/Desktop/OPS\ APP/OPS/OPS/Item.swift /Users/jacksonsweet/Desktop/OPS\ APP/OPS/OPS/OPSApp.swift /Users/jacksonsweet/Library/Developer/Xcode/DerivedData/OPS-czavgtmnvamasvcjgszzuulfcsxj/Build/Intermediates.noindex/OPS.build/Debug-iphonesimulator/OPS.build/DerivedSources/GeneratedAssetSymbols.swift -supplementary-output-file-map /Users/jacksonsweet/Library/Developer/Xcode/DerivedData/OPS-czavgtmnvamasvcjgszzuulfcsxj/Build/Intermediates.noindex/OPS.build/Debug-iphonesimulator/OPS.build/Objects-normal/arm64/supplementaryOutputs-9 -emit-localized-strings -emit-localized-strings-path /Users/jacksonsweet/Library/Developer/Xcode/DerivedData/OPS-czavgtmnvamasvcjgszzuulfcsxj/Build/Intermediates.noindex/OPS.build/Debug-iphonesimulator/OPS.build/Objects-normal/arm64 -target arm64-apple-ios18.2-simulator -Xllvm -aarch64-use-tbi -enable-objc-interop -sdk /Applications/Xcode.app/Contents/Developer/Platforms/iPhoneSimulator.platform/Developer/SDKs/iPhoneSimulator18.2.sdk -I /Users/jacksonsweet/Library/Developer/Xcode/DerivedData/OPS-czavgtmnvamasvcjgszzuulfcsxj/Build/Products/Debug-iphonesimulator -F /Users/jacksonsweet/Library/Developer/Xcode/DerivedData/OPS-czavgtmnvamasvcjgszzuulfcsxj/Build/Products/Debug-iphonesimulator -no-color-diagnostics -enable-testing -g -debug-info-format\=dwarf -dwarf-version\=5 -module-cache-path /Users/jacksonsweet/Library/Developer/Xcode/DerivedData/ModuleCache.noindex -profile-generate -profile-coverage-mapping -swift-version 5 -enforce-exclusivity\=checked -Onone -D DEBUG -serialize-debugging-options -const-gather-protocols-file /Users/jacksonsweet/Library/Developer/Xcode/DerivedData/OPS-czavgtmnvamasvcjgszzuulfcsxj/Build/Intermediates.noindex/OPS.build/Debug-iphonesimulator/OPS.build/Objects-normal/arm64/OPS_const_extract_protocols.json -enable-experimental-feature DebugDescriptionMacro -enable-experimental-feature OpaqueTypeErasure -enable-bare-slash-regex -empty-abi-descriptor -validate-clang-modules-once -clang-build-session-file /Users/jacksonsweet/Library/Developer/Xcode/DerivedData/ModuleCache.noindex/Session.modulevalidation -Xcc -working-directory -Xcc /Users/jacksonsweet/Desktop/OPS\ APP/OPS -resource-dir /Applications/Xcode.app/Contents/Developer/Toolchains/XcodeDefault.xctoolchain/usr/lib/swift -enable-anonymous-context-mangled-names -file-compilation-dir /Users/jacksonsweet/Desktop/OPS\ APP/OPS -Xcc -D_LIBCPP_HARDENING_MODE\=_LIBCPP_HARDENING_MODE_DEBUG -Xcc -ivfsstatcache -Xcc /Users/jacksonsweet/Library/Developer/Xcode/DerivedData/SDKStatCaches.noindex/iphonesimulator18.2-22C146-07b28473f605e47e75261259d3ef3b5a.sdkstatcache -Xcc -I/Users/jacksonsweet/Library/Developer/Xcode/DerivedData/OPS-czavgtmnvamasvcjgszzuulfcsxj/Build/Intermediates.noindex/OPS.build/Debug-iphonesimulator/OPS.build/swift-overrides.hmap -Xcc -iquote -Xcc /Users/jacksonsweet/Library/Developer/Xcode/DerivedData/OPS-czavgtmnvamasvcjgszzuulfcsxj/Build/Intermediates.noindex/OPS.build/Debug-iphonesimulator/OPS.build/OPS-generated-files.hmap -Xcc -I/Users/jacksonsweet/Library/Developer/Xcode/DerivedData/OPS-czavgtmnvamasvcjgszzuulfcsxj/Build/Intermediates.noindex/OPS.build/Debug-iphonesimulator/OPS.build/OPS-own-target-headers.hmap -Xcc -I/Users/jacksonsweet/Library/Developer/Xcode/DerivedData/OPS-czavgtmnvamasvcjgszzuulfcsxj/Build/Intermediates.noindex/OPS.build/Debug-iphonesimulator/OPS.build/OPS-all-target-headers.hmap -Xcc -iquote -Xcc /Users/jacksonsweet/Library/Developer/Xcode/DerivedData/OPS-czavgtmnvamasvcjgszzuulfcsxj/Build/Intermediates.noindex/OPS.build/Debug-iphonesimulator/OPS.build/OPS-project-headers.hmap -Xcc -I/Users/jacksonsweet/Library/Developer/Xcode/DerivedData/OPS-czavgtmnvamasvcjgszzuulfcsxj/Build/Products/Debug-iphonesimulator/include -Xcc -I/Users/jacksonsweet/Library/Developer/Xcode/DerivedData/OPS-czavgtmnvamasvcjgszzuulfcsxj/Build/Intermediates.noindex/OPS.build/Debug-iphonesimulator/OPS.build/DerivedSources-normal/arm64 -Xcc -I/Users/jacksonsweet/Library/Developer/Xcode/DerivedData/OPS-czavgtmnvamasvcjgszzuulfcsxj/Build/Intermediates.noindex/OPS.build/Debug-iphonesimulator/OPS.build/DerivedSources/arm64 -Xcc -I/Users/jacksonsweet/Library/Developer/Xcode/DerivedData/OPS-czavgtmnvamasvcjgszzuulfcsxj/Build/Intermediates.noindex/OPS.build/Debug-iphonesimulator/OPS.build/DerivedSources -Xcc -DDEBUG\=1 -module-name OPS -frontend-parseable-output -disable-clang-spi -target-sdk-version 18.2 -target-sdk-name iphonesimulator18.2 -external-plugin-path /Applications/Xcode.app/Contents/Developer/Platforms/iPhoneOS.platform/Developer/usr/lib/swift/host/plugins\#/Applications/Xcode.app/Contents/Developer/Platforms/iPhoneOS.platform/Developer/usr/bin/swift-plugin-server -external-plugin-path /Applications/Xcode.app/Contents/Developer/Platforms/iPhoneOS.platform/Developer/usr/local/lib/swift/host/plugins\#/Applications/Xcode.app/Contents/Developer/Platforms/iPhoneOS.platform/Developer/usr/bin/swift-plugin-server -plugin-path /Applications/Xcode.app/Contents/Developer/Toolchains/XcodeDefault.xctoolchain/usr/lib/swift/host/plugins -plugin-path /Applications/Xcode.app/Contents/Developer/Toolchains/XcodeDefault.xctoolchain/usr/local/lib/swift/host/plugins -o /Users/jacksonsweet/Library/Developer/Xcode/DerivedData/OPS-czavgtmnvamasvcjgszzuulfcsxj/Build/Intermediates.noindex/OPS.build/Debug-iphonesimulator/OPS.build/Objects-normal/arm64/ProjectCard.o -o /Users/jacksonsweet/Library/Developer/Xcode/DerivedData/OPS-czavgtmnvamasvcjgszzuulfcsxj/Build/Intermediates.noindex/OPS.build/Debug-iphonesimulator/OPS.build/Objects-normal/arm64/ProjectCarousel.o -o /Users/jacksonsweet/Library/Developer/Xcode/DerivedData/OPS-czavgtmnvamasvcjgszzuulfcsxj/Build/Intermediates.noindex/OPS.build/Debug-iphonesimulator/OPS.build/Objects-normal/arm64/ProjectDetailsView.o -o /Users/jacksonsweet/Library/Developer/Xcode/DerivedData/OPS-czavgtmnvamasvcjgszzuulfcsxj/Build/Intermediates.noindex/OPS.build/Debug-iphonesimulator/OPS.build/Objects-normal/arm64/ProjectHeader.o -o /Users/jacksonsweet/Library/Developer/Xcode/DerivedData/OPS-czavgtmnvamasvcjgszzuulfcsxj/Build/Intermediates.noindex/OPS.build/Debug-iphonesimulator/OPS.build/Objects-normal/arm64/ProjectSheetContainer.o -o /Users/jacksonsweet/Library/Developer/Xcode/DerivedData/OPS-czavgtmnvamasvcjgszzuulfcsxj/Build/Intermediates.noindex/OPS.build/Debug-iphonesimulator/OPS.build/Objects-normal/arm64/TeamMemberListView.o -o /Users/jacksonsweet/Library/Developer/Xcode/DerivedData/OPS-czavgtmnvamasvcjgszzuulfcsxj/Build/Intermediates.noindex/OPS.build/Debug-iphonesimulator/OPS.build/Objects-normal/arm64/UserProfileCard.o -o /Users/jacksonsweet/Library/Developer/Xcode/DerivedData/OPS-czavgtmnvamasvcjgszzuulfcsxj/Build/Intermediates.noindex/OPS.build/Debug-iphonesimulator/OPS.build/Objects-normal/arm64/HomeContentView.o -o /Users/jacksonsweet/Library/Developer/Xcode/DerivedData/OPS-czavgtmnvamasvcjgszzuulfcsxj/Build/Intermediates.noindex/OPS.build/Debug-iphonesimulator/OPS.build/Objects-normal/arm64/HomeView.o -o /Users/jacksonsweet/Library/Developer/Xcode/DerivedData/OPS-czavgtmnvamasvcjgszzuulfcsxj/Build/Intermediates.noindex/OPS.build/Debug-iphonesimulator/OPS.build/Objects-normal/arm64/OrganizationSettingsView.o -o /Users/jacksonsweet/Library/Developer/Xcode/DerivedData/OPS-czavgtmnvamasvcjgszzuulfcsxj/Build/Intermediates.noindex/OPS.build/Debug-iphonesimulator/OPS.build/Objects-normal/arm64/ProfileSettingsView.o -o /Users/jacksonsweet/Library/Developer/Xcode/DerivedData/OPS-czavgtmnvamasvcjgszzuulfcsxj/Build/Intermediates.noindex/OPS.build/Debug-iphonesimulator/OPS.build/Objects-normal/arm64/ProjectHistorySettingsView.o -index-unit-output-path /OPS.build/Debug-iphonesimulator/OPS.build/Objects-normal/arm64/ProjectCard.o -index-unit-output-path /OPS.build/Debug-iphonesimulator/OPS.build/Objects-normal/arm64/ProjectCarousel.o -index-unit-output-path /OPS.build/Debug-iphonesimulator/OPS.build/Objects-normal/arm64/ProjectDetailsView.o -index-unit-output-path /OPS.build/Debug-iphonesimulator/OPS.build/Objects-normal/arm64/ProjectHeader.o -index-unit-output-path /OPS.build/Debug-iphonesimulator/OPS.build/Objects-normal/arm64/ProjectSheetContainer.o -index-unit-output-path /OPS.build/Debug-iphonesimulator/OPS.build/Objects-normal/arm64/TeamMemberListView.o -index-unit-output-path /OPS.build/Debug-iphonesimulator/OPS.build/Objects-normal/arm64/UserProfileCard.o -index-unit-output-path /OPS.build/Debug-iphonesimulator/OPS.build/Objects-normal/arm64/HomeContentView.o -index-unit-output-path /OPS.build/Debug-iphonesimulator/OPS.build/Objects-normal/arm64/HomeView.o -index-unit-output-path /OPS.build/Debug-iphonesimulator/OPS.build/Objects-normal/arm64/OrganizationSettingsView.o -index-unit-output-path /OPS.build/Debug-iphonesimulator/OPS.build/Objects-normal/arm64/ProfileSettingsView.o -index-unit-output-path /OPS.build/Debug-iphonesimulator/OPS.build/Objects-normal/arm64/ProjectHistorySettingsView.o -index-store-path /Users/jacksonsweet/Library/Developer/Xcode/DerivedData/OPS-czavgtmnvamasvcjgszzuulfcsxj/Index.noindex/DataStore -index-system-modules

SwiftCompile normal arm64 /Users/jacksonsweet/Desktop/OPS\ APP/OPS/OPS/Views/Settings/ProjectHistorySettingsView.swift (in target 'OPS' from project 'OPS')
    cd /Users/jacksonsweet/Desktop/OPS\ APP/OPS
    /Applications/Xcode.app/Contents/Developer/Toolchains/XcodeDefault.xctoolchain/usr/bin/swift-frontend -c /Users/jacksonsweet/Desktop/OPS\ APP/OPS/OPS/DataModels/BubbleImage.swift /Users/jacksonsweet/Desktop/OPS\ APP/OPS/OPS/DataModels/BubbleTypes.swift /Users/jacksonsweet/Desktop/OPS\ APP/OPS/OPS/DataModels/Company.swift /Users/jacksonsweet/Desktop/OPS\ APP/OPS/OPS/DataModels/Project.swift /Users/jacksonsweet/Desktop/OPS\ APP/OPS/OPS/DataModels/Status.swift /Users/jacksonsweet/Desktop/OPS\ APP/OPS/OPS/DataModels/User.swift /Users/jacksonsweet/Desktop/OPS\ APP/OPS/OPS/DataModels/UserRole.swift /Users/jacksonsweet/Desktop/OPS\ APP/OPS/OPS/Extensions/UIImage+Extensions.swift /Users/jacksonsweet/Desktop/OPS\ APP/OPS/OPS/Network/API/APIError.swift /Users/jacksonsweet/Desktop/OPS\ APP/OPS/OPS/Network/API/APIService.swift /Users/jacksonsweet/Desktop/OPS\ APP/OPS/OPS/Network/API/BubbleFields.swift /Users/jacksonsweet/Desktop/OPS\ APP/OPS/OPS/Network/Auth/AuthError.swift /Users/jacksonsweet/Desktop/OPS\ APP/OPS/OPS/Network/Auth/AuthManager.swift /Users/jacksonsweet/Desktop/OPS\ APP/OPS/OPS/Network/Auth/KeychainManager.swift /Users/jacksonsweet/Desktop/OPS\ APP/OPS/OPS/Network/DTOs/CompanyDTO.swift /Users/jacksonsweet/Desktop/OPS\ APP/OPS/OPS/Network/DTOs/ProjectDTO.swift /Users/jacksonsweet/Desktop/OPS\ APP/OPS/OPS/Network/DTOs/UserDTO.swift /Users/jacksonsweet/Desktop/OPS\ APP/OPS/OPS/Network/Endpoints/CompanyEndpoints.swift /Users/jacksonsweet/Desktop/OPS\ APP/OPS/OPS/Network/Endpoints/ProjectEndpoints.swift /Users/jacksonsweet/Desktop/OPS\ APP/OPS/OPS/Network/Endpoints/UserEndpoints.swift /Users/jacksonsweet/Desktop/OPS\ APP/OPS/OPS/Network/Sync/BackgroundTaskManager.swift /Users/jacksonsweet/Desktop/OPS\ APP/OPS/OPS/Network/Sync/SyncManager.swift /Users/jacksonsweet/Desktop/OPS\ APP/OPS/OPS/Network/ConnectivityMonitor.swift /Users/jacksonsweet/Desktop/OPS\ APP/OPS/OPS/Network/ImageSyncManager.swift /Users/jacksonsweet/Desktop/OPS\ APP/OPS/OPS/Onboarding/Coordinators/OnboardingCoordinator.swift /Users/jacksonsweet/Desktop/OPS\ APP/OPS/OPS/Onboarding/Models/OnboardingModels.swift /Users/jacksonsweet/Desktop/OPS\ APP/OPS/OPS/Onboarding/Services/OnboardingService.swift /Users/jacksonsweet/Desktop/OPS\ APP/OPS/OPS/Onboarding/ViewModels/OnboardingViewModel.swift /Users/jacksonsweet/Desktop/OPS\ APP/OPS/OPS/Onboarding/Views/Components/OnboardingComponents.swift /Users/jacksonsweet/Desktop/OPS\ APP/OPS/OPS/Onboarding/Views/Screens/AccountCreatedView.swift /Users/jacksonsweet/Desktop/OPS\ APP/OPS/OPS/Onboarding/Views/Screens/CompanyCodeView.swift /Users/jacksonsweet/Desktop/OPS\ APP/OPS/OPS/Onboarding/Views/Screens/CompanyCodeViewPreview.swift /Users/jacksonsweet/Desktop/OPS\ APP/OPS/OPS/Onboarding/Views/Screens/CompletionView.swift /Users/jacksonsweet/Desktop/OPS\ APP/OPS/OPS/Onboarding/Views/Screens/CompletionViewPreview.swift /Users/jacksonsweet/Desktop/OPS\ APP/OPS/OPS/Onboarding/Views/Screens/EmailView.swift /Users/jacksonsweet/Desktop/OPS\ APP/OPS/OPS/Onboarding/Views/Screens/FieldSetupView.swift /Users/jacksonsweet/Desktop/OPS\ APP/OPS/OPS/Onboarding/Views/Screens/NotificationsView.swift /Users/jacksonsweet/Desktop/OPS\ APP/OPS/OPS/Onboarding/Views/Screens/NotificationsViewPreview.swift /Users/jacksonsweet/Desktop/OPS\ APP/OPS/OPS/Onboarding/Views/Screens/OrganizationJoinView.swift /Users/jacksonsweet/Desktop/OPS\ APP/OPS/OPS/Onboarding/Views/Screens/PasswordView.swift /Users/jacksonsweet/Desktop/OPS\ APP/OPS/OPS/Onboarding/Views/Screens/PasswordViewPreview.swift /Users/jacksonsweet/Desktop/OPS\ APP/OPS/OPS/Onboarding/Views/Screens/PermissionsView.swift /Users/jacksonsweet/Desktop/OPS\ APP/OPS/OPS/Onboarding/Views/Screens/PermissionsViewPreview.swift /Users/jacksonsweet/Desktop/OPS\ APP/OPS/OPS/Onboarding/Views/Screens/PhoneNumberView.swift /Users/jacksonsweet/Desktop/OPS\ APP/OPS/OPS/Onboarding/Views/Screens/PhoneNumberViewPreview.swift /Users/jacksonsweet/Desktop/OPS\ APP/OPS/OPS/Onboarding/Views/Screens/UserInfoView.swift /Users/jacksonsweet/Desktop/OPS\ APP/OPS/OPS/Onboarding/Views/Screens/UserInfoViewPreview.swift /Users/jacksonsweet/Desktop/OPS\ APP/OPS/OPS/Onboarding/Views/Screens/VerifyPhoneView.swift /Users/jacksonsweet/Desktop/OPS\ APP/OPS/OPS/Onboarding/Views/Screens/WelcomeCompanyView.swift /Users/jacksonsweet/Desktop/OPS\ APP/OPS/OPS/Onboarding/Views/Screens/WelcomeCompanyViewPreview.swift /Users/jacksonsweet/Desktop/OPS\ APP/OPS/OPS/Onboarding/Views/Screens/WelcomeView.swift /Users/jacksonsweet/Desktop/OPS\ APP/OPS/OPS/Onboarding/Views/Screens/WelcomeViewPreview.swift /Users/jacksonsweet/Desktop/OPS\ APP/OPS/OPS/Onboarding/Views/OnboardingContainerView.swift /Users/jacksonsweet/Desktop/OPS\ APP/OPS/OPS/Onboarding/Views/OnboardingFlowPreview.swift /Users/jacksonsweet/Desktop/OPS\ APP/OPS/OPS/Onboarding/Views/OnboardingPresenter.swift /Users/jacksonsweet/Desktop/OPS\ APP/OPS/OPS/Onboarding/Views/OnboardingPreviewHelpers.swift /Users/jacksonsweet/Desktop/OPS\ APP/OPS/OPS/Styles/OPSStyle.swift /Users/jacksonsweet/Desktop/OPS\ APP/OPS/OPS/Utilities/AppConfiguration.swift /Users/jacksonsweet/Desktop/OPS\ APP/OPS/OPS/Utilities/ArrayTransformer.swift /Users/jacksonsweet/Desktop/OPS\ APP/OPS/OPS/Utilities/DataController.swift /Users/jacksonsweet/Desktop/OPS\ APP/OPS/OPS/Utilities/Dateformatter\ +Bubble.swift /Users/jacksonsweet/Desktop/OPS\ APP/OPS/OPS/Utilities/DateHelper.swift /Users/jacksonsweet/Desktop/OPS\ APP/OPS/OPS/Utilities/FieldErrorHandler.swift /Users/jacksonsweet/Desktop/OPS\ APP/OPS/OPS/Utilities/ImageCache.swift /Users/jacksonsweet/Desktop/OPS\ APP/OPS/OPS/Utilities/ImageFileManager.swift /Users/jacksonsweet/Desktop/OPS\ APP/OPS/OPS/Utilities/InProgressManager.swift /Users/jacksonsweet/Desktop/OPS\ APP/OPS/OPS/Utilities/KeyboardDismissalModifier.swift /Users/jacksonsweet/Desktop/OPS\ APP/OPS/OPS/Utilities/LocationManager.swift /Users/jacksonsweet/Desktop/OPS\ APP/OPS/OPS/Utilities/OnboardingEnvironmentKey.swift /Users/jacksonsweet/Desktop/OPS\ APP/OPS/OPS/Utilities/SwiftDataHelper.swift /Users/jacksonsweet/Desktop/OPS\ APP/OPS/OPS/Utilities/UIComponents.swift /Users/jacksonsweet/Desktop/OPS\ APP/OPS/OPS/V2/CertificationsSettingsView.swift /Users/jacksonsweet/Desktop/OPS\ APP/OPS/OPS/ViewModels/CalendarViewModel.swift /Users/jacksonsweet/Desktop/OPS\ APP/OPS/OPS/ViewModels/ProjectsViewModel.swift /Users/jacksonsweet/Desktop/OPS\ APP/OPS/OPS/Views/Calendar\ Tab/Components/CalendarDaySelector.swift /Users/jacksonsweet/Desktop/OPS\ APP/OPS/OPS/Views/Calendar\ Tab/Components/CalendarHeaderView.swift /Users/jacksonsweet/Desktop/OPS\ APP/OPS/OPS/Views/Calendar\ Tab/Components/CalendarProjectCard.swift /Users/jacksonsweet/Desktop/OPS\ APP/OPS/OPS/Views/Calendar\ Tab/Components/CalendarToggleView.swift /Users/jacksonsweet/Desktop/OPS\ APP/OPS/OPS/Views/Calendar\ Tab/Components/DatePickerPopover.swift /Users/jacksonsweet/Desktop/OPS\ APP/OPS/OPS/Views/Calendar\ Tab/Components/DayCell.swift /Users/jacksonsweet/Desktop/OPS\ APP/OPS/OPS/Views/Calendar\ Tab/ProjectViews/DayProjectSheet.swift /Users/jacksonsweet/Desktop/OPS\ APP/OPS/OPS/Views/Calendar\ Tab/ProjectViews/ProjectListView.swift /Users/jacksonsweet/Desktop/OPS\ APP/OPS/OPS/Views/Calendar\ Tab/MonthGridView.swift /Users/jacksonsweet/Desktop/OPS\ APP/OPS/OPS/Views/Components/Common/AppHeader.swift /Users/jacksonsweet/Desktop/OPS\ APP/OPS/OPS/Views/Components/Common/ExpandableNotesView.swift /Users/jacksonsweet/Desktop/OPS\ APP/OPS/OPS/Views/Components/Common/LocationPermissionView.swift /Users/jacksonsweet/Desktop/OPS\ APP/OPS/OPS/Views/Components/Common/NavigationBanner.swift /Users/jacksonsweet/Desktop/OPS\ APP/OPS/OPS/Views/Components/Common/NavigationControlsView.swift /Users/jacksonsweet/Desktop/OPS\ APP/OPS/OPS/Views/Components/Common/TabBarBackground.swift /Users/jacksonsweet/Desktop/OPS\ APP/OPS/OPS/Views/Components/Images/ImagePicker.swift /Users/jacksonsweet/Desktop/OPS\ APP/OPS/OPS/Views/Components/Images/ImagePickerView.swift /Users/jacksonsweet/Desktop/OPS\ APP/OPS/OPS/Views/Components/Images/ProjectImagesSection.swift /Users/jacksonsweet/Desktop/OPS\ APP/OPS/OPS/Views/Components/Images/ProjectImagesSimple.swift /Users/jacksonsweet/Desktop/OPS\ APP/OPS/OPS/Views/Components/Images/ProjectImageView.swift /Users/jacksonsweet/Desktop/OPS\ APP/OPS/OPS/Views/Components/Images/ProjectPhotosGrid.swift /Users/jacksonsweet/Desktop/OPS\ APP/OPS/OPS/Views/Components/Map/MiniMapView.swift /Users/jacksonsweet/Desktop/OPS\ APP/OPS/OPS/Views/Components/Map/ProjectMapAnnotation.swift /Users/jacksonsweet/Desktop/OPS\ APP/OPS/OPS/Views/Components/Map/ProjectMapView.swift /Users/jacksonsweet/Desktop/OPS\ APP/OPS/OPS/Views/Components/Map/ProjectMarkerPopup.swift /Users/jacksonsweet/Desktop/OPS\ APP/OPS/OPS/Views/Components/Map/RouteDirectionsView.swift /Users/jacksonsweet/Desktop/OPS\ APP/OPS/OPS/Views/Components/Project/ProjectActionBar.swift -primary-file /Users/jacksonsweet/Desktop/OPS\ APP/OPS/OPS/Views/Components/Project/ProjectCard.swift -primary-file /Users/jacksonsweet/Desktop/OPS\ APP/OPS/OPS/Views/Components/Project/ProjectCarousel.swift -primary-file /Users/jacksonsweet/Desktop/OPS\ APP/OPS/OPS/Views/Components/Project/ProjectDetailsView.swift -primary-file /Users/jacksonsweet/Desktop/OPS\ APP/OPS/OPS/Views/Components/Project/ProjectHeader.swift -primary-file /Users/jacksonsweet/Desktop/OPS\ APP/OPS/OPS/Views/Components/Project/ProjectSheetContainer.swift -primary-file /Users/jacksonsweet/Desktop/OPS\ APP/OPS/OPS/Views/Components/User/TeamMemberListView.swift -primary-file /Users/jacksonsweet/Desktop/OPS\ APP/OPS/OPS/Views/Components/User/UserProfileCard.swift -primary-file /Users/jacksonsweet/Desktop/OPS\ APP/OPS/OPS/Views/Home/HomeContentView.swift -primary-file /Users/jacksonsweet/Desktop/OPS\ APP/OPS/OPS/Views/Home/HomeView.swift -primary-file /Users/jacksonsweet/Desktop/OPS\ APP/OPS/OPS/Views/Settings/OrganizationSettingsView.swift -primary-file /Users/jacksonsweet/Desktop/OPS\ APP/OPS/OPS/Views/Settings/ProfileSettingsView.swift -primary-file /Users/jacksonsweet/Desktop/OPS\ APP/OPS/OPS/Views/Settings/ProjectHistorySettingsView.swift /Users/jacksonsweet/Desktop/OPS\ APP/OPS/OPS/Views/LoginView.swift /Users/jacksonsweet/Desktop/OPS\ APP/OPS/OPS/Views/LoginViewPreview.swift /Users/jacksonsweet/Desktop/OPS\ APP/OPS/OPS/Views/MainTabView.swift /Users/jacksonsweet/Desktop/OPS\ APP/OPS/OPS/Views/NetworkStatusIndicator.swift /Users/jacksonsweet/Desktop/OPS\ APP/OPS/OPS/Views/ScheduleView.swift /Users/jacksonsweet/Desktop/OPS\ APP/OPS/OPS/Views/SettingsView.swift /Users/jacksonsweet/Desktop/OPS\ APP/OPS/OPS/Views/SplashScreen.swift /Users/jacksonsweet/Desktop/OPS\ APP/OPS/OPS/AppState.swift /Users/jacksonsweet/Desktop/OPS\ APP/OPS/OPS/ContentView.swift /Users/jacksonsweet/Desktop/OPS\ APP/OPS/OPS/Item.swift /Users/jacksonsweet/Desktop/OPS\ APP/OPS/OPS/OPSApp.swift /Users/jacksonsweet/Library/Developer/Xcode/DerivedData/OPS-czavgtmnvamasvcjgszzuulfcsxj/Build/Intermediates.noindex/OPS.build/Debug-iphonesimulator/OPS.build/DerivedSources/GeneratedAssetSymbols.swift -supplementary-output-file-map /Users/jacksonsweet/Library/Developer/Xcode/DerivedData/OPS-czavgtmnvamasvcjgszzuulfcsxj/Build/Intermediates.noindex/OPS.build/Debug-iphonesimulator/OPS.build/Objects-normal/arm64/supplementaryOutputs-9 -emit-localized-strings -emit-localized-strings-path /Users/jacksonsweet/Library/Developer/Xcode/DerivedData/OPS-czavgtmnvamasvcjgszzuulfcsxj/Build/Intermediates.noindex/OPS.build/Debug-iphonesimulator/OPS.build/Objects-normal/arm64 -target arm64-apple-ios18.2-simulator -Xllvm -aarch64-use-tbi -enable-objc-interop -sdk /Applications/Xcode.app/Contents/Developer/Platforms/iPhoneSimulator.platform/Developer/SDKs/iPhoneSimulator18.2.sdk -I /Users/jacksonsweet/Library/Developer/Xcode/DerivedData/OPS-czavgtmnvamasvcjgszzuulfcsxj/Build/Products/Debug-iphonesimulator -F /Users/jacksonsweet/Library/Developer/Xcode/DerivedData/OPS-czavgtmnvamasvcjgszzuulfcsxj/Build/Products/Debug-iphonesimulator -no-color-diagnostics -enable-testing -g -debug-info-format\=dwarf -dwarf-version\=5 -module-cache-path /Users/jacksonsweet/Library/Developer/Xcode/DerivedData/ModuleCache.noindex -profile-generate -profile-coverage-mapping -swift-version 5 -enforce-exclusivity\=checked -Onone -D DEBUG -serialize-debugging-options -const-gather-protocols-file /Users/jacksonsweet/Library/Developer/Xcode/DerivedData/OPS-czavgtmnvamasvcjgszzuulfcsxj/Build/Intermediates.noindex/OPS.build/Debug-iphonesimulator/OPS.build/Objects-normal/arm64/OPS_const_extract_protocols.json -enable-experimental-feature DebugDescriptionMacro -enable-experimental-feature OpaqueTypeErasure -enable-bare-slash-regex -empty-abi-descriptor -validate-clang-modules-once -clang-build-session-file /Users/jacksonsweet/Library/Developer/Xcode/DerivedData/ModuleCache.noindex/Session.modulevalidation -Xcc -working-directory -Xcc /Users/jacksonsweet/Desktop/OPS\ APP/OPS -resource-dir /Applications/Xcode.app/Contents/Developer/Toolchains/XcodeDefault.xctoolchain/usr/lib/swift -enable-anonymous-context-mangled-names -file-compilation-dir /Users/jacksonsweet/Desktop/OPS\ APP/OPS -Xcc -D_LIBCPP_HARDENING_MODE\=_LIBCPP_HARDENING_MODE_DEBUG -Xcc -ivfsstatcache -Xcc /Users/jacksonsweet/Library/Developer/Xcode/DerivedData/SDKStatCaches.noindex/iphonesimulator18.2-22C146-07b28473f605e47e75261259d3ef3b5a.sdkstatcache -Xcc -I/Users/jacksonsweet/Library/Developer/Xcode/DerivedData/OPS-czavgtmnvamasvcjgszzuulfcsxj/Build/Intermediates.noindex/OPS.build/Debug-iphonesimulator/OPS.build/swift-overrides.hmap -Xcc -iquote -Xcc /Users/jacksonsweet/Library/Developer/Xcode/DerivedData/OPS-czavgtmnvamasvcjgszzuulfcsxj/Build/Intermediates.noindex/OPS.build/Debug-iphonesimulator/OPS.build/OPS-generated-files.hmap -Xcc -I/Users/jacksonsweet/Library/Developer/Xcode/DerivedData/OPS-czavgtmnvamasvcjgszzuulfcsxj/Build/Intermediates.noindex/OPS.build/Debug-iphonesimulator/OPS.build/OPS-own-target-headers.hmap -Xcc -I/Users/jacksonsweet/Library/Developer/Xcode/DerivedData/OPS-czavgtmnvamasvcjgszzuulfcsxj/Build/Intermediates.noindex/OPS.build/Debug-iphonesimulator/OPS.build/OPS-all-target-headers.hmap -Xcc -iquote -Xcc /Users/jacksonsweet/Library/Developer/Xcode/DerivedData/OPS-czavgtmnvamasvcjgszzuulfcsxj/Build/Intermediates.noindex/OPS.build/Debug-iphonesimulator/OPS.build/OPS-project-headers.hmap -Xcc -I/Users/jacksonsweet/Library/Developer/Xcode/DerivedData/OPS-czavgtmnvamasvcjgszzuulfcsxj/Build/Products/Debug-iphonesimulator/include -Xcc -I/Users/jacksonsweet/Library/Developer/Xcode/DerivedData/OPS-czavgtmnvamasvcjgszzuulfcsxj/Build/Intermediates.noindex/OPS.build/Debug-iphonesimulator/OPS.build/DerivedSources-normal/arm64 -Xcc -I/Users/jacksonsweet/Library/Developer/Xcode/DerivedData/OPS-czavgtmnvamasvcjgszzuulfcsxj/Build/Intermediates.noindex/OPS.build/Debug-iphonesimulator/OPS.build/DerivedSources/arm64 -Xcc -I/Users/jacksonsweet/Library/Developer/Xcode/DerivedData/OPS-czavgtmnvamasvcjgszzuulfcsxj/Build/Intermediates.noindex/OPS.build/Debug-iphonesimulator/OPS.build/DerivedSources -Xcc -DDEBUG\=1 -module-name OPS -frontend-parseable-output -disable-clang-spi -target-sdk-version 18.2 -target-sdk-name iphonesimulator18.2 -external-plugin-path /Applications/Xcode.app/Contents/Developer/Platforms/iPhoneOS.platform/Developer/usr/lib/swift/host/plugins\#/Applications/Xcode.app/Contents/Developer/Platforms/iPhoneOS.platform/Developer/usr/bin/swift-plugin-server -external-plugin-path /Applications/Xcode.app/Contents/Developer/Platforms/iPhoneOS.platform/Developer/usr/local/lib/swift/host/plugins\#/Applications/Xcode.app/Contents/Developer/Platforms/iPhoneOS.platform/Developer/usr/bin/swift-plugin-server -plugin-path /Applications/Xcode.app/Contents/Developer/Toolchains/XcodeDefault.xctoolchain/usr/lib/swift/host/plugins -plugin-path /Applications/Xcode.app/Contents/Developer/Toolchains/XcodeDefault.xctoolchain/usr/local/lib/swift/host/plugins -o /Users/jacksonsweet/Library/Developer/Xcode/DerivedData/OPS-czavgtmnvamasvcjgszzuulfcsxj/Build/Intermediates.noindex/OPS.build/Debug-iphonesimulator/OPS.build/Objects-normal/arm64/ProjectCard.o -o /Users/jacksonsweet/Library/Developer/Xcode/DerivedData/OPS-czavgtmnvamasvcjgszzuulfcsxj/Build/Intermediates.noindex/OPS.build/Debug-iphonesimulator/OPS.build/Objects-normal/arm64/ProjectCarousel.o -o /Users/jacksonsweet/Library/Developer/Xcode/DerivedData/OPS-czavgtmnvamasvcjgszzuulfcsxj/Build/Intermediates.noindex/OPS.build/Debug-iphonesimulator/OPS.build/Objects-normal/arm64/ProjectDetailsView.o -o /Users/jacksonsweet/Library/Developer/Xcode/DerivedData/OPS-czavgtmnvamasvcjgszzuulfcsxj/Build/Intermediates.noindex/OPS.build/Debug-iphonesimulator/OPS.build/Objects-normal/arm64/ProjectHeader.o -o /Users/jacksonsweet/Library/Developer/Xcode/DerivedData/OPS-czavgtmnvamasvcjgszzuulfcsxj/Build/Intermediates.noindex/OPS.build/Debug-iphonesimulator/OPS.build/Objects-normal/arm64/ProjectSheetContainer.o -o /Users/jacksonsweet/Library/Developer/Xcode/DerivedData/OPS-czavgtmnvamasvcjgszzuulfcsxj/Build/Intermediates.noindex/OPS.build/Debug-iphonesimulator/OPS.build/Objects-normal/arm64/TeamMemberListView.o -o /Users/jacksonsweet/Library/Developer/Xcode/DerivedData/OPS-czavgtmnvamasvcjgszzuulfcsxj/Build/Intermediates.noindex/OPS.build/Debug-iphonesimulator/OPS.build/Objects-normal/arm64/UserProfileCard.o -o /Users/jacksonsweet/Library/Developer/Xcode/DerivedData/OPS-czavgtmnvamasvcjgszzuulfcsxj/Build/Intermediates.noindex/OPS.build/Debug-iphonesimulator/OPS.build/Objects-normal/arm64/HomeContentView.o -o /Users/jacksonsweet/Library/Developer/Xcode/DerivedData/OPS-czavgtmnvamasvcjgszzuulfcsxj/Build/Intermediates.noindex/OPS.build/Debug-iphonesimulator/OPS.build/Objects-normal/arm64/HomeView.o -o /Users/jacksonsweet/Library/Developer/Xcode/DerivedData/OPS-czavgtmnvamasvcjgszzuulfcsxj/Build/Intermediates.noindex/OPS.build/Debug-iphonesimulator/OPS.build/Objects-normal/arm64/OrganizationSettingsView.o -o /Users/jacksonsweet/Library/Developer/Xcode/DerivedData/OPS-czavgtmnvamasvcjgszzuulfcsxj/Build/Intermediates.noindex/OPS.build/Debug-iphonesimulator/OPS.build/Objects-normal/arm64/ProfileSettingsView.o -o /Users/jacksonsweet/Library/Developer/Xcode/DerivedData/OPS-czavgtmnvamasvcjgszzuulfcsxj/Build/Intermediates.noindex/OPS.build/Debug-iphonesimulator/OPS.build/Objects-normal/arm64/ProjectHistorySettingsView.o -index-unit-output-path /OPS.build/Debug-iphonesimulator/OPS.build/Objects-normal/arm64/ProjectCard.o -index-unit-output-path /OPS.build/Debug-iphonesimulator/OPS.build/Objects-normal/arm64/ProjectCarousel.o -index-unit-output-path /OPS.build/Debug-iphonesimulator/OPS.build/Objects-normal/arm64/ProjectDetailsView.o -index-unit-output-path /OPS.build/Debug-iphonesimulator/OPS.build/Objects-normal/arm64/ProjectHeader.o -index-unit-output-path /OPS.build/Debug-iphonesimulator/OPS.build/Objects-normal/arm64/ProjectSheetContainer.o -index-unit-output-path /OPS.build/Debug-iphonesimulator/OPS.build/Objects-normal/arm64/TeamMemberListView.o -index-unit-output-path /OPS.build/Debug-iphonesimulator/OPS.build/Objects-normal/arm64/UserProfileCard.o -index-unit-output-path /OPS.build/Debug-iphonesimulator/OPS.build/Objects-normal/arm64/HomeContentView.o -index-unit-output-path /OPS.build/Debug-iphonesimulator/OPS.build/Objects-normal/arm64/HomeView.o -index-unit-output-path /OPS.build/Debug-iphonesimulator/OPS.build/Objects-normal/arm64/OrganizationSettingsView.o -index-unit-output-path /OPS.build/Debug-iphonesimulator/OPS.build/Objects-normal/arm64/ProfileSettingsView.o -index-unit-output-path /OPS.build/Debug-iphonesimulator/OPS.build/Objects-normal/arm64/ProjectHistorySettingsView.o -index-store-path /Users/jacksonsweet/Library/Developer/Xcode/DerivedData/OPS-czavgtmnvamasvcjgszzuulfcsxj/Index.noindex/DataStore -index-system-modules

SwiftCompile normal arm64 Compiling\ PasswordView.swift,\ PasswordViewPreview.swift,\ PermissionsView.swift,\ PermissionsViewPreview.swift,\ PhoneNumberView.swift,\ PhoneNumberViewPreview.swift,\ UserInfoView.swift,\ UserInfoViewPreview.swift,\ VerifyPhoneView.swift,\ WelcomeCompanyView.swift,\ WelcomeCompanyViewPreview.swift,\ WelcomeView.swift,\ WelcomeViewPreview.swift /Users/jacksonsweet/Desktop/OPS\ APP/OPS/OPS/Onboarding/Views/Screens/PasswordView.swift /Users/jacksonsweet/Desktop/OPS\ APP/OPS/OPS/Onboarding/Views/Screens/PasswordViewPreview.swift /Users/jacksonsweet/Desktop/OPS\ APP/OPS/OPS/Onboarding/Views/Screens/PermissionsView.swift /Users/jacksonsweet/Desktop/OPS\ APP/OPS/OPS/Onboarding/Views/Screens/PermissionsViewPreview.swift /Users/jacksonsweet/Desktop/OPS\ APP/OPS/OPS/Onboarding/Views/Screens/PhoneNumberView.swift /Users/jacksonsweet/Desktop/OPS\ APP/OPS/OPS/Onboarding/Views/Screens/PhoneNumberViewPreview.swift /Users/jacksonsweet/Desktop/OPS\ APP/OPS/OPS/Onboarding/Views/Screens/UserInfoView.swift /Users/jacksonsweet/Desktop/OPS\ APP/OPS/OPS/Onboarding/Views/Screens/UserInfoViewPreview.swift /Users/jacksonsweet/Desktop/OPS\ APP/OPS/OPS/Onboarding/Views/Screens/VerifyPhoneView.swift /Users/jacksonsweet/Desktop/OPS\ APP/OPS/OPS/Onboarding/Views/Screens/WelcomeCompanyView.swift /Users/jacksonsweet/Desktop/OPS\ APP/OPS/OPS/Onboarding/Views/Screens/WelcomeCompanyViewPreview.swift /Users/jacksonsweet/Desktop/OPS\ APP/OPS/OPS/Onboarding/Views/Screens/WelcomeView.swift /Users/jacksonsweet/Desktop/OPS\ APP/OPS/OPS/Onboarding/Views/Screens/WelcomeViewPreview.swift (in target 'OPS' from project 'OPS')
    cd /Users/jacksonsweet/Desktop/OPS\ APP/OPS
    builtin-swiftTaskExecution -- /Applications/Xcode.app/Contents/Developer/Toolchains/XcodeDefault.xctoolchain/usr/bin/swift-frontend -frontend -c /Users/jacksonsweet/Desktop/OPS\ APP/OPS/OPS/DataModels/BubbleImage.swift /Users/jacksonsweet/Desktop/OPS\ APP/OPS/OPS/DataModels/BubbleTypes.swift /Users/jacksonsweet/Desktop/OPS\ APP/OPS/OPS/DataModels/Company.swift /Users/jacksonsweet/Desktop/OPS\ APP/OPS/OPS/DataModels/Project.swift /Users/jacksonsweet/Desktop/OPS\ APP/OPS/OPS/DataModels/Status.swift /Users/jacksonsweet/Desktop/OPS\ APP/OPS/OPS/DataModels/User.swift /Users/jacksonsweet/Desktop/OPS\ APP/OPS/OPS/DataModels/UserRole.swift /Users/jacksonsweet/Desktop/OPS\ APP/OPS/OPS/Extensions/UIImage+Extensions.swift /Users/jacksonsweet/Desktop/OPS\ APP/OPS/OPS/Network/API/APIError.swift /Users/jacksonsweet/Desktop/OPS\ APP/OPS/OPS/Network/API/APIService.swift /Users/jacksonsweet/Desktop/OPS\ APP/OPS/OPS/Network/API/BubbleFields.swift /Users/jacksonsweet/Desktop/OPS\ APP/OPS/OPS/Network/Auth/AuthError.swift /Users/jacksonsweet/Desktop/OPS\ APP/OPS/OPS/Network/Auth/AuthManager.swift /Users/jacksonsweet/Desktop/OPS\ APP/OPS/OPS/Network/Auth/KeychainManager.swift /Users/jacksonsweet/Desktop/OPS\ APP/OPS/OPS/Network/DTOs/CompanyDTO.swift /Users/jacksonsweet/Desktop/OPS\ APP/OPS/OPS/Network/DTOs/ProjectDTO.swift /Users/jacksonsweet/Desktop/OPS\ APP/OPS/OPS/Network/DTOs/UserDTO.swift /Users/jacksonsweet/Desktop/OPS\ APP/OPS/OPS/Network/Endpoints/CompanyEndpoints.swift /Users/jacksonsweet/Desktop/OPS\ APP/OPS/OPS/Network/Endpoints/ProjectEndpoints.swift /Users/jacksonsweet/Desktop/OPS\ APP/OPS/OPS/Network/Endpoints/UserEndpoints.swift /Users/jacksonsweet/Desktop/OPS\ APP/OPS/OPS/Network/Sync/BackgroundTaskManager.swift /Users/jacksonsweet/Desktop/OPS\ APP/OPS/OPS/Network/Sync/SyncManager.swift /Users/jacksonsweet/Desktop/OPS\ APP/OPS/OPS/Network/ConnectivityMonitor.swift /Users/jacksonsweet/Desktop/OPS\ APP/OPS/OPS/Network/ImageSyncManager.swift /Users/jacksonsweet/Desktop/OPS\ APP/OPS/OPS/Onboarding/Coordinators/OnboardingCoordinator.swift /Users/jacksonsweet/Desktop/OPS\ APP/OPS/OPS/Onboarding/Models/OnboardingModels.swift /Users/jacksonsweet/Desktop/OPS\ APP/OPS/OPS/Onboarding/Services/OnboardingService.swift /Users/jacksonsweet/Desktop/OPS\ APP/OPS/OPS/Onboarding/ViewModels/OnboardingViewModel.swift /Users/jacksonsweet/Desktop/OPS\ APP/OPS/OPS/Onboarding/Views/Components/OnboardingComponents.swift /Users/jacksonsweet/Desktop/OPS\ APP/OPS/OPS/Onboarding/Views/Screens/AccountCreatedView.swift /Users/jacksonsweet/Desktop/OPS\ APP/OPS/OPS/Onboarding/Views/Screens/CompanyCodeView.swift /Users/jacksonsweet/Desktop/OPS\ APP/OPS/OPS/Onboarding/Views/Screens/CompanyCodeViewPreview.swift /Users/jacksonsweet/Desktop/OPS\ APP/OPS/OPS/Onboarding/Views/Screens/CompletionView.swift /Users/jacksonsweet/Desktop/OPS\ APP/OPS/OPS/Onboarding/Views/Screens/CompletionViewPreview.swift /Users/jacksonsweet/Desktop/OPS\ APP/OPS/OPS/Onboarding/Views/Screens/EmailView.swift /Users/jacksonsweet/Desktop/OPS\ APP/OPS/OPS/Onboarding/Views/Screens/FieldSetupView.swift /Users/jacksonsweet/Desktop/OPS\ APP/OPS/OPS/Onboarding/Views/Screens/NotificationsView.swift /Users/jacksonsweet/Desktop/OPS\ APP/OPS/OPS/Onboarding/Views/Screens/NotificationsViewPreview.swift /Users/jacksonsweet/Desktop/OPS\ APP/OPS/OPS/Onboarding/Views/Screens/OrganizationJoinView.swift -primary-file /Users/jacksonsweet/Desktop/OPS\ APP/OPS/OPS/Onboarding/Views/Screens/PasswordView.swift -primary-file /Users/jacksonsweet/Desktop/OPS\ APP/OPS/OPS/Onboarding/Views/Screens/PasswordViewPreview.swift -primary-file /Users/jacksonsweet/Desktop/OPS\ APP/OPS/OPS/Onboarding/Views/Screens/PermissionsView.swift -primary-file /Users/jacksonsweet/Desktop/OPS\ APP/OPS/OPS/Onboarding/Views/Screens/PermissionsViewPreview.swift -primary-file /Users/jacksonsweet/Desktop/OPS\ APP/OPS/OPS/Onboarding/Views/Screens/PhoneNumberView.swift -primary-file /Users/jacksonsweet/Desktop/OPS\ APP/OPS/OPS/Onboarding/Views/Screens/PhoneNumberViewPreview.swift -primary-file /Users/jacksonsweet/Desktop/OPS\ APP/OPS/OPS/Onboarding/Views/Screens/UserInfoView.swift -primary-file /Users/jacksonsweet/Desktop/OPS\ APP/OPS/OPS/Onboarding/Views/Screens/UserInfoViewPreview.swift -primary-file /Users/jacksonsweet/Desktop/OPS\ APP/OPS/OPS/Onboarding/Views/Screens/VerifyPhoneView.swift -primary-file /Users/jacksonsweet/Desktop/OPS\ APP/OPS/OPS/Onboarding/Views/Screens/WelcomeCompanyView.swift -primary-file /Users/jacksonsweet/Desktop/OPS\ APP/OPS/OPS/Onboarding/Views/Screens/WelcomeCompanyViewPreview.swift -primary-file /Users/jacksonsweet/Desktop/OPS\ APP/OPS/OPS/Onboarding/Views/Screens/WelcomeView.swift -primary-file /Users/jacksonsweet/Desktop/OPS\ APP/OPS/OPS/Onboarding/Views/Screens/WelcomeViewPreview.swift /Users/jacksonsweet/Desktop/OPS\ APP/OPS/OPS/Onboarding/Views/OnboardingContainerView.swift /Users/jacksonsweet/Desktop/OPS\ APP/OPS/OPS/Onboarding/Views/OnboardingFlowPreview.swift /Users/jacksonsweet/Desktop/OPS\ APP/OPS/OPS/Onboarding/Views/OnboardingPresenter.swift /Users/jacksonsweet/Desktop/OPS\ APP/OPS/OPS/Onboarding/Views/OnboardingPreviewHelpers.swift /Users/jacksonsweet/Desktop/OPS\ APP/OPS/OPS/Styles/OPSStyle.swift /Users/jacksonsweet/Desktop/OPS\ APP/OPS/OPS/Utilities/AppConfiguration.swift /Users/jacksonsweet/Desktop/OPS\ APP/OPS/OPS/Utilities/ArrayTransformer.swift /Users/jacksonsweet/Desktop/OPS\ APP/OPS/OPS/Utilities/DataController.swift /Users/jacksonsweet/Desktop/OPS\ APP/OPS/OPS/Utilities/Dateformatter\ +Bubble.swift /Users/jacksonsweet/Desktop/OPS\ APP/OPS/OPS/Utilities/DateHelper.swift /Users/jacksonsweet/Desktop/OPS\ APP/OPS/OPS/Utilities/FieldErrorHandler.swift /Users/jacksonsweet/Desktop/OPS\ APP/OPS/OPS/Utilities/ImageCache.swift /Users/jacksonsweet/Desktop/OPS\ APP/OPS/OPS/Utilities/ImageFileManager.swift /Users/jacksonsweet/Desktop/OPS\ APP/OPS/OPS/Utilities/InProgressManager.swift /Users/jacksonsweet/Desktop/OPS\ APP/OPS/OPS/Utilities/KeyboardDismissalModifier.swift /Users/jacksonsweet/Desktop/OPS\ APP/OPS/OPS/Utilities/LocationManager.swift /Users/jacksonsweet/Desktop/OPS\ APP/OPS/OPS/Utilities/OnboardingEnvironmentKey.swift /Users/jacksonsweet/Desktop/OPS\ APP/OPS/OPS/Utilities/SwiftDataHelper.swift /Users/jacksonsweet/Desktop/OPS\ APP/OPS/OPS/Utilities/UIComponents.swift /Users/jacksonsweet/Desktop/OPS\ APP/OPS/OPS/V2/CertificationsSettingsView.swift /Users/jacksonsweet/Desktop/OPS\ APP/OPS/OPS/ViewModels/CalendarViewModel.swift /Users/jacksonsweet/Desktop/OPS\ APP/OPS/OPS/ViewModels/ProjectsViewModel.swift /Users/jacksonsweet/Desktop/OPS\ APP/OPS/OPS/Views/Calendar\ Tab/Components/CalendarDaySelector.swift /Users/jacksonsweet/Desktop/OPS\ APP/OPS/OPS/Views/Calendar\ Tab/Components/CalendarHeaderView.swift /Users/jacksonsweet/Desktop/OPS\ APP/OPS/OPS/Views/Calendar\ Tab/Components/CalendarProjectCard.swift /Users/jacksonsweet/Desktop/OPS\ APP/OPS/OPS/Views/Calendar\ Tab/Components/CalendarToggleView.swift /Users/jacksonsweet/Desktop/OPS\ APP/OPS/OPS/Views/Calendar\ Tab/Components/DatePickerPopover.swift /Users/jacksonsweet/Desktop/OPS\ APP/OPS/OPS/Views/Calendar\ Tab/Components/DayCell.swift /Users/jacksonsweet/Desktop/OPS\ APP/OPS/OPS/Views/Calendar\ Tab/ProjectViews/DayProjectSheet.swift /Users/jacksonsweet/Desktop/OPS\ APP/OPS/OPS/Views/Calendar\ Tab/ProjectViews/ProjectListView.swift /Users/jacksonsweet/Desktop/OPS\ APP/OPS/OPS/Views/Calendar\ Tab/MonthGridView.swift /Users/jacksonsweet/Desktop/OPS\ APP/OPS/OPS/Views/Components/Common/AppHeader.swift /Users/jacksonsweet/Desktop/OPS\ APP/OPS/OPS/Views/Components/Common/ExpandableNotesView.swift /Users/jacksonsweet/Desktop/OPS\ APP/OPS/OPS/Views/Components/Common/LocationPermissionView.swift /Users/jacksonsweet/Desktop/OPS\ APP/OPS/OPS/Views/Components/Common/NavigationBanner.swift /Users/jacksonsweet/Desktop/OPS\ APP/OPS/OPS/Views/Components/Common/NavigationControlsView.swift /Users/jacksonsweet/Desktop/OPS\ APP/OPS/OPS/Views/Components/Common/TabBarBackground.swift /Users/jacksonsweet/Desktop/OPS\ APP/OPS/OPS/Views/Components/Images/ImagePicker.swift /Users/jacksonsweet/Desktop/OPS\ APP/OPS/OPS/Views/Components/Images/ImagePickerView.swift /Users/jacksonsweet/Desktop/OPS\ APP/OPS/OPS/Views/Components/Images/ProjectImagesSection.swift /Users/jacksonsweet/Desktop/OPS\ APP/OPS/OPS/Views/Components/Images/ProjectImagesSimple.swift /Users/jacksonsweet/Desktop/OPS\ APP/OPS/OPS/Views/Components/Images/ProjectImageView.swift /Users/jacksonsweet/Desktop/OPS\ APP/OPS/OPS/Views/Components/Images/ProjectPhotosGrid.swift /Users/jacksonsweet/Desktop/OPS\ APP/OPS/OPS/Views/Components/Map/MiniMapView.swift /Users/jacksonsweet/Desktop/OPS\ APP/OPS/OPS/Views/Components/Map/ProjectMapAnnotation.swift /Users/jacksonsweet/Desktop/OPS\ APP/OPS/OPS/Views/Components/Map/ProjectMapView.swift /Users/jacksonsweet/Desktop/OPS\ APP/OPS/OPS/Views/Components/Map/ProjectMarkerPopup.swift /Users/jacksonsweet/Desktop/OPS\ APP/OPS/OPS/Views/Components/Map/RouteDirectionsView.swift /Users/jacksonsweet/Desktop/OPS\ APP/OPS/OPS/Views/Components/Project/ProjectActionBar.swift /Users/jacksonsweet/Desktop/OPS\ APP/OPS/OPS/Views/Components/Project/ProjectCard.swift /Users/jacksonsweet/Desktop/OPS\ APP/OPS/OPS/Views/Components/Project/ProjectCarousel.swift /Users/jacksonsweet/Desktop/OPS\ APP/OPS/OPS/Views/Components/Project/ProjectDetailsView.swift /Users/jacksonsweet/Desktop/OPS\ APP/OPS/OPS/Views/Components/Project/ProjectHeader.swift /Users/jacksonsweet/Desktop/OPS\ APP/OPS/OPS/Views/Components/Project/ProjectSheetContainer.swift /Users/jacksonsweet/Desktop/OPS\ APP/OPS/OPS/Views/Components/User/TeamMemberListView.swift /Users/jacksonsweet/Desktop/OPS\ APP/OPS/OPS/Views/Components/User/UserProfileCard.swift /Users/jacksonsweet/Desktop/OPS\ APP/OPS/OPS/Views/Home/HomeContentView.swift /Users/jacksonsweet/Desktop/OPS\ APP/OPS/OPS/Views/Home/HomeView.swift /Users/jacksonsweet/Desktop/OPS\ APP/OPS/OPS/Views/Settings/OrganizationSettingsView.swift /Users/jacksonsweet/Desktop/OPS\ APP/OPS/OPS/Views/Settings/ProfileSettingsView.swift /Users/jacksonsweet/Desktop/OPS\ APP/OPS/OPS/Views/Settings/ProjectHistorySettingsView.swift /Users/jacksonsweet/Desktop/OPS\ APP/OPS/OPS/Views/LoginView.swift /Users/jacksonsweet/Desktop/OPS\ APP/OPS/OPS/Views/LoginViewPreview.swift /Users/jacksonsweet/Desktop/OPS\ APP/OPS/OPS/Views/MainTabView.swift /Users/jacksonsweet/Desktop/OPS\ APP/OPS/OPS/Views/NetworkStatusIndicator.swift /Users/jacksonsweet/Desktop/OPS\ APP/OPS/OPS/Views/ScheduleView.swift /Users/jacksonsweet/Desktop/OPS\ APP/OPS/OPS/Views/SettingsView.swift /Users/jacksonsweet/Desktop/OPS\ APP/OPS/OPS/Views/SplashScreen.swift /Users/jacksonsweet/Desktop/OPS\ APP/OPS/OPS/AppState.swift /Users/jacksonsweet/Desktop/OPS\ APP/OPS/OPS/ContentView.swift /Users/jacksonsweet/Desktop/OPS\ APP/OPS/OPS/Item.swift /Users/jacksonsweet/Desktop/OPS\ APP/OPS/OPS/OPSApp.swift /Users/jacksonsweet/Library/Developer/Xcode/DerivedData/OPS-czavgtmnvamasvcjgszzuulfcsxj/Build/Intermediates.noindex/OPS.build/Debug-iphonesimulator/OPS.build/DerivedSources/GeneratedAssetSymbols.swift -supplementary-output-file-map /Users/jacksonsweet/Library/Developer/Xcode/DerivedData/OPS-czavgtmnvamasvcjgszzuulfcsxj/Build/Intermediates.noindex/OPS.build/Debug-iphonesimulator/OPS.build/Objects-normal/arm64/supplementaryOutputs-4 -emit-localized-strings -emit-localized-strings-path /Users/jacksonsweet/Library/Developer/Xcode/DerivedData/OPS-czavgtmnvamasvcjgszzuulfcsxj/Build/Intermediates.noindex/OPS.build/Debug-iphonesimulator/OPS.build/Objects-normal/arm64 -target arm64-apple-ios18.2-simulator -Xllvm -aarch64-use-tbi -enable-objc-interop -sdk /Applications/Xcode.app/Contents/Developer/Platforms/iPhoneSimulator.platform/Developer/SDKs/iPhoneSimulator18.2.sdk -I /Users/jacksonsweet/Library/Developer/Xcode/DerivedData/OPS-czavgtmnvamasvcjgszzuulfcsxj/Build/Products/Debug-iphonesimulator -F /Users/jacksonsweet/Library/Developer/Xcode/DerivedData/OPS-czavgtmnvamasvcjgszzuulfcsxj/Build/Products/Debug-iphonesimulator -no-color-diagnostics -enable-testing -g -debug-info-format\=dwarf -dwarf-version\=5 -module-cache-path /Users/jacksonsweet/Library/Developer/Xcode/DerivedData/ModuleCache.noindex -profile-generate -profile-coverage-mapping -swift-version 5 -enforce-exclusivity\=checked -Onone -D DEBUG -serialize-debugging-options -const-gather-protocols-file /Users/jacksonsweet/Library/Developer/Xcode/DerivedData/OPS-czavgtmnvamasvcjgszzuulfcsxj/Build/Intermediates.noindex/OPS.build/Debug-iphonesimulator/OPS.build/Objects-normal/arm64/OPS_const_extract_protocols.json -enable-experimental-feature DebugDescriptionMacro -enable-experimental-feature OpaqueTypeErasure -enable-bare-slash-regex -empty-abi-descriptor -validate-clang-modules-once -clang-build-session-file /Users/jacksonsweet/Library/Developer/Xcode/DerivedData/ModuleCache.noindex/Session.modulevalidation -Xcc -working-directory -Xcc /Users/jacksonsweet/Desktop/OPS\ APP/OPS -resource-dir /Applications/Xcode.app/Contents/Developer/Toolchains/XcodeDefault.xctoolchain/usr/lib/swift -enable-anonymous-context-mangled-names -file-compilation-dir /Users/jacksonsweet/Desktop/OPS\ APP/OPS -Xcc -D_LIBCPP_HARDENING_MODE\=_LIBCPP_HARDENING_MODE_DEBUG -Xcc -ivfsstatcache -Xcc /Users/jacksonsweet/Library/Developer/Xcode/DerivedData/SDKStatCaches.noindex/iphonesimulator18.2-22C146-07b28473f605e47e75261259d3ef3b5a.sdkstatcache -Xcc -I/Users/jacksonsweet/Library/Developer/Xcode/DerivedData/OPS-czavgtmnvamasvcjgszzuulfcsxj/Build/Intermediates.noindex/OPS.build/Debug-iphonesimulator/OPS.build/swift-overrides.hmap -Xcc -iquote -Xcc /Users/jacksonsweet/Library/Developer/Xcode/DerivedData/OPS-czavgtmnvamasvcjgszzuulfcsxj/Build/Intermediates.noindex/OPS.build/Debug-iphonesimulator/OPS.build/OPS-generated-files.hmap -Xcc -I/Users/jacksonsweet/Library/Developer/Xcode/DerivedData/OPS-czavgtmnvamasvcjgszzuulfcsxj/Build/Intermediates.noindex/OPS.build/Debug-iphonesimulator/OPS.build/OPS-own-target-headers.hmap -Xcc -I/Users/jacksonsweet/Library/Developer/Xcode/DerivedData/OPS-czavgtmnvamasvcjgszzuulfcsxj/Build/Intermediates.noindex/OPS.build/Debug-iphonesimulator/OPS.build/OPS-all-target-headers.hmap -Xcc -iquote -Xcc /Users/jacksonsweet/Library/Developer/Xcode/DerivedData/OPS-czavgtmnvamasvcjgszzuulfcsxj/Build/Intermediates.noindex/OPS.build/Debug-iphonesimulator/OPS.build/OPS-project-headers.hmap -Xcc -I/Users/jacksonsweet/Library/Developer/Xcode/DerivedData/OPS-czavgtmnvamasvcjgszzuulfcsxj/Build/Products/Debug-iphonesimulator/include -Xcc -I/Users/jacksonsweet/Library/Developer/Xcode/DerivedData/OPS-czavgtmnvamasvcjgszzuulfcsxj/Build/Intermediates.noindex/OPS.build/Debug-iphonesimulator/OPS.build/DerivedSources-normal/arm64 -Xcc -I/Users/jacksonsweet/Library/Developer/Xcode/DerivedData/OPS-czavgtmnvamasvcjgszzuulfcsxj/Build/Intermediates.noindex/OPS.build/Debug-iphonesimulator/OPS.build/DerivedSources/arm64 -Xcc -I/Users/jacksonsweet/Library/Developer/Xcode/DerivedData/OPS-czavgtmnvamasvcjgszzuulfcsxj/Build/Intermediates.noindex/OPS.build/Debug-iphonesimulator/OPS.build/DerivedSources -Xcc -DDEBUG\=1 -module-name OPS -frontend-parseable-output -disable-clang-spi -target-sdk-version 18.2 -target-sdk-name iphonesimulator18.2 -external-plugin-path /Applications/Xcode.app/Contents/Developer/Platforms/iPhoneOS.platform/Developer/usr/lib/swift/host/plugins\#/Applications/Xcode.app/Contents/Developer/Platforms/iPhoneOS.platform/Developer/usr/bin/swift-plugin-server -external-plugin-path /Applications/Xcode.app/Contents/Developer/Platforms/iPhoneOS.platform/Developer/usr/local/lib/swift/host/plugins\#/Applications/Xcode.app/Contents/Developer/Platforms/iPhoneOS.platform/Developer/usr/bin/swift-plugin-server -plugin-path /Applications/Xcode.app/Contents/Developer/Toolchains/XcodeDefault.xctoolchain/usr/lib/swift/host/plugins -plugin-path /Applications/Xcode.app/Contents/Developer/Toolchains/XcodeDefault.xctoolchain/usr/local/lib/swift/host/plugins -o /Users/jacksonsweet/Library/Developer/Xcode/DerivedData/OPS-czavgtmnvamasvcjgszzuulfcsxj/Build/Intermediates.noindex/OPS.build/Debug-iphonesimulator/OPS.build/Objects-normal/arm64/PasswordView.o -o /Users/jacksonsweet/Library/Developer/Xcode/DerivedData/OPS-czavgtmnvamasvcjgszzuulfcsxj/Build/Intermediates.noindex/OPS.build/Debug-iphonesimulator/OPS.build/Objects-normal/arm64/PasswordViewPreview.o -o /Users/jacksonsweet/Library/Developer/Xcode/DerivedData/OPS-czavgtmnvamasvcjgszzuulfcsxj/Build/Intermediates.noindex/OPS.build/Debug-iphonesimulator/OPS.build/Objects-normal/arm64/PermissionsView.o -o /Users/jacksonsweet/Library/Developer/Xcode/DerivedData/OPS-czavgtmnvamasvcjgszzuulfcsxj/Build/Intermediates.noindex/OPS.build/Debug-iphonesimulator/OPS.build/Objects-normal/arm64/PermissionsViewPreview.o -o /Users/jacksonsweet/Library/Developer/Xcode/DerivedData/OPS-czavgtmnvamasvcjgszzuulfcsxj/Build/Intermediates.noindex/OPS.build/Debug-iphonesimulator/OPS.build/Objects-normal/arm64/PhoneNumberView.o -o /Users/jacksonsweet/Library/Developer/Xcode/DerivedData/OPS-czavgtmnvamasvcjgszzuulfcsxj/Build/Intermediates.noindex/OPS.build/Debug-iphonesimulator/OPS.build/Objects-normal/arm64/PhoneNumberViewPreview.o -o /Users/jacksonsweet/Library/Developer/Xcode/DerivedData/OPS-czavgtmnvamasvcjgszzuulfcsxj/Build/Intermediates.noindex/OPS.build/Debug-iphonesimulator/OPS.build/Objects-normal/arm64/UserInfoView.o -o /Users/jacksonsweet/Library/Developer/Xcode/DerivedData/OPS-czavgtmnvamasvcjgszzuulfcsxj/Build/Intermediates.noindex/OPS.build/Debug-iphonesimulator/OPS.build/Objects-normal/arm64/UserInfoViewPreview.o -o /Users/jacksonsweet/Library/Developer/Xcode/DerivedData/OPS-czavgtmnvamasvcjgszzuulfcsxj/Build/Intermediates.noindex/OPS.build/Debug-iphonesimulator/OPS.build/Objects-normal/arm64/VerifyPhoneView.o -o /Users/jacksonsweet/Library/Developer/Xcode/DerivedData/OPS-czavgtmnvamasvcjgszzuulfcsxj/Build/Intermediates.noindex/OPS.build/Debug-iphonesimulator/OPS.build/Objects-normal/arm64/WelcomeCompanyView.o -o /Users/jacksonsweet/Library/Developer/Xcode/DerivedData/OPS-czavgtmnvamasvcjgszzuulfcsxj/Build/Intermediates.noindex/OPS.build/Debug-iphonesimulator/OPS.build/Objects-normal/arm64/WelcomeCompanyViewPreview.o -o /Users/jacksonsweet/Library/Developer/Xcode/DerivedData/OPS-czavgtmnvamasvcjgszzuulfcsxj/Build/Intermediates.noindex/OPS.build/Debug-iphonesimulator/OPS.build/Objects-normal/arm64/WelcomeView.o -o /Users/jacksonsweet/Library/Developer/Xcode/DerivedData/OPS-czavgtmnvamasvcjgszzuulfcsxj/Build/Intermediates.noindex/OPS.build/Debug-iphonesimulator/OPS.build/Objects-normal/arm64/WelcomeViewPreview.o -index-unit-output-path /OPS.build/Debug-iphonesimulator/OPS.build/Objects-normal/arm64/PasswordView.o -index-unit-output-path /OPS.build/Debug-iphonesimulator/OPS.build/Objects-normal/arm64/PasswordViewPreview.o -index-unit-output-path /OPS.build/Debug-iphonesimulator/OPS.build/Objects-normal/arm64/PermissionsView.o -index-unit-output-path /OPS.build/Debug-iphonesimulator/OPS.build/Objects-normal/arm64/PermissionsViewPreview.o -index-unit-output-path /OPS.build/Debug-iphonesimulator/OPS.build/Objects-normal/arm64/PhoneNumberView.o -index-unit-output-path /OPS.build/Debug-iphonesimulator/OPS.build/Objects-normal/arm64/PhoneNumberViewPreview.o -index-unit-output-path /OPS.build/Debug-iphonesimulator/OPS.build/Objects-normal/arm64/UserInfoView.o -index-unit-output-path /OPS.build/Debug-iphonesimulator/OPS.build/Objects-normal/arm64/UserInfoViewPreview.o -index-unit-output-path /OPS.build/Debug-iphonesimulator/OPS.build/Objects-normal/arm64/VerifyPhoneView.o -index-unit-output-path /OPS.build/Debug-iphonesimulator/OPS.build/Objects-normal/arm64/WelcomeCompanyView.o -index-unit-output-path /OPS.build/Debug-iphonesimulator/OPS.build/Objects-normal/arm64/WelcomeCompanyViewPreview.o -index-unit-output-path /OPS.build/Debug-iphonesimulator/OPS.build/Objects-normal/arm64/WelcomeView.o -index-unit-output-path /OPS.build/Debug-iphonesimulator/OPS.build/Objects-normal/arm64/WelcomeViewPreview.o -index-store-path /Users/jacksonsweet/Library/Developer/Xcode/DerivedData/OPS-czavgtmnvamasvcjgszzuulfcsxj/Index.noindex/DataStore -index-system-modules

SwiftCompile normal arm64 /Users/jacksonsweet/Desktop/OPS\ APP/OPS/OPS/Onboarding/Views/Screens/PasswordView.swift (in target 'OPS' from project 'OPS')
    cd /Users/jacksonsweet/Desktop/OPS\ APP/OPS
    /Applications/Xcode.app/Contents/Developer/Toolchains/XcodeDefault.xctoolchain/usr/bin/swift-frontend -c /Users/jacksonsweet/Desktop/OPS\ APP/OPS/OPS/DataModels/BubbleImage.swift /Users/jacksonsweet/Desktop/OPS\ APP/OPS/OPS/DataModels/BubbleTypes.swift /Users/jacksonsweet/Desktop/OPS\ APP/OPS/OPS/DataModels/Company.swift /Users/jacksonsweet/Desktop/OPS\ APP/OPS/OPS/DataModels/Project.swift /Users/jacksonsweet/Desktop/OPS\ APP/OPS/OPS/DataModels/Status.swift /Users/jacksonsweet/Desktop/OPS\ APP/OPS/OPS/DataModels/User.swift /Users/jacksonsweet/Desktop/OPS\ APP/OPS/OPS/DataModels/UserRole.swift /Users/jacksonsweet/Desktop/OPS\ APP/OPS/OPS/Extensions/UIImage+Extensions.swift /Users/jacksonsweet/Desktop/OPS\ APP/OPS/OPS/Network/API/APIError.swift /Users/jacksonsweet/Desktop/OPS\ APP/OPS/OPS/Network/API/APIService.swift /Users/jacksonsweet/Desktop/OPS\ APP/OPS/OPS/Network/API/BubbleFields.swift /Users/jacksonsweet/Desktop/OPS\ APP/OPS/OPS/Network/Auth/AuthError.swift /Users/jacksonsweet/Desktop/OPS\ APP/OPS/OPS/Network/Auth/AuthManager.swift /Users/jacksonsweet/Desktop/OPS\ APP/OPS/OPS/Network/Auth/KeychainManager.swift /Users/jacksonsweet/Desktop/OPS\ APP/OPS/OPS/Network/DTOs/CompanyDTO.swift /Users/jacksonsweet/Desktop/OPS\ APP/OPS/OPS/Network/DTOs/ProjectDTO.swift /Users/jacksonsweet/Desktop/OPS\ APP/OPS/OPS/Network/DTOs/UserDTO.swift /Users/jacksonsweet/Desktop/OPS\ APP/OPS/OPS/Network/Endpoints/CompanyEndpoints.swift /Users/jacksonsweet/Desktop/OPS\ APP/OPS/OPS/Network/Endpoints/ProjectEndpoints.swift /Users/jacksonsweet/Desktop/OPS\ APP/OPS/OPS/Network/Endpoints/UserEndpoints.swift /Users/jacksonsweet/Desktop/OPS\ APP/OPS/OPS/Network/Sync/BackgroundTaskManager.swift /Users/jacksonsweet/Desktop/OPS\ APP/OPS/OPS/Network/Sync/SyncManager.swift /Users/jacksonsweet/Desktop/OPS\ APP/OPS/OPS/Network/ConnectivityMonitor.swift /Users/jacksonsweet/Desktop/OPS\ APP/OPS/OPS/Network/ImageSyncManager.swift /Users/jacksonsweet/Desktop/OPS\ APP/OPS/OPS/Onboarding/Coordinators/OnboardingCoordinator.swift /Users/jacksonsweet/Desktop/OPS\ APP/OPS/OPS/Onboarding/Models/OnboardingModels.swift /Users/jacksonsweet/Desktop/OPS\ APP/OPS/OPS/Onboarding/Services/OnboardingService.swift /Users/jacksonsweet/Desktop/OPS\ APP/OPS/OPS/Onboarding/ViewModels/OnboardingViewModel.swift /Users/jacksonsweet/Desktop/OPS\ APP/OPS/OPS/Onboarding/Views/Components/OnboardingComponents.swift /Users/jacksonsweet/Desktop/OPS\ APP/OPS/OPS/Onboarding/Views/Screens/AccountCreatedView.swift /Users/jacksonsweet/Desktop/OPS\ APP/OPS/OPS/Onboarding/Views/Screens/CompanyCodeView.swift /Users/jacksonsweet/Desktop/OPS\ APP/OPS/OPS/Onboarding/Views/Screens/CompanyCodeViewPreview.swift /Users/jacksonsweet/Desktop/OPS\ APP/OPS/OPS/Onboarding/Views/Screens/CompletionView.swift /Users/jacksonsweet/Desktop/OPS\ APP/OPS/OPS/Onboarding/Views/Screens/CompletionViewPreview.swift /Users/jacksonsweet/Desktop/OPS\ APP/OPS/OPS/Onboarding/Views/Screens/EmailView.swift /Users/jacksonsweet/Desktop/OPS\ APP/OPS/OPS/Onboarding/Views/Screens/FieldSetupView.swift /Users/jacksonsweet/Desktop/OPS\ APP/OPS/OPS/Onboarding/Views/Screens/NotificationsView.swift /Users/jacksonsweet/Desktop/OPS\ APP/OPS/OPS/Onboarding/Views/Screens/NotificationsViewPreview.swift /Users/jacksonsweet/Desktop/OPS\ APP/OPS/OPS/Onboarding/Views/Screens/OrganizationJoinView.swift -primary-file /Users/jacksonsweet/Desktop/OPS\ APP/OPS/OPS/Onboarding/Views/Screens/PasswordView.swift -primary-file /Users/jacksonsweet/Desktop/OPS\ APP/OPS/OPS/Onboarding/Views/Screens/PasswordViewPreview.swift -primary-file /Users/jacksonsweet/Desktop/OPS\ APP/OPS/OPS/Onboarding/Views/Screens/PermissionsView.swift -primary-file /Users/jacksonsweet/Desktop/OPS\ APP/OPS/OPS/Onboarding/Views/Screens/PermissionsViewPreview.swift -primary-file /Users/jacksonsweet/Desktop/OPS\ APP/OPS/OPS/Onboarding/Views/Screens/PhoneNumberView.swift -primary-file /Users/jacksonsweet/Desktop/OPS\ APP/OPS/OPS/Onboarding/Views/Screens/PhoneNumberViewPreview.swift -primary-file /Users/jacksonsweet/Desktop/OPS\ APP/OPS/OPS/Onboarding/Views/Screens/UserInfoView.swift -primary-file /Users/jacksonsweet/Desktop/OPS\ APP/OPS/OPS/Onboarding/Views/Screens/UserInfoViewPreview.swift -primary-file /Users/jacksonsweet/Desktop/OPS\ APP/OPS/OPS/Onboarding/Views/Screens/VerifyPhoneView.swift -primary-file /Users/jacksonsweet/Desktop/OPS\ APP/OPS/OPS/Onboarding/Views/Screens/WelcomeCompanyView.swift -primary-file /Users/jacksonsweet/Desktop/OPS\ APP/OPS/OPS/Onboarding/Views/Screens/WelcomeCompanyViewPreview.swift -primary-file /Users/jacksonsweet/Desktop/OPS\ APP/OPS/OPS/Onboarding/Views/Screens/WelcomeView.swift -primary-file /Users/jacksonsweet/Desktop/OPS\ APP/OPS/OPS/Onboarding/Views/Screens/WelcomeViewPreview.swift /Users/jacksonsweet/Desktop/OPS\ APP/OPS/OPS/Onboarding/Views/OnboardingContainerView.swift /Users/jacksonsweet/Desktop/OPS\ APP/OPS/OPS/Onboarding/Views/OnboardingFlowPreview.swift /Users/jacksonsweet/Desktop/OPS\ APP/OPS/OPS/Onboarding/Views/OnboardingPresenter.swift /Users/jacksonsweet/Desktop/OPS\ APP/OPS/OPS/Onboarding/Views/OnboardingPreviewHelpers.swift /Users/jacksonsweet/Desktop/OPS\ APP/OPS/OPS/Styles/OPSStyle.swift /Users/jacksonsweet/Desktop/OPS\ APP/OPS/OPS/Utilities/AppConfiguration.swift /Users/jacksonsweet/Desktop/OPS\ APP/OPS/OPS/Utilities/ArrayTransformer.swift /Users/jacksonsweet/Desktop/OPS\ APP/OPS/OPS/Utilities/DataController.swift /Users/jacksonsweet/Desktop/OPS\ APP/OPS/OPS/Utilities/Dateformatter\ +Bubble.swift /Users/jacksonsweet/Desktop/OPS\ APP/OPS/OPS/Utilities/DateHelper.swift /Users/jacksonsweet/Desktop/OPS\ APP/OPS/OPS/Utilities/FieldErrorHandler.swift /Users/jacksonsweet/Desktop/OPS\ APP/OPS/OPS/Utilities/ImageCache.swift /Users/jacksonsweet/Desktop/OPS\ APP/OPS/OPS/Utilities/ImageFileManager.swift /Users/jacksonsweet/Desktop/OPS\ APP/OPS/OPS/Utilities/InProgressManager.swift /Users/jacksonsweet/Desktop/OPS\ APP/OPS/OPS/Utilities/KeyboardDismissalModifier.swift /Users/jacksonsweet/Desktop/OPS\ APP/OPS/OPS/Utilities/LocationManager.swift /Users/jacksonsweet/Desktop/OPS\ APP/OPS/OPS/Utilities/OnboardingEnvironmentKey.swift /Users/jacksonsweet/Desktop/OPS\ APP/OPS/OPS/Utilities/SwiftDataHelper.swift /Users/jacksonsweet/Desktop/OPS\ APP/OPS/OPS/Utilities/UIComponents.swift /Users/jacksonsweet/Desktop/OPS\ APP/OPS/OPS/V2/CertificationsSettingsView.swift /Users/jacksonsweet/Desktop/OPS\ APP/OPS/OPS/ViewModels/CalendarViewModel.swift /Users/jacksonsweet/Desktop/OPS\ APP/OPS/OPS/ViewModels/ProjectsViewModel.swift /Users/jacksonsweet/Desktop/OPS\ APP/OPS/OPS/Views/Calendar\ Tab/Components/CalendarDaySelector.swift /Users/jacksonsweet/Desktop/OPS\ APP/OPS/OPS/Views/Calendar\ Tab/Components/CalendarHeaderView.swift /Users/jacksonsweet/Desktop/OPS\ APP/OPS/OPS/Views/Calendar\ Tab/Components/CalendarProjectCard.swift /Users/jacksonsweet/Desktop/OPS\ APP/OPS/OPS/Views/Calendar\ Tab/Components/CalendarToggleView.swift /Users/jacksonsweet/Desktop/OPS\ APP/OPS/OPS/Views/Calendar\ Tab/Components/DatePickerPopover.swift /Users/jacksonsweet/Desktop/OPS\ APP/OPS/OPS/Views/Calendar\ Tab/Components/DayCell.swift /Users/jacksonsweet/Desktop/OPS\ APP/OPS/OPS/Views/Calendar\ Tab/ProjectViews/DayProjectSheet.swift /Users/jacksonsweet/Desktop/OPS\ APP/OPS/OPS/Views/Calendar\ Tab/ProjectViews/ProjectListView.swift /Users/jacksonsweet/Desktop/OPS\ APP/OPS/OPS/Views/Calendar\ Tab/MonthGridView.swift /Users/jacksonsweet/Desktop/OPS\ APP/OPS/OPS/Views/Components/Common/AppHeader.swift /Users/jacksonsweet/Desktop/OPS\ APP/OPS/OPS/Views/Components/Common/ExpandableNotesView.swift /Users/jacksonsweet/Desktop/OPS\ APP/OPS/OPS/Views/Components/Common/LocationPermissionView.swift /Users/jacksonsweet/Desktop/OPS\ APP/OPS/OPS/Views/Components/Common/NavigationBanner.swift /Users/jacksonsweet/Desktop/OPS\ APP/OPS/OPS/Views/Components/Common/NavigationControlsView.swift /Users/jacksonsweet/Desktop/OPS\ APP/OPS/OPS/Views/Components/Common/TabBarBackground.swift /Users/jacksonsweet/Desktop/OPS\ APP/OPS/OPS/Views/Components/Images/ImagePicker.swift /Users/jacksonsweet/Desktop/OPS\ APP/OPS/OPS/Views/Components/Images/ImagePickerView.swift /Users/jacksonsweet/Desktop/OPS\ APP/OPS/OPS/Views/Components/Images/ProjectImagesSection.swift /Users/jacksonsweet/Desktop/OPS\ APP/OPS/OPS/Views/Components/Images/ProjectImagesSimple.swift /Users/jacksonsweet/Desktop/OPS\ APP/OPS/OPS/Views/Components/Images/ProjectImageView.swift /Users/jacksonsweet/Desktop/OPS\ APP/OPS/OPS/Views/Components/Images/ProjectPhotosGrid.swift /Users/jacksonsweet/Desktop/OPS\ APP/OPS/OPS/Views/Components/Map/MiniMapView.swift /Users/jacksonsweet/Desktop/OPS\ APP/OPS/OPS/Views/Components/Map/ProjectMapAnnotation.swift /Users/jacksonsweet/Desktop/OPS\ APP/OPS/OPS/Views/Components/Map/ProjectMapView.swift /Users/jacksonsweet/Desktop/OPS\ APP/OPS/OPS/Views/Components/Map/ProjectMarkerPopup.swift /Users/jacksonsweet/Desktop/OPS\ APP/OPS/OPS/Views/Components/Map/RouteDirectionsView.swift /Users/jacksonsweet/Desktop/OPS\ APP/OPS/OPS/Views/Components/Project/ProjectActionBar.swift /Users/jacksonsweet/Desktop/OPS\ APP/OPS/OPS/Views/Components/Project/ProjectCard.swift /Users/jacksonsweet/Desktop/OPS\ APP/OPS/OPS/Views/Components/Project/ProjectCarousel.swift /Users/jacksonsweet/Desktop/OPS\ APP/OPS/OPS/Views/Components/Project/ProjectDetailsView.swift /Users/jacksonsweet/Desktop/OPS\ APP/OPS/OPS/Views/Components/Project/ProjectHeader.swift /Users/jacksonsweet/Desktop/OPS\ APP/OPS/OPS/Views/Components/Project/ProjectSheetContainer.swift /Users/jacksonsweet/Desktop/OPS\ APP/OPS/OPS/Views/Components/User/TeamMemberListView.swift /Users/jacksonsweet/Desktop/OPS\ APP/OPS/OPS/Views/Components/User/UserProfileCard.swift /Users/jacksonsweet/Desktop/OPS\ APP/OPS/OPS/Views/Home/HomeContentView.swift /Users/jacksonsweet/Desktop/OPS\ APP/OPS/OPS/Views/Home/HomeView.swift /Users/jacksonsweet/Desktop/OPS\ APP/OPS/OPS/Views/Settings/OrganizationSettingsView.swift /Users/jacksonsweet/Desktop/OPS\ APP/OPS/OPS/Views/Settings/ProfileSettingsView.swift /Users/jacksonsweet/Desktop/OPS\ APP/OPS/OPS/Views/Settings/ProjectHistorySettingsView.swift /Users/jacksonsweet/Desktop/OPS\ APP/OPS/OPS/Views/LoginView.swift /Users/jacksonsweet/Desktop/OPS\ APP/OPS/OPS/Views/LoginViewPreview.swift /Users/jacksonsweet/Desktop/OPS\ APP/OPS/OPS/Views/MainTabView.swift /Users/jacksonsweet/Desktop/OPS\ APP/OPS/OPS/Views/NetworkStatusIndicator.swift /Users/jacksonsweet/Desktop/OPS\ APP/OPS/OPS/Views/ScheduleView.swift /Users/jacksonsweet/Desktop/OPS\ APP/OPS/OPS/Views/SettingsView.swift /Users/jacksonsweet/Desktop/OPS\ APP/OPS/OPS/Views/SplashScreen.swift /Users/jacksonsweet/Desktop/OPS\ APP/OPS/OPS/AppState.swift /Users/jacksonsweet/Desktop/OPS\ APP/OPS/OPS/ContentView.swift /Users/jacksonsweet/Desktop/OPS\ APP/OPS/OPS/Item.swift /Users/jacksonsweet/Desktop/OPS\ APP/OPS/OPS/OPSApp.swift /Users/jacksonsweet/Library/Developer/Xcode/DerivedData/OPS-czavgtmnvamasvcjgszzuulfcsxj/Build/Intermediates.noindex/OPS.build/Debug-iphonesimulator/OPS.build/DerivedSources/GeneratedAssetSymbols.swift -supplementary-output-file-map /Users/jacksonsweet/Library/Developer/Xcode/DerivedData/OPS-czavgtmnvamasvcjgszzuulfcsxj/Build/Intermediates.noindex/OPS.build/Debug-iphonesimulator/OPS.build/Objects-normal/arm64/supplementaryOutputs-4 -emit-localized-strings -emit-localized-strings-path /Users/jacksonsweet/Library/Developer/Xcode/DerivedData/OPS-czavgtmnvamasvcjgszzuulfcsxj/Build/Intermediates.noindex/OPS.build/Debug-iphonesimulator/OPS.build/Objects-normal/arm64 -target arm64-apple-ios18.2-simulator -Xllvm -aarch64-use-tbi -enable-objc-interop -sdk /Applications/Xcode.app/Contents/Developer/Platforms/iPhoneSimulator.platform/Developer/SDKs/iPhoneSimulator18.2.sdk -I /Users/jacksonsweet/Library/Developer/Xcode/DerivedData/OPS-czavgtmnvamasvcjgszzuulfcsxj/Build/Products/Debug-iphonesimulator -F /Users/jacksonsweet/Library/Developer/Xcode/DerivedData/OPS-czavgtmnvamasvcjgszzuulfcsxj/Build/Products/Debug-iphonesimulator -no-color-diagnostics -enable-testing -g -debug-info-format\=dwarf -dwarf-version\=5 -module-cache-path /Users/jacksonsweet/Library/Developer/Xcode/DerivedData/ModuleCache.noindex -profile-generate -profile-coverage-mapping -swift-version 5 -enforce-exclusivity\=checked -Onone -D DEBUG -serialize-debugging-options -const-gather-protocols-file /Users/jacksonsweet/Library/Developer/Xcode/DerivedData/OPS-czavgtmnvamasvcjgszzuulfcsxj/Build/Intermediates.noindex/OPS.build/Debug-iphonesimulator/OPS.build/Objects-normal/arm64/OPS_const_extract_protocols.json -enable-experimental-feature DebugDescriptionMacro -enable-experimental-feature OpaqueTypeErasure -enable-bare-slash-regex -empty-abi-descriptor -validate-clang-modules-once -clang-build-session-file /Users/jacksonsweet/Library/Developer/Xcode/DerivedData/ModuleCache.noindex/Session.modulevalidation -Xcc -working-directory -Xcc /Users/jacksonsweet/Desktop/OPS\ APP/OPS -resource-dir /Applications/Xcode.app/Contents/Developer/Toolchains/XcodeDefault.xctoolchain/usr/lib/swift -enable-anonymous-context-mangled-names -file-compilation-dir /Users/jacksonsweet/Desktop/OPS\ APP/OPS -Xcc -D_LIBCPP_HARDENING_MODE\=_LIBCPP_HARDENING_MODE_DEBUG -Xcc -ivfsstatcache -Xcc /Users/jacksonsweet/Library/Developer/Xcode/DerivedData/SDKStatCaches.noindex/iphonesimulator18.2-22C146-07b28473f605e47e75261259d3ef3b5a.sdkstatcache -Xcc -I/Users/jacksonsweet/Library/Developer/Xcode/DerivedData/OPS-czavgtmnvamasvcjgszzuulfcsxj/Build/Intermediates.noindex/OPS.build/Debug-iphonesimulator/OPS.build/swift-overrides.hmap -Xcc -iquote -Xcc /Users/jacksonsweet/Library/Developer/Xcode/DerivedData/OPS-czavgtmnvamasvcjgszzuulfcsxj/Build/Intermediates.noindex/OPS.build/Debug-iphonesimulator/OPS.build/OPS-generated-files.hmap -Xcc -I/Users/jacksonsweet/Library/Developer/Xcode/DerivedData/OPS-czavgtmnvamasvcjgszzuulfcsxj/Build/Intermediates.noindex/OPS.build/Debug-iphonesimulator/OPS.build/OPS-own-target-headers.hmap -Xcc -I/Users/jacksonsweet/Library/Developer/Xcode/DerivedData/OPS-czavgtmnvamasvcjgszzuulfcsxj/Build/Intermediates.noindex/OPS.build/Debug-iphonesimulator/OPS.build/OPS-all-target-headers.hmap -Xcc -iquote -Xcc /Users/jacksonsweet/Library/Developer/Xcode/DerivedData/OPS-czavgtmnvamasvcjgszzuulfcsxj/Build/Intermediates.noindex/OPS.build/Debug-iphonesimulator/OPS.build/OPS-project-headers.hmap -Xcc -I/Users/jacksonsweet/Library/Developer/Xcode/DerivedData/OPS-czavgtmnvamasvcjgszzuulfcsxj/Build/Products/Debug-iphonesimulator/include -Xcc -I/Users/jacksonsweet/Library/Developer/Xcode/DerivedData/OPS-czavgtmnvamasvcjgszzuulfcsxj/Build/Intermediates.noindex/OPS.build/Debug-iphonesimulator/OPS.build/DerivedSources-normal/arm64 -Xcc -I/Users/jacksonsweet/Library/Developer/Xcode/DerivedData/OPS-czavgtmnvamasvcjgszzuulfcsxj/Build/Intermediates.noindex/OPS.build/Debug-iphonesimulator/OPS.build/DerivedSources/arm64 -Xcc -I/Users/jacksonsweet/Library/Developer/Xcode/DerivedData/OPS-czavgtmnvamasvcjgszzuulfcsxj/Build/Intermediates.noindex/OPS.build/Debug-iphonesimulator/OPS.build/DerivedSources -Xcc -DDEBUG\=1 -module-name OPS -frontend-parseable-output -disable-clang-spi -target-sdk-version 18.2 -target-sdk-name iphonesimulator18.2 -external-plugin-path /Applications/Xcode.app/Contents/Developer/Platforms/iPhoneOS.platform/Developer/usr/lib/swift/host/plugins\#/Applications/Xcode.app/Contents/Developer/Platforms/iPhoneOS.platform/Developer/usr/bin/swift-plugin-server -external-plugin-path /Applications/Xcode.app/Contents/Developer/Platforms/iPhoneOS.platform/Developer/usr/local/lib/swift/host/plugins\#/Applications/Xcode.app/Contents/Developer/Platforms/iPhoneOS.platform/Developer/usr/bin/swift-plugin-server -plugin-path /Applications/Xcode.app/Contents/Developer/Toolchains/XcodeDefault.xctoolchain/usr/lib/swift/host/plugins -plugin-path /Applications/Xcode.app/Contents/Developer/Toolchains/XcodeDefault.xctoolchain/usr/local/lib/swift/host/plugins -o /Users/jacksonsweet/Library/Developer/Xcode/DerivedData/OPS-czavgtmnvamasvcjgszzuulfcsxj/Build/Intermediates.noindex/OPS.build/Debug-iphonesimulator/OPS.build/Objects-normal/arm64/PasswordView.o -o /Users/jacksonsweet/Library/Developer/Xcode/DerivedData/OPS-czavgtmnvamasvcjgszzuulfcsxj/Build/Intermediates.noindex/OPS.build/Debug-iphonesimulator/OPS.build/Objects-normal/arm64/PasswordViewPreview.o -o /Users/jacksonsweet/Library/Developer/Xcode/DerivedData/OPS-czavgtmnvamasvcjgszzuulfcsxj/Build/Intermediates.noindex/OPS.build/Debug-iphonesimulator/OPS.build/Objects-normal/arm64/PermissionsView.o -o /Users/jacksonsweet/Library/Developer/Xcode/DerivedData/OPS-czavgtmnvamasvcjgszzuulfcsxj/Build/Intermediates.noindex/OPS.build/Debug-iphonesimulator/OPS.build/Objects-normal/arm64/PermissionsViewPreview.o -o /Users/jacksonsweet/Library/Developer/Xcode/DerivedData/OPS-czavgtmnvamasvcjgszzuulfcsxj/Build/Intermediates.noindex/OPS.build/Debug-iphonesimulator/OPS.build/Objects-normal/arm64/PhoneNumberView.o -o /Users/jacksonsweet/Library/Developer/Xcode/DerivedData/OPS-czavgtmnvamasvcjgszzuulfcsxj/Build/Intermediates.noindex/OPS.build/Debug-iphonesimulator/OPS.build/Objects-normal/arm64/PhoneNumberViewPreview.o -o /Users/jacksonsweet/Library/Developer/Xcode/DerivedData/OPS-czavgtmnvamasvcjgszzuulfcsxj/Build/Intermediates.noindex/OPS.build/Debug-iphonesimulator/OPS.build/Objects-normal/arm64/UserInfoView.o -o /Users/jacksonsweet/Library/Developer/Xcode/DerivedData/OPS-czavgtmnvamasvcjgszzuulfcsxj/Build/Intermediates.noindex/OPS.build/Debug-iphonesimulator/OPS.build/Objects-normal/arm64/UserInfoViewPreview.o -o /Users/jacksonsweet/Library/Developer/Xcode/DerivedData/OPS-czavgtmnvamasvcjgszzuulfcsxj/Build/Intermediates.noindex/OPS.build/Debug-iphonesimulator/OPS.build/Objects-normal/arm64/VerifyPhoneView.o -o /Users/jacksonsweet/Library/Developer/Xcode/DerivedData/OPS-czavgtmnvamasvcjgszzuulfcsxj/Build/Intermediates.noindex/OPS.build/Debug-iphonesimulator/OPS.build/Objects-normal/arm64/WelcomeCompanyView.o -o /Users/jacksonsweet/Library/Developer/Xcode/DerivedData/OPS-czavgtmnvamasvcjgszzuulfcsxj/Build/Intermediates.noindex/OPS.build/Debug-iphonesimulator/OPS.build/Objects-normal/arm64/WelcomeCompanyViewPreview.o -o /Users/jacksonsweet/Library/Developer/Xcode/DerivedData/OPS-czavgtmnvamasvcjgszzuulfcsxj/Build/Intermediates.noindex/OPS.build/Debug-iphonesimulator/OPS.build/Objects-normal/arm64/WelcomeView.o -o /Users/jacksonsweet/Library/Developer/Xcode/DerivedData/OPS-czavgtmnvamasvcjgszzuulfcsxj/Build/Intermediates.noindex/OPS.build/Debug-iphonesimulator/OPS.build/Objects-normal/arm64/WelcomeViewPreview.o -index-unit-output-path /OPS.build/Debug-iphonesimulator/OPS.build/Objects-normal/arm64/PasswordView.o -index-unit-output-path /OPS.build/Debug-iphonesimulator/OPS.build/Objects-normal/arm64/PasswordViewPreview.o -index-unit-output-path /OPS.build/Debug-iphonesimulator/OPS.build/Objects-normal/arm64/PermissionsView.o -index-unit-output-path /OPS.build/Debug-iphonesimulator/OPS.build/Objects-normal/arm64/PermissionsViewPreview.o -index-unit-output-path /OPS.build/Debug-iphonesimulator/OPS.build/Objects-normal/arm64/PhoneNumberView.o -index-unit-output-path /OPS.build/Debug-iphonesimulator/OPS.build/Objects-normal/arm64/PhoneNumberViewPreview.o -index-unit-output-path /OPS.build/Debug-iphonesimulator/OPS.build/Objects-normal/arm64/UserInfoView.o -index-unit-output-path /OPS.build/Debug-iphonesimulator/OPS.build/Objects-normal/arm64/UserInfoViewPreview.o -index-unit-output-path /OPS.build/Debug-iphonesimulator/OPS.build/Objects-normal/arm64/VerifyPhoneView.o -index-unit-output-path /OPS.build/Debug-iphonesimulator/OPS.build/Objects-normal/arm64/WelcomeCompanyView.o -index-unit-output-path /OPS.build/Debug-iphonesimulator/OPS.build/Objects-normal/arm64/WelcomeCompanyViewPreview.o -index-unit-output-path /OPS.build/Debug-iphonesimulator/OPS.build/Objects-normal/arm64/WelcomeView.o -index-unit-output-path /OPS.build/Debug-iphonesimulator/OPS.build/Objects-normal/arm64/WelcomeViewPreview.o -index-store-path /Users/jacksonsweet/Library/Developer/Xcode/DerivedData/OPS-czavgtmnvamasvcjgszzuulfcsxj/Index.noindex/DataStore -index-system-modules

SwiftCompile normal arm64 /Users/jacksonsweet/Desktop/OPS\ APP/OPS/OPS/Onboarding/Views/Screens/PasswordViewPreview.swift (in target 'OPS' from project 'OPS')
    cd /Users/jacksonsweet/Desktop/OPS\ APP/OPS
    /Applications/Xcode.app/Contents/Developer/Toolchains/XcodeDefault.xctoolchain/usr/bin/swift-frontend -c /Users/jacksonsweet/Desktop/OPS\ APP/OPS/OPS/DataModels/BubbleImage.swift /Users/jacksonsweet/Desktop/OPS\ APP/OPS/OPS/DataModels/BubbleTypes.swift /Users/jacksonsweet/Desktop/OPS\ APP/OPS/OPS/DataModels/Company.swift /Users/jacksonsweet/Desktop/OPS\ APP/OPS/OPS/DataModels/Project.swift /Users/jacksonsweet/Desktop/OPS\ APP/OPS/OPS/DataModels/Status.swift /Users/jacksonsweet/Desktop/OPS\ APP/OPS/OPS/DataModels/User.swift /Users/jacksonsweet/Desktop/OPS\ APP/OPS/OPS/DataModels/UserRole.swift /Users/jacksonsweet/Desktop/OPS\ APP/OPS/OPS/Extensions/UIImage+Extensions.swift /Users/jacksonsweet/Desktop/OPS\ APP/OPS/OPS/Network/API/APIError.swift /Users/jacksonsweet/Desktop/OPS\ APP/OPS/OPS/Network/API/APIService.swift /Users/jacksonsweet/Desktop/OPS\ APP/OPS/OPS/Network/API/BubbleFields.swift /Users/jacksonsweet/Desktop/OPS\ APP/OPS/OPS/Network/Auth/AuthError.swift /Users/jacksonsweet/Desktop/OPS\ APP/OPS/OPS/Network/Auth/AuthManager.swift /Users/jacksonsweet/Desktop/OPS\ APP/OPS/OPS/Network/Auth/KeychainManager.swift /Users/jacksonsweet/Desktop/OPS\ APP/OPS/OPS/Network/DTOs/CompanyDTO.swift /Users/jacksonsweet/Desktop/OPS\ APP/OPS/OPS/Network/DTOs/ProjectDTO.swift /Users/jacksonsweet/Desktop/OPS\ APP/OPS/OPS/Network/DTOs/UserDTO.swift /Users/jacksonsweet/Desktop/OPS\ APP/OPS/OPS/Network/Endpoints/CompanyEndpoints.swift /Users/jacksonsweet/Desktop/OPS\ APP/OPS/OPS/Network/Endpoints/ProjectEndpoints.swift /Users/jacksonsweet/Desktop/OPS\ APP/OPS/OPS/Network/Endpoints/UserEndpoints.swift /Users/jacksonsweet/Desktop/OPS\ APP/OPS/OPS/Network/Sync/BackgroundTaskManager.swift /Users/jacksonsweet/Desktop/OPS\ APP/OPS/OPS/Network/Sync/SyncManager.swift /Users/jacksonsweet/Desktop/OPS\ APP/OPS/OPS/Network/ConnectivityMonitor.swift /Users/jacksonsweet/Desktop/OPS\ APP/OPS/OPS/Network/ImageSyncManager.swift /Users/jacksonsweet/Desktop/OPS\ APP/OPS/OPS/Onboarding/Coordinators/OnboardingCoordinator.swift /Users/jacksonsweet/Desktop/OPS\ APP/OPS/OPS/Onboarding/Models/OnboardingModels.swift /Users/jacksonsweet/Desktop/OPS\ APP/OPS/OPS/Onboarding/Services/OnboardingService.swift /Users/jacksonsweet/Desktop/OPS\ APP/OPS/OPS/Onboarding/ViewModels/OnboardingViewModel.swift /Users/jacksonsweet/Desktop/OPS\ APP/OPS/OPS/Onboarding/Views/Components/OnboardingComponents.swift /Users/jacksonsweet/Desktop/OPS\ APP/OPS/OPS/Onboarding/Views/Screens/AccountCreatedView.swift /Users/jacksonsweet/Desktop/OPS\ APP/OPS/OPS/Onboarding/Views/Screens/CompanyCodeView.swift /Users/jacksonsweet/Desktop/OPS\ APP/OPS/OPS/Onboarding/Views/Screens/CompanyCodeViewPreview.swift /Users/jacksonsweet/Desktop/OPS\ APP/OPS/OPS/Onboarding/Views/Screens/CompletionView.swift /Users/jacksonsweet/Desktop/OPS\ APP/OPS/OPS/Onboarding/Views/Screens/CompletionViewPreview.swift /Users/jacksonsweet/Desktop/OPS\ APP/OPS/OPS/Onboarding/Views/Screens/EmailView.swift /Users/jacksonsweet/Desktop/OPS\ APP/OPS/OPS/Onboarding/Views/Screens/FieldSetupView.swift /Users/jacksonsweet/Desktop/OPS\ APP/OPS/OPS/Onboarding/Views/Screens/NotificationsView.swift /Users/jacksonsweet/Desktop/OPS\ APP/OPS/OPS/Onboarding/Views/Screens/NotificationsViewPreview.swift /Users/jacksonsweet/Desktop/OPS\ APP/OPS/OPS/Onboarding/Views/Screens/OrganizationJoinView.swift -primary-file /Users/jacksonsweet/Desktop/OPS\ APP/OPS/OPS/Onboarding/Views/Screens/PasswordView.swift -primary-file /Users/jacksonsweet/Desktop/OPS\ APP/OPS/OPS/Onboarding/Views/Screens/PasswordViewPreview.swift -primary-file /Users/jacksonsweet/Desktop/OPS\ APP/OPS/OPS/Onboarding/Views/Screens/PermissionsView.swift -primary-file /Users/jacksonsweet/Desktop/OPS\ APP/OPS/OPS/Onboarding/Views/Screens/PermissionsViewPreview.swift -primary-file /Users/jacksonsweet/Desktop/OPS\ APP/OPS/OPS/Onboarding/Views/Screens/PhoneNumberView.swift -primary-file /Users/jacksonsweet/Desktop/OPS\ APP/OPS/OPS/Onboarding/Views/Screens/PhoneNumberViewPreview.swift -primary-file /Users/jacksonsweet/Desktop/OPS\ APP/OPS/OPS/Onboarding/Views/Screens/UserInfoView.swift -primary-file /Users/jacksonsweet/Desktop/OPS\ APP/OPS/OPS/Onboarding/Views/Screens/UserInfoViewPreview.swift -primary-file /Users/jacksonsweet/Desktop/OPS\ APP/OPS/OPS/Onboarding/Views/Screens/VerifyPhoneView.swift -primary-file /Users/jacksonsweet/Desktop/OPS\ APP/OPS/OPS/Onboarding/Views/Screens/WelcomeCompanyView.swift -primary-file /Users/jacksonsweet/Desktop/OPS\ APP/OPS/OPS/Onboarding/Views/Screens/WelcomeCompanyViewPreview.swift -primary-file /Users/jacksonsweet/Desktop/OPS\ APP/OPS/OPS/Onboarding/Views/Screens/WelcomeView.swift -primary-file /Users/jacksonsweet/Desktop/OPS\ APP/OPS/OPS/Onboarding/Views/Screens/WelcomeViewPreview.swift /Users/jacksonsweet/Desktop/OPS\ APP/OPS/OPS/Onboarding/Views/OnboardingContainerView.swift /Users/jacksonsweet/Desktop/OPS\ APP/OPS/OPS/Onboarding/Views/OnboardingFlowPreview.swift /Users/jacksonsweet/Desktop/OPS\ APP/OPS/OPS/Onboarding/Views/OnboardingPresenter.swift /Users/jacksonsweet/Desktop/OPS\ APP/OPS/OPS/Onboarding/Views/OnboardingPreviewHelpers.swift /Users/jacksonsweet/Desktop/OPS\ APP/OPS/OPS/Styles/OPSStyle.swift /Users/jacksonsweet/Desktop/OPS\ APP/OPS/OPS/Utilities/AppConfiguration.swift /Users/jacksonsweet/Desktop/OPS\ APP/OPS/OPS/Utilities/ArrayTransformer.swift /Users/jacksonsweet/Desktop/OPS\ APP/OPS/OPS/Utilities/DataController.swift /Users/jacksonsweet/Desktop/OPS\ APP/OPS/OPS/Utilities/Dateformatter\ +Bubble.swift /Users/jacksonsweet/Desktop/OPS\ APP/OPS/OPS/Utilities/DateHelper.swift /Users/jacksonsweet/Desktop/OPS\ APP/OPS/OPS/Utilities/FieldErrorHandler.swift /Users/jacksonsweet/Desktop/OPS\ APP/OPS/OPS/Utilities/ImageCache.swift /Users/jacksonsweet/Desktop/OPS\ APP/OPS/OPS/Utilities/ImageFileManager.swift /Users/jacksonsweet/Desktop/OPS\ APP/OPS/OPS/Utilities/InProgressManager.swift /Users/jacksonsweet/Desktop/OPS\ APP/OPS/OPS/Utilities/KeyboardDismissalModifier.swift /Users/jacksonsweet/Desktop/OPS\ APP/OPS/OPS/Utilities/LocationManager.swift /Users/jacksonsweet/Desktop/OPS\ APP/OPS/OPS/Utilities/OnboardingEnvironmentKey.swift /Users/jacksonsweet/Desktop/OPS\ APP/OPS/OPS/Utilities/SwiftDataHelper.swift /Users/jacksonsweet/Desktop/OPS\ APP/OPS/OPS/Utilities/UIComponents.swift /Users/jacksonsweet/Desktop/OPS\ APP/OPS/OPS/V2/CertificationsSettingsView.swift /Users/jacksonsweet/Desktop/OPS\ APP/OPS/OPS/ViewModels/CalendarViewModel.swift /Users/jacksonsweet/Desktop/OPS\ APP/OPS/OPS/ViewModels/ProjectsViewModel.swift /Users/jacksonsweet/Desktop/OPS\ APP/OPS/OPS/Views/Calendar\ Tab/Components/CalendarDaySelector.swift /Users/jacksonsweet/Desktop/OPS\ APP/OPS/OPS/Views/Calendar\ Tab/Components/CalendarHeaderView.swift /Users/jacksonsweet/Desktop/OPS\ APP/OPS/OPS/Views/Calendar\ Tab/Components/CalendarProjectCard.swift /Users/jacksonsweet/Desktop/OPS\ APP/OPS/OPS/Views/Calendar\ Tab/Components/CalendarToggleView.swift /Users/jacksonsweet/Desktop/OPS\ APP/OPS/OPS/Views/Calendar\ Tab/Components/DatePickerPopover.swift /Users/jacksonsweet/Desktop/OPS\ APP/OPS/OPS/Views/Calendar\ Tab/Components/DayCell.swift /Users/jacksonsweet/Desktop/OPS\ APP/OPS/OPS/Views/Calendar\ Tab/ProjectViews/DayProjectSheet.swift /Users/jacksonsweet/Desktop/OPS\ APP/OPS/OPS/Views/Calendar\ Tab/ProjectViews/ProjectListView.swift /Users/jacksonsweet/Desktop/OPS\ APP/OPS/OPS/Views/Calendar\ Tab/MonthGridView.swift /Users/jacksonsweet/Desktop/OPS\ APP/OPS/OPS/Views/Components/Common/AppHeader.swift /Users/jacksonsweet/Desktop/OPS\ APP/OPS/OPS/Views/Components/Common/ExpandableNotesView.swift /Users/jacksonsweet/Desktop/OPS\ APP/OPS/OPS/Views/Components/Common/LocationPermissionView.swift /Users/jacksonsweet/Desktop/OPS\ APP/OPS/OPS/Views/Components/Common/NavigationBanner.swift /Users/jacksonsweet/Desktop/OPS\ APP/OPS/OPS/Views/Components/Common/NavigationControlsView.swift /Users/jacksonsweet/Desktop/OPS\ APP/OPS/OPS/Views/Components/Common/TabBarBackground.swift /Users/jacksonsweet/Desktop/OPS\ APP/OPS/OPS/Views/Components/Images/ImagePicker.swift /Users/jacksonsweet/Desktop/OPS\ APP/OPS/OPS/Views/Components/Images/ImagePickerView.swift /Users/jacksonsweet/Desktop/OPS\ APP/OPS/OPS/Views/Components/Images/ProjectImagesSection.swift /Users/jacksonsweet/Desktop/OPS\ APP/OPS/OPS/Views/Components/Images/ProjectImagesSimple.swift /Users/jacksonsweet/Desktop/OPS\ APP/OPS/OPS/Views/Components/Images/ProjectImageView.swift /Users/jacksonsweet/Desktop/OPS\ APP/OPS/OPS/Views/Components/Images/ProjectPhotosGrid.swift /Users/jacksonsweet/Desktop/OPS\ APP/OPS/OPS/Views/Components/Map/MiniMapView.swift /Users/jacksonsweet/Desktop/OPS\ APP/OPS/OPS/Views/Components/Map/ProjectMapAnnotation.swift /Users/jacksonsweet/Desktop/OPS\ APP/OPS/OPS/Views/Components/Map/ProjectMapView.swift /Users/jacksonsweet/Desktop/OPS\ APP/OPS/OPS/Views/Components/Map/ProjectMarkerPopup.swift /Users/jacksonsweet/Desktop/OPS\ APP/OPS/OPS/Views/Components/Map/RouteDirectionsView.swift /Users/jacksonsweet/Desktop/OPS\ APP/OPS/OPS/Views/Components/Project/ProjectActionBar.swift /Users/jacksonsweet/Desktop/OPS\ APP/OPS/OPS/Views/Components/Project/ProjectCard.swift /Users/jacksonsweet/Desktop/OPS\ APP/OPS/OPS/Views/Components/Project/ProjectCarousel.swift /Users/jacksonsweet/Desktop/OPS\ APP/OPS/OPS/Views/Components/Project/ProjectDetailsView.swift /Users/jacksonsweet/Desktop/OPS\ APP/OPS/OPS/Views/Components/Project/ProjectHeader.swift /Users/jacksonsweet/Desktop/OPS\ APP/OPS/OPS/Views/Components/Project/ProjectSheetContainer.swift /Users/jacksonsweet/Desktop/OPS\ APP/OPS/OPS/Views/Components/User/TeamMemberListView.swift /Users/jacksonsweet/Desktop/OPS\ APP/OPS/OPS/Views/Components/User/UserProfileCard.swift /Users/jacksonsweet/Desktop/OPS\ APP/OPS/OPS/Views/Home/HomeContentView.swift /Users/jacksonsweet/Desktop/OPS\ APP/OPS/OPS/Views/Home/HomeView.swift /Users/jacksonsweet/Desktop/OPS\ APP/OPS/OPS/Views/Settings/OrganizationSettingsView.swift /Users/jacksonsweet/Desktop/OPS\ APP/OPS/OPS/Views/Settings/ProfileSettingsView.swift /Users/jacksonsweet/Desktop/OPS\ APP/OPS/OPS/Views/Settings/ProjectHistorySettingsView.swift /Users/jacksonsweet/Desktop/OPS\ APP/OPS/OPS/Views/LoginView.swift /Users/jacksonsweet/Desktop/OPS\ APP/OPS/OPS/Views/LoginViewPreview.swift /Users/jacksonsweet/Desktop/OPS\ APP/OPS/OPS/Views/MainTabView.swift /Users/jacksonsweet/Desktop/OPS\ APP/OPS/OPS/Views/NetworkStatusIndicator.swift /Users/jacksonsweet/Desktop/OPS\ APP/OPS/OPS/Views/ScheduleView.swift /Users/jacksonsweet/Desktop/OPS\ APP/OPS/OPS/Views/SettingsView.swift /Users/jacksonsweet/Desktop/OPS\ APP/OPS/OPS/Views/SplashScreen.swift /Users/jacksonsweet/Desktop/OPS\ APP/OPS/OPS/AppState.swift /Users/jacksonsweet/Desktop/OPS\ APP/OPS/OPS/ContentView.swift /Users/jacksonsweet/Desktop/OPS\ APP/OPS/OPS/Item.swift /Users/jacksonsweet/Desktop/OPS\ APP/OPS/OPS/OPSApp.swift /Users/jacksonsweet/Library/Developer/Xcode/DerivedData/OPS-czavgtmnvamasvcjgszzuulfcsxj/Build/Intermediates.noindex/OPS.build/Debug-iphonesimulator/OPS.build/DerivedSources/GeneratedAssetSymbols.swift -supplementary-output-file-map /Users/jacksonsweet/Library/Developer/Xcode/DerivedData/OPS-czavgtmnvamasvcjgszzuulfcsxj/Build/Intermediates.noindex/OPS.build/Debug-iphonesimulator/OPS.build/Objects-normal/arm64/supplementaryOutputs-4 -emit-localized-strings -emit-localized-strings-path /Users/jacksonsweet/Library/Developer/Xcode/DerivedData/OPS-czavgtmnvamasvcjgszzuulfcsxj/Build/Intermediates.noindex/OPS.build/Debug-iphonesimulator/OPS.build/Objects-normal/arm64 -target arm64-apple-ios18.2-simulator -Xllvm -aarch64-use-tbi -enable-objc-interop -sdk /Applications/Xcode.app/Contents/Developer/Platforms/iPhoneSimulator.platform/Developer/SDKs/iPhoneSimulator18.2.sdk -I /Users/jacksonsweet/Library/Developer/Xcode/DerivedData/OPS-czavgtmnvamasvcjgszzuulfcsxj/Build/Products/Debug-iphonesimulator -F /Users/jacksonsweet/Library/Developer/Xcode/DerivedData/OPS-czavgtmnvamasvcjgszzuulfcsxj/Build/Products/Debug-iphonesimulator -no-color-diagnostics -enable-testing -g -debug-info-format\=dwarf -dwarf-version\=5 -module-cache-path /Users/jacksonsweet/Library/Developer/Xcode/DerivedData/ModuleCache.noindex -profile-generate -profile-coverage-mapping -swift-version 5 -enforce-exclusivity\=checked -Onone -D DEBUG -serialize-debugging-options -const-gather-protocols-file /Users/jacksonsweet/Library/Developer/Xcode/DerivedData/OPS-czavgtmnvamasvcjgszzuulfcsxj/Build/Intermediates.noindex/OPS.build/Debug-iphonesimulator/OPS.build/Objects-normal/arm64/OPS_const_extract_protocols.json -enable-experimental-feature DebugDescriptionMacro -enable-experimental-feature OpaqueTypeErasure -enable-bare-slash-regex -empty-abi-descriptor -validate-clang-modules-once -clang-build-session-file /Users/jacksonsweet/Library/Developer/Xcode/DerivedData/ModuleCache.noindex/Session.modulevalidation -Xcc -working-directory -Xcc /Users/jacksonsweet/Desktop/OPS\ APP/OPS -resource-dir /Applications/Xcode.app/Contents/Developer/Toolchains/XcodeDefault.xctoolchain/usr/lib/swift -enable-anonymous-context-mangled-names -file-compilation-dir /Users/jacksonsweet/Desktop/OPS\ APP/OPS -Xcc -D_LIBCPP_HARDENING_MODE\=_LIBCPP_HARDENING_MODE_DEBUG -Xcc -ivfsstatcache -Xcc /Users/jacksonsweet/Library/Developer/Xcode/DerivedData/SDKStatCaches.noindex/iphonesimulator18.2-22C146-07b28473f605e47e75261259d3ef3b5a.sdkstatcache -Xcc -I/Users/jacksonsweet/Library/Developer/Xcode/DerivedData/OPS-czavgtmnvamasvcjgszzuulfcsxj/Build/Intermediates.noindex/OPS.build/Debug-iphonesimulator/OPS.build/swift-overrides.hmap -Xcc -iquote -Xcc /Users/jacksonsweet/Library/Developer/Xcode/DerivedData/OPS-czavgtmnvamasvcjgszzuulfcsxj/Build/Intermediates.noindex/OPS.build/Debug-iphonesimulator/OPS.build/OPS-generated-files.hmap -Xcc -I/Users/jacksonsweet/Library/Developer/Xcode/DerivedData/OPS-czavgtmnvamasvcjgszzuulfcsxj/Build/Intermediates.noindex/OPS.build/Debug-iphonesimulator/OPS.build/OPS-own-target-headers.hmap -Xcc -I/Users/jacksonsweet/Library/Developer/Xcode/DerivedData/OPS-czavgtmnvamasvcjgszzuulfcsxj/Build/Intermediates.noindex/OPS.build/Debug-iphonesimulator/OPS.build/OPS-all-target-headers.hmap -Xcc -iquote -Xcc /Users/jacksonsweet/Library/Developer/Xcode/DerivedData/OPS-czavgtmnvamasvcjgszzuulfcsxj/Build/Intermediates.noindex/OPS.build/Debug-iphonesimulator/OPS.build/OPS-project-headers.hmap -Xcc -I/Users/jacksonsweet/Library/Developer/Xcode/DerivedData/OPS-czavgtmnvamasvcjgszzuulfcsxj/Build/Products/Debug-iphonesimulator/include -Xcc -I/Users/jacksonsweet/Library/Developer/Xcode/DerivedData/OPS-czavgtmnvamasvcjgszzuulfcsxj/Build/Intermediates.noindex/OPS.build/Debug-iphonesimulator/OPS.build/DerivedSources-normal/arm64 -Xcc -I/Users/jacksonsweet/Library/Developer/Xcode/DerivedData/OPS-czavgtmnvamasvcjgszzuulfcsxj/Build/Intermediates.noindex/OPS.build/Debug-iphonesimulator/OPS.build/DerivedSources/arm64 -Xcc -I/Users/jacksonsweet/Library/Developer/Xcode/DerivedData/OPS-czavgtmnvamasvcjgszzuulfcsxj/Build/Intermediates.noindex/OPS.build/Debug-iphonesimulator/OPS.build/DerivedSources -Xcc -DDEBUG\=1 -module-name OPS -frontend-parseable-output -disable-clang-spi -target-sdk-version 18.2 -target-sdk-name iphonesimulator18.2 -external-plugin-path /Applications/Xcode.app/Contents/Developer/Platforms/iPhoneOS.platform/Developer/usr/lib/swift/host/plugins\#/Applications/Xcode.app/Contents/Developer/Platforms/iPhoneOS.platform/Developer/usr/bin/swift-plugin-server -external-plugin-path /Applications/Xcode.app/Contents/Developer/Platforms/iPhoneOS.platform/Developer/usr/local/lib/swift/host/plugins\#/Applications/Xcode.app/Contents/Developer/Platforms/iPhoneOS.platform/Developer/usr/bin/swift-plugin-server -plugin-path /Applications/Xcode.app/Contents/Developer/Toolchains/XcodeDefault.xctoolchain/usr/lib/swift/host/plugins -plugin-path /Applications/Xcode.app/Contents/Developer/Toolchains/XcodeDefault.xctoolchain/usr/local/lib/swift/host/plugins -o /Users/jacksonsweet/Library/Developer/Xcode/DerivedData/OPS-czavgtmnvamasvcjgszzuulfcsxj/Build/Intermediates.noindex/OPS.build/Debug-iphonesimulator/OPS.build/Objects-normal/arm64/PasswordView.o -o /Users/jacksonsweet/Library/Developer/Xcode/DerivedData/OPS-czavgtmnvamasvcjgszzuulfcsxj/Build/Intermediates.noindex/OPS.build/Debug-iphonesimulator/OPS.build/Objects-normal/arm64/PasswordViewPreview.o -o /Users/jacksonsweet/Library/Developer/Xcode/DerivedData/OPS-czavgtmnvamasvcjgszzuulfcsxj/Build/Intermediates.noindex/OPS.build/Debug-iphonesimulator/OPS.build/Objects-normal/arm64/PermissionsView.o -o /Users/jacksonsweet/Library/Developer/Xcode/DerivedData/OPS-czavgtmnvamasvcjgszzuulfcsxj/Build/Intermediates.noindex/OPS.build/Debug-iphonesimulator/OPS.build/Objects-normal/arm64/PermissionsViewPreview.o -o /Users/jacksonsweet/Library/Developer/Xcode/DerivedData/OPS-czavgtmnvamasvcjgszzuulfcsxj/Build/Intermediates.noindex/OPS.build/Debug-iphonesimulator/OPS.build/Objects-normal/arm64/PhoneNumberView.o -o /Users/jacksonsweet/Library/Developer/Xcode/DerivedData/OPS-czavgtmnvamasvcjgszzuulfcsxj/Build/Intermediates.noindex/OPS.build/Debug-iphonesimulator/OPS.build/Objects-normal/arm64/PhoneNumberViewPreview.o -o /Users/jacksonsweet/Library/Developer/Xcode/DerivedData/OPS-czavgtmnvamasvcjgszzuulfcsxj/Build/Intermediates.noindex/OPS.build/Debug-iphonesimulator/OPS.build/Objects-normal/arm64/UserInfoView.o -o /Users/jacksonsweet/Library/Developer/Xcode/DerivedData/OPS-czavgtmnvamasvcjgszzuulfcsxj/Build/Intermediates.noindex/OPS.build/Debug-iphonesimulator/OPS.build/Objects-normal/arm64/UserInfoViewPreview.o -o /Users/jacksonsweet/Library/Developer/Xcode/DerivedData/OPS-czavgtmnvamasvcjgszzuulfcsxj/Build/Intermediates.noindex/OPS.build/Debug-iphonesimulator/OPS.build/Objects-normal/arm64/VerifyPhoneView.o -o /Users/jacksonsweet/Library/Developer/Xcode/DerivedData/OPS-czavgtmnvamasvcjgszzuulfcsxj/Build/Intermediates.noindex/OPS.build/Debug-iphonesimulator/OPS.build/Objects-normal/arm64/WelcomeCompanyView.o -o /Users/jacksonsweet/Library/Developer/Xcode/DerivedData/OPS-czavgtmnvamasvcjgszzuulfcsxj/Build/Intermediates.noindex/OPS.build/Debug-iphonesimulator/OPS.build/Objects-normal/arm64/WelcomeCompanyViewPreview.o -o /Users/jacksonsweet/Library/Developer/Xcode/DerivedData/OPS-czavgtmnvamasvcjgszzuulfcsxj/Build/Intermediates.noindex/OPS.build/Debug-iphonesimulator/OPS.build/Objects-normal/arm64/WelcomeView.o -o /Users/jacksonsweet/Library/Developer/Xcode/DerivedData/OPS-czavgtmnvamasvcjgszzuulfcsxj/Build/Intermediates.noindex/OPS.build/Debug-iphonesimulator/OPS.build/Objects-normal/arm64/WelcomeViewPreview.o -index-unit-output-path /OPS.build/Debug-iphonesimulator/OPS.build/Objects-normal/arm64/PasswordView.o -index-unit-output-path /OPS.build/Debug-iphonesimulator/OPS.build/Objects-normal/arm64/PasswordViewPreview.o -index-unit-output-path /OPS.build/Debug-iphonesimulator/OPS.build/Objects-normal/arm64/PermissionsView.o -index-unit-output-path /OPS.build/Debug-iphonesimulator/OPS.build/Objects-normal/arm64/PermissionsViewPreview.o -index-unit-output-path /OPS.build/Debug-iphonesimulator/OPS.build/Objects-normal/arm64/PhoneNumberView.o -index-unit-output-path /OPS.build/Debug-iphonesimulator/OPS.build/Objects-normal/arm64/PhoneNumberViewPreview.o -index-unit-output-path /OPS.build/Debug-iphonesimulator/OPS.build/Objects-normal/arm64/UserInfoView.o -index-unit-output-path /OPS.build/Debug-iphonesimulator/OPS.build/Objects-normal/arm64/UserInfoViewPreview.o -index-unit-output-path /OPS.build/Debug-iphonesimulator/OPS.build/Objects-normal/arm64/VerifyPhoneView.o -index-unit-output-path /OPS.build/Debug-iphonesimulator/OPS.build/Objects-normal/arm64/WelcomeCompanyView.o -index-unit-output-path /OPS.build/Debug-iphonesimulator/OPS.build/Objects-normal/arm64/WelcomeCompanyViewPreview.o -index-unit-output-path /OPS.build/Debug-iphonesimulator/OPS.build/Objects-normal/arm64/WelcomeView.o -index-unit-output-path /OPS.build/Debug-iphonesimulator/OPS.build/Objects-normal/arm64/WelcomeViewPreview.o -index-store-path /Users/jacksonsweet/Library/Developer/Xcode/DerivedData/OPS-czavgtmnvamasvcjgszzuulfcsxj/Index.noindex/DataStore -index-system-modules

SwiftCompile normal arm64 /Users/jacksonsweet/Desktop/OPS\ APP/OPS/OPS/Onboarding/Views/Screens/PermissionsView.swift (in target 'OPS' from project 'OPS')
    cd /Users/jacksonsweet/Desktop/OPS\ APP/OPS
    /Applications/Xcode.app/Contents/Developer/Toolchains/XcodeDefault.xctoolchain/usr/bin/swift-frontend -c /Users/jacksonsweet/Desktop/OPS\ APP/OPS/OPS/DataModels/BubbleImage.swift /Users/jacksonsweet/Desktop/OPS\ APP/OPS/OPS/DataModels/BubbleTypes.swift /Users/jacksonsweet/Desktop/OPS\ APP/OPS/OPS/DataModels/Company.swift /Users/jacksonsweet/Desktop/OPS\ APP/OPS/OPS/DataModels/Project.swift /Users/jacksonsweet/Desktop/OPS\ APP/OPS/OPS/DataModels/Status.swift /Users/jacksonsweet/Desktop/OPS\ APP/OPS/OPS/DataModels/User.swift /Users/jacksonsweet/Desktop/OPS\ APP/OPS/OPS/DataModels/UserRole.swift /Users/jacksonsweet/Desktop/OPS\ APP/OPS/OPS/Extensions/UIImage+Extensions.swift /Users/jacksonsweet/Desktop/OPS\ APP/OPS/OPS/Network/API/APIError.swift /Users/jacksonsweet/Desktop/OPS\ APP/OPS/OPS/Network/API/APIService.swift /Users/jacksonsweet/Desktop/OPS\ APP/OPS/OPS/Network/API/BubbleFields.swift /Users/jacksonsweet/Desktop/OPS\ APP/OPS/OPS/Network/Auth/AuthError.swift /Users/jacksonsweet/Desktop/OPS\ APP/OPS/OPS/Network/Auth/AuthManager.swift /Users/jacksonsweet/Desktop/OPS\ APP/OPS/OPS/Network/Auth/KeychainManager.swift /Users/jacksonsweet/Desktop/OPS\ APP/OPS/OPS/Network/DTOs/CompanyDTO.swift /Users/jacksonsweet/Desktop/OPS\ APP/OPS/OPS/Network/DTOs/ProjectDTO.swift /Users/jacksonsweet/Desktop/OPS\ APP/OPS/OPS/Network/DTOs/UserDTO.swift /Users/jacksonsweet/Desktop/OPS\ APP/OPS/OPS/Network/Endpoints/CompanyEndpoints.swift /Users/jacksonsweet/Desktop/OPS\ APP/OPS/OPS/Network/Endpoints/ProjectEndpoints.swift /Users/jacksonsweet/Desktop/OPS\ APP/OPS/OPS/Network/Endpoints/UserEndpoints.swift /Users/jacksonsweet/Desktop/OPS\ APP/OPS/OPS/Network/Sync/BackgroundTaskManager.swift /Users/jacksonsweet/Desktop/OPS\ APP/OPS/OPS/Network/Sync/SyncManager.swift /Users/jacksonsweet/Desktop/OPS\ APP/OPS/OPS/Network/ConnectivityMonitor.swift /Users/jacksonsweet/Desktop/OPS\ APP/OPS/OPS/Network/ImageSyncManager.swift /Users/jacksonsweet/Desktop/OPS\ APP/OPS/OPS/Onboarding/Coordinators/OnboardingCoordinator.swift /Users/jacksonsweet/Desktop/OPS\ APP/OPS/OPS/Onboarding/Models/OnboardingModels.swift /Users/jacksonsweet/Desktop/OPS\ APP/OPS/OPS/Onboarding/Services/OnboardingService.swift /Users/jacksonsweet/Desktop/OPS\ APP/OPS/OPS/Onboarding/ViewModels/OnboardingViewModel.swift /Users/jacksonsweet/Desktop/OPS\ APP/OPS/OPS/Onboarding/Views/Components/OnboardingComponents.swift /Users/jacksonsweet/Desktop/OPS\ APP/OPS/OPS/Onboarding/Views/Screens/AccountCreatedView.swift /Users/jacksonsweet/Desktop/OPS\ APP/OPS/OPS/Onboarding/Views/Screens/CompanyCodeView.swift /Users/jacksonsweet/Desktop/OPS\ APP/OPS/OPS/Onboarding/Views/Screens/CompanyCodeViewPreview.swift /Users/jacksonsweet/Desktop/OPS\ APP/OPS/OPS/Onboarding/Views/Screens/CompletionView.swift /Users/jacksonsweet/Desktop/OPS\ APP/OPS/OPS/Onboarding/Views/Screens/CompletionViewPreview.swift /Users/jacksonsweet/Desktop/OPS\ APP/OPS/OPS/Onboarding/Views/Screens/EmailView.swift /Users/jacksonsweet/Desktop/OPS\ APP/OPS/OPS/Onboarding/Views/Screens/FieldSetupView.swift /Users/jacksonsweet/Desktop/OPS\ APP/OPS/OPS/Onboarding/Views/Screens/NotificationsView.swift /Users/jacksonsweet/Desktop/OPS\ APP/OPS/OPS/Onboarding/Views/Screens/NotificationsViewPreview.swift /Users/jacksonsweet/Desktop/OPS\ APP/OPS/OPS/Onboarding/Views/Screens/OrganizationJoinView.swift -primary-file /Users/jacksonsweet/Desktop/OPS\ APP/OPS/OPS/Onboarding/Views/Screens/PasswordView.swift -primary-file /Users/jacksonsweet/Desktop/OPS\ APP/OPS/OPS/Onboarding/Views/Screens/PasswordViewPreview.swift -primary-file /Users/jacksonsweet/Desktop/OPS\ APP/OPS/OPS/Onboarding/Views/Screens/PermissionsView.swift -primary-file /Users/jacksonsweet/Desktop/OPS\ APP/OPS/OPS/Onboarding/Views/Screens/PermissionsViewPreview.swift -primary-file /Users/jacksonsweet/Desktop/OPS\ APP/OPS/OPS/Onboarding/Views/Screens/PhoneNumberView.swift -primary-file /Users/jacksonsweet/Desktop/OPS\ APP/OPS/OPS/Onboarding/Views/Screens/PhoneNumberViewPreview.swift -primary-file /Users/jacksonsweet/Desktop/OPS\ APP/OPS/OPS/Onboarding/Views/Screens/UserInfoView.swift -primary-file /Users/jacksonsweet/Desktop/OPS\ APP/OPS/OPS/Onboarding/Views/Screens/UserInfoViewPreview.swift -primary-file /Users/jacksonsweet/Desktop/OPS\ APP/OPS/OPS/Onboarding/Views/Screens/VerifyPhoneView.swift -primary-file /Users/jacksonsweet/Desktop/OPS\ APP/OPS/OPS/Onboarding/Views/Screens/WelcomeCompanyView.swift -primary-file /Users/jacksonsweet/Desktop/OPS\ APP/OPS/OPS/Onboarding/Views/Screens/WelcomeCompanyViewPreview.swift -primary-file /Users/jacksonsweet/Desktop/OPS\ APP/OPS/OPS/Onboarding/Views/Screens/WelcomeView.swift -primary-file /Users/jacksonsweet/Desktop/OPS\ APP/OPS/OPS/Onboarding/Views/Screens/WelcomeViewPreview.swift /Users/jacksonsweet/Desktop/OPS\ APP/OPS/OPS/Onboarding/Views/OnboardingContainerView.swift /Users/jacksonsweet/Desktop/OPS\ APP/OPS/OPS/Onboarding/Views/OnboardingFlowPreview.swift /Users/jacksonsweet/Desktop/OPS\ APP/OPS/OPS/Onboarding/Views/OnboardingPresenter.swift /Users/jacksonsweet/Desktop/OPS\ APP/OPS/OPS/Onboarding/Views/OnboardingPreviewHelpers.swift /Users/jacksonsweet/Desktop/OPS\ APP/OPS/OPS/Styles/OPSStyle.swift /Users/jacksonsweet/Desktop/OPS\ APP/OPS/OPS/Utilities/AppConfiguration.swift /Users/jacksonsweet/Desktop/OPS\ APP/OPS/OPS/Utilities/ArrayTransformer.swift /Users/jacksonsweet/Desktop/OPS\ APP/OPS/OPS/Utilities/DataController.swift /Users/jacksonsweet/Desktop/OPS\ APP/OPS/OPS/Utilities/Dateformatter\ +Bubble.swift /Users/jacksonsweet/Desktop/OPS\ APP/OPS/OPS/Utilities/DateHelper.swift /Users/jacksonsweet/Desktop/OPS\ APP/OPS/OPS/Utilities/FieldErrorHandler.swift /Users/jacksonsweet/Desktop/OPS\ APP/OPS/OPS/Utilities/ImageCache.swift /Users/jacksonsweet/Desktop/OPS\ APP/OPS/OPS/Utilities/ImageFileManager.swift /Users/jacksonsweet/Desktop/OPS\ APP/OPS/OPS/Utilities/InProgressManager.swift /Users/jacksonsweet/Desktop/OPS\ APP/OPS/OPS/Utilities/KeyboardDismissalModifier.swift /Users/jacksonsweet/Desktop/OPS\ APP/OPS/OPS/Utilities/LocationManager.swift /Users/jacksonsweet/Desktop/OPS\ APP/OPS/OPS/Utilities/OnboardingEnvironmentKey.swift /Users/jacksonsweet/Desktop/OPS\ APP/OPS/OPS/Utilities/SwiftDataHelper.swift /Users/jacksonsweet/Desktop/OPS\ APP/OPS/OPS/Utilities/UIComponents.swift /Users/jacksonsweet/Desktop/OPS\ APP/OPS/OPS/V2/CertificationsSettingsView.swift /Users/jacksonsweet/Desktop/OPS\ APP/OPS/OPS/ViewModels/CalendarViewModel.swift /Users/jacksonsweet/Desktop/OPS\ APP/OPS/OPS/ViewModels/ProjectsViewModel.swift /Users/jacksonsweet/Desktop/OPS\ APP/OPS/OPS/Views/Calendar\ Tab/Components/CalendarDaySelector.swift /Users/jacksonsweet/Desktop/OPS\ APP/OPS/OPS/Views/Calendar\ Tab/Components/CalendarHeaderView.swift /Users/jacksonsweet/Desktop/OPS\ APP/OPS/OPS/Views/Calendar\ Tab/Components/CalendarProjectCard.swift /Users/jacksonsweet/Desktop/OPS\ APP/OPS/OPS/Views/Calendar\ Tab/Components/CalendarToggleView.swift /Users/jacksonsweet/Desktop/OPS\ APP/OPS/OPS/Views/Calendar\ Tab/Components/DatePickerPopover.swift /Users/jacksonsweet/Desktop/OPS\ APP/OPS/OPS/Views/Calendar\ Tab/Components/DayCell.swift /Users/jacksonsweet/Desktop/OPS\ APP/OPS/OPS/Views/Calendar\ Tab/ProjectViews/DayProjectSheet.swift /Users/jacksonsweet/Desktop/OPS\ APP/OPS/OPS/Views/Calendar\ Tab/ProjectViews/ProjectListView.swift /Users/jacksonsweet/Desktop/OPS\ APP/OPS/OPS/Views/Calendar\ Tab/MonthGridView.swift /Users/jacksonsweet/Desktop/OPS\ APP/OPS/OPS/Views/Components/Common/AppHeader.swift /Users/jacksonsweet/Desktop/OPS\ APP/OPS/OPS/Views/Components/Common/ExpandableNotesView.swift /Users/jacksonsweet/Desktop/OPS\ APP/OPS/OPS/Views/Components/Common/LocationPermissionView.swift /Users/jacksonsweet/Desktop/OPS\ APP/OPS/OPS/Views/Components/Common/NavigationBanner.swift /Users/jacksonsweet/Desktop/OPS\ APP/OPS/OPS/Views/Components/Common/NavigationControlsView.swift /Users/jacksonsweet/Desktop/OPS\ APP/OPS/OPS/Views/Components/Common/TabBarBackground.swift /Users/jacksonsweet/Desktop/OPS\ APP/OPS/OPS/Views/Components/Images/ImagePicker.swift /Users/jacksonsweet/Desktop/OPS\ APP/OPS/OPS/Views/Components/Images/ImagePickerView.swift /Users/jacksonsweet/Desktop/OPS\ APP/OPS/OPS/Views/Components/Images/ProjectImagesSection.swift /Users/jacksonsweet/Desktop/OPS\ APP/OPS/OPS/Views/Components/Images/ProjectImagesSimple.swift /Users/jacksonsweet/Desktop/OPS\ APP/OPS/OPS/Views/Components/Images/ProjectImageView.swift /Users/jacksonsweet/Desktop/OPS\ APP/OPS/OPS/Views/Components/Images/ProjectPhotosGrid.swift /Users/jacksonsweet/Desktop/OPS\ APP/OPS/OPS/Views/Components/Map/MiniMapView.swift /Users/jacksonsweet/Desktop/OPS\ APP/OPS/OPS/Views/Components/Map/ProjectMapAnnotation.swift /Users/jacksonsweet/Desktop/OPS\ APP/OPS/OPS/Views/Components/Map/ProjectMapView.swift /Users/jacksonsweet/Desktop/OPS\ APP/OPS/OPS/Views/Components/Map/ProjectMarkerPopup.swift /Users/jacksonsweet/Desktop/OPS\ APP/OPS/OPS/Views/Components/Map/RouteDirectionsView.swift /Users/jacksonsweet/Desktop/OPS\ APP/OPS/OPS/Views/Components/Project/ProjectActionBar.swift /Users/jacksonsweet/Desktop/OPS\ APP/OPS/OPS/Views/Components/Project/ProjectCard.swift /Users/jacksonsweet/Desktop/OPS\ APP/OPS/OPS/Views/Components/Project/ProjectCarousel.swift /Users/jacksonsweet/Desktop/OPS\ APP/OPS/OPS/Views/Components/Project/ProjectDetailsView.swift /Users/jacksonsweet/Desktop/OPS\ APP/OPS/OPS/Views/Components/Project/ProjectHeader.swift /Users/jacksonsweet/Desktop/OPS\ APP/OPS/OPS/Views/Components/Project/ProjectSheetContainer.swift /Users/jacksonsweet/Desktop/OPS\ APP/OPS/OPS/Views/Components/User/TeamMemberListView.swift /Users/jacksonsweet/Desktop/OPS\ APP/OPS/OPS/Views/Components/User/UserProfileCard.swift /Users/jacksonsweet/Desktop/OPS\ APP/OPS/OPS/Views/Home/HomeContentView.swift /Users/jacksonsweet/Desktop/OPS\ APP/OPS/OPS/Views/Home/HomeView.swift /Users/jacksonsweet/Desktop/OPS\ APP/OPS/OPS/Views/Settings/OrganizationSettingsView.swift /Users/jacksonsweet/Desktop/OPS\ APP/OPS/OPS/Views/Settings/ProfileSettingsView.swift /Users/jacksonsweet/Desktop/OPS\ APP/OPS/OPS/Views/Settings/ProjectHistorySettingsView.swift /Users/jacksonsweet/Desktop/OPS\ APP/OPS/OPS/Views/LoginView.swift /Users/jacksonsweet/Desktop/OPS\ APP/OPS/OPS/Views/LoginViewPreview.swift /Users/jacksonsweet/Desktop/OPS\ APP/OPS/OPS/Views/MainTabView.swift /Users/jacksonsweet/Desktop/OPS\ APP/OPS/OPS/Views/NetworkStatusIndicator.swift /Users/jacksonsweet/Desktop/OPS\ APP/OPS/OPS/Views/ScheduleView.swift /Users/jacksonsweet/Desktop/OPS\ APP/OPS/OPS/Views/SettingsView.swift /Users/jacksonsweet/Desktop/OPS\ APP/OPS/OPS/Views/SplashScreen.swift /Users/jacksonsweet/Desktop/OPS\ APP/OPS/OPS/AppState.swift /Users/jacksonsweet/Desktop/OPS\ APP/OPS/OPS/ContentView.swift /Users/jacksonsweet/Desktop/OPS\ APP/OPS/OPS/Item.swift /Users/jacksonsweet/Desktop/OPS\ APP/OPS/OPS/OPSApp.swift /Users/jacksonsweet/Library/Developer/Xcode/DerivedData/OPS-czavgtmnvamasvcjgszzuulfcsxj/Build/Intermediates.noindex/OPS.build/Debug-iphonesimulator/OPS.build/DerivedSources/GeneratedAssetSymbols.swift -supplementary-output-file-map /Users/jacksonsweet/Library/Developer/Xcode/DerivedData/OPS-czavgtmnvamasvcjgszzuulfcsxj/Build/Intermediates.noindex/OPS.build/Debug-iphonesimulator/OPS.build/Objects-normal/arm64/supplementaryOutputs-4 -emit-localized-strings -emit-localized-strings-path /Users/jacksonsweet/Library/Developer/Xcode/DerivedData/OPS-czavgtmnvamasvcjgszzuulfcsxj/Build/Intermediates.noindex/OPS.build/Debug-iphonesimulator/OPS.build/Objects-normal/arm64 -target arm64-apple-ios18.2-simulator -Xllvm -aarch64-use-tbi -enable-objc-interop -sdk /Applications/Xcode.app/Contents/Developer/Platforms/iPhoneSimulator.platform/Developer/SDKs/iPhoneSimulator18.2.sdk -I /Users/jacksonsweet/Library/Developer/Xcode/DerivedData/OPS-czavgtmnvamasvcjgszzuulfcsxj/Build/Products/Debug-iphonesimulator -F /Users/jacksonsweet/Library/Developer/Xcode/DerivedData/OPS-czavgtmnvamasvcjgszzuulfcsxj/Build/Products/Debug-iphonesimulator -no-color-diagnostics -enable-testing -g -debug-info-format\=dwarf -dwarf-version\=5 -module-cache-path /Users/jacksonsweet/Library/Developer/Xcode/DerivedData/ModuleCache.noindex -profile-generate -profile-coverage-mapping -swift-version 5 -enforce-exclusivity\=checked -Onone -D DEBUG -serialize-debugging-options -const-gather-protocols-file /Users/jacksonsweet/Library/Developer/Xcode/DerivedData/OPS-czavgtmnvamasvcjgszzuulfcsxj/Build/Intermediates.noindex/OPS.build/Debug-iphonesimulator/OPS.build/Objects-normal/arm64/OPS_const_extract_protocols.json -enable-experimental-feature DebugDescriptionMacro -enable-experimental-feature OpaqueTypeErasure -enable-bare-slash-regex -empty-abi-descriptor -validate-clang-modules-once -clang-build-session-file /Users/jacksonsweet/Library/Developer/Xcode/DerivedData/ModuleCache.noindex/Session.modulevalidation -Xcc -working-directory -Xcc /Users/jacksonsweet/Desktop/OPS\ APP/OPS -resource-dir /Applications/Xcode.app/Contents/Developer/Toolchains/XcodeDefault.xctoolchain/usr/lib/swift -enable-anonymous-context-mangled-names -file-compilation-dir /Users/jacksonsweet/Desktop/OPS\ APP/OPS -Xcc -D_LIBCPP_HARDENING_MODE\=_LIBCPP_HARDENING_MODE_DEBUG -Xcc -ivfsstatcache -Xcc /Users/jacksonsweet/Library/Developer/Xcode/DerivedData/SDKStatCaches.noindex/iphonesimulator18.2-22C146-07b28473f605e47e75261259d3ef3b5a.sdkstatcache -Xcc -I/Users/jacksonsweet/Library/Developer/Xcode/DerivedData/OPS-czavgtmnvamasvcjgszzuulfcsxj/Build/Intermediates.noindex/OPS.build/Debug-iphonesimulator/OPS.build/swift-overrides.hmap -Xcc -iquote -Xcc /Users/jacksonsweet/Library/Developer/Xcode/DerivedData/OPS-czavgtmnvamasvcjgszzuulfcsxj/Build/Intermediates.noindex/OPS.build/Debug-iphonesimulator/OPS.build/OPS-generated-files.hmap -Xcc -I/Users/jacksonsweet/Library/Developer/Xcode/DerivedData/OPS-czavgtmnvamasvcjgszzuulfcsxj/Build/Intermediates.noindex/OPS.build/Debug-iphonesimulator/OPS.build/OPS-own-target-headers.hmap -Xcc -I/Users/jacksonsweet/Library/Developer/Xcode/DerivedData/OPS-czavgtmnvamasvcjgszzuulfcsxj/Build/Intermediates.noindex/OPS.build/Debug-iphonesimulator/OPS.build/OPS-all-target-headers.hmap -Xcc -iquote -Xcc /Users/jacksonsweet/Library/Developer/Xcode/DerivedData/OPS-czavgtmnvamasvcjgszzuulfcsxj/Build/Intermediates.noindex/OPS.build/Debug-iphonesimulator/OPS.build/OPS-project-headers.hmap -Xcc -I/Users/jacksonsweet/Library/Developer/Xcode/DerivedData/OPS-czavgtmnvamasvcjgszzuulfcsxj/Build/Products/Debug-iphonesimulator/include -Xcc -I/Users/jacksonsweet/Library/Developer/Xcode/DerivedData/OPS-czavgtmnvamasvcjgszzuulfcsxj/Build/Intermediates.noindex/OPS.build/Debug-iphonesimulator/OPS.build/DerivedSources-normal/arm64 -Xcc -I/Users/jacksonsweet/Library/Developer/Xcode/DerivedData/OPS-czavgtmnvamasvcjgszzuulfcsxj/Build/Intermediates.noindex/OPS.build/Debug-iphonesimulator/OPS.build/DerivedSources/arm64 -Xcc -I/Users/jacksonsweet/Library/Developer/Xcode/DerivedData/OPS-czavgtmnvamasvcjgszzuulfcsxj/Build/Intermediates.noindex/OPS.build/Debug-iphonesimulator/OPS.build/DerivedSources -Xcc -DDEBUG\=1 -module-name OPS -frontend-parseable-output -disable-clang-spi -target-sdk-version 18.2 -target-sdk-name iphonesimulator18.2 -external-plugin-path /Applications/Xcode.app/Contents/Developer/Platforms/iPhoneOS.platform/Developer/usr/lib/swift/host/plugins\#/Applications/Xcode.app/Contents/Developer/Platforms/iPhoneOS.platform/Developer/usr/bin/swift-plugin-server -external-plugin-path /Applications/Xcode.app/Contents/Developer/Platforms/iPhoneOS.platform/Developer/usr/local/lib/swift/host/plugins\#/Applications/Xcode.app/Contents/Developer/Platforms/iPhoneOS.platform/Developer/usr/bin/swift-plugin-server -plugin-path /Applications/Xcode.app/Contents/Developer/Toolchains/XcodeDefault.xctoolchain/usr/lib/swift/host/plugins -plugin-path /Applications/Xcode.app/Contents/Developer/Toolchains/XcodeDefault.xctoolchain/usr/local/lib/swift/host/plugins -o /Users/jacksonsweet/Library/Developer/Xcode/DerivedData/OPS-czavgtmnvamasvcjgszzuulfcsxj/Build/Intermediates.noindex/OPS.build/Debug-iphonesimulator/OPS.build/Objects-normal/arm64/PasswordView.o -o /Users/jacksonsweet/Library/Developer/Xcode/DerivedData/OPS-czavgtmnvamasvcjgszzuulfcsxj/Build/Intermediates.noindex/OPS.build/Debug-iphonesimulator/OPS.build/Objects-normal/arm64/PasswordViewPreview.o -o /Users/jacksonsweet/Library/Developer/Xcode/DerivedData/OPS-czavgtmnvamasvcjgszzuulfcsxj/Build/Intermediates.noindex/OPS.build/Debug-iphonesimulator/OPS.build/Objects-normal/arm64/PermissionsView.o -o /Users/jacksonsweet/Library/Developer/Xcode/DerivedData/OPS-czavgtmnvamasvcjgszzuulfcsxj/Build/Intermediates.noindex/OPS.build/Debug-iphonesimulator/OPS.build/Objects-normal/arm64/PermissionsViewPreview.o -o /Users/jacksonsweet/Library/Developer/Xcode/DerivedData/OPS-czavgtmnvamasvcjgszzuulfcsxj/Build/Intermediates.noindex/OPS.build/Debug-iphonesimulator/OPS.build/Objects-normal/arm64/PhoneNumberView.o -o /Users/jacksonsweet/Library/Developer/Xcode/DerivedData/OPS-czavgtmnvamasvcjgszzuulfcsxj/Build/Intermediates.noindex/OPS.build/Debug-iphonesimulator/OPS.build/Objects-normal/arm64/PhoneNumberViewPreview.o -o /Users/jacksonsweet/Library/Developer/Xcode/DerivedData/OPS-czavgtmnvamasvcjgszzuulfcsxj/Build/Intermediates.noindex/OPS.build/Debug-iphonesimulator/OPS.build/Objects-normal/arm64/UserInfoView.o -o /Users/jacksonsweet/Library/Developer/Xcode/DerivedData/OPS-czavgtmnvamasvcjgszzuulfcsxj/Build/Intermediates.noindex/OPS.build/Debug-iphonesimulator/OPS.build/Objects-normal/arm64/UserInfoViewPreview.o -o /Users/jacksonsweet/Library/Developer/Xcode/DerivedData/OPS-czavgtmnvamasvcjgszzuulfcsxj/Build/Intermediates.noindex/OPS.build/Debug-iphonesimulator/OPS.build/Objects-normal/arm64/VerifyPhoneView.o -o /Users/jacksonsweet/Library/Developer/Xcode/DerivedData/OPS-czavgtmnvamasvcjgszzuulfcsxj/Build/Intermediates.noindex/OPS.build/Debug-iphonesimulator/OPS.build/Objects-normal/arm64/WelcomeCompanyView.o -o /Users/jacksonsweet/Library/Developer/Xcode/DerivedData/OPS-czavgtmnvamasvcjgszzuulfcsxj/Build/Intermediates.noindex/OPS.build/Debug-iphonesimulator/OPS.build/Objects-normal/arm64/WelcomeCompanyViewPreview.o -o /Users/jacksonsweet/Library/Developer/Xcode/DerivedData/OPS-czavgtmnvamasvcjgszzuulfcsxj/Build/Intermediates.noindex/OPS.build/Debug-iphonesimulator/OPS.build/Objects-normal/arm64/WelcomeView.o -o /Users/jacksonsweet/Library/Developer/Xcode/DerivedData/OPS-czavgtmnvamasvcjgszzuulfcsxj/Build/Intermediates.noindex/OPS.build/Debug-iphonesimulator/OPS.build/Objects-normal/arm64/WelcomeViewPreview.o -index-unit-output-path /OPS.build/Debug-iphonesimulator/OPS.build/Objects-normal/arm64/PasswordView.o -index-unit-output-path /OPS.build/Debug-iphonesimulator/OPS.build/Objects-normal/arm64/PasswordViewPreview.o -index-unit-output-path /OPS.build/Debug-iphonesimulator/OPS.build/Objects-normal/arm64/PermissionsView.o -index-unit-output-path /OPS.build/Debug-iphonesimulator/OPS.build/Objects-normal/arm64/PermissionsViewPreview.o -index-unit-output-path /OPS.build/Debug-iphonesimulator/OPS.build/Objects-normal/arm64/PhoneNumberView.o -index-unit-output-path /OPS.build/Debug-iphonesimulator/OPS.build/Objects-normal/arm64/PhoneNumberViewPreview.o -index-unit-output-path /OPS.build/Debug-iphonesimulator/OPS.build/Objects-normal/arm64/UserInfoView.o -index-unit-output-path /OPS.build/Debug-iphonesimulator/OPS.build/Objects-normal/arm64/UserInfoViewPreview.o -index-unit-output-path /OPS.build/Debug-iphonesimulator/OPS.build/Objects-normal/arm64/VerifyPhoneView.o -index-unit-output-path /OPS.build/Debug-iphonesimulator/OPS.build/Objects-normal/arm64/WelcomeCompanyView.o -index-unit-output-path /OPS.build/Debug-iphonesimulator/OPS.build/Objects-normal/arm64/WelcomeCompanyViewPreview.o -index-unit-output-path /OPS.build/Debug-iphonesimulator/OPS.build/Objects-normal/arm64/WelcomeView.o -index-unit-output-path /OPS.build/Debug-iphonesimulator/OPS.build/Objects-normal/arm64/WelcomeViewPreview.o -index-store-path /Users/jacksonsweet/Library/Developer/Xcode/DerivedData/OPS-czavgtmnvamasvcjgszzuulfcsxj/Index.noindex/DataStore -index-system-modules

SwiftCompile normal arm64 /Users/jacksonsweet/Desktop/OPS\ APP/OPS/OPS/Onboarding/Views/Screens/PermissionsViewPreview.swift (in target 'OPS' from project 'OPS')
    cd /Users/jacksonsweet/Desktop/OPS\ APP/OPS
    /Applications/Xcode.app/Contents/Developer/Toolchains/XcodeDefault.xctoolchain/usr/bin/swift-frontend -c /Users/jacksonsweet/Desktop/OPS\ APP/OPS/OPS/DataModels/BubbleImage.swift /Users/jacksonsweet/Desktop/OPS\ APP/OPS/OPS/DataModels/BubbleTypes.swift /Users/jacksonsweet/Desktop/OPS\ APP/OPS/OPS/DataModels/Company.swift /Users/jacksonsweet/Desktop/OPS\ APP/OPS/OPS/DataModels/Project.swift /Users/jacksonsweet/Desktop/OPS\ APP/OPS/OPS/DataModels/Status.swift /Users/jacksonsweet/Desktop/OPS\ APP/OPS/OPS/DataModels/User.swift /Users/jacksonsweet/Desktop/OPS\ APP/OPS/OPS/DataModels/UserRole.swift /Users/jacksonsweet/Desktop/OPS\ APP/OPS/OPS/Extensions/UIImage+Extensions.swift /Users/jacksonsweet/Desktop/OPS\ APP/OPS/OPS/Network/API/APIError.swift /Users/jacksonsweet/Desktop/OPS\ APP/OPS/OPS/Network/API/APIService.swift /Users/jacksonsweet/Desktop/OPS\ APP/OPS/OPS/Network/API/BubbleFields.swift /Users/jacksonsweet/Desktop/OPS\ APP/OPS/OPS/Network/Auth/AuthError.swift /Users/jacksonsweet/Desktop/OPS\ APP/OPS/OPS/Network/Auth/AuthManager.swift /Users/jacksonsweet/Desktop/OPS\ APP/OPS/OPS/Network/Auth/KeychainManager.swift /Users/jacksonsweet/Desktop/OPS\ APP/OPS/OPS/Network/DTOs/CompanyDTO.swift /Users/jacksonsweet/Desktop/OPS\ APP/OPS/OPS/Network/DTOs/ProjectDTO.swift /Users/jacksonsweet/Desktop/OPS\ APP/OPS/OPS/Network/DTOs/UserDTO.swift /Users/jacksonsweet/Desktop/OPS\ APP/OPS/OPS/Network/Endpoints/CompanyEndpoints.swift /Users/jacksonsweet/Desktop/OPS\ APP/OPS/OPS/Network/Endpoints/ProjectEndpoints.swift /Users/jacksonsweet/Desktop/OPS\ APP/OPS/OPS/Network/Endpoints/UserEndpoints.swift /Users/jacksonsweet/Desktop/OPS\ APP/OPS/OPS/Network/Sync/BackgroundTaskManager.swift /Users/jacksonsweet/Desktop/OPS\ APP/OPS/OPS/Network/Sync/SyncManager.swift /Users/jacksonsweet/Desktop/OPS\ APP/OPS/OPS/Network/ConnectivityMonitor.swift /Users/jacksonsweet/Desktop/OPS\ APP/OPS/OPS/Network/ImageSyncManager.swift /Users/jacksonsweet/Desktop/OPS\ APP/OPS/OPS/Onboarding/Coordinators/OnboardingCoordinator.swift /Users/jacksonsweet/Desktop/OPS\ APP/OPS/OPS/Onboarding/Models/OnboardingModels.swift /Users/jacksonsweet/Desktop/OPS\ APP/OPS/OPS/Onboarding/Services/OnboardingService.swift /Users/jacksonsweet/Desktop/OPS\ APP/OPS/OPS/Onboarding/ViewModels/OnboardingViewModel.swift /Users/jacksonsweet/Desktop/OPS\ APP/OPS/OPS/Onboarding/Views/Components/OnboardingComponents.swift /Users/jacksonsweet/Desktop/OPS\ APP/OPS/OPS/Onboarding/Views/Screens/AccountCreatedView.swift /Users/jacksonsweet/Desktop/OPS\ APP/OPS/OPS/Onboarding/Views/Screens/CompanyCodeView.swift /Users/jacksonsweet/Desktop/OPS\ APP/OPS/OPS/Onboarding/Views/Screens/CompanyCodeViewPreview.swift /Users/jacksonsweet/Desktop/OPS\ APP/OPS/OPS/Onboarding/Views/Screens/CompletionView.swift /Users/jacksonsweet/Desktop/OPS\ APP/OPS/OPS/Onboarding/Views/Screens/CompletionViewPreview.swift /Users/jacksonsweet/Desktop/OPS\ APP/OPS/OPS/Onboarding/Views/Screens/EmailView.swift /Users/jacksonsweet/Desktop/OPS\ APP/OPS/OPS/Onboarding/Views/Screens/FieldSetupView.swift /Users/jacksonsweet/Desktop/OPS\ APP/OPS/OPS/Onboarding/Views/Screens/NotificationsView.swift /Users/jacksonsweet/Desktop/OPS\ APP/OPS/OPS/Onboarding/Views/Screens/NotificationsViewPreview.swift /Users/jacksonsweet/Desktop/OPS\ APP/OPS/OPS/Onboarding/Views/Screens/OrganizationJoinView.swift -primary-file /Users/jacksonsweet/Desktop/OPS\ APP/OPS/OPS/Onboarding/Views/Screens/PasswordView.swift -primary-file /Users/jacksonsweet/Desktop/OPS\ APP/OPS/OPS/Onboarding/Views/Screens/PasswordViewPreview.swift -primary-file /Users/jacksonsweet/Desktop/OPS\ APP/OPS/OPS/Onboarding/Views/Screens/PermissionsView.swift -primary-file /Users/jacksonsweet/Desktop/OPS\ APP/OPS/OPS/Onboarding/Views/Screens/PermissionsViewPreview.swift -primary-file /Users/jacksonsweet/Desktop/OPS\ APP/OPS/OPS/Onboarding/Views/Screens/PhoneNumberView.swift -primary-file /Users/jacksonsweet/Desktop/OPS\ APP/OPS/OPS/Onboarding/Views/Screens/PhoneNumberViewPreview.swift -primary-file /Users/jacksonsweet/Desktop/OPS\ APP/OPS/OPS/Onboarding/Views/Screens/UserInfoView.swift -primary-file /Users/jacksonsweet/Desktop/OPS\ APP/OPS/OPS/Onboarding/Views/Screens/UserInfoViewPreview.swift -primary-file /Users/jacksonsweet/Desktop/OPS\ APP/OPS/OPS/Onboarding/Views/Screens/VerifyPhoneView.swift -primary-file /Users/jacksonsweet/Desktop/OPS\ APP/OPS/OPS/Onboarding/Views/Screens/WelcomeCompanyView.swift -primary-file /Users/jacksonsweet/Desktop/OPS\ APP/OPS/OPS/Onboarding/Views/Screens/WelcomeCompanyViewPreview.swift -primary-file /Users/jacksonsweet/Desktop/OPS\ APP/OPS/OPS/Onboarding/Views/Screens/WelcomeView.swift -primary-file /Users/jacksonsweet/Desktop/OPS\ APP/OPS/OPS/Onboarding/Views/Screens/WelcomeViewPreview.swift /Users/jacksonsweet/Desktop/OPS\ APP/OPS/OPS/Onboarding/Views/OnboardingContainerView.swift /Users/jacksonsweet/Desktop/OPS\ APP/OPS/OPS/Onboarding/Views/OnboardingFlowPreview.swift /Users/jacksonsweet/Desktop/OPS\ APP/OPS/OPS/Onboarding/Views/OnboardingPresenter.swift /Users/jacksonsweet/Desktop/OPS\ APP/OPS/OPS/Onboarding/Views/OnboardingPreviewHelpers.swift /Users/jacksonsweet/Desktop/OPS\ APP/OPS/OPS/Styles/OPSStyle.swift /Users/jacksonsweet/Desktop/OPS\ APP/OPS/OPS/Utilities/AppConfiguration.swift /Users/jacksonsweet/Desktop/OPS\ APP/OPS/OPS/Utilities/ArrayTransformer.swift /Users/jacksonsweet/Desktop/OPS\ APP/OPS/OPS/Utilities/DataController.swift /Users/jacksonsweet/Desktop/OPS\ APP/OPS/OPS/Utilities/Dateformatter\ +Bubble.swift /Users/jacksonsweet/Desktop/OPS\ APP/OPS/OPS/Utilities/DateHelper.swift /Users/jacksonsweet/Desktop/OPS\ APP/OPS/OPS/Utilities/FieldErrorHandler.swift /Users/jacksonsweet/Desktop/OPS\ APP/OPS/OPS/Utilities/ImageCache.swift /Users/jacksonsweet/Desktop/OPS\ APP/OPS/OPS/Utilities/ImageFileManager.swift /Users/jacksonsweet/Desktop/OPS\ APP/OPS/OPS/Utilities/InProgressManager.swift /Users/jacksonsweet/Desktop/OPS\ APP/OPS/OPS/Utilities/KeyboardDismissalModifier.swift /Users/jacksonsweet/Desktop/OPS\ APP/OPS/OPS/Utilities/LocationManager.swift /Users/jacksonsweet/Desktop/OPS\ APP/OPS/OPS/Utilities/OnboardingEnvironmentKey.swift /Users/jacksonsweet/Desktop/OPS\ APP/OPS/OPS/Utilities/SwiftDataHelper.swift /Users/jacksonsweet/Desktop/OPS\ APP/OPS/OPS/Utilities/UIComponents.swift /Users/jacksonsweet/Desktop/OPS\ APP/OPS/OPS/V2/CertificationsSettingsView.swift /Users/jacksonsweet/Desktop/OPS\ APP/OPS/OPS/ViewModels/CalendarViewModel.swift /Users/jacksonsweet/Desktop/OPS\ APP/OPS/OPS/ViewModels/ProjectsViewModel.swift /Users/jacksonsweet/Desktop/OPS\ APP/OPS/OPS/Views/Calendar\ Tab/Components/CalendarDaySelector.swift /Users/jacksonsweet/Desktop/OPS\ APP/OPS/OPS/Views/Calendar\ Tab/Components/CalendarHeaderView.swift /Users/jacksonsweet/Desktop/OPS\ APP/OPS/OPS/Views/Calendar\ Tab/Components/CalendarProjectCard.swift /Users/jacksonsweet/Desktop/OPS\ APP/OPS/OPS/Views/Calendar\ Tab/Components/CalendarToggleView.swift /Users/jacksonsweet/Desktop/OPS\ APP/OPS/OPS/Views/Calendar\ Tab/Components/DatePickerPopover.swift /Users/jacksonsweet/Desktop/OPS\ APP/OPS/OPS/Views/Calendar\ Tab/Components/DayCell.swift /Users/jacksonsweet/Desktop/OPS\ APP/OPS/OPS/Views/Calendar\ Tab/ProjectViews/DayProjectSheet.swift /Users/jacksonsweet/Desktop/OPS\ APP/OPS/OPS/Views/Calendar\ Tab/ProjectViews/ProjectListView.swift /Users/jacksonsweet/Desktop/OPS\ APP/OPS/OPS/Views/Calendar\ Tab/MonthGridView.swift /Users/jacksonsweet/Desktop/OPS\ APP/OPS/OPS/Views/Components/Common/AppHeader.swift /Users/jacksonsweet/Desktop/OPS\ APP/OPS/OPS/Views/Components/Common/ExpandableNotesView.swift /Users/jacksonsweet/Desktop/OPS\ APP/OPS/OPS/Views/Components/Common/LocationPermissionView.swift /Users/jacksonsweet/Desktop/OPS\ APP/OPS/OPS/Views/Components/Common/NavigationBanner.swift /Users/jacksonsweet/Desktop/OPS\ APP/OPS/OPS/Views/Components/Common/NavigationControlsView.swift /Users/jacksonsweet/Desktop/OPS\ APP/OPS/OPS/Views/Components/Common/TabBarBackground.swift /Users/jacksonsweet/Desktop/OPS\ APP/OPS/OPS/Views/Components/Images/ImagePicker.swift /Users/jacksonsweet/Desktop/OPS\ APP/OPS/OPS/Views/Components/Images/ImagePickerView.swift /Users/jacksonsweet/Desktop/OPS\ APP/OPS/OPS/Views/Components/Images/ProjectImagesSection.swift /Users/jacksonsweet/Desktop/OPS\ APP/OPS/OPS/Views/Components/Images/ProjectImagesSimple.swift /Users/jacksonsweet/Desktop/OPS\ APP/OPS/OPS/Views/Components/Images/ProjectImageView.swift /Users/jacksonsweet/Desktop/OPS\ APP/OPS/OPS/Views/Components/Images/ProjectPhotosGrid.swift /Users/jacksonsweet/Desktop/OPS\ APP/OPS/OPS/Views/Components/Map/MiniMapView.swift /Users/jacksonsweet/Desktop/OPS\ APP/OPS/OPS/Views/Components/Map/ProjectMapAnnotation.swift /Users/jacksonsweet/Desktop/OPS\ APP/OPS/OPS/Views/Components/Map/ProjectMapView.swift /Users/jacksonsweet/Desktop/OPS\ APP/OPS/OPS/Views/Components/Map/ProjectMarkerPopup.swift /Users/jacksonsweet/Desktop/OPS\ APP/OPS/OPS/Views/Components/Map/RouteDirectionsView.swift /Users/jacksonsweet/Desktop/OPS\ APP/OPS/OPS/Views/Components/Project/ProjectActionBar.swift /Users/jacksonsweet/Desktop/OPS\ APP/OPS/OPS/Views/Components/Project/ProjectCard.swift /Users/jacksonsweet/Desktop/OPS\ APP/OPS/OPS/Views/Components/Project/ProjectCarousel.swift /Users/jacksonsweet/Desktop/OPS\ APP/OPS/OPS/Views/Components/Project/ProjectDetailsView.swift /Users/jacksonsweet/Desktop/OPS\ APP/OPS/OPS/Views/Components/Project/ProjectHeader.swift /Users/jacksonsweet/Desktop/OPS\ APP/OPS/OPS/Views/Components/Project/ProjectSheetContainer.swift /Users/jacksonsweet/Desktop/OPS\ APP/OPS/OPS/Views/Components/User/TeamMemberListView.swift /Users/jacksonsweet/Desktop/OPS\ APP/OPS/OPS/Views/Components/User/UserProfileCard.swift /Users/jacksonsweet/Desktop/OPS\ APP/OPS/OPS/Views/Home/HomeContentView.swift /Users/jacksonsweet/Desktop/OPS\ APP/OPS/OPS/Views/Home/HomeView.swift /Users/jacksonsweet/Desktop/OPS\ APP/OPS/OPS/Views/Settings/OrganizationSettingsView.swift /Users/jacksonsweet/Desktop/OPS\ APP/OPS/OPS/Views/Settings/ProfileSettingsView.swift /Users/jacksonsweet/Desktop/OPS\ APP/OPS/OPS/Views/Settings/ProjectHistorySettingsView.swift /Users/jacksonsweet/Desktop/OPS\ APP/OPS/OPS/Views/LoginView.swift /Users/jacksonsweet/Desktop/OPS\ APP/OPS/OPS/Views/LoginViewPreview.swift /Users/jacksonsweet/Desktop/OPS\ APP/OPS/OPS/Views/MainTabView.swift /Users/jacksonsweet/Desktop/OPS\ APP/OPS/OPS/Views/NetworkStatusIndicator.swift /Users/jacksonsweet/Desktop/OPS\ APP/OPS/OPS/Views/ScheduleView.swift /Users/jacksonsweet/Desktop/OPS\ APP/OPS/OPS/Views/SettingsView.swift /Users/jacksonsweet/Desktop/OPS\ APP/OPS/OPS/Views/SplashScreen.swift /Users/jacksonsweet/Desktop/OPS\ APP/OPS/OPS/AppState.swift /Users/jacksonsweet/Desktop/OPS\ APP/OPS/OPS/ContentView.swift /Users/jacksonsweet/Desktop/OPS\ APP/OPS/OPS/Item.swift /Users/jacksonsweet/Desktop/OPS\ APP/OPS/OPS/OPSApp.swift /Users/jacksonsweet/Library/Developer/Xcode/DerivedData/OPS-czavgtmnvamasvcjgszzuulfcsxj/Build/Intermediates.noindex/OPS.build/Debug-iphonesimulator/OPS.build/DerivedSources/GeneratedAssetSymbols.swift -supplementary-output-file-map /Users/jacksonsweet/Library/Developer/Xcode/DerivedData/OPS-czavgtmnvamasvcjgszzuulfcsxj/Build/Intermediates.noindex/OPS.build/Debug-iphonesimulator/OPS.build/Objects-normal/arm64/supplementaryOutputs-4 -emit-localized-strings -emit-localized-strings-path /Users/jacksonsweet/Library/Developer/Xcode/DerivedData/OPS-czavgtmnvamasvcjgszzuulfcsxj/Build/Intermediates.noindex/OPS.build/Debug-iphonesimulator/OPS.build/Objects-normal/arm64 -target arm64-apple-ios18.2-simulator -Xllvm -aarch64-use-tbi -enable-objc-interop -sdk /Applications/Xcode.app/Contents/Developer/Platforms/iPhoneSimulator.platform/Developer/SDKs/iPhoneSimulator18.2.sdk -I /Users/jacksonsweet/Library/Developer/Xcode/DerivedData/OPS-czavgtmnvamasvcjgszzuulfcsxj/Build/Products/Debug-iphonesimulator -F /Users/jacksonsweet/Library/Developer/Xcode/DerivedData/OPS-czavgtmnvamasvcjgszzuulfcsxj/Build/Products/Debug-iphonesimulator -no-color-diagnostics -enable-testing -g -debug-info-format\=dwarf -dwarf-version\=5 -module-cache-path /Users/jacksonsweet/Library/Developer/Xcode/DerivedData/ModuleCache.noindex -profile-generate -profile-coverage-mapping -swift-version 5 -enforce-exclusivity\=checked -Onone -D DEBUG -serialize-debugging-options -const-gather-protocols-file /Users/jacksonsweet/Library/Developer/Xcode/DerivedData/OPS-czavgtmnvamasvcjgszzuulfcsxj/Build/Intermediates.noindex/OPS.build/Debug-iphonesimulator/OPS.build/Objects-normal/arm64/OPS_const_extract_protocols.json -enable-experimental-feature DebugDescriptionMacro -enable-experimental-feature OpaqueTypeErasure -enable-bare-slash-regex -empty-abi-descriptor -validate-clang-modules-once -clang-build-session-file /Users/jacksonsweet/Library/Developer/Xcode/DerivedData/ModuleCache.noindex/Session.modulevalidation -Xcc -working-directory -Xcc /Users/jacksonsweet/Desktop/OPS\ APP/OPS -resource-dir /Applications/Xcode.app/Contents/Developer/Toolchains/XcodeDefault.xctoolchain/usr/lib/swift -enable-anonymous-context-mangled-names -file-compilation-dir /Users/jacksonsweet/Desktop/OPS\ APP/OPS -Xcc -D_LIBCPP_HARDENING_MODE\=_LIBCPP_HARDENING_MODE_DEBUG -Xcc -ivfsstatcache -Xcc /Users/jacksonsweet/Library/Developer/Xcode/DerivedData/SDKStatCaches.noindex/iphonesimulator18.2-22C146-07b28473f605e47e75261259d3ef3b5a.sdkstatcache -Xcc -I/Users/jacksonsweet/Library/Developer/Xcode/DerivedData/OPS-czavgtmnvamasvcjgszzuulfcsxj/Build/Intermediates.noindex/OPS.build/Debug-iphonesimulator/OPS.build/swift-overrides.hmap -Xcc -iquote -Xcc /Users/jacksonsweet/Library/Developer/Xcode/DerivedData/OPS-czavgtmnvamasvcjgszzuulfcsxj/Build/Intermediates.noindex/OPS.build/Debug-iphonesimulator/OPS.build/OPS-generated-files.hmap -Xcc -I/Users/jacksonsweet/Library/Developer/Xcode/DerivedData/OPS-czavgtmnvamasvcjgszzuulfcsxj/Build/Intermediates.noindex/OPS.build/Debug-iphonesimulator/OPS.build/OPS-own-target-headers.hmap -Xcc -I/Users/jacksonsweet/Library/Developer/Xcode/DerivedData/OPS-czavgtmnvamasvcjgszzuulfcsxj/Build/Intermediates.noindex/OPS.build/Debug-iphonesimulator/OPS.build/OPS-all-target-headers.hmap -Xcc -iquote -Xcc /Users/jacksonsweet/Library/Developer/Xcode/DerivedData/OPS-czavgtmnvamasvcjgszzuulfcsxj/Build/Intermediates.noindex/OPS.build/Debug-iphonesimulator/OPS.build/OPS-project-headers.hmap -Xcc -I/Users/jacksonsweet/Library/Developer/Xcode/DerivedData/OPS-czavgtmnvamasvcjgszzuulfcsxj/Build/Products/Debug-iphonesimulator/include -Xcc -I/Users/jacksonsweet/Library/Developer/Xcode/DerivedData/OPS-czavgtmnvamasvcjgszzuulfcsxj/Build/Intermediates.noindex/OPS.build/Debug-iphonesimulator/OPS.build/DerivedSources-normal/arm64 -Xcc -I/Users/jacksonsweet/Library/Developer/Xcode/DerivedData/OPS-czavgtmnvamasvcjgszzuulfcsxj/Build/Intermediates.noindex/OPS.build/Debug-iphonesimulator/OPS.build/DerivedSources/arm64 -Xcc -I/Users/jacksonsweet/Library/Developer/Xcode/DerivedData/OPS-czavgtmnvamasvcjgszzuulfcsxj/Build/Intermediates.noindex/OPS.build/Debug-iphonesimulator/OPS.build/DerivedSources -Xcc -DDEBUG\=1 -module-name OPS -frontend-parseable-output -disable-clang-spi -target-sdk-version 18.2 -target-sdk-name iphonesimulator18.2 -external-plugin-path /Applications/Xcode.app/Contents/Developer/Platforms/iPhoneOS.platform/Developer/usr/lib/swift/host/plugins\#/Applications/Xcode.app/Contents/Developer/Platforms/iPhoneOS.platform/Developer/usr/bin/swift-plugin-server -external-plugin-path /Applications/Xcode.app/Contents/Developer/Platforms/iPhoneOS.platform/Developer/usr/local/lib/swift/host/plugins\#/Applications/Xcode.app/Contents/Developer/Platforms/iPhoneOS.platform/Developer/usr/bin/swift-plugin-server -plugin-path /Applications/Xcode.app/Contents/Developer/Toolchains/XcodeDefault.xctoolchain/usr/lib/swift/host/plugins -plugin-path /Applications/Xcode.app/Contents/Developer/Toolchains/XcodeDefault.xctoolchain/usr/local/lib/swift/host/plugins -o /Users/jacksonsweet/Library/Developer/Xcode/DerivedData/OPS-czavgtmnvamasvcjgszzuulfcsxj/Build/Intermediates.noindex/OPS.build/Debug-iphonesimulator/OPS.build/Objects-normal/arm64/PasswordView.o -o /Users/jacksonsweet/Library/Developer/Xcode/DerivedData/OPS-czavgtmnvamasvcjgszzuulfcsxj/Build/Intermediates.noindex/OPS.build/Debug-iphonesimulator/OPS.build/Objects-normal/arm64/PasswordViewPreview.o -o /Users/jacksonsweet/Library/Developer/Xcode/DerivedData/OPS-czavgtmnvamasvcjgszzuulfcsxj/Build/Intermediates.noindex/OPS.build/Debug-iphonesimulator/OPS.build/Objects-normal/arm64/PermissionsView.o -o /Users/jacksonsweet/Library/Developer/Xcode/DerivedData/OPS-czavgtmnvamasvcjgszzuulfcsxj/Build/Intermediates.noindex/OPS.build/Debug-iphonesimulator/OPS.build/Objects-normal/arm64/PermissionsViewPreview.o -o /Users/jacksonsweet/Library/Developer/Xcode/DerivedData/OPS-czavgtmnvamasvcjgszzuulfcsxj/Build/Intermediates.noindex/OPS.build/Debug-iphonesimulator/OPS.build/Objects-normal/arm64/PhoneNumberView.o -o /Users/jacksonsweet/Library/Developer/Xcode/DerivedData/OPS-czavgtmnvamasvcjgszzuulfcsxj/Build/Intermediates.noindex/OPS.build/Debug-iphonesimulator/OPS.build/Objects-normal/arm64/PhoneNumberViewPreview.o -o /Users/jacksonsweet/Library/Developer/Xcode/DerivedData/OPS-czavgtmnvamasvcjgszzuulfcsxj/Build/Intermediates.noindex/OPS.build/Debug-iphonesimulator/OPS.build/Objects-normal/arm64/UserInfoView.o -o /Users/jacksonsweet/Library/Developer/Xcode/DerivedData/OPS-czavgtmnvamasvcjgszzuulfcsxj/Build/Intermediates.noindex/OPS.build/Debug-iphonesimulator/OPS.build/Objects-normal/arm64/UserInfoViewPreview.o -o /Users/jacksonsweet/Library/Developer/Xcode/DerivedData/OPS-czavgtmnvamasvcjgszzuulfcsxj/Build/Intermediates.noindex/OPS.build/Debug-iphonesimulator/OPS.build/Objects-normal/arm64/VerifyPhoneView.o -o /Users/jacksonsweet/Library/Developer/Xcode/DerivedData/OPS-czavgtmnvamasvcjgszzuulfcsxj/Build/Intermediates.noindex/OPS.build/Debug-iphonesimulator/OPS.build/Objects-normal/arm64/WelcomeCompanyView.o -o /Users/jacksonsweet/Library/Developer/Xcode/DerivedData/OPS-czavgtmnvamasvcjgszzuulfcsxj/Build/Intermediates.noindex/OPS.build/Debug-iphonesimulator/OPS.build/Objects-normal/arm64/WelcomeCompanyViewPreview.o -o /Users/jacksonsweet/Library/Developer/Xcode/DerivedData/OPS-czavgtmnvamasvcjgszzuulfcsxj/Build/Intermediates.noindex/OPS.build/Debug-iphonesimulator/OPS.build/Objects-normal/arm64/WelcomeView.o -o /Users/jacksonsweet/Library/Developer/Xcode/DerivedData/OPS-czavgtmnvamasvcjgszzuulfcsxj/Build/Intermediates.noindex/OPS.build/Debug-iphonesimulator/OPS.build/Objects-normal/arm64/WelcomeViewPreview.o -index-unit-output-path /OPS.build/Debug-iphonesimulator/OPS.build/Objects-normal/arm64/PasswordView.o -index-unit-output-path /OPS.build/Debug-iphonesimulator/OPS.build/Objects-normal/arm64/PasswordViewPreview.o -index-unit-output-path /OPS.build/Debug-iphonesimulator/OPS.build/Objects-normal/arm64/PermissionsView.o -index-unit-output-path /OPS.build/Debug-iphonesimulator/OPS.build/Objects-normal/arm64/PermissionsViewPreview.o -index-unit-output-path /OPS.build/Debug-iphonesimulator/OPS.build/Objects-normal/arm64/PhoneNumberView.o -index-unit-output-path /OPS.build/Debug-iphonesimulator/OPS.build/Objects-normal/arm64/PhoneNumberViewPreview.o -index-unit-output-path /OPS.build/Debug-iphonesimulator/OPS.build/Objects-normal/arm64/UserInfoView.o -index-unit-output-path /OPS.build/Debug-iphonesimulator/OPS.build/Objects-normal/arm64/UserInfoViewPreview.o -index-unit-output-path /OPS.build/Debug-iphonesimulator/OPS.build/Objects-normal/arm64/VerifyPhoneView.o -index-unit-output-path /OPS.build/Debug-iphonesimulator/OPS.build/Objects-normal/arm64/WelcomeCompanyView.o -index-unit-output-path /OPS.build/Debug-iphonesimulator/OPS.build/Objects-normal/arm64/WelcomeCompanyViewPreview.o -index-unit-output-path /OPS.build/Debug-iphonesimulator/OPS.build/Objects-normal/arm64/WelcomeView.o -index-unit-output-path /OPS.build/Debug-iphonesimulator/OPS.build/Objects-normal/arm64/WelcomeViewPreview.o -index-store-path /Users/jacksonsweet/Library/Developer/Xcode/DerivedData/OPS-czavgtmnvamasvcjgszzuulfcsxj/Index.noindex/DataStore -index-system-modules

SwiftCompile normal arm64 /Users/jacksonsweet/Desktop/OPS\ APP/OPS/OPS/Onboarding/Views/Screens/PhoneNumberView.swift (in target 'OPS' from project 'OPS')
    cd /Users/jacksonsweet/Desktop/OPS\ APP/OPS
    /Applications/Xcode.app/Contents/Developer/Toolchains/XcodeDefault.xctoolchain/usr/bin/swift-frontend -c /Users/jacksonsweet/Desktop/OPS\ APP/OPS/OPS/DataModels/BubbleImage.swift /Users/jacksonsweet/Desktop/OPS\ APP/OPS/OPS/DataModels/BubbleTypes.swift /Users/jacksonsweet/Desktop/OPS\ APP/OPS/OPS/DataModels/Company.swift /Users/jacksonsweet/Desktop/OPS\ APP/OPS/OPS/DataModels/Project.swift /Users/jacksonsweet/Desktop/OPS\ APP/OPS/OPS/DataModels/Status.swift /Users/jacksonsweet/Desktop/OPS\ APP/OPS/OPS/DataModels/User.swift /Users/jacksonsweet/Desktop/OPS\ APP/OPS/OPS/DataModels/UserRole.swift /Users/jacksonsweet/Desktop/OPS\ APP/OPS/OPS/Extensions/UIImage+Extensions.swift /Users/jacksonsweet/Desktop/OPS\ APP/OPS/OPS/Network/API/APIError.swift /Users/jacksonsweet/Desktop/OPS\ APP/OPS/OPS/Network/API/APIService.swift /Users/jacksonsweet/Desktop/OPS\ APP/OPS/OPS/Network/API/BubbleFields.swift /Users/jacksonsweet/Desktop/OPS\ APP/OPS/OPS/Network/Auth/AuthError.swift /Users/jacksonsweet/Desktop/OPS\ APP/OPS/OPS/Network/Auth/AuthManager.swift /Users/jacksonsweet/Desktop/OPS\ APP/OPS/OPS/Network/Auth/KeychainManager.swift /Users/jacksonsweet/Desktop/OPS\ APP/OPS/OPS/Network/DTOs/CompanyDTO.swift /Users/jacksonsweet/Desktop/OPS\ APP/OPS/OPS/Network/DTOs/ProjectDTO.swift /Users/jacksonsweet/Desktop/OPS\ APP/OPS/OPS/Network/DTOs/UserDTO.swift /Users/jacksonsweet/Desktop/OPS\ APP/OPS/OPS/Network/Endpoints/CompanyEndpoints.swift /Users/jacksonsweet/Desktop/OPS\ APP/OPS/OPS/Network/Endpoints/ProjectEndpoints.swift /Users/jacksonsweet/Desktop/OPS\ APP/OPS/OPS/Network/Endpoints/UserEndpoints.swift /Users/jacksonsweet/Desktop/OPS\ APP/OPS/OPS/Network/Sync/BackgroundTaskManager.swift /Users/jacksonsweet/Desktop/OPS\ APP/OPS/OPS/Network/Sync/SyncManager.swift /Users/jacksonsweet/Desktop/OPS\ APP/OPS/OPS/Network/ConnectivityMonitor.swift /Users/jacksonsweet/Desktop/OPS\ APP/OPS/OPS/Network/ImageSyncManager.swift /Users/jacksonsweet/Desktop/OPS\ APP/OPS/OPS/Onboarding/Coordinators/OnboardingCoordinator.swift /Users/jacksonsweet/Desktop/OPS\ APP/OPS/OPS/Onboarding/Models/OnboardingModels.swift /Users/jacksonsweet/Desktop/OPS\ APP/OPS/OPS/Onboarding/Services/OnboardingService.swift /Users/jacksonsweet/Desktop/OPS\ APP/OPS/OPS/Onboarding/ViewModels/OnboardingViewModel.swift /Users/jacksonsweet/Desktop/OPS\ APP/OPS/OPS/Onboarding/Views/Components/OnboardingComponents.swift /Users/jacksonsweet/Desktop/OPS\ APP/OPS/OPS/Onboarding/Views/Screens/AccountCreatedView.swift /Users/jacksonsweet/Desktop/OPS\ APP/OPS/OPS/Onboarding/Views/Screens/CompanyCodeView.swift /Users/jacksonsweet/Desktop/OPS\ APP/OPS/OPS/Onboarding/Views/Screens/CompanyCodeViewPreview.swift /Users/jacksonsweet/Desktop/OPS\ APP/OPS/OPS/Onboarding/Views/Screens/CompletionView.swift /Users/jacksonsweet/Desktop/OPS\ APP/OPS/OPS/Onboarding/Views/Screens/CompletionViewPreview.swift /Users/jacksonsweet/Desktop/OPS\ APP/OPS/OPS/Onboarding/Views/Screens/EmailView.swift /Users/jacksonsweet/Desktop/OPS\ APP/OPS/OPS/Onboarding/Views/Screens/FieldSetupView.swift /Users/jacksonsweet/Desktop/OPS\ APP/OPS/OPS/Onboarding/Views/Screens/NotificationsView.swift /Users/jacksonsweet/Desktop/OPS\ APP/OPS/OPS/Onboarding/Views/Screens/NotificationsViewPreview.swift /Users/jacksonsweet/Desktop/OPS\ APP/OPS/OPS/Onboarding/Views/Screens/OrganizationJoinView.swift -primary-file /Users/jacksonsweet/Desktop/OPS\ APP/OPS/OPS/Onboarding/Views/Screens/PasswordView.swift -primary-file /Users/jacksonsweet/Desktop/OPS\ APP/OPS/OPS/Onboarding/Views/Screens/PasswordViewPreview.swift -primary-file /Users/jacksonsweet/Desktop/OPS\ APP/OPS/OPS/Onboarding/Views/Screens/PermissionsView.swift -primary-file /Users/jacksonsweet/Desktop/OPS\ APP/OPS/OPS/Onboarding/Views/Screens/PermissionsViewPreview.swift -primary-file /Users/jacksonsweet/Desktop/OPS\ APP/OPS/OPS/Onboarding/Views/Screens/PhoneNumberView.swift -primary-file /Users/jacksonsweet/Desktop/OPS\ APP/OPS/OPS/Onboarding/Views/Screens/PhoneNumberViewPreview.swift -primary-file /Users/jacksonsweet/Desktop/OPS\ APP/OPS/OPS/Onboarding/Views/Screens/UserInfoView.swift -primary-file /Users/jacksonsweet/Desktop/OPS\ APP/OPS/OPS/Onboarding/Views/Screens/UserInfoViewPreview.swift -primary-file /Users/jacksonsweet/Desktop/OPS\ APP/OPS/OPS/Onboarding/Views/Screens/VerifyPhoneView.swift -primary-file /Users/jacksonsweet/Desktop/OPS\ APP/OPS/OPS/Onboarding/Views/Screens/WelcomeCompanyView.swift -primary-file /Users/jacksonsweet/Desktop/OPS\ APP/OPS/OPS/Onboarding/Views/Screens/WelcomeCompanyViewPreview.swift -primary-file /Users/jacksonsweet/Desktop/OPS\ APP/OPS/OPS/Onboarding/Views/Screens/WelcomeView.swift -primary-file /Users/jacksonsweet/Desktop/OPS\ APP/OPS/OPS/Onboarding/Views/Screens/WelcomeViewPreview.swift /Users/jacksonsweet/Desktop/OPS\ APP/OPS/OPS/Onboarding/Views/OnboardingContainerView.swift /Users/jacksonsweet/Desktop/OPS\ APP/OPS/OPS/Onboarding/Views/OnboardingFlowPreview.swift /Users/jacksonsweet/Desktop/OPS\ APP/OPS/OPS/Onboarding/Views/OnboardingPresenter.swift /Users/jacksonsweet/Desktop/OPS\ APP/OPS/OPS/Onboarding/Views/OnboardingPreviewHelpers.swift /Users/jacksonsweet/Desktop/OPS\ APP/OPS/OPS/Styles/OPSStyle.swift /Users/jacksonsweet/Desktop/OPS\ APP/OPS/OPS/Utilities/AppConfiguration.swift /Users/jacksonsweet/Desktop/OPS\ APP/OPS/OPS/Utilities/ArrayTransformer.swift /Users/jacksonsweet/Desktop/OPS\ APP/OPS/OPS/Utilities/DataController.swift /Users/jacksonsweet/Desktop/OPS\ APP/OPS/OPS/Utilities/Dateformatter\ +Bubble.swift /Users/jacksonsweet/Desktop/OPS\ APP/OPS/OPS/Utilities/DateHelper.swift /Users/jacksonsweet/Desktop/OPS\ APP/OPS/OPS/Utilities/FieldErrorHandler.swift /Users/jacksonsweet/Desktop/OPS\ APP/OPS/OPS/Utilities/ImageCache.swift /Users/jacksonsweet/Desktop/OPS\ APP/OPS/OPS/Utilities/ImageFileManager.swift /Users/jacksonsweet/Desktop/OPS\ APP/OPS/OPS/Utilities/InProgressManager.swift /Users/jacksonsweet/Desktop/OPS\ APP/OPS/OPS/Utilities/KeyboardDismissalModifier.swift /Users/jacksonsweet/Desktop/OPS\ APP/OPS/OPS/Utilities/LocationManager.swift /Users/jacksonsweet/Desktop/OPS\ APP/OPS/OPS/Utilities/OnboardingEnvironmentKey.swift /Users/jacksonsweet/Desktop/OPS\ APP/OPS/OPS/Utilities/SwiftDataHelper.swift /Users/jacksonsweet/Desktop/OPS\ APP/OPS/OPS/Utilities/UIComponents.swift /Users/jacksonsweet/Desktop/OPS\ APP/OPS/OPS/V2/CertificationsSettingsView.swift /Users/jacksonsweet/Desktop/OPS\ APP/OPS/OPS/ViewModels/CalendarViewModel.swift /Users/jacksonsweet/Desktop/OPS\ APP/OPS/OPS/ViewModels/ProjectsViewModel.swift /Users/jacksonsweet/Desktop/OPS\ APP/OPS/OPS/Views/Calendar\ Tab/Components/CalendarDaySelector.swift /Users/jacksonsweet/Desktop/OPS\ APP/OPS/OPS/Views/Calendar\ Tab/Components/CalendarHeaderView.swift /Users/jacksonsweet/Desktop/OPS\ APP/OPS/OPS/Views/Calendar\ Tab/Components/CalendarProjectCard.swift /Users/jacksonsweet/Desktop/OPS\ APP/OPS/OPS/Views/Calendar\ Tab/Components/CalendarToggleView.swift /Users/jacksonsweet/Desktop/OPS\ APP/OPS/OPS/Views/Calendar\ Tab/Components/DatePickerPopover.swift /Users/jacksonsweet/Desktop/OPS\ APP/OPS/OPS/Views/Calendar\ Tab/Components/DayCell.swift /Users/jacksonsweet/Desktop/OPS\ APP/OPS/OPS/Views/Calendar\ Tab/ProjectViews/DayProjectSheet.swift /Users/jacksonsweet/Desktop/OPS\ APP/OPS/OPS/Views/Calendar\ Tab/ProjectViews/ProjectListView.swift /Users/jacksonsweet/Desktop/OPS\ APP/OPS/OPS/Views/Calendar\ Tab/MonthGridView.swift /Users/jacksonsweet/Desktop/OPS\ APP/OPS/OPS/Views/Components/Common/AppHeader.swift /Users/jacksonsweet/Desktop/OPS\ APP/OPS/OPS/Views/Components/Common/ExpandableNotesView.swift /Users/jacksonsweet/Desktop/OPS\ APP/OPS/OPS/Views/Components/Common/LocationPermissionView.swift /Users/jacksonsweet/Desktop/OPS\ APP/OPS/OPS/Views/Components/Common/NavigationBanner.swift /Users/jacksonsweet/Desktop/OPS\ APP/OPS/OPS/Views/Components/Common/NavigationControlsView.swift /Users/jacksonsweet/Desktop/OPS\ APP/OPS/OPS/Views/Components/Common/TabBarBackground.swift /Users/jacksonsweet/Desktop/OPS\ APP/OPS/OPS/Views/Components/Images/ImagePicker.swift /Users/jacksonsweet/Desktop/OPS\ APP/OPS/OPS/Views/Components/Images/ImagePickerView.swift /Users/jacksonsweet/Desktop/OPS\ APP/OPS/OPS/Views/Components/Images/ProjectImagesSection.swift /Users/jacksonsweet/Desktop/OPS\ APP/OPS/OPS/Views/Components/Images/ProjectImagesSimple.swift /Users/jacksonsweet/Desktop/OPS\ APP/OPS/OPS/Views/Components/Images/ProjectImageView.swift /Users/jacksonsweet/Desktop/OPS\ APP/OPS/OPS/Views/Components/Images/ProjectPhotosGrid.swift /Users/jacksonsweet/Desktop/OPS\ APP/OPS/OPS/Views/Components/Map/MiniMapView.swift /Users/jacksonsweet/Desktop/OPS\ APP/OPS/OPS/Views/Components/Map/ProjectMapAnnotation.swift /Users/jacksonsweet/Desktop/OPS\ APP/OPS/OPS/Views/Components/Map/ProjectMapView.swift /Users/jacksonsweet/Desktop/OPS\ APP/OPS/OPS/Views/Components/Map/ProjectMarkerPopup.swift /Users/jacksonsweet/Desktop/OPS\ APP/OPS/OPS/Views/Components/Map/RouteDirectionsView.swift /Users/jacksonsweet/Desktop/OPS\ APP/OPS/OPS/Views/Components/Project/ProjectActionBar.swift /Users/jacksonsweet/Desktop/OPS\ APP/OPS/OPS/Views/Components/Project/ProjectCard.swift /Users/jacksonsweet/Desktop/OPS\ APP/OPS/OPS/Views/Components/Project/ProjectCarousel.swift /Users/jacksonsweet/Desktop/OPS\ APP/OPS/OPS/Views/Components/Project/ProjectDetailsView.swift /Users/jacksonsweet/Desktop/OPS\ APP/OPS/OPS/Views/Components/Project/ProjectHeader.swift /Users/jacksonsweet/Desktop/OPS\ APP/OPS/OPS/Views/Components/Project/ProjectSheetContainer.swift /Users/jacksonsweet/Desktop/OPS\ APP/OPS/OPS/Views/Components/User/TeamMemberListView.swift /Users/jacksonsweet/Desktop/OPS\ APP/OPS/OPS/Views/Components/User/UserProfileCard.swift /Users/jacksonsweet/Desktop/OPS\ APP/OPS/OPS/Views/Home/HomeContentView.swift /Users/jacksonsweet/Desktop/OPS\ APP/OPS/OPS/Views/Home/HomeView.swift /Users/jacksonsweet/Desktop/OPS\ APP/OPS/OPS/Views/Settings/OrganizationSettingsView.swift /Users/jacksonsweet/Desktop/OPS\ APP/OPS/OPS/Views/Settings/ProfileSettingsView.swift /Users/jacksonsweet/Desktop/OPS\ APP/OPS/OPS/Views/Settings/ProjectHistorySettingsView.swift /Users/jacksonsweet/Desktop/OPS\ APP/OPS/OPS/Views/LoginView.swift /Users/jacksonsweet/Desktop/OPS\ APP/OPS/OPS/Views/LoginViewPreview.swift /Users/jacksonsweet/Desktop/OPS\ APP/OPS/OPS/Views/MainTabView.swift /Users/jacksonsweet/Desktop/OPS\ APP/OPS/OPS/Views/NetworkStatusIndicator.swift /Users/jacksonsweet/Desktop/OPS\ APP/OPS/OPS/Views/ScheduleView.swift /Users/jacksonsweet/Desktop/OPS\ APP/OPS/OPS/Views/SettingsView.swift /Users/jacksonsweet/Desktop/OPS\ APP/OPS/OPS/Views/SplashScreen.swift /Users/jacksonsweet/Desktop/OPS\ APP/OPS/OPS/AppState.swift /Users/jacksonsweet/Desktop/OPS\ APP/OPS/OPS/ContentView.swift /Users/jacksonsweet/Desktop/OPS\ APP/OPS/OPS/Item.swift /Users/jacksonsweet/Desktop/OPS\ APP/OPS/OPS/OPSApp.swift /Users/jacksonsweet/Library/Developer/Xcode/DerivedData/OPS-czavgtmnvamasvcjgszzuulfcsxj/Build/Intermediates.noindex/OPS.build/Debug-iphonesimulator/OPS.build/DerivedSources/GeneratedAssetSymbols.swift -supplementary-output-file-map /Users/jacksonsweet/Library/Developer/Xcode/DerivedData/OPS-czavgtmnvamasvcjgszzuulfcsxj/Build/Intermediates.noindex/OPS.build/Debug-iphonesimulator/OPS.build/Objects-normal/arm64/supplementaryOutputs-4 -emit-localized-strings -emit-localized-strings-path /Users/jacksonsweet/Library/Developer/Xcode/DerivedData/OPS-czavgtmnvamasvcjgszzuulfcsxj/Build/Intermediates.noindex/OPS.build/Debug-iphonesimulator/OPS.build/Objects-normal/arm64 -target arm64-apple-ios18.2-simulator -Xllvm -aarch64-use-tbi -enable-objc-interop -sdk /Applications/Xcode.app/Contents/Developer/Platforms/iPhoneSimulator.platform/Developer/SDKs/iPhoneSimulator18.2.sdk -I /Users/jacksonsweet/Library/Developer/Xcode/DerivedData/OPS-czavgtmnvamasvcjgszzuulfcsxj/Build/Products/Debug-iphonesimulator -F /Users/jacksonsweet/Library/Developer/Xcode/DerivedData/OPS-czavgtmnvamasvcjgszzuulfcsxj/Build/Products/Debug-iphonesimulator -no-color-diagnostics -enable-testing -g -debug-info-format\=dwarf -dwarf-version\=5 -module-cache-path /Users/jacksonsweet/Library/Developer/Xcode/DerivedData/ModuleCache.noindex -profile-generate -profile-coverage-mapping -swift-version 5 -enforce-exclusivity\=checked -Onone -D DEBUG -serialize-debugging-options -const-gather-protocols-file /Users/jacksonsweet/Library/Developer/Xcode/DerivedData/OPS-czavgtmnvamasvcjgszzuulfcsxj/Build/Intermediates.noindex/OPS.build/Debug-iphonesimulator/OPS.build/Objects-normal/arm64/OPS_const_extract_protocols.json -enable-experimental-feature DebugDescriptionMacro -enable-experimental-feature OpaqueTypeErasure -enable-bare-slash-regex -empty-abi-descriptor -validate-clang-modules-once -clang-build-session-file /Users/jacksonsweet/Library/Developer/Xcode/DerivedData/ModuleCache.noindex/Session.modulevalidation -Xcc -working-directory -Xcc /Users/jacksonsweet/Desktop/OPS\ APP/OPS -resource-dir /Applications/Xcode.app/Contents/Developer/Toolchains/XcodeDefault.xctoolchain/usr/lib/swift -enable-anonymous-context-mangled-names -file-compilation-dir /Users/jacksonsweet/Desktop/OPS\ APP/OPS -Xcc -D_LIBCPP_HARDENING_MODE\=_LIBCPP_HARDENING_MODE_DEBUG -Xcc -ivfsstatcache -Xcc /Users/jacksonsweet/Library/Developer/Xcode/DerivedData/SDKStatCaches.noindex/iphonesimulator18.2-22C146-07b28473f605e47e75261259d3ef3b5a.sdkstatcache -Xcc -I/Users/jacksonsweet/Library/Developer/Xcode/DerivedData/OPS-czavgtmnvamasvcjgszzuulfcsxj/Build/Intermediates.noindex/OPS.build/Debug-iphonesimulator/OPS.build/swift-overrides.hmap -Xcc -iquote -Xcc /Users/jacksonsweet/Library/Developer/Xcode/DerivedData/OPS-czavgtmnvamasvcjgszzuulfcsxj/Build/Intermediates.noindex/OPS.build/Debug-iphonesimulator/OPS.build/OPS-generated-files.hmap -Xcc -I/Users/jacksonsweet/Library/Developer/Xcode/DerivedData/OPS-czavgtmnvamasvcjgszzuulfcsxj/Build/Intermediates.noindex/OPS.build/Debug-iphonesimulator/OPS.build/OPS-own-target-headers.hmap -Xcc -I/Users/jacksonsweet/Library/Developer/Xcode/DerivedData/OPS-czavgtmnvamasvcjgszzuulfcsxj/Build/Intermediates.noindex/OPS.build/Debug-iphonesimulator/OPS.build/OPS-all-target-headers.hmap -Xcc -iquote -Xcc /Users/jacksonsweet/Library/Developer/Xcode/DerivedData/OPS-czavgtmnvamasvcjgszzuulfcsxj/Build/Intermediates.noindex/OPS.build/Debug-iphonesimulator/OPS.build/OPS-project-headers.hmap -Xcc -I/Users/jacksonsweet/Library/Developer/Xcode/DerivedData/OPS-czavgtmnvamasvcjgszzuulfcsxj/Build/Products/Debug-iphonesimulator/include -Xcc -I/Users/jacksonsweet/Library/Developer/Xcode/DerivedData/OPS-czavgtmnvamasvcjgszzuulfcsxj/Build/Intermediates.noindex/OPS.build/Debug-iphonesimulator/OPS.build/DerivedSources-normal/arm64 -Xcc -I/Users/jacksonsweet/Library/Developer/Xcode/DerivedData/OPS-czavgtmnvamasvcjgszzuulfcsxj/Build/Intermediates.noindex/OPS.build/Debug-iphonesimulator/OPS.build/DerivedSources/arm64 -Xcc -I/Users/jacksonsweet/Library/Developer/Xcode/DerivedData/OPS-czavgtmnvamasvcjgszzuulfcsxj/Build/Intermediates.noindex/OPS.build/Debug-iphonesimulator/OPS.build/DerivedSources -Xcc -DDEBUG\=1 -module-name OPS -frontend-parseable-output -disable-clang-spi -target-sdk-version 18.2 -target-sdk-name iphonesimulator18.2 -external-plugin-path /Applications/Xcode.app/Contents/Developer/Platforms/iPhoneOS.platform/Developer/usr/lib/swift/host/plugins\#/Applications/Xcode.app/Contents/Developer/Platforms/iPhoneOS.platform/Developer/usr/bin/swift-plugin-server -external-plugin-path /Applications/Xcode.app/Contents/Developer/Platforms/iPhoneOS.platform/Developer/usr/local/lib/swift/host/plugins\#/Applications/Xcode.app/Contents/Developer/Platforms/iPhoneOS.platform/Developer/usr/bin/swift-plugin-server -plugin-path /Applications/Xcode.app/Contents/Developer/Toolchains/XcodeDefault.xctoolchain/usr/lib/swift/host/plugins -plugin-path /Applications/Xcode.app/Contents/Developer/Toolchains/XcodeDefault.xctoolchain/usr/local/lib/swift/host/plugins -o /Users/jacksonsweet/Library/Developer/Xcode/DerivedData/OPS-czavgtmnvamasvcjgszzuulfcsxj/Build/Intermediates.noindex/OPS.build/Debug-iphonesimulator/OPS.build/Objects-normal/arm64/PasswordView.o -o /Users/jacksonsweet/Library/Developer/Xcode/DerivedData/OPS-czavgtmnvamasvcjgszzuulfcsxj/Build/Intermediates.noindex/OPS.build/Debug-iphonesimulator/OPS.build/Objects-normal/arm64/PasswordViewPreview.o -o /Users/jacksonsweet/Library/Developer/Xcode/DerivedData/OPS-czavgtmnvamasvcjgszzuulfcsxj/Build/Intermediates.noindex/OPS.build/Debug-iphonesimulator/OPS.build/Objects-normal/arm64/PermissionsView.o -o /Users/jacksonsweet/Library/Developer/Xcode/DerivedData/OPS-czavgtmnvamasvcjgszzuulfcsxj/Build/Intermediates.noindex/OPS.build/Debug-iphonesimulator/OPS.build/Objects-normal/arm64/PermissionsViewPreview.o -o /Users/jacksonsweet/Library/Developer/Xcode/DerivedData/OPS-czavgtmnvamasvcjgszzuulfcsxj/Build/Intermediates.noindex/OPS.build/Debug-iphonesimulator/OPS.build/Objects-normal/arm64/PhoneNumberView.o -o /Users/jacksonsweet/Library/Developer/Xcode/DerivedData/OPS-czavgtmnvamasvcjgszzuulfcsxj/Build/Intermediates.noindex/OPS.build/Debug-iphonesimulator/OPS.build/Objects-normal/arm64/PhoneNumberViewPreview.o -o /Users/jacksonsweet/Library/Developer/Xcode/DerivedData/OPS-czavgtmnvamasvcjgszzuulfcsxj/Build/Intermediates.noindex/OPS.build/Debug-iphonesimulator/OPS.build/Objects-normal/arm64/UserInfoView.o -o /Users/jacksonsweet/Library/Developer/Xcode/DerivedData/OPS-czavgtmnvamasvcjgszzuulfcsxj/Build/Intermediates.noindex/OPS.build/Debug-iphonesimulator/OPS.build/Objects-normal/arm64/UserInfoViewPreview.o -o /Users/jacksonsweet/Library/Developer/Xcode/DerivedData/OPS-czavgtmnvamasvcjgszzuulfcsxj/Build/Intermediates.noindex/OPS.build/Debug-iphonesimulator/OPS.build/Objects-normal/arm64/VerifyPhoneView.o -o /Users/jacksonsweet/Library/Developer/Xcode/DerivedData/OPS-czavgtmnvamasvcjgszzuulfcsxj/Build/Intermediates.noindex/OPS.build/Debug-iphonesimulator/OPS.build/Objects-normal/arm64/WelcomeCompanyView.o -o /Users/jacksonsweet/Library/Developer/Xcode/DerivedData/OPS-czavgtmnvamasvcjgszzuulfcsxj/Build/Intermediates.noindex/OPS.build/Debug-iphonesimulator/OPS.build/Objects-normal/arm64/WelcomeCompanyViewPreview.o -o /Users/jacksonsweet/Library/Developer/Xcode/DerivedData/OPS-czavgtmnvamasvcjgszzuulfcsxj/Build/Intermediates.noindex/OPS.build/Debug-iphonesimulator/OPS.build/Objects-normal/arm64/WelcomeView.o -o /Users/jacksonsweet/Library/Developer/Xcode/DerivedData/OPS-czavgtmnvamasvcjgszzuulfcsxj/Build/Intermediates.noindex/OPS.build/Debug-iphonesimulator/OPS.build/Objects-normal/arm64/WelcomeViewPreview.o -index-unit-output-path /OPS.build/Debug-iphonesimulator/OPS.build/Objects-normal/arm64/PasswordView.o -index-unit-output-path /OPS.build/Debug-iphonesimulator/OPS.build/Objects-normal/arm64/PasswordViewPreview.o -index-unit-output-path /OPS.build/Debug-iphonesimulator/OPS.build/Objects-normal/arm64/PermissionsView.o -index-unit-output-path /OPS.build/Debug-iphonesimulator/OPS.build/Objects-normal/arm64/PermissionsViewPreview.o -index-unit-output-path /OPS.build/Debug-iphonesimulator/OPS.build/Objects-normal/arm64/PhoneNumberView.o -index-unit-output-path /OPS.build/Debug-iphonesimulator/OPS.build/Objects-normal/arm64/PhoneNumberViewPreview.o -index-unit-output-path /OPS.build/Debug-iphonesimulator/OPS.build/Objects-normal/arm64/UserInfoView.o -index-unit-output-path /OPS.build/Debug-iphonesimulator/OPS.build/Objects-normal/arm64/UserInfoViewPreview.o -index-unit-output-path /OPS.build/Debug-iphonesimulator/OPS.build/Objects-normal/arm64/VerifyPhoneView.o -index-unit-output-path /OPS.build/Debug-iphonesimulator/OPS.build/Objects-normal/arm64/WelcomeCompanyView.o -index-unit-output-path /OPS.build/Debug-iphonesimulator/OPS.build/Objects-normal/arm64/WelcomeCompanyViewPreview.o -index-unit-output-path /OPS.build/Debug-iphonesimulator/OPS.build/Objects-normal/arm64/WelcomeView.o -index-unit-output-path /OPS.build/Debug-iphonesimulator/OPS.build/Objects-normal/arm64/WelcomeViewPreview.o -index-store-path /Users/jacksonsweet/Library/Developer/Xcode/DerivedData/OPS-czavgtmnvamasvcjgszzuulfcsxj/Index.noindex/DataStore -index-system-modules

SwiftCompile normal arm64 /Users/jacksonsweet/Desktop/OPS\ APP/OPS/OPS/Onboarding/Views/Screens/PhoneNumberViewPreview.swift (in target 'OPS' from project 'OPS')
    cd /Users/jacksonsweet/Desktop/OPS\ APP/OPS
    /Applications/Xcode.app/Contents/Developer/Toolchains/XcodeDefault.xctoolchain/usr/bin/swift-frontend -c /Users/jacksonsweet/Desktop/OPS\ APP/OPS/OPS/DataModels/BubbleImage.swift /Users/jacksonsweet/Desktop/OPS\ APP/OPS/OPS/DataModels/BubbleTypes.swift /Users/jacksonsweet/Desktop/OPS\ APP/OPS/OPS/DataModels/Company.swift /Users/jacksonsweet/Desktop/OPS\ APP/OPS/OPS/DataModels/Project.swift /Users/jacksonsweet/Desktop/OPS\ APP/OPS/OPS/DataModels/Status.swift /Users/jacksonsweet/Desktop/OPS\ APP/OPS/OPS/DataModels/User.swift /Users/jacksonsweet/Desktop/OPS\ APP/OPS/OPS/DataModels/UserRole.swift /Users/jacksonsweet/Desktop/OPS\ APP/OPS/OPS/Extensions/UIImage+Extensions.swift /Users/jacksonsweet/Desktop/OPS\ APP/OPS/OPS/Network/API/APIError.swift /Users/jacksonsweet/Desktop/OPS\ APP/OPS/OPS/Network/API/APIService.swift /Users/jacksonsweet/Desktop/OPS\ APP/OPS/OPS/Network/API/BubbleFields.swift /Users/jacksonsweet/Desktop/OPS\ APP/OPS/OPS/Network/Auth/AuthError.swift /Users/jacksonsweet/Desktop/OPS\ APP/OPS/OPS/Network/Auth/AuthManager.swift /Users/jacksonsweet/Desktop/OPS\ APP/OPS/OPS/Network/Auth/KeychainManager.swift /Users/jacksonsweet/Desktop/OPS\ APP/OPS/OPS/Network/DTOs/CompanyDTO.swift /Users/jacksonsweet/Desktop/OPS\ APP/OPS/OPS/Network/DTOs/ProjectDTO.swift /Users/jacksonsweet/Desktop/OPS\ APP/OPS/OPS/Network/DTOs/UserDTO.swift /Users/jacksonsweet/Desktop/OPS\ APP/OPS/OPS/Network/Endpoints/CompanyEndpoints.swift /Users/jacksonsweet/Desktop/OPS\ APP/OPS/OPS/Network/Endpoints/ProjectEndpoints.swift /Users/jacksonsweet/Desktop/OPS\ APP/OPS/OPS/Network/Endpoints/UserEndpoints.swift /Users/jacksonsweet/Desktop/OPS\ APP/OPS/OPS/Network/Sync/BackgroundTaskManager.swift /Users/jacksonsweet/Desktop/OPS\ APP/OPS/OPS/Network/Sync/SyncManager.swift /Users/jacksonsweet/Desktop/OPS\ APP/OPS/OPS/Network/ConnectivityMonitor.swift /Users/jacksonsweet/Desktop/OPS\ APP/OPS/OPS/Network/ImageSyncManager.swift /Users/jacksonsweet/Desktop/OPS\ APP/OPS/OPS/Onboarding/Coordinators/OnboardingCoordinator.swift /Users/jacksonsweet/Desktop/OPS\ APP/OPS/OPS/Onboarding/Models/OnboardingModels.swift /Users/jacksonsweet/Desktop/OPS\ APP/OPS/OPS/Onboarding/Services/OnboardingService.swift /Users/jacksonsweet/Desktop/OPS\ APP/OPS/OPS/Onboarding/ViewModels/OnboardingViewModel.swift /Users/jacksonsweet/Desktop/OPS\ APP/OPS/OPS/Onboarding/Views/Components/OnboardingComponents.swift /Users/jacksonsweet/Desktop/OPS\ APP/OPS/OPS/Onboarding/Views/Screens/AccountCreatedView.swift /Users/jacksonsweet/Desktop/OPS\ APP/OPS/OPS/Onboarding/Views/Screens/CompanyCodeView.swift /Users/jacksonsweet/Desktop/OPS\ APP/OPS/OPS/Onboarding/Views/Screens/CompanyCodeViewPreview.swift /Users/jacksonsweet/Desktop/OPS\ APP/OPS/OPS/Onboarding/Views/Screens/CompletionView.swift /Users/jacksonsweet/Desktop/OPS\ APP/OPS/OPS/Onboarding/Views/Screens/CompletionViewPreview.swift /Users/jacksonsweet/Desktop/OPS\ APP/OPS/OPS/Onboarding/Views/Screens/EmailView.swift /Users/jacksonsweet/Desktop/OPS\ APP/OPS/OPS/Onboarding/Views/Screens/FieldSetupView.swift /Users/jacksonsweet/Desktop/OPS\ APP/OPS/OPS/Onboarding/Views/Screens/NotificationsView.swift /Users/jacksonsweet/Desktop/OPS\ APP/OPS/OPS/Onboarding/Views/Screens/NotificationsViewPreview.swift /Users/jacksonsweet/Desktop/OPS\ APP/OPS/OPS/Onboarding/Views/Screens/OrganizationJoinView.swift -primary-file /Users/jacksonsweet/Desktop/OPS\ APP/OPS/OPS/Onboarding/Views/Screens/PasswordView.swift -primary-file /Users/jacksonsweet/Desktop/OPS\ APP/OPS/OPS/Onboarding/Views/Screens/PasswordViewPreview.swift -primary-file /Users/jacksonsweet/Desktop/OPS\ APP/OPS/OPS/Onboarding/Views/Screens/PermissionsView.swift -primary-file /Users/jacksonsweet/Desktop/OPS\ APP/OPS/OPS/Onboarding/Views/Screens/PermissionsViewPreview.swift -primary-file /Users/jacksonsweet/Desktop/OPS\ APP/OPS/OPS/Onboarding/Views/Screens/PhoneNumberView.swift -primary-file /Users/jacksonsweet/Desktop/OPS\ APP/OPS/OPS/Onboarding/Views/Screens/PhoneNumberViewPreview.swift -primary-file /Users/jacksonsweet/Desktop/OPS\ APP/OPS/OPS/Onboarding/Views/Screens/UserInfoView.swift -primary-file /Users/jacksonsweet/Desktop/OPS\ APP/OPS/OPS/Onboarding/Views/Screens/UserInfoViewPreview.swift -primary-file /Users/jacksonsweet/Desktop/OPS\ APP/OPS/OPS/Onboarding/Views/Screens/VerifyPhoneView.swift -primary-file /Users/jacksonsweet/Desktop/OPS\ APP/OPS/OPS/Onboarding/Views/Screens/WelcomeCompanyView.swift -primary-file /Users/jacksonsweet/Desktop/OPS\ APP/OPS/OPS/Onboarding/Views/Screens/WelcomeCompanyViewPreview.swift -primary-file /Users/jacksonsweet/Desktop/OPS\ APP/OPS/OPS/Onboarding/Views/Screens/WelcomeView.swift -primary-file /Users/jacksonsweet/Desktop/OPS\ APP/OPS/OPS/Onboarding/Views/Screens/WelcomeViewPreview.swift /Users/jacksonsweet/Desktop/OPS\ APP/OPS/OPS/Onboarding/Views/OnboardingContainerView.swift /Users/jacksonsweet/Desktop/OPS\ APP/OPS/OPS/Onboarding/Views/OnboardingFlowPreview.swift /Users/jacksonsweet/Desktop/OPS\ APP/OPS/OPS/Onboarding/Views/OnboardingPresenter.swift /Users/jacksonsweet/Desktop/OPS\ APP/OPS/OPS/Onboarding/Views/OnboardingPreviewHelpers.swift /Users/jacksonsweet/Desktop/OPS\ APP/OPS/OPS/Styles/OPSStyle.swift /Users/jacksonsweet/Desktop/OPS\ APP/OPS/OPS/Utilities/AppConfiguration.swift /Users/jacksonsweet/Desktop/OPS\ APP/OPS/OPS/Utilities/ArrayTransformer.swift /Users/jacksonsweet/Desktop/OPS\ APP/OPS/OPS/Utilities/DataController.swift /Users/jacksonsweet/Desktop/OPS\ APP/OPS/OPS/Utilities/Dateformatter\ +Bubble.swift /Users/jacksonsweet/Desktop/OPS\ APP/OPS/OPS/Utilities/DateHelper.swift /Users/jacksonsweet/Desktop/OPS\ APP/OPS/OPS/Utilities/FieldErrorHandler.swift /Users/jacksonsweet/Desktop/OPS\ APP/OPS/OPS/Utilities/ImageCache.swift /Users/jacksonsweet/Desktop/OPS\ APP/OPS/OPS/Utilities/ImageFileManager.swift /Users/jacksonsweet/Desktop/OPS\ APP/OPS/OPS/Utilities/InProgressManager.swift /Users/jacksonsweet/Desktop/OPS\ APP/OPS/OPS/Utilities/KeyboardDismissalModifier.swift /Users/jacksonsweet/Desktop/OPS\ APP/OPS/OPS/Utilities/LocationManager.swift /Users/jacksonsweet/Desktop/OPS\ APP/OPS/OPS/Utilities/OnboardingEnvironmentKey.swift /Users/jacksonsweet/Desktop/OPS\ APP/OPS/OPS/Utilities/SwiftDataHelper.swift /Users/jacksonsweet/Desktop/OPS\ APP/OPS/OPS/Utilities/UIComponents.swift /Users/jacksonsweet/Desktop/OPS\ APP/OPS/OPS/V2/CertificationsSettingsView.swift /Users/jacksonsweet/Desktop/OPS\ APP/OPS/OPS/ViewModels/CalendarViewModel.swift /Users/jacksonsweet/Desktop/OPS\ APP/OPS/OPS/ViewModels/ProjectsViewModel.swift /Users/jacksonsweet/Desktop/OPS\ APP/OPS/OPS/Views/Calendar\ Tab/Components/CalendarDaySelector.swift /Users/jacksonsweet/Desktop/OPS\ APP/OPS/OPS/Views/Calendar\ Tab/Components/CalendarHeaderView.swift /Users/jacksonsweet/Desktop/OPS\ APP/OPS/OPS/Views/Calendar\ Tab/Components/CalendarProjectCard.swift /Users/jacksonsweet/Desktop/OPS\ APP/OPS/OPS/Views/Calendar\ Tab/Components/CalendarToggleView.swift /Users/jacksonsweet/Desktop/OPS\ APP/OPS/OPS/Views/Calendar\ Tab/Components/DatePickerPopover.swift /Users/jacksonsweet/Desktop/OPS\ APP/OPS/OPS/Views/Calendar\ Tab/Components/DayCell.swift /Users/jacksonsweet/Desktop/OPS\ APP/OPS/OPS/Views/Calendar\ Tab/ProjectViews/DayProjectSheet.swift /Users/jacksonsweet/Desktop/OPS\ APP/OPS/OPS/Views/Calendar\ Tab/ProjectViews/ProjectListView.swift /Users/jacksonsweet/Desktop/OPS\ APP/OPS/OPS/Views/Calendar\ Tab/MonthGridView.swift /Users/jacksonsweet/Desktop/OPS\ APP/OPS/OPS/Views/Components/Common/AppHeader.swift /Users/jacksonsweet/Desktop/OPS\ APP/OPS/OPS/Views/Components/Common/ExpandableNotesView.swift /Users/jacksonsweet/Desktop/OPS\ APP/OPS/OPS/Views/Components/Common/LocationPermissionView.swift /Users/jacksonsweet/Desktop/OPS\ APP/OPS/OPS/Views/Components/Common/NavigationBanner.swift /Users/jacksonsweet/Desktop/OPS\ APP/OPS/OPS/Views/Components/Common/NavigationControlsView.swift /Users/jacksonsweet/Desktop/OPS\ APP/OPS/OPS/Views/Components/Common/TabBarBackground.swift /Users/jacksonsweet/Desktop/OPS\ APP/OPS/OPS/Views/Components/Images/ImagePicker.swift /Users/jacksonsweet/Desktop/OPS\ APP/OPS/OPS/Views/Components/Images/ImagePickerView.swift /Users/jacksonsweet/Desktop/OPS\ APP/OPS/OPS/Views/Components/Images/ProjectImagesSection.swift /Users/jacksonsweet/Desktop/OPS\ APP/OPS/OPS/Views/Components/Images/ProjectImagesSimple.swift /Users/jacksonsweet/Desktop/OPS\ APP/OPS/OPS/Views/Components/Images/ProjectImageView.swift /Users/jacksonsweet/Desktop/OPS\ APP/OPS/OPS/Views/Components/Images/ProjectPhotosGrid.swift /Users/jacksonsweet/Desktop/OPS\ APP/OPS/OPS/Views/Components/Map/MiniMapView.swift /Users/jacksonsweet/Desktop/OPS\ APP/OPS/OPS/Views/Components/Map/ProjectMapAnnotation.swift /Users/jacksonsweet/Desktop/OPS\ APP/OPS/OPS/Views/Components/Map/ProjectMapView.swift /Users/jacksonsweet/Desktop/OPS\ APP/OPS/OPS/Views/Components/Map/ProjectMarkerPopup.swift /Users/jacksonsweet/Desktop/OPS\ APP/OPS/OPS/Views/Components/Map/RouteDirectionsView.swift /Users/jacksonsweet/Desktop/OPS\ APP/OPS/OPS/Views/Components/Project/ProjectActionBar.swift /Users/jacksonsweet/Desktop/OPS\ APP/OPS/OPS/Views/Components/Project/ProjectCard.swift /Users/jacksonsweet/Desktop/OPS\ APP/OPS/OPS/Views/Components/Project/ProjectCarousel.swift /Users/jacksonsweet/Desktop/OPS\ APP/OPS/OPS/Views/Components/Project/ProjectDetailsView.swift /Users/jacksonsweet/Desktop/OPS\ APP/OPS/OPS/Views/Components/Project/ProjectHeader.swift /Users/jacksonsweet/Desktop/OPS\ APP/OPS/OPS/Views/Components/Project/ProjectSheetContainer.swift /Users/jacksonsweet/Desktop/OPS\ APP/OPS/OPS/Views/Components/User/TeamMemberListView.swift /Users/jacksonsweet/Desktop/OPS\ APP/OPS/OPS/Views/Components/User/UserProfileCard.swift /Users/jacksonsweet/Desktop/OPS\ APP/OPS/OPS/Views/Home/HomeContentView.swift /Users/jacksonsweet/Desktop/OPS\ APP/OPS/OPS/Views/Home/HomeView.swift /Users/jacksonsweet/Desktop/OPS\ APP/OPS/OPS/Views/Settings/OrganizationSettingsView.swift /Users/jacksonsweet/Desktop/OPS\ APP/OPS/OPS/Views/Settings/ProfileSettingsView.swift /Users/jacksonsweet/Desktop/OPS\ APP/OPS/OPS/Views/Settings/ProjectHistorySettingsView.swift /Users/jacksonsweet/Desktop/OPS\ APP/OPS/OPS/Views/LoginView.swift /Users/jacksonsweet/Desktop/OPS\ APP/OPS/OPS/Views/LoginViewPreview.swift /Users/jacksonsweet/Desktop/OPS\ APP/OPS/OPS/Views/MainTabView.swift /Users/jacksonsweet/Desktop/OPS\ APP/OPS/OPS/Views/NetworkStatusIndicator.swift /Users/jacksonsweet/Desktop/OPS\ APP/OPS/OPS/Views/ScheduleView.swift /Users/jacksonsweet/Desktop/OPS\ APP/OPS/OPS/Views/SettingsView.swift /Users/jacksonsweet/Desktop/OPS\ APP/OPS/OPS/Views/SplashScreen.swift /Users/jacksonsweet/Desktop/OPS\ APP/OPS/OPS/AppState.swift /Users/jacksonsweet/Desktop/OPS\ APP/OPS/OPS/ContentView.swift /Users/jacksonsweet/Desktop/OPS\ APP/OPS/OPS/Item.swift /Users/jacksonsweet/Desktop/OPS\ APP/OPS/OPS/OPSApp.swift /Users/jacksonsweet/Library/Developer/Xcode/DerivedData/OPS-czavgtmnvamasvcjgszzuulfcsxj/Build/Intermediates.noindex/OPS.build/Debug-iphonesimulator/OPS.build/DerivedSources/GeneratedAssetSymbols.swift -supplementary-output-file-map /Users/jacksonsweet/Library/Developer/Xcode/DerivedData/OPS-czavgtmnvamasvcjgszzuulfcsxj/Build/Intermediates.noindex/OPS.build/Debug-iphonesimulator/OPS.build/Objects-normal/arm64/supplementaryOutputs-4 -emit-localized-strings -emit-localized-strings-path /Users/jacksonsweet/Library/Developer/Xcode/DerivedData/OPS-czavgtmnvamasvcjgszzuulfcsxj/Build/Intermediates.noindex/OPS.build/Debug-iphonesimulator/OPS.build/Objects-normal/arm64 -target arm64-apple-ios18.2-simulator -Xllvm -aarch64-use-tbi -enable-objc-interop -sdk /Applications/Xcode.app/Contents/Developer/Platforms/iPhoneSimulator.platform/Developer/SDKs/iPhoneSimulator18.2.sdk -I /Users/jacksonsweet/Library/Developer/Xcode/DerivedData/OPS-czavgtmnvamasvcjgszzuulfcsxj/Build/Products/Debug-iphonesimulator -F /Users/jacksonsweet/Library/Developer/Xcode/DerivedData/OPS-czavgtmnvamasvcjgszzuulfcsxj/Build/Products/Debug-iphonesimulator -no-color-diagnostics -enable-testing -g -debug-info-format\=dwarf -dwarf-version\=5 -module-cache-path /Users/jacksonsweet/Library/Developer/Xcode/DerivedData/ModuleCache.noindex -profile-generate -profile-coverage-mapping -swift-version 5 -enforce-exclusivity\=checked -Onone -D DEBUG -serialize-debugging-options -const-gather-protocols-file /Users/jacksonsweet/Library/Developer/Xcode/DerivedData/OPS-czavgtmnvamasvcjgszzuulfcsxj/Build/Intermediates.noindex/OPS.build/Debug-iphonesimulator/OPS.build/Objects-normal/arm64/OPS_const_extract_protocols.json -enable-experimental-feature DebugDescriptionMacro -enable-experimental-feature OpaqueTypeErasure -enable-bare-slash-regex -empty-abi-descriptor -validate-clang-modules-once -clang-build-session-file /Users/jacksonsweet/Library/Developer/Xcode/DerivedData/ModuleCache.noindex/Session.modulevalidation -Xcc -working-directory -Xcc /Users/jacksonsweet/Desktop/OPS\ APP/OPS -resource-dir /Applications/Xcode.app/Contents/Developer/Toolchains/XcodeDefault.xctoolchain/usr/lib/swift -enable-anonymous-context-mangled-names -file-compilation-dir /Users/jacksonsweet/Desktop/OPS\ APP/OPS -Xcc -D_LIBCPP_HARDENING_MODE\=_LIBCPP_HARDENING_MODE_DEBUG -Xcc -ivfsstatcache -Xcc /Users/jacksonsweet/Library/Developer/Xcode/DerivedData/SDKStatCaches.noindex/iphonesimulator18.2-22C146-07b28473f605e47e75261259d3ef3b5a.sdkstatcache -Xcc -I/Users/jacksonsweet/Library/Developer/Xcode/DerivedData/OPS-czavgtmnvamasvcjgszzuulfcsxj/Build/Intermediates.noindex/OPS.build/Debug-iphonesimulator/OPS.build/swift-overrides.hmap -Xcc -iquote -Xcc /Users/jacksonsweet/Library/Developer/Xcode/DerivedData/OPS-czavgtmnvamasvcjgszzuulfcsxj/Build/Intermediates.noindex/OPS.build/Debug-iphonesimulator/OPS.build/OPS-generated-files.hmap -Xcc -I/Users/jacksonsweet/Library/Developer/Xcode/DerivedData/OPS-czavgtmnvamasvcjgszzuulfcsxj/Build/Intermediates.noindex/OPS.build/Debug-iphonesimulator/OPS.build/OPS-own-target-headers.hmap -Xcc -I/Users/jacksonsweet/Library/Developer/Xcode/DerivedData/OPS-czavgtmnvamasvcjgszzuulfcsxj/Build/Intermediates.noindex/OPS.build/Debug-iphonesimulator/OPS.build/OPS-all-target-headers.hmap -Xcc -iquote -Xcc /Users/jacksonsweet/Library/Developer/Xcode/DerivedData/OPS-czavgtmnvamasvcjgszzuulfcsxj/Build/Intermediates.noindex/OPS.build/Debug-iphonesimulator/OPS.build/OPS-project-headers.hmap -Xcc -I/Users/jacksonsweet/Library/Developer/Xcode/DerivedData/OPS-czavgtmnvamasvcjgszzuulfcsxj/Build/Products/Debug-iphonesimulator/include -Xcc -I/Users/jacksonsweet/Library/Developer/Xcode/DerivedData/OPS-czavgtmnvamasvcjgszzuulfcsxj/Build/Intermediates.noindex/OPS.build/Debug-iphonesimulator/OPS.build/DerivedSources-normal/arm64 -Xcc -I/Users/jacksonsweet/Library/Developer/Xcode/DerivedData/OPS-czavgtmnvamasvcjgszzuulfcsxj/Build/Intermediates.noindex/OPS.build/Debug-iphonesimulator/OPS.build/DerivedSources/arm64 -Xcc -I/Users/jacksonsweet/Library/Developer/Xcode/DerivedData/OPS-czavgtmnvamasvcjgszzuulfcsxj/Build/Intermediates.noindex/OPS.build/Debug-iphonesimulator/OPS.build/DerivedSources -Xcc -DDEBUG\=1 -module-name OPS -frontend-parseable-output -disable-clang-spi -target-sdk-version 18.2 -target-sdk-name iphonesimulator18.2 -external-plugin-path /Applications/Xcode.app/Contents/Developer/Platforms/iPhoneOS.platform/Developer/usr/lib/swift/host/plugins\#/Applications/Xcode.app/Contents/Developer/Platforms/iPhoneOS.platform/Developer/usr/bin/swift-plugin-server -external-plugin-path /Applications/Xcode.app/Contents/Developer/Platforms/iPhoneOS.platform/Developer/usr/local/lib/swift/host/plugins\#/Applications/Xcode.app/Contents/Developer/Platforms/iPhoneOS.platform/Developer/usr/bin/swift-plugin-server -plugin-path /Applications/Xcode.app/Contents/Developer/Toolchains/XcodeDefault.xctoolchain/usr/lib/swift/host/plugins -plugin-path /Applications/Xcode.app/Contents/Developer/Toolchains/XcodeDefault.xctoolchain/usr/local/lib/swift/host/plugins -o /Users/jacksonsweet/Library/Developer/Xcode/DerivedData/OPS-czavgtmnvamasvcjgszzuulfcsxj/Build/Intermediates.noindex/OPS.build/Debug-iphonesimulator/OPS.build/Objects-normal/arm64/PasswordView.o -o /Users/jacksonsweet/Library/Developer/Xcode/DerivedData/OPS-czavgtmnvamasvcjgszzuulfcsxj/Build/Intermediates.noindex/OPS.build/Debug-iphonesimulator/OPS.build/Objects-normal/arm64/PasswordViewPreview.o -o /Users/jacksonsweet/Library/Developer/Xcode/DerivedData/OPS-czavgtmnvamasvcjgszzuulfcsxj/Build/Intermediates.noindex/OPS.build/Debug-iphonesimulator/OPS.build/Objects-normal/arm64/PermissionsView.o -o /Users/jacksonsweet/Library/Developer/Xcode/DerivedData/OPS-czavgtmnvamasvcjgszzuulfcsxj/Build/Intermediates.noindex/OPS.build/Debug-iphonesimulator/OPS.build/Objects-normal/arm64/PermissionsViewPreview.o -o /Users/jacksonsweet/Library/Developer/Xcode/DerivedData/OPS-czavgtmnvamasvcjgszzuulfcsxj/Build/Intermediates.noindex/OPS.build/Debug-iphonesimulator/OPS.build/Objects-normal/arm64/PhoneNumberView.o -o /Users/jacksonsweet/Library/Developer/Xcode/DerivedData/OPS-czavgtmnvamasvcjgszzuulfcsxj/Build/Intermediates.noindex/OPS.build/Debug-iphonesimulator/OPS.build/Objects-normal/arm64/PhoneNumberViewPreview.o -o /Users/jacksonsweet/Library/Developer/Xcode/DerivedData/OPS-czavgtmnvamasvcjgszzuulfcsxj/Build/Intermediates.noindex/OPS.build/Debug-iphonesimulator/OPS.build/Objects-normal/arm64/UserInfoView.o -o /Users/jacksonsweet/Library/Developer/Xcode/DerivedData/OPS-czavgtmnvamasvcjgszzuulfcsxj/Build/Intermediates.noindex/OPS.build/Debug-iphonesimulator/OPS.build/Objects-normal/arm64/UserInfoViewPreview.o -o /Users/jacksonsweet/Library/Developer/Xcode/DerivedData/OPS-czavgtmnvamasvcjgszzuulfcsxj/Build/Intermediates.noindex/OPS.build/Debug-iphonesimulator/OPS.build/Objects-normal/arm64/VerifyPhoneView.o -o /Users/jacksonsweet/Library/Developer/Xcode/DerivedData/OPS-czavgtmnvamasvcjgszzuulfcsxj/Build/Intermediates.noindex/OPS.build/Debug-iphonesimulator/OPS.build/Objects-normal/arm64/WelcomeCompanyView.o -o /Users/jacksonsweet/Library/Developer/Xcode/DerivedData/OPS-czavgtmnvamasvcjgszzuulfcsxj/Build/Intermediates.noindex/OPS.build/Debug-iphonesimulator/OPS.build/Objects-normal/arm64/WelcomeCompanyViewPreview.o -o /Users/jacksonsweet/Library/Developer/Xcode/DerivedData/OPS-czavgtmnvamasvcjgszzuulfcsxj/Build/Intermediates.noindex/OPS.build/Debug-iphonesimulator/OPS.build/Objects-normal/arm64/WelcomeView.o -o /Users/jacksonsweet/Library/Developer/Xcode/DerivedData/OPS-czavgtmnvamasvcjgszzuulfcsxj/Build/Intermediates.noindex/OPS.build/Debug-iphonesimulator/OPS.build/Objects-normal/arm64/WelcomeViewPreview.o -index-unit-output-path /OPS.build/Debug-iphonesimulator/OPS.build/Objects-normal/arm64/PasswordView.o -index-unit-output-path /OPS.build/Debug-iphonesimulator/OPS.build/Objects-normal/arm64/PasswordViewPreview.o -index-unit-output-path /OPS.build/Debug-iphonesimulator/OPS.build/Objects-normal/arm64/PermissionsView.o -index-unit-output-path /OPS.build/Debug-iphonesimulator/OPS.build/Objects-normal/arm64/PermissionsViewPreview.o -index-unit-output-path /OPS.build/Debug-iphonesimulator/OPS.build/Objects-normal/arm64/PhoneNumberView.o -index-unit-output-path /OPS.build/Debug-iphonesimulator/OPS.build/Objects-normal/arm64/PhoneNumberViewPreview.o -index-unit-output-path /OPS.build/Debug-iphonesimulator/OPS.build/Objects-normal/arm64/UserInfoView.o -index-unit-output-path /OPS.build/Debug-iphonesimulator/OPS.build/Objects-normal/arm64/UserInfoViewPreview.o -index-unit-output-path /OPS.build/Debug-iphonesimulator/OPS.build/Objects-normal/arm64/VerifyPhoneView.o -index-unit-output-path /OPS.build/Debug-iphonesimulator/OPS.build/Objects-normal/arm64/WelcomeCompanyView.o -index-unit-output-path /OPS.build/Debug-iphonesimulator/OPS.build/Objects-normal/arm64/WelcomeCompanyViewPreview.o -index-unit-output-path /OPS.build/Debug-iphonesimulator/OPS.build/Objects-normal/arm64/WelcomeView.o -index-unit-output-path /OPS.build/Debug-iphonesimulator/OPS.build/Objects-normal/arm64/WelcomeViewPreview.o -index-store-path /Users/jacksonsweet/Library/Developer/Xcode/DerivedData/OPS-czavgtmnvamasvcjgszzuulfcsxj/Index.noindex/DataStore -index-system-modules

SwiftCompile normal arm64 /Users/jacksonsweet/Desktop/OPS\ APP/OPS/OPS/Onboarding/Views/Screens/UserInfoView.swift (in target 'OPS' from project 'OPS')
    cd /Users/jacksonsweet/Desktop/OPS\ APP/OPS
    /Applications/Xcode.app/Contents/Developer/Toolchains/XcodeDefault.xctoolchain/usr/bin/swift-frontend -c /Users/jacksonsweet/Desktop/OPS\ APP/OPS/OPS/DataModels/BubbleImage.swift /Users/jacksonsweet/Desktop/OPS\ APP/OPS/OPS/DataModels/BubbleTypes.swift /Users/jacksonsweet/Desktop/OPS\ APP/OPS/OPS/DataModels/Company.swift /Users/jacksonsweet/Desktop/OPS\ APP/OPS/OPS/DataModels/Project.swift /Users/jacksonsweet/Desktop/OPS\ APP/OPS/OPS/DataModels/Status.swift /Users/jacksonsweet/Desktop/OPS\ APP/OPS/OPS/DataModels/User.swift /Users/jacksonsweet/Desktop/OPS\ APP/OPS/OPS/DataModels/UserRole.swift /Users/jacksonsweet/Desktop/OPS\ APP/OPS/OPS/Extensions/UIImage+Extensions.swift /Users/jacksonsweet/Desktop/OPS\ APP/OPS/OPS/Network/API/APIError.swift /Users/jacksonsweet/Desktop/OPS\ APP/OPS/OPS/Network/API/APIService.swift /Users/jacksonsweet/Desktop/OPS\ APP/OPS/OPS/Network/API/BubbleFields.swift /Users/jacksonsweet/Desktop/OPS\ APP/OPS/OPS/Network/Auth/AuthError.swift /Users/jacksonsweet/Desktop/OPS\ APP/OPS/OPS/Network/Auth/AuthManager.swift /Users/jacksonsweet/Desktop/OPS\ APP/OPS/OPS/Network/Auth/KeychainManager.swift /Users/jacksonsweet/Desktop/OPS\ APP/OPS/OPS/Network/DTOs/CompanyDTO.swift /Users/jacksonsweet/Desktop/OPS\ APP/OPS/OPS/Network/DTOs/ProjectDTO.swift /Users/jacksonsweet/Desktop/OPS\ APP/OPS/OPS/Network/DTOs/UserDTO.swift /Users/jacksonsweet/Desktop/OPS\ APP/OPS/OPS/Network/Endpoints/CompanyEndpoints.swift /Users/jacksonsweet/Desktop/OPS\ APP/OPS/OPS/Network/Endpoints/ProjectEndpoints.swift /Users/jacksonsweet/Desktop/OPS\ APP/OPS/OPS/Network/Endpoints/UserEndpoints.swift /Users/jacksonsweet/Desktop/OPS\ APP/OPS/OPS/Network/Sync/BackgroundTaskManager.swift /Users/jacksonsweet/Desktop/OPS\ APP/OPS/OPS/Network/Sync/SyncManager.swift /Users/jacksonsweet/Desktop/OPS\ APP/OPS/OPS/Network/ConnectivityMonitor.swift /Users/jacksonsweet/Desktop/OPS\ APP/OPS/OPS/Network/ImageSyncManager.swift /Users/jacksonsweet/Desktop/OPS\ APP/OPS/OPS/Onboarding/Coordinators/OnboardingCoordinator.swift /Users/jacksonsweet/Desktop/OPS\ APP/OPS/OPS/Onboarding/Models/OnboardingModels.swift /Users/jacksonsweet/Desktop/OPS\ APP/OPS/OPS/Onboarding/Services/OnboardingService.swift /Users/jacksonsweet/Desktop/OPS\ APP/OPS/OPS/Onboarding/ViewModels/OnboardingViewModel.swift /Users/jacksonsweet/Desktop/OPS\ APP/OPS/OPS/Onboarding/Views/Components/OnboardingComponents.swift /Users/jacksonsweet/Desktop/OPS\ APP/OPS/OPS/Onboarding/Views/Screens/AccountCreatedView.swift /Users/jacksonsweet/Desktop/OPS\ APP/OPS/OPS/Onboarding/Views/Screens/CompanyCodeView.swift /Users/jacksonsweet/Desktop/OPS\ APP/OPS/OPS/Onboarding/Views/Screens/CompanyCodeViewPreview.swift /Users/jacksonsweet/Desktop/OPS\ APP/OPS/OPS/Onboarding/Views/Screens/CompletionView.swift /Users/jacksonsweet/Desktop/OPS\ APP/OPS/OPS/Onboarding/Views/Screens/CompletionViewPreview.swift /Users/jacksonsweet/Desktop/OPS\ APP/OPS/OPS/Onboarding/Views/Screens/EmailView.swift /Users/jacksonsweet/Desktop/OPS\ APP/OPS/OPS/Onboarding/Views/Screens/FieldSetupView.swift /Users/jacksonsweet/Desktop/OPS\ APP/OPS/OPS/Onboarding/Views/Screens/NotificationsView.swift /Users/jacksonsweet/Desktop/OPS\ APP/OPS/OPS/Onboarding/Views/Screens/NotificationsViewPreview.swift /Users/jacksonsweet/Desktop/OPS\ APP/OPS/OPS/Onboarding/Views/Screens/OrganizationJoinView.swift -primary-file /Users/jacksonsweet/Desktop/OPS\ APP/OPS/OPS/Onboarding/Views/Screens/PasswordView.swift -primary-file /Users/jacksonsweet/Desktop/OPS\ APP/OPS/OPS/Onboarding/Views/Screens/PasswordViewPreview.swift -primary-file /Users/jacksonsweet/Desktop/OPS\ APP/OPS/OPS/Onboarding/Views/Screens/PermissionsView.swift -primary-file /Users/jacksonsweet/Desktop/OPS\ APP/OPS/OPS/Onboarding/Views/Screens/PermissionsViewPreview.swift -primary-file /Users/jacksonsweet/Desktop/OPS\ APP/OPS/OPS/Onboarding/Views/Screens/PhoneNumberView.swift -primary-file /Users/jacksonsweet/Desktop/OPS\ APP/OPS/OPS/Onboarding/Views/Screens/PhoneNumberViewPreview.swift -primary-file /Users/jacksonsweet/Desktop/OPS\ APP/OPS/OPS/Onboarding/Views/Screens/UserInfoView.swift -primary-file /Users/jacksonsweet/Desktop/OPS\ APP/OPS/OPS/Onboarding/Views/Screens/UserInfoViewPreview.swift -primary-file /Users/jacksonsweet/Desktop/OPS\ APP/OPS/OPS/Onboarding/Views/Screens/VerifyPhoneView.swift -primary-file /Users/jacksonsweet/Desktop/OPS\ APP/OPS/OPS/Onboarding/Views/Screens/WelcomeCompanyView.swift -primary-file /Users/jacksonsweet/Desktop/OPS\ APP/OPS/OPS/Onboarding/Views/Screens/WelcomeCompanyViewPreview.swift -primary-file /Users/jacksonsweet/Desktop/OPS\ APP/OPS/OPS/Onboarding/Views/Screens/WelcomeView.swift -primary-file /Users/jacksonsweet/Desktop/OPS\ APP/OPS/OPS/Onboarding/Views/Screens/WelcomeViewPreview.swift /Users/jacksonsweet/Desktop/OPS\ APP/OPS/OPS/Onboarding/Views/OnboardingContainerView.swift /Users/jacksonsweet/Desktop/OPS\ APP/OPS/OPS/Onboarding/Views/OnboardingFlowPreview.swift /Users/jacksonsweet/Desktop/OPS\ APP/OPS/OPS/Onboarding/Views/OnboardingPresenter.swift /Users/jacksonsweet/Desktop/OPS\ APP/OPS/OPS/Onboarding/Views/OnboardingPreviewHelpers.swift /Users/jacksonsweet/Desktop/OPS\ APP/OPS/OPS/Styles/OPSStyle.swift /Users/jacksonsweet/Desktop/OPS\ APP/OPS/OPS/Utilities/AppConfiguration.swift /Users/jacksonsweet/Desktop/OPS\ APP/OPS/OPS/Utilities/ArrayTransformer.swift /Users/jacksonsweet/Desktop/OPS\ APP/OPS/OPS/Utilities/DataController.swift /Users/jacksonsweet/Desktop/OPS\ APP/OPS/OPS/Utilities/Dateformatter\ +Bubble.swift /Users/jacksonsweet/Desktop/OPS\ APP/OPS/OPS/Utilities/DateHelper.swift /Users/jacksonsweet/Desktop/OPS\ APP/OPS/OPS/Utilities/FieldErrorHandler.swift /Users/jacksonsweet/Desktop/OPS\ APP/OPS/OPS/Utilities/ImageCache.swift /Users/jacksonsweet/Desktop/OPS\ APP/OPS/OPS/Utilities/ImageFileManager.swift /Users/jacksonsweet/Desktop/OPS\ APP/OPS/OPS/Utilities/InProgressManager.swift /Users/jacksonsweet/Desktop/OPS\ APP/OPS/OPS/Utilities/KeyboardDismissalModifier.swift /Users/jacksonsweet/Desktop/OPS\ APP/OPS/OPS/Utilities/LocationManager.swift /Users/jacksonsweet/Desktop/OPS\ APP/OPS/OPS/Utilities/OnboardingEnvironmentKey.swift /Users/jacksonsweet/Desktop/OPS\ APP/OPS/OPS/Utilities/SwiftDataHelper.swift /Users/jacksonsweet/Desktop/OPS\ APP/OPS/OPS/Utilities/UIComponents.swift /Users/jacksonsweet/Desktop/OPS\ APP/OPS/OPS/V2/CertificationsSettingsView.swift /Users/jacksonsweet/Desktop/OPS\ APP/OPS/OPS/ViewModels/CalendarViewModel.swift /Users/jacksonsweet/Desktop/OPS\ APP/OPS/OPS/ViewModels/ProjectsViewModel.swift /Users/jacksonsweet/Desktop/OPS\ APP/OPS/OPS/Views/Calendar\ Tab/Components/CalendarDaySelector.swift /Users/jacksonsweet/Desktop/OPS\ APP/OPS/OPS/Views/Calendar\ Tab/Components/CalendarHeaderView.swift /Users/jacksonsweet/Desktop/OPS\ APP/OPS/OPS/Views/Calendar\ Tab/Components/CalendarProjectCard.swift /Users/jacksonsweet/Desktop/OPS\ APP/OPS/OPS/Views/Calendar\ Tab/Components/CalendarToggleView.swift /Users/jacksonsweet/Desktop/OPS\ APP/OPS/OPS/Views/Calendar\ Tab/Components/DatePickerPopover.swift /Users/jacksonsweet/Desktop/OPS\ APP/OPS/OPS/Views/Calendar\ Tab/Components/DayCell.swift /Users/jacksonsweet/Desktop/OPS\ APP/OPS/OPS/Views/Calendar\ Tab/ProjectViews/DayProjectSheet.swift /Users/jacksonsweet/Desktop/OPS\ APP/OPS/OPS/Views/Calendar\ Tab/ProjectViews/ProjectListView.swift /Users/jacksonsweet/Desktop/OPS\ APP/OPS/OPS/Views/Calendar\ Tab/MonthGridView.swift /Users/jacksonsweet/Desktop/OPS\ APP/OPS/OPS/Views/Components/Common/AppHeader.swift /Users/jacksonsweet/Desktop/OPS\ APP/OPS/OPS/Views/Components/Common/ExpandableNotesView.swift /Users/jacksonsweet/Desktop/OPS\ APP/OPS/OPS/Views/Components/Common/LocationPermissionView.swift /Users/jacksonsweet/Desktop/OPS\ APP/OPS/OPS/Views/Components/Common/NavigationBanner.swift /Users/jacksonsweet/Desktop/OPS\ APP/OPS/OPS/Views/Components/Common/NavigationControlsView.swift /Users/jacksonsweet/Desktop/OPS\ APP/OPS/OPS/Views/Components/Common/TabBarBackground.swift /Users/jacksonsweet/Desktop/OPS\ APP/OPS/OPS/Views/Components/Images/ImagePicker.swift /Users/jacksonsweet/Desktop/OPS\ APP/OPS/OPS/Views/Components/Images/ImagePickerView.swift /Users/jacksonsweet/Desktop/OPS\ APP/OPS/OPS/Views/Components/Images/ProjectImagesSection.swift /Users/jacksonsweet/Desktop/OPS\ APP/OPS/OPS/Views/Components/Images/ProjectImagesSimple.swift /Users/jacksonsweet/Desktop/OPS\ APP/OPS/OPS/Views/Components/Images/ProjectImageView.swift /Users/jacksonsweet/Desktop/OPS\ APP/OPS/OPS/Views/Components/Images/ProjectPhotosGrid.swift /Users/jacksonsweet/Desktop/OPS\ APP/OPS/OPS/Views/Components/Map/MiniMapView.swift /Users/jacksonsweet/Desktop/OPS\ APP/OPS/OPS/Views/Components/Map/ProjectMapAnnotation.swift /Users/jacksonsweet/Desktop/OPS\ APP/OPS/OPS/Views/Components/Map/ProjectMapView.swift /Users/jacksonsweet/Desktop/OPS\ APP/OPS/OPS/Views/Components/Map/ProjectMarkerPopup.swift /Users/jacksonsweet/Desktop/OPS\ APP/OPS/OPS/Views/Components/Map/RouteDirectionsView.swift /Users/jacksonsweet/Desktop/OPS\ APP/OPS/OPS/Views/Components/Project/ProjectActionBar.swift /Users/jacksonsweet/Desktop/OPS\ APP/OPS/OPS/Views/Components/Project/ProjectCard.swift /Users/jacksonsweet/Desktop/OPS\ APP/OPS/OPS/Views/Components/Project/ProjectCarousel.swift /Users/jacksonsweet/Desktop/OPS\ APP/OPS/OPS/Views/Components/Project/ProjectDetailsView.swift /Users/jacksonsweet/Desktop/OPS\ APP/OPS/OPS/Views/Components/Project/ProjectHeader.swift /Users/jacksonsweet/Desktop/OPS\ APP/OPS/OPS/Views/Components/Project/ProjectSheetContainer.swift /Users/jacksonsweet/Desktop/OPS\ APP/OPS/OPS/Views/Components/User/TeamMemberListView.swift /Users/jacksonsweet/Desktop/OPS\ APP/OPS/OPS/Views/Components/User/UserProfileCard.swift /Users/jacksonsweet/Desktop/OPS\ APP/OPS/OPS/Views/Home/HomeContentView.swift /Users/jacksonsweet/Desktop/OPS\ APP/OPS/OPS/Views/Home/HomeView.swift /Users/jacksonsweet/Desktop/OPS\ APP/OPS/OPS/Views/Settings/OrganizationSettingsView.swift /Users/jacksonsweet/Desktop/OPS\ APP/OPS/OPS/Views/Settings/ProfileSettingsView.swift /Users/jacksonsweet/Desktop/OPS\ APP/OPS/OPS/Views/Settings/ProjectHistorySettingsView.swift /Users/jacksonsweet/Desktop/OPS\ APP/OPS/OPS/Views/LoginView.swift /Users/jacksonsweet/Desktop/OPS\ APP/OPS/OPS/Views/LoginViewPreview.swift /Users/jacksonsweet/Desktop/OPS\ APP/OPS/OPS/Views/MainTabView.swift /Users/jacksonsweet/Desktop/OPS\ APP/OPS/OPS/Views/NetworkStatusIndicator.swift /Users/jacksonsweet/Desktop/OPS\ APP/OPS/OPS/Views/ScheduleView.swift /Users/jacksonsweet/Desktop/OPS\ APP/OPS/OPS/Views/SettingsView.swift /Users/jacksonsweet/Desktop/OPS\ APP/OPS/OPS/Views/SplashScreen.swift /Users/jacksonsweet/Desktop/OPS\ APP/OPS/OPS/AppState.swift /Users/jacksonsweet/Desktop/OPS\ APP/OPS/OPS/ContentView.swift /Users/jacksonsweet/Desktop/OPS\ APP/OPS/OPS/Item.swift /Users/jacksonsweet/Desktop/OPS\ APP/OPS/OPS/OPSApp.swift /Users/jacksonsweet/Library/Developer/Xcode/DerivedData/OPS-czavgtmnvamasvcjgszzuulfcsxj/Build/Intermediates.noindex/OPS.build/Debug-iphonesimulator/OPS.build/DerivedSources/GeneratedAssetSymbols.swift -supplementary-output-file-map /Users/jacksonsweet/Library/Developer/Xcode/DerivedData/OPS-czavgtmnvamasvcjgszzuulfcsxj/Build/Intermediates.noindex/OPS.build/Debug-iphonesimulator/OPS.build/Objects-normal/arm64/supplementaryOutputs-4 -emit-localized-strings -emit-localized-strings-path /Users/jacksonsweet/Library/Developer/Xcode/DerivedData/OPS-czavgtmnvamasvcjgszzuulfcsxj/Build/Intermediates.noindex/OPS.build/Debug-iphonesimulator/OPS.build/Objects-normal/arm64 -target arm64-apple-ios18.2-simulator -Xllvm -aarch64-use-tbi -enable-objc-interop -sdk /Applications/Xcode.app/Contents/Developer/Platforms/iPhoneSimulator.platform/Developer/SDKs/iPhoneSimulator18.2.sdk -I /Users/jacksonsweet/Library/Developer/Xcode/DerivedData/OPS-czavgtmnvamasvcjgszzuulfcsxj/Build/Products/Debug-iphonesimulator -F /Users/jacksonsweet/Library/Developer/Xcode/DerivedData/OPS-czavgtmnvamasvcjgszzuulfcsxj/Build/Products/Debug-iphonesimulator -no-color-diagnostics -enable-testing -g -debug-info-format\=dwarf -dwarf-version\=5 -module-cache-path /Users/jacksonsweet/Library/Developer/Xcode/DerivedData/ModuleCache.noindex -profile-generate -profile-coverage-mapping -swift-version 5 -enforce-exclusivity\=checked -Onone -D DEBUG -serialize-debugging-options -const-gather-protocols-file /Users/jacksonsweet/Library/Developer/Xcode/DerivedData/OPS-czavgtmnvamasvcjgszzuulfcsxj/Build/Intermediates.noindex/OPS.build/Debug-iphonesimulator/OPS.build/Objects-normal/arm64/OPS_const_extract_protocols.json -enable-experimental-feature DebugDescriptionMacro -enable-experimental-feature OpaqueTypeErasure -enable-bare-slash-regex -empty-abi-descriptor -validate-clang-modules-once -clang-build-session-file /Users/jacksonsweet/Library/Developer/Xcode/DerivedData/ModuleCache.noindex/Session.modulevalidation -Xcc -working-directory -Xcc /Users/jacksonsweet/Desktop/OPS\ APP/OPS -resource-dir /Applications/Xcode.app/Contents/Developer/Toolchains/XcodeDefault.xctoolchain/usr/lib/swift -enable-anonymous-context-mangled-names -file-compilation-dir /Users/jacksonsweet/Desktop/OPS\ APP/OPS -Xcc -D_LIBCPP_HARDENING_MODE\=_LIBCPP_HARDENING_MODE_DEBUG -Xcc -ivfsstatcache -Xcc /Users/jacksonsweet/Library/Developer/Xcode/DerivedData/SDKStatCaches.noindex/iphonesimulator18.2-22C146-07b28473f605e47e75261259d3ef3b5a.sdkstatcache -Xcc -I/Users/jacksonsweet/Library/Developer/Xcode/DerivedData/OPS-czavgtmnvamasvcjgszzuulfcsxj/Build/Intermediates.noindex/OPS.build/Debug-iphonesimulator/OPS.build/swift-overrides.hmap -Xcc -iquote -Xcc /Users/jacksonsweet/Library/Developer/Xcode/DerivedData/OPS-czavgtmnvamasvcjgszzuulfcsxj/Build/Intermediates.noindex/OPS.build/Debug-iphonesimulator/OPS.build/OPS-generated-files.hmap -Xcc -I/Users/jacksonsweet/Library/Developer/Xcode/DerivedData/OPS-czavgtmnvamasvcjgszzuulfcsxj/Build/Intermediates.noindex/OPS.build/Debug-iphonesimulator/OPS.build/OPS-own-target-headers.hmap -Xcc -I/Users/jacksonsweet/Library/Developer/Xcode/DerivedData/OPS-czavgtmnvamasvcjgszzuulfcsxj/Build/Intermediates.noindex/OPS.build/Debug-iphonesimulator/OPS.build/OPS-all-target-headers.hmap -Xcc -iquote -Xcc /Users/jacksonsweet/Library/Developer/Xcode/DerivedData/OPS-czavgtmnvamasvcjgszzuulfcsxj/Build/Intermediates.noindex/OPS.build/Debug-iphonesimulator/OPS.build/OPS-project-headers.hmap -Xcc -I/Users/jacksonsweet/Library/Developer/Xcode/DerivedData/OPS-czavgtmnvamasvcjgszzuulfcsxj/Build/Products/Debug-iphonesimulator/include -Xcc -I/Users/jacksonsweet/Library/Developer/Xcode/DerivedData/OPS-czavgtmnvamasvcjgszzuulfcsxj/Build/Intermediates.noindex/OPS.build/Debug-iphonesimulator/OPS.build/DerivedSources-normal/arm64 -Xcc -I/Users/jacksonsweet/Library/Developer/Xcode/DerivedData/OPS-czavgtmnvamasvcjgszzuulfcsxj/Build/Intermediates.noindex/OPS.build/Debug-iphonesimulator/OPS.build/DerivedSources/arm64 -Xcc -I/Users/jacksonsweet/Library/Developer/Xcode/DerivedData/OPS-czavgtmnvamasvcjgszzuulfcsxj/Build/Intermediates.noindex/OPS.build/Debug-iphonesimulator/OPS.build/DerivedSources -Xcc -DDEBUG\=1 -module-name OPS -frontend-parseable-output -disable-clang-spi -target-sdk-version 18.2 -target-sdk-name iphonesimulator18.2 -external-plugin-path /Applications/Xcode.app/Contents/Developer/Platforms/iPhoneOS.platform/Developer/usr/lib/swift/host/plugins\#/Applications/Xcode.app/Contents/Developer/Platforms/iPhoneOS.platform/Developer/usr/bin/swift-plugin-server -external-plugin-path /Applications/Xcode.app/Contents/Developer/Platforms/iPhoneOS.platform/Developer/usr/local/lib/swift/host/plugins\#/Applications/Xcode.app/Contents/Developer/Platforms/iPhoneOS.platform/Developer/usr/bin/swift-plugin-server -plugin-path /Applications/Xcode.app/Contents/Developer/Toolchains/XcodeDefault.xctoolchain/usr/lib/swift/host/plugins -plugin-path /Applications/Xcode.app/Contents/Developer/Toolchains/XcodeDefault.xctoolchain/usr/local/lib/swift/host/plugins -o /Users/jacksonsweet/Library/Developer/Xcode/DerivedData/OPS-czavgtmnvamasvcjgszzuulfcsxj/Build/Intermediates.noindex/OPS.build/Debug-iphonesimulator/OPS.build/Objects-normal/arm64/PasswordView.o -o /Users/jacksonsweet/Library/Developer/Xcode/DerivedData/OPS-czavgtmnvamasvcjgszzuulfcsxj/Build/Intermediates.noindex/OPS.build/Debug-iphonesimulator/OPS.build/Objects-normal/arm64/PasswordViewPreview.o -o /Users/jacksonsweet/Library/Developer/Xcode/DerivedData/OPS-czavgtmnvamasvcjgszzuulfcsxj/Build/Intermediates.noindex/OPS.build/Debug-iphonesimulator/OPS.build/Objects-normal/arm64/PermissionsView.o -o /Users/jacksonsweet/Library/Developer/Xcode/DerivedData/OPS-czavgtmnvamasvcjgszzuulfcsxj/Build/Intermediates.noindex/OPS.build/Debug-iphonesimulator/OPS.build/Objects-normal/arm64/PermissionsViewPreview.o -o /Users/jacksonsweet/Library/Developer/Xcode/DerivedData/OPS-czavgtmnvamasvcjgszzuulfcsxj/Build/Intermediates.noindex/OPS.build/Debug-iphonesimulator/OPS.build/Objects-normal/arm64/PhoneNumberView.o -o /Users/jacksonsweet/Library/Developer/Xcode/DerivedData/OPS-czavgtmnvamasvcjgszzuulfcsxj/Build/Intermediates.noindex/OPS.build/Debug-iphonesimulator/OPS.build/Objects-normal/arm64/PhoneNumberViewPreview.o -o /Users/jacksonsweet/Library/Developer/Xcode/DerivedData/OPS-czavgtmnvamasvcjgszzuulfcsxj/Build/Intermediates.noindex/OPS.build/Debug-iphonesimulator/OPS.build/Objects-normal/arm64/UserInfoView.o -o /Users/jacksonsweet/Library/Developer/Xcode/DerivedData/OPS-czavgtmnvamasvcjgszzuulfcsxj/Build/Intermediates.noindex/OPS.build/Debug-iphonesimulator/OPS.build/Objects-normal/arm64/UserInfoViewPreview.o -o /Users/jacksonsweet/Library/Developer/Xcode/DerivedData/OPS-czavgtmnvamasvcjgszzuulfcsxj/Build/Intermediates.noindex/OPS.build/Debug-iphonesimulator/OPS.build/Objects-normal/arm64/VerifyPhoneView.o -o /Users/jacksonsweet/Library/Developer/Xcode/DerivedData/OPS-czavgtmnvamasvcjgszzuulfcsxj/Build/Intermediates.noindex/OPS.build/Debug-iphonesimulator/OPS.build/Objects-normal/arm64/WelcomeCompanyView.o -o /Users/jacksonsweet/Library/Developer/Xcode/DerivedData/OPS-czavgtmnvamasvcjgszzuulfcsxj/Build/Intermediates.noindex/OPS.build/Debug-iphonesimulator/OPS.build/Objects-normal/arm64/WelcomeCompanyViewPreview.o -o /Users/jacksonsweet/Library/Developer/Xcode/DerivedData/OPS-czavgtmnvamasvcjgszzuulfcsxj/Build/Intermediates.noindex/OPS.build/Debug-iphonesimulator/OPS.build/Objects-normal/arm64/WelcomeView.o -o /Users/jacksonsweet/Library/Developer/Xcode/DerivedData/OPS-czavgtmnvamasvcjgszzuulfcsxj/Build/Intermediates.noindex/OPS.build/Debug-iphonesimulator/OPS.build/Objects-normal/arm64/WelcomeViewPreview.o -index-unit-output-path /OPS.build/Debug-iphonesimulator/OPS.build/Objects-normal/arm64/PasswordView.o -index-unit-output-path /OPS.build/Debug-iphonesimulator/OPS.build/Objects-normal/arm64/PasswordViewPreview.o -index-unit-output-path /OPS.build/Debug-iphonesimulator/OPS.build/Objects-normal/arm64/PermissionsView.o -index-unit-output-path /OPS.build/Debug-iphonesimulator/OPS.build/Objects-normal/arm64/PermissionsViewPreview.o -index-unit-output-path /OPS.build/Debug-iphonesimulator/OPS.build/Objects-normal/arm64/PhoneNumberView.o -index-unit-output-path /OPS.build/Debug-iphonesimulator/OPS.build/Objects-normal/arm64/PhoneNumberViewPreview.o -index-unit-output-path /OPS.build/Debug-iphonesimulator/OPS.build/Objects-normal/arm64/UserInfoView.o -index-unit-output-path /OPS.build/Debug-iphonesimulator/OPS.build/Objects-normal/arm64/UserInfoViewPreview.o -index-unit-output-path /OPS.build/Debug-iphonesimulator/OPS.build/Objects-normal/arm64/VerifyPhoneView.o -index-unit-output-path /OPS.build/Debug-iphonesimulator/OPS.build/Objects-normal/arm64/WelcomeCompanyView.o -index-unit-output-path /OPS.build/Debug-iphonesimulator/OPS.build/Objects-normal/arm64/WelcomeCompanyViewPreview.o -index-unit-output-path /OPS.build/Debug-iphonesimulator/OPS.build/Objects-normal/arm64/WelcomeView.o -index-unit-output-path /OPS.build/Debug-iphonesimulator/OPS.build/Objects-normal/arm64/WelcomeViewPreview.o -index-store-path /Users/jacksonsweet/Library/Developer/Xcode/DerivedData/OPS-czavgtmnvamasvcjgszzuulfcsxj/Index.noindex/DataStore -index-system-modules

SwiftCompile normal arm64 /Users/jacksonsweet/Desktop/OPS\ APP/OPS/OPS/Onboarding/Views/Screens/UserInfoViewPreview.swift (in target 'OPS' from project 'OPS')
    cd /Users/jacksonsweet/Desktop/OPS\ APP/OPS
    /Applications/Xcode.app/Contents/Developer/Toolchains/XcodeDefault.xctoolchain/usr/bin/swift-frontend -c /Users/jacksonsweet/Desktop/OPS\ APP/OPS/OPS/DataModels/BubbleImage.swift /Users/jacksonsweet/Desktop/OPS\ APP/OPS/OPS/DataModels/BubbleTypes.swift /Users/jacksonsweet/Desktop/OPS\ APP/OPS/OPS/DataModels/Company.swift /Users/jacksonsweet/Desktop/OPS\ APP/OPS/OPS/DataModels/Project.swift /Users/jacksonsweet/Desktop/OPS\ APP/OPS/OPS/DataModels/Status.swift /Users/jacksonsweet/Desktop/OPS\ APP/OPS/OPS/DataModels/User.swift /Users/jacksonsweet/Desktop/OPS\ APP/OPS/OPS/DataModels/UserRole.swift /Users/jacksonsweet/Desktop/OPS\ APP/OPS/OPS/Extensions/UIImage+Extensions.swift /Users/jacksonsweet/Desktop/OPS\ APP/OPS/OPS/Network/API/APIError.swift /Users/jacksonsweet/Desktop/OPS\ APP/OPS/OPS/Network/API/APIService.swift /Users/jacksonsweet/Desktop/OPS\ APP/OPS/OPS/Network/API/BubbleFields.swift /Users/jacksonsweet/Desktop/OPS\ APP/OPS/OPS/Network/Auth/AuthError.swift /Users/jacksonsweet/Desktop/OPS\ APP/OPS/OPS/Network/Auth/AuthManager.swift /Users/jacksonsweet/Desktop/OPS\ APP/OPS/OPS/Network/Auth/KeychainManager.swift /Users/jacksonsweet/Desktop/OPS\ APP/OPS/OPS/Network/DTOs/CompanyDTO.swift /Users/jacksonsweet/Desktop/OPS\ APP/OPS/OPS/Network/DTOs/ProjectDTO.swift /Users/jacksonsweet/Desktop/OPS\ APP/OPS/OPS/Network/DTOs/UserDTO.swift /Users/jacksonsweet/Desktop/OPS\ APP/OPS/OPS/Network/Endpoints/CompanyEndpoints.swift /Users/jacksonsweet/Desktop/OPS\ APP/OPS/OPS/Network/Endpoints/ProjectEndpoints.swift /Users/jacksonsweet/Desktop/OPS\ APP/OPS/OPS/Network/Endpoints/UserEndpoints.swift /Users/jacksonsweet/Desktop/OPS\ APP/OPS/OPS/Network/Sync/BackgroundTaskManager.swift /Users/jacksonsweet/Desktop/OPS\ APP/OPS/OPS/Network/Sync/SyncManager.swift /Users/jacksonsweet/Desktop/OPS\ APP/OPS/OPS/Network/ConnectivityMonitor.swift /Users/jacksonsweet/Desktop/OPS\ APP/OPS/OPS/Network/ImageSyncManager.swift /Users/jacksonsweet/Desktop/OPS\ APP/OPS/OPS/Onboarding/Coordinators/OnboardingCoordinator.swift /Users/jacksonsweet/Desktop/OPS\ APP/OPS/OPS/Onboarding/Models/OnboardingModels.swift /Users/jacksonsweet/Desktop/OPS\ APP/OPS/OPS/Onboarding/Services/OnboardingService.swift /Users/jacksonsweet/Desktop/OPS\ APP/OPS/OPS/Onboarding/ViewModels/OnboardingViewModel.swift /Users/jacksonsweet/Desktop/OPS\ APP/OPS/OPS/Onboarding/Views/Components/OnboardingComponents.swift /Users/jacksonsweet/Desktop/OPS\ APP/OPS/OPS/Onboarding/Views/Screens/AccountCreatedView.swift /Users/jacksonsweet/Desktop/OPS\ APP/OPS/OPS/Onboarding/Views/Screens/CompanyCodeView.swift /Users/jacksonsweet/Desktop/OPS\ APP/OPS/OPS/Onboarding/Views/Screens/CompanyCodeViewPreview.swift /Users/jacksonsweet/Desktop/OPS\ APP/OPS/OPS/Onboarding/Views/Screens/CompletionView.swift /Users/jacksonsweet/Desktop/OPS\ APP/OPS/OPS/Onboarding/Views/Screens/CompletionViewPreview.swift /Users/jacksonsweet/Desktop/OPS\ APP/OPS/OPS/Onboarding/Views/Screens/EmailView.swift /Users/jacksonsweet/Desktop/OPS\ APP/OPS/OPS/Onboarding/Views/Screens/FieldSetupView.swift /Users/jacksonsweet/Desktop/OPS\ APP/OPS/OPS/Onboarding/Views/Screens/NotificationsView.swift /Users/jacksonsweet/Desktop/OPS\ APP/OPS/OPS/Onboarding/Views/Screens/NotificationsViewPreview.swift /Users/jacksonsweet/Desktop/OPS\ APP/OPS/OPS/Onboarding/Views/Screens/OrganizationJoinView.swift -primary-file /Users/jacksonsweet/Desktop/OPS\ APP/OPS/OPS/Onboarding/Views/Screens/PasswordView.swift -primary-file /Users/jacksonsweet/Desktop/OPS\ APP/OPS/OPS/Onboarding/Views/Screens/PasswordViewPreview.swift -primary-file /Users/jacksonsweet/Desktop/OPS\ APP/OPS/OPS/Onboarding/Views/Screens/PermissionsView.swift -primary-file /Users/jacksonsweet/Desktop/OPS\ APP/OPS/OPS/Onboarding/Views/Screens/PermissionsViewPreview.swift -primary-file /Users/jacksonsweet/Desktop/OPS\ APP/OPS/OPS/Onboarding/Views/Screens/PhoneNumberView.swift -primary-file /Users/jacksonsweet/Desktop/OPS\ APP/OPS/OPS/Onboarding/Views/Screens/PhoneNumberViewPreview.swift -primary-file /Users/jacksonsweet/Desktop/OPS\ APP/OPS/OPS/Onboarding/Views/Screens/UserInfoView.swift -primary-file /Users/jacksonsweet/Desktop/OPS\ APP/OPS/OPS/Onboarding/Views/Screens/UserInfoViewPreview.swift -primary-file /Users/jacksonsweet/Desktop/OPS\ APP/OPS/OPS/Onboarding/Views/Screens/VerifyPhoneView.swift -primary-file /Users/jacksonsweet/Desktop/OPS\ APP/OPS/OPS/Onboarding/Views/Screens/WelcomeCompanyView.swift -primary-file /Users/jacksonsweet/Desktop/OPS\ APP/OPS/OPS/Onboarding/Views/Screens/WelcomeCompanyViewPreview.swift -primary-file /Users/jacksonsweet/Desktop/OPS\ APP/OPS/OPS/Onboarding/Views/Screens/WelcomeView.swift -primary-file /Users/jacksonsweet/Desktop/OPS\ APP/OPS/OPS/Onboarding/Views/Screens/WelcomeViewPreview.swift /Users/jacksonsweet/Desktop/OPS\ APP/OPS/OPS/Onboarding/Views/OnboardingContainerView.swift /Users/jacksonsweet/Desktop/OPS\ APP/OPS/OPS/Onboarding/Views/OnboardingFlowPreview.swift /Users/jacksonsweet/Desktop/OPS\ APP/OPS/OPS/Onboarding/Views/OnboardingPresenter.swift /Users/jacksonsweet/Desktop/OPS\ APP/OPS/OPS/Onboarding/Views/OnboardingPreviewHelpers.swift /Users/jacksonsweet/Desktop/OPS\ APP/OPS/OPS/Styles/OPSStyle.swift /Users/jacksonsweet/Desktop/OPS\ APP/OPS/OPS/Utilities/AppConfiguration.swift /Users/jacksonsweet/Desktop/OPS\ APP/OPS/OPS/Utilities/ArrayTransformer.swift /Users/jacksonsweet/Desktop/OPS\ APP/OPS/OPS/Utilities/DataController.swift /Users/jacksonsweet/Desktop/OPS\ APP/OPS/OPS/Utilities/Dateformatter\ +Bubble.swift /Users/jacksonsweet/Desktop/OPS\ APP/OPS/OPS/Utilities/DateHelper.swift /Users/jacksonsweet/Desktop/OPS\ APP/OPS/OPS/Utilities/FieldErrorHandler.swift /Users/jacksonsweet/Desktop/OPS\ APP/OPS/OPS/Utilities/ImageCache.swift /Users/jacksonsweet/Desktop/OPS\ APP/OPS/OPS/Utilities/ImageFileManager.swift /Users/jacksonsweet/Desktop/OPS\ APP/OPS/OPS/Utilities/InProgressManager.swift /Users/jacksonsweet/Desktop/OPS\ APP/OPS/OPS/Utilities/KeyboardDismissalModifier.swift /Users/jacksonsweet/Desktop/OPS\ APP/OPS/OPS/Utilities/LocationManager.swift /Users/jacksonsweet/Desktop/OPS\ APP/OPS/OPS/Utilities/OnboardingEnvironmentKey.swift /Users/jacksonsweet/Desktop/OPS\ APP/OPS/OPS/Utilities/SwiftDataHelper.swift /Users/jacksonsweet/Desktop/OPS\ APP/OPS/OPS/Utilities/UIComponents.swift /Users/jacksonsweet/Desktop/OPS\ APP/OPS/OPS/V2/CertificationsSettingsView.swift /Users/jacksonsweet/Desktop/OPS\ APP/OPS/OPS/ViewModels/CalendarViewModel.swift /Users/jacksonsweet/Desktop/OPS\ APP/OPS/OPS/ViewModels/ProjectsViewModel.swift /Users/jacksonsweet/Desktop/OPS\ APP/OPS/OPS/Views/Calendar\ Tab/Components/CalendarDaySelector.swift /Users/jacksonsweet/Desktop/OPS\ APP/OPS/OPS/Views/Calendar\ Tab/Components/CalendarHeaderView.swift /Users/jacksonsweet/Desktop/OPS\ APP/OPS/OPS/Views/Calendar\ Tab/Components/CalendarProjectCard.swift /Users/jacksonsweet/Desktop/OPS\ APP/OPS/OPS/Views/Calendar\ Tab/Components/CalendarToggleView.swift /Users/jacksonsweet/Desktop/OPS\ APP/OPS/OPS/Views/Calendar\ Tab/Components/DatePickerPopover.swift /Users/jacksonsweet/Desktop/OPS\ APP/OPS/OPS/Views/Calendar\ Tab/Components/DayCell.swift /Users/jacksonsweet/Desktop/OPS\ APP/OPS/OPS/Views/Calendar\ Tab/ProjectViews/DayProjectSheet.swift /Users/jacksonsweet/Desktop/OPS\ APP/OPS/OPS/Views/Calendar\ Tab/ProjectViews/ProjectListView.swift /Users/jacksonsweet/Desktop/OPS\ APP/OPS/OPS/Views/Calendar\ Tab/MonthGridView.swift /Users/jacksonsweet/Desktop/OPS\ APP/OPS/OPS/Views/Components/Common/AppHeader.swift /Users/jacksonsweet/Desktop/OPS\ APP/OPS/OPS/Views/Components/Common/ExpandableNotesView.swift /Users/jacksonsweet/Desktop/OPS\ APP/OPS/OPS/Views/Components/Common/LocationPermissionView.swift /Users/jacksonsweet/Desktop/OPS\ APP/OPS/OPS/Views/Components/Common/NavigationBanner.swift /Users/jacksonsweet/Desktop/OPS\ APP/OPS/OPS/Views/Components/Common/NavigationControlsView.swift /Users/jacksonsweet/Desktop/OPS\ APP/OPS/OPS/Views/Components/Common/TabBarBackground.swift /Users/jacksonsweet/Desktop/OPS\ APP/OPS/OPS/Views/Components/Images/ImagePicker.swift /Users/jacksonsweet/Desktop/OPS\ APP/OPS/OPS/Views/Components/Images/ImagePickerView.swift /Users/jacksonsweet/Desktop/OPS\ APP/OPS/OPS/Views/Components/Images/ProjectImagesSection.swift /Users/jacksonsweet/Desktop/OPS\ APP/OPS/OPS/Views/Components/Images/ProjectImagesSimple.swift /Users/jacksonsweet/Desktop/OPS\ APP/OPS/OPS/Views/Components/Images/ProjectImageView.swift /Users/jacksonsweet/Desktop/OPS\ APP/OPS/OPS/Views/Components/Images/ProjectPhotosGrid.swift /Users/jacksonsweet/Desktop/OPS\ APP/OPS/OPS/Views/Components/Map/MiniMapView.swift /Users/jacksonsweet/Desktop/OPS\ APP/OPS/OPS/Views/Components/Map/ProjectMapAnnotation.swift /Users/jacksonsweet/Desktop/OPS\ APP/OPS/OPS/Views/Components/Map/ProjectMapView.swift /Users/jacksonsweet/Desktop/OPS\ APP/OPS/OPS/Views/Components/Map/ProjectMarkerPopup.swift /Users/jacksonsweet/Desktop/OPS\ APP/OPS/OPS/Views/Components/Map/RouteDirectionsView.swift /Users/jacksonsweet/Desktop/OPS\ APP/OPS/OPS/Views/Components/Project/ProjectActionBar.swift /Users/jacksonsweet/Desktop/OPS\ APP/OPS/OPS/Views/Components/Project/ProjectCard.swift /Users/jacksonsweet/Desktop/OPS\ APP/OPS/OPS/Views/Components/Project/ProjectCarousel.swift /Users/jacksonsweet/Desktop/OPS\ APP/OPS/OPS/Views/Components/Project/ProjectDetailsView.swift /Users/jacksonsweet/Desktop/OPS\ APP/OPS/OPS/Views/Components/Project/ProjectHeader.swift /Users/jacksonsweet/Desktop/OPS\ APP/OPS/OPS/Views/Components/Project/ProjectSheetContainer.swift /Users/jacksonsweet/Desktop/OPS\ APP/OPS/OPS/Views/Components/User/TeamMemberListView.swift /Users/jacksonsweet/Desktop/OPS\ APP/OPS/OPS/Views/Components/User/UserProfileCard.swift /Users/jacksonsweet/Desktop/OPS\ APP/OPS/OPS/Views/Home/HomeContentView.swift /Users/jacksonsweet/Desktop/OPS\ APP/OPS/OPS/Views/Home/HomeView.swift /Users/jacksonsweet/Desktop/OPS\ APP/OPS/OPS/Views/Settings/OrganizationSettingsView.swift /Users/jacksonsweet/Desktop/OPS\ APP/OPS/OPS/Views/Settings/ProfileSettingsView.swift /Users/jacksonsweet/Desktop/OPS\ APP/OPS/OPS/Views/Settings/ProjectHistorySettingsView.swift /Users/jacksonsweet/Desktop/OPS\ APP/OPS/OPS/Views/LoginView.swift /Users/jacksonsweet/Desktop/OPS\ APP/OPS/OPS/Views/LoginViewPreview.swift /Users/jacksonsweet/Desktop/OPS\ APP/OPS/OPS/Views/MainTabView.swift /Users/jacksonsweet/Desktop/OPS\ APP/OPS/OPS/Views/NetworkStatusIndicator.swift /Users/jacksonsweet/Desktop/OPS\ APP/OPS/OPS/Views/ScheduleView.swift /Users/jacksonsweet/Desktop/OPS\ APP/OPS/OPS/Views/SettingsView.swift /Users/jacksonsweet/Desktop/OPS\ APP/OPS/OPS/Views/SplashScreen.swift /Users/jacksonsweet/Desktop/OPS\ APP/OPS/OPS/AppState.swift /Users/jacksonsweet/Desktop/OPS\ APP/OPS/OPS/ContentView.swift /Users/jacksonsweet/Desktop/OPS\ APP/OPS/OPS/Item.swift /Users/jacksonsweet/Desktop/OPS\ APP/OPS/OPS/OPSApp.swift /Users/jacksonsweet/Library/Developer/Xcode/DerivedData/OPS-czavgtmnvamasvcjgszzuulfcsxj/Build/Intermediates.noindex/OPS.build/Debug-iphonesimulator/OPS.build/DerivedSources/GeneratedAssetSymbols.swift -supplementary-output-file-map /Users/jacksonsweet/Library/Developer/Xcode/DerivedData/OPS-czavgtmnvamasvcjgszzuulfcsxj/Build/Intermediates.noindex/OPS.build/Debug-iphonesimulator/OPS.build/Objects-normal/arm64/supplementaryOutputs-4 -emit-localized-strings -emit-localized-strings-path /Users/jacksonsweet/Library/Developer/Xcode/DerivedData/OPS-czavgtmnvamasvcjgszzuulfcsxj/Build/Intermediates.noindex/OPS.build/Debug-iphonesimulator/OPS.build/Objects-normal/arm64 -target arm64-apple-ios18.2-simulator -Xllvm -aarch64-use-tbi -enable-objc-interop -sdk /Applications/Xcode.app/Contents/Developer/Platforms/iPhoneSimulator.platform/Developer/SDKs/iPhoneSimulator18.2.sdk -I /Users/jacksonsweet/Library/Developer/Xcode/DerivedData/OPS-czavgtmnvamasvcjgszzuulfcsxj/Build/Products/Debug-iphonesimulator -F /Users/jacksonsweet/Library/Developer/Xcode/DerivedData/OPS-czavgtmnvamasvcjgszzuulfcsxj/Build/Products/Debug-iphonesimulator -no-color-diagnostics -enable-testing -g -debug-info-format\=dwarf -dwarf-version\=5 -module-cache-path /Users/jacksonsweet/Library/Developer/Xcode/DerivedData/ModuleCache.noindex -profile-generate -profile-coverage-mapping -swift-version 5 -enforce-exclusivity\=checked -Onone -D DEBUG -serialize-debugging-options -const-gather-protocols-file /Users/jacksonsweet/Library/Developer/Xcode/DerivedData/OPS-czavgtmnvamasvcjgszzuulfcsxj/Build/Intermediates.noindex/OPS.build/Debug-iphonesimulator/OPS.build/Objects-normal/arm64/OPS_const_extract_protocols.json -enable-experimental-feature DebugDescriptionMacro -enable-experimental-feature OpaqueTypeErasure -enable-bare-slash-regex -empty-abi-descriptor -validate-clang-modules-once -clang-build-session-file /Users/jacksonsweet/Library/Developer/Xcode/DerivedData/ModuleCache.noindex/Session.modulevalidation -Xcc -working-directory -Xcc /Users/jacksonsweet/Desktop/OPS\ APP/OPS -resource-dir /Applications/Xcode.app/Contents/Developer/Toolchains/XcodeDefault.xctoolchain/usr/lib/swift -enable-anonymous-context-mangled-names -file-compilation-dir /Users/jacksonsweet/Desktop/OPS\ APP/OPS -Xcc -D_LIBCPP_HARDENING_MODE\=_LIBCPP_HARDENING_MODE_DEBUG -Xcc -ivfsstatcache -Xcc /Users/jacksonsweet/Library/Developer/Xcode/DerivedData/SDKStatCaches.noindex/iphonesimulator18.2-22C146-07b28473f605e47e75261259d3ef3b5a.sdkstatcache -Xcc -I/Users/jacksonsweet/Library/Developer/Xcode/DerivedData/OPS-czavgtmnvamasvcjgszzuulfcsxj/Build/Intermediates.noindex/OPS.build/Debug-iphonesimulator/OPS.build/swift-overrides.hmap -Xcc -iquote -Xcc /Users/jacksonsweet/Library/Developer/Xcode/DerivedData/OPS-czavgtmnvamasvcjgszzuulfcsxj/Build/Intermediates.noindex/OPS.build/Debug-iphonesimulator/OPS.build/OPS-generated-files.hmap -Xcc -I/Users/jacksonsweet/Library/Developer/Xcode/DerivedData/OPS-czavgtmnvamasvcjgszzuulfcsxj/Build/Intermediates.noindex/OPS.build/Debug-iphonesimulator/OPS.build/OPS-own-target-headers.hmap -Xcc -I/Users/jacksonsweet/Library/Developer/Xcode/DerivedData/OPS-czavgtmnvamasvcjgszzuulfcsxj/Build/Intermediates.noindex/OPS.build/Debug-iphonesimulator/OPS.build/OPS-all-target-headers.hmap -Xcc -iquote -Xcc /Users/jacksonsweet/Library/Developer/Xcode/DerivedData/OPS-czavgtmnvamasvcjgszzuulfcsxj/Build/Intermediates.noindex/OPS.build/Debug-iphonesimulator/OPS.build/OPS-project-headers.hmap -Xcc -I/Users/jacksonsweet/Library/Developer/Xcode/DerivedData/OPS-czavgtmnvamasvcjgszzuulfcsxj/Build/Products/Debug-iphonesimulator/include -Xcc -I/Users/jacksonsweet/Library/Developer/Xcode/DerivedData/OPS-czavgtmnvamasvcjgszzuulfcsxj/Build/Intermediates.noindex/OPS.build/Debug-iphonesimulator/OPS.build/DerivedSources-normal/arm64 -Xcc -I/Users/jacksonsweet/Library/Developer/Xcode/DerivedData/OPS-czavgtmnvamasvcjgszzuulfcsxj/Build/Intermediates.noindex/OPS.build/Debug-iphonesimulator/OPS.build/DerivedSources/arm64 -Xcc -I/Users/jacksonsweet/Library/Developer/Xcode/DerivedData/OPS-czavgtmnvamasvcjgszzuulfcsxj/Build/Intermediates.noindex/OPS.build/Debug-iphonesimulator/OPS.build/DerivedSources -Xcc -DDEBUG\=1 -module-name OPS -frontend-parseable-output -disable-clang-spi -target-sdk-version 18.2 -target-sdk-name iphonesimulator18.2 -external-plugin-path /Applications/Xcode.app/Contents/Developer/Platforms/iPhoneOS.platform/Developer/usr/lib/swift/host/plugins\#/Applications/Xcode.app/Contents/Developer/Platforms/iPhoneOS.platform/Developer/usr/bin/swift-plugin-server -external-plugin-path /Applications/Xcode.app/Contents/Developer/Platforms/iPhoneOS.platform/Developer/usr/local/lib/swift/host/plugins\#/Applications/Xcode.app/Contents/Developer/Platforms/iPhoneOS.platform/Developer/usr/bin/swift-plugin-server -plugin-path /Applications/Xcode.app/Contents/Developer/Toolchains/XcodeDefault.xctoolchain/usr/lib/swift/host/plugins -plugin-path /Applications/Xcode.app/Contents/Developer/Toolchains/XcodeDefault.xctoolchain/usr/local/lib/swift/host/plugins -o /Users/jacksonsweet/Library/Developer/Xcode/DerivedData/OPS-czavgtmnvamasvcjgszzuulfcsxj/Build/Intermediates.noindex/OPS.build/Debug-iphonesimulator/OPS.build/Objects-normal/arm64/PasswordView.o -o /Users/jacksonsweet/Library/Developer/Xcode/DerivedData/OPS-czavgtmnvamasvcjgszzuulfcsxj/Build/Intermediates.noindex/OPS.build/Debug-iphonesimulator/OPS.build/Objects-normal/arm64/PasswordViewPreview.o -o /Users/jacksonsweet/Library/Developer/Xcode/DerivedData/OPS-czavgtmnvamasvcjgszzuulfcsxj/Build/Intermediates.noindex/OPS.build/Debug-iphonesimulator/OPS.build/Objects-normal/arm64/PermissionsView.o -o /Users/jacksonsweet/Library/Developer/Xcode/DerivedData/OPS-czavgtmnvamasvcjgszzuulfcsxj/Build/Intermediates.noindex/OPS.build/Debug-iphonesimulator/OPS.build/Objects-normal/arm64/PermissionsViewPreview.o -o /Users/jacksonsweet/Library/Developer/Xcode/DerivedData/OPS-czavgtmnvamasvcjgszzuulfcsxj/Build/Intermediates.noindex/OPS.build/Debug-iphonesimulator/OPS.build/Objects-normal/arm64/PhoneNumberView.o -o /Users/jacksonsweet/Library/Developer/Xcode/DerivedData/OPS-czavgtmnvamasvcjgszzuulfcsxj/Build/Intermediates.noindex/OPS.build/Debug-iphonesimulator/OPS.build/Objects-normal/arm64/PhoneNumberViewPreview.o -o /Users/jacksonsweet/Library/Developer/Xcode/DerivedData/OPS-czavgtmnvamasvcjgszzuulfcsxj/Build/Intermediates.noindex/OPS.build/Debug-iphonesimulator/OPS.build/Objects-normal/arm64/UserInfoView.o -o /Users/jacksonsweet/Library/Developer/Xcode/DerivedData/OPS-czavgtmnvamasvcjgszzuulfcsxj/Build/Intermediates.noindex/OPS.build/Debug-iphonesimulator/OPS.build/Objects-normal/arm64/UserInfoViewPreview.o -o /Users/jacksonsweet/Library/Developer/Xcode/DerivedData/OPS-czavgtmnvamasvcjgszzuulfcsxj/Build/Intermediates.noindex/OPS.build/Debug-iphonesimulator/OPS.build/Objects-normal/arm64/VerifyPhoneView.o -o /Users/jacksonsweet/Library/Developer/Xcode/DerivedData/OPS-czavgtmnvamasvcjgszzuulfcsxj/Build/Intermediates.noindex/OPS.build/Debug-iphonesimulator/OPS.build/Objects-normal/arm64/WelcomeCompanyView.o -o /Users/jacksonsweet/Library/Developer/Xcode/DerivedData/OPS-czavgtmnvamasvcjgszzuulfcsxj/Build/Intermediates.noindex/OPS.build/Debug-iphonesimulator/OPS.build/Objects-normal/arm64/WelcomeCompanyViewPreview.o -o /Users/jacksonsweet/Library/Developer/Xcode/DerivedData/OPS-czavgtmnvamasvcjgszzuulfcsxj/Build/Intermediates.noindex/OPS.build/Debug-iphonesimulator/OPS.build/Objects-normal/arm64/WelcomeView.o -o /Users/jacksonsweet/Library/Developer/Xcode/DerivedData/OPS-czavgtmnvamasvcjgszzuulfcsxj/Build/Intermediates.noindex/OPS.build/Debug-iphonesimulator/OPS.build/Objects-normal/arm64/WelcomeViewPreview.o -index-unit-output-path /OPS.build/Debug-iphonesimulator/OPS.build/Objects-normal/arm64/PasswordView.o -index-unit-output-path /OPS.build/Debug-iphonesimulator/OPS.build/Objects-normal/arm64/PasswordViewPreview.o -index-unit-output-path /OPS.build/Debug-iphonesimulator/OPS.build/Objects-normal/arm64/PermissionsView.o -index-unit-output-path /OPS.build/Debug-iphonesimulator/OPS.build/Objects-normal/arm64/PermissionsViewPreview.o -index-unit-output-path /OPS.build/Debug-iphonesimulator/OPS.build/Objects-normal/arm64/PhoneNumberView.o -index-unit-output-path /OPS.build/Debug-iphonesimulator/OPS.build/Objects-normal/arm64/PhoneNumberViewPreview.o -index-unit-output-path /OPS.build/Debug-iphonesimulator/OPS.build/Objects-normal/arm64/UserInfoView.o -index-unit-output-path /OPS.build/Debug-iphonesimulator/OPS.build/Objects-normal/arm64/UserInfoViewPreview.o -index-unit-output-path /OPS.build/Debug-iphonesimulator/OPS.build/Objects-normal/arm64/VerifyPhoneView.o -index-unit-output-path /OPS.build/Debug-iphonesimulator/OPS.build/Objects-normal/arm64/WelcomeCompanyView.o -index-unit-output-path /OPS.build/Debug-iphonesimulator/OPS.build/Objects-normal/arm64/WelcomeCompanyViewPreview.o -index-unit-output-path /OPS.build/Debug-iphonesimulator/OPS.build/Objects-normal/arm64/WelcomeView.o -index-unit-output-path /OPS.build/Debug-iphonesimulator/OPS.build/Objects-normal/arm64/WelcomeViewPreview.o -index-store-path /Users/jacksonsweet/Library/Developer/Xcode/DerivedData/OPS-czavgtmnvamasvcjgszzuulfcsxj/Index.noindex/DataStore -index-system-modules

SwiftCompile normal arm64 /Users/jacksonsweet/Desktop/OPS\ APP/OPS/OPS/Onboarding/Views/Screens/VerifyPhoneView.swift (in target 'OPS' from project 'OPS')
    cd /Users/jacksonsweet/Desktop/OPS\ APP/OPS
    /Applications/Xcode.app/Contents/Developer/Toolchains/XcodeDefault.xctoolchain/usr/bin/swift-frontend -c /Users/jacksonsweet/Desktop/OPS\ APP/OPS/OPS/DataModels/BubbleImage.swift /Users/jacksonsweet/Desktop/OPS\ APP/OPS/OPS/DataModels/BubbleTypes.swift /Users/jacksonsweet/Desktop/OPS\ APP/OPS/OPS/DataModels/Company.swift /Users/jacksonsweet/Desktop/OPS\ APP/OPS/OPS/DataModels/Project.swift /Users/jacksonsweet/Desktop/OPS\ APP/OPS/OPS/DataModels/Status.swift /Users/jacksonsweet/Desktop/OPS\ APP/OPS/OPS/DataModels/User.swift /Users/jacksonsweet/Desktop/OPS\ APP/OPS/OPS/DataModels/UserRole.swift /Users/jacksonsweet/Desktop/OPS\ APP/OPS/OPS/Extensions/UIImage+Extensions.swift /Users/jacksonsweet/Desktop/OPS\ APP/OPS/OPS/Network/API/APIError.swift /Users/jacksonsweet/Desktop/OPS\ APP/OPS/OPS/Network/API/APIService.swift /Users/jacksonsweet/Desktop/OPS\ APP/OPS/OPS/Network/API/BubbleFields.swift /Users/jacksonsweet/Desktop/OPS\ APP/OPS/OPS/Network/Auth/AuthError.swift /Users/jacksonsweet/Desktop/OPS\ APP/OPS/OPS/Network/Auth/AuthManager.swift /Users/jacksonsweet/Desktop/OPS\ APP/OPS/OPS/Network/Auth/KeychainManager.swift /Users/jacksonsweet/Desktop/OPS\ APP/OPS/OPS/Network/DTOs/CompanyDTO.swift /Users/jacksonsweet/Desktop/OPS\ APP/OPS/OPS/Network/DTOs/ProjectDTO.swift /Users/jacksonsweet/Desktop/OPS\ APP/OPS/OPS/Network/DTOs/UserDTO.swift /Users/jacksonsweet/Desktop/OPS\ APP/OPS/OPS/Network/Endpoints/CompanyEndpoints.swift /Users/jacksonsweet/Desktop/OPS\ APP/OPS/OPS/Network/Endpoints/ProjectEndpoints.swift /Users/jacksonsweet/Desktop/OPS\ APP/OPS/OPS/Network/Endpoints/UserEndpoints.swift /Users/jacksonsweet/Desktop/OPS\ APP/OPS/OPS/Network/Sync/BackgroundTaskManager.swift /Users/jacksonsweet/Desktop/OPS\ APP/OPS/OPS/Network/Sync/SyncManager.swift /Users/jacksonsweet/Desktop/OPS\ APP/OPS/OPS/Network/ConnectivityMonitor.swift /Users/jacksonsweet/Desktop/OPS\ APP/OPS/OPS/Network/ImageSyncManager.swift /Users/jacksonsweet/Desktop/OPS\ APP/OPS/OPS/Onboarding/Coordinators/OnboardingCoordinator.swift /Users/jacksonsweet/Desktop/OPS\ APP/OPS/OPS/Onboarding/Models/OnboardingModels.swift /Users/jacksonsweet/Desktop/OPS\ APP/OPS/OPS/Onboarding/Services/OnboardingService.swift /Users/jacksonsweet/Desktop/OPS\ APP/OPS/OPS/Onboarding/ViewModels/OnboardingViewModel.swift /Users/jacksonsweet/Desktop/OPS\ APP/OPS/OPS/Onboarding/Views/Components/OnboardingComponents.swift /Users/jacksonsweet/Desktop/OPS\ APP/OPS/OPS/Onboarding/Views/Screens/AccountCreatedView.swift /Users/jacksonsweet/Desktop/OPS\ APP/OPS/OPS/Onboarding/Views/Screens/CompanyCodeView.swift /Users/jacksonsweet/Desktop/OPS\ APP/OPS/OPS/Onboarding/Views/Screens/CompanyCodeViewPreview.swift /Users/jacksonsweet/Desktop/OPS\ APP/OPS/OPS/Onboarding/Views/Screens/CompletionView.swift /Users/jacksonsweet/Desktop/OPS\ APP/OPS/OPS/Onboarding/Views/Screens/CompletionViewPreview.swift /Users/jacksonsweet/Desktop/OPS\ APP/OPS/OPS/Onboarding/Views/Screens/EmailView.swift /Users/jacksonsweet/Desktop/OPS\ APP/OPS/OPS/Onboarding/Views/Screens/FieldSetupView.swift /Users/jacksonsweet/Desktop/OPS\ APP/OPS/OPS/Onboarding/Views/Screens/NotificationsView.swift /Users/jacksonsweet/Desktop/OPS\ APP/OPS/OPS/Onboarding/Views/Screens/NotificationsViewPreview.swift /Users/jacksonsweet/Desktop/OPS\ APP/OPS/OPS/Onboarding/Views/Screens/OrganizationJoinView.swift -primary-file /Users/jacksonsweet/Desktop/OPS\ APP/OPS/OPS/Onboarding/Views/Screens/PasswordView.swift -primary-file /Users/jacksonsweet/Desktop/OPS\ APP/OPS/OPS/Onboarding/Views/Screens/PasswordViewPreview.swift -primary-file /Users/jacksonsweet/Desktop/OPS\ APP/OPS/OPS/Onboarding/Views/Screens/PermissionsView.swift -primary-file /Users/jacksonsweet/Desktop/OPS\ APP/OPS/OPS/Onboarding/Views/Screens/PermissionsViewPreview.swift -primary-file /Users/jacksonsweet/Desktop/OPS\ APP/OPS/OPS/Onboarding/Views/Screens/PhoneNumberView.swift -primary-file /Users/jacksonsweet/Desktop/OPS\ APP/OPS/OPS/Onboarding/Views/Screens/PhoneNumberViewPreview.swift -primary-file /Users/jacksonsweet/Desktop/OPS\ APP/OPS/OPS/Onboarding/Views/Screens/UserInfoView.swift -primary-file /Users/jacksonsweet/Desktop/OPS\ APP/OPS/OPS/Onboarding/Views/Screens/UserInfoViewPreview.swift -primary-file /Users/jacksonsweet/Desktop/OPS\ APP/OPS/OPS/Onboarding/Views/Screens/VerifyPhoneView.swift -primary-file /Users/jacksonsweet/Desktop/OPS\ APP/OPS/OPS/Onboarding/Views/Screens/WelcomeCompanyView.swift -primary-file /Users/jacksonsweet/Desktop/OPS\ APP/OPS/OPS/Onboarding/Views/Screens/WelcomeCompanyViewPreview.swift -primary-file /Users/jacksonsweet/Desktop/OPS\ APP/OPS/OPS/Onboarding/Views/Screens/WelcomeView.swift -primary-file /Users/jacksonsweet/Desktop/OPS\ APP/OPS/OPS/Onboarding/Views/Screens/WelcomeViewPreview.swift /Users/jacksonsweet/Desktop/OPS\ APP/OPS/OPS/Onboarding/Views/OnboardingContainerView.swift /Users/jacksonsweet/Desktop/OPS\ APP/OPS/OPS/Onboarding/Views/OnboardingFlowPreview.swift /Users/jacksonsweet/Desktop/OPS\ APP/OPS/OPS/Onboarding/Views/OnboardingPresenter.swift /Users/jacksonsweet/Desktop/OPS\ APP/OPS/OPS/Onboarding/Views/OnboardingPreviewHelpers.swift /Users/jacksonsweet/Desktop/OPS\ APP/OPS/OPS/Styles/OPSStyle.swift /Users/jacksonsweet/Desktop/OPS\ APP/OPS/OPS/Utilities/AppConfiguration.swift /Users/jacksonsweet/Desktop/OPS\ APP/OPS/OPS/Utilities/ArrayTransformer.swift /Users/jacksonsweet/Desktop/OPS\ APP/OPS/OPS/Utilities/DataController.swift /Users/jacksonsweet/Desktop/OPS\ APP/OPS/OPS/Utilities/Dateformatter\ +Bubble.swift /Users/jacksonsweet/Desktop/OPS\ APP/OPS/OPS/Utilities/DateHelper.swift /Users/jacksonsweet/Desktop/OPS\ APP/OPS/OPS/Utilities/FieldErrorHandler.swift /Users/jacksonsweet/Desktop/OPS\ APP/OPS/OPS/Utilities/ImageCache.swift /Users/jacksonsweet/Desktop/OPS\ APP/OPS/OPS/Utilities/ImageFileManager.swift /Users/jacksonsweet/Desktop/OPS\ APP/OPS/OPS/Utilities/InProgressManager.swift /Users/jacksonsweet/Desktop/OPS\ APP/OPS/OPS/Utilities/KeyboardDismissalModifier.swift /Users/jacksonsweet/Desktop/OPS\ APP/OPS/OPS/Utilities/LocationManager.swift /Users/jacksonsweet/Desktop/OPS\ APP/OPS/OPS/Utilities/OnboardingEnvironmentKey.swift /Users/jacksonsweet/Desktop/OPS\ APP/OPS/OPS/Utilities/SwiftDataHelper.swift /Users/jacksonsweet/Desktop/OPS\ APP/OPS/OPS/Utilities/UIComponents.swift /Users/jacksonsweet/Desktop/OPS\ APP/OPS/OPS/V2/CertificationsSettingsView.swift /Users/jacksonsweet/Desktop/OPS\ APP/OPS/OPS/ViewModels/CalendarViewModel.swift /Users/jacksonsweet/Desktop/OPS\ APP/OPS/OPS/ViewModels/ProjectsViewModel.swift /Users/jacksonsweet/Desktop/OPS\ APP/OPS/OPS/Views/Calendar\ Tab/Components/CalendarDaySelector.swift /Users/jacksonsweet/Desktop/OPS\ APP/OPS/OPS/Views/Calendar\ Tab/Components/CalendarHeaderView.swift /Users/jacksonsweet/Desktop/OPS\ APP/OPS/OPS/Views/Calendar\ Tab/Components/CalendarProjectCard.swift /Users/jacksonsweet/Desktop/OPS\ APP/OPS/OPS/Views/Calendar\ Tab/Components/CalendarToggleView.swift /Users/jacksonsweet/Desktop/OPS\ APP/OPS/OPS/Views/Calendar\ Tab/Components/DatePickerPopover.swift /Users/jacksonsweet/Desktop/OPS\ APP/OPS/OPS/Views/Calendar\ Tab/Components/DayCell.swift /Users/jacksonsweet/Desktop/OPS\ APP/OPS/OPS/Views/Calendar\ Tab/ProjectViews/DayProjectSheet.swift /Users/jacksonsweet/Desktop/OPS\ APP/OPS/OPS/Views/Calendar\ Tab/ProjectViews/ProjectListView.swift /Users/jacksonsweet/Desktop/OPS\ APP/OPS/OPS/Views/Calendar\ Tab/MonthGridView.swift /Users/jacksonsweet/Desktop/OPS\ APP/OPS/OPS/Views/Components/Common/AppHeader.swift /Users/jacksonsweet/Desktop/OPS\ APP/OPS/OPS/Views/Components/Common/ExpandableNotesView.swift /Users/jacksonsweet/Desktop/OPS\ APP/OPS/OPS/Views/Components/Common/LocationPermissionView.swift /Users/jacksonsweet/Desktop/OPS\ APP/OPS/OPS/Views/Components/Common/NavigationBanner.swift /Users/jacksonsweet/Desktop/OPS\ APP/OPS/OPS/Views/Components/Common/NavigationControlsView.swift /Users/jacksonsweet/Desktop/OPS\ APP/OPS/OPS/Views/Components/Common/TabBarBackground.swift /Users/jacksonsweet/Desktop/OPS\ APP/OPS/OPS/Views/Components/Images/ImagePicker.swift /Users/jacksonsweet/Desktop/OPS\ APP/OPS/OPS/Views/Components/Images/ImagePickerView.swift /Users/jacksonsweet/Desktop/OPS\ APP/OPS/OPS/Views/Components/Images/ProjectImagesSection.swift /Users/jacksonsweet/Desktop/OPS\ APP/OPS/OPS/Views/Components/Images/ProjectImagesSimple.swift /Users/jacksonsweet/Desktop/OPS\ APP/OPS/OPS/Views/Components/Images/ProjectImageView.swift /Users/jacksonsweet/Desktop/OPS\ APP/OPS/OPS/Views/Components/Images/ProjectPhotosGrid.swift /Users/jacksonsweet/Desktop/OPS\ APP/OPS/OPS/Views/Components/Map/MiniMapView.swift /Users/jacksonsweet/Desktop/OPS\ APP/OPS/OPS/Views/Components/Map/ProjectMapAnnotation.swift /Users/jacksonsweet/Desktop/OPS\ APP/OPS/OPS/Views/Components/Map/ProjectMapView.swift /Users/jacksonsweet/Desktop/OPS\ APP/OPS/OPS/Views/Components/Map/ProjectMarkerPopup.swift /Users/jacksonsweet/Desktop/OPS\ APP/OPS/OPS/Views/Components/Map/RouteDirectionsView.swift /Users/jacksonsweet/Desktop/OPS\ APP/OPS/OPS/Views/Components/Project/ProjectActionBar.swift /Users/jacksonsweet/Desktop/OPS\ APP/OPS/OPS/Views/Components/Project/ProjectCard.swift /Users/jacksonsweet/Desktop/OPS\ APP/OPS/OPS/Views/Components/Project/ProjectCarousel.swift /Users/jacksonsweet/Desktop/OPS\ APP/OPS/OPS/Views/Components/Project/ProjectDetailsView.swift /Users/jacksonsweet/Desktop/OPS\ APP/OPS/OPS/Views/Components/Project/ProjectHeader.swift /Users/jacksonsweet/Desktop/OPS\ APP/OPS/OPS/Views/Components/Project/ProjectSheetContainer.swift /Users/jacksonsweet/Desktop/OPS\ APP/OPS/OPS/Views/Components/User/TeamMemberListView.swift /Users/jacksonsweet/Desktop/OPS\ APP/OPS/OPS/Views/Components/User/UserProfileCard.swift /Users/jacksonsweet/Desktop/OPS\ APP/OPS/OPS/Views/Home/HomeContentView.swift /Users/jacksonsweet/Desktop/OPS\ APP/OPS/OPS/Views/Home/HomeView.swift /Users/jacksonsweet/Desktop/OPS\ APP/OPS/OPS/Views/Settings/OrganizationSettingsView.swift /Users/jacksonsweet/Desktop/OPS\ APP/OPS/OPS/Views/Settings/ProfileSettingsView.swift /Users/jacksonsweet/Desktop/OPS\ APP/OPS/OPS/Views/Settings/ProjectHistorySettingsView.swift /Users/jacksonsweet/Desktop/OPS\ APP/OPS/OPS/Views/LoginView.swift /Users/jacksonsweet/Desktop/OPS\ APP/OPS/OPS/Views/LoginViewPreview.swift /Users/jacksonsweet/Desktop/OPS\ APP/OPS/OPS/Views/MainTabView.swift /Users/jacksonsweet/Desktop/OPS\ APP/OPS/OPS/Views/NetworkStatusIndicator.swift /Users/jacksonsweet/Desktop/OPS\ APP/OPS/OPS/Views/ScheduleView.swift /Users/jacksonsweet/Desktop/OPS\ APP/OPS/OPS/Views/SettingsView.swift /Users/jacksonsweet/Desktop/OPS\ APP/OPS/OPS/Views/SplashScreen.swift /Users/jacksonsweet/Desktop/OPS\ APP/OPS/OPS/AppState.swift /Users/jacksonsweet/Desktop/OPS\ APP/OPS/OPS/ContentView.swift /Users/jacksonsweet/Desktop/OPS\ APP/OPS/OPS/Item.swift /Users/jacksonsweet/Desktop/OPS\ APP/OPS/OPS/OPSApp.swift /Users/jacksonsweet/Library/Developer/Xcode/DerivedData/OPS-czavgtmnvamasvcjgszzuulfcsxj/Build/Intermediates.noindex/OPS.build/Debug-iphonesimulator/OPS.build/DerivedSources/GeneratedAssetSymbols.swift -supplementary-output-file-map /Users/jacksonsweet/Library/Developer/Xcode/DerivedData/OPS-czavgtmnvamasvcjgszzuulfcsxj/Build/Intermediates.noindex/OPS.build/Debug-iphonesimulator/OPS.build/Objects-normal/arm64/supplementaryOutputs-4 -emit-localized-strings -emit-localized-strings-path /Users/jacksonsweet/Library/Developer/Xcode/DerivedData/OPS-czavgtmnvamasvcjgszzuulfcsxj/Build/Intermediates.noindex/OPS.build/Debug-iphonesimulator/OPS.build/Objects-normal/arm64 -target arm64-apple-ios18.2-simulator -Xllvm -aarch64-use-tbi -enable-objc-interop -sdk /Applications/Xcode.app/Contents/Developer/Platforms/iPhoneSimulator.platform/Developer/SDKs/iPhoneSimulator18.2.sdk -I /Users/jacksonsweet/Library/Developer/Xcode/DerivedData/OPS-czavgtmnvamasvcjgszzuulfcsxj/Build/Products/Debug-iphonesimulator -F /Users/jacksonsweet/Library/Developer/Xcode/DerivedData/OPS-czavgtmnvamasvcjgszzuulfcsxj/Build/Products/Debug-iphonesimulator -no-color-diagnostics -enable-testing -g -debug-info-format\=dwarf -dwarf-version\=5 -module-cache-path /Users/jacksonsweet/Library/Developer/Xcode/DerivedData/ModuleCache.noindex -profile-generate -profile-coverage-mapping -swift-version 5 -enforce-exclusivity\=checked -Onone -D DEBUG -serialize-debugging-options -const-gather-protocols-file /Users/jacksonsweet/Library/Developer/Xcode/DerivedData/OPS-czavgtmnvamasvcjgszzuulfcsxj/Build/Intermediates.noindex/OPS.build/Debug-iphonesimulator/OPS.build/Objects-normal/arm64/OPS_const_extract_protocols.json -enable-experimental-feature DebugDescriptionMacro -enable-experimental-feature OpaqueTypeErasure -enable-bare-slash-regex -empty-abi-descriptor -validate-clang-modules-once -clang-build-session-file /Users/jacksonsweet/Library/Developer/Xcode/DerivedData/ModuleCache.noindex/Session.modulevalidation -Xcc -working-directory -Xcc /Users/jacksonsweet/Desktop/OPS\ APP/OPS -resource-dir /Applications/Xcode.app/Contents/Developer/Toolchains/XcodeDefault.xctoolchain/usr/lib/swift -enable-anonymous-context-mangled-names -file-compilation-dir /Users/jacksonsweet/Desktop/OPS\ APP/OPS -Xcc -D_LIBCPP_HARDENING_MODE\=_LIBCPP_HARDENING_MODE_DEBUG -Xcc -ivfsstatcache -Xcc /Users/jacksonsweet/Library/Developer/Xcode/DerivedData/SDKStatCaches.noindex/iphonesimulator18.2-22C146-07b28473f605e47e75261259d3ef3b5a.sdkstatcache -Xcc -I/Users/jacksonsweet/Library/Developer/Xcode/DerivedData/OPS-czavgtmnvamasvcjgszzuulfcsxj/Build/Intermediates.noindex/OPS.build/Debug-iphonesimulator/OPS.build/swift-overrides.hmap -Xcc -iquote -Xcc /Users/jacksonsweet/Library/Developer/Xcode/DerivedData/OPS-czavgtmnvamasvcjgszzuulfcsxj/Build/Intermediates.noindex/OPS.build/Debug-iphonesimulator/OPS.build/OPS-generated-files.hmap -Xcc -I/Users/jacksonsweet/Library/Developer/Xcode/DerivedData/OPS-czavgtmnvamasvcjgszzuulfcsxj/Build/Intermediates.noindex/OPS.build/Debug-iphonesimulator/OPS.build/OPS-own-target-headers.hmap -Xcc -I/Users/jacksonsweet/Library/Developer/Xcode/DerivedData/OPS-czavgtmnvamasvcjgszzuulfcsxj/Build/Intermediates.noindex/OPS.build/Debug-iphonesimulator/OPS.build/OPS-all-target-headers.hmap -Xcc -iquote -Xcc /Users/jacksonsweet/Library/Developer/Xcode/DerivedData/OPS-czavgtmnvamasvcjgszzuulfcsxj/Build/Intermediates.noindex/OPS.build/Debug-iphonesimulator/OPS.build/OPS-project-headers.hmap -Xcc -I/Users/jacksonsweet/Library/Developer/Xcode/DerivedData/OPS-czavgtmnvamasvcjgszzuulfcsxj/Build/Products/Debug-iphonesimulator/include -Xcc -I/Users/jacksonsweet/Library/Developer/Xcode/DerivedData/OPS-czavgtmnvamasvcjgszzuulfcsxj/Build/Intermediates.noindex/OPS.build/Debug-iphonesimulator/OPS.build/DerivedSources-normal/arm64 -Xcc -I/Users/jacksonsweet/Library/Developer/Xcode/DerivedData/OPS-czavgtmnvamasvcjgszzuulfcsxj/Build/Intermediates.noindex/OPS.build/Debug-iphonesimulator/OPS.build/DerivedSources/arm64 -Xcc -I/Users/jacksonsweet/Library/Developer/Xcode/DerivedData/OPS-czavgtmnvamasvcjgszzuulfcsxj/Build/Intermediates.noindex/OPS.build/Debug-iphonesimulator/OPS.build/DerivedSources -Xcc -DDEBUG\=1 -module-name OPS -frontend-parseable-output -disable-clang-spi -target-sdk-version 18.2 -target-sdk-name iphonesimulator18.2 -external-plugin-path /Applications/Xcode.app/Contents/Developer/Platforms/iPhoneOS.platform/Developer/usr/lib/swift/host/plugins\#/Applications/Xcode.app/Contents/Developer/Platforms/iPhoneOS.platform/Developer/usr/bin/swift-plugin-server -external-plugin-path /Applications/Xcode.app/Contents/Developer/Platforms/iPhoneOS.platform/Developer/usr/local/lib/swift/host/plugins\#/Applications/Xcode.app/Contents/Developer/Platforms/iPhoneOS.platform/Developer/usr/bin/swift-plugin-server -plugin-path /Applications/Xcode.app/Contents/Developer/Toolchains/XcodeDefault.xctoolchain/usr/lib/swift/host/plugins -plugin-path /Applications/Xcode.app/Contents/Developer/Toolchains/XcodeDefault.xctoolchain/usr/local/lib/swift/host/plugins -o /Users/jacksonsweet/Library/Developer/Xcode/DerivedData/OPS-czavgtmnvamasvcjgszzuulfcsxj/Build/Intermediates.noindex/OPS.build/Debug-iphonesimulator/OPS.build/Objects-normal/arm64/PasswordView.o -o /Users/jacksonsweet/Library/Developer/Xcode/DerivedData/OPS-czavgtmnvamasvcjgszzuulfcsxj/Build/Intermediates.noindex/OPS.build/Debug-iphonesimulator/OPS.build/Objects-normal/arm64/PasswordViewPreview.o -o /Users/jacksonsweet/Library/Developer/Xcode/DerivedData/OPS-czavgtmnvamasvcjgszzuulfcsxj/Build/Intermediates.noindex/OPS.build/Debug-iphonesimulator/OPS.build/Objects-normal/arm64/PermissionsView.o -o /Users/jacksonsweet/Library/Developer/Xcode/DerivedData/OPS-czavgtmnvamasvcjgszzuulfcsxj/Build/Intermediates.noindex/OPS.build/Debug-iphonesimulator/OPS.build/Objects-normal/arm64/PermissionsViewPreview.o -o /Users/jacksonsweet/Library/Developer/Xcode/DerivedData/OPS-czavgtmnvamasvcjgszzuulfcsxj/Build/Intermediates.noindex/OPS.build/Debug-iphonesimulator/OPS.build/Objects-normal/arm64/PhoneNumberView.o -o /Users/jacksonsweet/Library/Developer/Xcode/DerivedData/OPS-czavgtmnvamasvcjgszzuulfcsxj/Build/Intermediates.noindex/OPS.build/Debug-iphonesimulator/OPS.build/Objects-normal/arm64/PhoneNumberViewPreview.o -o /Users/jacksonsweet/Library/Developer/Xcode/DerivedData/OPS-czavgtmnvamasvcjgszzuulfcsxj/Build/Intermediates.noindex/OPS.build/Debug-iphonesimulator/OPS.build/Objects-normal/arm64/UserInfoView.o -o /Users/jacksonsweet/Library/Developer/Xcode/DerivedData/OPS-czavgtmnvamasvcjgszzuulfcsxj/Build/Intermediates.noindex/OPS.build/Debug-iphonesimulator/OPS.build/Objects-normal/arm64/UserInfoViewPreview.o -o /Users/jacksonsweet/Library/Developer/Xcode/DerivedData/OPS-czavgtmnvamasvcjgszzuulfcsxj/Build/Intermediates.noindex/OPS.build/Debug-iphonesimulator/OPS.build/Objects-normal/arm64/VerifyPhoneView.o -o /Users/jacksonsweet/Library/Developer/Xcode/DerivedData/OPS-czavgtmnvamasvcjgszzuulfcsxj/Build/Intermediates.noindex/OPS.build/Debug-iphonesimulator/OPS.build/Objects-normal/arm64/WelcomeCompanyView.o -o /Users/jacksonsweet/Library/Developer/Xcode/DerivedData/OPS-czavgtmnvamasvcjgszzuulfcsxj/Build/Intermediates.noindex/OPS.build/Debug-iphonesimulator/OPS.build/Objects-normal/arm64/WelcomeCompanyViewPreview.o -o /Users/jacksonsweet/Library/Developer/Xcode/DerivedData/OPS-czavgtmnvamasvcjgszzuulfcsxj/Build/Intermediates.noindex/OPS.build/Debug-iphonesimulator/OPS.build/Objects-normal/arm64/WelcomeView.o -o /Users/jacksonsweet/Library/Developer/Xcode/DerivedData/OPS-czavgtmnvamasvcjgszzuulfcsxj/Build/Intermediates.noindex/OPS.build/Debug-iphonesimulator/OPS.build/Objects-normal/arm64/WelcomeViewPreview.o -index-unit-output-path /OPS.build/Debug-iphonesimulator/OPS.build/Objects-normal/arm64/PasswordView.o -index-unit-output-path /OPS.build/Debug-iphonesimulator/OPS.build/Objects-normal/arm64/PasswordViewPreview.o -index-unit-output-path /OPS.build/Debug-iphonesimulator/OPS.build/Objects-normal/arm64/PermissionsView.o -index-unit-output-path /OPS.build/Debug-iphonesimulator/OPS.build/Objects-normal/arm64/PermissionsViewPreview.o -index-unit-output-path /OPS.build/Debug-iphonesimulator/OPS.build/Objects-normal/arm64/PhoneNumberView.o -index-unit-output-path /OPS.build/Debug-iphonesimulator/OPS.build/Objects-normal/arm64/PhoneNumberViewPreview.o -index-unit-output-path /OPS.build/Debug-iphonesimulator/OPS.build/Objects-normal/arm64/UserInfoView.o -index-unit-output-path /OPS.build/Debug-iphonesimulator/OPS.build/Objects-normal/arm64/UserInfoViewPreview.o -index-unit-output-path /OPS.build/Debug-iphonesimulator/OPS.build/Objects-normal/arm64/VerifyPhoneView.o -index-unit-output-path /OPS.build/Debug-iphonesimulator/OPS.build/Objects-normal/arm64/WelcomeCompanyView.o -index-unit-output-path /OPS.build/Debug-iphonesimulator/OPS.build/Objects-normal/arm64/WelcomeCompanyViewPreview.o -index-unit-output-path /OPS.build/Debug-iphonesimulator/OPS.build/Objects-normal/arm64/WelcomeView.o -index-unit-output-path /OPS.build/Debug-iphonesimulator/OPS.build/Objects-normal/arm64/WelcomeViewPreview.o -index-store-path /Users/jacksonsweet/Library/Developer/Xcode/DerivedData/OPS-czavgtmnvamasvcjgszzuulfcsxj/Index.noindex/DataStore -index-system-modules

SwiftCompile normal arm64 /Users/jacksonsweet/Desktop/OPS\ APP/OPS/OPS/Onboarding/Views/Screens/WelcomeCompanyView.swift (in target 'OPS' from project 'OPS')
    cd /Users/jacksonsweet/Desktop/OPS\ APP/OPS
    /Applications/Xcode.app/Contents/Developer/Toolchains/XcodeDefault.xctoolchain/usr/bin/swift-frontend -c /Users/jacksonsweet/Desktop/OPS\ APP/OPS/OPS/DataModels/BubbleImage.swift /Users/jacksonsweet/Desktop/OPS\ APP/OPS/OPS/DataModels/BubbleTypes.swift /Users/jacksonsweet/Desktop/OPS\ APP/OPS/OPS/DataModels/Company.swift /Users/jacksonsweet/Desktop/OPS\ APP/OPS/OPS/DataModels/Project.swift /Users/jacksonsweet/Desktop/OPS\ APP/OPS/OPS/DataModels/Status.swift /Users/jacksonsweet/Desktop/OPS\ APP/OPS/OPS/DataModels/User.swift /Users/jacksonsweet/Desktop/OPS\ APP/OPS/OPS/DataModels/UserRole.swift /Users/jacksonsweet/Desktop/OPS\ APP/OPS/OPS/Extensions/UIImage+Extensions.swift /Users/jacksonsweet/Desktop/OPS\ APP/OPS/OPS/Network/API/APIError.swift /Users/jacksonsweet/Desktop/OPS\ APP/OPS/OPS/Network/API/APIService.swift /Users/jacksonsweet/Desktop/OPS\ APP/OPS/OPS/Network/API/BubbleFields.swift /Users/jacksonsweet/Desktop/OPS\ APP/OPS/OPS/Network/Auth/AuthError.swift /Users/jacksonsweet/Desktop/OPS\ APP/OPS/OPS/Network/Auth/AuthManager.swift /Users/jacksonsweet/Desktop/OPS\ APP/OPS/OPS/Network/Auth/KeychainManager.swift /Users/jacksonsweet/Desktop/OPS\ APP/OPS/OPS/Network/DTOs/CompanyDTO.swift /Users/jacksonsweet/Desktop/OPS\ APP/OPS/OPS/Network/DTOs/ProjectDTO.swift /Users/jacksonsweet/Desktop/OPS\ APP/OPS/OPS/Network/DTOs/UserDTO.swift /Users/jacksonsweet/Desktop/OPS\ APP/OPS/OPS/Network/Endpoints/CompanyEndpoints.swift /Users/jacksonsweet/Desktop/OPS\ APP/OPS/OPS/Network/Endpoints/ProjectEndpoints.swift /Users/jacksonsweet/Desktop/OPS\ APP/OPS/OPS/Network/Endpoints/UserEndpoints.swift /Users/jacksonsweet/Desktop/OPS\ APP/OPS/OPS/Network/Sync/BackgroundTaskManager.swift /Users/jacksonsweet/Desktop/OPS\ APP/OPS/OPS/Network/Sync/SyncManager.swift /Users/jacksonsweet/Desktop/OPS\ APP/OPS/OPS/Network/ConnectivityMonitor.swift /Users/jacksonsweet/Desktop/OPS\ APP/OPS/OPS/Network/ImageSyncManager.swift /Users/jacksonsweet/Desktop/OPS\ APP/OPS/OPS/Onboarding/Coordinators/OnboardingCoordinator.swift /Users/jacksonsweet/Desktop/OPS\ APP/OPS/OPS/Onboarding/Models/OnboardingModels.swift /Users/jacksonsweet/Desktop/OPS\ APP/OPS/OPS/Onboarding/Services/OnboardingService.swift /Users/jacksonsweet/Desktop/OPS\ APP/OPS/OPS/Onboarding/ViewModels/OnboardingViewModel.swift /Users/jacksonsweet/Desktop/OPS\ APP/OPS/OPS/Onboarding/Views/Components/OnboardingComponents.swift /Users/jacksonsweet/Desktop/OPS\ APP/OPS/OPS/Onboarding/Views/Screens/AccountCreatedView.swift /Users/jacksonsweet/Desktop/OPS\ APP/OPS/OPS/Onboarding/Views/Screens/CompanyCodeView.swift /Users/jacksonsweet/Desktop/OPS\ APP/OPS/OPS/Onboarding/Views/Screens/CompanyCodeViewPreview.swift /Users/jacksonsweet/Desktop/OPS\ APP/OPS/OPS/Onboarding/Views/Screens/CompletionView.swift /Users/jacksonsweet/Desktop/OPS\ APP/OPS/OPS/Onboarding/Views/Screens/CompletionViewPreview.swift /Users/jacksonsweet/Desktop/OPS\ APP/OPS/OPS/Onboarding/Views/Screens/EmailView.swift /Users/jacksonsweet/Desktop/OPS\ APP/OPS/OPS/Onboarding/Views/Screens/FieldSetupView.swift /Users/jacksonsweet/Desktop/OPS\ APP/OPS/OPS/Onboarding/Views/Screens/NotificationsView.swift /Users/jacksonsweet/Desktop/OPS\ APP/OPS/OPS/Onboarding/Views/Screens/NotificationsViewPreview.swift /Users/jacksonsweet/Desktop/OPS\ APP/OPS/OPS/Onboarding/Views/Screens/OrganizationJoinView.swift -primary-file /Users/jacksonsweet/Desktop/OPS\ APP/OPS/OPS/Onboarding/Views/Screens/PasswordView.swift -primary-file /Users/jacksonsweet/Desktop/OPS\ APP/OPS/OPS/Onboarding/Views/Screens/PasswordViewPreview.swift -primary-file /Users/jacksonsweet/Desktop/OPS\ APP/OPS/OPS/Onboarding/Views/Screens/PermissionsView.swift -primary-file /Users/jacksonsweet/Desktop/OPS\ APP/OPS/OPS/Onboarding/Views/Screens/PermissionsViewPreview.swift -primary-file /Users/jacksonsweet/Desktop/OPS\ APP/OPS/OPS/Onboarding/Views/Screens/PhoneNumberView.swift -primary-file /Users/jacksonsweet/Desktop/OPS\ APP/OPS/OPS/Onboarding/Views/Screens/PhoneNumberViewPreview.swift -primary-file /Users/jacksonsweet/Desktop/OPS\ APP/OPS/OPS/Onboarding/Views/Screens/UserInfoView.swift -primary-file /Users/jacksonsweet/Desktop/OPS\ APP/OPS/OPS/Onboarding/Views/Screens/UserInfoViewPreview.swift -primary-file /Users/jacksonsweet/Desktop/OPS\ APP/OPS/OPS/Onboarding/Views/Screens/VerifyPhoneView.swift -primary-file /Users/jacksonsweet/Desktop/OPS\ APP/OPS/OPS/Onboarding/Views/Screens/WelcomeCompanyView.swift -primary-file /Users/jacksonsweet/Desktop/OPS\ APP/OPS/OPS/Onboarding/Views/Screens/WelcomeCompanyViewPreview.swift -primary-file /Users/jacksonsweet/Desktop/OPS\ APP/OPS/OPS/Onboarding/Views/Screens/WelcomeView.swift -primary-file /Users/jacksonsweet/Desktop/OPS\ APP/OPS/OPS/Onboarding/Views/Screens/WelcomeViewPreview.swift /Users/jacksonsweet/Desktop/OPS\ APP/OPS/OPS/Onboarding/Views/OnboardingContainerView.swift /Users/jacksonsweet/Desktop/OPS\ APP/OPS/OPS/Onboarding/Views/OnboardingFlowPreview.swift /Users/jacksonsweet/Desktop/OPS\ APP/OPS/OPS/Onboarding/Views/OnboardingPresenter.swift /Users/jacksonsweet/Desktop/OPS\ APP/OPS/OPS/Onboarding/Views/OnboardingPreviewHelpers.swift /Users/jacksonsweet/Desktop/OPS\ APP/OPS/OPS/Styles/OPSStyle.swift /Users/jacksonsweet/Desktop/OPS\ APP/OPS/OPS/Utilities/AppConfiguration.swift /Users/jacksonsweet/Desktop/OPS\ APP/OPS/OPS/Utilities/ArrayTransformer.swift /Users/jacksonsweet/Desktop/OPS\ APP/OPS/OPS/Utilities/DataController.swift /Users/jacksonsweet/Desktop/OPS\ APP/OPS/OPS/Utilities/Dateformatter\ +Bubble.swift /Users/jacksonsweet/Desktop/OPS\ APP/OPS/OPS/Utilities/DateHelper.swift /Users/jacksonsweet/Desktop/OPS\ APP/OPS/OPS/Utilities/FieldErrorHandler.swift /Users/jacksonsweet/Desktop/OPS\ APP/OPS/OPS/Utilities/ImageCache.swift /Users/jacksonsweet/Desktop/OPS\ APP/OPS/OPS/Utilities/ImageFileManager.swift /Users/jacksonsweet/Desktop/OPS\ APP/OPS/OPS/Utilities/InProgressManager.swift /Users/jacksonsweet/Desktop/OPS\ APP/OPS/OPS/Utilities/KeyboardDismissalModifier.swift /Users/jacksonsweet/Desktop/OPS\ APP/OPS/OPS/Utilities/LocationManager.swift /Users/jacksonsweet/Desktop/OPS\ APP/OPS/OPS/Utilities/OnboardingEnvironmentKey.swift /Users/jacksonsweet/Desktop/OPS\ APP/OPS/OPS/Utilities/SwiftDataHelper.swift /Users/jacksonsweet/Desktop/OPS\ APP/OPS/OPS/Utilities/UIComponents.swift /Users/jacksonsweet/Desktop/OPS\ APP/OPS/OPS/V2/CertificationsSettingsView.swift /Users/jacksonsweet/Desktop/OPS\ APP/OPS/OPS/ViewModels/CalendarViewModel.swift /Users/jacksonsweet/Desktop/OPS\ APP/OPS/OPS/ViewModels/ProjectsViewModel.swift /Users/jacksonsweet/Desktop/OPS\ APP/OPS/OPS/Views/Calendar\ Tab/Components/CalendarDaySelector.swift /Users/jacksonsweet/Desktop/OPS\ APP/OPS/OPS/Views/Calendar\ Tab/Components/CalendarHeaderView.swift /Users/jacksonsweet/Desktop/OPS\ APP/OPS/OPS/Views/Calendar\ Tab/Components/CalendarProjectCard.swift /Users/jacksonsweet/Desktop/OPS\ APP/OPS/OPS/Views/Calendar\ Tab/Components/CalendarToggleView.swift /Users/jacksonsweet/Desktop/OPS\ APP/OPS/OPS/Views/Calendar\ Tab/Components/DatePickerPopover.swift /Users/jacksonsweet/Desktop/OPS\ APP/OPS/OPS/Views/Calendar\ Tab/Components/DayCell.swift /Users/jacksonsweet/Desktop/OPS\ APP/OPS/OPS/Views/Calendar\ Tab/ProjectViews/DayProjectSheet.swift /Users/jacksonsweet/Desktop/OPS\ APP/OPS/OPS/Views/Calendar\ Tab/ProjectViews/ProjectListView.swift /Users/jacksonsweet/Desktop/OPS\ APP/OPS/OPS/Views/Calendar\ Tab/MonthGridView.swift /Users/jacksonsweet/Desktop/OPS\ APP/OPS/OPS/Views/Components/Common/AppHeader.swift /Users/jacksonsweet/Desktop/OPS\ APP/OPS/OPS/Views/Components/Common/ExpandableNotesView.swift /Users/jacksonsweet/Desktop/OPS\ APP/OPS/OPS/Views/Components/Common/LocationPermissionView.swift /Users/jacksonsweet/Desktop/OPS\ APP/OPS/OPS/Views/Components/Common/NavigationBanner.swift /Users/jacksonsweet/Desktop/OPS\ APP/OPS/OPS/Views/Components/Common/NavigationControlsView.swift /Users/jacksonsweet/Desktop/OPS\ APP/OPS/OPS/Views/Components/Common/TabBarBackground.swift /Users/jacksonsweet/Desktop/OPS\ APP/OPS/OPS/Views/Components/Images/ImagePicker.swift /Users/jacksonsweet/Desktop/OPS\ APP/OPS/OPS/Views/Components/Images/ImagePickerView.swift /Users/jacksonsweet/Desktop/OPS\ APP/OPS/OPS/Views/Components/Images/ProjectImagesSection.swift /Users/jacksonsweet/Desktop/OPS\ APP/OPS/OPS/Views/Components/Images/ProjectImagesSimple.swift /Users/jacksonsweet/Desktop/OPS\ APP/OPS/OPS/Views/Components/Images/ProjectImageView.swift /Users/jacksonsweet/Desktop/OPS\ APP/OPS/OPS/Views/Components/Images/ProjectPhotosGrid.swift /Users/jacksonsweet/Desktop/OPS\ APP/OPS/OPS/Views/Components/Map/MiniMapView.swift /Users/jacksonsweet/Desktop/OPS\ APP/OPS/OPS/Views/Components/Map/ProjectMapAnnotation.swift /Users/jacksonsweet/Desktop/OPS\ APP/OPS/OPS/Views/Components/Map/ProjectMapView.swift /Users/jacksonsweet/Desktop/OPS\ APP/OPS/OPS/Views/Components/Map/ProjectMarkerPopup.swift /Users/jacksonsweet/Desktop/OPS\ APP/OPS/OPS/Views/Components/Map/RouteDirectionsView.swift /Users/jacksonsweet/Desktop/OPS\ APP/OPS/OPS/Views/Components/Project/ProjectActionBar.swift /Users/jacksonsweet/Desktop/OPS\ APP/OPS/OPS/Views/Components/Project/ProjectCard.swift /Users/jacksonsweet/Desktop/OPS\ APP/OPS/OPS/Views/Components/Project/ProjectCarousel.swift /Users/jacksonsweet/Desktop/OPS\ APP/OPS/OPS/Views/Components/Project/ProjectDetailsView.swift /Users/jacksonsweet/Desktop/OPS\ APP/OPS/OPS/Views/Components/Project/ProjectHeader.swift /Users/jacksonsweet/Desktop/OPS\ APP/OPS/OPS/Views/Components/Project/ProjectSheetContainer.swift /Users/jacksonsweet/Desktop/OPS\ APP/OPS/OPS/Views/Components/User/TeamMemberListView.swift /Users/jacksonsweet/Desktop/OPS\ APP/OPS/OPS/Views/Components/User/UserProfileCard.swift /Users/jacksonsweet/Desktop/OPS\ APP/OPS/OPS/Views/Home/HomeContentView.swift /Users/jacksonsweet/Desktop/OPS\ APP/OPS/OPS/Views/Home/HomeView.swift /Users/jacksonsweet/Desktop/OPS\ APP/OPS/OPS/Views/Settings/OrganizationSettingsView.swift /Users/jacksonsweet/Desktop/OPS\ APP/OPS/OPS/Views/Settings/ProfileSettingsView.swift /Users/jacksonsweet/Desktop/OPS\ APP/OPS/OPS/Views/Settings/ProjectHistorySettingsView.swift /Users/jacksonsweet/Desktop/OPS\ APP/OPS/OPS/Views/LoginView.swift /Users/jacksonsweet/Desktop/OPS\ APP/OPS/OPS/Views/LoginViewPreview.swift /Users/jacksonsweet/Desktop/OPS\ APP/OPS/OPS/Views/MainTabView.swift /Users/jacksonsweet/Desktop/OPS\ APP/OPS/OPS/Views/NetworkStatusIndicator.swift /Users/jacksonsweet/Desktop/OPS\ APP/OPS/OPS/Views/ScheduleView.swift /Users/jacksonsweet/Desktop/OPS\ APP/OPS/OPS/Views/SettingsView.swift /Users/jacksonsweet/Desktop/OPS\ APP/OPS/OPS/Views/SplashScreen.swift /Users/jacksonsweet/Desktop/OPS\ APP/OPS/OPS/AppState.swift /Users/jacksonsweet/Desktop/OPS\ APP/OPS/OPS/ContentView.swift /Users/jacksonsweet/Desktop/OPS\ APP/OPS/OPS/Item.swift /Users/jacksonsweet/Desktop/OPS\ APP/OPS/OPS/OPSApp.swift /Users/jacksonsweet/Library/Developer/Xcode/DerivedData/OPS-czavgtmnvamasvcjgszzuulfcsxj/Build/Intermediates.noindex/OPS.build/Debug-iphonesimulator/OPS.build/DerivedSources/GeneratedAssetSymbols.swift -supplementary-output-file-map /Users/jacksonsweet/Library/Developer/Xcode/DerivedData/OPS-czavgtmnvamasvcjgszzuulfcsxj/Build/Intermediates.noindex/OPS.build/Debug-iphonesimulator/OPS.build/Objects-normal/arm64/supplementaryOutputs-4 -emit-localized-strings -emit-localized-strings-path /Users/jacksonsweet/Library/Developer/Xcode/DerivedData/OPS-czavgtmnvamasvcjgszzuulfcsxj/Build/Intermediates.noindex/OPS.build/Debug-iphonesimulator/OPS.build/Objects-normal/arm64 -target arm64-apple-ios18.2-simulator -Xllvm -aarch64-use-tbi -enable-objc-interop -sdk /Applications/Xcode.app/Contents/Developer/Platforms/iPhoneSimulator.platform/Developer/SDKs/iPhoneSimulator18.2.sdk -I /Users/jacksonsweet/Library/Developer/Xcode/DerivedData/OPS-czavgtmnvamasvcjgszzuulfcsxj/Build/Products/Debug-iphonesimulator -F /Users/jacksonsweet/Library/Developer/Xcode/DerivedData/OPS-czavgtmnvamasvcjgszzuulfcsxj/Build/Products/Debug-iphonesimulator -no-color-diagnostics -enable-testing -g -debug-info-format\=dwarf -dwarf-version\=5 -module-cache-path /Users/jacksonsweet/Library/Developer/Xcode/DerivedData/ModuleCache.noindex -profile-generate -profile-coverage-mapping -swift-version 5 -enforce-exclusivity\=checked -Onone -D DEBUG -serialize-debugging-options -const-gather-protocols-file /Users/jacksonsweet/Library/Developer/Xcode/DerivedData/OPS-czavgtmnvamasvcjgszzuulfcsxj/Build/Intermediates.noindex/OPS.build/Debug-iphonesimulator/OPS.build/Objects-normal/arm64/OPS_const_extract_protocols.json -enable-experimental-feature DebugDescriptionMacro -enable-experimental-feature OpaqueTypeErasure -enable-bare-slash-regex -empty-abi-descriptor -validate-clang-modules-once -clang-build-session-file /Users/jacksonsweet/Library/Developer/Xcode/DerivedData/ModuleCache.noindex/Session.modulevalidation -Xcc -working-directory -Xcc /Users/jacksonsweet/Desktop/OPS\ APP/OPS -resource-dir /Applications/Xcode.app/Contents/Developer/Toolchains/XcodeDefault.xctoolchain/usr/lib/swift -enable-anonymous-context-mangled-names -file-compilation-dir /Users/jacksonsweet/Desktop/OPS\ APP/OPS -Xcc -D_LIBCPP_HARDENING_MODE\=_LIBCPP_HARDENING_MODE_DEBUG -Xcc -ivfsstatcache -Xcc /Users/jacksonsweet/Library/Developer/Xcode/DerivedData/SDKStatCaches.noindex/iphonesimulator18.2-22C146-07b28473f605e47e75261259d3ef3b5a.sdkstatcache -Xcc -I/Users/jacksonsweet/Library/Developer/Xcode/DerivedData/OPS-czavgtmnvamasvcjgszzuulfcsxj/Build/Intermediates.noindex/OPS.build/Debug-iphonesimulator/OPS.build/swift-overrides.hmap -Xcc -iquote -Xcc /Users/jacksonsweet/Library/Developer/Xcode/DerivedData/OPS-czavgtmnvamasvcjgszzuulfcsxj/Build/Intermediates.noindex/OPS.build/Debug-iphonesimulator/OPS.build/OPS-generated-files.hmap -Xcc -I/Users/jacksonsweet/Library/Developer/Xcode/DerivedData/OPS-czavgtmnvamasvcjgszzuulfcsxj/Build/Intermediates.noindex/OPS.build/Debug-iphonesimulator/OPS.build/OPS-own-target-headers.hmap -Xcc -I/Users/jacksonsweet/Library/Developer/Xcode/DerivedData/OPS-czavgtmnvamasvcjgszzuulfcsxj/Build/Intermediates.noindex/OPS.build/Debug-iphonesimulator/OPS.build/OPS-all-target-headers.hmap -Xcc -iquote -Xcc /Users/jacksonsweet/Library/Developer/Xcode/DerivedData/OPS-czavgtmnvamasvcjgszzuulfcsxj/Build/Intermediates.noindex/OPS.build/Debug-iphonesimulator/OPS.build/OPS-project-headers.hmap -Xcc -I/Users/jacksonsweet/Library/Developer/Xcode/DerivedData/OPS-czavgtmnvamasvcjgszzuulfcsxj/Build/Products/Debug-iphonesimulator/include -Xcc -I/Users/jacksonsweet/Library/Developer/Xcode/DerivedData/OPS-czavgtmnvamasvcjgszzuulfcsxj/Build/Intermediates.noindex/OPS.build/Debug-iphonesimulator/OPS.build/DerivedSources-normal/arm64 -Xcc -I/Users/jacksonsweet/Library/Developer/Xcode/DerivedData/OPS-czavgtmnvamasvcjgszzuulfcsxj/Build/Intermediates.noindex/OPS.build/Debug-iphonesimulator/OPS.build/DerivedSources/arm64 -Xcc -I/Users/jacksonsweet/Library/Developer/Xcode/DerivedData/OPS-czavgtmnvamasvcjgszzuulfcsxj/Build/Intermediates.noindex/OPS.build/Debug-iphonesimulator/OPS.build/DerivedSources -Xcc -DDEBUG\=1 -module-name OPS -frontend-parseable-output -disable-clang-spi -target-sdk-version 18.2 -target-sdk-name iphonesimulator18.2 -external-plugin-path /Applications/Xcode.app/Contents/Developer/Platforms/iPhoneOS.platform/Developer/usr/lib/swift/host/plugins\#/Applications/Xcode.app/Contents/Developer/Platforms/iPhoneOS.platform/Developer/usr/bin/swift-plugin-server -external-plugin-path /Applications/Xcode.app/Contents/Developer/Platforms/iPhoneOS.platform/Developer/usr/local/lib/swift/host/plugins\#/Applications/Xcode.app/Contents/Developer/Platforms/iPhoneOS.platform/Developer/usr/bin/swift-plugin-server -plugin-path /Applications/Xcode.app/Contents/Developer/Toolchains/XcodeDefault.xctoolchain/usr/lib/swift/host/plugins -plugin-path /Applications/Xcode.app/Contents/Developer/Toolchains/XcodeDefault.xctoolchain/usr/local/lib/swift/host/plugins -o /Users/jacksonsweet/Library/Developer/Xcode/DerivedData/OPS-czavgtmnvamasvcjgszzuulfcsxj/Build/Intermediates.noindex/OPS.build/Debug-iphonesimulator/OPS.build/Objects-normal/arm64/PasswordView.o -o /Users/jacksonsweet/Library/Developer/Xcode/DerivedData/OPS-czavgtmnvamasvcjgszzuulfcsxj/Build/Intermediates.noindex/OPS.build/Debug-iphonesimulator/OPS.build/Objects-normal/arm64/PasswordViewPreview.o -o /Users/jacksonsweet/Library/Developer/Xcode/DerivedData/OPS-czavgtmnvamasvcjgszzuulfcsxj/Build/Intermediates.noindex/OPS.build/Debug-iphonesimulator/OPS.build/Objects-normal/arm64/PermissionsView.o -o /Users/jacksonsweet/Library/Developer/Xcode/DerivedData/OPS-czavgtmnvamasvcjgszzuulfcsxj/Build/Intermediates.noindex/OPS.build/Debug-iphonesimulator/OPS.build/Objects-normal/arm64/PermissionsViewPreview.o -o /Users/jacksonsweet/Library/Developer/Xcode/DerivedData/OPS-czavgtmnvamasvcjgszzuulfcsxj/Build/Intermediates.noindex/OPS.build/Debug-iphonesimulator/OPS.build/Objects-normal/arm64/PhoneNumberView.o -o /Users/jacksonsweet/Library/Developer/Xcode/DerivedData/OPS-czavgtmnvamasvcjgszzuulfcsxj/Build/Intermediates.noindex/OPS.build/Debug-iphonesimulator/OPS.build/Objects-normal/arm64/PhoneNumberViewPreview.o -o /Users/jacksonsweet/Library/Developer/Xcode/DerivedData/OPS-czavgtmnvamasvcjgszzuulfcsxj/Build/Intermediates.noindex/OPS.build/Debug-iphonesimulator/OPS.build/Objects-normal/arm64/UserInfoView.o -o /Users/jacksonsweet/Library/Developer/Xcode/DerivedData/OPS-czavgtmnvamasvcjgszzuulfcsxj/Build/Intermediates.noindex/OPS.build/Debug-iphonesimulator/OPS.build/Objects-normal/arm64/UserInfoViewPreview.o -o /Users/jacksonsweet/Library/Developer/Xcode/DerivedData/OPS-czavgtmnvamasvcjgszzuulfcsxj/Build/Intermediates.noindex/OPS.build/Debug-iphonesimulator/OPS.build/Objects-normal/arm64/VerifyPhoneView.o -o /Users/jacksonsweet/Library/Developer/Xcode/DerivedData/OPS-czavgtmnvamasvcjgszzuulfcsxj/Build/Intermediates.noindex/OPS.build/Debug-iphonesimulator/OPS.build/Objects-normal/arm64/WelcomeCompanyView.o -o /Users/jacksonsweet/Library/Developer/Xcode/DerivedData/OPS-czavgtmnvamasvcjgszzuulfcsxj/Build/Intermediates.noindex/OPS.build/Debug-iphonesimulator/OPS.build/Objects-normal/arm64/WelcomeCompanyViewPreview.o -o /Users/jacksonsweet/Library/Developer/Xcode/DerivedData/OPS-czavgtmnvamasvcjgszzuulfcsxj/Build/Intermediates.noindex/OPS.build/Debug-iphonesimulator/OPS.build/Objects-normal/arm64/WelcomeView.o -o /Users/jacksonsweet/Library/Developer/Xcode/DerivedData/OPS-czavgtmnvamasvcjgszzuulfcsxj/Build/Intermediates.noindex/OPS.build/Debug-iphonesimulator/OPS.build/Objects-normal/arm64/WelcomeViewPreview.o -index-unit-output-path /OPS.build/Debug-iphonesimulator/OPS.build/Objects-normal/arm64/PasswordView.o -index-unit-output-path /OPS.build/Debug-iphonesimulator/OPS.build/Objects-normal/arm64/PasswordViewPreview.o -index-unit-output-path /OPS.build/Debug-iphonesimulator/OPS.build/Objects-normal/arm64/PermissionsView.o -index-unit-output-path /OPS.build/Debug-iphonesimulator/OPS.build/Objects-normal/arm64/PermissionsViewPreview.o -index-unit-output-path /OPS.build/Debug-iphonesimulator/OPS.build/Objects-normal/arm64/PhoneNumberView.o -index-unit-output-path /OPS.build/Debug-iphonesimulator/OPS.build/Objects-normal/arm64/PhoneNumberViewPreview.o -index-unit-output-path /OPS.build/Debug-iphonesimulator/OPS.build/Objects-normal/arm64/UserInfoView.o -index-unit-output-path /OPS.build/Debug-iphonesimulator/OPS.build/Objects-normal/arm64/UserInfoViewPreview.o -index-unit-output-path /OPS.build/Debug-iphonesimulator/OPS.build/Objects-normal/arm64/VerifyPhoneView.o -index-unit-output-path /OPS.build/Debug-iphonesimulator/OPS.build/Objects-normal/arm64/WelcomeCompanyView.o -index-unit-output-path /OPS.build/Debug-iphonesimulator/OPS.build/Objects-normal/arm64/WelcomeCompanyViewPreview.o -index-unit-output-path /OPS.build/Debug-iphonesimulator/OPS.build/Objects-normal/arm64/WelcomeView.o -index-unit-output-path /OPS.build/Debug-iphonesimulator/OPS.build/Objects-normal/arm64/WelcomeViewPreview.o -index-store-path /Users/jacksonsweet/Library/Developer/Xcode/DerivedData/OPS-czavgtmnvamasvcjgszzuulfcsxj/Index.noindex/DataStore -index-system-modules

SwiftCompile normal arm64 /Users/jacksonsweet/Desktop/OPS\ APP/OPS/OPS/Onboarding/Views/Screens/WelcomeCompanyViewPreview.swift (in target 'OPS' from project 'OPS')
    cd /Users/jacksonsweet/Desktop/OPS\ APP/OPS
    /Applications/Xcode.app/Contents/Developer/Toolchains/XcodeDefault.xctoolchain/usr/bin/swift-frontend -c /Users/jacksonsweet/Desktop/OPS\ APP/OPS/OPS/DataModels/BubbleImage.swift /Users/jacksonsweet/Desktop/OPS\ APP/OPS/OPS/DataModels/BubbleTypes.swift /Users/jacksonsweet/Desktop/OPS\ APP/OPS/OPS/DataModels/Company.swift /Users/jacksonsweet/Desktop/OPS\ APP/OPS/OPS/DataModels/Project.swift /Users/jacksonsweet/Desktop/OPS\ APP/OPS/OPS/DataModels/Status.swift /Users/jacksonsweet/Desktop/OPS\ APP/OPS/OPS/DataModels/User.swift /Users/jacksonsweet/Desktop/OPS\ APP/OPS/OPS/DataModels/UserRole.swift /Users/jacksonsweet/Desktop/OPS\ APP/OPS/OPS/Extensions/UIImage+Extensions.swift /Users/jacksonsweet/Desktop/OPS\ APP/OPS/OPS/Network/API/APIError.swift /Users/jacksonsweet/Desktop/OPS\ APP/OPS/OPS/Network/API/APIService.swift /Users/jacksonsweet/Desktop/OPS\ APP/OPS/OPS/Network/API/BubbleFields.swift /Users/jacksonsweet/Desktop/OPS\ APP/OPS/OPS/Network/Auth/AuthError.swift /Users/jacksonsweet/Desktop/OPS\ APP/OPS/OPS/Network/Auth/AuthManager.swift /Users/jacksonsweet/Desktop/OPS\ APP/OPS/OPS/Network/Auth/KeychainManager.swift /Users/jacksonsweet/Desktop/OPS\ APP/OPS/OPS/Network/DTOs/CompanyDTO.swift /Users/jacksonsweet/Desktop/OPS\ APP/OPS/OPS/Network/DTOs/ProjectDTO.swift /Users/jacksonsweet/Desktop/OPS\ APP/OPS/OPS/Network/DTOs/UserDTO.swift /Users/jacksonsweet/Desktop/OPS\ APP/OPS/OPS/Network/Endpoints/CompanyEndpoints.swift /Users/jacksonsweet/Desktop/OPS\ APP/OPS/OPS/Network/Endpoints/ProjectEndpoints.swift /Users/jacksonsweet/Desktop/OPS\ APP/OPS/OPS/Network/Endpoints/UserEndpoints.swift /Users/jacksonsweet/Desktop/OPS\ APP/OPS/OPS/Network/Sync/BackgroundTaskManager.swift /Users/jacksonsweet/Desktop/OPS\ APP/OPS/OPS/Network/Sync/SyncManager.swift /Users/jacksonsweet/Desktop/OPS\ APP/OPS/OPS/Network/ConnectivityMonitor.swift /Users/jacksonsweet/Desktop/OPS\ APP/OPS/OPS/Network/ImageSyncManager.swift /Users/jacksonsweet/Desktop/OPS\ APP/OPS/OPS/Onboarding/Coordinators/OnboardingCoordinator.swift /Users/jacksonsweet/Desktop/OPS\ APP/OPS/OPS/Onboarding/Models/OnboardingModels.swift /Users/jacksonsweet/Desktop/OPS\ APP/OPS/OPS/Onboarding/Services/OnboardingService.swift /Users/jacksonsweet/Desktop/OPS\ APP/OPS/OPS/Onboarding/ViewModels/OnboardingViewModel.swift /Users/jacksonsweet/Desktop/OPS\ APP/OPS/OPS/Onboarding/Views/Components/OnboardingComponents.swift /Users/jacksonsweet/Desktop/OPS\ APP/OPS/OPS/Onboarding/Views/Screens/AccountCreatedView.swift /Users/jacksonsweet/Desktop/OPS\ APP/OPS/OPS/Onboarding/Views/Screens/CompanyCodeView.swift /Users/jacksonsweet/Desktop/OPS\ APP/OPS/OPS/Onboarding/Views/Screens/CompanyCodeViewPreview.swift /Users/jacksonsweet/Desktop/OPS\ APP/OPS/OPS/Onboarding/Views/Screens/CompletionView.swift /Users/jacksonsweet/Desktop/OPS\ APP/OPS/OPS/Onboarding/Views/Screens/CompletionViewPreview.swift /Users/jacksonsweet/Desktop/OPS\ APP/OPS/OPS/Onboarding/Views/Screens/EmailView.swift /Users/jacksonsweet/Desktop/OPS\ APP/OPS/OPS/Onboarding/Views/Screens/FieldSetupView.swift /Users/jacksonsweet/Desktop/OPS\ APP/OPS/OPS/Onboarding/Views/Screens/NotificationsView.swift /Users/jacksonsweet/Desktop/OPS\ APP/OPS/OPS/Onboarding/Views/Screens/NotificationsViewPreview.swift /Users/jacksonsweet/Desktop/OPS\ APP/OPS/OPS/Onboarding/Views/Screens/OrganizationJoinView.swift -primary-file /Users/jacksonsweet/Desktop/OPS\ APP/OPS/OPS/Onboarding/Views/Screens/PasswordView.swift -primary-file /Users/jacksonsweet/Desktop/OPS\ APP/OPS/OPS/Onboarding/Views/Screens/PasswordViewPreview.swift -primary-file /Users/jacksonsweet/Desktop/OPS\ APP/OPS/OPS/Onboarding/Views/Screens/PermissionsView.swift -primary-file /Users/jacksonsweet/Desktop/OPS\ APP/OPS/OPS/Onboarding/Views/Screens/PermissionsViewPreview.swift -primary-file /Users/jacksonsweet/Desktop/OPS\ APP/OPS/OPS/Onboarding/Views/Screens/PhoneNumberView.swift -primary-file /Users/jacksonsweet/Desktop/OPS\ APP/OPS/OPS/Onboarding/Views/Screens/PhoneNumberViewPreview.swift -primary-file /Users/jacksonsweet/Desktop/OPS\ APP/OPS/OPS/Onboarding/Views/Screens/UserInfoView.swift -primary-file /Users/jacksonsweet/Desktop/OPS\ APP/OPS/OPS/Onboarding/Views/Screens/UserInfoViewPreview.swift -primary-file /Users/jacksonsweet/Desktop/OPS\ APP/OPS/OPS/Onboarding/Views/Screens/VerifyPhoneView.swift -primary-file /Users/jacksonsweet/Desktop/OPS\ APP/OPS/OPS/Onboarding/Views/Screens/WelcomeCompanyView.swift -primary-file /Users/jacksonsweet/Desktop/OPS\ APP/OPS/OPS/Onboarding/Views/Screens/WelcomeCompanyViewPreview.swift -primary-file /Users/jacksonsweet/Desktop/OPS\ APP/OPS/OPS/Onboarding/Views/Screens/WelcomeView.swift -primary-file /Users/jacksonsweet/Desktop/OPS\ APP/OPS/OPS/Onboarding/Views/Screens/WelcomeViewPreview.swift /Users/jacksonsweet/Desktop/OPS\ APP/OPS/OPS/Onboarding/Views/OnboardingContainerView.swift /Users/jacksonsweet/Desktop/OPS\ APP/OPS/OPS/Onboarding/Views/OnboardingFlowPreview.swift /Users/jacksonsweet/Desktop/OPS\ APP/OPS/OPS/Onboarding/Views/OnboardingPresenter.swift /Users/jacksonsweet/Desktop/OPS\ APP/OPS/OPS/Onboarding/Views/OnboardingPreviewHelpers.swift /Users/jacksonsweet/Desktop/OPS\ APP/OPS/OPS/Styles/OPSStyle.swift /Users/jacksonsweet/Desktop/OPS\ APP/OPS/OPS/Utilities/AppConfiguration.swift /Users/jacksonsweet/Desktop/OPS\ APP/OPS/OPS/Utilities/ArrayTransformer.swift /Users/jacksonsweet/Desktop/OPS\ APP/OPS/OPS/Utilities/DataController.swift /Users/jacksonsweet/Desktop/OPS\ APP/OPS/OPS/Utilities/Dateformatter\ +Bubble.swift /Users/jacksonsweet/Desktop/OPS\ APP/OPS/OPS/Utilities/DateHelper.swift /Users/jacksonsweet/Desktop/OPS\ APP/OPS/OPS/Utilities/FieldErrorHandler.swift /Users/jacksonsweet/Desktop/OPS\ APP/OPS/OPS/Utilities/ImageCache.swift /Users/jacksonsweet/Desktop/OPS\ APP/OPS/OPS/Utilities/ImageFileManager.swift /Users/jacksonsweet/Desktop/OPS\ APP/OPS/OPS/Utilities/InProgressManager.swift /Users/jacksonsweet/Desktop/OPS\ APP/OPS/OPS/Utilities/KeyboardDismissalModifier.swift /Users/jacksonsweet/Desktop/OPS\ APP/OPS/OPS/Utilities/LocationManager.swift /Users/jacksonsweet/Desktop/OPS\ APP/OPS/OPS/Utilities/OnboardingEnvironmentKey.swift /Users/jacksonsweet/Desktop/OPS\ APP/OPS/OPS/Utilities/SwiftDataHelper.swift /Users/jacksonsweet/Desktop/OPS\ APP/OPS/OPS/Utilities/UIComponents.swift /Users/jacksonsweet/Desktop/OPS\ APP/OPS/OPS/V2/CertificationsSettingsView.swift /Users/jacksonsweet/Desktop/OPS\ APP/OPS/OPS/ViewModels/CalendarViewModel.swift /Users/jacksonsweet/Desktop/OPS\ APP/OPS/OPS/ViewModels/ProjectsViewModel.swift /Users/jacksonsweet/Desktop/OPS\ APP/OPS/OPS/Views/Calendar\ Tab/Components/CalendarDaySelector.swift /Users/jacksonsweet/Desktop/OPS\ APP/OPS/OPS/Views/Calendar\ Tab/Components/CalendarHeaderView.swift /Users/jacksonsweet/Desktop/OPS\ APP/OPS/OPS/Views/Calendar\ Tab/Components/CalendarProjectCard.swift /Users/jacksonsweet/Desktop/OPS\ APP/OPS/OPS/Views/Calendar\ Tab/Components/CalendarToggleView.swift /Users/jacksonsweet/Desktop/OPS\ APP/OPS/OPS/Views/Calendar\ Tab/Components/DatePickerPopover.swift /Users/jacksonsweet/Desktop/OPS\ APP/OPS/OPS/Views/Calendar\ Tab/Components/DayCell.swift /Users/jacksonsweet/Desktop/OPS\ APP/OPS/OPS/Views/Calendar\ Tab/ProjectViews/DayProjectSheet.swift /Users/jacksonsweet/Desktop/OPS\ APP/OPS/OPS/Views/Calendar\ Tab/ProjectViews/ProjectListView.swift /Users/jacksonsweet/Desktop/OPS\ APP/OPS/OPS/Views/Calendar\ Tab/MonthGridView.swift /Users/jacksonsweet/Desktop/OPS\ APP/OPS/OPS/Views/Components/Common/AppHeader.swift /Users/jacksonsweet/Desktop/OPS\ APP/OPS/OPS/Views/Components/Common/ExpandableNotesView.swift /Users/jacksonsweet/Desktop/OPS\ APP/OPS/OPS/Views/Components/Common/LocationPermissionView.swift /Users/jacksonsweet/Desktop/OPS\ APP/OPS/OPS/Views/Components/Common/NavigationBanner.swift /Users/jacksonsweet/Desktop/OPS\ APP/OPS/OPS/Views/Components/Common/NavigationControlsView.swift /Users/jacksonsweet/Desktop/OPS\ APP/OPS/OPS/Views/Components/Common/TabBarBackground.swift /Users/jacksonsweet/Desktop/OPS\ APP/OPS/OPS/Views/Components/Images/ImagePicker.swift /Users/jacksonsweet/Desktop/OPS\ APP/OPS/OPS/Views/Components/Images/ImagePickerView.swift /Users/jacksonsweet/Desktop/OPS\ APP/OPS/OPS/Views/Components/Images/ProjectImagesSection.swift /Users/jacksonsweet/Desktop/OPS\ APP/OPS/OPS/Views/Components/Images/ProjectImagesSimple.swift /Users/jacksonsweet/Desktop/OPS\ APP/OPS/OPS/Views/Components/Images/ProjectImageView.swift /Users/jacksonsweet/Desktop/OPS\ APP/OPS/OPS/Views/Components/Images/ProjectPhotosGrid.swift /Users/jacksonsweet/Desktop/OPS\ APP/OPS/OPS/Views/Components/Map/MiniMapView.swift /Users/jacksonsweet/Desktop/OPS\ APP/OPS/OPS/Views/Components/Map/ProjectMapAnnotation.swift /Users/jacksonsweet/Desktop/OPS\ APP/OPS/OPS/Views/Components/Map/ProjectMapView.swift /Users/jacksonsweet/Desktop/OPS\ APP/OPS/OPS/Views/Components/Map/ProjectMarkerPopup.swift /Users/jacksonsweet/Desktop/OPS\ APP/OPS/OPS/Views/Components/Map/RouteDirectionsView.swift /Users/jacksonsweet/Desktop/OPS\ APP/OPS/OPS/Views/Components/Project/ProjectActionBar.swift /Users/jacksonsweet/Desktop/OPS\ APP/OPS/OPS/Views/Components/Project/ProjectCard.swift /Users/jacksonsweet/Desktop/OPS\ APP/OPS/OPS/Views/Components/Project/ProjectCarousel.swift /Users/jacksonsweet/Desktop/OPS\ APP/OPS/OPS/Views/Components/Project/ProjectDetailsView.swift /Users/jacksonsweet/Desktop/OPS\ APP/OPS/OPS/Views/Components/Project/ProjectHeader.swift /Users/jacksonsweet/Desktop/OPS\ APP/OPS/OPS/Views/Components/Project/ProjectSheetContainer.swift /Users/jacksonsweet/Desktop/OPS\ APP/OPS/OPS/Views/Components/User/TeamMemberListView.swift /Users/jacksonsweet/Desktop/OPS\ APP/OPS/OPS/Views/Components/User/UserProfileCard.swift /Users/jacksonsweet/Desktop/OPS\ APP/OPS/OPS/Views/Home/HomeContentView.swift /Users/jacksonsweet/Desktop/OPS\ APP/OPS/OPS/Views/Home/HomeView.swift /Users/jacksonsweet/Desktop/OPS\ APP/OPS/OPS/Views/Settings/OrganizationSettingsView.swift /Users/jacksonsweet/Desktop/OPS\ APP/OPS/OPS/Views/Settings/ProfileSettingsView.swift /Users/jacksonsweet/Desktop/OPS\ APP/OPS/OPS/Views/Settings/ProjectHistorySettingsView.swift /Users/jacksonsweet/Desktop/OPS\ APP/OPS/OPS/Views/LoginView.swift /Users/jacksonsweet/Desktop/OPS\ APP/OPS/OPS/Views/LoginViewPreview.swift /Users/jacksonsweet/Desktop/OPS\ APP/OPS/OPS/Views/MainTabView.swift /Users/jacksonsweet/Desktop/OPS\ APP/OPS/OPS/Views/NetworkStatusIndicator.swift /Users/jacksonsweet/Desktop/OPS\ APP/OPS/OPS/Views/ScheduleView.swift /Users/jacksonsweet/Desktop/OPS\ APP/OPS/OPS/Views/SettingsView.swift /Users/jacksonsweet/Desktop/OPS\ APP/OPS/OPS/Views/SplashScreen.swift /Users/jacksonsweet/Desktop/OPS\ APP/OPS/OPS/AppState.swift /Users/jacksonsweet/Desktop/OPS\ APP/OPS/OPS/ContentView.swift /Users/jacksonsweet/Desktop/OPS\ APP/OPS/OPS/Item.swift /Users/jacksonsweet/Desktop/OPS\ APP/OPS/OPS/OPSApp.swift /Users/jacksonsweet/Library/Developer/Xcode/DerivedData/OPS-czavgtmnvamasvcjgszzuulfcsxj/Build/Intermediates.noindex/OPS.build/Debug-iphonesimulator/OPS.build/DerivedSources/GeneratedAssetSymbols.swift -supplementary-output-file-map /Users/jacksonsweet/Library/Developer/Xcode/DerivedData/OPS-czavgtmnvamasvcjgszzuulfcsxj/Build/Intermediates.noindex/OPS.build/Debug-iphonesimulator/OPS.build/Objects-normal/arm64/supplementaryOutputs-4 -emit-localized-strings -emit-localized-strings-path /Users/jacksonsweet/Library/Developer/Xcode/DerivedData/OPS-czavgtmnvamasvcjgszzuulfcsxj/Build/Intermediates.noindex/OPS.build/Debug-iphonesimulator/OPS.build/Objects-normal/arm64 -target arm64-apple-ios18.2-simulator -Xllvm -aarch64-use-tbi -enable-objc-interop -sdk /Applications/Xcode.app/Contents/Developer/Platforms/iPhoneSimulator.platform/Developer/SDKs/iPhoneSimulator18.2.sdk -I /Users/jacksonsweet/Library/Developer/Xcode/DerivedData/OPS-czavgtmnvamasvcjgszzuulfcsxj/Build/Products/Debug-iphonesimulator -F /Users/jacksonsweet/Library/Developer/Xcode/DerivedData/OPS-czavgtmnvamasvcjgszzuulfcsxj/Build/Products/Debug-iphonesimulator -no-color-diagnostics -enable-testing -g -debug-info-format\=dwarf -dwarf-version\=5 -module-cache-path /Users/jacksonsweet/Library/Developer/Xcode/DerivedData/ModuleCache.noindex -profile-generate -profile-coverage-mapping -swift-version 5 -enforce-exclusivity\=checked -Onone -D DEBUG -serialize-debugging-options -const-gather-protocols-file /Users/jacksonsweet/Library/Developer/Xcode/DerivedData/OPS-czavgtmnvamasvcjgszzuulfcsxj/Build/Intermediates.noindex/OPS.build/Debug-iphonesimulator/OPS.build/Objects-normal/arm64/OPS_const_extract_protocols.json -enable-experimental-feature DebugDescriptionMacro -enable-experimental-feature OpaqueTypeErasure -enable-bare-slash-regex -empty-abi-descriptor -validate-clang-modules-once -clang-build-session-file /Users/jacksonsweet/Library/Developer/Xcode/DerivedData/ModuleCache.noindex/Session.modulevalidation -Xcc -working-directory -Xcc /Users/jacksonsweet/Desktop/OPS\ APP/OPS -resource-dir /Applications/Xcode.app/Contents/Developer/Toolchains/XcodeDefault.xctoolchain/usr/lib/swift -enable-anonymous-context-mangled-names -file-compilation-dir /Users/jacksonsweet/Desktop/OPS\ APP/OPS -Xcc -D_LIBCPP_HARDENING_MODE\=_LIBCPP_HARDENING_MODE_DEBUG -Xcc -ivfsstatcache -Xcc /Users/jacksonsweet/Library/Developer/Xcode/DerivedData/SDKStatCaches.noindex/iphonesimulator18.2-22C146-07b28473f605e47e75261259d3ef3b5a.sdkstatcache -Xcc -I/Users/jacksonsweet/Library/Developer/Xcode/DerivedData/OPS-czavgtmnvamasvcjgszzuulfcsxj/Build/Intermediates.noindex/OPS.build/Debug-iphonesimulator/OPS.build/swift-overrides.hmap -Xcc -iquote -Xcc /Users/jacksonsweet/Library/Developer/Xcode/DerivedData/OPS-czavgtmnvamasvcjgszzuulfcsxj/Build/Intermediates.noindex/OPS.build/Debug-iphonesimulator/OPS.build/OPS-generated-files.hmap -Xcc -I/Users/jacksonsweet/Library/Developer/Xcode/DerivedData/OPS-czavgtmnvamasvcjgszzuulfcsxj/Build/Intermediates.noindex/OPS.build/Debug-iphonesimulator/OPS.build/OPS-own-target-headers.hmap -Xcc -I/Users/jacksonsweet/Library/Developer/Xcode/DerivedData/OPS-czavgtmnvamasvcjgszzuulfcsxj/Build/Intermediates.noindex/OPS.build/Debug-iphonesimulator/OPS.build/OPS-all-target-headers.hmap -Xcc -iquote -Xcc /Users/jacksonsweet/Library/Developer/Xcode/DerivedData/OPS-czavgtmnvamasvcjgszzuulfcsxj/Build/Intermediates.noindex/OPS.build/Debug-iphonesimulator/OPS.build/OPS-project-headers.hmap -Xcc -I/Users/jacksonsweet/Library/Developer/Xcode/DerivedData/OPS-czavgtmnvamasvcjgszzuulfcsxj/Build/Products/Debug-iphonesimulator/include -Xcc -I/Users/jacksonsweet/Library/Developer/Xcode/DerivedData/OPS-czavgtmnvamasvcjgszzuulfcsxj/Build/Intermediates.noindex/OPS.build/Debug-iphonesimulator/OPS.build/DerivedSources-normal/arm64 -Xcc -I/Users/jacksonsweet/Library/Developer/Xcode/DerivedData/OPS-czavgtmnvamasvcjgszzuulfcsxj/Build/Intermediates.noindex/OPS.build/Debug-iphonesimulator/OPS.build/DerivedSources/arm64 -Xcc -I/Users/jacksonsweet/Library/Developer/Xcode/DerivedData/OPS-czavgtmnvamasvcjgszzuulfcsxj/Build/Intermediates.noindex/OPS.build/Debug-iphonesimulator/OPS.build/DerivedSources -Xcc -DDEBUG\=1 -module-name OPS -frontend-parseable-output -disable-clang-spi -target-sdk-version 18.2 -target-sdk-name iphonesimulator18.2 -external-plugin-path /Applications/Xcode.app/Contents/Developer/Platforms/iPhoneOS.platform/Developer/usr/lib/swift/host/plugins\#/Applications/Xcode.app/Contents/Developer/Platforms/iPhoneOS.platform/Developer/usr/bin/swift-plugin-server -external-plugin-path /Applications/Xcode.app/Contents/Developer/Platforms/iPhoneOS.platform/Developer/usr/local/lib/swift/host/plugins\#/Applications/Xcode.app/Contents/Developer/Platforms/iPhoneOS.platform/Developer/usr/bin/swift-plugin-server -plugin-path /Applications/Xcode.app/Contents/Developer/Toolchains/XcodeDefault.xctoolchain/usr/lib/swift/host/plugins -plugin-path /Applications/Xcode.app/Contents/Developer/Toolchains/XcodeDefault.xctoolchain/usr/local/lib/swift/host/plugins -o /Users/jacksonsweet/Library/Developer/Xcode/DerivedData/OPS-czavgtmnvamasvcjgszzuulfcsxj/Build/Intermediates.noindex/OPS.build/Debug-iphonesimulator/OPS.build/Objects-normal/arm64/PasswordView.o -o /Users/jacksonsweet/Library/Developer/Xcode/DerivedData/OPS-czavgtmnvamasvcjgszzuulfcsxj/Build/Intermediates.noindex/OPS.build/Debug-iphonesimulator/OPS.build/Objects-normal/arm64/PasswordViewPreview.o -o /Users/jacksonsweet/Library/Developer/Xcode/DerivedData/OPS-czavgtmnvamasvcjgszzuulfcsxj/Build/Intermediates.noindex/OPS.build/Debug-iphonesimulator/OPS.build/Objects-normal/arm64/PermissionsView.o -o /Users/jacksonsweet/Library/Developer/Xcode/DerivedData/OPS-czavgtmnvamasvcjgszzuulfcsxj/Build/Intermediates.noindex/OPS.build/Debug-iphonesimulator/OPS.build/Objects-normal/arm64/PermissionsViewPreview.o -o /Users/jacksonsweet/Library/Developer/Xcode/DerivedData/OPS-czavgtmnvamasvcjgszzuulfcsxj/Build/Intermediates.noindex/OPS.build/Debug-iphonesimulator/OPS.build/Objects-normal/arm64/PhoneNumberView.o -o /Users/jacksonsweet/Library/Developer/Xcode/DerivedData/OPS-czavgtmnvamasvcjgszzuulfcsxj/Build/Intermediates.noindex/OPS.build/Debug-iphonesimulator/OPS.build/Objects-normal/arm64/PhoneNumberViewPreview.o -o /Users/jacksonsweet/Library/Developer/Xcode/DerivedData/OPS-czavgtmnvamasvcjgszzuulfcsxj/Build/Intermediates.noindex/OPS.build/Debug-iphonesimulator/OPS.build/Objects-normal/arm64/UserInfoView.o -o /Users/jacksonsweet/Library/Developer/Xcode/DerivedData/OPS-czavgtmnvamasvcjgszzuulfcsxj/Build/Intermediates.noindex/OPS.build/Debug-iphonesimulator/OPS.build/Objects-normal/arm64/UserInfoViewPreview.o -o /Users/jacksonsweet/Library/Developer/Xcode/DerivedData/OPS-czavgtmnvamasvcjgszzuulfcsxj/Build/Intermediates.noindex/OPS.build/Debug-iphonesimulator/OPS.build/Objects-normal/arm64/VerifyPhoneView.o -o /Users/jacksonsweet/Library/Developer/Xcode/DerivedData/OPS-czavgtmnvamasvcjgszzuulfcsxj/Build/Intermediates.noindex/OPS.build/Debug-iphonesimulator/OPS.build/Objects-normal/arm64/WelcomeCompanyView.o -o /Users/jacksonsweet/Library/Developer/Xcode/DerivedData/OPS-czavgtmnvamasvcjgszzuulfcsxj/Build/Intermediates.noindex/OPS.build/Debug-iphonesimulator/OPS.build/Objects-normal/arm64/WelcomeCompanyViewPreview.o -o /Users/jacksonsweet/Library/Developer/Xcode/DerivedData/OPS-czavgtmnvamasvcjgszzuulfcsxj/Build/Intermediates.noindex/OPS.build/Debug-iphonesimulator/OPS.build/Objects-normal/arm64/WelcomeView.o -o /Users/jacksonsweet/Library/Developer/Xcode/DerivedData/OPS-czavgtmnvamasvcjgszzuulfcsxj/Build/Intermediates.noindex/OPS.build/Debug-iphonesimulator/OPS.build/Objects-normal/arm64/WelcomeViewPreview.o -index-unit-output-path /OPS.build/Debug-iphonesimulator/OPS.build/Objects-normal/arm64/PasswordView.o -index-unit-output-path /OPS.build/Debug-iphonesimulator/OPS.build/Objects-normal/arm64/PasswordViewPreview.o -index-unit-output-path /OPS.build/Debug-iphonesimulator/OPS.build/Objects-normal/arm64/PermissionsView.o -index-unit-output-path /OPS.build/Debug-iphonesimulator/OPS.build/Objects-normal/arm64/PermissionsViewPreview.o -index-unit-output-path /OPS.build/Debug-iphonesimulator/OPS.build/Objects-normal/arm64/PhoneNumberView.o -index-unit-output-path /OPS.build/Debug-iphonesimulator/OPS.build/Objects-normal/arm64/PhoneNumberViewPreview.o -index-unit-output-path /OPS.build/Debug-iphonesimulator/OPS.build/Objects-normal/arm64/UserInfoView.o -index-unit-output-path /OPS.build/Debug-iphonesimulator/OPS.build/Objects-normal/arm64/UserInfoViewPreview.o -index-unit-output-path /OPS.build/Debug-iphonesimulator/OPS.build/Objects-normal/arm64/VerifyPhoneView.o -index-unit-output-path /OPS.build/Debug-iphonesimulator/OPS.build/Objects-normal/arm64/WelcomeCompanyView.o -index-unit-output-path /OPS.build/Debug-iphonesimulator/OPS.build/Objects-normal/arm64/WelcomeCompanyViewPreview.o -index-unit-output-path /OPS.build/Debug-iphonesimulator/OPS.build/Objects-normal/arm64/WelcomeView.o -index-unit-output-path /OPS.build/Debug-iphonesimulator/OPS.build/Objects-normal/arm64/WelcomeViewPreview.o -index-store-path /Users/jacksonsweet/Library/Developer/Xcode/DerivedData/OPS-czavgtmnvamasvcjgszzuulfcsxj/Index.noindex/DataStore -index-system-modules

SwiftCompile normal arm64 /Users/jacksonsweet/Desktop/OPS\ APP/OPS/OPS/Onboarding/Views/Screens/WelcomeView.swift (in target 'OPS' from project 'OPS')
    cd /Users/jacksonsweet/Desktop/OPS\ APP/OPS
    /Applications/Xcode.app/Contents/Developer/Toolchains/XcodeDefault.xctoolchain/usr/bin/swift-frontend -c /Users/jacksonsweet/Desktop/OPS\ APP/OPS/OPS/DataModels/BubbleImage.swift /Users/jacksonsweet/Desktop/OPS\ APP/OPS/OPS/DataModels/BubbleTypes.swift /Users/jacksonsweet/Desktop/OPS\ APP/OPS/OPS/DataModels/Company.swift /Users/jacksonsweet/Desktop/OPS\ APP/OPS/OPS/DataModels/Project.swift /Users/jacksonsweet/Desktop/OPS\ APP/OPS/OPS/DataModels/Status.swift /Users/jacksonsweet/Desktop/OPS\ APP/OPS/OPS/DataModels/User.swift /Users/jacksonsweet/Desktop/OPS\ APP/OPS/OPS/DataModels/UserRole.swift /Users/jacksonsweet/Desktop/OPS\ APP/OPS/OPS/Extensions/UIImage+Extensions.swift /Users/jacksonsweet/Desktop/OPS\ APP/OPS/OPS/Network/API/APIError.swift /Users/jacksonsweet/Desktop/OPS\ APP/OPS/OPS/Network/API/APIService.swift /Users/jacksonsweet/Desktop/OPS\ APP/OPS/OPS/Network/API/BubbleFields.swift /Users/jacksonsweet/Desktop/OPS\ APP/OPS/OPS/Network/Auth/AuthError.swift /Users/jacksonsweet/Desktop/OPS\ APP/OPS/OPS/Network/Auth/AuthManager.swift /Users/jacksonsweet/Desktop/OPS\ APP/OPS/OPS/Network/Auth/KeychainManager.swift /Users/jacksonsweet/Desktop/OPS\ APP/OPS/OPS/Network/DTOs/CompanyDTO.swift /Users/jacksonsweet/Desktop/OPS\ APP/OPS/OPS/Network/DTOs/ProjectDTO.swift /Users/jacksonsweet/Desktop/OPS\ APP/OPS/OPS/Network/DTOs/UserDTO.swift /Users/jacksonsweet/Desktop/OPS\ APP/OPS/OPS/Network/Endpoints/CompanyEndpoints.swift /Users/jacksonsweet/Desktop/OPS\ APP/OPS/OPS/Network/Endpoints/ProjectEndpoints.swift /Users/jacksonsweet/Desktop/OPS\ APP/OPS/OPS/Network/Endpoints/UserEndpoints.swift /Users/jacksonsweet/Desktop/OPS\ APP/OPS/OPS/Network/Sync/BackgroundTaskManager.swift /Users/jacksonsweet/Desktop/OPS\ APP/OPS/OPS/Network/Sync/SyncManager.swift /Users/jacksonsweet/Desktop/OPS\ APP/OPS/OPS/Network/ConnectivityMonitor.swift /Users/jacksonsweet/Desktop/OPS\ APP/OPS/OPS/Network/ImageSyncManager.swift /Users/jacksonsweet/Desktop/OPS\ APP/OPS/OPS/Onboarding/Coordinators/OnboardingCoordinator.swift /Users/jacksonsweet/Desktop/OPS\ APP/OPS/OPS/Onboarding/Models/OnboardingModels.swift /Users/jacksonsweet/Desktop/OPS\ APP/OPS/OPS/Onboarding/Services/OnboardingService.swift /Users/jacksonsweet/Desktop/OPS\ APP/OPS/OPS/Onboarding/ViewModels/OnboardingViewModel.swift /Users/jacksonsweet/Desktop/OPS\ APP/OPS/OPS/Onboarding/Views/Components/OnboardingComponents.swift /Users/jacksonsweet/Desktop/OPS\ APP/OPS/OPS/Onboarding/Views/Screens/AccountCreatedView.swift /Users/jacksonsweet/Desktop/OPS\ APP/OPS/OPS/Onboarding/Views/Screens/CompanyCodeView.swift /Users/jacksonsweet/Desktop/OPS\ APP/OPS/OPS/Onboarding/Views/Screens/CompanyCodeViewPreview.swift /Users/jacksonsweet/Desktop/OPS\ APP/OPS/OPS/Onboarding/Views/Screens/CompletionView.swift /Users/jacksonsweet/Desktop/OPS\ APP/OPS/OPS/Onboarding/Views/Screens/CompletionViewPreview.swift /Users/jacksonsweet/Desktop/OPS\ APP/OPS/OPS/Onboarding/Views/Screens/EmailView.swift /Users/jacksonsweet/Desktop/OPS\ APP/OPS/OPS/Onboarding/Views/Screens/FieldSetupView.swift /Users/jacksonsweet/Desktop/OPS\ APP/OPS/OPS/Onboarding/Views/Screens/NotificationsView.swift /Users/jacksonsweet/Desktop/OPS\ APP/OPS/OPS/Onboarding/Views/Screens/NotificationsViewPreview.swift /Users/jacksonsweet/Desktop/OPS\ APP/OPS/OPS/Onboarding/Views/Screens/OrganizationJoinView.swift -primary-file /Users/jacksonsweet/Desktop/OPS\ APP/OPS/OPS/Onboarding/Views/Screens/PasswordView.swift -primary-file /Users/jacksonsweet/Desktop/OPS\ APP/OPS/OPS/Onboarding/Views/Screens/PasswordViewPreview.swift -primary-file /Users/jacksonsweet/Desktop/OPS\ APP/OPS/OPS/Onboarding/Views/Screens/PermissionsView.swift -primary-file /Users/jacksonsweet/Desktop/OPS\ APP/OPS/OPS/Onboarding/Views/Screens/PermissionsViewPreview.swift -primary-file /Users/jacksonsweet/Desktop/OPS\ APP/OPS/OPS/Onboarding/Views/Screens/PhoneNumberView.swift -primary-file /Users/jacksonsweet/Desktop/OPS\ APP/OPS/OPS/Onboarding/Views/Screens/PhoneNumberViewPreview.swift -primary-file /Users/jacksonsweet/Desktop/OPS\ APP/OPS/OPS/Onboarding/Views/Screens/UserInfoView.swift -primary-file /Users/jacksonsweet/Desktop/OPS\ APP/OPS/OPS/Onboarding/Views/Screens/UserInfoViewPreview.swift -primary-file /Users/jacksonsweet/Desktop/OPS\ APP/OPS/OPS/Onboarding/Views/Screens/VerifyPhoneView.swift -primary-file /Users/jacksonsweet/Desktop/OPS\ APP/OPS/OPS/Onboarding/Views/Screens/WelcomeCompanyView.swift -primary-file /Users/jacksonsweet/Desktop/OPS\ APP/OPS/OPS/Onboarding/Views/Screens/WelcomeCompanyViewPreview.swift -primary-file /Users/jacksonsweet/Desktop/OPS\ APP/OPS/OPS/Onboarding/Views/Screens/WelcomeView.swift -primary-file /Users/jacksonsweet/Desktop/OPS\ APP/OPS/OPS/Onboarding/Views/Screens/WelcomeViewPreview.swift /Users/jacksonsweet/Desktop/OPS\ APP/OPS/OPS/Onboarding/Views/OnboardingContainerView.swift /Users/jacksonsweet/Desktop/OPS\ APP/OPS/OPS/Onboarding/Views/OnboardingFlowPreview.swift /Users/jacksonsweet/Desktop/OPS\ APP/OPS/OPS/Onboarding/Views/OnboardingPresenter.swift /Users/jacksonsweet/Desktop/OPS\ APP/OPS/OPS/Onboarding/Views/OnboardingPreviewHelpers.swift /Users/jacksonsweet/Desktop/OPS\ APP/OPS/OPS/Styles/OPSStyle.swift /Users/jacksonsweet/Desktop/OPS\ APP/OPS/OPS/Utilities/AppConfiguration.swift /Users/jacksonsweet/Desktop/OPS\ APP/OPS/OPS/Utilities/ArrayTransformer.swift /Users/jacksonsweet/Desktop/OPS\ APP/OPS/OPS/Utilities/DataController.swift /Users/jacksonsweet/Desktop/OPS\ APP/OPS/OPS/Utilities/Dateformatter\ +Bubble.swift /Users/jacksonsweet/Desktop/OPS\ APP/OPS/OPS/Utilities/DateHelper.swift /Users/jacksonsweet/Desktop/OPS\ APP/OPS/OPS/Utilities/FieldErrorHandler.swift /Users/jacksonsweet/Desktop/OPS\ APP/OPS/OPS/Utilities/ImageCache.swift /Users/jacksonsweet/Desktop/OPS\ APP/OPS/OPS/Utilities/ImageFileManager.swift /Users/jacksonsweet/Desktop/OPS\ APP/OPS/OPS/Utilities/InProgressManager.swift /Users/jacksonsweet/Desktop/OPS\ APP/OPS/OPS/Utilities/KeyboardDismissalModifier.swift /Users/jacksonsweet/Desktop/OPS\ APP/OPS/OPS/Utilities/LocationManager.swift /Users/jacksonsweet/Desktop/OPS\ APP/OPS/OPS/Utilities/OnboardingEnvironmentKey.swift /Users/jacksonsweet/Desktop/OPS\ APP/OPS/OPS/Utilities/SwiftDataHelper.swift /Users/jacksonsweet/Desktop/OPS\ APP/OPS/OPS/Utilities/UIComponents.swift /Users/jacksonsweet/Desktop/OPS\ APP/OPS/OPS/V2/CertificationsSettingsView.swift /Users/jacksonsweet/Desktop/OPS\ APP/OPS/OPS/ViewModels/CalendarViewModel.swift /Users/jacksonsweet/Desktop/OPS\ APP/OPS/OPS/ViewModels/ProjectsViewModel.swift /Users/jacksonsweet/Desktop/OPS\ APP/OPS/OPS/Views/Calendar\ Tab/Components/CalendarDaySelector.swift /Users/jacksonsweet/Desktop/OPS\ APP/OPS/OPS/Views/Calendar\ Tab/Components/CalendarHeaderView.swift /Users/jacksonsweet/Desktop/OPS\ APP/OPS/OPS/Views/Calendar\ Tab/Components/CalendarProjectCard.swift /Users/jacksonsweet/Desktop/OPS\ APP/OPS/OPS/Views/Calendar\ Tab/Components/CalendarToggleView.swift /Users/jacksonsweet/Desktop/OPS\ APP/OPS/OPS/Views/Calendar\ Tab/Components/DatePickerPopover.swift /Users/jacksonsweet/Desktop/OPS\ APP/OPS/OPS/Views/Calendar\ Tab/Components/DayCell.swift /Users/jacksonsweet/Desktop/OPS\ APP/OPS/OPS/Views/Calendar\ Tab/ProjectViews/DayProjectSheet.swift /Users/jacksonsweet/Desktop/OPS\ APP/OPS/OPS/Views/Calendar\ Tab/ProjectViews/ProjectListView.swift /Users/jacksonsweet/Desktop/OPS\ APP/OPS/OPS/Views/Calendar\ Tab/MonthGridView.swift /Users/jacksonsweet/Desktop/OPS\ APP/OPS/OPS/Views/Components/Common/AppHeader.swift /Users/jacksonsweet/Desktop/OPS\ APP/OPS/OPS/Views/Components/Common/ExpandableNotesView.swift /Users/jacksonsweet/Desktop/OPS\ APP/OPS/OPS/Views/Components/Common/LocationPermissionView.swift /Users/jacksonsweet/Desktop/OPS\ APP/OPS/OPS/Views/Components/Common/NavigationBanner.swift /Users/jacksonsweet/Desktop/OPS\ APP/OPS/OPS/Views/Components/Common/NavigationControlsView.swift /Users/jacksonsweet/Desktop/OPS\ APP/OPS/OPS/Views/Components/Common/TabBarBackground.swift /Users/jacksonsweet/Desktop/OPS\ APP/OPS/OPS/Views/Components/Images/ImagePicker.swift /Users/jacksonsweet/Desktop/OPS\ APP/OPS/OPS/Views/Components/Images/ImagePickerView.swift /Users/jacksonsweet/Desktop/OPS\ APP/OPS/OPS/Views/Components/Images/ProjectImagesSection.swift /Users/jacksonsweet/Desktop/OPS\ APP/OPS/OPS/Views/Components/Images/ProjectImagesSimple.swift /Users/jacksonsweet/Desktop/OPS\ APP/OPS/OPS/Views/Components/Images/ProjectImageView.swift /Users/jacksonsweet/Desktop/OPS\ APP/OPS/OPS/Views/Components/Images/ProjectPhotosGrid.swift /Users/jacksonsweet/Desktop/OPS\ APP/OPS/OPS/Views/Components/Map/MiniMapView.swift /Users/jacksonsweet/Desktop/OPS\ APP/OPS/OPS/Views/Components/Map/ProjectMapAnnotation.swift /Users/jacksonsweet/Desktop/OPS\ APP/OPS/OPS/Views/Components/Map/ProjectMapView.swift /Users/jacksonsweet/Desktop/OPS\ APP/OPS/OPS/Views/Components/Map/ProjectMarkerPopup.swift /Users/jacksonsweet/Desktop/OPS\ APP/OPS/OPS/Views/Components/Map/RouteDirectionsView.swift /Users/jacksonsweet/Desktop/OPS\ APP/OPS/OPS/Views/Components/Project/ProjectActionBar.swift /Users/jacksonsweet/Desktop/OPS\ APP/OPS/OPS/Views/Components/Project/ProjectCard.swift /Users/jacksonsweet/Desktop/OPS\ APP/OPS/OPS/Views/Components/Project/ProjectCarousel.swift /Users/jacksonsweet/Desktop/OPS\ APP/OPS/OPS/Views/Components/Project/ProjectDetailsView.swift /Users/jacksonsweet/Desktop/OPS\ APP/OPS/OPS/Views/Components/Project/ProjectHeader.swift /Users/jacksonsweet/Desktop/OPS\ APP/OPS/OPS/Views/Components/Project/ProjectSheetContainer.swift /Users/jacksonsweet/Desktop/OPS\ APP/OPS/OPS/Views/Components/User/TeamMemberListView.swift /Users/jacksonsweet/Desktop/OPS\ APP/OPS/OPS/Views/Components/User/UserProfileCard.swift /Users/jacksonsweet/Desktop/OPS\ APP/OPS/OPS/Views/Home/HomeContentView.swift /Users/jacksonsweet/Desktop/OPS\ APP/OPS/OPS/Views/Home/HomeView.swift /Users/jacksonsweet/Desktop/OPS\ APP/OPS/OPS/Views/Settings/OrganizationSettingsView.swift /Users/jacksonsweet/Desktop/OPS\ APP/OPS/OPS/Views/Settings/ProfileSettingsView.swift /Users/jacksonsweet/Desktop/OPS\ APP/OPS/OPS/Views/Settings/ProjectHistorySettingsView.swift /Users/jacksonsweet/Desktop/OPS\ APP/OPS/OPS/Views/LoginView.swift /Users/jacksonsweet/Desktop/OPS\ APP/OPS/OPS/Views/LoginViewPreview.swift /Users/jacksonsweet/Desktop/OPS\ APP/OPS/OPS/Views/MainTabView.swift /Users/jacksonsweet/Desktop/OPS\ APP/OPS/OPS/Views/NetworkStatusIndicator.swift /Users/jacksonsweet/Desktop/OPS\ APP/OPS/OPS/Views/ScheduleView.swift /Users/jacksonsweet/Desktop/OPS\ APP/OPS/OPS/Views/SettingsView.swift /Users/jacksonsweet/Desktop/OPS\ APP/OPS/OPS/Views/SplashScreen.swift /Users/jacksonsweet/Desktop/OPS\ APP/OPS/OPS/AppState.swift /Users/jacksonsweet/Desktop/OPS\ APP/OPS/OPS/ContentView.swift /Users/jacksonsweet/Desktop/OPS\ APP/OPS/OPS/Item.swift /Users/jacksonsweet/Desktop/OPS\ APP/OPS/OPS/OPSApp.swift /Users/jacksonsweet/Library/Developer/Xcode/DerivedData/OPS-czavgtmnvamasvcjgszzuulfcsxj/Build/Intermediates.noindex/OPS.build/Debug-iphonesimulator/OPS.build/DerivedSources/GeneratedAssetSymbols.swift -supplementary-output-file-map /Users/jacksonsweet/Library/Developer/Xcode/DerivedData/OPS-czavgtmnvamasvcjgszzuulfcsxj/Build/Intermediates.noindex/OPS.build/Debug-iphonesimulator/OPS.build/Objects-normal/arm64/supplementaryOutputs-4 -emit-localized-strings -emit-localized-strings-path /Users/jacksonsweet/Library/Developer/Xcode/DerivedData/OPS-czavgtmnvamasvcjgszzuulfcsxj/Build/Intermediates.noindex/OPS.build/Debug-iphonesimulator/OPS.build/Objects-normal/arm64 -target arm64-apple-ios18.2-simulator -Xllvm -aarch64-use-tbi -enable-objc-interop -sdk /Applications/Xcode.app/Contents/Developer/Platforms/iPhoneSimulator.platform/Developer/SDKs/iPhoneSimulator18.2.sdk -I /Users/jacksonsweet/Library/Developer/Xcode/DerivedData/OPS-czavgtmnvamasvcjgszzuulfcsxj/Build/Products/Debug-iphonesimulator -F /Users/jacksonsweet/Library/Developer/Xcode/DerivedData/OPS-czavgtmnvamasvcjgszzuulfcsxj/Build/Products/Debug-iphonesimulator -no-color-diagnostics -enable-testing -g -debug-info-format\=dwarf -dwarf-version\=5 -module-cache-path /Users/jacksonsweet/Library/Developer/Xcode/DerivedData/ModuleCache.noindex -profile-generate -profile-coverage-mapping -swift-version 5 -enforce-exclusivity\=checked -Onone -D DEBUG -serialize-debugging-options -const-gather-protocols-file /Users/jacksonsweet/Library/Developer/Xcode/DerivedData/OPS-czavgtmnvamasvcjgszzuulfcsxj/Build/Intermediates.noindex/OPS.build/Debug-iphonesimulator/OPS.build/Objects-normal/arm64/OPS_const_extract_protocols.json -enable-experimental-feature DebugDescriptionMacro -enable-experimental-feature OpaqueTypeErasure -enable-bare-slash-regex -empty-abi-descriptor -validate-clang-modules-once -clang-build-session-file /Users/jacksonsweet/Library/Developer/Xcode/DerivedData/ModuleCache.noindex/Session.modulevalidation -Xcc -working-directory -Xcc /Users/jacksonsweet/Desktop/OPS\ APP/OPS -resource-dir /Applications/Xcode.app/Contents/Developer/Toolchains/XcodeDefault.xctoolchain/usr/lib/swift -enable-anonymous-context-mangled-names -file-compilation-dir /Users/jacksonsweet/Desktop/OPS\ APP/OPS -Xcc -D_LIBCPP_HARDENING_MODE\=_LIBCPP_HARDENING_MODE_DEBUG -Xcc -ivfsstatcache -Xcc /Users/jacksonsweet/Library/Developer/Xcode/DerivedData/SDKStatCaches.noindex/iphonesimulator18.2-22C146-07b28473f605e47e75261259d3ef3b5a.sdkstatcache -Xcc -I/Users/jacksonsweet/Library/Developer/Xcode/DerivedData/OPS-czavgtmnvamasvcjgszzuulfcsxj/Build/Intermediates.noindex/OPS.build/Debug-iphonesimulator/OPS.build/swift-overrides.hmap -Xcc -iquote -Xcc /Users/jacksonsweet/Library/Developer/Xcode/DerivedData/OPS-czavgtmnvamasvcjgszzuulfcsxj/Build/Intermediates.noindex/OPS.build/Debug-iphonesimulator/OPS.build/OPS-generated-files.hmap -Xcc -I/Users/jacksonsweet/Library/Developer/Xcode/DerivedData/OPS-czavgtmnvamasvcjgszzuulfcsxj/Build/Intermediates.noindex/OPS.build/Debug-iphonesimulator/OPS.build/OPS-own-target-headers.hmap -Xcc -I/Users/jacksonsweet/Library/Developer/Xcode/DerivedData/OPS-czavgtmnvamasvcjgszzuulfcsxj/Build/Intermediates.noindex/OPS.build/Debug-iphonesimulator/OPS.build/OPS-all-target-headers.hmap -Xcc -iquote -Xcc /Users/jacksonsweet/Library/Developer/Xcode/DerivedData/OPS-czavgtmnvamasvcjgszzuulfcsxj/Build/Intermediates.noindex/OPS.build/Debug-iphonesimulator/OPS.build/OPS-project-headers.hmap -Xcc -I/Users/jacksonsweet/Library/Developer/Xcode/DerivedData/OPS-czavgtmnvamasvcjgszzuulfcsxj/Build/Products/Debug-iphonesimulator/include -Xcc -I/Users/jacksonsweet/Library/Developer/Xcode/DerivedData/OPS-czavgtmnvamasvcjgszzuulfcsxj/Build/Intermediates.noindex/OPS.build/Debug-iphonesimulator/OPS.build/DerivedSources-normal/arm64 -Xcc -I/Users/jacksonsweet/Library/Developer/Xcode/DerivedData/OPS-czavgtmnvamasvcjgszzuulfcsxj/Build/Intermediates.noindex/OPS.build/Debug-iphonesimulator/OPS.build/DerivedSources/arm64 -Xcc -I/Users/jacksonsweet/Library/Developer/Xcode/DerivedData/OPS-czavgtmnvamasvcjgszzuulfcsxj/Build/Intermediates.noindex/OPS.build/Debug-iphonesimulator/OPS.build/DerivedSources -Xcc -DDEBUG\=1 -module-name OPS -frontend-parseable-output -disable-clang-spi -target-sdk-version 18.2 -target-sdk-name iphonesimulator18.2 -external-plugin-path /Applications/Xcode.app/Contents/Developer/Platforms/iPhoneOS.platform/Developer/usr/lib/swift/host/plugins\#/Applications/Xcode.app/Contents/Developer/Platforms/iPhoneOS.platform/Developer/usr/bin/swift-plugin-server -external-plugin-path /Applications/Xcode.app/Contents/Developer/Platforms/iPhoneOS.platform/Developer/usr/local/lib/swift/host/plugins\#/Applications/Xcode.app/Contents/Developer/Platforms/iPhoneOS.platform/Developer/usr/bin/swift-plugin-server -plugin-path /Applications/Xcode.app/Contents/Developer/Toolchains/XcodeDefault.xctoolchain/usr/lib/swift/host/plugins -plugin-path /Applications/Xcode.app/Contents/Developer/Toolchains/XcodeDefault.xctoolchain/usr/local/lib/swift/host/plugins -o /Users/jacksonsweet/Library/Developer/Xcode/DerivedData/OPS-czavgtmnvamasvcjgszzuulfcsxj/Build/Intermediates.noindex/OPS.build/Debug-iphonesimulator/OPS.build/Objects-normal/arm64/PasswordView.o -o /Users/jacksonsweet/Library/Developer/Xcode/DerivedData/OPS-czavgtmnvamasvcjgszzuulfcsxj/Build/Intermediates.noindex/OPS.build/Debug-iphonesimulator/OPS.build/Objects-normal/arm64/PasswordViewPreview.o -o /Users/jacksonsweet/Library/Developer/Xcode/DerivedData/OPS-czavgtmnvamasvcjgszzuulfcsxj/Build/Intermediates.noindex/OPS.build/Debug-iphonesimulator/OPS.build/Objects-normal/arm64/PermissionsView.o -o /Users/jacksonsweet/Library/Developer/Xcode/DerivedData/OPS-czavgtmnvamasvcjgszzuulfcsxj/Build/Intermediates.noindex/OPS.build/Debug-iphonesimulator/OPS.build/Objects-normal/arm64/PermissionsViewPreview.o -o /Users/jacksonsweet/Library/Developer/Xcode/DerivedData/OPS-czavgtmnvamasvcjgszzuulfcsxj/Build/Intermediates.noindex/OPS.build/Debug-iphonesimulator/OPS.build/Objects-normal/arm64/PhoneNumberView.o -o /Users/jacksonsweet/Library/Developer/Xcode/DerivedData/OPS-czavgtmnvamasvcjgszzuulfcsxj/Build/Intermediates.noindex/OPS.build/Debug-iphonesimulator/OPS.build/Objects-normal/arm64/PhoneNumberViewPreview.o -o /Users/jacksonsweet/Library/Developer/Xcode/DerivedData/OPS-czavgtmnvamasvcjgszzuulfcsxj/Build/Intermediates.noindex/OPS.build/Debug-iphonesimulator/OPS.build/Objects-normal/arm64/UserInfoView.o -o /Users/jacksonsweet/Library/Developer/Xcode/DerivedData/OPS-czavgtmnvamasvcjgszzuulfcsxj/Build/Intermediates.noindex/OPS.build/Debug-iphonesimulator/OPS.build/Objects-normal/arm64/UserInfoViewPreview.o -o /Users/jacksonsweet/Library/Developer/Xcode/DerivedData/OPS-czavgtmnvamasvcjgszzuulfcsxj/Build/Intermediates.noindex/OPS.build/Debug-iphonesimulator/OPS.build/Objects-normal/arm64/VerifyPhoneView.o -o /Users/jacksonsweet/Library/Developer/Xcode/DerivedData/OPS-czavgtmnvamasvcjgszzuulfcsxj/Build/Intermediates.noindex/OPS.build/Debug-iphonesimulator/OPS.build/Objects-normal/arm64/WelcomeCompanyView.o -o /Users/jacksonsweet/Library/Developer/Xcode/DerivedData/OPS-czavgtmnvamasvcjgszzuulfcsxj/Build/Intermediates.noindex/OPS.build/Debug-iphonesimulator/OPS.build/Objects-normal/arm64/WelcomeCompanyViewPreview.o -o /Users/jacksonsweet/Library/Developer/Xcode/DerivedData/OPS-czavgtmnvamasvcjgszzuulfcsxj/Build/Intermediates.noindex/OPS.build/Debug-iphonesimulator/OPS.build/Objects-normal/arm64/WelcomeView.o -o /Users/jacksonsweet/Library/Developer/Xcode/DerivedData/OPS-czavgtmnvamasvcjgszzuulfcsxj/Build/Intermediates.noindex/OPS.build/Debug-iphonesimulator/OPS.build/Objects-normal/arm64/WelcomeViewPreview.o -index-unit-output-path /OPS.build/Debug-iphonesimulator/OPS.build/Objects-normal/arm64/PasswordView.o -index-unit-output-path /OPS.build/Debug-iphonesimulator/OPS.build/Objects-normal/arm64/PasswordViewPreview.o -index-unit-output-path /OPS.build/Debug-iphonesimulator/OPS.build/Objects-normal/arm64/PermissionsView.o -index-unit-output-path /OPS.build/Debug-iphonesimulator/OPS.build/Objects-normal/arm64/PermissionsViewPreview.o -index-unit-output-path /OPS.build/Debug-iphonesimulator/OPS.build/Objects-normal/arm64/PhoneNumberView.o -index-unit-output-path /OPS.build/Debug-iphonesimulator/OPS.build/Objects-normal/arm64/PhoneNumberViewPreview.o -index-unit-output-path /OPS.build/Debug-iphonesimulator/OPS.build/Objects-normal/arm64/UserInfoView.o -index-unit-output-path /OPS.build/Debug-iphonesimulator/OPS.build/Objects-normal/arm64/UserInfoViewPreview.o -index-unit-output-path /OPS.build/Debug-iphonesimulator/OPS.build/Objects-normal/arm64/VerifyPhoneView.o -index-unit-output-path /OPS.build/Debug-iphonesimulator/OPS.build/Objects-normal/arm64/WelcomeCompanyView.o -index-unit-output-path /OPS.build/Debug-iphonesimulator/OPS.build/Objects-normal/arm64/WelcomeCompanyViewPreview.o -index-unit-output-path /OPS.build/Debug-iphonesimulator/OPS.build/Objects-normal/arm64/WelcomeView.o -index-unit-output-path /OPS.build/Debug-iphonesimulator/OPS.build/Objects-normal/arm64/WelcomeViewPreview.o -index-store-path /Users/jacksonsweet/Library/Developer/Xcode/DerivedData/OPS-czavgtmnvamasvcjgszzuulfcsxj/Index.noindex/DataStore -index-system-modules

SwiftCompile normal arm64 /Users/jacksonsweet/Desktop/OPS\ APP/OPS/OPS/Onboarding/Views/Screens/WelcomeViewPreview.swift (in target 'OPS' from project 'OPS')
    cd /Users/jacksonsweet/Desktop/OPS\ APP/OPS
    /Applications/Xcode.app/Contents/Developer/Toolchains/XcodeDefault.xctoolchain/usr/bin/swift-frontend -c /Users/jacksonsweet/Desktop/OPS\ APP/OPS/OPS/DataModels/BubbleImage.swift /Users/jacksonsweet/Desktop/OPS\ APP/OPS/OPS/DataModels/BubbleTypes.swift /Users/jacksonsweet/Desktop/OPS\ APP/OPS/OPS/DataModels/Company.swift /Users/jacksonsweet/Desktop/OPS\ APP/OPS/OPS/DataModels/Project.swift /Users/jacksonsweet/Desktop/OPS\ APP/OPS/OPS/DataModels/Status.swift /Users/jacksonsweet/Desktop/OPS\ APP/OPS/OPS/DataModels/User.swift /Users/jacksonsweet/Desktop/OPS\ APP/OPS/OPS/DataModels/UserRole.swift /Users/jacksonsweet/Desktop/OPS\ APP/OPS/OPS/Extensions/UIImage+Extensions.swift /Users/jacksonsweet/Desktop/OPS\ APP/OPS/OPS/Network/API/APIError.swift /Users/jacksonsweet/Desktop/OPS\ APP/OPS/OPS/Network/API/APIService.swift /Users/jacksonsweet/Desktop/OPS\ APP/OPS/OPS/Network/API/BubbleFields.swift /Users/jacksonsweet/Desktop/OPS\ APP/OPS/OPS/Network/Auth/AuthError.swift /Users/jacksonsweet/Desktop/OPS\ APP/OPS/OPS/Network/Auth/AuthManager.swift /Users/jacksonsweet/Desktop/OPS\ APP/OPS/OPS/Network/Auth/KeychainManager.swift /Users/jacksonsweet/Desktop/OPS\ APP/OPS/OPS/Network/DTOs/CompanyDTO.swift /Users/jacksonsweet/Desktop/OPS\ APP/OPS/OPS/Network/DTOs/ProjectDTO.swift /Users/jacksonsweet/Desktop/OPS\ APP/OPS/OPS/Network/DTOs/UserDTO.swift /Users/jacksonsweet/Desktop/OPS\ APP/OPS/OPS/Network/Endpoints/CompanyEndpoints.swift /Users/jacksonsweet/Desktop/OPS\ APP/OPS/OPS/Network/Endpoints/ProjectEndpoints.swift /Users/jacksonsweet/Desktop/OPS\ APP/OPS/OPS/Network/Endpoints/UserEndpoints.swift /Users/jacksonsweet/Desktop/OPS\ APP/OPS/OPS/Network/Sync/BackgroundTaskManager.swift /Users/jacksonsweet/Desktop/OPS\ APP/OPS/OPS/Network/Sync/SyncManager.swift /Users/jacksonsweet/Desktop/OPS\ APP/OPS/OPS/Network/ConnectivityMonitor.swift /Users/jacksonsweet/Desktop/OPS\ APP/OPS/OPS/Network/ImageSyncManager.swift /Users/jacksonsweet/Desktop/OPS\ APP/OPS/OPS/Onboarding/Coordinators/OnboardingCoordinator.swift /Users/jacksonsweet/Desktop/OPS\ APP/OPS/OPS/Onboarding/Models/OnboardingModels.swift /Users/jacksonsweet/Desktop/OPS\ APP/OPS/OPS/Onboarding/Services/OnboardingService.swift /Users/jacksonsweet/Desktop/OPS\ APP/OPS/OPS/Onboarding/ViewModels/OnboardingViewModel.swift /Users/jacksonsweet/Desktop/OPS\ APP/OPS/OPS/Onboarding/Views/Components/OnboardingComponents.swift /Users/jacksonsweet/Desktop/OPS\ APP/OPS/OPS/Onboarding/Views/Screens/AccountCreatedView.swift /Users/jacksonsweet/Desktop/OPS\ APP/OPS/OPS/Onboarding/Views/Screens/CompanyCodeView.swift /Users/jacksonsweet/Desktop/OPS\ APP/OPS/OPS/Onboarding/Views/Screens/CompanyCodeViewPreview.swift /Users/jacksonsweet/Desktop/OPS\ APP/OPS/OPS/Onboarding/Views/Screens/CompletionView.swift /Users/jacksonsweet/Desktop/OPS\ APP/OPS/OPS/Onboarding/Views/Screens/CompletionViewPreview.swift /Users/jacksonsweet/Desktop/OPS\ APP/OPS/OPS/Onboarding/Views/Screens/EmailView.swift /Users/jacksonsweet/Desktop/OPS\ APP/OPS/OPS/Onboarding/Views/Screens/FieldSetupView.swift /Users/jacksonsweet/Desktop/OPS\ APP/OPS/OPS/Onboarding/Views/Screens/NotificationsView.swift /Users/jacksonsweet/Desktop/OPS\ APP/OPS/OPS/Onboarding/Views/Screens/NotificationsViewPreview.swift /Users/jacksonsweet/Desktop/OPS\ APP/OPS/OPS/Onboarding/Views/Screens/OrganizationJoinView.swift -primary-file /Users/jacksonsweet/Desktop/OPS\ APP/OPS/OPS/Onboarding/Views/Screens/PasswordView.swift -primary-file /Users/jacksonsweet/Desktop/OPS\ APP/OPS/OPS/Onboarding/Views/Screens/PasswordViewPreview.swift -primary-file /Users/jacksonsweet/Desktop/OPS\ APP/OPS/OPS/Onboarding/Views/Screens/PermissionsView.swift -primary-file /Users/jacksonsweet/Desktop/OPS\ APP/OPS/OPS/Onboarding/Views/Screens/PermissionsViewPreview.swift -primary-file /Users/jacksonsweet/Desktop/OPS\ APP/OPS/OPS/Onboarding/Views/Screens/PhoneNumberView.swift -primary-file /Users/jacksonsweet/Desktop/OPS\ APP/OPS/OPS/Onboarding/Views/Screens/PhoneNumberViewPreview.swift -primary-file /Users/jacksonsweet/Desktop/OPS\ APP/OPS/OPS/Onboarding/Views/Screens/UserInfoView.swift -primary-file /Users/jacksonsweet/Desktop/OPS\ APP/OPS/OPS/Onboarding/Views/Screens/UserInfoViewPreview.swift -primary-file /Users/jacksonsweet/Desktop/OPS\ APP/OPS/OPS/Onboarding/Views/Screens/VerifyPhoneView.swift -primary-file /Users/jacksonsweet/Desktop/OPS\ APP/OPS/OPS/Onboarding/Views/Screens/WelcomeCompanyView.swift -primary-file /Users/jacksonsweet/Desktop/OPS\ APP/OPS/OPS/Onboarding/Views/Screens/WelcomeCompanyViewPreview.swift -primary-file /Users/jacksonsweet/Desktop/OPS\ APP/OPS/OPS/Onboarding/Views/Screens/WelcomeView.swift -primary-file /Users/jacksonsweet/Desktop/OPS\ APP/OPS/OPS/Onboarding/Views/Screens/WelcomeViewPreview.swift /Users/jacksonsweet/Desktop/OPS\ APP/OPS/OPS/Onboarding/Views/OnboardingContainerView.swift /Users/jacksonsweet/Desktop/OPS\ APP/OPS/OPS/Onboarding/Views/OnboardingFlowPreview.swift /Users/jacksonsweet/Desktop/OPS\ APP/OPS/OPS/Onboarding/Views/OnboardingPresenter.swift /Users/jacksonsweet/Desktop/OPS\ APP/OPS/OPS/Onboarding/Views/OnboardingPreviewHelpers.swift /Users/jacksonsweet/Desktop/OPS\ APP/OPS/OPS/Styles/OPSStyle.swift /Users/jacksonsweet/Desktop/OPS\ APP/OPS/OPS/Utilities/AppConfiguration.swift /Users/jacksonsweet/Desktop/OPS\ APP/OPS/OPS/Utilities/ArrayTransformer.swift /Users/jacksonsweet/Desktop/OPS\ APP/OPS/OPS/Utilities/DataController.swift /Users/jacksonsweet/Desktop/OPS\ APP/OPS/OPS/Utilities/Dateformatter\ +Bubble.swift /Users/jacksonsweet/Desktop/OPS\ APP/OPS/OPS/Utilities/DateHelper.swift /Users/jacksonsweet/Desktop/OPS\ APP/OPS/OPS/Utilities/FieldErrorHandler.swift /Users/jacksonsweet/Desktop/OPS\ APP/OPS/OPS/Utilities/ImageCache.swift /Users/jacksonsweet/Desktop/OPS\ APP/OPS/OPS/Utilities/ImageFileManager.swift /Users/jacksonsweet/Desktop/OPS\ APP/OPS/OPS/Utilities/InProgressManager.swift /Users/jacksonsweet/Desktop/OPS\ APP/OPS/OPS/Utilities/KeyboardDismissalModifier.swift /Users/jacksonsweet/Desktop/OPS\ APP/OPS/OPS/Utilities/LocationManager.swift /Users/jacksonsweet/Desktop/OPS\ APP/OPS/OPS/Utilities/OnboardingEnvironmentKey.swift /Users/jacksonsweet/Desktop/OPS\ APP/OPS/OPS/Utilities/SwiftDataHelper.swift /Users/jacksonsweet/Desktop/OPS\ APP/OPS/OPS/Utilities/UIComponents.swift /Users/jacksonsweet/Desktop/OPS\ APP/OPS/OPS/V2/CertificationsSettingsView.swift /Users/jacksonsweet/Desktop/OPS\ APP/OPS/OPS/ViewModels/CalendarViewModel.swift /Users/jacksonsweet/Desktop/OPS\ APP/OPS/OPS/ViewModels/ProjectsViewModel.swift /Users/jacksonsweet/Desktop/OPS\ APP/OPS/OPS/Views/Calendar\ Tab/Components/CalendarDaySelector.swift /Users/jacksonsweet/Desktop/OPS\ APP/OPS/OPS/Views/Calendar\ Tab/Components/CalendarHeaderView.swift /Users/jacksonsweet/Desktop/OPS\ APP/OPS/OPS/Views/Calendar\ Tab/Components/CalendarProjectCard.swift /Users/jacksonsweet/Desktop/OPS\ APP/OPS/OPS/Views/Calendar\ Tab/Components/CalendarToggleView.swift /Users/jacksonsweet/Desktop/OPS\ APP/OPS/OPS/Views/Calendar\ Tab/Components/DatePickerPopover.swift /Users/jacksonsweet/Desktop/OPS\ APP/OPS/OPS/Views/Calendar\ Tab/Components/DayCell.swift /Users/jacksonsweet/Desktop/OPS\ APP/OPS/OPS/Views/Calendar\ Tab/ProjectViews/DayProjectSheet.swift /Users/jacksonsweet/Desktop/OPS\ APP/OPS/OPS/Views/Calendar\ Tab/ProjectViews/ProjectListView.swift /Users/jacksonsweet/Desktop/OPS\ APP/OPS/OPS/Views/Calendar\ Tab/MonthGridView.swift /Users/jacksonsweet/Desktop/OPS\ APP/OPS/OPS/Views/Components/Common/AppHeader.swift /Users/jacksonsweet/Desktop/OPS\ APP/OPS/OPS/Views/Components/Common/ExpandableNotesView.swift /Users/jacksonsweet/Desktop/OPS\ APP/OPS/OPS/Views/Components/Common/LocationPermissionView.swift /Users/jacksonsweet/Desktop/OPS\ APP/OPS/OPS/Views/Components/Common/NavigationBanner.swift /Users/jacksonsweet/Desktop/OPS\ APP/OPS/OPS/Views/Components/Common/NavigationControlsView.swift /Users/jacksonsweet/Desktop/OPS\ APP/OPS/OPS/Views/Components/Common/TabBarBackground.swift /Users/jacksonsweet/Desktop/OPS\ APP/OPS/OPS/Views/Components/Images/ImagePicker.swift /Users/jacksonsweet/Desktop/OPS\ APP/OPS/OPS/Views/Components/Images/ImagePickerView.swift /Users/jacksonsweet/Desktop/OPS\ APP/OPS/OPS/Views/Components/Images/ProjectImagesSection.swift /Users/jacksonsweet/Desktop/OPS\ APP/OPS/OPS/Views/Components/Images/ProjectImagesSimple.swift /Users/jacksonsweet/Desktop/OPS\ APP/OPS/OPS/Views/Components/Images/ProjectImageView.swift /Users/jacksonsweet/Desktop/OPS\ APP/OPS/OPS/Views/Components/Images/ProjectPhotosGrid.swift /Users/jacksonsweet/Desktop/OPS\ APP/OPS/OPS/Views/Components/Map/MiniMapView.swift /Users/jacksonsweet/Desktop/OPS\ APP/OPS/OPS/Views/Components/Map/ProjectMapAnnotation.swift /Users/jacksonsweet/Desktop/OPS\ APP/OPS/OPS/Views/Components/Map/ProjectMapView.swift /Users/jacksonsweet/Desktop/OPS\ APP/OPS/OPS/Views/Components/Map/ProjectMarkerPopup.swift /Users/jacksonsweet/Desktop/OPS\ APP/OPS/OPS/Views/Components/Map/RouteDirectionsView.swift /Users/jacksonsweet/Desktop/OPS\ APP/OPS/OPS/Views/Components/Project/ProjectActionBar.swift /Users/jacksonsweet/Desktop/OPS\ APP/OPS/OPS/Views/Components/Project/ProjectCard.swift /Users/jacksonsweet/Desktop/OPS\ APP/OPS/OPS/Views/Components/Project/ProjectCarousel.swift /Users/jacksonsweet/Desktop/OPS\ APP/OPS/OPS/Views/Components/Project/ProjectDetailsView.swift /Users/jacksonsweet/Desktop/OPS\ APP/OPS/OPS/Views/Components/Project/ProjectHeader.swift /Users/jacksonsweet/Desktop/OPS\ APP/OPS/OPS/Views/Components/Project/ProjectSheetContainer.swift /Users/jacksonsweet/Desktop/OPS\ APP/OPS/OPS/Views/Components/User/TeamMemberListView.swift /Users/jacksonsweet/Desktop/OPS\ APP/OPS/OPS/Views/Components/User/UserProfileCard.swift /Users/jacksonsweet/Desktop/OPS\ APP/OPS/OPS/Views/Home/HomeContentView.swift /Users/jacksonsweet/Desktop/OPS\ APP/OPS/OPS/Views/Home/HomeView.swift /Users/jacksonsweet/Desktop/OPS\ APP/OPS/OPS/Views/Settings/OrganizationSettingsView.swift /Users/jacksonsweet/Desktop/OPS\ APP/OPS/OPS/Views/Settings/ProfileSettingsView.swift /Users/jacksonsweet/Desktop/OPS\ APP/OPS/OPS/Views/Settings/ProjectHistorySettingsView.swift /Users/jacksonsweet/Desktop/OPS\ APP/OPS/OPS/Views/LoginView.swift /Users/jacksonsweet/Desktop/OPS\ APP/OPS/OPS/Views/LoginViewPreview.swift /Users/jacksonsweet/Desktop/OPS\ APP/OPS/OPS/Views/MainTabView.swift /Users/jacksonsweet/Desktop/OPS\ APP/OPS/OPS/Views/NetworkStatusIndicator.swift /Users/jacksonsweet/Desktop/OPS\ APP/OPS/OPS/Views/ScheduleView.swift /Users/jacksonsweet/Desktop/OPS\ APP/OPS/OPS/Views/SettingsView.swift /Users/jacksonsweet/Desktop/OPS\ APP/OPS/OPS/Views/SplashScreen.swift /Users/jacksonsweet/Desktop/OPS\ APP/OPS/OPS/AppState.swift /Users/jacksonsweet/Desktop/OPS\ APP/OPS/OPS/ContentView.swift /Users/jacksonsweet/Desktop/OPS\ APP/OPS/OPS/Item.swift /Users/jacksonsweet/Desktop/OPS\ APP/OPS/OPS/OPSApp.swift /Users/jacksonsweet/Library/Developer/Xcode/DerivedData/OPS-czavgtmnvamasvcjgszzuulfcsxj/Build/Intermediates.noindex/OPS.build/Debug-iphonesimulator/OPS.build/DerivedSources/GeneratedAssetSymbols.swift -supplementary-output-file-map /Users/jacksonsweet/Library/Developer/Xcode/DerivedData/OPS-czavgtmnvamasvcjgszzuulfcsxj/Build/Intermediates.noindex/OPS.build/Debug-iphonesimulator/OPS.build/Objects-normal/arm64/supplementaryOutputs-4 -emit-localized-strings -emit-localized-strings-path /Users/jacksonsweet/Library/Developer/Xcode/DerivedData/OPS-czavgtmnvamasvcjgszzuulfcsxj/Build/Intermediates.noindex/OPS.build/Debug-iphonesimulator/OPS.build/Objects-normal/arm64 -target arm64-apple-ios18.2-simulator -Xllvm -aarch64-use-tbi -enable-objc-interop -sdk /Applications/Xcode.app/Contents/Developer/Platforms/iPhoneSimulator.platform/Developer/SDKs/iPhoneSimulator18.2.sdk -I /Users/jacksonsweet/Library/Developer/Xcode/DerivedData/OPS-czavgtmnvamasvcjgszzuulfcsxj/Build/Products/Debug-iphonesimulator -F /Users/jacksonsweet/Library/Developer/Xcode/DerivedData/OPS-czavgtmnvamasvcjgszzuulfcsxj/Build/Products/Debug-iphonesimulator -no-color-diagnostics -enable-testing -g -debug-info-format\=dwarf -dwarf-version\=5 -module-cache-path /Users/jacksonsweet/Library/Developer/Xcode/DerivedData/ModuleCache.noindex -profile-generate -profile-coverage-mapping -swift-version 5 -enforce-exclusivity\=checked -Onone -D DEBUG -serialize-debugging-options -const-gather-protocols-file /Users/jacksonsweet/Library/Developer/Xcode/DerivedData/OPS-czavgtmnvamasvcjgszzuulfcsxj/Build/Intermediates.noindex/OPS.build/Debug-iphonesimulator/OPS.build/Objects-normal/arm64/OPS_const_extract_protocols.json -enable-experimental-feature DebugDescriptionMacro -enable-experimental-feature OpaqueTypeErasure -enable-bare-slash-regex -empty-abi-descriptor -validate-clang-modules-once -clang-build-session-file /Users/jacksonsweet/Library/Developer/Xcode/DerivedData/ModuleCache.noindex/Session.modulevalidation -Xcc -working-directory -Xcc /Users/jacksonsweet/Desktop/OPS\ APP/OPS -resource-dir /Applications/Xcode.app/Contents/Developer/Toolchains/XcodeDefault.xctoolchain/usr/lib/swift -enable-anonymous-context-mangled-names -file-compilation-dir /Users/jacksonsweet/Desktop/OPS\ APP/OPS -Xcc -D_LIBCPP_HARDENING_MODE\=_LIBCPP_HARDENING_MODE_DEBUG -Xcc -ivfsstatcache -Xcc /Users/jacksonsweet/Library/Developer/Xcode/DerivedData/SDKStatCaches.noindex/iphonesimulator18.2-22C146-07b28473f605e47e75261259d3ef3b5a.sdkstatcache -Xcc -I/Users/jacksonsweet/Library/Developer/Xcode/DerivedData/OPS-czavgtmnvamasvcjgszzuulfcsxj/Build/Intermediates.noindex/OPS.build/Debug-iphonesimulator/OPS.build/swift-overrides.hmap -Xcc -iquote -Xcc /Users/jacksonsweet/Library/Developer/Xcode/DerivedData/OPS-czavgtmnvamasvcjgszzuulfcsxj/Build/Intermediates.noindex/OPS.build/Debug-iphonesimulator/OPS.build/OPS-generated-files.hmap -Xcc -I/Users/jacksonsweet/Library/Developer/Xcode/DerivedData/OPS-czavgtmnvamasvcjgszzuulfcsxj/Build/Intermediates.noindex/OPS.build/Debug-iphonesimulator/OPS.build/OPS-own-target-headers.hmap -Xcc -I/Users/jacksonsweet/Library/Developer/Xcode/DerivedData/OPS-czavgtmnvamasvcjgszzuulfcsxj/Build/Intermediates.noindex/OPS.build/Debug-iphonesimulator/OPS.build/OPS-all-target-headers.hmap -Xcc -iquote -Xcc /Users/jacksonsweet/Library/Developer/Xcode/DerivedData/OPS-czavgtmnvamasvcjgszzuulfcsxj/Build/Intermediates.noindex/OPS.build/Debug-iphonesimulator/OPS.build/OPS-project-headers.hmap -Xcc -I/Users/jacksonsweet/Library/Developer/Xcode/DerivedData/OPS-czavgtmnvamasvcjgszzuulfcsxj/Build/Products/Debug-iphonesimulator/include -Xcc -I/Users/jacksonsweet/Library/Developer/Xcode/DerivedData/OPS-czavgtmnvamasvcjgszzuulfcsxj/Build/Intermediates.noindex/OPS.build/Debug-iphonesimulator/OPS.build/DerivedSources-normal/arm64 -Xcc -I/Users/jacksonsweet/Library/Developer/Xcode/DerivedData/OPS-czavgtmnvamasvcjgszzuulfcsxj/Build/Intermediates.noindex/OPS.build/Debug-iphonesimulator/OPS.build/DerivedSources/arm64 -Xcc -I/Users/jacksonsweet/Library/Developer/Xcode/DerivedData/OPS-czavgtmnvamasvcjgszzuulfcsxj/Build/Intermediates.noindex/OPS.build/Debug-iphonesimulator/OPS.build/DerivedSources -Xcc -DDEBUG\=1 -module-name OPS -frontend-parseable-output -disable-clang-spi -target-sdk-version 18.2 -target-sdk-name iphonesimulator18.2 -external-plugin-path /Applications/Xcode.app/Contents/Developer/Platforms/iPhoneOS.platform/Developer/usr/lib/swift/host/plugins\#/Applications/Xcode.app/Contents/Developer/Platforms/iPhoneOS.platform/Developer/usr/bin/swift-plugin-server -external-plugin-path /Applications/Xcode.app/Contents/Developer/Platforms/iPhoneOS.platform/Developer/usr/local/lib/swift/host/plugins\#/Applications/Xcode.app/Contents/Developer/Platforms/iPhoneOS.platform/Developer/usr/bin/swift-plugin-server -plugin-path /Applications/Xcode.app/Contents/Developer/Toolchains/XcodeDefault.xctoolchain/usr/lib/swift/host/plugins -plugin-path /Applications/Xcode.app/Contents/Developer/Toolchains/XcodeDefault.xctoolchain/usr/local/lib/swift/host/plugins -o /Users/jacksonsweet/Library/Developer/Xcode/DerivedData/OPS-czavgtmnvamasvcjgszzuulfcsxj/Build/Intermediates.noindex/OPS.build/Debug-iphonesimulator/OPS.build/Objects-normal/arm64/PasswordView.o -o /Users/jacksonsweet/Library/Developer/Xcode/DerivedData/OPS-czavgtmnvamasvcjgszzuulfcsxj/Build/Intermediates.noindex/OPS.build/Debug-iphonesimulator/OPS.build/Objects-normal/arm64/PasswordViewPreview.o -o /Users/jacksonsweet/Library/Developer/Xcode/DerivedData/OPS-czavgtmnvamasvcjgszzuulfcsxj/Build/Intermediates.noindex/OPS.build/Debug-iphonesimulator/OPS.build/Objects-normal/arm64/PermissionsView.o -o /Users/jacksonsweet/Library/Developer/Xcode/DerivedData/OPS-czavgtmnvamasvcjgszzuulfcsxj/Build/Intermediates.noindex/OPS.build/Debug-iphonesimulator/OPS.build/Objects-normal/arm64/PermissionsViewPreview.o -o /Users/jacksonsweet/Library/Developer/Xcode/DerivedData/OPS-czavgtmnvamasvcjgszzuulfcsxj/Build/Intermediates.noindex/OPS.build/Debug-iphonesimulator/OPS.build/Objects-normal/arm64/PhoneNumberView.o -o /Users/jacksonsweet/Library/Developer/Xcode/DerivedData/OPS-czavgtmnvamasvcjgszzuulfcsxj/Build/Intermediates.noindex/OPS.build/Debug-iphonesimulator/OPS.build/Objects-normal/arm64/PhoneNumberViewPreview.o -o /Users/jacksonsweet/Library/Developer/Xcode/DerivedData/OPS-czavgtmnvamasvcjgszzuulfcsxj/Build/Intermediates.noindex/OPS.build/Debug-iphonesimulator/OPS.build/Objects-normal/arm64/UserInfoView.o -o /Users/jacksonsweet/Library/Developer/Xcode/DerivedData/OPS-czavgtmnvamasvcjgszzuulfcsxj/Build/Intermediates.noindex/OPS.build/Debug-iphonesimulator/OPS.build/Objects-normal/arm64/UserInfoViewPreview.o -o /Users/jacksonsweet/Library/Developer/Xcode/DerivedData/OPS-czavgtmnvamasvcjgszzuulfcsxj/Build/Intermediates.noindex/OPS.build/Debug-iphonesimulator/OPS.build/Objects-normal/arm64/VerifyPhoneView.o -o /Users/jacksonsweet/Library/Developer/Xcode/DerivedData/OPS-czavgtmnvamasvcjgszzuulfcsxj/Build/Intermediates.noindex/OPS.build/Debug-iphonesimulator/OPS.build/Objects-normal/arm64/WelcomeCompanyView.o -o /Users/jacksonsweet/Library/Developer/Xcode/DerivedData/OPS-czavgtmnvamasvcjgszzuulfcsxj/Build/Intermediates.noindex/OPS.build/Debug-iphonesimulator/OPS.build/Objects-normal/arm64/WelcomeCompanyViewPreview.o -o /Users/jacksonsweet/Library/Developer/Xcode/DerivedData/OPS-czavgtmnvamasvcjgszzuulfcsxj/Build/Intermediates.noindex/OPS.build/Debug-iphonesimulator/OPS.build/Objects-normal/arm64/WelcomeView.o -o /Users/jacksonsweet/Library/Developer/Xcode/DerivedData/OPS-czavgtmnvamasvcjgszzuulfcsxj/Build/Intermediates.noindex/OPS.build/Debug-iphonesimulator/OPS.build/Objects-normal/arm64/WelcomeViewPreview.o -index-unit-output-path /OPS.build/Debug-iphonesimulator/OPS.build/Objects-normal/arm64/PasswordView.o -index-unit-output-path /OPS.build/Debug-iphonesimulator/OPS.build/Objects-normal/arm64/PasswordViewPreview.o -index-unit-output-path /OPS.build/Debug-iphonesimulator/OPS.build/Objects-normal/arm64/PermissionsView.o -index-unit-output-path /OPS.build/Debug-iphonesimulator/OPS.build/Objects-normal/arm64/PermissionsViewPreview.o -index-unit-output-path /OPS.build/Debug-iphonesimulator/OPS.build/Objects-normal/arm64/PhoneNumberView.o -index-unit-output-path /OPS.build/Debug-iphonesimulator/OPS.build/Objects-normal/arm64/PhoneNumberViewPreview.o -index-unit-output-path /OPS.build/Debug-iphonesimulator/OPS.build/Objects-normal/arm64/UserInfoView.o -index-unit-output-path /OPS.build/Debug-iphonesimulator/OPS.build/Objects-normal/arm64/UserInfoViewPreview.o -index-unit-output-path /OPS.build/Debug-iphonesimulator/OPS.build/Objects-normal/arm64/VerifyPhoneView.o -index-unit-output-path /OPS.build/Debug-iphonesimulator/OPS.build/Objects-normal/arm64/WelcomeCompanyView.o -index-unit-output-path /OPS.build/Debug-iphonesimulator/OPS.build/Objects-normal/arm64/WelcomeCompanyViewPreview.o -index-unit-output-path /OPS.build/Debug-iphonesimulator/OPS.build/Objects-normal/arm64/WelcomeView.o -index-unit-output-path /OPS.build/Debug-iphonesimulator/OPS.build/Objects-normal/arm64/WelcomeViewPreview.o -index-store-path /Users/jacksonsweet/Library/Developer/Xcode/DerivedData/OPS-czavgtmnvamasvcjgszzuulfcsxj/Index.noindex/DataStore -index-system-modules

SwiftDriverJobDiscovery normal arm64 Emitting module for OPS (in target 'OPS' from project 'OPS')

SwiftDriver\ Compilation\ Requirements OPS normal arm64 com.apple.xcode.tools.swift.compiler (in target 'OPS' from project 'OPS')
    cd /Users/jacksonsweet/Desktop/OPS\ APP/OPS
    builtin-Swift-Compilation-Requirements -- /Applications/Xcode.app/Contents/Developer/Toolchains/XcodeDefault.xctoolchain/usr/bin/swiftc -module-name OPS -Onone -enforce-exclusivity\=checked @/Users/jacksonsweet/Library/Developer/Xcode/DerivedData/OPS-czavgtmnvamasvcjgszzuulfcsxj/Build/Intermediates.noindex/OPS.build/Debug-iphonesimulator/OPS.build/Objects-normal/arm64/OPS.SwiftFileList -DDEBUG -enable-bare-slash-regex -enable-experimental-feature DebugDescriptionMacro -sdk /Applications/Xcode.app/Contents/Developer/Platforms/iPhoneSimulator.platform/Developer/SDKs/iPhoneSimulator18.2.sdk -target arm64-apple-ios18.2-simulator -g -module-cache-path /Users/jacksonsweet/Library/Developer/Xcode/DerivedData/ModuleCache.noindex -Xfrontend -serialize-debugging-options -profile-coverage-mapping -profile-generate -enable-testing -index-store-path /Users/jacksonsweet/Library/Developer/Xcode/DerivedData/OPS-czavgtmnvamasvcjgszzuulfcsxj/Index.noindex/DataStore -enable-experimental-feature OpaqueTypeErasure -Xcc -D_LIBCPP_HARDENING_MODE\=_LIBCPP_HARDENING_MODE_DEBUG -swift-version 5 -I /Users/jacksonsweet/Library/Developer/Xcode/DerivedData/OPS-czavgtmnvamasvcjgszzuulfcsxj/Build/Products/Debug-iphonesimulator -F /Users/jacksonsweet/Library/Developer/Xcode/DerivedData/OPS-czavgtmnvamasvcjgszzuulfcsxj/Build/Products/Debug-iphonesimulator -emit-localized-strings -emit-localized-strings-path /Users/jacksonsweet/Library/Developer/Xcode/DerivedData/OPS-czavgtmnvamasvcjgszzuulfcsxj/Build/Intermediates.noindex/OPS.build/Debug-iphonesimulator/OPS.build/Objects-normal/arm64 -c -j10 -enable-batch-mode -incremental -Xcc -ivfsstatcache -Xcc /Users/jacksonsweet/Library/Developer/Xcode/DerivedData/SDKStatCaches.noindex/iphonesimulator18.2-22C146-07b28473f605e47e75261259d3ef3b5a.sdkstatcache -output-file-map /Users/jacksonsweet/Library/Developer/Xcode/DerivedData/OPS-czavgtmnvamasvcjgszzuulfcsxj/Build/Intermediates.noindex/OPS.build/Debug-iphonesimulator/OPS.build/Objects-normal/arm64/OPS-OutputFileMap.json -use-frontend-parseable-output -save-temps -no-color-diagnostics -serialize-diagnostics -emit-dependencies -emit-module -emit-module-path /Users/jacksonsweet/Library/Developer/Xcode/DerivedData/OPS-czavgtmnvamasvcjgszzuulfcsxj/Build/Intermediates.noindex/OPS.build/Debug-iphonesimulator/OPS.build/Objects-normal/arm64/OPS.swiftmodule -validate-clang-modules-once -clang-build-session-file /Users/jacksonsweet/Library/Developer/Xcode/DerivedData/ModuleCache.noindex/Session.modulevalidation -Xcc -I/Users/jacksonsweet/Library/Developer/Xcode/DerivedData/OPS-czavgtmnvamasvcjgszzuulfcsxj/Build/Intermediates.noindex/OPS.build/Debug-iphonesimulator/OPS.build/swift-overrides.hmap -emit-const-values -Xfrontend -const-gather-protocols-file -Xfrontend /Users/jacksonsweet/Library/Developer/Xcode/DerivedData/OPS-czavgtmnvamasvcjgszzuulfcsxj/Build/Intermediates.noindex/OPS.build/Debug-iphonesimulator/OPS.build/Objects-normal/arm64/OPS_const_extract_protocols.json -Xcc -iquote -Xcc /Users/jacksonsweet/Library/Developer/Xcode/DerivedData/OPS-czavgtmnvamasvcjgszzuulfcsxj/Build/Intermediates.noindex/OPS.build/Debug-iphonesimulator/OPS.build/OPS-generated-files.hmap -Xcc -I/Users/jacksonsweet/Library/Developer/Xcode/DerivedData/OPS-czavgtmnvamasvcjgszzuulfcsxj/Build/Intermediates.noindex/OPS.build/Debug-iphonesimulator/OPS.build/OPS-own-target-headers.hmap -Xcc -I/Users/jacksonsweet/Library/Developer/Xcode/DerivedData/OPS-czavgtmnvamasvcjgszzuulfcsxj/Build/Intermediates.noindex/OPS.build/Debug-iphonesimulator/OPS.build/OPS-all-target-headers.hmap -Xcc -iquote -Xcc /Users/jacksonsweet/Library/Developer/Xcode/DerivedData/OPS-czavgtmnvamasvcjgszzuulfcsxj/Build/Intermediates.noindex/OPS.build/Debug-iphonesimulator/OPS.build/OPS-project-headers.hmap -Xcc -I/Users/jacksonsweet/Library/Developer/Xcode/DerivedData/OPS-czavgtmnvamasvcjgszzuulfcsxj/Build/Products/Debug-iphonesimulator/include -Xcc -I/Users/jacksonsweet/Library/Developer/Xcode/DerivedData/OPS-czavgtmnvamasvcjgszzuulfcsxj/Build/Intermediates.noindex/OPS.build/Debug-iphonesimulator/OPS.build/DerivedSources-normal/arm64 -Xcc -I/Users/jacksonsweet/Library/Developer/Xcode/DerivedData/OPS-czavgtmnvamasvcjgszzuulfcsxj/Build/Intermediates.noindex/OPS.build/Debug-iphonesimulator/OPS.build/DerivedSources/arm64 -Xcc -I/Users/jacksonsweet/Library/Developer/Xcode/DerivedData/OPS-czavgtmnvamasvcjgszzuulfcsxj/Build/Intermediates.noindex/OPS.build/Debug-iphonesimulator/OPS.build/DerivedSources -Xcc -DDEBUG\=1 -emit-objc-header -emit-objc-header-path /Users/jacksonsweet/Library/Developer/Xcode/DerivedData/OPS-czavgtmnvamasvcjgszzuulfcsxj/Build/Intermediates.noindex/OPS.build/Debug-iphonesimulator/OPS.build/Objects-normal/arm64/OPS-Swift.h -working-directory /Users/jacksonsweet/Desktop/OPS\ APP/OPS -experimental-emit-module-separately -disable-cmo

LinkAssetCatalog /Users/jacksonsweet/Desktop/OPS\ APP/OPS/OPS/Preview\ Content/Preview\ Assets.xcassets /Users/jacksonsweet/Desktop/OPS\ APP/OPS/OPS/Assets.xcassets (in target 'OPS' from project 'OPS')
    cd /Users/jacksonsweet/Desktop/OPS\ APP/OPS
    builtin-linkAssetCatalog --thinned /Users/jacksonsweet/Library/Developer/Xcode/DerivedData/OPS-czavgtmnvamasvcjgszzuulfcsxj/Build/Intermediates.noindex/OPS.build/Debug-iphonesimulator/OPS.build/assetcatalog_output/thinned --thinned-dependencies /Users/jacksonsweet/Library/Developer/Xcode/DerivedData/OPS-czavgtmnvamasvcjgszzuulfcsxj/Build/Intermediates.noindex/OPS.build/Debug-iphonesimulator/OPS.build/assetcatalog_dependencies_thinned --unthinned /Users/jacksonsweet/Library/Developer/Xcode/DerivedData/OPS-czavgtmnvamasvcjgszzuulfcsxj/Build/Intermediates.noindex/OPS.build/Debug-iphonesimulator/OPS.build/assetcatalog_output/unthinned --unthinned-dependencies /Users/jacksonsweet/Library/Developer/Xcode/DerivedData/OPS-czavgtmnvamasvcjgszzuulfcsxj/Build/Intermediates.noindex/OPS.build/Debug-iphonesimulator/OPS.build/assetcatalog_dependencies_unthinned --output /Users/jacksonsweet/Library/Developer/Xcode/DerivedData/OPS-czavgtmnvamasvcjgszzuulfcsxj/Build/Products/Debug-iphonesimulator/OPS.app
note: Emplaced /Users/jacksonsweet/Library/Developer/Xcode/DerivedData/OPS-czavgtmnvamasvcjgszzuulfcsxj/Build/Products/Debug-iphonesimulator/OPS.app/Assets.car (in target 'OPS' from project 'OPS')

SwiftCompile normal arm64 Compiling\ InProgressManager.swift,\ KeyboardDismissalModifier.swift,\ LocationManager.swift,\ OnboardingEnvironmentKey.swift,\ SwiftDataHelper.swift,\ UIComponents.swift,\ CertificationsSettingsView.swift,\ CalendarViewModel.swift,\ ProjectsViewModel.swift,\ CalendarDaySelector.swift,\ CalendarHeaderView.swift,\ CalendarProjectCard.swift /Users/jacksonsweet/Desktop/OPS\ APP/OPS/OPS/Utilities/InProgressManager.swift /Users/jacksonsweet/Desktop/OPS\ APP/OPS/OPS/Utilities/KeyboardDismissalModifier.swift /Users/jacksonsweet/Desktop/OPS\ APP/OPS/OPS/Utilities/LocationManager.swift /Users/jacksonsweet/Desktop/OPS\ APP/OPS/OPS/Utilities/OnboardingEnvironmentKey.swift /Users/jacksonsweet/Desktop/OPS\ APP/OPS/OPS/Utilities/SwiftDataHelper.swift /Users/jacksonsweet/Desktop/OPS\ APP/OPS/OPS/Utilities/UIComponents.swift /Users/jacksonsweet/Desktop/OPS\ APP/OPS/OPS/V2/CertificationsSettingsView.swift /Users/jacksonsweet/Desktop/OPS\ APP/OPS/OPS/ViewModels/CalendarViewModel.swift /Users/jacksonsweet/Desktop/OPS\ APP/OPS/OPS/ViewModels/ProjectsViewModel.swift /Users/jacksonsweet/Desktop/OPS\ APP/OPS/OPS/Views/Calendar\ Tab/Components/CalendarDaySelector.swift /Users/jacksonsweet/Desktop/OPS\ APP/OPS/OPS/Views/Calendar\ Tab/Components/CalendarHeaderView.swift /Users/jacksonsweet/Desktop/OPS\ APP/OPS/OPS/Views/Calendar\ Tab/Components/CalendarProjectCard.swift (in target 'OPS' from project 'OPS')
    cd /Users/jacksonsweet/Desktop/OPS\ APP/OPS
    builtin-swiftTaskExecution -- /Applications/Xcode.app/Contents/Developer/Toolchains/XcodeDefault.xctoolchain/usr/bin/swift-frontend -frontend -c /Users/jacksonsweet/Desktop/OPS\ APP/OPS/OPS/DataModels/BubbleImage.swift /Users/jacksonsweet/Desktop/OPS\ APP/OPS/OPS/DataModels/BubbleTypes.swift /Users/jacksonsweet/Desktop/OPS\ APP/OPS/OPS/DataModels/Company.swift /Users/jacksonsweet/Desktop/OPS\ APP/OPS/OPS/DataModels/Project.swift /Users/jacksonsweet/Desktop/OPS\ APP/OPS/OPS/DataModels/Status.swift /Users/jacksonsweet/Desktop/OPS\ APP/OPS/OPS/DataModels/User.swift /Users/jacksonsweet/Desktop/OPS\ APP/OPS/OPS/DataModels/UserRole.swift /Users/jacksonsweet/Desktop/OPS\ APP/OPS/OPS/Extensions/UIImage+Extensions.swift /Users/jacksonsweet/Desktop/OPS\ APP/OPS/OPS/Network/API/APIError.swift /Users/jacksonsweet/Desktop/OPS\ APP/OPS/OPS/Network/API/APIService.swift /Users/jacksonsweet/Desktop/OPS\ APP/OPS/OPS/Network/API/BubbleFields.swift /Users/jacksonsweet/Desktop/OPS\ APP/OPS/OPS/Network/Auth/AuthError.swift /Users/jacksonsweet/Desktop/OPS\ APP/OPS/OPS/Network/Auth/AuthManager.swift /Users/jacksonsweet/Desktop/OPS\ APP/OPS/OPS/Network/Auth/KeychainManager.swift /Users/jacksonsweet/Desktop/OPS\ APP/OPS/OPS/Network/DTOs/CompanyDTO.swift /Users/jacksonsweet/Desktop/OPS\ APP/OPS/OPS/Network/DTOs/ProjectDTO.swift /Users/jacksonsweet/Desktop/OPS\ APP/OPS/OPS/Network/DTOs/UserDTO.swift /Users/jacksonsweet/Desktop/OPS\ APP/OPS/OPS/Network/Endpoints/CompanyEndpoints.swift /Users/jacksonsweet/Desktop/OPS\ APP/OPS/OPS/Network/Endpoints/ProjectEndpoints.swift /Users/jacksonsweet/Desktop/OPS\ APP/OPS/OPS/Network/Endpoints/UserEndpoints.swift /Users/jacksonsweet/Desktop/OPS\ APP/OPS/OPS/Network/Sync/BackgroundTaskManager.swift /Users/jacksonsweet/Desktop/OPS\ APP/OPS/OPS/Network/Sync/SyncManager.swift /Users/jacksonsweet/Desktop/OPS\ APP/OPS/OPS/Network/ConnectivityMonitor.swift /Users/jacksonsweet/Desktop/OPS\ APP/OPS/OPS/Network/ImageSyncManager.swift /Users/jacksonsweet/Desktop/OPS\ APP/OPS/OPS/Onboarding/Coordinators/OnboardingCoordinator.swift /Users/jacksonsweet/Desktop/OPS\ APP/OPS/OPS/Onboarding/Models/OnboardingModels.swift /Users/jacksonsweet/Desktop/OPS\ APP/OPS/OPS/Onboarding/Services/OnboardingService.swift /Users/jacksonsweet/Desktop/OPS\ APP/OPS/OPS/Onboarding/ViewModels/OnboardingViewModel.swift /Users/jacksonsweet/Desktop/OPS\ APP/OPS/OPS/Onboarding/Views/Components/OnboardingComponents.swift /Users/jacksonsweet/Desktop/OPS\ APP/OPS/OPS/Onboarding/Views/Screens/AccountCreatedView.swift /Users/jacksonsweet/Desktop/OPS\ APP/OPS/OPS/Onboarding/Views/Screens/CompanyCodeView.swift /Users/jacksonsweet/Desktop/OPS\ APP/OPS/OPS/Onboarding/Views/Screens/CompanyCodeViewPreview.swift /Users/jacksonsweet/Desktop/OPS\ APP/OPS/OPS/Onboarding/Views/Screens/CompletionView.swift /Users/jacksonsweet/Desktop/OPS\ APP/OPS/OPS/Onboarding/Views/Screens/CompletionViewPreview.swift /Users/jacksonsweet/Desktop/OPS\ APP/OPS/OPS/Onboarding/Views/Screens/EmailView.swift /Users/jacksonsweet/Desktop/OPS\ APP/OPS/OPS/Onboarding/Views/Screens/FieldSetupView.swift /Users/jacksonsweet/Desktop/OPS\ APP/OPS/OPS/Onboarding/Views/Screens/NotificationsView.swift /Users/jacksonsweet/Desktop/OPS\ APP/OPS/OPS/Onboarding/Views/Screens/NotificationsViewPreview.swift /Users/jacksonsweet/Desktop/OPS\ APP/OPS/OPS/Onboarding/Views/Screens/OrganizationJoinView.swift /Users/jacksonsweet/Desktop/OPS\ APP/OPS/OPS/Onboarding/Views/Screens/PasswordView.swift /Users/jacksonsweet/Desktop/OPS\ APP/OPS/OPS/Onboarding/Views/Screens/PasswordViewPreview.swift /Users/jacksonsweet/Desktop/OPS\ APP/OPS/OPS/Onboarding/Views/Screens/PermissionsView.swift /Users/jacksonsweet/Desktop/OPS\ APP/OPS/OPS/Onboarding/Views/Screens/PermissionsViewPreview.swift /Users/jacksonsweet/Desktop/OPS\ APP/OPS/OPS/Onboarding/Views/Screens/PhoneNumberView.swift /Users/jacksonsweet/Desktop/OPS\ APP/OPS/OPS/Onboarding/Views/Screens/PhoneNumberViewPreview.swift /Users/jacksonsweet/Desktop/OPS\ APP/OPS/OPS/Onboarding/Views/Screens/UserInfoView.swift /Users/jacksonsweet/Desktop/OPS\ APP/OPS/OPS/Onboarding/Views/Screens/UserInfoViewPreview.swift /Users/jacksonsweet/Desktop/OPS\ APP/OPS/OPS/Onboarding/Views/Screens/VerifyPhoneView.swift /Users/jacksonsweet/Desktop/OPS\ APP/OPS/OPS/Onboarding/Views/Screens/WelcomeCompanyView.swift /Users/jacksonsweet/Desktop/OPS\ APP/OPS/OPS/Onboarding/Views/Screens/WelcomeCompanyViewPreview.swift /Users/jacksonsweet/Desktop/OPS\ APP/OPS/OPS/Onboarding/Views/Screens/WelcomeView.swift /Users/jacksonsweet/Desktop/OPS\ APP/OPS/OPS/Onboarding/Views/Screens/WelcomeViewPreview.swift /Users/jacksonsweet/Desktop/OPS\ APP/OPS/OPS/Onboarding/Views/OnboardingContainerView.swift /Users/jacksonsweet/Desktop/OPS\ APP/OPS/OPS/Onboarding/Views/OnboardingFlowPreview.swift /Users/jacksonsweet/Desktop/OPS\ APP/OPS/OPS/Onboarding/Views/OnboardingPresenter.swift /Users/jacksonsweet/Desktop/OPS\ APP/OPS/OPS/Onboarding/Views/OnboardingPreviewHelpers.swift /Users/jacksonsweet/Desktop/OPS\ APP/OPS/OPS/Styles/OPSStyle.swift /Users/jacksonsweet/Desktop/OPS\ APP/OPS/OPS/Utilities/AppConfiguration.swift /Users/jacksonsweet/Desktop/OPS\ APP/OPS/OPS/Utilities/ArrayTransformer.swift /Users/jacksonsweet/Desktop/OPS\ APP/OPS/OPS/Utilities/DataController.swift /Users/jacksonsweet/Desktop/OPS\ APP/OPS/OPS/Utilities/Dateformatter\ +Bubble.swift /Users/jacksonsweet/Desktop/OPS\ APP/OPS/OPS/Utilities/DateHelper.swift /Users/jacksonsweet/Desktop/OPS\ APP/OPS/OPS/Utilities/FieldErrorHandler.swift /Users/jacksonsweet/Desktop/OPS\ APP/OPS/OPS/Utilities/ImageCache.swift /Users/jacksonsweet/Desktop/OPS\ APP/OPS/OPS/Utilities/ImageFileManager.swift -primary-file /Users/jacksonsweet/Desktop/OPS\ APP/OPS/OPS/Utilities/InProgressManager.swift -primary-file /Users/jacksonsweet/Desktop/OPS\ APP/OPS/OPS/Utilities/KeyboardDismissalModifier.swift -primary-file /Users/jacksonsweet/Desktop/OPS\ APP/OPS/OPS/Utilities/LocationManager.swift -primary-file /Users/jacksonsweet/Desktop/OPS\ APP/OPS/OPS/Utilities/OnboardingEnvironmentKey.swift -primary-file /Users/jacksonsweet/Desktop/OPS\ APP/OPS/OPS/Utilities/SwiftDataHelper.swift -primary-file /Users/jacksonsweet/Desktop/OPS\ APP/OPS/OPS/Utilities/UIComponents.swift -primary-file /Users/jacksonsweet/Desktop/OPS\ APP/OPS/OPS/V2/CertificationsSettingsView.swift -primary-file /Users/jacksonsweet/Desktop/OPS\ APP/OPS/OPS/ViewModels/CalendarViewModel.swift -primary-file /Users/jacksonsweet/Desktop/OPS\ APP/OPS/OPS/ViewModels/ProjectsViewModel.swift -primary-file /Users/jacksonsweet/Desktop/OPS\ APP/OPS/OPS/Views/Calendar\ Tab/Components/CalendarDaySelector.swift -primary-file /Users/jacksonsweet/Desktop/OPS\ APP/OPS/OPS/Views/Calendar\ Tab/Components/CalendarHeaderView.swift -primary-file /Users/jacksonsweet/Desktop/OPS\ APP/OPS/OPS/Views/Calendar\ Tab/Components/CalendarProjectCard.swift /Users/jacksonsweet/Desktop/OPS\ APP/OPS/OPS/Views/Calendar\ Tab/Components/CalendarToggleView.swift /Users/jacksonsweet/Desktop/OPS\ APP/OPS/OPS/Views/Calendar\ Tab/Components/DatePickerPopover.swift /Users/jacksonsweet/Desktop/OPS\ APP/OPS/OPS/Views/Calendar\ Tab/Components/DayCell.swift /Users/jacksonsweet/Desktop/OPS\ APP/OPS/OPS/Views/Calendar\ Tab/ProjectViews/DayProjectSheet.swift /Users/jacksonsweet/Desktop/OPS\ APP/OPS/OPS/Views/Calendar\ Tab/ProjectViews/ProjectListView.swift /Users/jacksonsweet/Desktop/OPS\ APP/OPS/OPS/Views/Calendar\ Tab/MonthGridView.swift /Users/jacksonsweet/Desktop/OPS\ APP/OPS/OPS/Views/Components/Common/AppHeader.swift /Users/jacksonsweet/Desktop/OPS\ APP/OPS/OPS/Views/Components/Common/ExpandableNotesView.swift /Users/jacksonsweet/Desktop/OPS\ APP/OPS/OPS/Views/Components/Common/LocationPermissionView.swift /Users/jacksonsweet/Desktop/OPS\ APP/OPS/OPS/Views/Components/Common/NavigationBanner.swift /Users/jacksonsweet/Desktop/OPS\ APP/OPS/OPS/Views/Components/Common/NavigationControlsView.swift /Users/jacksonsweet/Desktop/OPS\ APP/OPS/OPS/Views/Components/Common/TabBarBackground.swift /Users/jacksonsweet/Desktop/OPS\ APP/OPS/OPS/Views/Components/Images/ImagePicker.swift /Users/jacksonsweet/Desktop/OPS\ APP/OPS/OPS/Views/Components/Images/ImagePickerView.swift /Users/jacksonsweet/Desktop/OPS\ APP/OPS/OPS/Views/Components/Images/ProjectImagesSection.swift /Users/jacksonsweet/Desktop/OPS\ APP/OPS/OPS/Views/Components/Images/ProjectImagesSimple.swift /Users/jacksonsweet/Desktop/OPS\ APP/OPS/OPS/Views/Components/Images/ProjectImageView.swift /Users/jacksonsweet/Desktop/OPS\ APP/OPS/OPS/Views/Components/Images/ProjectPhotosGrid.swift /Users/jacksonsweet/Desktop/OPS\ APP/OPS/OPS/Views/Components/Map/MiniMapView.swift /Users/jacksonsweet/Desktop/OPS\ APP/OPS/OPS/Views/Components/Map/ProjectMapAnnotation.swift /Users/jacksonsweet/Desktop/OPS\ APP/OPS/OPS/Views/Components/Map/ProjectMapView.swift /Users/jacksonsweet/Desktop/OPS\ APP/OPS/OPS/Views/Components/Map/ProjectMarkerPopup.swift /Users/jacksonsweet/Desktop/OPS\ APP/OPS/OPS/Views/Components/Map/RouteDirectionsView.swift /Users/jacksonsweet/Desktop/OPS\ APP/OPS/OPS/Views/Components/Project/ProjectActionBar.swift /Users/jacksonsweet/Desktop/OPS\ APP/OPS/OPS/Views/Components/Project/ProjectCard.swift /Users/jacksonsweet/Desktop/OPS\ APP/OPS/OPS/Views/Components/Project/ProjectCarousel.swift /Users/jacksonsweet/Desktop/OPS\ APP/OPS/OPS/Views/Components/Project/ProjectDetailsView.swift /Users/jacksonsweet/Desktop/OPS\ APP/OPS/OPS/Views/Components/Project/ProjectHeader.swift /Users/jacksonsweet/Desktop/OPS\ APP/OPS/OPS/Views/Components/Project/ProjectSheetContainer.swift /Users/jacksonsweet/Desktop/OPS\ APP/OPS/OPS/Views/Components/User/TeamMemberListView.swift /Users/jacksonsweet/Desktop/OPS\ APP/OPS/OPS/Views/Components/User/UserProfileCard.swift /Users/jacksonsweet/Desktop/OPS\ APP/OPS/OPS/Views/Home/HomeContentView.swift /Users/jacksonsweet/Desktop/OPS\ APP/OPS/OPS/Views/Home/HomeView.swift /Users/jacksonsweet/Desktop/OPS\ APP/OPS/OPS/Views/Settings/OrganizationSettingsView.swift /Users/jacksonsweet/Desktop/OPS\ APP/OPS/OPS/Views/Settings/ProfileSettingsView.swift /Users/jacksonsweet/Desktop/OPS\ APP/OPS/OPS/Views/Settings/ProjectHistorySettingsView.swift /Users/jacksonsweet/Desktop/OPS\ APP/OPS/OPS/Views/LoginView.swift /Users/jacksonsweet/Desktop/OPS\ APP/OPS/OPS/Views/LoginViewPreview.swift /Users/jacksonsweet/Desktop/OPS\ APP/OPS/OPS/Views/MainTabView.swift /Users/jacksonsweet/Desktop/OPS\ APP/OPS/OPS/Views/NetworkStatusIndicator.swift /Users/jacksonsweet/Desktop/OPS\ APP/OPS/OPS/Views/ScheduleView.swift /Users/jacksonsweet/Desktop/OPS\ APP/OPS/OPS/Views/SettingsView.swift /Users/jacksonsweet/Desktop/OPS\ APP/OPS/OPS/Views/SplashScreen.swift /Users/jacksonsweet/Desktop/OPS\ APP/OPS/OPS/AppState.swift /Users/jacksonsweet/Desktop/OPS\ APP/OPS/OPS/ContentView.swift /Users/jacksonsweet/Desktop/OPS\ APP/OPS/OPS/Item.swift /Users/jacksonsweet/Desktop/OPS\ APP/OPS/OPS/OPSApp.swift /Users/jacksonsweet/Library/Developer/Xcode/DerivedData/OPS-czavgtmnvamasvcjgszzuulfcsxj/Build/Intermediates.noindex/OPS.build/Debug-iphonesimulator/OPS.build/DerivedSources/GeneratedAssetSymbols.swift -supplementary-output-file-map /Users/jacksonsweet/Library/Developer/Xcode/DerivedData/OPS-czavgtmnvamasvcjgszzuulfcsxj/Build/Intermediates.noindex/OPS.build/Debug-iphonesimulator/OPS.build/Objects-normal/arm64/supplementaryOutputs-6 -emit-localized-strings -emit-localized-strings-path /Users/jacksonsweet/Library/Developer/Xcode/DerivedData/OPS-czavgtmnvamasvcjgszzuulfcsxj/Build/Intermediates.noindex/OPS.build/Debug-iphonesimulator/OPS.build/Objects-normal/arm64 -target arm64-apple-ios18.2-simulator -Xllvm -aarch64-use-tbi -enable-objc-interop -sdk /Applications/Xcode.app/Contents/Developer/Platforms/iPhoneSimulator.platform/Developer/SDKs/iPhoneSimulator18.2.sdk -I /Users/jacksonsweet/Library/Developer/Xcode/DerivedData/OPS-czavgtmnvamasvcjgszzuulfcsxj/Build/Products/Debug-iphonesimulator -F /Users/jacksonsweet/Library/Developer/Xcode/DerivedData/OPS-czavgtmnvamasvcjgszzuulfcsxj/Build/Products/Debug-iphonesimulator -no-color-diagnostics -enable-testing -g -debug-info-format\=dwarf -dwarf-version\=5 -module-cache-path /Users/jacksonsweet/Library/Developer/Xcode/DerivedData/ModuleCache.noindex -profile-generate -profile-coverage-mapping -swift-version 5 -enforce-exclusivity\=checked -Onone -D DEBUG -serialize-debugging-options -const-gather-protocols-file /Users/jacksonsweet/Library/Developer/Xcode/DerivedData/OPS-czavgtmnvamasvcjgszzuulfcsxj/Build/Intermediates.noindex/OPS.build/Debug-iphonesimulator/OPS.build/Objects-normal/arm64/OPS_const_extract_protocols.json -enable-experimental-feature DebugDescriptionMacro -enable-experimental-feature OpaqueTypeErasure -enable-bare-slash-regex -empty-abi-descriptor -validate-clang-modules-once -clang-build-session-file /Users/jacksonsweet/Library/Developer/Xcode/DerivedData/ModuleCache.noindex/Session.modulevalidation -Xcc -working-directory -Xcc /Users/jacksonsweet/Desktop/OPS\ APP/OPS -resource-dir /Applications/Xcode.app/Contents/Developer/Toolchains/XcodeDefault.xctoolchain/usr/lib/swift -enable-anonymous-context-mangled-names -file-compilation-dir /Users/jacksonsweet/Desktop/OPS\ APP/OPS -Xcc -D_LIBCPP_HARDENING_MODE\=_LIBCPP_HARDENING_MODE_DEBUG -Xcc -ivfsstatcache -Xcc /Users/jacksonsweet/Library/Developer/Xcode/DerivedData/SDKStatCaches.noindex/iphonesimulator18.2-22C146-07b28473f605e47e75261259d3ef3b5a.sdkstatcache -Xcc -I/Users/jacksonsweet/Library/Developer/Xcode/DerivedData/OPS-czavgtmnvamasvcjgszzuulfcsxj/Build/Intermediates.noindex/OPS.build/Debug-iphonesimulator/OPS.build/swift-overrides.hmap -Xcc -iquote -Xcc /Users/jacksonsweet/Library/Developer/Xcode/DerivedData/OPS-czavgtmnvamasvcjgszzuulfcsxj/Build/Intermediates.noindex/OPS.build/Debug-iphonesimulator/OPS.build/OPS-generated-files.hmap -Xcc -I/Users/jacksonsweet/Library/Developer/Xcode/DerivedData/OPS-czavgtmnvamasvcjgszzuulfcsxj/Build/Intermediates.noindex/OPS.build/Debug-iphonesimulator/OPS.build/OPS-own-target-headers.hmap -Xcc -I/Users/jacksonsweet/Library/Developer/Xcode/DerivedData/OPS-czavgtmnvamasvcjgszzuulfcsxj/Build/Intermediates.noindex/OPS.build/Debug-iphonesimulator/OPS.build/OPS-all-target-headers.hmap -Xcc -iquote -Xcc /Users/jacksonsweet/Library/Developer/Xcode/DerivedData/OPS-czavgtmnvamasvcjgszzuulfcsxj/Build/Intermediates.noindex/OPS.build/Debug-iphonesimulator/OPS.build/OPS-project-headers.hmap -Xcc -I/Users/jacksonsweet/Library/Developer/Xcode/DerivedData/OPS-czavgtmnvamasvcjgszzuulfcsxj/Build/Products/Debug-iphonesimulator/include -Xcc -I/Users/jacksonsweet/Library/Developer/Xcode/DerivedData/OPS-czavgtmnvamasvcjgszzuulfcsxj/Build/Intermediates.noindex/OPS.build/Debug-iphonesimulator/OPS.build/DerivedSources-normal/arm64 -Xcc -I/Users/jacksonsweet/Library/Developer/Xcode/DerivedData/OPS-czavgtmnvamasvcjgszzuulfcsxj/Build/Intermediates.noindex/OPS.build/Debug-iphonesimulator/OPS.build/DerivedSources/arm64 -Xcc -I/Users/jacksonsweet/Library/Developer/Xcode/DerivedData/OPS-czavgtmnvamasvcjgszzuulfcsxj/Build/Intermediates.noindex/OPS.build/Debug-iphonesimulator/OPS.build/DerivedSources -Xcc -DDEBUG\=1 -module-name OPS -frontend-parseable-output -disable-clang-spi -target-sdk-version 18.2 -target-sdk-name iphonesimulator18.2 -external-plugin-path /Applications/Xcode.app/Contents/Developer/Platforms/iPhoneOS.platform/Developer/usr/lib/swift/host/plugins\#/Applications/Xcode.app/Contents/Developer/Platforms/iPhoneOS.platform/Developer/usr/bin/swift-plugin-server -external-plugin-path /Applications/Xcode.app/Contents/Developer/Platforms/iPhoneOS.platform/Developer/usr/local/lib/swift/host/plugins\#/Applications/Xcode.app/Contents/Developer/Platforms/iPhoneOS.platform/Developer/usr/bin/swift-plugin-server -plugin-path /Applications/Xcode.app/Contents/Developer/Toolchains/XcodeDefault.xctoolchain/usr/lib/swift/host/plugins -plugin-path /Applications/Xcode.app/Contents/Developer/Toolchains/XcodeDefault.xctoolchain/usr/local/lib/swift/host/plugins -o /Users/jacksonsweet/Library/Developer/Xcode/DerivedData/OPS-czavgtmnvamasvcjgszzuulfcsxj/Build/Intermediates.noindex/OPS.build/Debug-iphonesimulator/OPS.build/Objects-normal/arm64/InProgressManager.o -o /Users/jacksonsweet/Library/Developer/Xcode/DerivedData/OPS-czavgtmnvamasvcjgszzuulfcsxj/Build/Intermediates.noindex/OPS.build/Debug-iphonesimulator/OPS.build/Objects-normal/arm64/KeyboardDismissalModifier.o -o /Users/jacksonsweet/Library/Developer/Xcode/DerivedData/OPS-czavgtmnvamasvcjgszzuulfcsxj/Build/Intermediates.noindex/OPS.build/Debug-iphonesimulator/OPS.build/Objects-normal/arm64/LocationManager.o -o /Users/jacksonsweet/Library/Developer/Xcode/DerivedData/OPS-czavgtmnvamasvcjgszzuulfcsxj/Build/Intermediates.noindex/OPS.build/Debug-iphonesimulator/OPS.build/Objects-normal/arm64/OnboardingEnvironmentKey.o -o /Users/jacksonsweet/Library/Developer/Xcode/DerivedData/OPS-czavgtmnvamasvcjgszzuulfcsxj/Build/Intermediates.noindex/OPS.build/Debug-iphonesimulator/OPS.build/Objects-normal/arm64/SwiftDataHelper.o -o /Users/jacksonsweet/Library/Developer/Xcode/DerivedData/OPS-czavgtmnvamasvcjgszzuulfcsxj/Build/Intermediates.noindex/OPS.build/Debug-iphonesimulator/OPS.build/Objects-normal/arm64/UIComponents.o -o /Users/jacksonsweet/Library/Developer/Xcode/DerivedData/OPS-czavgtmnvamasvcjgszzuulfcsxj/Build/Intermediates.noindex/OPS.build/Debug-iphonesimulator/OPS.build/Objects-normal/arm64/CertificationsSettingsView.o -o /Users/jacksonsweet/Library/Developer/Xcode/DerivedData/OPS-czavgtmnvamasvcjgszzuulfcsxj/Build/Intermediates.noindex/OPS.build/Debug-iphonesimulator/OPS.build/Objects-normal/arm64/CalendarViewModel.o -o /Users/jacksonsweet/Library/Developer/Xcode/DerivedData/OPS-czavgtmnvamasvcjgszzuulfcsxj/Build/Intermediates.noindex/OPS.build/Debug-iphonesimulator/OPS.build/Objects-normal/arm64/ProjectsViewModel.o -o /Users/jacksonsweet/Library/Developer/Xcode/DerivedData/OPS-czavgtmnvamasvcjgszzuulfcsxj/Build/Intermediates.noindex/OPS.build/Debug-iphonesimulator/OPS.build/Objects-normal/arm64/CalendarDaySelector.o -o /Users/jacksonsweet/Library/Developer/Xcode/DerivedData/OPS-czavgtmnvamasvcjgszzuulfcsxj/Build/Intermediates.noindex/OPS.build/Debug-iphonesimulator/OPS.build/Objects-normal/arm64/CalendarHeaderView.o -o /Users/jacksonsweet/Library/Developer/Xcode/DerivedData/OPS-czavgtmnvamasvcjgszzuulfcsxj/Build/Intermediates.noindex/OPS.build/Debug-iphonesimulator/OPS.build/Objects-normal/arm64/CalendarProjectCard.o -index-unit-output-path /OPS.build/Debug-iphonesimulator/OPS.build/Objects-normal/arm64/InProgressManager.o -index-unit-output-path /OPS.build/Debug-iphonesimulator/OPS.build/Objects-normal/arm64/KeyboardDismissalModifier.o -index-unit-output-path /OPS.build/Debug-iphonesimulator/OPS.build/Objects-normal/arm64/LocationManager.o -index-unit-output-path /OPS.build/Debug-iphonesimulator/OPS.build/Objects-normal/arm64/OnboardingEnvironmentKey.o -index-unit-output-path /OPS.build/Debug-iphonesimulator/OPS.build/Objects-normal/arm64/SwiftDataHelper.o -index-unit-output-path /OPS.build/Debug-iphonesimulator/OPS.build/Objects-normal/arm64/UIComponents.o -index-unit-output-path /OPS.build/Debug-iphonesimulator/OPS.build/Objects-normal/arm64/CertificationsSettingsView.o -index-unit-output-path /OPS.build/Debug-iphonesimulator/OPS.build/Objects-normal/arm64/CalendarViewModel.o -index-unit-output-path /OPS.build/Debug-iphonesimulator/OPS.build/Objects-normal/arm64/ProjectsViewModel.o -index-unit-output-path /OPS.build/Debug-iphonesimulator/OPS.build/Objects-normal/arm64/CalendarDaySelector.o -index-unit-output-path /OPS.build/Debug-iphonesimulator/OPS.build/Objects-normal/arm64/CalendarHeaderView.o -index-unit-output-path /OPS.build/Debug-iphonesimulator/OPS.build/Objects-normal/arm64/CalendarProjectCard.o -index-store-path /Users/jacksonsweet/Library/Developer/Xcode/DerivedData/OPS-czavgtmnvamasvcjgszzuulfcsxj/Index.noindex/DataStore -index-system-modules

SwiftCompile normal arm64 /Users/jacksonsweet/Desktop/OPS\ APP/OPS/OPS/Utilities/InProgressManager.swift (in target 'OPS' from project 'OPS')
    cd /Users/jacksonsweet/Desktop/OPS\ APP/OPS
    /Applications/Xcode.app/Contents/Developer/Toolchains/XcodeDefault.xctoolchain/usr/bin/swift-frontend -c /Users/jacksonsweet/Desktop/OPS\ APP/OPS/OPS/DataModels/BubbleImage.swift /Users/jacksonsweet/Desktop/OPS\ APP/OPS/OPS/DataModels/BubbleTypes.swift /Users/jacksonsweet/Desktop/OPS\ APP/OPS/OPS/DataModels/Company.swift /Users/jacksonsweet/Desktop/OPS\ APP/OPS/OPS/DataModels/Project.swift /Users/jacksonsweet/Desktop/OPS\ APP/OPS/OPS/DataModels/Status.swift /Users/jacksonsweet/Desktop/OPS\ APP/OPS/OPS/DataModels/User.swift /Users/jacksonsweet/Desktop/OPS\ APP/OPS/OPS/DataModels/UserRole.swift /Users/jacksonsweet/Desktop/OPS\ APP/OPS/OPS/Extensions/UIImage+Extensions.swift /Users/jacksonsweet/Desktop/OPS\ APP/OPS/OPS/Network/API/APIError.swift /Users/jacksonsweet/Desktop/OPS\ APP/OPS/OPS/Network/API/APIService.swift /Users/jacksonsweet/Desktop/OPS\ APP/OPS/OPS/Network/API/BubbleFields.swift /Users/jacksonsweet/Desktop/OPS\ APP/OPS/OPS/Network/Auth/AuthError.swift /Users/jacksonsweet/Desktop/OPS\ APP/OPS/OPS/Network/Auth/AuthManager.swift /Users/jacksonsweet/Desktop/OPS\ APP/OPS/OPS/Network/Auth/KeychainManager.swift /Users/jacksonsweet/Desktop/OPS\ APP/OPS/OPS/Network/DTOs/CompanyDTO.swift /Users/jacksonsweet/Desktop/OPS\ APP/OPS/OPS/Network/DTOs/ProjectDTO.swift /Users/jacksonsweet/Desktop/OPS\ APP/OPS/OPS/Network/DTOs/UserDTO.swift /Users/jacksonsweet/Desktop/OPS\ APP/OPS/OPS/Network/Endpoints/CompanyEndpoints.swift /Users/jacksonsweet/Desktop/OPS\ APP/OPS/OPS/Network/Endpoints/ProjectEndpoints.swift /Users/jacksonsweet/Desktop/OPS\ APP/OPS/OPS/Network/Endpoints/UserEndpoints.swift /Users/jacksonsweet/Desktop/OPS\ APP/OPS/OPS/Network/Sync/BackgroundTaskManager.swift /Users/jacksonsweet/Desktop/OPS\ APP/OPS/OPS/Network/Sync/SyncManager.swift /Users/jacksonsweet/Desktop/OPS\ APP/OPS/OPS/Network/ConnectivityMonitor.swift /Users/jacksonsweet/Desktop/OPS\ APP/OPS/OPS/Network/ImageSyncManager.swift /Users/jacksonsweet/Desktop/OPS\ APP/OPS/OPS/Onboarding/Coordinators/OnboardingCoordinator.swift /Users/jacksonsweet/Desktop/OPS\ APP/OPS/OPS/Onboarding/Models/OnboardingModels.swift /Users/jacksonsweet/Desktop/OPS\ APP/OPS/OPS/Onboarding/Services/OnboardingService.swift /Users/jacksonsweet/Desktop/OPS\ APP/OPS/OPS/Onboarding/ViewModels/OnboardingViewModel.swift /Users/jacksonsweet/Desktop/OPS\ APP/OPS/OPS/Onboarding/Views/Components/OnboardingComponents.swift /Users/jacksonsweet/Desktop/OPS\ APP/OPS/OPS/Onboarding/Views/Screens/AccountCreatedView.swift /Users/jacksonsweet/Desktop/OPS\ APP/OPS/OPS/Onboarding/Views/Screens/CompanyCodeView.swift /Users/jacksonsweet/Desktop/OPS\ APP/OPS/OPS/Onboarding/Views/Screens/CompanyCodeViewPreview.swift /Users/jacksonsweet/Desktop/OPS\ APP/OPS/OPS/Onboarding/Views/Screens/CompletionView.swift /Users/jacksonsweet/Desktop/OPS\ APP/OPS/OPS/Onboarding/Views/Screens/CompletionViewPreview.swift /Users/jacksonsweet/Desktop/OPS\ APP/OPS/OPS/Onboarding/Views/Screens/EmailView.swift /Users/jacksonsweet/Desktop/OPS\ APP/OPS/OPS/Onboarding/Views/Screens/FieldSetupView.swift /Users/jacksonsweet/Desktop/OPS\ APP/OPS/OPS/Onboarding/Views/Screens/NotificationsView.swift /Users/jacksonsweet/Desktop/OPS\ APP/OPS/OPS/Onboarding/Views/Screens/NotificationsViewPreview.swift /Users/jacksonsweet/Desktop/OPS\ APP/OPS/OPS/Onboarding/Views/Screens/OrganizationJoinView.swift /Users/jacksonsweet/Desktop/OPS\ APP/OPS/OPS/Onboarding/Views/Screens/PasswordView.swift /Users/jacksonsweet/Desktop/OPS\ APP/OPS/OPS/Onboarding/Views/Screens/PasswordViewPreview.swift /Users/jacksonsweet/Desktop/OPS\ APP/OPS/OPS/Onboarding/Views/Screens/PermissionsView.swift /Users/jacksonsweet/Desktop/OPS\ APP/OPS/OPS/Onboarding/Views/Screens/PermissionsViewPreview.swift /Users/jacksonsweet/Desktop/OPS\ APP/OPS/OPS/Onboarding/Views/Screens/PhoneNumberView.swift /Users/jacksonsweet/Desktop/OPS\ APP/OPS/OPS/Onboarding/Views/Screens/PhoneNumberViewPreview.swift /Users/jacksonsweet/Desktop/OPS\ APP/OPS/OPS/Onboarding/Views/Screens/UserInfoView.swift /Users/jacksonsweet/Desktop/OPS\ APP/OPS/OPS/Onboarding/Views/Screens/UserInfoViewPreview.swift /Users/jacksonsweet/Desktop/OPS\ APP/OPS/OPS/Onboarding/Views/Screens/VerifyPhoneView.swift /Users/jacksonsweet/Desktop/OPS\ APP/OPS/OPS/Onboarding/Views/Screens/WelcomeCompanyView.swift /Users/jacksonsweet/Desktop/OPS\ APP/OPS/OPS/Onboarding/Views/Screens/WelcomeCompanyViewPreview.swift /Users/jacksonsweet/Desktop/OPS\ APP/OPS/OPS/Onboarding/Views/Screens/WelcomeView.swift /Users/jacksonsweet/Desktop/OPS\ APP/OPS/OPS/Onboarding/Views/Screens/WelcomeViewPreview.swift /Users/jacksonsweet/Desktop/OPS\ APP/OPS/OPS/Onboarding/Views/OnboardingContainerView.swift /Users/jacksonsweet/Desktop/OPS\ APP/OPS/OPS/Onboarding/Views/OnboardingFlowPreview.swift /Users/jacksonsweet/Desktop/OPS\ APP/OPS/OPS/Onboarding/Views/OnboardingPresenter.swift /Users/jacksonsweet/Desktop/OPS\ APP/OPS/OPS/Onboarding/Views/OnboardingPreviewHelpers.swift /Users/jacksonsweet/Desktop/OPS\ APP/OPS/OPS/Styles/OPSStyle.swift /Users/jacksonsweet/Desktop/OPS\ APP/OPS/OPS/Utilities/AppConfiguration.swift /Users/jacksonsweet/Desktop/OPS\ APP/OPS/OPS/Utilities/ArrayTransformer.swift /Users/jacksonsweet/Desktop/OPS\ APP/OPS/OPS/Utilities/DataController.swift /Users/jacksonsweet/Desktop/OPS\ APP/OPS/OPS/Utilities/Dateformatter\ +Bubble.swift /Users/jacksonsweet/Desktop/OPS\ APP/OPS/OPS/Utilities/DateHelper.swift /Users/jacksonsweet/Desktop/OPS\ APP/OPS/OPS/Utilities/FieldErrorHandler.swift /Users/jacksonsweet/Desktop/OPS\ APP/OPS/OPS/Utilities/ImageCache.swift /Users/jacksonsweet/Desktop/OPS\ APP/OPS/OPS/Utilities/ImageFileManager.swift -primary-file /Users/jacksonsweet/Desktop/OPS\ APP/OPS/OPS/Utilities/InProgressManager.swift -primary-file /Users/jacksonsweet/Desktop/OPS\ APP/OPS/OPS/Utilities/KeyboardDismissalModifier.swift -primary-file /Users/jacksonsweet/Desktop/OPS\ APP/OPS/OPS/Utilities/LocationManager.swift -primary-file /Users/jacksonsweet/Desktop/OPS\ APP/OPS/OPS/Utilities/OnboardingEnvironmentKey.swift -primary-file /Users/jacksonsweet/Desktop/OPS\ APP/OPS/OPS/Utilities/SwiftDataHelper.swift -primary-file /Users/jacksonsweet/Desktop/OPS\ APP/OPS/OPS/Utilities/UIComponents.swift -primary-file /Users/jacksonsweet/Desktop/OPS\ APP/OPS/OPS/V2/CertificationsSettingsView.swift -primary-file /Users/jacksonsweet/Desktop/OPS\ APP/OPS/OPS/ViewModels/CalendarViewModel.swift -primary-file /Users/jacksonsweet/Desktop/OPS\ APP/OPS/OPS/ViewModels/ProjectsViewModel.swift -primary-file /Users/jacksonsweet/Desktop/OPS\ APP/OPS/OPS/Views/Calendar\ Tab/Components/CalendarDaySelector.swift -primary-file /Users/jacksonsweet/Desktop/OPS\ APP/OPS/OPS/Views/Calendar\ Tab/Components/CalendarHeaderView.swift -primary-file /Users/jacksonsweet/Desktop/OPS\ APP/OPS/OPS/Views/Calendar\ Tab/Components/CalendarProjectCard.swift /Users/jacksonsweet/Desktop/OPS\ APP/OPS/OPS/Views/Calendar\ Tab/Components/CalendarToggleView.swift /Users/jacksonsweet/Desktop/OPS\ APP/OPS/OPS/Views/Calendar\ Tab/Components/DatePickerPopover.swift /Users/jacksonsweet/Desktop/OPS\ APP/OPS/OPS/Views/Calendar\ Tab/Components/DayCell.swift /Users/jacksonsweet/Desktop/OPS\ APP/OPS/OPS/Views/Calendar\ Tab/ProjectViews/DayProjectSheet.swift /Users/jacksonsweet/Desktop/OPS\ APP/OPS/OPS/Views/Calendar\ Tab/ProjectViews/ProjectListView.swift /Users/jacksonsweet/Desktop/OPS\ APP/OPS/OPS/Views/Calendar\ Tab/MonthGridView.swift /Users/jacksonsweet/Desktop/OPS\ APP/OPS/OPS/Views/Components/Common/AppHeader.swift /Users/jacksonsweet/Desktop/OPS\ APP/OPS/OPS/Views/Components/Common/ExpandableNotesView.swift /Users/jacksonsweet/Desktop/OPS\ APP/OPS/OPS/Views/Components/Common/LocationPermissionView.swift /Users/jacksonsweet/Desktop/OPS\ APP/OPS/OPS/Views/Components/Common/NavigationBanner.swift /Users/jacksonsweet/Desktop/OPS\ APP/OPS/OPS/Views/Components/Common/NavigationControlsView.swift /Users/jacksonsweet/Desktop/OPS\ APP/OPS/OPS/Views/Components/Common/TabBarBackground.swift /Users/jacksonsweet/Desktop/OPS\ APP/OPS/OPS/Views/Components/Images/ImagePicker.swift /Users/jacksonsweet/Desktop/OPS\ APP/OPS/OPS/Views/Components/Images/ImagePickerView.swift /Users/jacksonsweet/Desktop/OPS\ APP/OPS/OPS/Views/Components/Images/ProjectImagesSection.swift /Users/jacksonsweet/Desktop/OPS\ APP/OPS/OPS/Views/Components/Images/ProjectImagesSimple.swift /Users/jacksonsweet/Desktop/OPS\ APP/OPS/OPS/Views/Components/Images/ProjectImageView.swift /Users/jacksonsweet/Desktop/OPS\ APP/OPS/OPS/Views/Components/Images/ProjectPhotosGrid.swift /Users/jacksonsweet/Desktop/OPS\ APP/OPS/OPS/Views/Components/Map/MiniMapView.swift /Users/jacksonsweet/Desktop/OPS\ APP/OPS/OPS/Views/Components/Map/ProjectMapAnnotation.swift /Users/jacksonsweet/Desktop/OPS\ APP/OPS/OPS/Views/Components/Map/ProjectMapView.swift /Users/jacksonsweet/Desktop/OPS\ APP/OPS/OPS/Views/Components/Map/ProjectMarkerPopup.swift /Users/jacksonsweet/Desktop/OPS\ APP/OPS/OPS/Views/Components/Map/RouteDirectionsView.swift /Users/jacksonsweet/Desktop/OPS\ APP/OPS/OPS/Views/Components/Project/ProjectActionBar.swift /Users/jacksonsweet/Desktop/OPS\ APP/OPS/OPS/Views/Components/Project/ProjectCard.swift /Users/jacksonsweet/Desktop/OPS\ APP/OPS/OPS/Views/Components/Project/ProjectCarousel.swift /Users/jacksonsweet/Desktop/OPS\ APP/OPS/OPS/Views/Components/Project/ProjectDetailsView.swift /Users/jacksonsweet/Desktop/OPS\ APP/OPS/OPS/Views/Components/Project/ProjectHeader.swift /Users/jacksonsweet/Desktop/OPS\ APP/OPS/OPS/Views/Components/Project/ProjectSheetContainer.swift /Users/jacksonsweet/Desktop/OPS\ APP/OPS/OPS/Views/Components/User/TeamMemberListView.swift /Users/jacksonsweet/Desktop/OPS\ APP/OPS/OPS/Views/Components/User/UserProfileCard.swift /Users/jacksonsweet/Desktop/OPS\ APP/OPS/OPS/Views/Home/HomeContentView.swift /Users/jacksonsweet/Desktop/OPS\ APP/OPS/OPS/Views/Home/HomeView.swift /Users/jacksonsweet/Desktop/OPS\ APP/OPS/OPS/Views/Settings/OrganizationSettingsView.swift /Users/jacksonsweet/Desktop/OPS\ APP/OPS/OPS/Views/Settings/ProfileSettingsView.swift /Users/jacksonsweet/Desktop/OPS\ APP/OPS/OPS/Views/Settings/ProjectHistorySettingsView.swift /Users/jacksonsweet/Desktop/OPS\ APP/OPS/OPS/Views/LoginView.swift /Users/jacksonsweet/Desktop/OPS\ APP/OPS/OPS/Views/LoginViewPreview.swift /Users/jacksonsweet/Desktop/OPS\ APP/OPS/OPS/Views/MainTabView.swift /Users/jacksonsweet/Desktop/OPS\ APP/OPS/OPS/Views/NetworkStatusIndicator.swift /Users/jacksonsweet/Desktop/OPS\ APP/OPS/OPS/Views/ScheduleView.swift /Users/jacksonsweet/Desktop/OPS\ APP/OPS/OPS/Views/SettingsView.swift /Users/jacksonsweet/Desktop/OPS\ APP/OPS/OPS/Views/SplashScreen.swift /Users/jacksonsweet/Desktop/OPS\ APP/OPS/OPS/AppState.swift /Users/jacksonsweet/Desktop/OPS\ APP/OPS/OPS/ContentView.swift /Users/jacksonsweet/Desktop/OPS\ APP/OPS/OPS/Item.swift /Users/jacksonsweet/Desktop/OPS\ APP/OPS/OPS/OPSApp.swift /Users/jacksonsweet/Library/Developer/Xcode/DerivedData/OPS-czavgtmnvamasvcjgszzuulfcsxj/Build/Intermediates.noindex/OPS.build/Debug-iphonesimulator/OPS.build/DerivedSources/GeneratedAssetSymbols.swift -supplementary-output-file-map /Users/jacksonsweet/Library/Developer/Xcode/DerivedData/OPS-czavgtmnvamasvcjgszzuulfcsxj/Build/Intermediates.noindex/OPS.build/Debug-iphonesimulator/OPS.build/Objects-normal/arm64/supplementaryOutputs-6 -emit-localized-strings -emit-localized-strings-path /Users/jacksonsweet/Library/Developer/Xcode/DerivedData/OPS-czavgtmnvamasvcjgszzuulfcsxj/Build/Intermediates.noindex/OPS.build/Debug-iphonesimulator/OPS.build/Objects-normal/arm64 -target arm64-apple-ios18.2-simulator -Xllvm -aarch64-use-tbi -enable-objc-interop -sdk /Applications/Xcode.app/Contents/Developer/Platforms/iPhoneSimulator.platform/Developer/SDKs/iPhoneSimulator18.2.sdk -I /Users/jacksonsweet/Library/Developer/Xcode/DerivedData/OPS-czavgtmnvamasvcjgszzuulfcsxj/Build/Products/Debug-iphonesimulator -F /Users/jacksonsweet/Library/Developer/Xcode/DerivedData/OPS-czavgtmnvamasvcjgszzuulfcsxj/Build/Products/Debug-iphonesimulator -no-color-diagnostics -enable-testing -g -debug-info-format\=dwarf -dwarf-version\=5 -module-cache-path /Users/jacksonsweet/Library/Developer/Xcode/DerivedData/ModuleCache.noindex -profile-generate -profile-coverage-mapping -swift-version 5 -enforce-exclusivity\=checked -Onone -D DEBUG -serialize-debugging-options -const-gather-protocols-file /Users/jacksonsweet/Library/Developer/Xcode/DerivedData/OPS-czavgtmnvamasvcjgszzuulfcsxj/Build/Intermediates.noindex/OPS.build/Debug-iphonesimulator/OPS.build/Objects-normal/arm64/OPS_const_extract_protocols.json -enable-experimental-feature DebugDescriptionMacro -enable-experimental-feature OpaqueTypeErasure -enable-bare-slash-regex -empty-abi-descriptor -validate-clang-modules-once -clang-build-session-file /Users/jacksonsweet/Library/Developer/Xcode/DerivedData/ModuleCache.noindex/Session.modulevalidation -Xcc -working-directory -Xcc /Users/jacksonsweet/Desktop/OPS\ APP/OPS -resource-dir /Applications/Xcode.app/Contents/Developer/Toolchains/XcodeDefault.xctoolchain/usr/lib/swift -enable-anonymous-context-mangled-names -file-compilation-dir /Users/jacksonsweet/Desktop/OPS\ APP/OPS -Xcc -D_LIBCPP_HARDENING_MODE\=_LIBCPP_HARDENING_MODE_DEBUG -Xcc -ivfsstatcache -Xcc /Users/jacksonsweet/Library/Developer/Xcode/DerivedData/SDKStatCaches.noindex/iphonesimulator18.2-22C146-07b28473f605e47e75261259d3ef3b5a.sdkstatcache -Xcc -I/Users/jacksonsweet/Library/Developer/Xcode/DerivedData/OPS-czavgtmnvamasvcjgszzuulfcsxj/Build/Intermediates.noindex/OPS.build/Debug-iphonesimulator/OPS.build/swift-overrides.hmap -Xcc -iquote -Xcc /Users/jacksonsweet/Library/Developer/Xcode/DerivedData/OPS-czavgtmnvamasvcjgszzuulfcsxj/Build/Intermediates.noindex/OPS.build/Debug-iphonesimulator/OPS.build/OPS-generated-files.hmap -Xcc -I/Users/jacksonsweet/Library/Developer/Xcode/DerivedData/OPS-czavgtmnvamasvcjgszzuulfcsxj/Build/Intermediates.noindex/OPS.build/Debug-iphonesimulator/OPS.build/OPS-own-target-headers.hmap -Xcc -I/Users/jacksonsweet/Library/Developer/Xcode/DerivedData/OPS-czavgtmnvamasvcjgszzuulfcsxj/Build/Intermediates.noindex/OPS.build/Debug-iphonesimulator/OPS.build/OPS-all-target-headers.hmap -Xcc -iquote -Xcc /Users/jacksonsweet/Library/Developer/Xcode/DerivedData/OPS-czavgtmnvamasvcjgszzuulfcsxj/Build/Intermediates.noindex/OPS.build/Debug-iphonesimulator/OPS.build/OPS-project-headers.hmap -Xcc -I/Users/jacksonsweet/Library/Developer/Xcode/DerivedData/OPS-czavgtmnvamasvcjgszzuulfcsxj/Build/Products/Debug-iphonesimulator/include -Xcc -I/Users/jacksonsweet/Library/Developer/Xcode/DerivedData/OPS-czavgtmnvamasvcjgszzuulfcsxj/Build/Intermediates.noindex/OPS.build/Debug-iphonesimulator/OPS.build/DerivedSources-normal/arm64 -Xcc -I/Users/jacksonsweet/Library/Developer/Xcode/DerivedData/OPS-czavgtmnvamasvcjgszzuulfcsxj/Build/Intermediates.noindex/OPS.build/Debug-iphonesimulator/OPS.build/DerivedSources/arm64 -Xcc -I/Users/jacksonsweet/Library/Developer/Xcode/DerivedData/OPS-czavgtmnvamasvcjgszzuulfcsxj/Build/Intermediates.noindex/OPS.build/Debug-iphonesimulator/OPS.build/DerivedSources -Xcc -DDEBUG\=1 -module-name OPS -frontend-parseable-output -disable-clang-spi -target-sdk-version 18.2 -target-sdk-name iphonesimulator18.2 -external-plugin-path /Applications/Xcode.app/Contents/Developer/Platforms/iPhoneOS.platform/Developer/usr/lib/swift/host/plugins\#/Applications/Xcode.app/Contents/Developer/Platforms/iPhoneOS.platform/Developer/usr/bin/swift-plugin-server -external-plugin-path /Applications/Xcode.app/Contents/Developer/Platforms/iPhoneOS.platform/Developer/usr/local/lib/swift/host/plugins\#/Applications/Xcode.app/Contents/Developer/Platforms/iPhoneOS.platform/Developer/usr/bin/swift-plugin-server -plugin-path /Applications/Xcode.app/Contents/Developer/Toolchains/XcodeDefault.xctoolchain/usr/lib/swift/host/plugins -plugin-path /Applications/Xcode.app/Contents/Developer/Toolchains/XcodeDefault.xctoolchain/usr/local/lib/swift/host/plugins -o /Users/jacksonsweet/Library/Developer/Xcode/DerivedData/OPS-czavgtmnvamasvcjgszzuulfcsxj/Build/Intermediates.noindex/OPS.build/Debug-iphonesimulator/OPS.build/Objects-normal/arm64/InProgressManager.o -o /Users/jacksonsweet/Library/Developer/Xcode/DerivedData/OPS-czavgtmnvamasvcjgszzuulfcsxj/Build/Intermediates.noindex/OPS.build/Debug-iphonesimulator/OPS.build/Objects-normal/arm64/KeyboardDismissalModifier.o -o /Users/jacksonsweet/Library/Developer/Xcode/DerivedData/OPS-czavgtmnvamasvcjgszzuulfcsxj/Build/Intermediates.noindex/OPS.build/Debug-iphonesimulator/OPS.build/Objects-normal/arm64/LocationManager.o -o /Users/jacksonsweet/Library/Developer/Xcode/DerivedData/OPS-czavgtmnvamasvcjgszzuulfcsxj/Build/Intermediates.noindex/OPS.build/Debug-iphonesimulator/OPS.build/Objects-normal/arm64/OnboardingEnvironmentKey.o -o /Users/jacksonsweet/Library/Developer/Xcode/DerivedData/OPS-czavgtmnvamasvcjgszzuulfcsxj/Build/Intermediates.noindex/OPS.build/Debug-iphonesimulator/OPS.build/Objects-normal/arm64/SwiftDataHelper.o -o /Users/jacksonsweet/Library/Developer/Xcode/DerivedData/OPS-czavgtmnvamasvcjgszzuulfcsxj/Build/Intermediates.noindex/OPS.build/Debug-iphonesimulator/OPS.build/Objects-normal/arm64/UIComponents.o -o /Users/jacksonsweet/Library/Developer/Xcode/DerivedData/OPS-czavgtmnvamasvcjgszzuulfcsxj/Build/Intermediates.noindex/OPS.build/Debug-iphonesimulator/OPS.build/Objects-normal/arm64/CertificationsSettingsView.o -o /Users/jacksonsweet/Library/Developer/Xcode/DerivedData/OPS-czavgtmnvamasvcjgszzuulfcsxj/Build/Intermediates.noindex/OPS.build/Debug-iphonesimulator/OPS.build/Objects-normal/arm64/CalendarViewModel.o -o /Users/jacksonsweet/Library/Developer/Xcode/DerivedData/OPS-czavgtmnvamasvcjgszzuulfcsxj/Build/Intermediates.noindex/OPS.build/Debug-iphonesimulator/OPS.build/Objects-normal/arm64/ProjectsViewModel.o -o /Users/jacksonsweet/Library/Developer/Xcode/DerivedData/OPS-czavgtmnvamasvcjgszzuulfcsxj/Build/Intermediates.noindex/OPS.build/Debug-iphonesimulator/OPS.build/Objects-normal/arm64/CalendarDaySelector.o -o /Users/jacksonsweet/Library/Developer/Xcode/DerivedData/OPS-czavgtmnvamasvcjgszzuulfcsxj/Build/Intermediates.noindex/OPS.build/Debug-iphonesimulator/OPS.build/Objects-normal/arm64/CalendarHeaderView.o -o /Users/jacksonsweet/Library/Developer/Xcode/DerivedData/OPS-czavgtmnvamasvcjgszzuulfcsxj/Build/Intermediates.noindex/OPS.build/Debug-iphonesimulator/OPS.build/Objects-normal/arm64/CalendarProjectCard.o -index-unit-output-path /OPS.build/Debug-iphonesimulator/OPS.build/Objects-normal/arm64/InProgressManager.o -index-unit-output-path /OPS.build/Debug-iphonesimulator/OPS.build/Objects-normal/arm64/KeyboardDismissalModifier.o -index-unit-output-path /OPS.build/Debug-iphonesimulator/OPS.build/Objects-normal/arm64/LocationManager.o -index-unit-output-path /OPS.build/Debug-iphonesimulator/OPS.build/Objects-normal/arm64/OnboardingEnvironmentKey.o -index-unit-output-path /OPS.build/Debug-iphonesimulator/OPS.build/Objects-normal/arm64/SwiftDataHelper.o -index-unit-output-path /OPS.build/Debug-iphonesimulator/OPS.build/Objects-normal/arm64/UIComponents.o -index-unit-output-path /OPS.build/Debug-iphonesimulator/OPS.build/Objects-normal/arm64/CertificationsSettingsView.o -index-unit-output-path /OPS.build/Debug-iphonesimulator/OPS.build/Objects-normal/arm64/CalendarViewModel.o -index-unit-output-path /OPS.build/Debug-iphonesimulator/OPS.build/Objects-normal/arm64/ProjectsViewModel.o -index-unit-output-path /OPS.build/Debug-iphonesimulator/OPS.build/Objects-normal/arm64/CalendarDaySelector.o -index-unit-output-path /OPS.build/Debug-iphonesimulator/OPS.build/Objects-normal/arm64/CalendarHeaderView.o -index-unit-output-path /OPS.build/Debug-iphonesimulator/OPS.build/Objects-normal/arm64/CalendarProjectCard.o -index-store-path /Users/jacksonsweet/Library/Developer/Xcode/DerivedData/OPS-czavgtmnvamasvcjgszzuulfcsxj/Index.noindex/DataStore -index-system-modules

SwiftCompile normal arm64 /Users/jacksonsweet/Desktop/OPS\ APP/OPS/OPS/Utilities/KeyboardDismissalModifier.swift (in target 'OPS' from project 'OPS')
    cd /Users/jacksonsweet/Desktop/OPS\ APP/OPS
    /Applications/Xcode.app/Contents/Developer/Toolchains/XcodeDefault.xctoolchain/usr/bin/swift-frontend -c /Users/jacksonsweet/Desktop/OPS\ APP/OPS/OPS/DataModels/BubbleImage.swift /Users/jacksonsweet/Desktop/OPS\ APP/OPS/OPS/DataModels/BubbleTypes.swift /Users/jacksonsweet/Desktop/OPS\ APP/OPS/OPS/DataModels/Company.swift /Users/jacksonsweet/Desktop/OPS\ APP/OPS/OPS/DataModels/Project.swift /Users/jacksonsweet/Desktop/OPS\ APP/OPS/OPS/DataModels/Status.swift /Users/jacksonsweet/Desktop/OPS\ APP/OPS/OPS/DataModels/User.swift /Users/jacksonsweet/Desktop/OPS\ APP/OPS/OPS/DataModels/UserRole.swift /Users/jacksonsweet/Desktop/OPS\ APP/OPS/OPS/Extensions/UIImage+Extensions.swift /Users/jacksonsweet/Desktop/OPS\ APP/OPS/OPS/Network/API/APIError.swift /Users/jacksonsweet/Desktop/OPS\ APP/OPS/OPS/Network/API/APIService.swift /Users/jacksonsweet/Desktop/OPS\ APP/OPS/OPS/Network/API/BubbleFields.swift /Users/jacksonsweet/Desktop/OPS\ APP/OPS/OPS/Network/Auth/AuthError.swift /Users/jacksonsweet/Desktop/OPS\ APP/OPS/OPS/Network/Auth/AuthManager.swift /Users/jacksonsweet/Desktop/OPS\ APP/OPS/OPS/Network/Auth/KeychainManager.swift /Users/jacksonsweet/Desktop/OPS\ APP/OPS/OPS/Network/DTOs/CompanyDTO.swift /Users/jacksonsweet/Desktop/OPS\ APP/OPS/OPS/Network/DTOs/ProjectDTO.swift /Users/jacksonsweet/Desktop/OPS\ APP/OPS/OPS/Network/DTOs/UserDTO.swift /Users/jacksonsweet/Desktop/OPS\ APP/OPS/OPS/Network/Endpoints/CompanyEndpoints.swift /Users/jacksonsweet/Desktop/OPS\ APP/OPS/OPS/Network/Endpoints/ProjectEndpoints.swift /Users/jacksonsweet/Desktop/OPS\ APP/OPS/OPS/Network/Endpoints/UserEndpoints.swift /Users/jacksonsweet/Desktop/OPS\ APP/OPS/OPS/Network/Sync/BackgroundTaskManager.swift /Users/jacksonsweet/Desktop/OPS\ APP/OPS/OPS/Network/Sync/SyncManager.swift /Users/jacksonsweet/Desktop/OPS\ APP/OPS/OPS/Network/ConnectivityMonitor.swift /Users/jacksonsweet/Desktop/OPS\ APP/OPS/OPS/Network/ImageSyncManager.swift /Users/jacksonsweet/Desktop/OPS\ APP/OPS/OPS/Onboarding/Coordinators/OnboardingCoordinator.swift /Users/jacksonsweet/Desktop/OPS\ APP/OPS/OPS/Onboarding/Models/OnboardingModels.swift /Users/jacksonsweet/Desktop/OPS\ APP/OPS/OPS/Onboarding/Services/OnboardingService.swift /Users/jacksonsweet/Desktop/OPS\ APP/OPS/OPS/Onboarding/ViewModels/OnboardingViewModel.swift /Users/jacksonsweet/Desktop/OPS\ APP/OPS/OPS/Onboarding/Views/Components/OnboardingComponents.swift /Users/jacksonsweet/Desktop/OPS\ APP/OPS/OPS/Onboarding/Views/Screens/AccountCreatedView.swift /Users/jacksonsweet/Desktop/OPS\ APP/OPS/OPS/Onboarding/Views/Screens/CompanyCodeView.swift /Users/jacksonsweet/Desktop/OPS\ APP/OPS/OPS/Onboarding/Views/Screens/CompanyCodeViewPreview.swift /Users/jacksonsweet/Desktop/OPS\ APP/OPS/OPS/Onboarding/Views/Screens/CompletionView.swift /Users/jacksonsweet/Desktop/OPS\ APP/OPS/OPS/Onboarding/Views/Screens/CompletionViewPreview.swift /Users/jacksonsweet/Desktop/OPS\ APP/OPS/OPS/Onboarding/Views/Screens/EmailView.swift /Users/jacksonsweet/Desktop/OPS\ APP/OPS/OPS/Onboarding/Views/Screens/FieldSetupView.swift /Users/jacksonsweet/Desktop/OPS\ APP/OPS/OPS/Onboarding/Views/Screens/NotificationsView.swift /Users/jacksonsweet/Desktop/OPS\ APP/OPS/OPS/Onboarding/Views/Screens/NotificationsViewPreview.swift /Users/jacksonsweet/Desktop/OPS\ APP/OPS/OPS/Onboarding/Views/Screens/OrganizationJoinView.swift /Users/jacksonsweet/Desktop/OPS\ APP/OPS/OPS/Onboarding/Views/Screens/PasswordView.swift /Users/jacksonsweet/Desktop/OPS\ APP/OPS/OPS/Onboarding/Views/Screens/PasswordViewPreview.swift /Users/jacksonsweet/Desktop/OPS\ APP/OPS/OPS/Onboarding/Views/Screens/PermissionsView.swift /Users/jacksonsweet/Desktop/OPS\ APP/OPS/OPS/Onboarding/Views/Screens/PermissionsViewPreview.swift /Users/jacksonsweet/Desktop/OPS\ APP/OPS/OPS/Onboarding/Views/Screens/PhoneNumberView.swift /Users/jacksonsweet/Desktop/OPS\ APP/OPS/OPS/Onboarding/Views/Screens/PhoneNumberViewPreview.swift /Users/jacksonsweet/Desktop/OPS\ APP/OPS/OPS/Onboarding/Views/Screens/UserInfoView.swift /Users/jacksonsweet/Desktop/OPS\ APP/OPS/OPS/Onboarding/Views/Screens/UserInfoViewPreview.swift /Users/jacksonsweet/Desktop/OPS\ APP/OPS/OPS/Onboarding/Views/Screens/VerifyPhoneView.swift /Users/jacksonsweet/Desktop/OPS\ APP/OPS/OPS/Onboarding/Views/Screens/WelcomeCompanyView.swift /Users/jacksonsweet/Desktop/OPS\ APP/OPS/OPS/Onboarding/Views/Screens/WelcomeCompanyViewPreview.swift /Users/jacksonsweet/Desktop/OPS\ APP/OPS/OPS/Onboarding/Views/Screens/WelcomeView.swift /Users/jacksonsweet/Desktop/OPS\ APP/OPS/OPS/Onboarding/Views/Screens/WelcomeViewPreview.swift /Users/jacksonsweet/Desktop/OPS\ APP/OPS/OPS/Onboarding/Views/OnboardingContainerView.swift /Users/jacksonsweet/Desktop/OPS\ APP/OPS/OPS/Onboarding/Views/OnboardingFlowPreview.swift /Users/jacksonsweet/Desktop/OPS\ APP/OPS/OPS/Onboarding/Views/OnboardingPresenter.swift /Users/jacksonsweet/Desktop/OPS\ APP/OPS/OPS/Onboarding/Views/OnboardingPreviewHelpers.swift /Users/jacksonsweet/Desktop/OPS\ APP/OPS/OPS/Styles/OPSStyle.swift /Users/jacksonsweet/Desktop/OPS\ APP/OPS/OPS/Utilities/AppConfiguration.swift /Users/jacksonsweet/Desktop/OPS\ APP/OPS/OPS/Utilities/ArrayTransformer.swift /Users/jacksonsweet/Desktop/OPS\ APP/OPS/OPS/Utilities/DataController.swift /Users/jacksonsweet/Desktop/OPS\ APP/OPS/OPS/Utilities/Dateformatter\ +Bubble.swift /Users/jacksonsweet/Desktop/OPS\ APP/OPS/OPS/Utilities/DateHelper.swift /Users/jacksonsweet/Desktop/OPS\ APP/OPS/OPS/Utilities/FieldErrorHandler.swift /Users/jacksonsweet/Desktop/OPS\ APP/OPS/OPS/Utilities/ImageCache.swift /Users/jacksonsweet/Desktop/OPS\ APP/OPS/OPS/Utilities/ImageFileManager.swift -primary-file /Users/jacksonsweet/Desktop/OPS\ APP/OPS/OPS/Utilities/InProgressManager.swift -primary-file /Users/jacksonsweet/Desktop/OPS\ APP/OPS/OPS/Utilities/KeyboardDismissalModifier.swift -primary-file /Users/jacksonsweet/Desktop/OPS\ APP/OPS/OPS/Utilities/LocationManager.swift -primary-file /Users/jacksonsweet/Desktop/OPS\ APP/OPS/OPS/Utilities/OnboardingEnvironmentKey.swift -primary-file /Users/jacksonsweet/Desktop/OPS\ APP/OPS/OPS/Utilities/SwiftDataHelper.swift -primary-file /Users/jacksonsweet/Desktop/OPS\ APP/OPS/OPS/Utilities/UIComponents.swift -primary-file /Users/jacksonsweet/Desktop/OPS\ APP/OPS/OPS/V2/CertificationsSettingsView.swift -primary-file /Users/jacksonsweet/Desktop/OPS\ APP/OPS/OPS/ViewModels/CalendarViewModel.swift -primary-file /Users/jacksonsweet/Desktop/OPS\ APP/OPS/OPS/ViewModels/ProjectsViewModel.swift -primary-file /Users/jacksonsweet/Desktop/OPS\ APP/OPS/OPS/Views/Calendar\ Tab/Components/CalendarDaySelector.swift -primary-file /Users/jacksonsweet/Desktop/OPS\ APP/OPS/OPS/Views/Calendar\ Tab/Components/CalendarHeaderView.swift -primary-file /Users/jacksonsweet/Desktop/OPS\ APP/OPS/OPS/Views/Calendar\ Tab/Components/CalendarProjectCard.swift /Users/jacksonsweet/Desktop/OPS\ APP/OPS/OPS/Views/Calendar\ Tab/Components/CalendarToggleView.swift /Users/jacksonsweet/Desktop/OPS\ APP/OPS/OPS/Views/Calendar\ Tab/Components/DatePickerPopover.swift /Users/jacksonsweet/Desktop/OPS\ APP/OPS/OPS/Views/Calendar\ Tab/Components/DayCell.swift /Users/jacksonsweet/Desktop/OPS\ APP/OPS/OPS/Views/Calendar\ Tab/ProjectViews/DayProjectSheet.swift /Users/jacksonsweet/Desktop/OPS\ APP/OPS/OPS/Views/Calendar\ Tab/ProjectViews/ProjectListView.swift /Users/jacksonsweet/Desktop/OPS\ APP/OPS/OPS/Views/Calendar\ Tab/MonthGridView.swift /Users/jacksonsweet/Desktop/OPS\ APP/OPS/OPS/Views/Components/Common/AppHeader.swift /Users/jacksonsweet/Desktop/OPS\ APP/OPS/OPS/Views/Components/Common/ExpandableNotesView.swift /Users/jacksonsweet/Desktop/OPS\ APP/OPS/OPS/Views/Components/Common/LocationPermissionView.swift /Users/jacksonsweet/Desktop/OPS\ APP/OPS/OPS/Views/Components/Common/NavigationBanner.swift /Users/jacksonsweet/Desktop/OPS\ APP/OPS/OPS/Views/Components/Common/NavigationControlsView.swift /Users/jacksonsweet/Desktop/OPS\ APP/OPS/OPS/Views/Components/Common/TabBarBackground.swift /Users/jacksonsweet/Desktop/OPS\ APP/OPS/OPS/Views/Components/Images/ImagePicker.swift /Users/jacksonsweet/Desktop/OPS\ APP/OPS/OPS/Views/Components/Images/ImagePickerView.swift /Users/jacksonsweet/Desktop/OPS\ APP/OPS/OPS/Views/Components/Images/ProjectImagesSection.swift /Users/jacksonsweet/Desktop/OPS\ APP/OPS/OPS/Views/Components/Images/ProjectImagesSimple.swift /Users/jacksonsweet/Desktop/OPS\ APP/OPS/OPS/Views/Components/Images/ProjectImageView.swift /Users/jacksonsweet/Desktop/OPS\ APP/OPS/OPS/Views/Components/Images/ProjectPhotosGrid.swift /Users/jacksonsweet/Desktop/OPS\ APP/OPS/OPS/Views/Components/Map/MiniMapView.swift /Users/jacksonsweet/Desktop/OPS\ APP/OPS/OPS/Views/Components/Map/ProjectMapAnnotation.swift /Users/jacksonsweet/Desktop/OPS\ APP/OPS/OPS/Views/Components/Map/ProjectMapView.swift /Users/jacksonsweet/Desktop/OPS\ APP/OPS/OPS/Views/Components/Map/ProjectMarkerPopup.swift /Users/jacksonsweet/Desktop/OPS\ APP/OPS/OPS/Views/Components/Map/RouteDirectionsView.swift /Users/jacksonsweet/Desktop/OPS\ APP/OPS/OPS/Views/Components/Project/ProjectActionBar.swift /Users/jacksonsweet/Desktop/OPS\ APP/OPS/OPS/Views/Components/Project/ProjectCard.swift /Users/jacksonsweet/Desktop/OPS\ APP/OPS/OPS/Views/Components/Project/ProjectCarousel.swift /Users/jacksonsweet/Desktop/OPS\ APP/OPS/OPS/Views/Components/Project/ProjectDetailsView.swift /Users/jacksonsweet/Desktop/OPS\ APP/OPS/OPS/Views/Components/Project/ProjectHeader.swift /Users/jacksonsweet/Desktop/OPS\ APP/OPS/OPS/Views/Components/Project/ProjectSheetContainer.swift /Users/jacksonsweet/Desktop/OPS\ APP/OPS/OPS/Views/Components/User/TeamMemberListView.swift /Users/jacksonsweet/Desktop/OPS\ APP/OPS/OPS/Views/Components/User/UserProfileCard.swift /Users/jacksonsweet/Desktop/OPS\ APP/OPS/OPS/Views/Home/HomeContentView.swift /Users/jacksonsweet/Desktop/OPS\ APP/OPS/OPS/Views/Home/HomeView.swift /Users/jacksonsweet/Desktop/OPS\ APP/OPS/OPS/Views/Settings/OrganizationSettingsView.swift /Users/jacksonsweet/Desktop/OPS\ APP/OPS/OPS/Views/Settings/ProfileSettingsView.swift /Users/jacksonsweet/Desktop/OPS\ APP/OPS/OPS/Views/Settings/ProjectHistorySettingsView.swift /Users/jacksonsweet/Desktop/OPS\ APP/OPS/OPS/Views/LoginView.swift /Users/jacksonsweet/Desktop/OPS\ APP/OPS/OPS/Views/LoginViewPreview.swift /Users/jacksonsweet/Desktop/OPS\ APP/OPS/OPS/Views/MainTabView.swift /Users/jacksonsweet/Desktop/OPS\ APP/OPS/OPS/Views/NetworkStatusIndicator.swift /Users/jacksonsweet/Desktop/OPS\ APP/OPS/OPS/Views/ScheduleView.swift /Users/jacksonsweet/Desktop/OPS\ APP/OPS/OPS/Views/SettingsView.swift /Users/jacksonsweet/Desktop/OPS\ APP/OPS/OPS/Views/SplashScreen.swift /Users/jacksonsweet/Desktop/OPS\ APP/OPS/OPS/AppState.swift /Users/jacksonsweet/Desktop/OPS\ APP/OPS/OPS/ContentView.swift /Users/jacksonsweet/Desktop/OPS\ APP/OPS/OPS/Item.swift /Users/jacksonsweet/Desktop/OPS\ APP/OPS/OPS/OPSApp.swift /Users/jacksonsweet/Library/Developer/Xcode/DerivedData/OPS-czavgtmnvamasvcjgszzuulfcsxj/Build/Intermediates.noindex/OPS.build/Debug-iphonesimulator/OPS.build/DerivedSources/GeneratedAssetSymbols.swift -supplementary-output-file-map /Users/jacksonsweet/Library/Developer/Xcode/DerivedData/OPS-czavgtmnvamasvcjgszzuulfcsxj/Build/Intermediates.noindex/OPS.build/Debug-iphonesimulator/OPS.build/Objects-normal/arm64/supplementaryOutputs-6 -emit-localized-strings -emit-localized-strings-path /Users/jacksonsweet/Library/Developer/Xcode/DerivedData/OPS-czavgtmnvamasvcjgszzuulfcsxj/Build/Intermediates.noindex/OPS.build/Debug-iphonesimulator/OPS.build/Objects-normal/arm64 -target arm64-apple-ios18.2-simulator -Xllvm -aarch64-use-tbi -enable-objc-interop -sdk /Applications/Xcode.app/Contents/Developer/Platforms/iPhoneSimulator.platform/Developer/SDKs/iPhoneSimulator18.2.sdk -I /Users/jacksonsweet/Library/Developer/Xcode/DerivedData/OPS-czavgtmnvamasvcjgszzuulfcsxj/Build/Products/Debug-iphonesimulator -F /Users/jacksonsweet/Library/Developer/Xcode/DerivedData/OPS-czavgtmnvamasvcjgszzuulfcsxj/Build/Products/Debug-iphonesimulator -no-color-diagnostics -enable-testing -g -debug-info-format\=dwarf -dwarf-version\=5 -module-cache-path /Users/jacksonsweet/Library/Developer/Xcode/DerivedData/ModuleCache.noindex -profile-generate -profile-coverage-mapping -swift-version 5 -enforce-exclusivity\=checked -Onone -D DEBUG -serialize-debugging-options -const-gather-protocols-file /Users/jacksonsweet/Library/Developer/Xcode/DerivedData/OPS-czavgtmnvamasvcjgszzuulfcsxj/Build/Intermediates.noindex/OPS.build/Debug-iphonesimulator/OPS.build/Objects-normal/arm64/OPS_const_extract_protocols.json -enable-experimental-feature DebugDescriptionMacro -enable-experimental-feature OpaqueTypeErasure -enable-bare-slash-regex -empty-abi-descriptor -validate-clang-modules-once -clang-build-session-file /Users/jacksonsweet/Library/Developer/Xcode/DerivedData/ModuleCache.noindex/Session.modulevalidation -Xcc -working-directory -Xcc /Users/jacksonsweet/Desktop/OPS\ APP/OPS -resource-dir /Applications/Xcode.app/Contents/Developer/Toolchains/XcodeDefault.xctoolchain/usr/lib/swift -enable-anonymous-context-mangled-names -file-compilation-dir /Users/jacksonsweet/Desktop/OPS\ APP/OPS -Xcc -D_LIBCPP_HARDENING_MODE\=_LIBCPP_HARDENING_MODE_DEBUG -Xcc -ivfsstatcache -Xcc /Users/jacksonsweet/Library/Developer/Xcode/DerivedData/SDKStatCaches.noindex/iphonesimulator18.2-22C146-07b28473f605e47e75261259d3ef3b5a.sdkstatcache -Xcc -I/Users/jacksonsweet/Library/Developer/Xcode/DerivedData/OPS-czavgtmnvamasvcjgszzuulfcsxj/Build/Intermediates.noindex/OPS.build/Debug-iphonesimulator/OPS.build/swift-overrides.hmap -Xcc -iquote -Xcc /Users/jacksonsweet/Library/Developer/Xcode/DerivedData/OPS-czavgtmnvamasvcjgszzuulfcsxj/Build/Intermediates.noindex/OPS.build/Debug-iphonesimulator/OPS.build/OPS-generated-files.hmap -Xcc -I/Users/jacksonsweet/Library/Developer/Xcode/DerivedData/OPS-czavgtmnvamasvcjgszzuulfcsxj/Build/Intermediates.noindex/OPS.build/Debug-iphonesimulator/OPS.build/OPS-own-target-headers.hmap -Xcc -I/Users/jacksonsweet/Library/Developer/Xcode/DerivedData/OPS-czavgtmnvamasvcjgszzuulfcsxj/Build/Intermediates.noindex/OPS.build/Debug-iphonesimulator/OPS.build/OPS-all-target-headers.hmap -Xcc -iquote -Xcc /Users/jacksonsweet/Library/Developer/Xcode/DerivedData/OPS-czavgtmnvamasvcjgszzuulfcsxj/Build/Intermediates.noindex/OPS.build/Debug-iphonesimulator/OPS.build/OPS-project-headers.hmap -Xcc -I/Users/jacksonsweet/Library/Developer/Xcode/DerivedData/OPS-czavgtmnvamasvcjgszzuulfcsxj/Build/Products/Debug-iphonesimulator/include -Xcc -I/Users/jacksonsweet/Library/Developer/Xcode/DerivedData/OPS-czavgtmnvamasvcjgszzuulfcsxj/Build/Intermediates.noindex/OPS.build/Debug-iphonesimulator/OPS.build/DerivedSources-normal/arm64 -Xcc -I/Users/jacksonsweet/Library/Developer/Xcode/DerivedData/OPS-czavgtmnvamasvcjgszzuulfcsxj/Build/Intermediates.noindex/OPS.build/Debug-iphonesimulator/OPS.build/DerivedSources/arm64 -Xcc -I/Users/jacksonsweet/Library/Developer/Xcode/DerivedData/OPS-czavgtmnvamasvcjgszzuulfcsxj/Build/Intermediates.noindex/OPS.build/Debug-iphonesimulator/OPS.build/DerivedSources -Xcc -DDEBUG\=1 -module-name OPS -frontend-parseable-output -disable-clang-spi -target-sdk-version 18.2 -target-sdk-name iphonesimulator18.2 -external-plugin-path /Applications/Xcode.app/Contents/Developer/Platforms/iPhoneOS.platform/Developer/usr/lib/swift/host/plugins\#/Applications/Xcode.app/Contents/Developer/Platforms/iPhoneOS.platform/Developer/usr/bin/swift-plugin-server -external-plugin-path /Applications/Xcode.app/Contents/Developer/Platforms/iPhoneOS.platform/Developer/usr/local/lib/swift/host/plugins\#/Applications/Xcode.app/Contents/Developer/Platforms/iPhoneOS.platform/Developer/usr/bin/swift-plugin-server -plugin-path /Applications/Xcode.app/Contents/Developer/Toolchains/XcodeDefault.xctoolchain/usr/lib/swift/host/plugins -plugin-path /Applications/Xcode.app/Contents/Developer/Toolchains/XcodeDefault.xctoolchain/usr/local/lib/swift/host/plugins -o /Users/jacksonsweet/Library/Developer/Xcode/DerivedData/OPS-czavgtmnvamasvcjgszzuulfcsxj/Build/Intermediates.noindex/OPS.build/Debug-iphonesimulator/OPS.build/Objects-normal/arm64/InProgressManager.o -o /Users/jacksonsweet/Library/Developer/Xcode/DerivedData/OPS-czavgtmnvamasvcjgszzuulfcsxj/Build/Intermediates.noindex/OPS.build/Debug-iphonesimulator/OPS.build/Objects-normal/arm64/KeyboardDismissalModifier.o -o /Users/jacksonsweet/Library/Developer/Xcode/DerivedData/OPS-czavgtmnvamasvcjgszzuulfcsxj/Build/Intermediates.noindex/OPS.build/Debug-iphonesimulator/OPS.build/Objects-normal/arm64/LocationManager.o -o /Users/jacksonsweet/Library/Developer/Xcode/DerivedData/OPS-czavgtmnvamasvcjgszzuulfcsxj/Build/Intermediates.noindex/OPS.build/Debug-iphonesimulator/OPS.build/Objects-normal/arm64/OnboardingEnvironmentKey.o -o /Users/jacksonsweet/Library/Developer/Xcode/DerivedData/OPS-czavgtmnvamasvcjgszzuulfcsxj/Build/Intermediates.noindex/OPS.build/Debug-iphonesimulator/OPS.build/Objects-normal/arm64/SwiftDataHelper.o -o /Users/jacksonsweet/Library/Developer/Xcode/DerivedData/OPS-czavgtmnvamasvcjgszzuulfcsxj/Build/Intermediates.noindex/OPS.build/Debug-iphonesimulator/OPS.build/Objects-normal/arm64/UIComponents.o -o /Users/jacksonsweet/Library/Developer/Xcode/DerivedData/OPS-czavgtmnvamasvcjgszzuulfcsxj/Build/Intermediates.noindex/OPS.build/Debug-iphonesimulator/OPS.build/Objects-normal/arm64/CertificationsSettingsView.o -o /Users/jacksonsweet/Library/Developer/Xcode/DerivedData/OPS-czavgtmnvamasvcjgszzuulfcsxj/Build/Intermediates.noindex/OPS.build/Debug-iphonesimulator/OPS.build/Objects-normal/arm64/CalendarViewModel.o -o /Users/jacksonsweet/Library/Developer/Xcode/DerivedData/OPS-czavgtmnvamasvcjgszzuulfcsxj/Build/Intermediates.noindex/OPS.build/Debug-iphonesimulator/OPS.build/Objects-normal/arm64/ProjectsViewModel.o -o /Users/jacksonsweet/Library/Developer/Xcode/DerivedData/OPS-czavgtmnvamasvcjgszzuulfcsxj/Build/Intermediates.noindex/OPS.build/Debug-iphonesimulator/OPS.build/Objects-normal/arm64/CalendarDaySelector.o -o /Users/jacksonsweet/Library/Developer/Xcode/DerivedData/OPS-czavgtmnvamasvcjgszzuulfcsxj/Build/Intermediates.noindex/OPS.build/Debug-iphonesimulator/OPS.build/Objects-normal/arm64/CalendarHeaderView.o -o /Users/jacksonsweet/Library/Developer/Xcode/DerivedData/OPS-czavgtmnvamasvcjgszzuulfcsxj/Build/Intermediates.noindex/OPS.build/Debug-iphonesimulator/OPS.build/Objects-normal/arm64/CalendarProjectCard.o -index-unit-output-path /OPS.build/Debug-iphonesimulator/OPS.build/Objects-normal/arm64/InProgressManager.o -index-unit-output-path /OPS.build/Debug-iphonesimulator/OPS.build/Objects-normal/arm64/KeyboardDismissalModifier.o -index-unit-output-path /OPS.build/Debug-iphonesimulator/OPS.build/Objects-normal/arm64/LocationManager.o -index-unit-output-path /OPS.build/Debug-iphonesimulator/OPS.build/Objects-normal/arm64/OnboardingEnvironmentKey.o -index-unit-output-path /OPS.build/Debug-iphonesimulator/OPS.build/Objects-normal/arm64/SwiftDataHelper.o -index-unit-output-path /OPS.build/Debug-iphonesimulator/OPS.build/Objects-normal/arm64/UIComponents.o -index-unit-output-path /OPS.build/Debug-iphonesimulator/OPS.build/Objects-normal/arm64/CertificationsSettingsView.o -index-unit-output-path /OPS.build/Debug-iphonesimulator/OPS.build/Objects-normal/arm64/CalendarViewModel.o -index-unit-output-path /OPS.build/Debug-iphonesimulator/OPS.build/Objects-normal/arm64/ProjectsViewModel.o -index-unit-output-path /OPS.build/Debug-iphonesimulator/OPS.build/Objects-normal/arm64/CalendarDaySelector.o -index-unit-output-path /OPS.build/Debug-iphonesimulator/OPS.build/Objects-normal/arm64/CalendarHeaderView.o -index-unit-output-path /OPS.build/Debug-iphonesimulator/OPS.build/Objects-normal/arm64/CalendarProjectCard.o -index-store-path /Users/jacksonsweet/Library/Developer/Xcode/DerivedData/OPS-czavgtmnvamasvcjgszzuulfcsxj/Index.noindex/DataStore -index-system-modules

SwiftCompile normal arm64 /Users/jacksonsweet/Desktop/OPS\ APP/OPS/OPS/Utilities/LocationManager.swift (in target 'OPS' from project 'OPS')
    cd /Users/jacksonsweet/Desktop/OPS\ APP/OPS
    /Applications/Xcode.app/Contents/Developer/Toolchains/XcodeDefault.xctoolchain/usr/bin/swift-frontend -c /Users/jacksonsweet/Desktop/OPS\ APP/OPS/OPS/DataModels/BubbleImage.swift /Users/jacksonsweet/Desktop/OPS\ APP/OPS/OPS/DataModels/BubbleTypes.swift /Users/jacksonsweet/Desktop/OPS\ APP/OPS/OPS/DataModels/Company.swift /Users/jacksonsweet/Desktop/OPS\ APP/OPS/OPS/DataModels/Project.swift /Users/jacksonsweet/Desktop/OPS\ APP/OPS/OPS/DataModels/Status.swift /Users/jacksonsweet/Desktop/OPS\ APP/OPS/OPS/DataModels/User.swift /Users/jacksonsweet/Desktop/OPS\ APP/OPS/OPS/DataModels/UserRole.swift /Users/jacksonsweet/Desktop/OPS\ APP/OPS/OPS/Extensions/UIImage+Extensions.swift /Users/jacksonsweet/Desktop/OPS\ APP/OPS/OPS/Network/API/APIError.swift /Users/jacksonsweet/Desktop/OPS\ APP/OPS/OPS/Network/API/APIService.swift /Users/jacksonsweet/Desktop/OPS\ APP/OPS/OPS/Network/API/BubbleFields.swift /Users/jacksonsweet/Desktop/OPS\ APP/OPS/OPS/Network/Auth/AuthError.swift /Users/jacksonsweet/Desktop/OPS\ APP/OPS/OPS/Network/Auth/AuthManager.swift /Users/jacksonsweet/Desktop/OPS\ APP/OPS/OPS/Network/Auth/KeychainManager.swift /Users/jacksonsweet/Desktop/OPS\ APP/OPS/OPS/Network/DTOs/CompanyDTO.swift /Users/jacksonsweet/Desktop/OPS\ APP/OPS/OPS/Network/DTOs/ProjectDTO.swift /Users/jacksonsweet/Desktop/OPS\ APP/OPS/OPS/Network/DTOs/UserDTO.swift /Users/jacksonsweet/Desktop/OPS\ APP/OPS/OPS/Network/Endpoints/CompanyEndpoints.swift /Users/jacksonsweet/Desktop/OPS\ APP/OPS/OPS/Network/Endpoints/ProjectEndpoints.swift /Users/jacksonsweet/Desktop/OPS\ APP/OPS/OPS/Network/Endpoints/UserEndpoints.swift /Users/jacksonsweet/Desktop/OPS\ APP/OPS/OPS/Network/Sync/BackgroundTaskManager.swift /Users/jacksonsweet/Desktop/OPS\ APP/OPS/OPS/Network/Sync/SyncManager.swift /Users/jacksonsweet/Desktop/OPS\ APP/OPS/OPS/Network/ConnectivityMonitor.swift /Users/jacksonsweet/Desktop/OPS\ APP/OPS/OPS/Network/ImageSyncManager.swift /Users/jacksonsweet/Desktop/OPS\ APP/OPS/OPS/Onboarding/Coordinators/OnboardingCoordinator.swift /Users/jacksonsweet/Desktop/OPS\ APP/OPS/OPS/Onboarding/Models/OnboardingModels.swift /Users/jacksonsweet/Desktop/OPS\ APP/OPS/OPS/Onboarding/Services/OnboardingService.swift /Users/jacksonsweet/Desktop/OPS\ APP/OPS/OPS/Onboarding/ViewModels/OnboardingViewModel.swift /Users/jacksonsweet/Desktop/OPS\ APP/OPS/OPS/Onboarding/Views/Components/OnboardingComponents.swift /Users/jacksonsweet/Desktop/OPS\ APP/OPS/OPS/Onboarding/Views/Screens/AccountCreatedView.swift /Users/jacksonsweet/Desktop/OPS\ APP/OPS/OPS/Onboarding/Views/Screens/CompanyCodeView.swift /Users/jacksonsweet/Desktop/OPS\ APP/OPS/OPS/Onboarding/Views/Screens/CompanyCodeViewPreview.swift /Users/jacksonsweet/Desktop/OPS\ APP/OPS/OPS/Onboarding/Views/Screens/CompletionView.swift /Users/jacksonsweet/Desktop/OPS\ APP/OPS/OPS/Onboarding/Views/Screens/CompletionViewPreview.swift /Users/jacksonsweet/Desktop/OPS\ APP/OPS/OPS/Onboarding/Views/Screens/EmailView.swift /Users/jacksonsweet/Desktop/OPS\ APP/OPS/OPS/Onboarding/Views/Screens/FieldSetupView.swift /Users/jacksonsweet/Desktop/OPS\ APP/OPS/OPS/Onboarding/Views/Screens/NotificationsView.swift /Users/jacksonsweet/Desktop/OPS\ APP/OPS/OPS/Onboarding/Views/Screens/NotificationsViewPreview.swift /Users/jacksonsweet/Desktop/OPS\ APP/OPS/OPS/Onboarding/Views/Screens/OrganizationJoinView.swift /Users/jacksonsweet/Desktop/OPS\ APP/OPS/OPS/Onboarding/Views/Screens/PasswordView.swift /Users/jacksonsweet/Desktop/OPS\ APP/OPS/OPS/Onboarding/Views/Screens/PasswordViewPreview.swift /Users/jacksonsweet/Desktop/OPS\ APP/OPS/OPS/Onboarding/Views/Screens/PermissionsView.swift /Users/jacksonsweet/Desktop/OPS\ APP/OPS/OPS/Onboarding/Views/Screens/PermissionsViewPreview.swift /Users/jacksonsweet/Desktop/OPS\ APP/OPS/OPS/Onboarding/Views/Screens/PhoneNumberView.swift /Users/jacksonsweet/Desktop/OPS\ APP/OPS/OPS/Onboarding/Views/Screens/PhoneNumberViewPreview.swift /Users/jacksonsweet/Desktop/OPS\ APP/OPS/OPS/Onboarding/Views/Screens/UserInfoView.swift /Users/jacksonsweet/Desktop/OPS\ APP/OPS/OPS/Onboarding/Views/Screens/UserInfoViewPreview.swift /Users/jacksonsweet/Desktop/OPS\ APP/OPS/OPS/Onboarding/Views/Screens/VerifyPhoneView.swift /Users/jacksonsweet/Desktop/OPS\ APP/OPS/OPS/Onboarding/Views/Screens/WelcomeCompanyView.swift /Users/jacksonsweet/Desktop/OPS\ APP/OPS/OPS/Onboarding/Views/Screens/WelcomeCompanyViewPreview.swift /Users/jacksonsweet/Desktop/OPS\ APP/OPS/OPS/Onboarding/Views/Screens/WelcomeView.swift /Users/jacksonsweet/Desktop/OPS\ APP/OPS/OPS/Onboarding/Views/Screens/WelcomeViewPreview.swift /Users/jacksonsweet/Desktop/OPS\ APP/OPS/OPS/Onboarding/Views/OnboardingContainerView.swift /Users/jacksonsweet/Desktop/OPS\ APP/OPS/OPS/Onboarding/Views/OnboardingFlowPreview.swift /Users/jacksonsweet/Desktop/OPS\ APP/OPS/OPS/Onboarding/Views/OnboardingPresenter.swift /Users/jacksonsweet/Desktop/OPS\ APP/OPS/OPS/Onboarding/Views/OnboardingPreviewHelpers.swift /Users/jacksonsweet/Desktop/OPS\ APP/OPS/OPS/Styles/OPSStyle.swift /Users/jacksonsweet/Desktop/OPS\ APP/OPS/OPS/Utilities/AppConfiguration.swift /Users/jacksonsweet/Desktop/OPS\ APP/OPS/OPS/Utilities/ArrayTransformer.swift /Users/jacksonsweet/Desktop/OPS\ APP/OPS/OPS/Utilities/DataController.swift /Users/jacksonsweet/Desktop/OPS\ APP/OPS/OPS/Utilities/Dateformatter\ +Bubble.swift /Users/jacksonsweet/Desktop/OPS\ APP/OPS/OPS/Utilities/DateHelper.swift /Users/jacksonsweet/Desktop/OPS\ APP/OPS/OPS/Utilities/FieldErrorHandler.swift /Users/jacksonsweet/Desktop/OPS\ APP/OPS/OPS/Utilities/ImageCache.swift /Users/jacksonsweet/Desktop/OPS\ APP/OPS/OPS/Utilities/ImageFileManager.swift -primary-file /Users/jacksonsweet/Desktop/OPS\ APP/OPS/OPS/Utilities/InProgressManager.swift -primary-file /Users/jacksonsweet/Desktop/OPS\ APP/OPS/OPS/Utilities/KeyboardDismissalModifier.swift -primary-file /Users/jacksonsweet/Desktop/OPS\ APP/OPS/OPS/Utilities/LocationManager.swift -primary-file /Users/jacksonsweet/Desktop/OPS\ APP/OPS/OPS/Utilities/OnboardingEnvironmentKey.swift -primary-file /Users/jacksonsweet/Desktop/OPS\ APP/OPS/OPS/Utilities/SwiftDataHelper.swift -primary-file /Users/jacksonsweet/Desktop/OPS\ APP/OPS/OPS/Utilities/UIComponents.swift -primary-file /Users/jacksonsweet/Desktop/OPS\ APP/OPS/OPS/V2/CertificationsSettingsView.swift -primary-file /Users/jacksonsweet/Desktop/OPS\ APP/OPS/OPS/ViewModels/CalendarViewModel.swift -primary-file /Users/jacksonsweet/Desktop/OPS\ APP/OPS/OPS/ViewModels/ProjectsViewModel.swift -primary-file /Users/jacksonsweet/Desktop/OPS\ APP/OPS/OPS/Views/Calendar\ Tab/Components/CalendarDaySelector.swift -primary-file /Users/jacksonsweet/Desktop/OPS\ APP/OPS/OPS/Views/Calendar\ Tab/Components/CalendarHeaderView.swift -primary-file /Users/jacksonsweet/Desktop/OPS\ APP/OPS/OPS/Views/Calendar\ Tab/Components/CalendarProjectCard.swift /Users/jacksonsweet/Desktop/OPS\ APP/OPS/OPS/Views/Calendar\ Tab/Components/CalendarToggleView.swift /Users/jacksonsweet/Desktop/OPS\ APP/OPS/OPS/Views/Calendar\ Tab/Components/DatePickerPopover.swift /Users/jacksonsweet/Desktop/OPS\ APP/OPS/OPS/Views/Calendar\ Tab/Components/DayCell.swift /Users/jacksonsweet/Desktop/OPS\ APP/OPS/OPS/Views/Calendar\ Tab/ProjectViews/DayProjectSheet.swift /Users/jacksonsweet/Desktop/OPS\ APP/OPS/OPS/Views/Calendar\ Tab/ProjectViews/ProjectListView.swift /Users/jacksonsweet/Desktop/OPS\ APP/OPS/OPS/Views/Calendar\ Tab/MonthGridView.swift /Users/jacksonsweet/Desktop/OPS\ APP/OPS/OPS/Views/Components/Common/AppHeader.swift /Users/jacksonsweet/Desktop/OPS\ APP/OPS/OPS/Views/Components/Common/ExpandableNotesView.swift /Users/jacksonsweet/Desktop/OPS\ APP/OPS/OPS/Views/Components/Common/LocationPermissionView.swift /Users/jacksonsweet/Desktop/OPS\ APP/OPS/OPS/Views/Components/Common/NavigationBanner.swift /Users/jacksonsweet/Desktop/OPS\ APP/OPS/OPS/Views/Components/Common/NavigationControlsView.swift /Users/jacksonsweet/Desktop/OPS\ APP/OPS/OPS/Views/Components/Common/TabBarBackground.swift /Users/jacksonsweet/Desktop/OPS\ APP/OPS/OPS/Views/Components/Images/ImagePicker.swift /Users/jacksonsweet/Desktop/OPS\ APP/OPS/OPS/Views/Components/Images/ImagePickerView.swift /Users/jacksonsweet/Desktop/OPS\ APP/OPS/OPS/Views/Components/Images/ProjectImagesSection.swift /Users/jacksonsweet/Desktop/OPS\ APP/OPS/OPS/Views/Components/Images/ProjectImagesSimple.swift /Users/jacksonsweet/Desktop/OPS\ APP/OPS/OPS/Views/Components/Images/ProjectImageView.swift /Users/jacksonsweet/Desktop/OPS\ APP/OPS/OPS/Views/Components/Images/ProjectPhotosGrid.swift /Users/jacksonsweet/Desktop/OPS\ APP/OPS/OPS/Views/Components/Map/MiniMapView.swift /Users/jacksonsweet/Desktop/OPS\ APP/OPS/OPS/Views/Components/Map/ProjectMapAnnotation.swift /Users/jacksonsweet/Desktop/OPS\ APP/OPS/OPS/Views/Components/Map/ProjectMapView.swift /Users/jacksonsweet/Desktop/OPS\ APP/OPS/OPS/Views/Components/Map/ProjectMarkerPopup.swift /Users/jacksonsweet/Desktop/OPS\ APP/OPS/OPS/Views/Components/Map/RouteDirectionsView.swift /Users/jacksonsweet/Desktop/OPS\ APP/OPS/OPS/Views/Components/Project/ProjectActionBar.swift /Users/jacksonsweet/Desktop/OPS\ APP/OPS/OPS/Views/Components/Project/ProjectCard.swift /Users/jacksonsweet/Desktop/OPS\ APP/OPS/OPS/Views/Components/Project/ProjectCarousel.swift /Users/jacksonsweet/Desktop/OPS\ APP/OPS/OPS/Views/Components/Project/ProjectDetailsView.swift /Users/jacksonsweet/Desktop/OPS\ APP/OPS/OPS/Views/Components/Project/ProjectHeader.swift /Users/jacksonsweet/Desktop/OPS\ APP/OPS/OPS/Views/Components/Project/ProjectSheetContainer.swift /Users/jacksonsweet/Desktop/OPS\ APP/OPS/OPS/Views/Components/User/TeamMemberListView.swift /Users/jacksonsweet/Desktop/OPS\ APP/OPS/OPS/Views/Components/User/UserProfileCard.swift /Users/jacksonsweet/Desktop/OPS\ APP/OPS/OPS/Views/Home/HomeContentView.swift /Users/jacksonsweet/Desktop/OPS\ APP/OPS/OPS/Views/Home/HomeView.swift /Users/jacksonsweet/Desktop/OPS\ APP/OPS/OPS/Views/Settings/OrganizationSettingsView.swift /Users/jacksonsweet/Desktop/OPS\ APP/OPS/OPS/Views/Settings/ProfileSettingsView.swift /Users/jacksonsweet/Desktop/OPS\ APP/OPS/OPS/Views/Settings/ProjectHistorySettingsView.swift /Users/jacksonsweet/Desktop/OPS\ APP/OPS/OPS/Views/LoginView.swift /Users/jacksonsweet/Desktop/OPS\ APP/OPS/OPS/Views/LoginViewPreview.swift /Users/jacksonsweet/Desktop/OPS\ APP/OPS/OPS/Views/MainTabView.swift /Users/jacksonsweet/Desktop/OPS\ APP/OPS/OPS/Views/NetworkStatusIndicator.swift /Users/jacksonsweet/Desktop/OPS\ APP/OPS/OPS/Views/ScheduleView.swift /Users/jacksonsweet/Desktop/OPS\ APP/OPS/OPS/Views/SettingsView.swift /Users/jacksonsweet/Desktop/OPS\ APP/OPS/OPS/Views/SplashScreen.swift /Users/jacksonsweet/Desktop/OPS\ APP/OPS/OPS/AppState.swift /Users/jacksonsweet/Desktop/OPS\ APP/OPS/OPS/ContentView.swift /Users/jacksonsweet/Desktop/OPS\ APP/OPS/OPS/Item.swift /Users/jacksonsweet/Desktop/OPS\ APP/OPS/OPS/OPSApp.swift /Users/jacksonsweet/Library/Developer/Xcode/DerivedData/OPS-czavgtmnvamasvcjgszzuulfcsxj/Build/Intermediates.noindex/OPS.build/Debug-iphonesimulator/OPS.build/DerivedSources/GeneratedAssetSymbols.swift -supplementary-output-file-map /Users/jacksonsweet/Library/Developer/Xcode/DerivedData/OPS-czavgtmnvamasvcjgszzuulfcsxj/Build/Intermediates.noindex/OPS.build/Debug-iphonesimulator/OPS.build/Objects-normal/arm64/supplementaryOutputs-6 -emit-localized-strings -emit-localized-strings-path /Users/jacksonsweet/Library/Developer/Xcode/DerivedData/OPS-czavgtmnvamasvcjgszzuulfcsxj/Build/Intermediates.noindex/OPS.build/Debug-iphonesimulator/OPS.build/Objects-normal/arm64 -target arm64-apple-ios18.2-simulator -Xllvm -aarch64-use-tbi -enable-objc-interop -sdk /Applications/Xcode.app/Contents/Developer/Platforms/iPhoneSimulator.platform/Developer/SDKs/iPhoneSimulator18.2.sdk -I /Users/jacksonsweet/Library/Developer/Xcode/DerivedData/OPS-czavgtmnvamasvcjgszzuulfcsxj/Build/Products/Debug-iphonesimulator -F /Users/jacksonsweet/Library/Developer/Xcode/DerivedData/OPS-czavgtmnvamasvcjgszzuulfcsxj/Build/Products/Debug-iphonesimulator -no-color-diagnostics -enable-testing -g -debug-info-format\=dwarf -dwarf-version\=5 -module-cache-path /Users/jacksonsweet/Library/Developer/Xcode/DerivedData/ModuleCache.noindex -profile-generate -profile-coverage-mapping -swift-version 5 -enforce-exclusivity\=checked -Onone -D DEBUG -serialize-debugging-options -const-gather-protocols-file /Users/jacksonsweet/Library/Developer/Xcode/DerivedData/OPS-czavgtmnvamasvcjgszzuulfcsxj/Build/Intermediates.noindex/OPS.build/Debug-iphonesimulator/OPS.build/Objects-normal/arm64/OPS_const_extract_protocols.json -enable-experimental-feature DebugDescriptionMacro -enable-experimental-feature OpaqueTypeErasure -enable-bare-slash-regex -empty-abi-descriptor -validate-clang-modules-once -clang-build-session-file /Users/jacksonsweet/Library/Developer/Xcode/DerivedData/ModuleCache.noindex/Session.modulevalidation -Xcc -working-directory -Xcc /Users/jacksonsweet/Desktop/OPS\ APP/OPS -resource-dir /Applications/Xcode.app/Contents/Developer/Toolchains/XcodeDefault.xctoolchain/usr/lib/swift -enable-anonymous-context-mangled-names -file-compilation-dir /Users/jacksonsweet/Desktop/OPS\ APP/OPS -Xcc -D_LIBCPP_HARDENING_MODE\=_LIBCPP_HARDENING_MODE_DEBUG -Xcc -ivfsstatcache -Xcc /Users/jacksonsweet/Library/Developer/Xcode/DerivedData/SDKStatCaches.noindex/iphonesimulator18.2-22C146-07b28473f605e47e75261259d3ef3b5a.sdkstatcache -Xcc -I/Users/jacksonsweet/Library/Developer/Xcode/DerivedData/OPS-czavgtmnvamasvcjgszzuulfcsxj/Build/Intermediates.noindex/OPS.build/Debug-iphonesimulator/OPS.build/swift-overrides.hmap -Xcc -iquote -Xcc /Users/jacksonsweet/Library/Developer/Xcode/DerivedData/OPS-czavgtmnvamasvcjgszzuulfcsxj/Build/Intermediates.noindex/OPS.build/Debug-iphonesimulator/OPS.build/OPS-generated-files.hmap -Xcc -I/Users/jacksonsweet/Library/Developer/Xcode/DerivedData/OPS-czavgtmnvamasvcjgszzuulfcsxj/Build/Intermediates.noindex/OPS.build/Debug-iphonesimulator/OPS.build/OPS-own-target-headers.hmap -Xcc -I/Users/jacksonsweet/Library/Developer/Xcode/DerivedData/OPS-czavgtmnvamasvcjgszzuulfcsxj/Build/Intermediates.noindex/OPS.build/Debug-iphonesimulator/OPS.build/OPS-all-target-headers.hmap -Xcc -iquote -Xcc /Users/jacksonsweet/Library/Developer/Xcode/DerivedData/OPS-czavgtmnvamasvcjgszzuulfcsxj/Build/Intermediates.noindex/OPS.build/Debug-iphonesimulator/OPS.build/OPS-project-headers.hmap -Xcc -I/Users/jacksonsweet/Library/Developer/Xcode/DerivedData/OPS-czavgtmnvamasvcjgszzuulfcsxj/Build/Products/Debug-iphonesimulator/include -Xcc -I/Users/jacksonsweet/Library/Developer/Xcode/DerivedData/OPS-czavgtmnvamasvcjgszzuulfcsxj/Build/Intermediates.noindex/OPS.build/Debug-iphonesimulator/OPS.build/DerivedSources-normal/arm64 -Xcc -I/Users/jacksonsweet/Library/Developer/Xcode/DerivedData/OPS-czavgtmnvamasvcjgszzuulfcsxj/Build/Intermediates.noindex/OPS.build/Debug-iphonesimulator/OPS.build/DerivedSources/arm64 -Xcc -I/Users/jacksonsweet/Library/Developer/Xcode/DerivedData/OPS-czavgtmnvamasvcjgszzuulfcsxj/Build/Intermediates.noindex/OPS.build/Debug-iphonesimulator/OPS.build/DerivedSources -Xcc -DDEBUG\=1 -module-name OPS -frontend-parseable-output -disable-clang-spi -target-sdk-version 18.2 -target-sdk-name iphonesimulator18.2 -external-plugin-path /Applications/Xcode.app/Contents/Developer/Platforms/iPhoneOS.platform/Developer/usr/lib/swift/host/plugins\#/Applications/Xcode.app/Contents/Developer/Platforms/iPhoneOS.platform/Developer/usr/bin/swift-plugin-server -external-plugin-path /Applications/Xcode.app/Contents/Developer/Platforms/iPhoneOS.platform/Developer/usr/local/lib/swift/host/plugins\#/Applications/Xcode.app/Contents/Developer/Platforms/iPhoneOS.platform/Developer/usr/bin/swift-plugin-server -plugin-path /Applications/Xcode.app/Contents/Developer/Toolchains/XcodeDefault.xctoolchain/usr/lib/swift/host/plugins -plugin-path /Applications/Xcode.app/Contents/Developer/Toolchains/XcodeDefault.xctoolchain/usr/local/lib/swift/host/plugins -o /Users/jacksonsweet/Library/Developer/Xcode/DerivedData/OPS-czavgtmnvamasvcjgszzuulfcsxj/Build/Intermediates.noindex/OPS.build/Debug-iphonesimulator/OPS.build/Objects-normal/arm64/InProgressManager.o -o /Users/jacksonsweet/Library/Developer/Xcode/DerivedData/OPS-czavgtmnvamasvcjgszzuulfcsxj/Build/Intermediates.noindex/OPS.build/Debug-iphonesimulator/OPS.build/Objects-normal/arm64/KeyboardDismissalModifier.o -o /Users/jacksonsweet/Library/Developer/Xcode/DerivedData/OPS-czavgtmnvamasvcjgszzuulfcsxj/Build/Intermediates.noindex/OPS.build/Debug-iphonesimulator/OPS.build/Objects-normal/arm64/LocationManager.o -o /Users/jacksonsweet/Library/Developer/Xcode/DerivedData/OPS-czavgtmnvamasvcjgszzuulfcsxj/Build/Intermediates.noindex/OPS.build/Debug-iphonesimulator/OPS.build/Objects-normal/arm64/OnboardingEnvironmentKey.o -o /Users/jacksonsweet/Library/Developer/Xcode/DerivedData/OPS-czavgtmnvamasvcjgszzuulfcsxj/Build/Intermediates.noindex/OPS.build/Debug-iphonesimulator/OPS.build/Objects-normal/arm64/SwiftDataHelper.o -o /Users/jacksonsweet/Library/Developer/Xcode/DerivedData/OPS-czavgtmnvamasvcjgszzuulfcsxj/Build/Intermediates.noindex/OPS.build/Debug-iphonesimulator/OPS.build/Objects-normal/arm64/UIComponents.o -o /Users/jacksonsweet/Library/Developer/Xcode/DerivedData/OPS-czavgtmnvamasvcjgszzuulfcsxj/Build/Intermediates.noindex/OPS.build/Debug-iphonesimulator/OPS.build/Objects-normal/arm64/CertificationsSettingsView.o -o /Users/jacksonsweet/Library/Developer/Xcode/DerivedData/OPS-czavgtmnvamasvcjgszzuulfcsxj/Build/Intermediates.noindex/OPS.build/Debug-iphonesimulator/OPS.build/Objects-normal/arm64/CalendarViewModel.o -o /Users/jacksonsweet/Library/Developer/Xcode/DerivedData/OPS-czavgtmnvamasvcjgszzuulfcsxj/Build/Intermediates.noindex/OPS.build/Debug-iphonesimulator/OPS.build/Objects-normal/arm64/ProjectsViewModel.o -o /Users/jacksonsweet/Library/Developer/Xcode/DerivedData/OPS-czavgtmnvamasvcjgszzuulfcsxj/Build/Intermediates.noindex/OPS.build/Debug-iphonesimulator/OPS.build/Objects-normal/arm64/CalendarDaySelector.o -o /Users/jacksonsweet/Library/Developer/Xcode/DerivedData/OPS-czavgtmnvamasvcjgszzuulfcsxj/Build/Intermediates.noindex/OPS.build/Debug-iphonesimulator/OPS.build/Objects-normal/arm64/CalendarHeaderView.o -o /Users/jacksonsweet/Library/Developer/Xcode/DerivedData/OPS-czavgtmnvamasvcjgszzuulfcsxj/Build/Intermediates.noindex/OPS.build/Debug-iphonesimulator/OPS.build/Objects-normal/arm64/CalendarProjectCard.o -index-unit-output-path /OPS.build/Debug-iphonesimulator/OPS.build/Objects-normal/arm64/InProgressManager.o -index-unit-output-path /OPS.build/Debug-iphonesimulator/OPS.build/Objects-normal/arm64/KeyboardDismissalModifier.o -index-unit-output-path /OPS.build/Debug-iphonesimulator/OPS.build/Objects-normal/arm64/LocationManager.o -index-unit-output-path /OPS.build/Debug-iphonesimulator/OPS.build/Objects-normal/arm64/OnboardingEnvironmentKey.o -index-unit-output-path /OPS.build/Debug-iphonesimulator/OPS.build/Objects-normal/arm64/SwiftDataHelper.o -index-unit-output-path /OPS.build/Debug-iphonesimulator/OPS.build/Objects-normal/arm64/UIComponents.o -index-unit-output-path /OPS.build/Debug-iphonesimulator/OPS.build/Objects-normal/arm64/CertificationsSettingsView.o -index-unit-output-path /OPS.build/Debug-iphonesimulator/OPS.build/Objects-normal/arm64/CalendarViewModel.o -index-unit-output-path /OPS.build/Debug-iphonesimulator/OPS.build/Objects-normal/arm64/ProjectsViewModel.o -index-unit-output-path /OPS.build/Debug-iphonesimulator/OPS.build/Objects-normal/arm64/CalendarDaySelector.o -index-unit-output-path /OPS.build/Debug-iphonesimulator/OPS.build/Objects-normal/arm64/CalendarHeaderView.o -index-unit-output-path /OPS.build/Debug-iphonesimulator/OPS.build/Objects-normal/arm64/CalendarProjectCard.o -index-store-path /Users/jacksonsweet/Library/Developer/Xcode/DerivedData/OPS-czavgtmnvamasvcjgszzuulfcsxj/Index.noindex/DataStore -index-system-modules

SwiftCompile normal arm64 /Users/jacksonsweet/Desktop/OPS\ APP/OPS/OPS/Utilities/OnboardingEnvironmentKey.swift (in target 'OPS' from project 'OPS')
    cd /Users/jacksonsweet/Desktop/OPS\ APP/OPS
    /Applications/Xcode.app/Contents/Developer/Toolchains/XcodeDefault.xctoolchain/usr/bin/swift-frontend -c /Users/jacksonsweet/Desktop/OPS\ APP/OPS/OPS/DataModels/BubbleImage.swift /Users/jacksonsweet/Desktop/OPS\ APP/OPS/OPS/DataModels/BubbleTypes.swift /Users/jacksonsweet/Desktop/OPS\ APP/OPS/OPS/DataModels/Company.swift /Users/jacksonsweet/Desktop/OPS\ APP/OPS/OPS/DataModels/Project.swift /Users/jacksonsweet/Desktop/OPS\ APP/OPS/OPS/DataModels/Status.swift /Users/jacksonsweet/Desktop/OPS\ APP/OPS/OPS/DataModels/User.swift /Users/jacksonsweet/Desktop/OPS\ APP/OPS/OPS/DataModels/UserRole.swift /Users/jacksonsweet/Desktop/OPS\ APP/OPS/OPS/Extensions/UIImage+Extensions.swift /Users/jacksonsweet/Desktop/OPS\ APP/OPS/OPS/Network/API/APIError.swift /Users/jacksonsweet/Desktop/OPS\ APP/OPS/OPS/Network/API/APIService.swift /Users/jacksonsweet/Desktop/OPS\ APP/OPS/OPS/Network/API/BubbleFields.swift /Users/jacksonsweet/Desktop/OPS\ APP/OPS/OPS/Network/Auth/AuthError.swift /Users/jacksonsweet/Desktop/OPS\ APP/OPS/OPS/Network/Auth/AuthManager.swift /Users/jacksonsweet/Desktop/OPS\ APP/OPS/OPS/Network/Auth/KeychainManager.swift /Users/jacksonsweet/Desktop/OPS\ APP/OPS/OPS/Network/DTOs/CompanyDTO.swift /Users/jacksonsweet/Desktop/OPS\ APP/OPS/OPS/Network/DTOs/ProjectDTO.swift /Users/jacksonsweet/Desktop/OPS\ APP/OPS/OPS/Network/DTOs/UserDTO.swift /Users/jacksonsweet/Desktop/OPS\ APP/OPS/OPS/Network/Endpoints/CompanyEndpoints.swift /Users/jacksonsweet/Desktop/OPS\ APP/OPS/OPS/Network/Endpoints/ProjectEndpoints.swift /Users/jacksonsweet/Desktop/OPS\ APP/OPS/OPS/Network/Endpoints/UserEndpoints.swift /Users/jacksonsweet/Desktop/OPS\ APP/OPS/OPS/Network/Sync/BackgroundTaskManager.swift /Users/jacksonsweet/Desktop/OPS\ APP/OPS/OPS/Network/Sync/SyncManager.swift /Users/jacksonsweet/Desktop/OPS\ APP/OPS/OPS/Network/ConnectivityMonitor.swift /Users/jacksonsweet/Desktop/OPS\ APP/OPS/OPS/Network/ImageSyncManager.swift /Users/jacksonsweet/Desktop/OPS\ APP/OPS/OPS/Onboarding/Coordinators/OnboardingCoordinator.swift /Users/jacksonsweet/Desktop/OPS\ APP/OPS/OPS/Onboarding/Models/OnboardingModels.swift /Users/jacksonsweet/Desktop/OPS\ APP/OPS/OPS/Onboarding/Services/OnboardingService.swift /Users/jacksonsweet/Desktop/OPS\ APP/OPS/OPS/Onboarding/ViewModels/OnboardingViewModel.swift /Users/jacksonsweet/Desktop/OPS\ APP/OPS/OPS/Onboarding/Views/Components/OnboardingComponents.swift /Users/jacksonsweet/Desktop/OPS\ APP/OPS/OPS/Onboarding/Views/Screens/AccountCreatedView.swift /Users/jacksonsweet/Desktop/OPS\ APP/OPS/OPS/Onboarding/Views/Screens/CompanyCodeView.swift /Users/jacksonsweet/Desktop/OPS\ APP/OPS/OPS/Onboarding/Views/Screens/CompanyCodeViewPreview.swift /Users/jacksonsweet/Desktop/OPS\ APP/OPS/OPS/Onboarding/Views/Screens/CompletionView.swift /Users/jacksonsweet/Desktop/OPS\ APP/OPS/OPS/Onboarding/Views/Screens/CompletionViewPreview.swift /Users/jacksonsweet/Desktop/OPS\ APP/OPS/OPS/Onboarding/Views/Screens/EmailView.swift /Users/jacksonsweet/Desktop/OPS\ APP/OPS/OPS/Onboarding/Views/Screens/FieldSetupView.swift /Users/jacksonsweet/Desktop/OPS\ APP/OPS/OPS/Onboarding/Views/Screens/NotificationsView.swift /Users/jacksonsweet/Desktop/OPS\ APP/OPS/OPS/Onboarding/Views/Screens/NotificationsViewPreview.swift /Users/jacksonsweet/Desktop/OPS\ APP/OPS/OPS/Onboarding/Views/Screens/OrganizationJoinView.swift /Users/jacksonsweet/Desktop/OPS\ APP/OPS/OPS/Onboarding/Views/Screens/PasswordView.swift /Users/jacksonsweet/Desktop/OPS\ APP/OPS/OPS/Onboarding/Views/Screens/PasswordViewPreview.swift /Users/jacksonsweet/Desktop/OPS\ APP/OPS/OPS/Onboarding/Views/Screens/PermissionsView.swift /Users/jacksonsweet/Desktop/OPS\ APP/OPS/OPS/Onboarding/Views/Screens/PermissionsViewPreview.swift /Users/jacksonsweet/Desktop/OPS\ APP/OPS/OPS/Onboarding/Views/Screens/PhoneNumberView.swift /Users/jacksonsweet/Desktop/OPS\ APP/OPS/OPS/Onboarding/Views/Screens/PhoneNumberViewPreview.swift /Users/jacksonsweet/Desktop/OPS\ APP/OPS/OPS/Onboarding/Views/Screens/UserInfoView.swift /Users/jacksonsweet/Desktop/OPS\ APP/OPS/OPS/Onboarding/Views/Screens/UserInfoViewPreview.swift /Users/jacksonsweet/Desktop/OPS\ APP/OPS/OPS/Onboarding/Views/Screens/VerifyPhoneView.swift /Users/jacksonsweet/Desktop/OPS\ APP/OPS/OPS/Onboarding/Views/Screens/WelcomeCompanyView.swift /Users/jacksonsweet/Desktop/OPS\ APP/OPS/OPS/Onboarding/Views/Screens/WelcomeCompanyViewPreview.swift /Users/jacksonsweet/Desktop/OPS\ APP/OPS/OPS/Onboarding/Views/Screens/WelcomeView.swift /Users/jacksonsweet/Desktop/OPS\ APP/OPS/OPS/Onboarding/Views/Screens/WelcomeViewPreview.swift /Users/jacksonsweet/Desktop/OPS\ APP/OPS/OPS/Onboarding/Views/OnboardingContainerView.swift /Users/jacksonsweet/Desktop/OPS\ APP/OPS/OPS/Onboarding/Views/OnboardingFlowPreview.swift /Users/jacksonsweet/Desktop/OPS\ APP/OPS/OPS/Onboarding/Views/OnboardingPresenter.swift /Users/jacksonsweet/Desktop/OPS\ APP/OPS/OPS/Onboarding/Views/OnboardingPreviewHelpers.swift /Users/jacksonsweet/Desktop/OPS\ APP/OPS/OPS/Styles/OPSStyle.swift /Users/jacksonsweet/Desktop/OPS\ APP/OPS/OPS/Utilities/AppConfiguration.swift /Users/jacksonsweet/Desktop/OPS\ APP/OPS/OPS/Utilities/ArrayTransformer.swift /Users/jacksonsweet/Desktop/OPS\ APP/OPS/OPS/Utilities/DataController.swift /Users/jacksonsweet/Desktop/OPS\ APP/OPS/OPS/Utilities/Dateformatter\ +Bubble.swift /Users/jacksonsweet/Desktop/OPS\ APP/OPS/OPS/Utilities/DateHelper.swift /Users/jacksonsweet/Desktop/OPS\ APP/OPS/OPS/Utilities/FieldErrorHandler.swift /Users/jacksonsweet/Desktop/OPS\ APP/OPS/OPS/Utilities/ImageCache.swift /Users/jacksonsweet/Desktop/OPS\ APP/OPS/OPS/Utilities/ImageFileManager.swift -primary-file /Users/jacksonsweet/Desktop/OPS\ APP/OPS/OPS/Utilities/InProgressManager.swift -primary-file /Users/jacksonsweet/Desktop/OPS\ APP/OPS/OPS/Utilities/KeyboardDismissalModifier.swift -primary-file /Users/jacksonsweet/Desktop/OPS\ APP/OPS/OPS/Utilities/LocationManager.swift -primary-file /Users/jacksonsweet/Desktop/OPS\ APP/OPS/OPS/Utilities/OnboardingEnvironmentKey.swift -primary-file /Users/jacksonsweet/Desktop/OPS\ APP/OPS/OPS/Utilities/SwiftDataHelper.swift -primary-file /Users/jacksonsweet/Desktop/OPS\ APP/OPS/OPS/Utilities/UIComponents.swift -primary-file /Users/jacksonsweet/Desktop/OPS\ APP/OPS/OPS/V2/CertificationsSettingsView.swift -primary-file /Users/jacksonsweet/Desktop/OPS\ APP/OPS/OPS/ViewModels/CalendarViewModel.swift -primary-file /Users/jacksonsweet/Desktop/OPS\ APP/OPS/OPS/ViewModels/ProjectsViewModel.swift -primary-file /Users/jacksonsweet/Desktop/OPS\ APP/OPS/OPS/Views/Calendar\ Tab/Components/CalendarDaySelector.swift -primary-file /Users/jacksonsweet/Desktop/OPS\ APP/OPS/OPS/Views/Calendar\ Tab/Components/CalendarHeaderView.swift -primary-file /Users/jacksonsweet/Desktop/OPS\ APP/OPS/OPS/Views/Calendar\ Tab/Components/CalendarProjectCard.swift /Users/jacksonsweet/Desktop/OPS\ APP/OPS/OPS/Views/Calendar\ Tab/Components/CalendarToggleView.swift /Users/jacksonsweet/Desktop/OPS\ APP/OPS/OPS/Views/Calendar\ Tab/Components/DatePickerPopover.swift /Users/jacksonsweet/Desktop/OPS\ APP/OPS/OPS/Views/Calendar\ Tab/Components/DayCell.swift /Users/jacksonsweet/Desktop/OPS\ APP/OPS/OPS/Views/Calendar\ Tab/ProjectViews/DayProjectSheet.swift /Users/jacksonsweet/Desktop/OPS\ APP/OPS/OPS/Views/Calendar\ Tab/ProjectViews/ProjectListView.swift /Users/jacksonsweet/Desktop/OPS\ APP/OPS/OPS/Views/Calendar\ Tab/MonthGridView.swift /Users/jacksonsweet/Desktop/OPS\ APP/OPS/OPS/Views/Components/Common/AppHeader.swift /Users/jacksonsweet/Desktop/OPS\ APP/OPS/OPS/Views/Components/Common/ExpandableNotesView.swift /Users/jacksonsweet/Desktop/OPS\ APP/OPS/OPS/Views/Components/Common/LocationPermissionView.swift /Users/jacksonsweet/Desktop/OPS\ APP/OPS/OPS/Views/Components/Common/NavigationBanner.swift /Users/jacksonsweet/Desktop/OPS\ APP/OPS/OPS/Views/Components/Common/NavigationControlsView.swift /Users/jacksonsweet/Desktop/OPS\ APP/OPS/OPS/Views/Components/Common/TabBarBackground.swift /Users/jacksonsweet/Desktop/OPS\ APP/OPS/OPS/Views/Components/Images/ImagePicker.swift /Users/jacksonsweet/Desktop/OPS\ APP/OPS/OPS/Views/Components/Images/ImagePickerView.swift /Users/jacksonsweet/Desktop/OPS\ APP/OPS/OPS/Views/Components/Images/ProjectImagesSection.swift /Users/jacksonsweet/Desktop/OPS\ APP/OPS/OPS/Views/Components/Images/ProjectImagesSimple.swift /Users/jacksonsweet/Desktop/OPS\ APP/OPS/OPS/Views/Components/Images/ProjectImageView.swift /Users/jacksonsweet/Desktop/OPS\ APP/OPS/OPS/Views/Components/Images/ProjectPhotosGrid.swift /Users/jacksonsweet/Desktop/OPS\ APP/OPS/OPS/Views/Components/Map/MiniMapView.swift /Users/jacksonsweet/Desktop/OPS\ APP/OPS/OPS/Views/Components/Map/ProjectMapAnnotation.swift /Users/jacksonsweet/Desktop/OPS\ APP/OPS/OPS/Views/Components/Map/ProjectMapView.swift /Users/jacksonsweet/Desktop/OPS\ APP/OPS/OPS/Views/Components/Map/ProjectMarkerPopup.swift /Users/jacksonsweet/Desktop/OPS\ APP/OPS/OPS/Views/Components/Map/RouteDirectionsView.swift /Users/jacksonsweet/Desktop/OPS\ APP/OPS/OPS/Views/Components/Project/ProjectActionBar.swift /Users/jacksonsweet/Desktop/OPS\ APP/OPS/OPS/Views/Components/Project/ProjectCard.swift /Users/jacksonsweet/Desktop/OPS\ APP/OPS/OPS/Views/Components/Project/ProjectCarousel.swift /Users/jacksonsweet/Desktop/OPS\ APP/OPS/OPS/Views/Components/Project/ProjectDetailsView.swift /Users/jacksonsweet/Desktop/OPS\ APP/OPS/OPS/Views/Components/Project/ProjectHeader.swift /Users/jacksonsweet/Desktop/OPS\ APP/OPS/OPS/Views/Components/Project/ProjectSheetContainer.swift /Users/jacksonsweet/Desktop/OPS\ APP/OPS/OPS/Views/Components/User/TeamMemberListView.swift /Users/jacksonsweet/Desktop/OPS\ APP/OPS/OPS/Views/Components/User/UserProfileCard.swift /Users/jacksonsweet/Desktop/OPS\ APP/OPS/OPS/Views/Home/HomeContentView.swift /Users/jacksonsweet/Desktop/OPS\ APP/OPS/OPS/Views/Home/HomeView.swift /Users/jacksonsweet/Desktop/OPS\ APP/OPS/OPS/Views/Settings/OrganizationSettingsView.swift /Users/jacksonsweet/Desktop/OPS\ APP/OPS/OPS/Views/Settings/ProfileSettingsView.swift /Users/jacksonsweet/Desktop/OPS\ APP/OPS/OPS/Views/Settings/ProjectHistorySettingsView.swift /Users/jacksonsweet/Desktop/OPS\ APP/OPS/OPS/Views/LoginView.swift /Users/jacksonsweet/Desktop/OPS\ APP/OPS/OPS/Views/LoginViewPreview.swift /Users/jacksonsweet/Desktop/OPS\ APP/OPS/OPS/Views/MainTabView.swift /Users/jacksonsweet/Desktop/OPS\ APP/OPS/OPS/Views/NetworkStatusIndicator.swift /Users/jacksonsweet/Desktop/OPS\ APP/OPS/OPS/Views/ScheduleView.swift /Users/jacksonsweet/Desktop/OPS\ APP/OPS/OPS/Views/SettingsView.swift /Users/jacksonsweet/Desktop/OPS\ APP/OPS/OPS/Views/SplashScreen.swift /Users/jacksonsweet/Desktop/OPS\ APP/OPS/OPS/AppState.swift /Users/jacksonsweet/Desktop/OPS\ APP/OPS/OPS/ContentView.swift /Users/jacksonsweet/Desktop/OPS\ APP/OPS/OPS/Item.swift /Users/jacksonsweet/Desktop/OPS\ APP/OPS/OPS/OPSApp.swift /Users/jacksonsweet/Library/Developer/Xcode/DerivedData/OPS-czavgtmnvamasvcjgszzuulfcsxj/Build/Intermediates.noindex/OPS.build/Debug-iphonesimulator/OPS.build/DerivedSources/GeneratedAssetSymbols.swift -supplementary-output-file-map /Users/jacksonsweet/Library/Developer/Xcode/DerivedData/OPS-czavgtmnvamasvcjgszzuulfcsxj/Build/Intermediates.noindex/OPS.build/Debug-iphonesimulator/OPS.build/Objects-normal/arm64/supplementaryOutputs-6 -emit-localized-strings -emit-localized-strings-path /Users/jacksonsweet/Library/Developer/Xcode/DerivedData/OPS-czavgtmnvamasvcjgszzuulfcsxj/Build/Intermediates.noindex/OPS.build/Debug-iphonesimulator/OPS.build/Objects-normal/arm64 -target arm64-apple-ios18.2-simulator -Xllvm -aarch64-use-tbi -enable-objc-interop -sdk /Applications/Xcode.app/Contents/Developer/Platforms/iPhoneSimulator.platform/Developer/SDKs/iPhoneSimulator18.2.sdk -I /Users/jacksonsweet/Library/Developer/Xcode/DerivedData/OPS-czavgtmnvamasvcjgszzuulfcsxj/Build/Products/Debug-iphonesimulator -F /Users/jacksonsweet/Library/Developer/Xcode/DerivedData/OPS-czavgtmnvamasvcjgszzuulfcsxj/Build/Products/Debug-iphonesimulator -no-color-diagnostics -enable-testing -g -debug-info-format\=dwarf -dwarf-version\=5 -module-cache-path /Users/jacksonsweet/Library/Developer/Xcode/DerivedData/ModuleCache.noindex -profile-generate -profile-coverage-mapping -swift-version 5 -enforce-exclusivity\=checked -Onone -D DEBUG -serialize-debugging-options -const-gather-protocols-file /Users/jacksonsweet/Library/Developer/Xcode/DerivedData/OPS-czavgtmnvamasvcjgszzuulfcsxj/Build/Intermediates.noindex/OPS.build/Debug-iphonesimulator/OPS.build/Objects-normal/arm64/OPS_const_extract_protocols.json -enable-experimental-feature DebugDescriptionMacro -enable-experimental-feature OpaqueTypeErasure -enable-bare-slash-regex -empty-abi-descriptor -validate-clang-modules-once -clang-build-session-file /Users/jacksonsweet/Library/Developer/Xcode/DerivedData/ModuleCache.noindex/Session.modulevalidation -Xcc -working-directory -Xcc /Users/jacksonsweet/Desktop/OPS\ APP/OPS -resource-dir /Applications/Xcode.app/Contents/Developer/Toolchains/XcodeDefault.xctoolchain/usr/lib/swift -enable-anonymous-context-mangled-names -file-compilation-dir /Users/jacksonsweet/Desktop/OPS\ APP/OPS -Xcc -D_LIBCPP_HARDENING_MODE\=_LIBCPP_HARDENING_MODE_DEBUG -Xcc -ivfsstatcache -Xcc /Users/jacksonsweet/Library/Developer/Xcode/DerivedData/SDKStatCaches.noindex/iphonesimulator18.2-22C146-07b28473f605e47e75261259d3ef3b5a.sdkstatcache -Xcc -I/Users/jacksonsweet/Library/Developer/Xcode/DerivedData/OPS-czavgtmnvamasvcjgszzuulfcsxj/Build/Intermediates.noindex/OPS.build/Debug-iphonesimulator/OPS.build/swift-overrides.hmap -Xcc -iquote -Xcc /Users/jacksonsweet/Library/Developer/Xcode/DerivedData/OPS-czavgtmnvamasvcjgszzuulfcsxj/Build/Intermediates.noindex/OPS.build/Debug-iphonesimulator/OPS.build/OPS-generated-files.hmap -Xcc -I/Users/jacksonsweet/Library/Developer/Xcode/DerivedData/OPS-czavgtmnvamasvcjgszzuulfcsxj/Build/Intermediates.noindex/OPS.build/Debug-iphonesimulator/OPS.build/OPS-own-target-headers.hmap -Xcc -I/Users/jacksonsweet/Library/Developer/Xcode/DerivedData/OPS-czavgtmnvamasvcjgszzuulfcsxj/Build/Intermediates.noindex/OPS.build/Debug-iphonesimulator/OPS.build/OPS-all-target-headers.hmap -Xcc -iquote -Xcc /Users/jacksonsweet/Library/Developer/Xcode/DerivedData/OPS-czavgtmnvamasvcjgszzuulfcsxj/Build/Intermediates.noindex/OPS.build/Debug-iphonesimulator/OPS.build/OPS-project-headers.hmap -Xcc -I/Users/jacksonsweet/Library/Developer/Xcode/DerivedData/OPS-czavgtmnvamasvcjgszzuulfcsxj/Build/Products/Debug-iphonesimulator/include -Xcc -I/Users/jacksonsweet/Library/Developer/Xcode/DerivedData/OPS-czavgtmnvamasvcjgszzuulfcsxj/Build/Intermediates.noindex/OPS.build/Debug-iphonesimulator/OPS.build/DerivedSources-normal/arm64 -Xcc -I/Users/jacksonsweet/Library/Developer/Xcode/DerivedData/OPS-czavgtmnvamasvcjgszzuulfcsxj/Build/Intermediates.noindex/OPS.build/Debug-iphonesimulator/OPS.build/DerivedSources/arm64 -Xcc -I/Users/jacksonsweet/Library/Developer/Xcode/DerivedData/OPS-czavgtmnvamasvcjgszzuulfcsxj/Build/Intermediates.noindex/OPS.build/Debug-iphonesimulator/OPS.build/DerivedSources -Xcc -DDEBUG\=1 -module-name OPS -frontend-parseable-output -disable-clang-spi -target-sdk-version 18.2 -target-sdk-name iphonesimulator18.2 -external-plugin-path /Applications/Xcode.app/Contents/Developer/Platforms/iPhoneOS.platform/Developer/usr/lib/swift/host/plugins\#/Applications/Xcode.app/Contents/Developer/Platforms/iPhoneOS.platform/Developer/usr/bin/swift-plugin-server -external-plugin-path /Applications/Xcode.app/Contents/Developer/Platforms/iPhoneOS.platform/Developer/usr/local/lib/swift/host/plugins\#/Applications/Xcode.app/Contents/Developer/Platforms/iPhoneOS.platform/Developer/usr/bin/swift-plugin-server -plugin-path /Applications/Xcode.app/Contents/Developer/Toolchains/XcodeDefault.xctoolchain/usr/lib/swift/host/plugins -plugin-path /Applications/Xcode.app/Contents/Developer/Toolchains/XcodeDefault.xctoolchain/usr/local/lib/swift/host/plugins -o /Users/jacksonsweet/Library/Developer/Xcode/DerivedData/OPS-czavgtmnvamasvcjgszzuulfcsxj/Build/Intermediates.noindex/OPS.build/Debug-iphonesimulator/OPS.build/Objects-normal/arm64/InProgressManager.o -o /Users/jacksonsweet/Library/Developer/Xcode/DerivedData/OPS-czavgtmnvamasvcjgszzuulfcsxj/Build/Intermediates.noindex/OPS.build/Debug-iphonesimulator/OPS.build/Objects-normal/arm64/KeyboardDismissalModifier.o -o /Users/jacksonsweet/Library/Developer/Xcode/DerivedData/OPS-czavgtmnvamasvcjgszzuulfcsxj/Build/Intermediates.noindex/OPS.build/Debug-iphonesimulator/OPS.build/Objects-normal/arm64/LocationManager.o -o /Users/jacksonsweet/Library/Developer/Xcode/DerivedData/OPS-czavgtmnvamasvcjgszzuulfcsxj/Build/Intermediates.noindex/OPS.build/Debug-iphonesimulator/OPS.build/Objects-normal/arm64/OnboardingEnvironmentKey.o -o /Users/jacksonsweet/Library/Developer/Xcode/DerivedData/OPS-czavgtmnvamasvcjgszzuulfcsxj/Build/Intermediates.noindex/OPS.build/Debug-iphonesimulator/OPS.build/Objects-normal/arm64/SwiftDataHelper.o -o /Users/jacksonsweet/Library/Developer/Xcode/DerivedData/OPS-czavgtmnvamasvcjgszzuulfcsxj/Build/Intermediates.noindex/OPS.build/Debug-iphonesimulator/OPS.build/Objects-normal/arm64/UIComponents.o -o /Users/jacksonsweet/Library/Developer/Xcode/DerivedData/OPS-czavgtmnvamasvcjgszzuulfcsxj/Build/Intermediates.noindex/OPS.build/Debug-iphonesimulator/OPS.build/Objects-normal/arm64/CertificationsSettingsView.o -o /Users/jacksonsweet/Library/Developer/Xcode/DerivedData/OPS-czavgtmnvamasvcjgszzuulfcsxj/Build/Intermediates.noindex/OPS.build/Debug-iphonesimulator/OPS.build/Objects-normal/arm64/CalendarViewModel.o -o /Users/jacksonsweet/Library/Developer/Xcode/DerivedData/OPS-czavgtmnvamasvcjgszzuulfcsxj/Build/Intermediates.noindex/OPS.build/Debug-iphonesimulator/OPS.build/Objects-normal/arm64/ProjectsViewModel.o -o /Users/jacksonsweet/Library/Developer/Xcode/DerivedData/OPS-czavgtmnvamasvcjgszzuulfcsxj/Build/Intermediates.noindex/OPS.build/Debug-iphonesimulator/OPS.build/Objects-normal/arm64/CalendarDaySelector.o -o /Users/jacksonsweet/Library/Developer/Xcode/DerivedData/OPS-czavgtmnvamasvcjgszzuulfcsxj/Build/Intermediates.noindex/OPS.build/Debug-iphonesimulator/OPS.build/Objects-normal/arm64/CalendarHeaderView.o -o /Users/jacksonsweet/Library/Developer/Xcode/DerivedData/OPS-czavgtmnvamasvcjgszzuulfcsxj/Build/Intermediates.noindex/OPS.build/Debug-iphonesimulator/OPS.build/Objects-normal/arm64/CalendarProjectCard.o -index-unit-output-path /OPS.build/Debug-iphonesimulator/OPS.build/Objects-normal/arm64/InProgressManager.o -index-unit-output-path /OPS.build/Debug-iphonesimulator/OPS.build/Objects-normal/arm64/KeyboardDismissalModifier.o -index-unit-output-path /OPS.build/Debug-iphonesimulator/OPS.build/Objects-normal/arm64/LocationManager.o -index-unit-output-path /OPS.build/Debug-iphonesimulator/OPS.build/Objects-normal/arm64/OnboardingEnvironmentKey.o -index-unit-output-path /OPS.build/Debug-iphonesimulator/OPS.build/Objects-normal/arm64/SwiftDataHelper.o -index-unit-output-path /OPS.build/Debug-iphonesimulator/OPS.build/Objects-normal/arm64/UIComponents.o -index-unit-output-path /OPS.build/Debug-iphonesimulator/OPS.build/Objects-normal/arm64/CertificationsSettingsView.o -index-unit-output-path /OPS.build/Debug-iphonesimulator/OPS.build/Objects-normal/arm64/CalendarViewModel.o -index-unit-output-path /OPS.build/Debug-iphonesimulator/OPS.build/Objects-normal/arm64/ProjectsViewModel.o -index-unit-output-path /OPS.build/Debug-iphonesimulator/OPS.build/Objects-normal/arm64/CalendarDaySelector.o -index-unit-output-path /OPS.build/Debug-iphonesimulator/OPS.build/Objects-normal/arm64/CalendarHeaderView.o -index-unit-output-path /OPS.build/Debug-iphonesimulator/OPS.build/Objects-normal/arm64/CalendarProjectCard.o -index-store-path /Users/jacksonsweet/Library/Developer/Xcode/DerivedData/OPS-czavgtmnvamasvcjgszzuulfcsxj/Index.noindex/DataStore -index-system-modules

SwiftCompile normal arm64 /Users/jacksonsweet/Desktop/OPS\ APP/OPS/OPS/Utilities/SwiftDataHelper.swift (in target 'OPS' from project 'OPS')
    cd /Users/jacksonsweet/Desktop/OPS\ APP/OPS
    /Applications/Xcode.app/Contents/Developer/Toolchains/XcodeDefault.xctoolchain/usr/bin/swift-frontend -c /Users/jacksonsweet/Desktop/OPS\ APP/OPS/OPS/DataModels/BubbleImage.swift /Users/jacksonsweet/Desktop/OPS\ APP/OPS/OPS/DataModels/BubbleTypes.swift /Users/jacksonsweet/Desktop/OPS\ APP/OPS/OPS/DataModels/Company.swift /Users/jacksonsweet/Desktop/OPS\ APP/OPS/OPS/DataModels/Project.swift /Users/jacksonsweet/Desktop/OPS\ APP/OPS/OPS/DataModels/Status.swift /Users/jacksonsweet/Desktop/OPS\ APP/OPS/OPS/DataModels/User.swift /Users/jacksonsweet/Desktop/OPS\ APP/OPS/OPS/DataModels/UserRole.swift /Users/jacksonsweet/Desktop/OPS\ APP/OPS/OPS/Extensions/UIImage+Extensions.swift /Users/jacksonsweet/Desktop/OPS\ APP/OPS/OPS/Network/API/APIError.swift /Users/jacksonsweet/Desktop/OPS\ APP/OPS/OPS/Network/API/APIService.swift /Users/jacksonsweet/Desktop/OPS\ APP/OPS/OPS/Network/API/BubbleFields.swift /Users/jacksonsweet/Desktop/OPS\ APP/OPS/OPS/Network/Auth/AuthError.swift /Users/jacksonsweet/Desktop/OPS\ APP/OPS/OPS/Network/Auth/AuthManager.swift /Users/jacksonsweet/Desktop/OPS\ APP/OPS/OPS/Network/Auth/KeychainManager.swift /Users/jacksonsweet/Desktop/OPS\ APP/OPS/OPS/Network/DTOs/CompanyDTO.swift /Users/jacksonsweet/Desktop/OPS\ APP/OPS/OPS/Network/DTOs/ProjectDTO.swift /Users/jacksonsweet/Desktop/OPS\ APP/OPS/OPS/Network/DTOs/UserDTO.swift /Users/jacksonsweet/Desktop/OPS\ APP/OPS/OPS/Network/Endpoints/CompanyEndpoints.swift /Users/jacksonsweet/Desktop/OPS\ APP/OPS/OPS/Network/Endpoints/ProjectEndpoints.swift /Users/jacksonsweet/Desktop/OPS\ APP/OPS/OPS/Network/Endpoints/UserEndpoints.swift /Users/jacksonsweet/Desktop/OPS\ APP/OPS/OPS/Network/Sync/BackgroundTaskManager.swift /Users/jacksonsweet/Desktop/OPS\ APP/OPS/OPS/Network/Sync/SyncManager.swift /Users/jacksonsweet/Desktop/OPS\ APP/OPS/OPS/Network/ConnectivityMonitor.swift /Users/jacksonsweet/Desktop/OPS\ APP/OPS/OPS/Network/ImageSyncManager.swift /Users/jacksonsweet/Desktop/OPS\ APP/OPS/OPS/Onboarding/Coordinators/OnboardingCoordinator.swift /Users/jacksonsweet/Desktop/OPS\ APP/OPS/OPS/Onboarding/Models/OnboardingModels.swift /Users/jacksonsweet/Desktop/OPS\ APP/OPS/OPS/Onboarding/Services/OnboardingService.swift /Users/jacksonsweet/Desktop/OPS\ APP/OPS/OPS/Onboarding/ViewModels/OnboardingViewModel.swift /Users/jacksonsweet/Desktop/OPS\ APP/OPS/OPS/Onboarding/Views/Components/OnboardingComponents.swift /Users/jacksonsweet/Desktop/OPS\ APP/OPS/OPS/Onboarding/Views/Screens/AccountCreatedView.swift /Users/jacksonsweet/Desktop/OPS\ APP/OPS/OPS/Onboarding/Views/Screens/CompanyCodeView.swift /Users/jacksonsweet/Desktop/OPS\ APP/OPS/OPS/Onboarding/Views/Screens/CompanyCodeViewPreview.swift /Users/jacksonsweet/Desktop/OPS\ APP/OPS/OPS/Onboarding/Views/Screens/CompletionView.swift /Users/jacksonsweet/Desktop/OPS\ APP/OPS/OPS/Onboarding/Views/Screens/CompletionViewPreview.swift /Users/jacksonsweet/Desktop/OPS\ APP/OPS/OPS/Onboarding/Views/Screens/EmailView.swift /Users/jacksonsweet/Desktop/OPS\ APP/OPS/OPS/Onboarding/Views/Screens/FieldSetupView.swift /Users/jacksonsweet/Desktop/OPS\ APP/OPS/OPS/Onboarding/Views/Screens/NotificationsView.swift /Users/jacksonsweet/Desktop/OPS\ APP/OPS/OPS/Onboarding/Views/Screens/NotificationsViewPreview.swift /Users/jacksonsweet/Desktop/OPS\ APP/OPS/OPS/Onboarding/Views/Screens/OrganizationJoinView.swift /Users/jacksonsweet/Desktop/OPS\ APP/OPS/OPS/Onboarding/Views/Screens/PasswordView.swift /Users/jacksonsweet/Desktop/OPS\ APP/OPS/OPS/Onboarding/Views/Screens/PasswordViewPreview.swift /Users/jacksonsweet/Desktop/OPS\ APP/OPS/OPS/Onboarding/Views/Screens/PermissionsView.swift /Users/jacksonsweet/Desktop/OPS\ APP/OPS/OPS/Onboarding/Views/Screens/PermissionsViewPreview.swift /Users/jacksonsweet/Desktop/OPS\ APP/OPS/OPS/Onboarding/Views/Screens/PhoneNumberView.swift /Users/jacksonsweet/Desktop/OPS\ APP/OPS/OPS/Onboarding/Views/Screens/PhoneNumberViewPreview.swift /Users/jacksonsweet/Desktop/OPS\ APP/OPS/OPS/Onboarding/Views/Screens/UserInfoView.swift /Users/jacksonsweet/Desktop/OPS\ APP/OPS/OPS/Onboarding/Views/Screens/UserInfoViewPreview.swift /Users/jacksonsweet/Desktop/OPS\ APP/OPS/OPS/Onboarding/Views/Screens/VerifyPhoneView.swift /Users/jacksonsweet/Desktop/OPS\ APP/OPS/OPS/Onboarding/Views/Screens/WelcomeCompanyView.swift /Users/jacksonsweet/Desktop/OPS\ APP/OPS/OPS/Onboarding/Views/Screens/WelcomeCompanyViewPreview.swift /Users/jacksonsweet/Desktop/OPS\ APP/OPS/OPS/Onboarding/Views/Screens/WelcomeView.swift /Users/jacksonsweet/Desktop/OPS\ APP/OPS/OPS/Onboarding/Views/Screens/WelcomeViewPreview.swift /Users/jacksonsweet/Desktop/OPS\ APP/OPS/OPS/Onboarding/Views/OnboardingContainerView.swift /Users/jacksonsweet/Desktop/OPS\ APP/OPS/OPS/Onboarding/Views/OnboardingFlowPreview.swift /Users/jacksonsweet/Desktop/OPS\ APP/OPS/OPS/Onboarding/Views/OnboardingPresenter.swift /Users/jacksonsweet/Desktop/OPS\ APP/OPS/OPS/Onboarding/Views/OnboardingPreviewHelpers.swift /Users/jacksonsweet/Desktop/OPS\ APP/OPS/OPS/Styles/OPSStyle.swift /Users/jacksonsweet/Desktop/OPS\ APP/OPS/OPS/Utilities/AppConfiguration.swift /Users/jacksonsweet/Desktop/OPS\ APP/OPS/OPS/Utilities/ArrayTransformer.swift /Users/jacksonsweet/Desktop/OPS\ APP/OPS/OPS/Utilities/DataController.swift /Users/jacksonsweet/Desktop/OPS\ APP/OPS/OPS/Utilities/Dateformatter\ +Bubble.swift /Users/jacksonsweet/Desktop/OPS\ APP/OPS/OPS/Utilities/DateHelper.swift /Users/jacksonsweet/Desktop/OPS\ APP/OPS/OPS/Utilities/FieldErrorHandler.swift /Users/jacksonsweet/Desktop/OPS\ APP/OPS/OPS/Utilities/ImageCache.swift /Users/jacksonsweet/Desktop/OPS\ APP/OPS/OPS/Utilities/ImageFileManager.swift -primary-file /Users/jacksonsweet/Desktop/OPS\ APP/OPS/OPS/Utilities/InProgressManager.swift -primary-file /Users/jacksonsweet/Desktop/OPS\ APP/OPS/OPS/Utilities/KeyboardDismissalModifier.swift -primary-file /Users/jacksonsweet/Desktop/OPS\ APP/OPS/OPS/Utilities/LocationManager.swift -primary-file /Users/jacksonsweet/Desktop/OPS\ APP/OPS/OPS/Utilities/OnboardingEnvironmentKey.swift -primary-file /Users/jacksonsweet/Desktop/OPS\ APP/OPS/OPS/Utilities/SwiftDataHelper.swift -primary-file /Users/jacksonsweet/Desktop/OPS\ APP/OPS/OPS/Utilities/UIComponents.swift -primary-file /Users/jacksonsweet/Desktop/OPS\ APP/OPS/OPS/V2/CertificationsSettingsView.swift -primary-file /Users/jacksonsweet/Desktop/OPS\ APP/OPS/OPS/ViewModels/CalendarViewModel.swift -primary-file /Users/jacksonsweet/Desktop/OPS\ APP/OPS/OPS/ViewModels/ProjectsViewModel.swift -primary-file /Users/jacksonsweet/Desktop/OPS\ APP/OPS/OPS/Views/Calendar\ Tab/Components/CalendarDaySelector.swift -primary-file /Users/jacksonsweet/Desktop/OPS\ APP/OPS/OPS/Views/Calendar\ Tab/Components/CalendarHeaderView.swift -primary-file /Users/jacksonsweet/Desktop/OPS\ APP/OPS/OPS/Views/Calendar\ Tab/Components/CalendarProjectCard.swift /Users/jacksonsweet/Desktop/OPS\ APP/OPS/OPS/Views/Calendar\ Tab/Components/CalendarToggleView.swift /Users/jacksonsweet/Desktop/OPS\ APP/OPS/OPS/Views/Calendar\ Tab/Components/DatePickerPopover.swift /Users/jacksonsweet/Desktop/OPS\ APP/OPS/OPS/Views/Calendar\ Tab/Components/DayCell.swift /Users/jacksonsweet/Desktop/OPS\ APP/OPS/OPS/Views/Calendar\ Tab/ProjectViews/DayProjectSheet.swift /Users/jacksonsweet/Desktop/OPS\ APP/OPS/OPS/Views/Calendar\ Tab/ProjectViews/ProjectListView.swift /Users/jacksonsweet/Desktop/OPS\ APP/OPS/OPS/Views/Calendar\ Tab/MonthGridView.swift /Users/jacksonsweet/Desktop/OPS\ APP/OPS/OPS/Views/Components/Common/AppHeader.swift /Users/jacksonsweet/Desktop/OPS\ APP/OPS/OPS/Views/Components/Common/ExpandableNotesView.swift /Users/jacksonsweet/Desktop/OPS\ APP/OPS/OPS/Views/Components/Common/LocationPermissionView.swift /Users/jacksonsweet/Desktop/OPS\ APP/OPS/OPS/Views/Components/Common/NavigationBanner.swift /Users/jacksonsweet/Desktop/OPS\ APP/OPS/OPS/Views/Components/Common/NavigationControlsView.swift /Users/jacksonsweet/Desktop/OPS\ APP/OPS/OPS/Views/Components/Common/TabBarBackground.swift /Users/jacksonsweet/Desktop/OPS\ APP/OPS/OPS/Views/Components/Images/ImagePicker.swift /Users/jacksonsweet/Desktop/OPS\ APP/OPS/OPS/Views/Components/Images/ImagePickerView.swift /Users/jacksonsweet/Desktop/OPS\ APP/OPS/OPS/Views/Components/Images/ProjectImagesSection.swift /Users/jacksonsweet/Desktop/OPS\ APP/OPS/OPS/Views/Components/Images/ProjectImagesSimple.swift /Users/jacksonsweet/Desktop/OPS\ APP/OPS/OPS/Views/Components/Images/ProjectImageView.swift /Users/jacksonsweet/Desktop/OPS\ APP/OPS/OPS/Views/Components/Images/ProjectPhotosGrid.swift /Users/jacksonsweet/Desktop/OPS\ APP/OPS/OPS/Views/Components/Map/MiniMapView.swift /Users/jacksonsweet/Desktop/OPS\ APP/OPS/OPS/Views/Components/Map/ProjectMapAnnotation.swift /Users/jacksonsweet/Desktop/OPS\ APP/OPS/OPS/Views/Components/Map/ProjectMapView.swift /Users/jacksonsweet/Desktop/OPS\ APP/OPS/OPS/Views/Components/Map/ProjectMarkerPopup.swift /Users/jacksonsweet/Desktop/OPS\ APP/OPS/OPS/Views/Components/Map/RouteDirectionsView.swift /Users/jacksonsweet/Desktop/OPS\ APP/OPS/OPS/Views/Components/Project/ProjectActionBar.swift /Users/jacksonsweet/Desktop/OPS\ APP/OPS/OPS/Views/Components/Project/ProjectCard.swift /Users/jacksonsweet/Desktop/OPS\ APP/OPS/OPS/Views/Components/Project/ProjectCarousel.swift /Users/jacksonsweet/Desktop/OPS\ APP/OPS/OPS/Views/Components/Project/ProjectDetailsView.swift /Users/jacksonsweet/Desktop/OPS\ APP/OPS/OPS/Views/Components/Project/ProjectHeader.swift /Users/jacksonsweet/Desktop/OPS\ APP/OPS/OPS/Views/Components/Project/ProjectSheetContainer.swift /Users/jacksonsweet/Desktop/OPS\ APP/OPS/OPS/Views/Components/User/TeamMemberListView.swift /Users/jacksonsweet/Desktop/OPS\ APP/OPS/OPS/Views/Components/User/UserProfileCard.swift /Users/jacksonsweet/Desktop/OPS\ APP/OPS/OPS/Views/Home/HomeContentView.swift /Users/jacksonsweet/Desktop/OPS\ APP/OPS/OPS/Views/Home/HomeView.swift /Users/jacksonsweet/Desktop/OPS\ APP/OPS/OPS/Views/Settings/OrganizationSettingsView.swift /Users/jacksonsweet/Desktop/OPS\ APP/OPS/OPS/Views/Settings/ProfileSettingsView.swift /Users/jacksonsweet/Desktop/OPS\ APP/OPS/OPS/Views/Settings/ProjectHistorySettingsView.swift /Users/jacksonsweet/Desktop/OPS\ APP/OPS/OPS/Views/LoginView.swift /Users/jacksonsweet/Desktop/OPS\ APP/OPS/OPS/Views/LoginViewPreview.swift /Users/jacksonsweet/Desktop/OPS\ APP/OPS/OPS/Views/MainTabView.swift /Users/jacksonsweet/Desktop/OPS\ APP/OPS/OPS/Views/NetworkStatusIndicator.swift /Users/jacksonsweet/Desktop/OPS\ APP/OPS/OPS/Views/ScheduleView.swift /Users/jacksonsweet/Desktop/OPS\ APP/OPS/OPS/Views/SettingsView.swift /Users/jacksonsweet/Desktop/OPS\ APP/OPS/OPS/Views/SplashScreen.swift /Users/jacksonsweet/Desktop/OPS\ APP/OPS/OPS/AppState.swift /Users/jacksonsweet/Desktop/OPS\ APP/OPS/OPS/ContentView.swift /Users/jacksonsweet/Desktop/OPS\ APP/OPS/OPS/Item.swift /Users/jacksonsweet/Desktop/OPS\ APP/OPS/OPS/OPSApp.swift /Users/jacksonsweet/Library/Developer/Xcode/DerivedData/OPS-czavgtmnvamasvcjgszzuulfcsxj/Build/Intermediates.noindex/OPS.build/Debug-iphonesimulator/OPS.build/DerivedSources/GeneratedAssetSymbols.swift -supplementary-output-file-map /Users/jacksonsweet/Library/Developer/Xcode/DerivedData/OPS-czavgtmnvamasvcjgszzuulfcsxj/Build/Intermediates.noindex/OPS.build/Debug-iphonesimulator/OPS.build/Objects-normal/arm64/supplementaryOutputs-6 -emit-localized-strings -emit-localized-strings-path /Users/jacksonsweet/Library/Developer/Xcode/DerivedData/OPS-czavgtmnvamasvcjgszzuulfcsxj/Build/Intermediates.noindex/OPS.build/Debug-iphonesimulator/OPS.build/Objects-normal/arm64 -target arm64-apple-ios18.2-simulator -Xllvm -aarch64-use-tbi -enable-objc-interop -sdk /Applications/Xcode.app/Contents/Developer/Platforms/iPhoneSimulator.platform/Developer/SDKs/iPhoneSimulator18.2.sdk -I /Users/jacksonsweet/Library/Developer/Xcode/DerivedData/OPS-czavgtmnvamasvcjgszzuulfcsxj/Build/Products/Debug-iphonesimulator -F /Users/jacksonsweet/Library/Developer/Xcode/DerivedData/OPS-czavgtmnvamasvcjgszzuulfcsxj/Build/Products/Debug-iphonesimulator -no-color-diagnostics -enable-testing -g -debug-info-format\=dwarf -dwarf-version\=5 -module-cache-path /Users/jacksonsweet/Library/Developer/Xcode/DerivedData/ModuleCache.noindex -profile-generate -profile-coverage-mapping -swift-version 5 -enforce-exclusivity\=checked -Onone -D DEBUG -serialize-debugging-options -const-gather-protocols-file /Users/jacksonsweet/Library/Developer/Xcode/DerivedData/OPS-czavgtmnvamasvcjgszzuulfcsxj/Build/Intermediates.noindex/OPS.build/Debug-iphonesimulator/OPS.build/Objects-normal/arm64/OPS_const_extract_protocols.json -enable-experimental-feature DebugDescriptionMacro -enable-experimental-feature OpaqueTypeErasure -enable-bare-slash-regex -empty-abi-descriptor -validate-clang-modules-once -clang-build-session-file /Users/jacksonsweet/Library/Developer/Xcode/DerivedData/ModuleCache.noindex/Session.modulevalidation -Xcc -working-directory -Xcc /Users/jacksonsweet/Desktop/OPS\ APP/OPS -resource-dir /Applications/Xcode.app/Contents/Developer/Toolchains/XcodeDefault.xctoolchain/usr/lib/swift -enable-anonymous-context-mangled-names -file-compilation-dir /Users/jacksonsweet/Desktop/OPS\ APP/OPS -Xcc -D_LIBCPP_HARDENING_MODE\=_LIBCPP_HARDENING_MODE_DEBUG -Xcc -ivfsstatcache -Xcc /Users/jacksonsweet/Library/Developer/Xcode/DerivedData/SDKStatCaches.noindex/iphonesimulator18.2-22C146-07b28473f605e47e75261259d3ef3b5a.sdkstatcache -Xcc -I/Users/jacksonsweet/Library/Developer/Xcode/DerivedData/OPS-czavgtmnvamasvcjgszzuulfcsxj/Build/Intermediates.noindex/OPS.build/Debug-iphonesimulator/OPS.build/swift-overrides.hmap -Xcc -iquote -Xcc /Users/jacksonsweet/Library/Developer/Xcode/DerivedData/OPS-czavgtmnvamasvcjgszzuulfcsxj/Build/Intermediates.noindex/OPS.build/Debug-iphonesimulator/OPS.build/OPS-generated-files.hmap -Xcc -I/Users/jacksonsweet/Library/Developer/Xcode/DerivedData/OPS-czavgtmnvamasvcjgszzuulfcsxj/Build/Intermediates.noindex/OPS.build/Debug-iphonesimulator/OPS.build/OPS-own-target-headers.hmap -Xcc -I/Users/jacksonsweet/Library/Developer/Xcode/DerivedData/OPS-czavgtmnvamasvcjgszzuulfcsxj/Build/Intermediates.noindex/OPS.build/Debug-iphonesimulator/OPS.build/OPS-all-target-headers.hmap -Xcc -iquote -Xcc /Users/jacksonsweet/Library/Developer/Xcode/DerivedData/OPS-czavgtmnvamasvcjgszzuulfcsxj/Build/Intermediates.noindex/OPS.build/Debug-iphonesimulator/OPS.build/OPS-project-headers.hmap -Xcc -I/Users/jacksonsweet/Library/Developer/Xcode/DerivedData/OPS-czavgtmnvamasvcjgszzuulfcsxj/Build/Products/Debug-iphonesimulator/include -Xcc -I/Users/jacksonsweet/Library/Developer/Xcode/DerivedData/OPS-czavgtmnvamasvcjgszzuulfcsxj/Build/Intermediates.noindex/OPS.build/Debug-iphonesimulator/OPS.build/DerivedSources-normal/arm64 -Xcc -I/Users/jacksonsweet/Library/Developer/Xcode/DerivedData/OPS-czavgtmnvamasvcjgszzuulfcsxj/Build/Intermediates.noindex/OPS.build/Debug-iphonesimulator/OPS.build/DerivedSources/arm64 -Xcc -I/Users/jacksonsweet/Library/Developer/Xcode/DerivedData/OPS-czavgtmnvamasvcjgszzuulfcsxj/Build/Intermediates.noindex/OPS.build/Debug-iphonesimulator/OPS.build/DerivedSources -Xcc -DDEBUG\=1 -module-name OPS -frontend-parseable-output -disable-clang-spi -target-sdk-version 18.2 -target-sdk-name iphonesimulator18.2 -external-plugin-path /Applications/Xcode.app/Contents/Developer/Platforms/iPhoneOS.platform/Developer/usr/lib/swift/host/plugins\#/Applications/Xcode.app/Contents/Developer/Platforms/iPhoneOS.platform/Developer/usr/bin/swift-plugin-server -external-plugin-path /Applications/Xcode.app/Contents/Developer/Platforms/iPhoneOS.platform/Developer/usr/local/lib/swift/host/plugins\#/Applications/Xcode.app/Contents/Developer/Platforms/iPhoneOS.platform/Developer/usr/bin/swift-plugin-server -plugin-path /Applications/Xcode.app/Contents/Developer/Toolchains/XcodeDefault.xctoolchain/usr/lib/swift/host/plugins -plugin-path /Applications/Xcode.app/Contents/Developer/Toolchains/XcodeDefault.xctoolchain/usr/local/lib/swift/host/plugins -o /Users/jacksonsweet/Library/Developer/Xcode/DerivedData/OPS-czavgtmnvamasvcjgszzuulfcsxj/Build/Intermediates.noindex/OPS.build/Debug-iphonesimulator/OPS.build/Objects-normal/arm64/InProgressManager.o -o /Users/jacksonsweet/Library/Developer/Xcode/DerivedData/OPS-czavgtmnvamasvcjgszzuulfcsxj/Build/Intermediates.noindex/OPS.build/Debug-iphonesimulator/OPS.build/Objects-normal/arm64/KeyboardDismissalModifier.o -o /Users/jacksonsweet/Library/Developer/Xcode/DerivedData/OPS-czavgtmnvamasvcjgszzuulfcsxj/Build/Intermediates.noindex/OPS.build/Debug-iphonesimulator/OPS.build/Objects-normal/arm64/LocationManager.o -o /Users/jacksonsweet/Library/Developer/Xcode/DerivedData/OPS-czavgtmnvamasvcjgszzuulfcsxj/Build/Intermediates.noindex/OPS.build/Debug-iphonesimulator/OPS.build/Objects-normal/arm64/OnboardingEnvironmentKey.o -o /Users/jacksonsweet/Library/Developer/Xcode/DerivedData/OPS-czavgtmnvamasvcjgszzuulfcsxj/Build/Intermediates.noindex/OPS.build/Debug-iphonesimulator/OPS.build/Objects-normal/arm64/SwiftDataHelper.o -o /Users/jacksonsweet/Library/Developer/Xcode/DerivedData/OPS-czavgtmnvamasvcjgszzuulfcsxj/Build/Intermediates.noindex/OPS.build/Debug-iphonesimulator/OPS.build/Objects-normal/arm64/UIComponents.o -o /Users/jacksonsweet/Library/Developer/Xcode/DerivedData/OPS-czavgtmnvamasvcjgszzuulfcsxj/Build/Intermediates.noindex/OPS.build/Debug-iphonesimulator/OPS.build/Objects-normal/arm64/CertificationsSettingsView.o -o /Users/jacksonsweet/Library/Developer/Xcode/DerivedData/OPS-czavgtmnvamasvcjgszzuulfcsxj/Build/Intermediates.noindex/OPS.build/Debug-iphonesimulator/OPS.build/Objects-normal/arm64/CalendarViewModel.o -o /Users/jacksonsweet/Library/Developer/Xcode/DerivedData/OPS-czavgtmnvamasvcjgszzuulfcsxj/Build/Intermediates.noindex/OPS.build/Debug-iphonesimulator/OPS.build/Objects-normal/arm64/ProjectsViewModel.o -o /Users/jacksonsweet/Library/Developer/Xcode/DerivedData/OPS-czavgtmnvamasvcjgszzuulfcsxj/Build/Intermediates.noindex/OPS.build/Debug-iphonesimulator/OPS.build/Objects-normal/arm64/CalendarDaySelector.o -o /Users/jacksonsweet/Library/Developer/Xcode/DerivedData/OPS-czavgtmnvamasvcjgszzuulfcsxj/Build/Intermediates.noindex/OPS.build/Debug-iphonesimulator/OPS.build/Objects-normal/arm64/CalendarHeaderView.o -o /Users/jacksonsweet/Library/Developer/Xcode/DerivedData/OPS-czavgtmnvamasvcjgszzuulfcsxj/Build/Intermediates.noindex/OPS.build/Debug-iphonesimulator/OPS.build/Objects-normal/arm64/CalendarProjectCard.o -index-unit-output-path /OPS.build/Debug-iphonesimulator/OPS.build/Objects-normal/arm64/InProgressManager.o -index-unit-output-path /OPS.build/Debug-iphonesimulator/OPS.build/Objects-normal/arm64/KeyboardDismissalModifier.o -index-unit-output-path /OPS.build/Debug-iphonesimulator/OPS.build/Objects-normal/arm64/LocationManager.o -index-unit-output-path /OPS.build/Debug-iphonesimulator/OPS.build/Objects-normal/arm64/OnboardingEnvironmentKey.o -index-unit-output-path /OPS.build/Debug-iphonesimulator/OPS.build/Objects-normal/arm64/SwiftDataHelper.o -index-unit-output-path /OPS.build/Debug-iphonesimulator/OPS.build/Objects-normal/arm64/UIComponents.o -index-unit-output-path /OPS.build/Debug-iphonesimulator/OPS.build/Objects-normal/arm64/CertificationsSettingsView.o -index-unit-output-path /OPS.build/Debug-iphonesimulator/OPS.build/Objects-normal/arm64/CalendarViewModel.o -index-unit-output-path /OPS.build/Debug-iphonesimulator/OPS.build/Objects-normal/arm64/ProjectsViewModel.o -index-unit-output-path /OPS.build/Debug-iphonesimulator/OPS.build/Objects-normal/arm64/CalendarDaySelector.o -index-unit-output-path /OPS.build/Debug-iphonesimulator/OPS.build/Objects-normal/arm64/CalendarHeaderView.o -index-unit-output-path /OPS.build/Debug-iphonesimulator/OPS.build/Objects-normal/arm64/CalendarProjectCard.o -index-store-path /Users/jacksonsweet/Library/Developer/Xcode/DerivedData/OPS-czavgtmnvamasvcjgszzuulfcsxj/Index.noindex/DataStore -index-system-modules

SwiftCompile normal arm64 /Users/jacksonsweet/Desktop/OPS\ APP/OPS/OPS/Utilities/UIComponents.swift (in target 'OPS' from project 'OPS')
    cd /Users/jacksonsweet/Desktop/OPS\ APP/OPS
    /Applications/Xcode.app/Contents/Developer/Toolchains/XcodeDefault.xctoolchain/usr/bin/swift-frontend -c /Users/jacksonsweet/Desktop/OPS\ APP/OPS/OPS/DataModels/BubbleImage.swift /Users/jacksonsweet/Desktop/OPS\ APP/OPS/OPS/DataModels/BubbleTypes.swift /Users/jacksonsweet/Desktop/OPS\ APP/OPS/OPS/DataModels/Company.swift /Users/jacksonsweet/Desktop/OPS\ APP/OPS/OPS/DataModels/Project.swift /Users/jacksonsweet/Desktop/OPS\ APP/OPS/OPS/DataModels/Status.swift /Users/jacksonsweet/Desktop/OPS\ APP/OPS/OPS/DataModels/User.swift /Users/jacksonsweet/Desktop/OPS\ APP/OPS/OPS/DataModels/UserRole.swift /Users/jacksonsweet/Desktop/OPS\ APP/OPS/OPS/Extensions/UIImage+Extensions.swift /Users/jacksonsweet/Desktop/OPS\ APP/OPS/OPS/Network/API/APIError.swift /Users/jacksonsweet/Desktop/OPS\ APP/OPS/OPS/Network/API/APIService.swift /Users/jacksonsweet/Desktop/OPS\ APP/OPS/OPS/Network/API/BubbleFields.swift /Users/jacksonsweet/Desktop/OPS\ APP/OPS/OPS/Network/Auth/AuthError.swift /Users/jacksonsweet/Desktop/OPS\ APP/OPS/OPS/Network/Auth/AuthManager.swift /Users/jacksonsweet/Desktop/OPS\ APP/OPS/OPS/Network/Auth/KeychainManager.swift /Users/jacksonsweet/Desktop/OPS\ APP/OPS/OPS/Network/DTOs/CompanyDTO.swift /Users/jacksonsweet/Desktop/OPS\ APP/OPS/OPS/Network/DTOs/ProjectDTO.swift /Users/jacksonsweet/Desktop/OPS\ APP/OPS/OPS/Network/DTOs/UserDTO.swift /Users/jacksonsweet/Desktop/OPS\ APP/OPS/OPS/Network/Endpoints/CompanyEndpoints.swift /Users/jacksonsweet/Desktop/OPS\ APP/OPS/OPS/Network/Endpoints/ProjectEndpoints.swift /Users/jacksonsweet/Desktop/OPS\ APP/OPS/OPS/Network/Endpoints/UserEndpoints.swift /Users/jacksonsweet/Desktop/OPS\ APP/OPS/OPS/Network/Sync/BackgroundTaskManager.swift /Users/jacksonsweet/Desktop/OPS\ APP/OPS/OPS/Network/Sync/SyncManager.swift /Users/jacksonsweet/Desktop/OPS\ APP/OPS/OPS/Network/ConnectivityMonitor.swift /Users/jacksonsweet/Desktop/OPS\ APP/OPS/OPS/Network/ImageSyncManager.swift /Users/jacksonsweet/Desktop/OPS\ APP/OPS/OPS/Onboarding/Coordinators/OnboardingCoordinator.swift /Users/jacksonsweet/Desktop/OPS\ APP/OPS/OPS/Onboarding/Models/OnboardingModels.swift /Users/jacksonsweet/Desktop/OPS\ APP/OPS/OPS/Onboarding/Services/OnboardingService.swift /Users/jacksonsweet/Desktop/OPS\ APP/OPS/OPS/Onboarding/ViewModels/OnboardingViewModel.swift /Users/jacksonsweet/Desktop/OPS\ APP/OPS/OPS/Onboarding/Views/Components/OnboardingComponents.swift /Users/jacksonsweet/Desktop/OPS\ APP/OPS/OPS/Onboarding/Views/Screens/AccountCreatedView.swift /Users/jacksonsweet/Desktop/OPS\ APP/OPS/OPS/Onboarding/Views/Screens/CompanyCodeView.swift /Users/jacksonsweet/Desktop/OPS\ APP/OPS/OPS/Onboarding/Views/Screens/CompanyCodeViewPreview.swift /Users/jacksonsweet/Desktop/OPS\ APP/OPS/OPS/Onboarding/Views/Screens/CompletionView.swift /Users/jacksonsweet/Desktop/OPS\ APP/OPS/OPS/Onboarding/Views/Screens/CompletionViewPreview.swift /Users/jacksonsweet/Desktop/OPS\ APP/OPS/OPS/Onboarding/Views/Screens/EmailView.swift /Users/jacksonsweet/Desktop/OPS\ APP/OPS/OPS/Onboarding/Views/Screens/FieldSetupView.swift /Users/jacksonsweet/Desktop/OPS\ APP/OPS/OPS/Onboarding/Views/Screens/NotificationsView.swift /Users/jacksonsweet/Desktop/OPS\ APP/OPS/OPS/Onboarding/Views/Screens/NotificationsViewPreview.swift /Users/jacksonsweet/Desktop/OPS\ APP/OPS/OPS/Onboarding/Views/Screens/OrganizationJoinView.swift /Users/jacksonsweet/Desktop/OPS\ APP/OPS/OPS/Onboarding/Views/Screens/PasswordView.swift /Users/jacksonsweet/Desktop/OPS\ APP/OPS/OPS/Onboarding/Views/Screens/PasswordViewPreview.swift /Users/jacksonsweet/Desktop/OPS\ APP/OPS/OPS/Onboarding/Views/Screens/PermissionsView.swift /Users/jacksonsweet/Desktop/OPS\ APP/OPS/OPS/Onboarding/Views/Screens/PermissionsViewPreview.swift /Users/jacksonsweet/Desktop/OPS\ APP/OPS/OPS/Onboarding/Views/Screens/PhoneNumberView.swift /Users/jacksonsweet/Desktop/OPS\ APP/OPS/OPS/Onboarding/Views/Screens/PhoneNumberViewPreview.swift /Users/jacksonsweet/Desktop/OPS\ APP/OPS/OPS/Onboarding/Views/Screens/UserInfoView.swift /Users/jacksonsweet/Desktop/OPS\ APP/OPS/OPS/Onboarding/Views/Screens/UserInfoViewPreview.swift /Users/jacksonsweet/Desktop/OPS\ APP/OPS/OPS/Onboarding/Views/Screens/VerifyPhoneView.swift /Users/jacksonsweet/Desktop/OPS\ APP/OPS/OPS/Onboarding/Views/Screens/WelcomeCompanyView.swift /Users/jacksonsweet/Desktop/OPS\ APP/OPS/OPS/Onboarding/Views/Screens/WelcomeCompanyViewPreview.swift /Users/jacksonsweet/Desktop/OPS\ APP/OPS/OPS/Onboarding/Views/Screens/WelcomeView.swift /Users/jacksonsweet/Desktop/OPS\ APP/OPS/OPS/Onboarding/Views/Screens/WelcomeViewPreview.swift /Users/jacksonsweet/Desktop/OPS\ APP/OPS/OPS/Onboarding/Views/OnboardingContainerView.swift /Users/jacksonsweet/Desktop/OPS\ APP/OPS/OPS/Onboarding/Views/OnboardingFlowPreview.swift /Users/jacksonsweet/Desktop/OPS\ APP/OPS/OPS/Onboarding/Views/OnboardingPresenter.swift /Users/jacksonsweet/Desktop/OPS\ APP/OPS/OPS/Onboarding/Views/OnboardingPreviewHelpers.swift /Users/jacksonsweet/Desktop/OPS\ APP/OPS/OPS/Styles/OPSStyle.swift /Users/jacksonsweet/Desktop/OPS\ APP/OPS/OPS/Utilities/AppConfiguration.swift /Users/jacksonsweet/Desktop/OPS\ APP/OPS/OPS/Utilities/ArrayTransformer.swift /Users/jacksonsweet/Desktop/OPS\ APP/OPS/OPS/Utilities/DataController.swift /Users/jacksonsweet/Desktop/OPS\ APP/OPS/OPS/Utilities/Dateformatter\ +Bubble.swift /Users/jacksonsweet/Desktop/OPS\ APP/OPS/OPS/Utilities/DateHelper.swift /Users/jacksonsweet/Desktop/OPS\ APP/OPS/OPS/Utilities/FieldErrorHandler.swift /Users/jacksonsweet/Desktop/OPS\ APP/OPS/OPS/Utilities/ImageCache.swift /Users/jacksonsweet/Desktop/OPS\ APP/OPS/OPS/Utilities/ImageFileManager.swift -primary-file /Users/jacksonsweet/Desktop/OPS\ APP/OPS/OPS/Utilities/InProgressManager.swift -primary-file /Users/jacksonsweet/Desktop/OPS\ APP/OPS/OPS/Utilities/KeyboardDismissalModifier.swift -primary-file /Users/jacksonsweet/Desktop/OPS\ APP/OPS/OPS/Utilities/LocationManager.swift -primary-file /Users/jacksonsweet/Desktop/OPS\ APP/OPS/OPS/Utilities/OnboardingEnvironmentKey.swift -primary-file /Users/jacksonsweet/Desktop/OPS\ APP/OPS/OPS/Utilities/SwiftDataHelper.swift -primary-file /Users/jacksonsweet/Desktop/OPS\ APP/OPS/OPS/Utilities/UIComponents.swift -primary-file /Users/jacksonsweet/Desktop/OPS\ APP/OPS/OPS/V2/CertificationsSettingsView.swift -primary-file /Users/jacksonsweet/Desktop/OPS\ APP/OPS/OPS/ViewModels/CalendarViewModel.swift -primary-file /Users/jacksonsweet/Desktop/OPS\ APP/OPS/OPS/ViewModels/ProjectsViewModel.swift -primary-file /Users/jacksonsweet/Desktop/OPS\ APP/OPS/OPS/Views/Calendar\ Tab/Components/CalendarDaySelector.swift -primary-file /Users/jacksonsweet/Desktop/OPS\ APP/OPS/OPS/Views/Calendar\ Tab/Components/CalendarHeaderView.swift -primary-file /Users/jacksonsweet/Desktop/OPS\ APP/OPS/OPS/Views/Calendar\ Tab/Components/CalendarProjectCard.swift /Users/jacksonsweet/Desktop/OPS\ APP/OPS/OPS/Views/Calendar\ Tab/Components/CalendarToggleView.swift /Users/jacksonsweet/Desktop/OPS\ APP/OPS/OPS/Views/Calendar\ Tab/Components/DatePickerPopover.swift /Users/jacksonsweet/Desktop/OPS\ APP/OPS/OPS/Views/Calendar\ Tab/Components/DayCell.swift /Users/jacksonsweet/Desktop/OPS\ APP/OPS/OPS/Views/Calendar\ Tab/ProjectViews/DayProjectSheet.swift /Users/jacksonsweet/Desktop/OPS\ APP/OPS/OPS/Views/Calendar\ Tab/ProjectViews/ProjectListView.swift /Users/jacksonsweet/Desktop/OPS\ APP/OPS/OPS/Views/Calendar\ Tab/MonthGridView.swift /Users/jacksonsweet/Desktop/OPS\ APP/OPS/OPS/Views/Components/Common/AppHeader.swift /Users/jacksonsweet/Desktop/OPS\ APP/OPS/OPS/Views/Components/Common/ExpandableNotesView.swift /Users/jacksonsweet/Desktop/OPS\ APP/OPS/OPS/Views/Components/Common/LocationPermissionView.swift /Users/jacksonsweet/Desktop/OPS\ APP/OPS/OPS/Views/Components/Common/NavigationBanner.swift /Users/jacksonsweet/Desktop/OPS\ APP/OPS/OPS/Views/Components/Common/NavigationControlsView.swift /Users/jacksonsweet/Desktop/OPS\ APP/OPS/OPS/Views/Components/Common/TabBarBackground.swift /Users/jacksonsweet/Desktop/OPS\ APP/OPS/OPS/Views/Components/Images/ImagePicker.swift /Users/jacksonsweet/Desktop/OPS\ APP/OPS/OPS/Views/Components/Images/ImagePickerView.swift /Users/jacksonsweet/Desktop/OPS\ APP/OPS/OPS/Views/Components/Images/ProjectImagesSection.swift /Users/jacksonsweet/Desktop/OPS\ APP/OPS/OPS/Views/Components/Images/ProjectImagesSimple.swift /Users/jacksonsweet/Desktop/OPS\ APP/OPS/OPS/Views/Components/Images/ProjectImageView.swift /Users/jacksonsweet/Desktop/OPS\ APP/OPS/OPS/Views/Components/Images/ProjectPhotosGrid.swift /Users/jacksonsweet/Desktop/OPS\ APP/OPS/OPS/Views/Components/Map/MiniMapView.swift /Users/jacksonsweet/Desktop/OPS\ APP/OPS/OPS/Views/Components/Map/ProjectMapAnnotation.swift /Users/jacksonsweet/Desktop/OPS\ APP/OPS/OPS/Views/Components/Map/ProjectMapView.swift /Users/jacksonsweet/Desktop/OPS\ APP/OPS/OPS/Views/Components/Map/ProjectMarkerPopup.swift /Users/jacksonsweet/Desktop/OPS\ APP/OPS/OPS/Views/Components/Map/RouteDirectionsView.swift /Users/jacksonsweet/Desktop/OPS\ APP/OPS/OPS/Views/Components/Project/ProjectActionBar.swift /Users/jacksonsweet/Desktop/OPS\ APP/OPS/OPS/Views/Components/Project/ProjectCard.swift /Users/jacksonsweet/Desktop/OPS\ APP/OPS/OPS/Views/Components/Project/ProjectCarousel.swift /Users/jacksonsweet/Desktop/OPS\ APP/OPS/OPS/Views/Components/Project/ProjectDetailsView.swift /Users/jacksonsweet/Desktop/OPS\ APP/OPS/OPS/Views/Components/Project/ProjectHeader.swift /Users/jacksonsweet/Desktop/OPS\ APP/OPS/OPS/Views/Components/Project/ProjectSheetContainer.swift /Users/jacksonsweet/Desktop/OPS\ APP/OPS/OPS/Views/Components/User/TeamMemberListView.swift /Users/jacksonsweet/Desktop/OPS\ APP/OPS/OPS/Views/Components/User/UserProfileCard.swift /Users/jacksonsweet/Desktop/OPS\ APP/OPS/OPS/Views/Home/HomeContentView.swift /Users/jacksonsweet/Desktop/OPS\ APP/OPS/OPS/Views/Home/HomeView.swift /Users/jacksonsweet/Desktop/OPS\ APP/OPS/OPS/Views/Settings/OrganizationSettingsView.swift /Users/jacksonsweet/Desktop/OPS\ APP/OPS/OPS/Views/Settings/ProfileSettingsView.swift /Users/jacksonsweet/Desktop/OPS\ APP/OPS/OPS/Views/Settings/ProjectHistorySettingsView.swift /Users/jacksonsweet/Desktop/OPS\ APP/OPS/OPS/Views/LoginView.swift /Users/jacksonsweet/Desktop/OPS\ APP/OPS/OPS/Views/LoginViewPreview.swift /Users/jacksonsweet/Desktop/OPS\ APP/OPS/OPS/Views/MainTabView.swift /Users/jacksonsweet/Desktop/OPS\ APP/OPS/OPS/Views/NetworkStatusIndicator.swift /Users/jacksonsweet/Desktop/OPS\ APP/OPS/OPS/Views/ScheduleView.swift /Users/jacksonsweet/Desktop/OPS\ APP/OPS/OPS/Views/SettingsView.swift /Users/jacksonsweet/Desktop/OPS\ APP/OPS/OPS/Views/SplashScreen.swift /Users/jacksonsweet/Desktop/OPS\ APP/OPS/OPS/AppState.swift /Users/jacksonsweet/Desktop/OPS\ APP/OPS/OPS/ContentView.swift /Users/jacksonsweet/Desktop/OPS\ APP/OPS/OPS/Item.swift /Users/jacksonsweet/Desktop/OPS\ APP/OPS/OPS/OPSApp.swift /Users/jacksonsweet/Library/Developer/Xcode/DerivedData/OPS-czavgtmnvamasvcjgszzuulfcsxj/Build/Intermediates.noindex/OPS.build/Debug-iphonesimulator/OPS.build/DerivedSources/GeneratedAssetSymbols.swift -supplementary-output-file-map /Users/jacksonsweet/Library/Developer/Xcode/DerivedData/OPS-czavgtmnvamasvcjgszzuulfcsxj/Build/Intermediates.noindex/OPS.build/Debug-iphonesimulator/OPS.build/Objects-normal/arm64/supplementaryOutputs-6 -emit-localized-strings -emit-localized-strings-path /Users/jacksonsweet/Library/Developer/Xcode/DerivedData/OPS-czavgtmnvamasvcjgszzuulfcsxj/Build/Intermediates.noindex/OPS.build/Debug-iphonesimulator/OPS.build/Objects-normal/arm64 -target arm64-apple-ios18.2-simulator -Xllvm -aarch64-use-tbi -enable-objc-interop -sdk /Applications/Xcode.app/Contents/Developer/Platforms/iPhoneSimulator.platform/Developer/SDKs/iPhoneSimulator18.2.sdk -I /Users/jacksonsweet/Library/Developer/Xcode/DerivedData/OPS-czavgtmnvamasvcjgszzuulfcsxj/Build/Products/Debug-iphonesimulator -F /Users/jacksonsweet/Library/Developer/Xcode/DerivedData/OPS-czavgtmnvamasvcjgszzuulfcsxj/Build/Products/Debug-iphonesimulator -no-color-diagnostics -enable-testing -g -debug-info-format\=dwarf -dwarf-version\=5 -module-cache-path /Users/jacksonsweet/Library/Developer/Xcode/DerivedData/ModuleCache.noindex -profile-generate -profile-coverage-mapping -swift-version 5 -enforce-exclusivity\=checked -Onone -D DEBUG -serialize-debugging-options -const-gather-protocols-file /Users/jacksonsweet/Library/Developer/Xcode/DerivedData/OPS-czavgtmnvamasvcjgszzuulfcsxj/Build/Intermediates.noindex/OPS.build/Debug-iphonesimulator/OPS.build/Objects-normal/arm64/OPS_const_extract_protocols.json -enable-experimental-feature DebugDescriptionMacro -enable-experimental-feature OpaqueTypeErasure -enable-bare-slash-regex -empty-abi-descriptor -validate-clang-modules-once -clang-build-session-file /Users/jacksonsweet/Library/Developer/Xcode/DerivedData/ModuleCache.noindex/Session.modulevalidation -Xcc -working-directory -Xcc /Users/jacksonsweet/Desktop/OPS\ APP/OPS -resource-dir /Applications/Xcode.app/Contents/Developer/Toolchains/XcodeDefault.xctoolchain/usr/lib/swift -enable-anonymous-context-mangled-names -file-compilation-dir /Users/jacksonsweet/Desktop/OPS\ APP/OPS -Xcc -D_LIBCPP_HARDENING_MODE\=_LIBCPP_HARDENING_MODE_DEBUG -Xcc -ivfsstatcache -Xcc /Users/jacksonsweet/Library/Developer/Xcode/DerivedData/SDKStatCaches.noindex/iphonesimulator18.2-22C146-07b28473f605e47e75261259d3ef3b5a.sdkstatcache -Xcc -I/Users/jacksonsweet/Library/Developer/Xcode/DerivedData/OPS-czavgtmnvamasvcjgszzuulfcsxj/Build/Intermediates.noindex/OPS.build/Debug-iphonesimulator/OPS.build/swift-overrides.hmap -Xcc -iquote -Xcc /Users/jacksonsweet/Library/Developer/Xcode/DerivedData/OPS-czavgtmnvamasvcjgszzuulfcsxj/Build/Intermediates.noindex/OPS.build/Debug-iphonesimulator/OPS.build/OPS-generated-files.hmap -Xcc -I/Users/jacksonsweet/Library/Developer/Xcode/DerivedData/OPS-czavgtmnvamasvcjgszzuulfcsxj/Build/Intermediates.noindex/OPS.build/Debug-iphonesimulator/OPS.build/OPS-own-target-headers.hmap -Xcc -I/Users/jacksonsweet/Library/Developer/Xcode/DerivedData/OPS-czavgtmnvamasvcjgszzuulfcsxj/Build/Intermediates.noindex/OPS.build/Debug-iphonesimulator/OPS.build/OPS-all-target-headers.hmap -Xcc -iquote -Xcc /Users/jacksonsweet/Library/Developer/Xcode/DerivedData/OPS-czavgtmnvamasvcjgszzuulfcsxj/Build/Intermediates.noindex/OPS.build/Debug-iphonesimulator/OPS.build/OPS-project-headers.hmap -Xcc -I/Users/jacksonsweet/Library/Developer/Xcode/DerivedData/OPS-czavgtmnvamasvcjgszzuulfcsxj/Build/Products/Debug-iphonesimulator/include -Xcc -I/Users/jacksonsweet/Library/Developer/Xcode/DerivedData/OPS-czavgtmnvamasvcjgszzuulfcsxj/Build/Intermediates.noindex/OPS.build/Debug-iphonesimulator/OPS.build/DerivedSources-normal/arm64 -Xcc -I/Users/jacksonsweet/Library/Developer/Xcode/DerivedData/OPS-czavgtmnvamasvcjgszzuulfcsxj/Build/Intermediates.noindex/OPS.build/Debug-iphonesimulator/OPS.build/DerivedSources/arm64 -Xcc -I/Users/jacksonsweet/Library/Developer/Xcode/DerivedData/OPS-czavgtmnvamasvcjgszzuulfcsxj/Build/Intermediates.noindex/OPS.build/Debug-iphonesimulator/OPS.build/DerivedSources -Xcc -DDEBUG\=1 -module-name OPS -frontend-parseable-output -disable-clang-spi -target-sdk-version 18.2 -target-sdk-name iphonesimulator18.2 -external-plugin-path /Applications/Xcode.app/Contents/Developer/Platforms/iPhoneOS.platform/Developer/usr/lib/swift/host/plugins\#/Applications/Xcode.app/Contents/Developer/Platforms/iPhoneOS.platform/Developer/usr/bin/swift-plugin-server -external-plugin-path /Applications/Xcode.app/Contents/Developer/Platforms/iPhoneOS.platform/Developer/usr/local/lib/swift/host/plugins\#/Applications/Xcode.app/Contents/Developer/Platforms/iPhoneOS.platform/Developer/usr/bin/swift-plugin-server -plugin-path /Applications/Xcode.app/Contents/Developer/Toolchains/XcodeDefault.xctoolchain/usr/lib/swift/host/plugins -plugin-path /Applications/Xcode.app/Contents/Developer/Toolchains/XcodeDefault.xctoolchain/usr/local/lib/swift/host/plugins -o /Users/jacksonsweet/Library/Developer/Xcode/DerivedData/OPS-czavgtmnvamasvcjgszzuulfcsxj/Build/Intermediates.noindex/OPS.build/Debug-iphonesimulator/OPS.build/Objects-normal/arm64/InProgressManager.o -o /Users/jacksonsweet/Library/Developer/Xcode/DerivedData/OPS-czavgtmnvamasvcjgszzuulfcsxj/Build/Intermediates.noindex/OPS.build/Debug-iphonesimulator/OPS.build/Objects-normal/arm64/KeyboardDismissalModifier.o -o /Users/jacksonsweet/Library/Developer/Xcode/DerivedData/OPS-czavgtmnvamasvcjgszzuulfcsxj/Build/Intermediates.noindex/OPS.build/Debug-iphonesimulator/OPS.build/Objects-normal/arm64/LocationManager.o -o /Users/jacksonsweet/Library/Developer/Xcode/DerivedData/OPS-czavgtmnvamasvcjgszzuulfcsxj/Build/Intermediates.noindex/OPS.build/Debug-iphonesimulator/OPS.build/Objects-normal/arm64/OnboardingEnvironmentKey.o -o /Users/jacksonsweet/Library/Developer/Xcode/DerivedData/OPS-czavgtmnvamasvcjgszzuulfcsxj/Build/Intermediates.noindex/OPS.build/Debug-iphonesimulator/OPS.build/Objects-normal/arm64/SwiftDataHelper.o -o /Users/jacksonsweet/Library/Developer/Xcode/DerivedData/OPS-czavgtmnvamasvcjgszzuulfcsxj/Build/Intermediates.noindex/OPS.build/Debug-iphonesimulator/OPS.build/Objects-normal/arm64/UIComponents.o -o /Users/jacksonsweet/Library/Developer/Xcode/DerivedData/OPS-czavgtmnvamasvcjgszzuulfcsxj/Build/Intermediates.noindex/OPS.build/Debug-iphonesimulator/OPS.build/Objects-normal/arm64/CertificationsSettingsView.o -o /Users/jacksonsweet/Library/Developer/Xcode/DerivedData/OPS-czavgtmnvamasvcjgszzuulfcsxj/Build/Intermediates.noindex/OPS.build/Debug-iphonesimulator/OPS.build/Objects-normal/arm64/CalendarViewModel.o -o /Users/jacksonsweet/Library/Developer/Xcode/DerivedData/OPS-czavgtmnvamasvcjgszzuulfcsxj/Build/Intermediates.noindex/OPS.build/Debug-iphonesimulator/OPS.build/Objects-normal/arm64/ProjectsViewModel.o -o /Users/jacksonsweet/Library/Developer/Xcode/DerivedData/OPS-czavgtmnvamasvcjgszzuulfcsxj/Build/Intermediates.noindex/OPS.build/Debug-iphonesimulator/OPS.build/Objects-normal/arm64/CalendarDaySelector.o -o /Users/jacksonsweet/Library/Developer/Xcode/DerivedData/OPS-czavgtmnvamasvcjgszzuulfcsxj/Build/Intermediates.noindex/OPS.build/Debug-iphonesimulator/OPS.build/Objects-normal/arm64/CalendarHeaderView.o -o /Users/jacksonsweet/Library/Developer/Xcode/DerivedData/OPS-czavgtmnvamasvcjgszzuulfcsxj/Build/Intermediates.noindex/OPS.build/Debug-iphonesimulator/OPS.build/Objects-normal/arm64/CalendarProjectCard.o -index-unit-output-path /OPS.build/Debug-iphonesimulator/OPS.build/Objects-normal/arm64/InProgressManager.o -index-unit-output-path /OPS.build/Debug-iphonesimulator/OPS.build/Objects-normal/arm64/KeyboardDismissalModifier.o -index-unit-output-path /OPS.build/Debug-iphonesimulator/OPS.build/Objects-normal/arm64/LocationManager.o -index-unit-output-path /OPS.build/Debug-iphonesimulator/OPS.build/Objects-normal/arm64/OnboardingEnvironmentKey.o -index-unit-output-path /OPS.build/Debug-iphonesimulator/OPS.build/Objects-normal/arm64/SwiftDataHelper.o -index-unit-output-path /OPS.build/Debug-iphonesimulator/OPS.build/Objects-normal/arm64/UIComponents.o -index-unit-output-path /OPS.build/Debug-iphonesimulator/OPS.build/Objects-normal/arm64/CertificationsSettingsView.o -index-unit-output-path /OPS.build/Debug-iphonesimulator/OPS.build/Objects-normal/arm64/CalendarViewModel.o -index-unit-output-path /OPS.build/Debug-iphonesimulator/OPS.build/Objects-normal/arm64/ProjectsViewModel.o -index-unit-output-path /OPS.build/Debug-iphonesimulator/OPS.build/Objects-normal/arm64/CalendarDaySelector.o -index-unit-output-path /OPS.build/Debug-iphonesimulator/OPS.build/Objects-normal/arm64/CalendarHeaderView.o -index-unit-output-path /OPS.build/Debug-iphonesimulator/OPS.build/Objects-normal/arm64/CalendarProjectCard.o -index-store-path /Users/jacksonsweet/Library/Developer/Xcode/DerivedData/OPS-czavgtmnvamasvcjgszzuulfcsxj/Index.noindex/DataStore -index-system-modules

SwiftCompile normal arm64 /Users/jacksonsweet/Desktop/OPS\ APP/OPS/OPS/V2/CertificationsSettingsView.swift (in target 'OPS' from project 'OPS')
    cd /Users/jacksonsweet/Desktop/OPS\ APP/OPS
    /Applications/Xcode.app/Contents/Developer/Toolchains/XcodeDefault.xctoolchain/usr/bin/swift-frontend -c /Users/jacksonsweet/Desktop/OPS\ APP/OPS/OPS/DataModels/BubbleImage.swift /Users/jacksonsweet/Desktop/OPS\ APP/OPS/OPS/DataModels/BubbleTypes.swift /Users/jacksonsweet/Desktop/OPS\ APP/OPS/OPS/DataModels/Company.swift /Users/jacksonsweet/Desktop/OPS\ APP/OPS/OPS/DataModels/Project.swift /Users/jacksonsweet/Desktop/OPS\ APP/OPS/OPS/DataModels/Status.swift /Users/jacksonsweet/Desktop/OPS\ APP/OPS/OPS/DataModels/User.swift /Users/jacksonsweet/Desktop/OPS\ APP/OPS/OPS/DataModels/UserRole.swift /Users/jacksonsweet/Desktop/OPS\ APP/OPS/OPS/Extensions/UIImage+Extensions.swift /Users/jacksonsweet/Desktop/OPS\ APP/OPS/OPS/Network/API/APIError.swift /Users/jacksonsweet/Desktop/OPS\ APP/OPS/OPS/Network/API/APIService.swift /Users/jacksonsweet/Desktop/OPS\ APP/OPS/OPS/Network/API/BubbleFields.swift /Users/jacksonsweet/Desktop/OPS\ APP/OPS/OPS/Network/Auth/AuthError.swift /Users/jacksonsweet/Desktop/OPS\ APP/OPS/OPS/Network/Auth/AuthManager.swift /Users/jacksonsweet/Desktop/OPS\ APP/OPS/OPS/Network/Auth/KeychainManager.swift /Users/jacksonsweet/Desktop/OPS\ APP/OPS/OPS/Network/DTOs/CompanyDTO.swift /Users/jacksonsweet/Desktop/OPS\ APP/OPS/OPS/Network/DTOs/ProjectDTO.swift /Users/jacksonsweet/Desktop/OPS\ APP/OPS/OPS/Network/DTOs/UserDTO.swift /Users/jacksonsweet/Desktop/OPS\ APP/OPS/OPS/Network/Endpoints/CompanyEndpoints.swift /Users/jacksonsweet/Desktop/OPS\ APP/OPS/OPS/Network/Endpoints/ProjectEndpoints.swift /Users/jacksonsweet/Desktop/OPS\ APP/OPS/OPS/Network/Endpoints/UserEndpoints.swift /Users/jacksonsweet/Desktop/OPS\ APP/OPS/OPS/Network/Sync/BackgroundTaskManager.swift /Users/jacksonsweet/Desktop/OPS\ APP/OPS/OPS/Network/Sync/SyncManager.swift /Users/jacksonsweet/Desktop/OPS\ APP/OPS/OPS/Network/ConnectivityMonitor.swift /Users/jacksonsweet/Desktop/OPS\ APP/OPS/OPS/Network/ImageSyncManager.swift /Users/jacksonsweet/Desktop/OPS\ APP/OPS/OPS/Onboarding/Coordinators/OnboardingCoordinator.swift /Users/jacksonsweet/Desktop/OPS\ APP/OPS/OPS/Onboarding/Models/OnboardingModels.swift /Users/jacksonsweet/Desktop/OPS\ APP/OPS/OPS/Onboarding/Services/OnboardingService.swift /Users/jacksonsweet/Desktop/OPS\ APP/OPS/OPS/Onboarding/ViewModels/OnboardingViewModel.swift /Users/jacksonsweet/Desktop/OPS\ APP/OPS/OPS/Onboarding/Views/Components/OnboardingComponents.swift /Users/jacksonsweet/Desktop/OPS\ APP/OPS/OPS/Onboarding/Views/Screens/AccountCreatedView.swift /Users/jacksonsweet/Desktop/OPS\ APP/OPS/OPS/Onboarding/Views/Screens/CompanyCodeView.swift /Users/jacksonsweet/Desktop/OPS\ APP/OPS/OPS/Onboarding/Views/Screens/CompanyCodeViewPreview.swift /Users/jacksonsweet/Desktop/OPS\ APP/OPS/OPS/Onboarding/Views/Screens/CompletionView.swift /Users/jacksonsweet/Desktop/OPS\ APP/OPS/OPS/Onboarding/Views/Screens/CompletionViewPreview.swift /Users/jacksonsweet/Desktop/OPS\ APP/OPS/OPS/Onboarding/Views/Screens/EmailView.swift /Users/jacksonsweet/Desktop/OPS\ APP/OPS/OPS/Onboarding/Views/Screens/FieldSetupView.swift /Users/jacksonsweet/Desktop/OPS\ APP/OPS/OPS/Onboarding/Views/Screens/NotificationsView.swift /Users/jacksonsweet/Desktop/OPS\ APP/OPS/OPS/Onboarding/Views/Screens/NotificationsViewPreview.swift /Users/jacksonsweet/Desktop/OPS\ APP/OPS/OPS/Onboarding/Views/Screens/OrganizationJoinView.swift /Users/jacksonsweet/Desktop/OPS\ APP/OPS/OPS/Onboarding/Views/Screens/PasswordView.swift /Users/jacksonsweet/Desktop/OPS\ APP/OPS/OPS/Onboarding/Views/Screens/PasswordViewPreview.swift /Users/jacksonsweet/Desktop/OPS\ APP/OPS/OPS/Onboarding/Views/Screens/PermissionsView.swift /Users/jacksonsweet/Desktop/OPS\ APP/OPS/OPS/Onboarding/Views/Screens/PermissionsViewPreview.swift /Users/jacksonsweet/Desktop/OPS\ APP/OPS/OPS/Onboarding/Views/Screens/PhoneNumberView.swift /Users/jacksonsweet/Desktop/OPS\ APP/OPS/OPS/Onboarding/Views/Screens/PhoneNumberViewPreview.swift /Users/jacksonsweet/Desktop/OPS\ APP/OPS/OPS/Onboarding/Views/Screens/UserInfoView.swift /Users/jacksonsweet/Desktop/OPS\ APP/OPS/OPS/Onboarding/Views/Screens/UserInfoViewPreview.swift /Users/jacksonsweet/Desktop/OPS\ APP/OPS/OPS/Onboarding/Views/Screens/VerifyPhoneView.swift /Users/jacksonsweet/Desktop/OPS\ APP/OPS/OPS/Onboarding/Views/Screens/WelcomeCompanyView.swift /Users/jacksonsweet/Desktop/OPS\ APP/OPS/OPS/Onboarding/Views/Screens/WelcomeCompanyViewPreview.swift /Users/jacksonsweet/Desktop/OPS\ APP/OPS/OPS/Onboarding/Views/Screens/WelcomeView.swift /Users/jacksonsweet/Desktop/OPS\ APP/OPS/OPS/Onboarding/Views/Screens/WelcomeViewPreview.swift /Users/jacksonsweet/Desktop/OPS\ APP/OPS/OPS/Onboarding/Views/OnboardingContainerView.swift /Users/jacksonsweet/Desktop/OPS\ APP/OPS/OPS/Onboarding/Views/OnboardingFlowPreview.swift /Users/jacksonsweet/Desktop/OPS\ APP/OPS/OPS/Onboarding/Views/OnboardingPresenter.swift /Users/jacksonsweet/Desktop/OPS\ APP/OPS/OPS/Onboarding/Views/OnboardingPreviewHelpers.swift /Users/jacksonsweet/Desktop/OPS\ APP/OPS/OPS/Styles/OPSStyle.swift /Users/jacksonsweet/Desktop/OPS\ APP/OPS/OPS/Utilities/AppConfiguration.swift /Users/jacksonsweet/Desktop/OPS\ APP/OPS/OPS/Utilities/ArrayTransformer.swift /Users/jacksonsweet/Desktop/OPS\ APP/OPS/OPS/Utilities/DataController.swift /Users/jacksonsweet/Desktop/OPS\ APP/OPS/OPS/Utilities/Dateformatter\ +Bubble.swift /Users/jacksonsweet/Desktop/OPS\ APP/OPS/OPS/Utilities/DateHelper.swift /Users/jacksonsweet/Desktop/OPS\ APP/OPS/OPS/Utilities/FieldErrorHandler.swift /Users/jacksonsweet/Desktop/OPS\ APP/OPS/OPS/Utilities/ImageCache.swift /Users/jacksonsweet/Desktop/OPS\ APP/OPS/OPS/Utilities/ImageFileManager.swift -primary-file /Users/jacksonsweet/Desktop/OPS\ APP/OPS/OPS/Utilities/InProgressManager.swift -primary-file /Users/jacksonsweet/Desktop/OPS\ APP/OPS/OPS/Utilities/KeyboardDismissalModifier.swift -primary-file /Users/jacksonsweet/Desktop/OPS\ APP/OPS/OPS/Utilities/LocationManager.swift -primary-file /Users/jacksonsweet/Desktop/OPS\ APP/OPS/OPS/Utilities/OnboardingEnvironmentKey.swift -primary-file /Users/jacksonsweet/Desktop/OPS\ APP/OPS/OPS/Utilities/SwiftDataHelper.swift -primary-file /Users/jacksonsweet/Desktop/OPS\ APP/OPS/OPS/Utilities/UIComponents.swift -primary-file /Users/jacksonsweet/Desktop/OPS\ APP/OPS/OPS/V2/CertificationsSettingsView.swift -primary-file /Users/jacksonsweet/Desktop/OPS\ APP/OPS/OPS/ViewModels/CalendarViewModel.swift -primary-file /Users/jacksonsweet/Desktop/OPS\ APP/OPS/OPS/ViewModels/ProjectsViewModel.swift -primary-file /Users/jacksonsweet/Desktop/OPS\ APP/OPS/OPS/Views/Calendar\ Tab/Components/CalendarDaySelector.swift -primary-file /Users/jacksonsweet/Desktop/OPS\ APP/OPS/OPS/Views/Calendar\ Tab/Components/CalendarHeaderView.swift -primary-file /Users/jacksonsweet/Desktop/OPS\ APP/OPS/OPS/Views/Calendar\ Tab/Components/CalendarProjectCard.swift /Users/jacksonsweet/Desktop/OPS\ APP/OPS/OPS/Views/Calendar\ Tab/Components/CalendarToggleView.swift /Users/jacksonsweet/Desktop/OPS\ APP/OPS/OPS/Views/Calendar\ Tab/Components/DatePickerPopover.swift /Users/jacksonsweet/Desktop/OPS\ APP/OPS/OPS/Views/Calendar\ Tab/Components/DayCell.swift /Users/jacksonsweet/Desktop/OPS\ APP/OPS/OPS/Views/Calendar\ Tab/ProjectViews/DayProjectSheet.swift /Users/jacksonsweet/Desktop/OPS\ APP/OPS/OPS/Views/Calendar\ Tab/ProjectViews/ProjectListView.swift /Users/jacksonsweet/Desktop/OPS\ APP/OPS/OPS/Views/Calendar\ Tab/MonthGridView.swift /Users/jacksonsweet/Desktop/OPS\ APP/OPS/OPS/Views/Components/Common/AppHeader.swift /Users/jacksonsweet/Desktop/OPS\ APP/OPS/OPS/Views/Components/Common/ExpandableNotesView.swift /Users/jacksonsweet/Desktop/OPS\ APP/OPS/OPS/Views/Components/Common/LocationPermissionView.swift /Users/jacksonsweet/Desktop/OPS\ APP/OPS/OPS/Views/Components/Common/NavigationBanner.swift /Users/jacksonsweet/Desktop/OPS\ APP/OPS/OPS/Views/Components/Common/NavigationControlsView.swift /Users/jacksonsweet/Desktop/OPS\ APP/OPS/OPS/Views/Components/Common/TabBarBackground.swift /Users/jacksonsweet/Desktop/OPS\ APP/OPS/OPS/Views/Components/Images/ImagePicker.swift /Users/jacksonsweet/Desktop/OPS\ APP/OPS/OPS/Views/Components/Images/ImagePickerView.swift /Users/jacksonsweet/Desktop/OPS\ APP/OPS/OPS/Views/Components/Images/ProjectImagesSection.swift /Users/jacksonsweet/Desktop/OPS\ APP/OPS/OPS/Views/Components/Images/ProjectImagesSimple.swift /Users/jacksonsweet/Desktop/OPS\ APP/OPS/OPS/Views/Components/Images/ProjectImageView.swift /Users/jacksonsweet/Desktop/OPS\ APP/OPS/OPS/Views/Components/Images/ProjectPhotosGrid.swift /Users/jacksonsweet/Desktop/OPS\ APP/OPS/OPS/Views/Components/Map/MiniMapView.swift /Users/jacksonsweet/Desktop/OPS\ APP/OPS/OPS/Views/Components/Map/ProjectMapAnnotation.swift /Users/jacksonsweet/Desktop/OPS\ APP/OPS/OPS/Views/Components/Map/ProjectMapView.swift /Users/jacksonsweet/Desktop/OPS\ APP/OPS/OPS/Views/Components/Map/ProjectMarkerPopup.swift /Users/jacksonsweet/Desktop/OPS\ APP/OPS/OPS/Views/Components/Map/RouteDirectionsView.swift /Users/jacksonsweet/Desktop/OPS\ APP/OPS/OPS/Views/Components/Project/ProjectActionBar.swift /Users/jacksonsweet/Desktop/OPS\ APP/OPS/OPS/Views/Components/Project/ProjectCard.swift /Users/jacksonsweet/Desktop/OPS\ APP/OPS/OPS/Views/Components/Project/ProjectCarousel.swift /Users/jacksonsweet/Desktop/OPS\ APP/OPS/OPS/Views/Components/Project/ProjectDetailsView.swift /Users/jacksonsweet/Desktop/OPS\ APP/OPS/OPS/Views/Components/Project/ProjectHeader.swift /Users/jacksonsweet/Desktop/OPS\ APP/OPS/OPS/Views/Components/Project/ProjectSheetContainer.swift /Users/jacksonsweet/Desktop/OPS\ APP/OPS/OPS/Views/Components/User/TeamMemberListView.swift /Users/jacksonsweet/Desktop/OPS\ APP/OPS/OPS/Views/Components/User/UserProfileCard.swift /Users/jacksonsweet/Desktop/OPS\ APP/OPS/OPS/Views/Home/HomeContentView.swift /Users/jacksonsweet/Desktop/OPS\ APP/OPS/OPS/Views/Home/HomeView.swift /Users/jacksonsweet/Desktop/OPS\ APP/OPS/OPS/Views/Settings/OrganizationSettingsView.swift /Users/jacksonsweet/Desktop/OPS\ APP/OPS/OPS/Views/Settings/ProfileSettingsView.swift /Users/jacksonsweet/Desktop/OPS\ APP/OPS/OPS/Views/Settings/ProjectHistorySettingsView.swift /Users/jacksonsweet/Desktop/OPS\ APP/OPS/OPS/Views/LoginView.swift /Users/jacksonsweet/Desktop/OPS\ APP/OPS/OPS/Views/LoginViewPreview.swift /Users/jacksonsweet/Desktop/OPS\ APP/OPS/OPS/Views/MainTabView.swift /Users/jacksonsweet/Desktop/OPS\ APP/OPS/OPS/Views/NetworkStatusIndicator.swift /Users/jacksonsweet/Desktop/OPS\ APP/OPS/OPS/Views/ScheduleView.swift /Users/jacksonsweet/Desktop/OPS\ APP/OPS/OPS/Views/SettingsView.swift /Users/jacksonsweet/Desktop/OPS\ APP/OPS/OPS/Views/SplashScreen.swift /Users/jacksonsweet/Desktop/OPS\ APP/OPS/OPS/AppState.swift /Users/jacksonsweet/Desktop/OPS\ APP/OPS/OPS/ContentView.swift /Users/jacksonsweet/Desktop/OPS\ APP/OPS/OPS/Item.swift /Users/jacksonsweet/Desktop/OPS\ APP/OPS/OPS/OPSApp.swift /Users/jacksonsweet/Library/Developer/Xcode/DerivedData/OPS-czavgtmnvamasvcjgszzuulfcsxj/Build/Intermediates.noindex/OPS.build/Debug-iphonesimulator/OPS.build/DerivedSources/GeneratedAssetSymbols.swift -supplementary-output-file-map /Users/jacksonsweet/Library/Developer/Xcode/DerivedData/OPS-czavgtmnvamasvcjgszzuulfcsxj/Build/Intermediates.noindex/OPS.build/Debug-iphonesimulator/OPS.build/Objects-normal/arm64/supplementaryOutputs-6 -emit-localized-strings -emit-localized-strings-path /Users/jacksonsweet/Library/Developer/Xcode/DerivedData/OPS-czavgtmnvamasvcjgszzuulfcsxj/Build/Intermediates.noindex/OPS.build/Debug-iphonesimulator/OPS.build/Objects-normal/arm64 -target arm64-apple-ios18.2-simulator -Xllvm -aarch64-use-tbi -enable-objc-interop -sdk /Applications/Xcode.app/Contents/Developer/Platforms/iPhoneSimulator.platform/Developer/SDKs/iPhoneSimulator18.2.sdk -I /Users/jacksonsweet/Library/Developer/Xcode/DerivedData/OPS-czavgtmnvamasvcjgszzuulfcsxj/Build/Products/Debug-iphonesimulator -F /Users/jacksonsweet/Library/Developer/Xcode/DerivedData/OPS-czavgtmnvamasvcjgszzuulfcsxj/Build/Products/Debug-iphonesimulator -no-color-diagnostics -enable-testing -g -debug-info-format\=dwarf -dwarf-version\=5 -module-cache-path /Users/jacksonsweet/Library/Developer/Xcode/DerivedData/ModuleCache.noindex -profile-generate -profile-coverage-mapping -swift-version 5 -enforce-exclusivity\=checked -Onone -D DEBUG -serialize-debugging-options -const-gather-protocols-file /Users/jacksonsweet/Library/Developer/Xcode/DerivedData/OPS-czavgtmnvamasvcjgszzuulfcsxj/Build/Intermediates.noindex/OPS.build/Debug-iphonesimulator/OPS.build/Objects-normal/arm64/OPS_const_extract_protocols.json -enable-experimental-feature DebugDescriptionMacro -enable-experimental-feature OpaqueTypeErasure -enable-bare-slash-regex -empty-abi-descriptor -validate-clang-modules-once -clang-build-session-file /Users/jacksonsweet/Library/Developer/Xcode/DerivedData/ModuleCache.noindex/Session.modulevalidation -Xcc -working-directory -Xcc /Users/jacksonsweet/Desktop/OPS\ APP/OPS -resource-dir /Applications/Xcode.app/Contents/Developer/Toolchains/XcodeDefault.xctoolchain/usr/lib/swift -enable-anonymous-context-mangled-names -file-compilation-dir /Users/jacksonsweet/Desktop/OPS\ APP/OPS -Xcc -D_LIBCPP_HARDENING_MODE\=_LIBCPP_HARDENING_MODE_DEBUG -Xcc -ivfsstatcache -Xcc /Users/jacksonsweet/Library/Developer/Xcode/DerivedData/SDKStatCaches.noindex/iphonesimulator18.2-22C146-07b28473f605e47e75261259d3ef3b5a.sdkstatcache -Xcc -I/Users/jacksonsweet/Library/Developer/Xcode/DerivedData/OPS-czavgtmnvamasvcjgszzuulfcsxj/Build/Intermediates.noindex/OPS.build/Debug-iphonesimulator/OPS.build/swift-overrides.hmap -Xcc -iquote -Xcc /Users/jacksonsweet/Library/Developer/Xcode/DerivedData/OPS-czavgtmnvamasvcjgszzuulfcsxj/Build/Intermediates.noindex/OPS.build/Debug-iphonesimulator/OPS.build/OPS-generated-files.hmap -Xcc -I/Users/jacksonsweet/Library/Developer/Xcode/DerivedData/OPS-czavgtmnvamasvcjgszzuulfcsxj/Build/Intermediates.noindex/OPS.build/Debug-iphonesimulator/OPS.build/OPS-own-target-headers.hmap -Xcc -I/Users/jacksonsweet/Library/Developer/Xcode/DerivedData/OPS-czavgtmnvamasvcjgszzuulfcsxj/Build/Intermediates.noindex/OPS.build/Debug-iphonesimulator/OPS.build/OPS-all-target-headers.hmap -Xcc -iquote -Xcc /Users/jacksonsweet/Library/Developer/Xcode/DerivedData/OPS-czavgtmnvamasvcjgszzuulfcsxj/Build/Intermediates.noindex/OPS.build/Debug-iphonesimulator/OPS.build/OPS-project-headers.hmap -Xcc -I/Users/jacksonsweet/Library/Developer/Xcode/DerivedData/OPS-czavgtmnvamasvcjgszzuulfcsxj/Build/Products/Debug-iphonesimulator/include -Xcc -I/Users/jacksonsweet/Library/Developer/Xcode/DerivedData/OPS-czavgtmnvamasvcjgszzuulfcsxj/Build/Intermediates.noindex/OPS.build/Debug-iphonesimulator/OPS.build/DerivedSources-normal/arm64 -Xcc -I/Users/jacksonsweet/Library/Developer/Xcode/DerivedData/OPS-czavgtmnvamasvcjgszzuulfcsxj/Build/Intermediates.noindex/OPS.build/Debug-iphonesimulator/OPS.build/DerivedSources/arm64 -Xcc -I/Users/jacksonsweet/Library/Developer/Xcode/DerivedData/OPS-czavgtmnvamasvcjgszzuulfcsxj/Build/Intermediates.noindex/OPS.build/Debug-iphonesimulator/OPS.build/DerivedSources -Xcc -DDEBUG\=1 -module-name OPS -frontend-parseable-output -disable-clang-spi -target-sdk-version 18.2 -target-sdk-name iphonesimulator18.2 -external-plugin-path /Applications/Xcode.app/Contents/Developer/Platforms/iPhoneOS.platform/Developer/usr/lib/swift/host/plugins\#/Applications/Xcode.app/Contents/Developer/Platforms/iPhoneOS.platform/Developer/usr/bin/swift-plugin-server -external-plugin-path /Applications/Xcode.app/Contents/Developer/Platforms/iPhoneOS.platform/Developer/usr/local/lib/swift/host/plugins\#/Applications/Xcode.app/Contents/Developer/Platforms/iPhoneOS.platform/Developer/usr/bin/swift-plugin-server -plugin-path /Applications/Xcode.app/Contents/Developer/Toolchains/XcodeDefault.xctoolchain/usr/lib/swift/host/plugins -plugin-path /Applications/Xcode.app/Contents/Developer/Toolchains/XcodeDefault.xctoolchain/usr/local/lib/swift/host/plugins -o /Users/jacksonsweet/Library/Developer/Xcode/DerivedData/OPS-czavgtmnvamasvcjgszzuulfcsxj/Build/Intermediates.noindex/OPS.build/Debug-iphonesimulator/OPS.build/Objects-normal/arm64/InProgressManager.o -o /Users/jacksonsweet/Library/Developer/Xcode/DerivedData/OPS-czavgtmnvamasvcjgszzuulfcsxj/Build/Intermediates.noindex/OPS.build/Debug-iphonesimulator/OPS.build/Objects-normal/arm64/KeyboardDismissalModifier.o -o /Users/jacksonsweet/Library/Developer/Xcode/DerivedData/OPS-czavgtmnvamasvcjgszzuulfcsxj/Build/Intermediates.noindex/OPS.build/Debug-iphonesimulator/OPS.build/Objects-normal/arm64/LocationManager.o -o /Users/jacksonsweet/Library/Developer/Xcode/DerivedData/OPS-czavgtmnvamasvcjgszzuulfcsxj/Build/Intermediates.noindex/OPS.build/Debug-iphonesimulator/OPS.build/Objects-normal/arm64/OnboardingEnvironmentKey.o -o /Users/jacksonsweet/Library/Developer/Xcode/DerivedData/OPS-czavgtmnvamasvcjgszzuulfcsxj/Build/Intermediates.noindex/OPS.build/Debug-iphonesimulator/OPS.build/Objects-normal/arm64/SwiftDataHelper.o -o /Users/jacksonsweet/Library/Developer/Xcode/DerivedData/OPS-czavgtmnvamasvcjgszzuulfcsxj/Build/Intermediates.noindex/OPS.build/Debug-iphonesimulator/OPS.build/Objects-normal/arm64/UIComponents.o -o /Users/jacksonsweet/Library/Developer/Xcode/DerivedData/OPS-czavgtmnvamasvcjgszzuulfcsxj/Build/Intermediates.noindex/OPS.build/Debug-iphonesimulator/OPS.build/Objects-normal/arm64/CertificationsSettingsView.o -o /Users/jacksonsweet/Library/Developer/Xcode/DerivedData/OPS-czavgtmnvamasvcjgszzuulfcsxj/Build/Intermediates.noindex/OPS.build/Debug-iphonesimulator/OPS.build/Objects-normal/arm64/CalendarViewModel.o -o /Users/jacksonsweet/Library/Developer/Xcode/DerivedData/OPS-czavgtmnvamasvcjgszzuulfcsxj/Build/Intermediates.noindex/OPS.build/Debug-iphonesimulator/OPS.build/Objects-normal/arm64/ProjectsViewModel.o -o /Users/jacksonsweet/Library/Developer/Xcode/DerivedData/OPS-czavgtmnvamasvcjgszzuulfcsxj/Build/Intermediates.noindex/OPS.build/Debug-iphonesimulator/OPS.build/Objects-normal/arm64/CalendarDaySelector.o -o /Users/jacksonsweet/Library/Developer/Xcode/DerivedData/OPS-czavgtmnvamasvcjgszzuulfcsxj/Build/Intermediates.noindex/OPS.build/Debug-iphonesimulator/OPS.build/Objects-normal/arm64/CalendarHeaderView.o -o /Users/jacksonsweet/Library/Developer/Xcode/DerivedData/OPS-czavgtmnvamasvcjgszzuulfcsxj/Build/Intermediates.noindex/OPS.build/Debug-iphonesimulator/OPS.build/Objects-normal/arm64/CalendarProjectCard.o -index-unit-output-path /OPS.build/Debug-iphonesimulator/OPS.build/Objects-normal/arm64/InProgressManager.o -index-unit-output-path /OPS.build/Debug-iphonesimulator/OPS.build/Objects-normal/arm64/KeyboardDismissalModifier.o -index-unit-output-path /OPS.build/Debug-iphonesimulator/OPS.build/Objects-normal/arm64/LocationManager.o -index-unit-output-path /OPS.build/Debug-iphonesimulator/OPS.build/Objects-normal/arm64/OnboardingEnvironmentKey.o -index-unit-output-path /OPS.build/Debug-iphonesimulator/OPS.build/Objects-normal/arm64/SwiftDataHelper.o -index-unit-output-path /OPS.build/Debug-iphonesimulator/OPS.build/Objects-normal/arm64/UIComponents.o -index-unit-output-path /OPS.build/Debug-iphonesimulator/OPS.build/Objects-normal/arm64/CertificationsSettingsView.o -index-unit-output-path /OPS.build/Debug-iphonesimulator/OPS.build/Objects-normal/arm64/CalendarViewModel.o -index-unit-output-path /OPS.build/Debug-iphonesimulator/OPS.build/Objects-normal/arm64/ProjectsViewModel.o -index-unit-output-path /OPS.build/Debug-iphonesimulator/OPS.build/Objects-normal/arm64/CalendarDaySelector.o -index-unit-output-path /OPS.build/Debug-iphonesimulator/OPS.build/Objects-normal/arm64/CalendarHeaderView.o -index-unit-output-path /OPS.build/Debug-iphonesimulator/OPS.build/Objects-normal/arm64/CalendarProjectCard.o -index-store-path /Users/jacksonsweet/Library/Developer/Xcode/DerivedData/OPS-czavgtmnvamasvcjgszzuulfcsxj/Index.noindex/DataStore -index-system-modules

SwiftCompile normal arm64 /Users/jacksonsweet/Desktop/OPS\ APP/OPS/OPS/ViewModels/CalendarViewModel.swift (in target 'OPS' from project 'OPS')
    cd /Users/jacksonsweet/Desktop/OPS\ APP/OPS
    /Applications/Xcode.app/Contents/Developer/Toolchains/XcodeDefault.xctoolchain/usr/bin/swift-frontend -c /Users/jacksonsweet/Desktop/OPS\ APP/OPS/OPS/DataModels/BubbleImage.swift /Users/jacksonsweet/Desktop/OPS\ APP/OPS/OPS/DataModels/BubbleTypes.swift /Users/jacksonsweet/Desktop/OPS\ APP/OPS/OPS/DataModels/Company.swift /Users/jacksonsweet/Desktop/OPS\ APP/OPS/OPS/DataModels/Project.swift /Users/jacksonsweet/Desktop/OPS\ APP/OPS/OPS/DataModels/Status.swift /Users/jacksonsweet/Desktop/OPS\ APP/OPS/OPS/DataModels/User.swift /Users/jacksonsweet/Desktop/OPS\ APP/OPS/OPS/DataModels/UserRole.swift /Users/jacksonsweet/Desktop/OPS\ APP/OPS/OPS/Extensions/UIImage+Extensions.swift /Users/jacksonsweet/Desktop/OPS\ APP/OPS/OPS/Network/API/APIError.swift /Users/jacksonsweet/Desktop/OPS\ APP/OPS/OPS/Network/API/APIService.swift /Users/jacksonsweet/Desktop/OPS\ APP/OPS/OPS/Network/API/BubbleFields.swift /Users/jacksonsweet/Desktop/OPS\ APP/OPS/OPS/Network/Auth/AuthError.swift /Users/jacksonsweet/Desktop/OPS\ APP/OPS/OPS/Network/Auth/AuthManager.swift /Users/jacksonsweet/Desktop/OPS\ APP/OPS/OPS/Network/Auth/KeychainManager.swift /Users/jacksonsweet/Desktop/OPS\ APP/OPS/OPS/Network/DTOs/CompanyDTO.swift /Users/jacksonsweet/Desktop/OPS\ APP/OPS/OPS/Network/DTOs/ProjectDTO.swift /Users/jacksonsweet/Desktop/OPS\ APP/OPS/OPS/Network/DTOs/UserDTO.swift /Users/jacksonsweet/Desktop/OPS\ APP/OPS/OPS/Network/Endpoints/CompanyEndpoints.swift /Users/jacksonsweet/Desktop/OPS\ APP/OPS/OPS/Network/Endpoints/ProjectEndpoints.swift /Users/jacksonsweet/Desktop/OPS\ APP/OPS/OPS/Network/Endpoints/UserEndpoints.swift /Users/jacksonsweet/Desktop/OPS\ APP/OPS/OPS/Network/Sync/BackgroundTaskManager.swift /Users/jacksonsweet/Desktop/OPS\ APP/OPS/OPS/Network/Sync/SyncManager.swift /Users/jacksonsweet/Desktop/OPS\ APP/OPS/OPS/Network/ConnectivityMonitor.swift /Users/jacksonsweet/Desktop/OPS\ APP/OPS/OPS/Network/ImageSyncManager.swift /Users/jacksonsweet/Desktop/OPS\ APP/OPS/OPS/Onboarding/Coordinators/OnboardingCoordinator.swift /Users/jacksonsweet/Desktop/OPS\ APP/OPS/OPS/Onboarding/Models/OnboardingModels.swift /Users/jacksonsweet/Desktop/OPS\ APP/OPS/OPS/Onboarding/Services/OnboardingService.swift /Users/jacksonsweet/Desktop/OPS\ APP/OPS/OPS/Onboarding/ViewModels/OnboardingViewModel.swift /Users/jacksonsweet/Desktop/OPS\ APP/OPS/OPS/Onboarding/Views/Components/OnboardingComponents.swift /Users/jacksonsweet/Desktop/OPS\ APP/OPS/OPS/Onboarding/Views/Screens/AccountCreatedView.swift /Users/jacksonsweet/Desktop/OPS\ APP/OPS/OPS/Onboarding/Views/Screens/CompanyCodeView.swift /Users/jacksonsweet/Desktop/OPS\ APP/OPS/OPS/Onboarding/Views/Screens/CompanyCodeViewPreview.swift /Users/jacksonsweet/Desktop/OPS\ APP/OPS/OPS/Onboarding/Views/Screens/CompletionView.swift /Users/jacksonsweet/Desktop/OPS\ APP/OPS/OPS/Onboarding/Views/Screens/CompletionViewPreview.swift /Users/jacksonsweet/Desktop/OPS\ APP/OPS/OPS/Onboarding/Views/Screens/EmailView.swift /Users/jacksonsweet/Desktop/OPS\ APP/OPS/OPS/Onboarding/Views/Screens/FieldSetupView.swift /Users/jacksonsweet/Desktop/OPS\ APP/OPS/OPS/Onboarding/Views/Screens/NotificationsView.swift /Users/jacksonsweet/Desktop/OPS\ APP/OPS/OPS/Onboarding/Views/Screens/NotificationsViewPreview.swift /Users/jacksonsweet/Desktop/OPS\ APP/OPS/OPS/Onboarding/Views/Screens/OrganizationJoinView.swift /Users/jacksonsweet/Desktop/OPS\ APP/OPS/OPS/Onboarding/Views/Screens/PasswordView.swift /Users/jacksonsweet/Desktop/OPS\ APP/OPS/OPS/Onboarding/Views/Screens/PasswordViewPreview.swift /Users/jacksonsweet/Desktop/OPS\ APP/OPS/OPS/Onboarding/Views/Screens/PermissionsView.swift /Users/jacksonsweet/Desktop/OPS\ APP/OPS/OPS/Onboarding/Views/Screens/PermissionsViewPreview.swift /Users/jacksonsweet/Desktop/OPS\ APP/OPS/OPS/Onboarding/Views/Screens/PhoneNumberView.swift /Users/jacksonsweet/Desktop/OPS\ APP/OPS/OPS/Onboarding/Views/Screens/PhoneNumberViewPreview.swift /Users/jacksonsweet/Desktop/OPS\ APP/OPS/OPS/Onboarding/Views/Screens/UserInfoView.swift /Users/jacksonsweet/Desktop/OPS\ APP/OPS/OPS/Onboarding/Views/Screens/UserInfoViewPreview.swift /Users/jacksonsweet/Desktop/OPS\ APP/OPS/OPS/Onboarding/Views/Screens/VerifyPhoneView.swift /Users/jacksonsweet/Desktop/OPS\ APP/OPS/OPS/Onboarding/Views/Screens/WelcomeCompanyView.swift /Users/jacksonsweet/Desktop/OPS\ APP/OPS/OPS/Onboarding/Views/Screens/WelcomeCompanyViewPreview.swift /Users/jacksonsweet/Desktop/OPS\ APP/OPS/OPS/Onboarding/Views/Screens/WelcomeView.swift /Users/jacksonsweet/Desktop/OPS\ APP/OPS/OPS/Onboarding/Views/Screens/WelcomeViewPreview.swift /Users/jacksonsweet/Desktop/OPS\ APP/OPS/OPS/Onboarding/Views/OnboardingContainerView.swift /Users/jacksonsweet/Desktop/OPS\ APP/OPS/OPS/Onboarding/Views/OnboardingFlowPreview.swift /Users/jacksonsweet/Desktop/OPS\ APP/OPS/OPS/Onboarding/Views/OnboardingPresenter.swift /Users/jacksonsweet/Desktop/OPS\ APP/OPS/OPS/Onboarding/Views/OnboardingPreviewHelpers.swift /Users/jacksonsweet/Desktop/OPS\ APP/OPS/OPS/Styles/OPSStyle.swift /Users/jacksonsweet/Desktop/OPS\ APP/OPS/OPS/Utilities/AppConfiguration.swift /Users/jacksonsweet/Desktop/OPS\ APP/OPS/OPS/Utilities/ArrayTransformer.swift /Users/jacksonsweet/Desktop/OPS\ APP/OPS/OPS/Utilities/DataController.swift /Users/jacksonsweet/Desktop/OPS\ APP/OPS/OPS/Utilities/Dateformatter\ +Bubble.swift /Users/jacksonsweet/Desktop/OPS\ APP/OPS/OPS/Utilities/DateHelper.swift /Users/jacksonsweet/Desktop/OPS\ APP/OPS/OPS/Utilities/FieldErrorHandler.swift /Users/jacksonsweet/Desktop/OPS\ APP/OPS/OPS/Utilities/ImageCache.swift /Users/jacksonsweet/Desktop/OPS\ APP/OPS/OPS/Utilities/ImageFileManager.swift -primary-file /Users/jacksonsweet/Desktop/OPS\ APP/OPS/OPS/Utilities/InProgressManager.swift -primary-file /Users/jacksonsweet/Desktop/OPS\ APP/OPS/OPS/Utilities/KeyboardDismissalModifier.swift -primary-file /Users/jacksonsweet/Desktop/OPS\ APP/OPS/OPS/Utilities/LocationManager.swift -primary-file /Users/jacksonsweet/Desktop/OPS\ APP/OPS/OPS/Utilities/OnboardingEnvironmentKey.swift -primary-file /Users/jacksonsweet/Desktop/OPS\ APP/OPS/OPS/Utilities/SwiftDataHelper.swift -primary-file /Users/jacksonsweet/Desktop/OPS\ APP/OPS/OPS/Utilities/UIComponents.swift -primary-file /Users/jacksonsweet/Desktop/OPS\ APP/OPS/OPS/V2/CertificationsSettingsView.swift -primary-file /Users/jacksonsweet/Desktop/OPS\ APP/OPS/OPS/ViewModels/CalendarViewModel.swift -primary-file /Users/jacksonsweet/Desktop/OPS\ APP/OPS/OPS/ViewModels/ProjectsViewModel.swift -primary-file /Users/jacksonsweet/Desktop/OPS\ APP/OPS/OPS/Views/Calendar\ Tab/Components/CalendarDaySelector.swift -primary-file /Users/jacksonsweet/Desktop/OPS\ APP/OPS/OPS/Views/Calendar\ Tab/Components/CalendarHeaderView.swift -primary-file /Users/jacksonsweet/Desktop/OPS\ APP/OPS/OPS/Views/Calendar\ Tab/Components/CalendarProjectCard.swift /Users/jacksonsweet/Desktop/OPS\ APP/OPS/OPS/Views/Calendar\ Tab/Components/CalendarToggleView.swift /Users/jacksonsweet/Desktop/OPS\ APP/OPS/OPS/Views/Calendar\ Tab/Components/DatePickerPopover.swift /Users/jacksonsweet/Desktop/OPS\ APP/OPS/OPS/Views/Calendar\ Tab/Components/DayCell.swift /Users/jacksonsweet/Desktop/OPS\ APP/OPS/OPS/Views/Calendar\ Tab/ProjectViews/DayProjectSheet.swift /Users/jacksonsweet/Desktop/OPS\ APP/OPS/OPS/Views/Calendar\ Tab/ProjectViews/ProjectListView.swift /Users/jacksonsweet/Desktop/OPS\ APP/OPS/OPS/Views/Calendar\ Tab/MonthGridView.swift /Users/jacksonsweet/Desktop/OPS\ APP/OPS/OPS/Views/Components/Common/AppHeader.swift /Users/jacksonsweet/Desktop/OPS\ APP/OPS/OPS/Views/Components/Common/ExpandableNotesView.swift /Users/jacksonsweet/Desktop/OPS\ APP/OPS/OPS/Views/Components/Common/LocationPermissionView.swift /Users/jacksonsweet/Desktop/OPS\ APP/OPS/OPS/Views/Components/Common/NavigationBanner.swift /Users/jacksonsweet/Desktop/OPS\ APP/OPS/OPS/Views/Components/Common/NavigationControlsView.swift /Users/jacksonsweet/Desktop/OPS\ APP/OPS/OPS/Views/Components/Common/TabBarBackground.swift /Users/jacksonsweet/Desktop/OPS\ APP/OPS/OPS/Views/Components/Images/ImagePicker.swift /Users/jacksonsweet/Desktop/OPS\ APP/OPS/OPS/Views/Components/Images/ImagePickerView.swift /Users/jacksonsweet/Desktop/OPS\ APP/OPS/OPS/Views/Components/Images/ProjectImagesSection.swift /Users/jacksonsweet/Desktop/OPS\ APP/OPS/OPS/Views/Components/Images/ProjectImagesSimple.swift /Users/jacksonsweet/Desktop/OPS\ APP/OPS/OPS/Views/Components/Images/ProjectImageView.swift /Users/jacksonsweet/Desktop/OPS\ APP/OPS/OPS/Views/Components/Images/ProjectPhotosGrid.swift /Users/jacksonsweet/Desktop/OPS\ APP/OPS/OPS/Views/Components/Map/MiniMapView.swift /Users/jacksonsweet/Desktop/OPS\ APP/OPS/OPS/Views/Components/Map/ProjectMapAnnotation.swift /Users/jacksonsweet/Desktop/OPS\ APP/OPS/OPS/Views/Components/Map/ProjectMapView.swift /Users/jacksonsweet/Desktop/OPS\ APP/OPS/OPS/Views/Components/Map/ProjectMarkerPopup.swift /Users/jacksonsweet/Desktop/OPS\ APP/OPS/OPS/Views/Components/Map/RouteDirectionsView.swift /Users/jacksonsweet/Desktop/OPS\ APP/OPS/OPS/Views/Components/Project/ProjectActionBar.swift /Users/jacksonsweet/Desktop/OPS\ APP/OPS/OPS/Views/Components/Project/ProjectCard.swift /Users/jacksonsweet/Desktop/OPS\ APP/OPS/OPS/Views/Components/Project/ProjectCarousel.swift /Users/jacksonsweet/Desktop/OPS\ APP/OPS/OPS/Views/Components/Project/ProjectDetailsView.swift /Users/jacksonsweet/Desktop/OPS\ APP/OPS/OPS/Views/Components/Project/ProjectHeader.swift /Users/jacksonsweet/Desktop/OPS\ APP/OPS/OPS/Views/Components/Project/ProjectSheetContainer.swift /Users/jacksonsweet/Desktop/OPS\ APP/OPS/OPS/Views/Components/User/TeamMemberListView.swift /Users/jacksonsweet/Desktop/OPS\ APP/OPS/OPS/Views/Components/User/UserProfileCard.swift /Users/jacksonsweet/Desktop/OPS\ APP/OPS/OPS/Views/Home/HomeContentView.swift /Users/jacksonsweet/Desktop/OPS\ APP/OPS/OPS/Views/Home/HomeView.swift /Users/jacksonsweet/Desktop/OPS\ APP/OPS/OPS/Views/Settings/OrganizationSettingsView.swift /Users/jacksonsweet/Desktop/OPS\ APP/OPS/OPS/Views/Settings/ProfileSettingsView.swift /Users/jacksonsweet/Desktop/OPS\ APP/OPS/OPS/Views/Settings/ProjectHistorySettingsView.swift /Users/jacksonsweet/Desktop/OPS\ APP/OPS/OPS/Views/LoginView.swift /Users/jacksonsweet/Desktop/OPS\ APP/OPS/OPS/Views/LoginViewPreview.swift /Users/jacksonsweet/Desktop/OPS\ APP/OPS/OPS/Views/MainTabView.swift /Users/jacksonsweet/Desktop/OPS\ APP/OPS/OPS/Views/NetworkStatusIndicator.swift /Users/jacksonsweet/Desktop/OPS\ APP/OPS/OPS/Views/ScheduleView.swift /Users/jacksonsweet/Desktop/OPS\ APP/OPS/OPS/Views/SettingsView.swift /Users/jacksonsweet/Desktop/OPS\ APP/OPS/OPS/Views/SplashScreen.swift /Users/jacksonsweet/Desktop/OPS\ APP/OPS/OPS/AppState.swift /Users/jacksonsweet/Desktop/OPS\ APP/OPS/OPS/ContentView.swift /Users/jacksonsweet/Desktop/OPS\ APP/OPS/OPS/Item.swift /Users/jacksonsweet/Desktop/OPS\ APP/OPS/OPS/OPSApp.swift /Users/jacksonsweet/Library/Developer/Xcode/DerivedData/OPS-czavgtmnvamasvcjgszzuulfcsxj/Build/Intermediates.noindex/OPS.build/Debug-iphonesimulator/OPS.build/DerivedSources/GeneratedAssetSymbols.swift -supplementary-output-file-map /Users/jacksonsweet/Library/Developer/Xcode/DerivedData/OPS-czavgtmnvamasvcjgszzuulfcsxj/Build/Intermediates.noindex/OPS.build/Debug-iphonesimulator/OPS.build/Objects-normal/arm64/supplementaryOutputs-6 -emit-localized-strings -emit-localized-strings-path /Users/jacksonsweet/Library/Developer/Xcode/DerivedData/OPS-czavgtmnvamasvcjgszzuulfcsxj/Build/Intermediates.noindex/OPS.build/Debug-iphonesimulator/OPS.build/Objects-normal/arm64 -target arm64-apple-ios18.2-simulator -Xllvm -aarch64-use-tbi -enable-objc-interop -sdk /Applications/Xcode.app/Contents/Developer/Platforms/iPhoneSimulator.platform/Developer/SDKs/iPhoneSimulator18.2.sdk -I /Users/jacksonsweet/Library/Developer/Xcode/DerivedData/OPS-czavgtmnvamasvcjgszzuulfcsxj/Build/Products/Debug-iphonesimulator -F /Users/jacksonsweet/Library/Developer/Xcode/DerivedData/OPS-czavgtmnvamasvcjgszzuulfcsxj/Build/Products/Debug-iphonesimulator -no-color-diagnostics -enable-testing -g -debug-info-format\=dwarf -dwarf-version\=5 -module-cache-path /Users/jacksonsweet/Library/Developer/Xcode/DerivedData/ModuleCache.noindex -profile-generate -profile-coverage-mapping -swift-version 5 -enforce-exclusivity\=checked -Onone -D DEBUG -serialize-debugging-options -const-gather-protocols-file /Users/jacksonsweet/Library/Developer/Xcode/DerivedData/OPS-czavgtmnvamasvcjgszzuulfcsxj/Build/Intermediates.noindex/OPS.build/Debug-iphonesimulator/OPS.build/Objects-normal/arm64/OPS_const_extract_protocols.json -enable-experimental-feature DebugDescriptionMacro -enable-experimental-feature OpaqueTypeErasure -enable-bare-slash-regex -empty-abi-descriptor -validate-clang-modules-once -clang-build-session-file /Users/jacksonsweet/Library/Developer/Xcode/DerivedData/ModuleCache.noindex/Session.modulevalidation -Xcc -working-directory -Xcc /Users/jacksonsweet/Desktop/OPS\ APP/OPS -resource-dir /Applications/Xcode.app/Contents/Developer/Toolchains/XcodeDefault.xctoolchain/usr/lib/swift -enable-anonymous-context-mangled-names -file-compilation-dir /Users/jacksonsweet/Desktop/OPS\ APP/OPS -Xcc -D_LIBCPP_HARDENING_MODE\=_LIBCPP_HARDENING_MODE_DEBUG -Xcc -ivfsstatcache -Xcc /Users/jacksonsweet/Library/Developer/Xcode/DerivedData/SDKStatCaches.noindex/iphonesimulator18.2-22C146-07b28473f605e47e75261259d3ef3b5a.sdkstatcache -Xcc -I/Users/jacksonsweet/Library/Developer/Xcode/DerivedData/OPS-czavgtmnvamasvcjgszzuulfcsxj/Build/Intermediates.noindex/OPS.build/Debug-iphonesimulator/OPS.build/swift-overrides.hmap -Xcc -iquote -Xcc /Users/jacksonsweet/Library/Developer/Xcode/DerivedData/OPS-czavgtmnvamasvcjgszzuulfcsxj/Build/Intermediates.noindex/OPS.build/Debug-iphonesimulator/OPS.build/OPS-generated-files.hmap -Xcc -I/Users/jacksonsweet/Library/Developer/Xcode/DerivedData/OPS-czavgtmnvamasvcjgszzuulfcsxj/Build/Intermediates.noindex/OPS.build/Debug-iphonesimulator/OPS.build/OPS-own-target-headers.hmap -Xcc -I/Users/jacksonsweet/Library/Developer/Xcode/DerivedData/OPS-czavgtmnvamasvcjgszzuulfcsxj/Build/Intermediates.noindex/OPS.build/Debug-iphonesimulator/OPS.build/OPS-all-target-headers.hmap -Xcc -iquote -Xcc /Users/jacksonsweet/Library/Developer/Xcode/DerivedData/OPS-czavgtmnvamasvcjgszzuulfcsxj/Build/Intermediates.noindex/OPS.build/Debug-iphonesimulator/OPS.build/OPS-project-headers.hmap -Xcc -I/Users/jacksonsweet/Library/Developer/Xcode/DerivedData/OPS-czavgtmnvamasvcjgszzuulfcsxj/Build/Products/Debug-iphonesimulator/include -Xcc -I/Users/jacksonsweet/Library/Developer/Xcode/DerivedData/OPS-czavgtmnvamasvcjgszzuulfcsxj/Build/Intermediates.noindex/OPS.build/Debug-iphonesimulator/OPS.build/DerivedSources-normal/arm64 -Xcc -I/Users/jacksonsweet/Library/Developer/Xcode/DerivedData/OPS-czavgtmnvamasvcjgszzuulfcsxj/Build/Intermediates.noindex/OPS.build/Debug-iphonesimulator/OPS.build/DerivedSources/arm64 -Xcc -I/Users/jacksonsweet/Library/Developer/Xcode/DerivedData/OPS-czavgtmnvamasvcjgszzuulfcsxj/Build/Intermediates.noindex/OPS.build/Debug-iphonesimulator/OPS.build/DerivedSources -Xcc -DDEBUG\=1 -module-name OPS -frontend-parseable-output -disable-clang-spi -target-sdk-version 18.2 -target-sdk-name iphonesimulator18.2 -external-plugin-path /Applications/Xcode.app/Contents/Developer/Platforms/iPhoneOS.platform/Developer/usr/lib/swift/host/plugins\#/Applications/Xcode.app/Contents/Developer/Platforms/iPhoneOS.platform/Developer/usr/bin/swift-plugin-server -external-plugin-path /Applications/Xcode.app/Contents/Developer/Platforms/iPhoneOS.platform/Developer/usr/local/lib/swift/host/plugins\#/Applications/Xcode.app/Contents/Developer/Platforms/iPhoneOS.platform/Developer/usr/bin/swift-plugin-server -plugin-path /Applications/Xcode.app/Contents/Developer/Toolchains/XcodeDefault.xctoolchain/usr/lib/swift/host/plugins -plugin-path /Applications/Xcode.app/Contents/Developer/Toolchains/XcodeDefault.xctoolchain/usr/local/lib/swift/host/plugins -o /Users/jacksonsweet/Library/Developer/Xcode/DerivedData/OPS-czavgtmnvamasvcjgszzuulfcsxj/Build/Intermediates.noindex/OPS.build/Debug-iphonesimulator/OPS.build/Objects-normal/arm64/InProgressManager.o -o /Users/jacksonsweet/Library/Developer/Xcode/DerivedData/OPS-czavgtmnvamasvcjgszzuulfcsxj/Build/Intermediates.noindex/OPS.build/Debug-iphonesimulator/OPS.build/Objects-normal/arm64/KeyboardDismissalModifier.o -o /Users/jacksonsweet/Library/Developer/Xcode/DerivedData/OPS-czavgtmnvamasvcjgszzuulfcsxj/Build/Intermediates.noindex/OPS.build/Debug-iphonesimulator/OPS.build/Objects-normal/arm64/LocationManager.o -o /Users/jacksonsweet/Library/Developer/Xcode/DerivedData/OPS-czavgtmnvamasvcjgszzuulfcsxj/Build/Intermediates.noindex/OPS.build/Debug-iphonesimulator/OPS.build/Objects-normal/arm64/OnboardingEnvironmentKey.o -o /Users/jacksonsweet/Library/Developer/Xcode/DerivedData/OPS-czavgtmnvamasvcjgszzuulfcsxj/Build/Intermediates.noindex/OPS.build/Debug-iphonesimulator/OPS.build/Objects-normal/arm64/SwiftDataHelper.o -o /Users/jacksonsweet/Library/Developer/Xcode/DerivedData/OPS-czavgtmnvamasvcjgszzuulfcsxj/Build/Intermediates.noindex/OPS.build/Debug-iphonesimulator/OPS.build/Objects-normal/arm64/UIComponents.o -o /Users/jacksonsweet/Library/Developer/Xcode/DerivedData/OPS-czavgtmnvamasvcjgszzuulfcsxj/Build/Intermediates.noindex/OPS.build/Debug-iphonesimulator/OPS.build/Objects-normal/arm64/CertificationsSettingsView.o -o /Users/jacksonsweet/Library/Developer/Xcode/DerivedData/OPS-czavgtmnvamasvcjgszzuulfcsxj/Build/Intermediates.noindex/OPS.build/Debug-iphonesimulator/OPS.build/Objects-normal/arm64/CalendarViewModel.o -o /Users/jacksonsweet/Library/Developer/Xcode/DerivedData/OPS-czavgtmnvamasvcjgszzuulfcsxj/Build/Intermediates.noindex/OPS.build/Debug-iphonesimulator/OPS.build/Objects-normal/arm64/ProjectsViewModel.o -o /Users/jacksonsweet/Library/Developer/Xcode/DerivedData/OPS-czavgtmnvamasvcjgszzuulfcsxj/Build/Intermediates.noindex/OPS.build/Debug-iphonesimulator/OPS.build/Objects-normal/arm64/CalendarDaySelector.o -o /Users/jacksonsweet/Library/Developer/Xcode/DerivedData/OPS-czavgtmnvamasvcjgszzuulfcsxj/Build/Intermediates.noindex/OPS.build/Debug-iphonesimulator/OPS.build/Objects-normal/arm64/CalendarHeaderView.o -o /Users/jacksonsweet/Library/Developer/Xcode/DerivedData/OPS-czavgtmnvamasvcjgszzuulfcsxj/Build/Intermediates.noindex/OPS.build/Debug-iphonesimulator/OPS.build/Objects-normal/arm64/CalendarProjectCard.o -index-unit-output-path /OPS.build/Debug-iphonesimulator/OPS.build/Objects-normal/arm64/InProgressManager.o -index-unit-output-path /OPS.build/Debug-iphonesimulator/OPS.build/Objects-normal/arm64/KeyboardDismissalModifier.o -index-unit-output-path /OPS.build/Debug-iphonesimulator/OPS.build/Objects-normal/arm64/LocationManager.o -index-unit-output-path /OPS.build/Debug-iphonesimulator/OPS.build/Objects-normal/arm64/OnboardingEnvironmentKey.o -index-unit-output-path /OPS.build/Debug-iphonesimulator/OPS.build/Objects-normal/arm64/SwiftDataHelper.o -index-unit-output-path /OPS.build/Debug-iphonesimulator/OPS.build/Objects-normal/arm64/UIComponents.o -index-unit-output-path /OPS.build/Debug-iphonesimulator/OPS.build/Objects-normal/arm64/CertificationsSettingsView.o -index-unit-output-path /OPS.build/Debug-iphonesimulator/OPS.build/Objects-normal/arm64/CalendarViewModel.o -index-unit-output-path /OPS.build/Debug-iphonesimulator/OPS.build/Objects-normal/arm64/ProjectsViewModel.o -index-unit-output-path /OPS.build/Debug-iphonesimulator/OPS.build/Objects-normal/arm64/CalendarDaySelector.o -index-unit-output-path /OPS.build/Debug-iphonesimulator/OPS.build/Objects-normal/arm64/CalendarHeaderView.o -index-unit-output-path /OPS.build/Debug-iphonesimulator/OPS.build/Objects-normal/arm64/CalendarProjectCard.o -index-store-path /Users/jacksonsweet/Library/Developer/Xcode/DerivedData/OPS-czavgtmnvamasvcjgszzuulfcsxj/Index.noindex/DataStore -index-system-modules

SwiftCompile normal arm64 /Users/jacksonsweet/Desktop/OPS\ APP/OPS/OPS/ViewModels/ProjectsViewModel.swift (in target 'OPS' from project 'OPS')
    cd /Users/jacksonsweet/Desktop/OPS\ APP/OPS
    /Applications/Xcode.app/Contents/Developer/Toolchains/XcodeDefault.xctoolchain/usr/bin/swift-frontend -c /Users/jacksonsweet/Desktop/OPS\ APP/OPS/OPS/DataModels/BubbleImage.swift /Users/jacksonsweet/Desktop/OPS\ APP/OPS/OPS/DataModels/BubbleTypes.swift /Users/jacksonsweet/Desktop/OPS\ APP/OPS/OPS/DataModels/Company.swift /Users/jacksonsweet/Desktop/OPS\ APP/OPS/OPS/DataModels/Project.swift /Users/jacksonsweet/Desktop/OPS\ APP/OPS/OPS/DataModels/Status.swift /Users/jacksonsweet/Desktop/OPS\ APP/OPS/OPS/DataModels/User.swift /Users/jacksonsweet/Desktop/OPS\ APP/OPS/OPS/DataModels/UserRole.swift /Users/jacksonsweet/Desktop/OPS\ APP/OPS/OPS/Extensions/UIImage+Extensions.swift /Users/jacksonsweet/Desktop/OPS\ APP/OPS/OPS/Network/API/APIError.swift /Users/jacksonsweet/Desktop/OPS\ APP/OPS/OPS/Network/API/APIService.swift /Users/jacksonsweet/Desktop/OPS\ APP/OPS/OPS/Network/API/BubbleFields.swift /Users/jacksonsweet/Desktop/OPS\ APP/OPS/OPS/Network/Auth/AuthError.swift /Users/jacksonsweet/Desktop/OPS\ APP/OPS/OPS/Network/Auth/AuthManager.swift /Users/jacksonsweet/Desktop/OPS\ APP/OPS/OPS/Network/Auth/KeychainManager.swift /Users/jacksonsweet/Desktop/OPS\ APP/OPS/OPS/Network/DTOs/CompanyDTO.swift /Users/jacksonsweet/Desktop/OPS\ APP/OPS/OPS/Network/DTOs/ProjectDTO.swift /Users/jacksonsweet/Desktop/OPS\ APP/OPS/OPS/Network/DTOs/UserDTO.swift /Users/jacksonsweet/Desktop/OPS\ APP/OPS/OPS/Network/Endpoints/CompanyEndpoints.swift /Users/jacksonsweet/Desktop/OPS\ APP/OPS/OPS/Network/Endpoints/ProjectEndpoints.swift /Users/jacksonsweet/Desktop/OPS\ APP/OPS/OPS/Network/Endpoints/UserEndpoints.swift /Users/jacksonsweet/Desktop/OPS\ APP/OPS/OPS/Network/Sync/BackgroundTaskManager.swift /Users/jacksonsweet/Desktop/OPS\ APP/OPS/OPS/Network/Sync/SyncManager.swift /Users/jacksonsweet/Desktop/OPS\ APP/OPS/OPS/Network/ConnectivityMonitor.swift /Users/jacksonsweet/Desktop/OPS\ APP/OPS/OPS/Network/ImageSyncManager.swift /Users/jacksonsweet/Desktop/OPS\ APP/OPS/OPS/Onboarding/Coordinators/OnboardingCoordinator.swift /Users/jacksonsweet/Desktop/OPS\ APP/OPS/OPS/Onboarding/Models/OnboardingModels.swift /Users/jacksonsweet/Desktop/OPS\ APP/OPS/OPS/Onboarding/Services/OnboardingService.swift /Users/jacksonsweet/Desktop/OPS\ APP/OPS/OPS/Onboarding/ViewModels/OnboardingViewModel.swift /Users/jacksonsweet/Desktop/OPS\ APP/OPS/OPS/Onboarding/Views/Components/OnboardingComponents.swift /Users/jacksonsweet/Desktop/OPS\ APP/OPS/OPS/Onboarding/Views/Screens/AccountCreatedView.swift /Users/jacksonsweet/Desktop/OPS\ APP/OPS/OPS/Onboarding/Views/Screens/CompanyCodeView.swift /Users/jacksonsweet/Desktop/OPS\ APP/OPS/OPS/Onboarding/Views/Screens/CompanyCodeViewPreview.swift /Users/jacksonsweet/Desktop/OPS\ APP/OPS/OPS/Onboarding/Views/Screens/CompletionView.swift /Users/jacksonsweet/Desktop/OPS\ APP/OPS/OPS/Onboarding/Views/Screens/CompletionViewPreview.swift /Users/jacksonsweet/Desktop/OPS\ APP/OPS/OPS/Onboarding/Views/Screens/EmailView.swift /Users/jacksonsweet/Desktop/OPS\ APP/OPS/OPS/Onboarding/Views/Screens/FieldSetupView.swift /Users/jacksonsweet/Desktop/OPS\ APP/OPS/OPS/Onboarding/Views/Screens/NotificationsView.swift /Users/jacksonsweet/Desktop/OPS\ APP/OPS/OPS/Onboarding/Views/Screens/NotificationsViewPreview.swift /Users/jacksonsweet/Desktop/OPS\ APP/OPS/OPS/Onboarding/Views/Screens/OrganizationJoinView.swift /Users/jacksonsweet/Desktop/OPS\ APP/OPS/OPS/Onboarding/Views/Screens/PasswordView.swift /Users/jacksonsweet/Desktop/OPS\ APP/OPS/OPS/Onboarding/Views/Screens/PasswordViewPreview.swift /Users/jacksonsweet/Desktop/OPS\ APP/OPS/OPS/Onboarding/Views/Screens/PermissionsView.swift /Users/jacksonsweet/Desktop/OPS\ APP/OPS/OPS/Onboarding/Views/Screens/PermissionsViewPreview.swift /Users/jacksonsweet/Desktop/OPS\ APP/OPS/OPS/Onboarding/Views/Screens/PhoneNumberView.swift /Users/jacksonsweet/Desktop/OPS\ APP/OPS/OPS/Onboarding/Views/Screens/PhoneNumberViewPreview.swift /Users/jacksonsweet/Desktop/OPS\ APP/OPS/OPS/Onboarding/Views/Screens/UserInfoView.swift /Users/jacksonsweet/Desktop/OPS\ APP/OPS/OPS/Onboarding/Views/Screens/UserInfoViewPreview.swift /Users/jacksonsweet/Desktop/OPS\ APP/OPS/OPS/Onboarding/Views/Screens/VerifyPhoneView.swift /Users/jacksonsweet/Desktop/OPS\ APP/OPS/OPS/Onboarding/Views/Screens/WelcomeCompanyView.swift /Users/jacksonsweet/Desktop/OPS\ APP/OPS/OPS/Onboarding/Views/Screens/WelcomeCompanyViewPreview.swift /Users/jacksonsweet/Desktop/OPS\ APP/OPS/OPS/Onboarding/Views/Screens/WelcomeView.swift /Users/jacksonsweet/Desktop/OPS\ APP/OPS/OPS/Onboarding/Views/Screens/WelcomeViewPreview.swift /Users/jacksonsweet/Desktop/OPS\ APP/OPS/OPS/Onboarding/Views/OnboardingContainerView.swift /Users/jacksonsweet/Desktop/OPS\ APP/OPS/OPS/Onboarding/Views/OnboardingFlowPreview.swift /Users/jacksonsweet/Desktop/OPS\ APP/OPS/OPS/Onboarding/Views/OnboardingPresenter.swift /Users/jacksonsweet/Desktop/OPS\ APP/OPS/OPS/Onboarding/Views/OnboardingPreviewHelpers.swift /Users/jacksonsweet/Desktop/OPS\ APP/OPS/OPS/Styles/OPSStyle.swift /Users/jacksonsweet/Desktop/OPS\ APP/OPS/OPS/Utilities/AppConfiguration.swift /Users/jacksonsweet/Desktop/OPS\ APP/OPS/OPS/Utilities/ArrayTransformer.swift /Users/jacksonsweet/Desktop/OPS\ APP/OPS/OPS/Utilities/DataController.swift /Users/jacksonsweet/Desktop/OPS\ APP/OPS/OPS/Utilities/Dateformatter\ +Bubble.swift /Users/jacksonsweet/Desktop/OPS\ APP/OPS/OPS/Utilities/DateHelper.swift /Users/jacksonsweet/Desktop/OPS\ APP/OPS/OPS/Utilities/FieldErrorHandler.swift /Users/jacksonsweet/Desktop/OPS\ APP/OPS/OPS/Utilities/ImageCache.swift /Users/jacksonsweet/Desktop/OPS\ APP/OPS/OPS/Utilities/ImageFileManager.swift -primary-file /Users/jacksonsweet/Desktop/OPS\ APP/OPS/OPS/Utilities/InProgressManager.swift -primary-file /Users/jacksonsweet/Desktop/OPS\ APP/OPS/OPS/Utilities/KeyboardDismissalModifier.swift -primary-file /Users/jacksonsweet/Desktop/OPS\ APP/OPS/OPS/Utilities/LocationManager.swift -primary-file /Users/jacksonsweet/Desktop/OPS\ APP/OPS/OPS/Utilities/OnboardingEnvironmentKey.swift -primary-file /Users/jacksonsweet/Desktop/OPS\ APP/OPS/OPS/Utilities/SwiftDataHelper.swift -primary-file /Users/jacksonsweet/Desktop/OPS\ APP/OPS/OPS/Utilities/UIComponents.swift -primary-file /Users/jacksonsweet/Desktop/OPS\ APP/OPS/OPS/V2/CertificationsSettingsView.swift -primary-file /Users/jacksonsweet/Desktop/OPS\ APP/OPS/OPS/ViewModels/CalendarViewModel.swift -primary-file /Users/jacksonsweet/Desktop/OPS\ APP/OPS/OPS/ViewModels/ProjectsViewModel.swift -primary-file /Users/jacksonsweet/Desktop/OPS\ APP/OPS/OPS/Views/Calendar\ Tab/Components/CalendarDaySelector.swift -primary-file /Users/jacksonsweet/Desktop/OPS\ APP/OPS/OPS/Views/Calendar\ Tab/Components/CalendarHeaderView.swift -primary-file /Users/jacksonsweet/Desktop/OPS\ APP/OPS/OPS/Views/Calendar\ Tab/Components/CalendarProjectCard.swift /Users/jacksonsweet/Desktop/OPS\ APP/OPS/OPS/Views/Calendar\ Tab/Components/CalendarToggleView.swift /Users/jacksonsweet/Desktop/OPS\ APP/OPS/OPS/Views/Calendar\ Tab/Components/DatePickerPopover.swift /Users/jacksonsweet/Desktop/OPS\ APP/OPS/OPS/Views/Calendar\ Tab/Components/DayCell.swift /Users/jacksonsweet/Desktop/OPS\ APP/OPS/OPS/Views/Calendar\ Tab/ProjectViews/DayProjectSheet.swift /Users/jacksonsweet/Desktop/OPS\ APP/OPS/OPS/Views/Calendar\ Tab/ProjectViews/ProjectListView.swift /Users/jacksonsweet/Desktop/OPS\ APP/OPS/OPS/Views/Calendar\ Tab/MonthGridView.swift /Users/jacksonsweet/Desktop/OPS\ APP/OPS/OPS/Views/Components/Common/AppHeader.swift /Users/jacksonsweet/Desktop/OPS\ APP/OPS/OPS/Views/Components/Common/ExpandableNotesView.swift /Users/jacksonsweet/Desktop/OPS\ APP/OPS/OPS/Views/Components/Common/LocationPermissionView.swift /Users/jacksonsweet/Desktop/OPS\ APP/OPS/OPS/Views/Components/Common/NavigationBanner.swift /Users/jacksonsweet/Desktop/OPS\ APP/OPS/OPS/Views/Components/Common/NavigationControlsView.swift /Users/jacksonsweet/Desktop/OPS\ APP/OPS/OPS/Views/Components/Common/TabBarBackground.swift /Users/jacksonsweet/Desktop/OPS\ APP/OPS/OPS/Views/Components/Images/ImagePicker.swift /Users/jacksonsweet/Desktop/OPS\ APP/OPS/OPS/Views/Components/Images/ImagePickerView.swift /Users/jacksonsweet/Desktop/OPS\ APP/OPS/OPS/Views/Components/Images/ProjectImagesSection.swift /Users/jacksonsweet/Desktop/OPS\ APP/OPS/OPS/Views/Components/Images/ProjectImagesSimple.swift /Users/jacksonsweet/Desktop/OPS\ APP/OPS/OPS/Views/Components/Images/ProjectImageView.swift /Users/jacksonsweet/Desktop/OPS\ APP/OPS/OPS/Views/Components/Images/ProjectPhotosGrid.swift /Users/jacksonsweet/Desktop/OPS\ APP/OPS/OPS/Views/Components/Map/MiniMapView.swift /Users/jacksonsweet/Desktop/OPS\ APP/OPS/OPS/Views/Components/Map/ProjectMapAnnotation.swift /Users/jacksonsweet/Desktop/OPS\ APP/OPS/OPS/Views/Components/Map/ProjectMapView.swift /Users/jacksonsweet/Desktop/OPS\ APP/OPS/OPS/Views/Components/Map/ProjectMarkerPopup.swift /Users/jacksonsweet/Desktop/OPS\ APP/OPS/OPS/Views/Components/Map/RouteDirectionsView.swift /Users/jacksonsweet/Desktop/OPS\ APP/OPS/OPS/Views/Components/Project/ProjectActionBar.swift /Users/jacksonsweet/Desktop/OPS\ APP/OPS/OPS/Views/Components/Project/ProjectCard.swift /Users/jacksonsweet/Desktop/OPS\ APP/OPS/OPS/Views/Components/Project/ProjectCarousel.swift /Users/jacksonsweet/Desktop/OPS\ APP/OPS/OPS/Views/Components/Project/ProjectDetailsView.swift /Users/jacksonsweet/Desktop/OPS\ APP/OPS/OPS/Views/Components/Project/ProjectHeader.swift /Users/jacksonsweet/Desktop/OPS\ APP/OPS/OPS/Views/Components/Project/ProjectSheetContainer.swift /Users/jacksonsweet/Desktop/OPS\ APP/OPS/OPS/Views/Components/User/TeamMemberListView.swift /Users/jacksonsweet/Desktop/OPS\ APP/OPS/OPS/Views/Components/User/UserProfileCard.swift /Users/jacksonsweet/Desktop/OPS\ APP/OPS/OPS/Views/Home/HomeContentView.swift /Users/jacksonsweet/Desktop/OPS\ APP/OPS/OPS/Views/Home/HomeView.swift /Users/jacksonsweet/Desktop/OPS\ APP/OPS/OPS/Views/Settings/OrganizationSettingsView.swift /Users/jacksonsweet/Desktop/OPS\ APP/OPS/OPS/Views/Settings/ProfileSettingsView.swift /Users/jacksonsweet/Desktop/OPS\ APP/OPS/OPS/Views/Settings/ProjectHistorySettingsView.swift /Users/jacksonsweet/Desktop/OPS\ APP/OPS/OPS/Views/LoginView.swift /Users/jacksonsweet/Desktop/OPS\ APP/OPS/OPS/Views/LoginViewPreview.swift /Users/jacksonsweet/Desktop/OPS\ APP/OPS/OPS/Views/MainTabView.swift /Users/jacksonsweet/Desktop/OPS\ APP/OPS/OPS/Views/NetworkStatusIndicator.swift /Users/jacksonsweet/Desktop/OPS\ APP/OPS/OPS/Views/ScheduleView.swift /Users/jacksonsweet/Desktop/OPS\ APP/OPS/OPS/Views/SettingsView.swift /Users/jacksonsweet/Desktop/OPS\ APP/OPS/OPS/Views/SplashScreen.swift /Users/jacksonsweet/Desktop/OPS\ APP/OPS/OPS/AppState.swift /Users/jacksonsweet/Desktop/OPS\ APP/OPS/OPS/ContentView.swift /Users/jacksonsweet/Desktop/OPS\ APP/OPS/OPS/Item.swift /Users/jacksonsweet/Desktop/OPS\ APP/OPS/OPS/OPSApp.swift /Users/jacksonsweet/Library/Developer/Xcode/DerivedData/OPS-czavgtmnvamasvcjgszzuulfcsxj/Build/Intermediates.noindex/OPS.build/Debug-iphonesimulator/OPS.build/DerivedSources/GeneratedAssetSymbols.swift -supplementary-output-file-map /Users/jacksonsweet/Library/Developer/Xcode/DerivedData/OPS-czavgtmnvamasvcjgszzuulfcsxj/Build/Intermediates.noindex/OPS.build/Debug-iphonesimulator/OPS.build/Objects-normal/arm64/supplementaryOutputs-6 -emit-localized-strings -emit-localized-strings-path /Users/jacksonsweet/Library/Developer/Xcode/DerivedData/OPS-czavgtmnvamasvcjgszzuulfcsxj/Build/Intermediates.noindex/OPS.build/Debug-iphonesimulator/OPS.build/Objects-normal/arm64 -target arm64-apple-ios18.2-simulator -Xllvm -aarch64-use-tbi -enable-objc-interop -sdk /Applications/Xcode.app/Contents/Developer/Platforms/iPhoneSimulator.platform/Developer/SDKs/iPhoneSimulator18.2.sdk -I /Users/jacksonsweet/Library/Developer/Xcode/DerivedData/OPS-czavgtmnvamasvcjgszzuulfcsxj/Build/Products/Debug-iphonesimulator -F /Users/jacksonsweet/Library/Developer/Xcode/DerivedData/OPS-czavgtmnvamasvcjgszzuulfcsxj/Build/Products/Debug-iphonesimulator -no-color-diagnostics -enable-testing -g -debug-info-format\=dwarf -dwarf-version\=5 -module-cache-path /Users/jacksonsweet/Library/Developer/Xcode/DerivedData/ModuleCache.noindex -profile-generate -profile-coverage-mapping -swift-version 5 -enforce-exclusivity\=checked -Onone -D DEBUG -serialize-debugging-options -const-gather-protocols-file /Users/jacksonsweet/Library/Developer/Xcode/DerivedData/OPS-czavgtmnvamasvcjgszzuulfcsxj/Build/Intermediates.noindex/OPS.build/Debug-iphonesimulator/OPS.build/Objects-normal/arm64/OPS_const_extract_protocols.json -enable-experimental-feature DebugDescriptionMacro -enable-experimental-feature OpaqueTypeErasure -enable-bare-slash-regex -empty-abi-descriptor -validate-clang-modules-once -clang-build-session-file /Users/jacksonsweet/Library/Developer/Xcode/DerivedData/ModuleCache.noindex/Session.modulevalidation -Xcc -working-directory -Xcc /Users/jacksonsweet/Desktop/OPS\ APP/OPS -resource-dir /Applications/Xcode.app/Contents/Developer/Toolchains/XcodeDefault.xctoolchain/usr/lib/swift -enable-anonymous-context-mangled-names -file-compilation-dir /Users/jacksonsweet/Desktop/OPS\ APP/OPS -Xcc -D_LIBCPP_HARDENING_MODE\=_LIBCPP_HARDENING_MODE_DEBUG -Xcc -ivfsstatcache -Xcc /Users/jacksonsweet/Library/Developer/Xcode/DerivedData/SDKStatCaches.noindex/iphonesimulator18.2-22C146-07b28473f605e47e75261259d3ef3b5a.sdkstatcache -Xcc -I/Users/jacksonsweet/Library/Developer/Xcode/DerivedData/OPS-czavgtmnvamasvcjgszzuulfcsxj/Build/Intermediates.noindex/OPS.build/Debug-iphonesimulator/OPS.build/swift-overrides.hmap -Xcc -iquote -Xcc /Users/jacksonsweet/Library/Developer/Xcode/DerivedData/OPS-czavgtmnvamasvcjgszzuulfcsxj/Build/Intermediates.noindex/OPS.build/Debug-iphonesimulator/OPS.build/OPS-generated-files.hmap -Xcc -I/Users/jacksonsweet/Library/Developer/Xcode/DerivedData/OPS-czavgtmnvamasvcjgszzuulfcsxj/Build/Intermediates.noindex/OPS.build/Debug-iphonesimulator/OPS.build/OPS-own-target-headers.hmap -Xcc -I/Users/jacksonsweet/Library/Developer/Xcode/DerivedData/OPS-czavgtmnvamasvcjgszzuulfcsxj/Build/Intermediates.noindex/OPS.build/Debug-iphonesimulator/OPS.build/OPS-all-target-headers.hmap -Xcc -iquote -Xcc /Users/jacksonsweet/Library/Developer/Xcode/DerivedData/OPS-czavgtmnvamasvcjgszzuulfcsxj/Build/Intermediates.noindex/OPS.build/Debug-iphonesimulator/OPS.build/OPS-project-headers.hmap -Xcc -I/Users/jacksonsweet/Library/Developer/Xcode/DerivedData/OPS-czavgtmnvamasvcjgszzuulfcsxj/Build/Products/Debug-iphonesimulator/include -Xcc -I/Users/jacksonsweet/Library/Developer/Xcode/DerivedData/OPS-czavgtmnvamasvcjgszzuulfcsxj/Build/Intermediates.noindex/OPS.build/Debug-iphonesimulator/OPS.build/DerivedSources-normal/arm64 -Xcc -I/Users/jacksonsweet/Library/Developer/Xcode/DerivedData/OPS-czavgtmnvamasvcjgszzuulfcsxj/Build/Intermediates.noindex/OPS.build/Debug-iphonesimulator/OPS.build/DerivedSources/arm64 -Xcc -I/Users/jacksonsweet/Library/Developer/Xcode/DerivedData/OPS-czavgtmnvamasvcjgszzuulfcsxj/Build/Intermediates.noindex/OPS.build/Debug-iphonesimulator/OPS.build/DerivedSources -Xcc -DDEBUG\=1 -module-name OPS -frontend-parseable-output -disable-clang-spi -target-sdk-version 18.2 -target-sdk-name iphonesimulator18.2 -external-plugin-path /Applications/Xcode.app/Contents/Developer/Platforms/iPhoneOS.platform/Developer/usr/lib/swift/host/plugins\#/Applications/Xcode.app/Contents/Developer/Platforms/iPhoneOS.platform/Developer/usr/bin/swift-plugin-server -external-plugin-path /Applications/Xcode.app/Contents/Developer/Platforms/iPhoneOS.platform/Developer/usr/local/lib/swift/host/plugins\#/Applications/Xcode.app/Contents/Developer/Platforms/iPhoneOS.platform/Developer/usr/bin/swift-plugin-server -plugin-path /Applications/Xcode.app/Contents/Developer/Toolchains/XcodeDefault.xctoolchain/usr/lib/swift/host/plugins -plugin-path /Applications/Xcode.app/Contents/Developer/Toolchains/XcodeDefault.xctoolchain/usr/local/lib/swift/host/plugins -o /Users/jacksonsweet/Library/Developer/Xcode/DerivedData/OPS-czavgtmnvamasvcjgszzuulfcsxj/Build/Intermediates.noindex/OPS.build/Debug-iphonesimulator/OPS.build/Objects-normal/arm64/InProgressManager.o -o /Users/jacksonsweet/Library/Developer/Xcode/DerivedData/OPS-czavgtmnvamasvcjgszzuulfcsxj/Build/Intermediates.noindex/OPS.build/Debug-iphonesimulator/OPS.build/Objects-normal/arm64/KeyboardDismissalModifier.o -o /Users/jacksonsweet/Library/Developer/Xcode/DerivedData/OPS-czavgtmnvamasvcjgszzuulfcsxj/Build/Intermediates.noindex/OPS.build/Debug-iphonesimulator/OPS.build/Objects-normal/arm64/LocationManager.o -o /Users/jacksonsweet/Library/Developer/Xcode/DerivedData/OPS-czavgtmnvamasvcjgszzuulfcsxj/Build/Intermediates.noindex/OPS.build/Debug-iphonesimulator/OPS.build/Objects-normal/arm64/OnboardingEnvironmentKey.o -o /Users/jacksonsweet/Library/Developer/Xcode/DerivedData/OPS-czavgtmnvamasvcjgszzuulfcsxj/Build/Intermediates.noindex/OPS.build/Debug-iphonesimulator/OPS.build/Objects-normal/arm64/SwiftDataHelper.o -o /Users/jacksonsweet/Library/Developer/Xcode/DerivedData/OPS-czavgtmnvamasvcjgszzuulfcsxj/Build/Intermediates.noindex/OPS.build/Debug-iphonesimulator/OPS.build/Objects-normal/arm64/UIComponents.o -o /Users/jacksonsweet/Library/Developer/Xcode/DerivedData/OPS-czavgtmnvamasvcjgszzuulfcsxj/Build/Intermediates.noindex/OPS.build/Debug-iphonesimulator/OPS.build/Objects-normal/arm64/CertificationsSettingsView.o -o /Users/jacksonsweet/Library/Developer/Xcode/DerivedData/OPS-czavgtmnvamasvcjgszzuulfcsxj/Build/Intermediates.noindex/OPS.build/Debug-iphonesimulator/OPS.build/Objects-normal/arm64/CalendarViewModel.o -o /Users/jacksonsweet/Library/Developer/Xcode/DerivedData/OPS-czavgtmnvamasvcjgszzuulfcsxj/Build/Intermediates.noindex/OPS.build/Debug-iphonesimulator/OPS.build/Objects-normal/arm64/ProjectsViewModel.o -o /Users/jacksonsweet/Library/Developer/Xcode/DerivedData/OPS-czavgtmnvamasvcjgszzuulfcsxj/Build/Intermediates.noindex/OPS.build/Debug-iphonesimulator/OPS.build/Objects-normal/arm64/CalendarDaySelector.o -o /Users/jacksonsweet/Library/Developer/Xcode/DerivedData/OPS-czavgtmnvamasvcjgszzuulfcsxj/Build/Intermediates.noindex/OPS.build/Debug-iphonesimulator/OPS.build/Objects-normal/arm64/CalendarHeaderView.o -o /Users/jacksonsweet/Library/Developer/Xcode/DerivedData/OPS-czavgtmnvamasvcjgszzuulfcsxj/Build/Intermediates.noindex/OPS.build/Debug-iphonesimulator/OPS.build/Objects-normal/arm64/CalendarProjectCard.o -index-unit-output-path /OPS.build/Debug-iphonesimulator/OPS.build/Objects-normal/arm64/InProgressManager.o -index-unit-output-path /OPS.build/Debug-iphonesimulator/OPS.build/Objects-normal/arm64/KeyboardDismissalModifier.o -index-unit-output-path /OPS.build/Debug-iphonesimulator/OPS.build/Objects-normal/arm64/LocationManager.o -index-unit-output-path /OPS.build/Debug-iphonesimulator/OPS.build/Objects-normal/arm64/OnboardingEnvironmentKey.o -index-unit-output-path /OPS.build/Debug-iphonesimulator/OPS.build/Objects-normal/arm64/SwiftDataHelper.o -index-unit-output-path /OPS.build/Debug-iphonesimulator/OPS.build/Objects-normal/arm64/UIComponents.o -index-unit-output-path /OPS.build/Debug-iphonesimulator/OPS.build/Objects-normal/arm64/CertificationsSettingsView.o -index-unit-output-path /OPS.build/Debug-iphonesimulator/OPS.build/Objects-normal/arm64/CalendarViewModel.o -index-unit-output-path /OPS.build/Debug-iphonesimulator/OPS.build/Objects-normal/arm64/ProjectsViewModel.o -index-unit-output-path /OPS.build/Debug-iphonesimulator/OPS.build/Objects-normal/arm64/CalendarDaySelector.o -index-unit-output-path /OPS.build/Debug-iphonesimulator/OPS.build/Objects-normal/arm64/CalendarHeaderView.o -index-unit-output-path /OPS.build/Debug-iphonesimulator/OPS.build/Objects-normal/arm64/CalendarProjectCard.o -index-store-path /Users/jacksonsweet/Library/Developer/Xcode/DerivedData/OPS-czavgtmnvamasvcjgszzuulfcsxj/Index.noindex/DataStore -index-system-modules

SwiftCompile normal arm64 /Users/jacksonsweet/Desktop/OPS\ APP/OPS/OPS/Views/Calendar\ Tab/Components/CalendarDaySelector.swift (in target 'OPS' from project 'OPS')
    cd /Users/jacksonsweet/Desktop/OPS\ APP/OPS
    /Applications/Xcode.app/Contents/Developer/Toolchains/XcodeDefault.xctoolchain/usr/bin/swift-frontend -c /Users/jacksonsweet/Desktop/OPS\ APP/OPS/OPS/DataModels/BubbleImage.swift /Users/jacksonsweet/Desktop/OPS\ APP/OPS/OPS/DataModels/BubbleTypes.swift /Users/jacksonsweet/Desktop/OPS\ APP/OPS/OPS/DataModels/Company.swift /Users/jacksonsweet/Desktop/OPS\ APP/OPS/OPS/DataModels/Project.swift /Users/jacksonsweet/Desktop/OPS\ APP/OPS/OPS/DataModels/Status.swift /Users/jacksonsweet/Desktop/OPS\ APP/OPS/OPS/DataModels/User.swift /Users/jacksonsweet/Desktop/OPS\ APP/OPS/OPS/DataModels/UserRole.swift /Users/jacksonsweet/Desktop/OPS\ APP/OPS/OPS/Extensions/UIImage+Extensions.swift /Users/jacksonsweet/Desktop/OPS\ APP/OPS/OPS/Network/API/APIError.swift /Users/jacksonsweet/Desktop/OPS\ APP/OPS/OPS/Network/API/APIService.swift /Users/jacksonsweet/Desktop/OPS\ APP/OPS/OPS/Network/API/BubbleFields.swift /Users/jacksonsweet/Desktop/OPS\ APP/OPS/OPS/Network/Auth/AuthError.swift /Users/jacksonsweet/Desktop/OPS\ APP/OPS/OPS/Network/Auth/AuthManager.swift /Users/jacksonsweet/Desktop/OPS\ APP/OPS/OPS/Network/Auth/KeychainManager.swift /Users/jacksonsweet/Desktop/OPS\ APP/OPS/OPS/Network/DTOs/CompanyDTO.swift /Users/jacksonsweet/Desktop/OPS\ APP/OPS/OPS/Network/DTOs/ProjectDTO.swift /Users/jacksonsweet/Desktop/OPS\ APP/OPS/OPS/Network/DTOs/UserDTO.swift /Users/jacksonsweet/Desktop/OPS\ APP/OPS/OPS/Network/Endpoints/CompanyEndpoints.swift /Users/jacksonsweet/Desktop/OPS\ APP/OPS/OPS/Network/Endpoints/ProjectEndpoints.swift /Users/jacksonsweet/Desktop/OPS\ APP/OPS/OPS/Network/Endpoints/UserEndpoints.swift /Users/jacksonsweet/Desktop/OPS\ APP/OPS/OPS/Network/Sync/BackgroundTaskManager.swift /Users/jacksonsweet/Desktop/OPS\ APP/OPS/OPS/Network/Sync/SyncManager.swift /Users/jacksonsweet/Desktop/OPS\ APP/OPS/OPS/Network/ConnectivityMonitor.swift /Users/jacksonsweet/Desktop/OPS\ APP/OPS/OPS/Network/ImageSyncManager.swift /Users/jacksonsweet/Desktop/OPS\ APP/OPS/OPS/Onboarding/Coordinators/OnboardingCoordinator.swift /Users/jacksonsweet/Desktop/OPS\ APP/OPS/OPS/Onboarding/Models/OnboardingModels.swift /Users/jacksonsweet/Desktop/OPS\ APP/OPS/OPS/Onboarding/Services/OnboardingService.swift /Users/jacksonsweet/Desktop/OPS\ APP/OPS/OPS/Onboarding/ViewModels/OnboardingViewModel.swift /Users/jacksonsweet/Desktop/OPS\ APP/OPS/OPS/Onboarding/Views/Components/OnboardingComponents.swift /Users/jacksonsweet/Desktop/OPS\ APP/OPS/OPS/Onboarding/Views/Screens/AccountCreatedView.swift /Users/jacksonsweet/Desktop/OPS\ APP/OPS/OPS/Onboarding/Views/Screens/CompanyCodeView.swift /Users/jacksonsweet/Desktop/OPS\ APP/OPS/OPS/Onboarding/Views/Screens/CompanyCodeViewPreview.swift /Users/jacksonsweet/Desktop/OPS\ APP/OPS/OPS/Onboarding/Views/Screens/CompletionView.swift /Users/jacksonsweet/Desktop/OPS\ APP/OPS/OPS/Onboarding/Views/Screens/CompletionViewPreview.swift /Users/jacksonsweet/Desktop/OPS\ APP/OPS/OPS/Onboarding/Views/Screens/EmailView.swift /Users/jacksonsweet/Desktop/OPS\ APP/OPS/OPS/Onboarding/Views/Screens/FieldSetupView.swift /Users/jacksonsweet/Desktop/OPS\ APP/OPS/OPS/Onboarding/Views/Screens/NotificationsView.swift /Users/jacksonsweet/Desktop/OPS\ APP/OPS/OPS/Onboarding/Views/Screens/NotificationsViewPreview.swift /Users/jacksonsweet/Desktop/OPS\ APP/OPS/OPS/Onboarding/Views/Screens/OrganizationJoinView.swift /Users/jacksonsweet/Desktop/OPS\ APP/OPS/OPS/Onboarding/Views/Screens/PasswordView.swift /Users/jacksonsweet/Desktop/OPS\ APP/OPS/OPS/Onboarding/Views/Screens/PasswordViewPreview.swift /Users/jacksonsweet/Desktop/OPS\ APP/OPS/OPS/Onboarding/Views/Screens/PermissionsView.swift /Users/jacksonsweet/Desktop/OPS\ APP/OPS/OPS/Onboarding/Views/Screens/PermissionsViewPreview.swift /Users/jacksonsweet/Desktop/OPS\ APP/OPS/OPS/Onboarding/Views/Screens/PhoneNumberView.swift /Users/jacksonsweet/Desktop/OPS\ APP/OPS/OPS/Onboarding/Views/Screens/PhoneNumberViewPreview.swift /Users/jacksonsweet/Desktop/OPS\ APP/OPS/OPS/Onboarding/Views/Screens/UserInfoView.swift /Users/jacksonsweet/Desktop/OPS\ APP/OPS/OPS/Onboarding/Views/Screens/UserInfoViewPreview.swift /Users/jacksonsweet/Desktop/OPS\ APP/OPS/OPS/Onboarding/Views/Screens/VerifyPhoneView.swift /Users/jacksonsweet/Desktop/OPS\ APP/OPS/OPS/Onboarding/Views/Screens/WelcomeCompanyView.swift /Users/jacksonsweet/Desktop/OPS\ APP/OPS/OPS/Onboarding/Views/Screens/WelcomeCompanyViewPreview.swift /Users/jacksonsweet/Desktop/OPS\ APP/OPS/OPS/Onboarding/Views/Screens/WelcomeView.swift /Users/jacksonsweet/Desktop/OPS\ APP/OPS/OPS/Onboarding/Views/Screens/WelcomeViewPreview.swift /Users/jacksonsweet/Desktop/OPS\ APP/OPS/OPS/Onboarding/Views/OnboardingContainerView.swift /Users/jacksonsweet/Desktop/OPS\ APP/OPS/OPS/Onboarding/Views/OnboardingFlowPreview.swift /Users/jacksonsweet/Desktop/OPS\ APP/OPS/OPS/Onboarding/Views/OnboardingPresenter.swift /Users/jacksonsweet/Desktop/OPS\ APP/OPS/OPS/Onboarding/Views/OnboardingPreviewHelpers.swift /Users/jacksonsweet/Desktop/OPS\ APP/OPS/OPS/Styles/OPSStyle.swift /Users/jacksonsweet/Desktop/OPS\ APP/OPS/OPS/Utilities/AppConfiguration.swift /Users/jacksonsweet/Desktop/OPS\ APP/OPS/OPS/Utilities/ArrayTransformer.swift /Users/jacksonsweet/Desktop/OPS\ APP/OPS/OPS/Utilities/DataController.swift /Users/jacksonsweet/Desktop/OPS\ APP/OPS/OPS/Utilities/Dateformatter\ +Bubble.swift /Users/jacksonsweet/Desktop/OPS\ APP/OPS/OPS/Utilities/DateHelper.swift /Users/jacksonsweet/Desktop/OPS\ APP/OPS/OPS/Utilities/FieldErrorHandler.swift /Users/jacksonsweet/Desktop/OPS\ APP/OPS/OPS/Utilities/ImageCache.swift /Users/jacksonsweet/Desktop/OPS\ APP/OPS/OPS/Utilities/ImageFileManager.swift -primary-file /Users/jacksonsweet/Desktop/OPS\ APP/OPS/OPS/Utilities/InProgressManager.swift -primary-file /Users/jacksonsweet/Desktop/OPS\ APP/OPS/OPS/Utilities/KeyboardDismissalModifier.swift -primary-file /Users/jacksonsweet/Desktop/OPS\ APP/OPS/OPS/Utilities/LocationManager.swift -primary-file /Users/jacksonsweet/Desktop/OPS\ APP/OPS/OPS/Utilities/OnboardingEnvironmentKey.swift -primary-file /Users/jacksonsweet/Desktop/OPS\ APP/OPS/OPS/Utilities/SwiftDataHelper.swift -primary-file /Users/jacksonsweet/Desktop/OPS\ APP/OPS/OPS/Utilities/UIComponents.swift -primary-file /Users/jacksonsweet/Desktop/OPS\ APP/OPS/OPS/V2/CertificationsSettingsView.swift -primary-file /Users/jacksonsweet/Desktop/OPS\ APP/OPS/OPS/ViewModels/CalendarViewModel.swift -primary-file /Users/jacksonsweet/Desktop/OPS\ APP/OPS/OPS/ViewModels/ProjectsViewModel.swift -primary-file /Users/jacksonsweet/Desktop/OPS\ APP/OPS/OPS/Views/Calendar\ Tab/Components/CalendarDaySelector.swift -primary-file /Users/jacksonsweet/Desktop/OPS\ APP/OPS/OPS/Views/Calendar\ Tab/Components/CalendarHeaderView.swift -primary-file /Users/jacksonsweet/Desktop/OPS\ APP/OPS/OPS/Views/Calendar\ Tab/Components/CalendarProjectCard.swift /Users/jacksonsweet/Desktop/OPS\ APP/OPS/OPS/Views/Calendar\ Tab/Components/CalendarToggleView.swift /Users/jacksonsweet/Desktop/OPS\ APP/OPS/OPS/Views/Calendar\ Tab/Components/DatePickerPopover.swift /Users/jacksonsweet/Desktop/OPS\ APP/OPS/OPS/Views/Calendar\ Tab/Components/DayCell.swift /Users/jacksonsweet/Desktop/OPS\ APP/OPS/OPS/Views/Calendar\ Tab/ProjectViews/DayProjectSheet.swift /Users/jacksonsweet/Desktop/OPS\ APP/OPS/OPS/Views/Calendar\ Tab/ProjectViews/ProjectListView.swift /Users/jacksonsweet/Desktop/OPS\ APP/OPS/OPS/Views/Calendar\ Tab/MonthGridView.swift /Users/jacksonsweet/Desktop/OPS\ APP/OPS/OPS/Views/Components/Common/AppHeader.swift /Users/jacksonsweet/Desktop/OPS\ APP/OPS/OPS/Views/Components/Common/ExpandableNotesView.swift /Users/jacksonsweet/Desktop/OPS\ APP/OPS/OPS/Views/Components/Common/LocationPermissionView.swift /Users/jacksonsweet/Desktop/OPS\ APP/OPS/OPS/Views/Components/Common/NavigationBanner.swift /Users/jacksonsweet/Desktop/OPS\ APP/OPS/OPS/Views/Components/Common/NavigationControlsView.swift /Users/jacksonsweet/Desktop/OPS\ APP/OPS/OPS/Views/Components/Common/TabBarBackground.swift /Users/jacksonsweet/Desktop/OPS\ APP/OPS/OPS/Views/Components/Images/ImagePicker.swift /Users/jacksonsweet/Desktop/OPS\ APP/OPS/OPS/Views/Components/Images/ImagePickerView.swift /Users/jacksonsweet/Desktop/OPS\ APP/OPS/OPS/Views/Components/Images/ProjectImagesSection.swift /Users/jacksonsweet/Desktop/OPS\ APP/OPS/OPS/Views/Components/Images/ProjectImagesSimple.swift /Users/jacksonsweet/Desktop/OPS\ APP/OPS/OPS/Views/Components/Images/ProjectImageView.swift /Users/jacksonsweet/Desktop/OPS\ APP/OPS/OPS/Views/Components/Images/ProjectPhotosGrid.swift /Users/jacksonsweet/Desktop/OPS\ APP/OPS/OPS/Views/Components/Map/MiniMapView.swift /Users/jacksonsweet/Desktop/OPS\ APP/OPS/OPS/Views/Components/Map/ProjectMapAnnotation.swift /Users/jacksonsweet/Desktop/OPS\ APP/OPS/OPS/Views/Components/Map/ProjectMapView.swift /Users/jacksonsweet/Desktop/OPS\ APP/OPS/OPS/Views/Components/Map/ProjectMarkerPopup.swift /Users/jacksonsweet/Desktop/OPS\ APP/OPS/OPS/Views/Components/Map/RouteDirectionsView.swift /Users/jacksonsweet/Desktop/OPS\ APP/OPS/OPS/Views/Components/Project/ProjectActionBar.swift /Users/jacksonsweet/Desktop/OPS\ APP/OPS/OPS/Views/Components/Project/ProjectCard.swift /Users/jacksonsweet/Desktop/OPS\ APP/OPS/OPS/Views/Components/Project/ProjectCarousel.swift /Users/jacksonsweet/Desktop/OPS\ APP/OPS/OPS/Views/Components/Project/ProjectDetailsView.swift /Users/jacksonsweet/Desktop/OPS\ APP/OPS/OPS/Views/Components/Project/ProjectHeader.swift /Users/jacksonsweet/Desktop/OPS\ APP/OPS/OPS/Views/Components/Project/ProjectSheetContainer.swift /Users/jacksonsweet/Desktop/OPS\ APP/OPS/OPS/Views/Components/User/TeamMemberListView.swift /Users/jacksonsweet/Desktop/OPS\ APP/OPS/OPS/Views/Components/User/UserProfileCard.swift /Users/jacksonsweet/Desktop/OPS\ APP/OPS/OPS/Views/Home/HomeContentView.swift /Users/jacksonsweet/Desktop/OPS\ APP/OPS/OPS/Views/Home/HomeView.swift /Users/jacksonsweet/Desktop/OPS\ APP/OPS/OPS/Views/Settings/OrganizationSettingsView.swift /Users/jacksonsweet/Desktop/OPS\ APP/OPS/OPS/Views/Settings/ProfileSettingsView.swift /Users/jacksonsweet/Desktop/OPS\ APP/OPS/OPS/Views/Settings/ProjectHistorySettingsView.swift /Users/jacksonsweet/Desktop/OPS\ APP/OPS/OPS/Views/LoginView.swift /Users/jacksonsweet/Desktop/OPS\ APP/OPS/OPS/Views/LoginViewPreview.swift /Users/jacksonsweet/Desktop/OPS\ APP/OPS/OPS/Views/MainTabView.swift /Users/jacksonsweet/Desktop/OPS\ APP/OPS/OPS/Views/NetworkStatusIndicator.swift /Users/jacksonsweet/Desktop/OPS\ APP/OPS/OPS/Views/ScheduleView.swift /Users/jacksonsweet/Desktop/OPS\ APP/OPS/OPS/Views/SettingsView.swift /Users/jacksonsweet/Desktop/OPS\ APP/OPS/OPS/Views/SplashScreen.swift /Users/jacksonsweet/Desktop/OPS\ APP/OPS/OPS/AppState.swift /Users/jacksonsweet/Desktop/OPS\ APP/OPS/OPS/ContentView.swift /Users/jacksonsweet/Desktop/OPS\ APP/OPS/OPS/Item.swift /Users/jacksonsweet/Desktop/OPS\ APP/OPS/OPS/OPSApp.swift /Users/jacksonsweet/Library/Developer/Xcode/DerivedData/OPS-czavgtmnvamasvcjgszzuulfcsxj/Build/Intermediates.noindex/OPS.build/Debug-iphonesimulator/OPS.build/DerivedSources/GeneratedAssetSymbols.swift -supplementary-output-file-map /Users/jacksonsweet/Library/Developer/Xcode/DerivedData/OPS-czavgtmnvamasvcjgszzuulfcsxj/Build/Intermediates.noindex/OPS.build/Debug-iphonesimulator/OPS.build/Objects-normal/arm64/supplementaryOutputs-6 -emit-localized-strings -emit-localized-strings-path /Users/jacksonsweet/Library/Developer/Xcode/DerivedData/OPS-czavgtmnvamasvcjgszzuulfcsxj/Build/Intermediates.noindex/OPS.build/Debug-iphonesimulator/OPS.build/Objects-normal/arm64 -target arm64-apple-ios18.2-simulator -Xllvm -aarch64-use-tbi -enable-objc-interop -sdk /Applications/Xcode.app/Contents/Developer/Platforms/iPhoneSimulator.platform/Developer/SDKs/iPhoneSimulator18.2.sdk -I /Users/jacksonsweet/Library/Developer/Xcode/DerivedData/OPS-czavgtmnvamasvcjgszzuulfcsxj/Build/Products/Debug-iphonesimulator -F /Users/jacksonsweet/Library/Developer/Xcode/DerivedData/OPS-czavgtmnvamasvcjgszzuulfcsxj/Build/Products/Debug-iphonesimulator -no-color-diagnostics -enable-testing -g -debug-info-format\=dwarf -dwarf-version\=5 -module-cache-path /Users/jacksonsweet/Library/Developer/Xcode/DerivedData/ModuleCache.noindex -profile-generate -profile-coverage-mapping -swift-version 5 -enforce-exclusivity\=checked -Onone -D DEBUG -serialize-debugging-options -const-gather-protocols-file /Users/jacksonsweet/Library/Developer/Xcode/DerivedData/OPS-czavgtmnvamasvcjgszzuulfcsxj/Build/Intermediates.noindex/OPS.build/Debug-iphonesimulator/OPS.build/Objects-normal/arm64/OPS_const_extract_protocols.json -enable-experimental-feature DebugDescriptionMacro -enable-experimental-feature OpaqueTypeErasure -enable-bare-slash-regex -empty-abi-descriptor -validate-clang-modules-once -clang-build-session-file /Users/jacksonsweet/Library/Developer/Xcode/DerivedData/ModuleCache.noindex/Session.modulevalidation -Xcc -working-directory -Xcc /Users/jacksonsweet/Desktop/OPS\ APP/OPS -resource-dir /Applications/Xcode.app/Contents/Developer/Toolchains/XcodeDefault.xctoolchain/usr/lib/swift -enable-anonymous-context-mangled-names -file-compilation-dir /Users/jacksonsweet/Desktop/OPS\ APP/OPS -Xcc -D_LIBCPP_HARDENING_MODE\=_LIBCPP_HARDENING_MODE_DEBUG -Xcc -ivfsstatcache -Xcc /Users/jacksonsweet/Library/Developer/Xcode/DerivedData/SDKStatCaches.noindex/iphonesimulator18.2-22C146-07b28473f605e47e75261259d3ef3b5a.sdkstatcache -Xcc -I/Users/jacksonsweet/Library/Developer/Xcode/DerivedData/OPS-czavgtmnvamasvcjgszzuulfcsxj/Build/Intermediates.noindex/OPS.build/Debug-iphonesimulator/OPS.build/swift-overrides.hmap -Xcc -iquote -Xcc /Users/jacksonsweet/Library/Developer/Xcode/DerivedData/OPS-czavgtmnvamasvcjgszzuulfcsxj/Build/Intermediates.noindex/OPS.build/Debug-iphonesimulator/OPS.build/OPS-generated-files.hmap -Xcc -I/Users/jacksonsweet/Library/Developer/Xcode/DerivedData/OPS-czavgtmnvamasvcjgszzuulfcsxj/Build/Intermediates.noindex/OPS.build/Debug-iphonesimulator/OPS.build/OPS-own-target-headers.hmap -Xcc -I/Users/jacksonsweet/Library/Developer/Xcode/DerivedData/OPS-czavgtmnvamasvcjgszzuulfcsxj/Build/Intermediates.noindex/OPS.build/Debug-iphonesimulator/OPS.build/OPS-all-target-headers.hmap -Xcc -iquote -Xcc /Users/jacksonsweet/Library/Developer/Xcode/DerivedData/OPS-czavgtmnvamasvcjgszzuulfcsxj/Build/Intermediates.noindex/OPS.build/Debug-iphonesimulator/OPS.build/OPS-project-headers.hmap -Xcc -I/Users/jacksonsweet/Library/Developer/Xcode/DerivedData/OPS-czavgtmnvamasvcjgszzuulfcsxj/Build/Products/Debug-iphonesimulator/include -Xcc -I/Users/jacksonsweet/Library/Developer/Xcode/DerivedData/OPS-czavgtmnvamasvcjgszzuulfcsxj/Build/Intermediates.noindex/OPS.build/Debug-iphonesimulator/OPS.build/DerivedSources-normal/arm64 -Xcc -I/Users/jacksonsweet/Library/Developer/Xcode/DerivedData/OPS-czavgtmnvamasvcjgszzuulfcsxj/Build/Intermediates.noindex/OPS.build/Debug-iphonesimulator/OPS.build/DerivedSources/arm64 -Xcc -I/Users/jacksonsweet/Library/Developer/Xcode/DerivedData/OPS-czavgtmnvamasvcjgszzuulfcsxj/Build/Intermediates.noindex/OPS.build/Debug-iphonesimulator/OPS.build/DerivedSources -Xcc -DDEBUG\=1 -module-name OPS -frontend-parseable-output -disable-clang-spi -target-sdk-version 18.2 -target-sdk-name iphonesimulator18.2 -external-plugin-path /Applications/Xcode.app/Contents/Developer/Platforms/iPhoneOS.platform/Developer/usr/lib/swift/host/plugins\#/Applications/Xcode.app/Contents/Developer/Platforms/iPhoneOS.platform/Developer/usr/bin/swift-plugin-server -external-plugin-path /Applications/Xcode.app/Contents/Developer/Platforms/iPhoneOS.platform/Developer/usr/local/lib/swift/host/plugins\#/Applications/Xcode.app/Contents/Developer/Platforms/iPhoneOS.platform/Developer/usr/bin/swift-plugin-server -plugin-path /Applications/Xcode.app/Contents/Developer/Toolchains/XcodeDefault.xctoolchain/usr/lib/swift/host/plugins -plugin-path /Applications/Xcode.app/Contents/Developer/Toolchains/XcodeDefault.xctoolchain/usr/local/lib/swift/host/plugins -o /Users/jacksonsweet/Library/Developer/Xcode/DerivedData/OPS-czavgtmnvamasvcjgszzuulfcsxj/Build/Intermediates.noindex/OPS.build/Debug-iphonesimulator/OPS.build/Objects-normal/arm64/InProgressManager.o -o /Users/jacksonsweet/Library/Developer/Xcode/DerivedData/OPS-czavgtmnvamasvcjgszzuulfcsxj/Build/Intermediates.noindex/OPS.build/Debug-iphonesimulator/OPS.build/Objects-normal/arm64/KeyboardDismissalModifier.o -o /Users/jacksonsweet/Library/Developer/Xcode/DerivedData/OPS-czavgtmnvamasvcjgszzuulfcsxj/Build/Intermediates.noindex/OPS.build/Debug-iphonesimulator/OPS.build/Objects-normal/arm64/LocationManager.o -o /Users/jacksonsweet/Library/Developer/Xcode/DerivedData/OPS-czavgtmnvamasvcjgszzuulfcsxj/Build/Intermediates.noindex/OPS.build/Debug-iphonesimulator/OPS.build/Objects-normal/arm64/OnboardingEnvironmentKey.o -o /Users/jacksonsweet/Library/Developer/Xcode/DerivedData/OPS-czavgtmnvamasvcjgszzuulfcsxj/Build/Intermediates.noindex/OPS.build/Debug-iphonesimulator/OPS.build/Objects-normal/arm64/SwiftDataHelper.o -o /Users/jacksonsweet/Library/Developer/Xcode/DerivedData/OPS-czavgtmnvamasvcjgszzuulfcsxj/Build/Intermediates.noindex/OPS.build/Debug-iphonesimulator/OPS.build/Objects-normal/arm64/UIComponents.o -o /Users/jacksonsweet/Library/Developer/Xcode/DerivedData/OPS-czavgtmnvamasvcjgszzuulfcsxj/Build/Intermediates.noindex/OPS.build/Debug-iphonesimulator/OPS.build/Objects-normal/arm64/CertificationsSettingsView.o -o /Users/jacksonsweet/Library/Developer/Xcode/DerivedData/OPS-czavgtmnvamasvcjgszzuulfcsxj/Build/Intermediates.noindex/OPS.build/Debug-iphonesimulator/OPS.build/Objects-normal/arm64/CalendarViewModel.o -o /Users/jacksonsweet/Library/Developer/Xcode/DerivedData/OPS-czavgtmnvamasvcjgszzuulfcsxj/Build/Intermediates.noindex/OPS.build/Debug-iphonesimulator/OPS.build/Objects-normal/arm64/ProjectsViewModel.o -o /Users/jacksonsweet/Library/Developer/Xcode/DerivedData/OPS-czavgtmnvamasvcjgszzuulfcsxj/Build/Intermediates.noindex/OPS.build/Debug-iphonesimulator/OPS.build/Objects-normal/arm64/CalendarDaySelector.o -o /Users/jacksonsweet/Library/Developer/Xcode/DerivedData/OPS-czavgtmnvamasvcjgszzuulfcsxj/Build/Intermediates.noindex/OPS.build/Debug-iphonesimulator/OPS.build/Objects-normal/arm64/CalendarHeaderView.o -o /Users/jacksonsweet/Library/Developer/Xcode/DerivedData/OPS-czavgtmnvamasvcjgszzuulfcsxj/Build/Intermediates.noindex/OPS.build/Debug-iphonesimulator/OPS.build/Objects-normal/arm64/CalendarProjectCard.o -index-unit-output-path /OPS.build/Debug-iphonesimulator/OPS.build/Objects-normal/arm64/InProgressManager.o -index-unit-output-path /OPS.build/Debug-iphonesimulator/OPS.build/Objects-normal/arm64/KeyboardDismissalModifier.o -index-unit-output-path /OPS.build/Debug-iphonesimulator/OPS.build/Objects-normal/arm64/LocationManager.o -index-unit-output-path /OPS.build/Debug-iphonesimulator/OPS.build/Objects-normal/arm64/OnboardingEnvironmentKey.o -index-unit-output-path /OPS.build/Debug-iphonesimulator/OPS.build/Objects-normal/arm64/SwiftDataHelper.o -index-unit-output-path /OPS.build/Debug-iphonesimulator/OPS.build/Objects-normal/arm64/UIComponents.o -index-unit-output-path /OPS.build/Debug-iphonesimulator/OPS.build/Objects-normal/arm64/CertificationsSettingsView.o -index-unit-output-path /OPS.build/Debug-iphonesimulator/OPS.build/Objects-normal/arm64/CalendarViewModel.o -index-unit-output-path /OPS.build/Debug-iphonesimulator/OPS.build/Objects-normal/arm64/ProjectsViewModel.o -index-unit-output-path /OPS.build/Debug-iphonesimulator/OPS.build/Objects-normal/arm64/CalendarDaySelector.o -index-unit-output-path /OPS.build/Debug-iphonesimulator/OPS.build/Objects-normal/arm64/CalendarHeaderView.o -index-unit-output-path /OPS.build/Debug-iphonesimulator/OPS.build/Objects-normal/arm64/CalendarProjectCard.o -index-store-path /Users/jacksonsweet/Library/Developer/Xcode/DerivedData/OPS-czavgtmnvamasvcjgszzuulfcsxj/Index.noindex/DataStore -index-system-modules

SwiftCompile normal arm64 /Users/jacksonsweet/Desktop/OPS\ APP/OPS/OPS/Views/Calendar\ Tab/Components/CalendarHeaderView.swift (in target 'OPS' from project 'OPS')
    cd /Users/jacksonsweet/Desktop/OPS\ APP/OPS
    /Applications/Xcode.app/Contents/Developer/Toolchains/XcodeDefault.xctoolchain/usr/bin/swift-frontend -c /Users/jacksonsweet/Desktop/OPS\ APP/OPS/OPS/DataModels/BubbleImage.swift /Users/jacksonsweet/Desktop/OPS\ APP/OPS/OPS/DataModels/BubbleTypes.swift /Users/jacksonsweet/Desktop/OPS\ APP/OPS/OPS/DataModels/Company.swift /Users/jacksonsweet/Desktop/OPS\ APP/OPS/OPS/DataModels/Project.swift /Users/jacksonsweet/Desktop/OPS\ APP/OPS/OPS/DataModels/Status.swift /Users/jacksonsweet/Desktop/OPS\ APP/OPS/OPS/DataModels/User.swift /Users/jacksonsweet/Desktop/OPS\ APP/OPS/OPS/DataModels/UserRole.swift /Users/jacksonsweet/Desktop/OPS\ APP/OPS/OPS/Extensions/UIImage+Extensions.swift /Users/jacksonsweet/Desktop/OPS\ APP/OPS/OPS/Network/API/APIError.swift /Users/jacksonsweet/Desktop/OPS\ APP/OPS/OPS/Network/API/APIService.swift /Users/jacksonsweet/Desktop/OPS\ APP/OPS/OPS/Network/API/BubbleFields.swift /Users/jacksonsweet/Desktop/OPS\ APP/OPS/OPS/Network/Auth/AuthError.swift /Users/jacksonsweet/Desktop/OPS\ APP/OPS/OPS/Network/Auth/AuthManager.swift /Users/jacksonsweet/Desktop/OPS\ APP/OPS/OPS/Network/Auth/KeychainManager.swift /Users/jacksonsweet/Desktop/OPS\ APP/OPS/OPS/Network/DTOs/CompanyDTO.swift /Users/jacksonsweet/Desktop/OPS\ APP/OPS/OPS/Network/DTOs/ProjectDTO.swift /Users/jacksonsweet/Desktop/OPS\ APP/OPS/OPS/Network/DTOs/UserDTO.swift /Users/jacksonsweet/Desktop/OPS\ APP/OPS/OPS/Network/Endpoints/CompanyEndpoints.swift /Users/jacksonsweet/Desktop/OPS\ APP/OPS/OPS/Network/Endpoints/ProjectEndpoints.swift /Users/jacksonsweet/Desktop/OPS\ APP/OPS/OPS/Network/Endpoints/UserEndpoints.swift /Users/jacksonsweet/Desktop/OPS\ APP/OPS/OPS/Network/Sync/BackgroundTaskManager.swift /Users/jacksonsweet/Desktop/OPS\ APP/OPS/OPS/Network/Sync/SyncManager.swift /Users/jacksonsweet/Desktop/OPS\ APP/OPS/OPS/Network/ConnectivityMonitor.swift /Users/jacksonsweet/Desktop/OPS\ APP/OPS/OPS/Network/ImageSyncManager.swift /Users/jacksonsweet/Desktop/OPS\ APP/OPS/OPS/Onboarding/Coordinators/OnboardingCoordinator.swift /Users/jacksonsweet/Desktop/OPS\ APP/OPS/OPS/Onboarding/Models/OnboardingModels.swift /Users/jacksonsweet/Desktop/OPS\ APP/OPS/OPS/Onboarding/Services/OnboardingService.swift /Users/jacksonsweet/Desktop/OPS\ APP/OPS/OPS/Onboarding/ViewModels/OnboardingViewModel.swift /Users/jacksonsweet/Desktop/OPS\ APP/OPS/OPS/Onboarding/Views/Components/OnboardingComponents.swift /Users/jacksonsweet/Desktop/OPS\ APP/OPS/OPS/Onboarding/Views/Screens/AccountCreatedView.swift /Users/jacksonsweet/Desktop/OPS\ APP/OPS/OPS/Onboarding/Views/Screens/CompanyCodeView.swift /Users/jacksonsweet/Desktop/OPS\ APP/OPS/OPS/Onboarding/Views/Screens/CompanyCodeViewPreview.swift /Users/jacksonsweet/Desktop/OPS\ APP/OPS/OPS/Onboarding/Views/Screens/CompletionView.swift /Users/jacksonsweet/Desktop/OPS\ APP/OPS/OPS/Onboarding/Views/Screens/CompletionViewPreview.swift /Users/jacksonsweet/Desktop/OPS\ APP/OPS/OPS/Onboarding/Views/Screens/EmailView.swift /Users/jacksonsweet/Desktop/OPS\ APP/OPS/OPS/Onboarding/Views/Screens/FieldSetupView.swift /Users/jacksonsweet/Desktop/OPS\ APP/OPS/OPS/Onboarding/Views/Screens/NotificationsView.swift /Users/jacksonsweet/Desktop/OPS\ APP/OPS/OPS/Onboarding/Views/Screens/NotificationsViewPreview.swift /Users/jacksonsweet/Desktop/OPS\ APP/OPS/OPS/Onboarding/Views/Screens/OrganizationJoinView.swift /Users/jacksonsweet/Desktop/OPS\ APP/OPS/OPS/Onboarding/Views/Screens/PasswordView.swift /Users/jacksonsweet/Desktop/OPS\ APP/OPS/OPS/Onboarding/Views/Screens/PasswordViewPreview.swift /Users/jacksonsweet/Desktop/OPS\ APP/OPS/OPS/Onboarding/Views/Screens/PermissionsView.swift /Users/jacksonsweet/Desktop/OPS\ APP/OPS/OPS/Onboarding/Views/Screens/PermissionsViewPreview.swift /Users/jacksonsweet/Desktop/OPS\ APP/OPS/OPS/Onboarding/Views/Screens/PhoneNumberView.swift /Users/jacksonsweet/Desktop/OPS\ APP/OPS/OPS/Onboarding/Views/Screens/PhoneNumberViewPreview.swift /Users/jacksonsweet/Desktop/OPS\ APP/OPS/OPS/Onboarding/Views/Screens/UserInfoView.swift /Users/jacksonsweet/Desktop/OPS\ APP/OPS/OPS/Onboarding/Views/Screens/UserInfoViewPreview.swift /Users/jacksonsweet/Desktop/OPS\ APP/OPS/OPS/Onboarding/Views/Screens/VerifyPhoneView.swift /Users/jacksonsweet/Desktop/OPS\ APP/OPS/OPS/Onboarding/Views/Screens/WelcomeCompanyView.swift /Users/jacksonsweet/Desktop/OPS\ APP/OPS/OPS/Onboarding/Views/Screens/WelcomeCompanyViewPreview.swift /Users/jacksonsweet/Desktop/OPS\ APP/OPS/OPS/Onboarding/Views/Screens/WelcomeView.swift /Users/jacksonsweet/Desktop/OPS\ APP/OPS/OPS/Onboarding/Views/Screens/WelcomeViewPreview.swift /Users/jacksonsweet/Desktop/OPS\ APP/OPS/OPS/Onboarding/Views/OnboardingContainerView.swift /Users/jacksonsweet/Desktop/OPS\ APP/OPS/OPS/Onboarding/Views/OnboardingFlowPreview.swift /Users/jacksonsweet/Desktop/OPS\ APP/OPS/OPS/Onboarding/Views/OnboardingPresenter.swift /Users/jacksonsweet/Desktop/OPS\ APP/OPS/OPS/Onboarding/Views/OnboardingPreviewHelpers.swift /Users/jacksonsweet/Desktop/OPS\ APP/OPS/OPS/Styles/OPSStyle.swift /Users/jacksonsweet/Desktop/OPS\ APP/OPS/OPS/Utilities/AppConfiguration.swift /Users/jacksonsweet/Desktop/OPS\ APP/OPS/OPS/Utilities/ArrayTransformer.swift /Users/jacksonsweet/Desktop/OPS\ APP/OPS/OPS/Utilities/DataController.swift /Users/jacksonsweet/Desktop/OPS\ APP/OPS/OPS/Utilities/Dateformatter\ +Bubble.swift /Users/jacksonsweet/Desktop/OPS\ APP/OPS/OPS/Utilities/DateHelper.swift /Users/jacksonsweet/Desktop/OPS\ APP/OPS/OPS/Utilities/FieldErrorHandler.swift /Users/jacksonsweet/Desktop/OPS\ APP/OPS/OPS/Utilities/ImageCache.swift /Users/jacksonsweet/Desktop/OPS\ APP/OPS/OPS/Utilities/ImageFileManager.swift -primary-file /Users/jacksonsweet/Desktop/OPS\ APP/OPS/OPS/Utilities/InProgressManager.swift -primary-file /Users/jacksonsweet/Desktop/OPS\ APP/OPS/OPS/Utilities/KeyboardDismissalModifier.swift -primary-file /Users/jacksonsweet/Desktop/OPS\ APP/OPS/OPS/Utilities/LocationManager.swift -primary-file /Users/jacksonsweet/Desktop/OPS\ APP/OPS/OPS/Utilities/OnboardingEnvironmentKey.swift -primary-file /Users/jacksonsweet/Desktop/OPS\ APP/OPS/OPS/Utilities/SwiftDataHelper.swift -primary-file /Users/jacksonsweet/Desktop/OPS\ APP/OPS/OPS/Utilities/UIComponents.swift -primary-file /Users/jacksonsweet/Desktop/OPS\ APP/OPS/OPS/V2/CertificationsSettingsView.swift -primary-file /Users/jacksonsweet/Desktop/OPS\ APP/OPS/OPS/ViewModels/CalendarViewModel.swift -primary-file /Users/jacksonsweet/Desktop/OPS\ APP/OPS/OPS/ViewModels/ProjectsViewModel.swift -primary-file /Users/jacksonsweet/Desktop/OPS\ APP/OPS/OPS/Views/Calendar\ Tab/Components/CalendarDaySelector.swift -primary-file /Users/jacksonsweet/Desktop/OPS\ APP/OPS/OPS/Views/Calendar\ Tab/Components/CalendarHeaderView.swift -primary-file /Users/jacksonsweet/Desktop/OPS\ APP/OPS/OPS/Views/Calendar\ Tab/Components/CalendarProjectCard.swift /Users/jacksonsweet/Desktop/OPS\ APP/OPS/OPS/Views/Calendar\ Tab/Components/CalendarToggleView.swift /Users/jacksonsweet/Desktop/OPS\ APP/OPS/OPS/Views/Calendar\ Tab/Components/DatePickerPopover.swift /Users/jacksonsweet/Desktop/OPS\ APP/OPS/OPS/Views/Calendar\ Tab/Components/DayCell.swift /Users/jacksonsweet/Desktop/OPS\ APP/OPS/OPS/Views/Calendar\ Tab/ProjectViews/DayProjectSheet.swift /Users/jacksonsweet/Desktop/OPS\ APP/OPS/OPS/Views/Calendar\ Tab/ProjectViews/ProjectListView.swift /Users/jacksonsweet/Desktop/OPS\ APP/OPS/OPS/Views/Calendar\ Tab/MonthGridView.swift /Users/jacksonsweet/Desktop/OPS\ APP/OPS/OPS/Views/Components/Common/AppHeader.swift /Users/jacksonsweet/Desktop/OPS\ APP/OPS/OPS/Views/Components/Common/ExpandableNotesView.swift /Users/jacksonsweet/Desktop/OPS\ APP/OPS/OPS/Views/Components/Common/LocationPermissionView.swift /Users/jacksonsweet/Desktop/OPS\ APP/OPS/OPS/Views/Components/Common/NavigationBanner.swift /Users/jacksonsweet/Desktop/OPS\ APP/OPS/OPS/Views/Components/Common/NavigationControlsView.swift /Users/jacksonsweet/Desktop/OPS\ APP/OPS/OPS/Views/Components/Common/TabBarBackground.swift /Users/jacksonsweet/Desktop/OPS\ APP/OPS/OPS/Views/Components/Images/ImagePicker.swift /Users/jacksonsweet/Desktop/OPS\ APP/OPS/OPS/Views/Components/Images/ImagePickerView.swift /Users/jacksonsweet/Desktop/OPS\ APP/OPS/OPS/Views/Components/Images/ProjectImagesSection.swift /Users/jacksonsweet/Desktop/OPS\ APP/OPS/OPS/Views/Components/Images/ProjectImagesSimple.swift /Users/jacksonsweet/Desktop/OPS\ APP/OPS/OPS/Views/Components/Images/ProjectImageView.swift /Users/jacksonsweet/Desktop/OPS\ APP/OPS/OPS/Views/Components/Images/ProjectPhotosGrid.swift /Users/jacksonsweet/Desktop/OPS\ APP/OPS/OPS/Views/Components/Map/MiniMapView.swift /Users/jacksonsweet/Desktop/OPS\ APP/OPS/OPS/Views/Components/Map/ProjectMapAnnotation.swift /Users/jacksonsweet/Desktop/OPS\ APP/OPS/OPS/Views/Components/Map/ProjectMapView.swift /Users/jacksonsweet/Desktop/OPS\ APP/OPS/OPS/Views/Components/Map/ProjectMarkerPopup.swift /Users/jacksonsweet/Desktop/OPS\ APP/OPS/OPS/Views/Components/Map/RouteDirectionsView.swift /Users/jacksonsweet/Desktop/OPS\ APP/OPS/OPS/Views/Components/Project/ProjectActionBar.swift /Users/jacksonsweet/Desktop/OPS\ APP/OPS/OPS/Views/Components/Project/ProjectCard.swift /Users/jacksonsweet/Desktop/OPS\ APP/OPS/OPS/Views/Components/Project/ProjectCarousel.swift /Users/jacksonsweet/Desktop/OPS\ APP/OPS/OPS/Views/Components/Project/ProjectDetailsView.swift /Users/jacksonsweet/Desktop/OPS\ APP/OPS/OPS/Views/Components/Project/ProjectHeader.swift /Users/jacksonsweet/Desktop/OPS\ APP/OPS/OPS/Views/Components/Project/ProjectSheetContainer.swift /Users/jacksonsweet/Desktop/OPS\ APP/OPS/OPS/Views/Components/User/TeamMemberListView.swift /Users/jacksonsweet/Desktop/OPS\ APP/OPS/OPS/Views/Components/User/UserProfileCard.swift /Users/jacksonsweet/Desktop/OPS\ APP/OPS/OPS/Views/Home/HomeContentView.swift /Users/jacksonsweet/Desktop/OPS\ APP/OPS/OPS/Views/Home/HomeView.swift /Users/jacksonsweet/Desktop/OPS\ APP/OPS/OPS/Views/Settings/OrganizationSettingsView.swift /Users/jacksonsweet/Desktop/OPS\ APP/OPS/OPS/Views/Settings/ProfileSettingsView.swift /Users/jacksonsweet/Desktop/OPS\ APP/OPS/OPS/Views/Settings/ProjectHistorySettingsView.swift /Users/jacksonsweet/Desktop/OPS\ APP/OPS/OPS/Views/LoginView.swift /Users/jacksonsweet/Desktop/OPS\ APP/OPS/OPS/Views/LoginViewPreview.swift /Users/jacksonsweet/Desktop/OPS\ APP/OPS/OPS/Views/MainTabView.swift /Users/jacksonsweet/Desktop/OPS\ APP/OPS/OPS/Views/NetworkStatusIndicator.swift /Users/jacksonsweet/Desktop/OPS\ APP/OPS/OPS/Views/ScheduleView.swift /Users/jacksonsweet/Desktop/OPS\ APP/OPS/OPS/Views/SettingsView.swift /Users/jacksonsweet/Desktop/OPS\ APP/OPS/OPS/Views/SplashScreen.swift /Users/jacksonsweet/Desktop/OPS\ APP/OPS/OPS/AppState.swift /Users/jacksonsweet/Desktop/OPS\ APP/OPS/OPS/ContentView.swift /Users/jacksonsweet/Desktop/OPS\ APP/OPS/OPS/Item.swift /Users/jacksonsweet/Desktop/OPS\ APP/OPS/OPS/OPSApp.swift /Users/jacksonsweet/Library/Developer/Xcode/DerivedData/OPS-czavgtmnvamasvcjgszzuulfcsxj/Build/Intermediates.noindex/OPS.build/Debug-iphonesimulator/OPS.build/DerivedSources/GeneratedAssetSymbols.swift -supplementary-output-file-map /Users/jacksonsweet/Library/Developer/Xcode/DerivedData/OPS-czavgtmnvamasvcjgszzuulfcsxj/Build/Intermediates.noindex/OPS.build/Debug-iphonesimulator/OPS.build/Objects-normal/arm64/supplementaryOutputs-6 -emit-localized-strings -emit-localized-strings-path /Users/jacksonsweet/Library/Developer/Xcode/DerivedData/OPS-czavgtmnvamasvcjgszzuulfcsxj/Build/Intermediates.noindex/OPS.build/Debug-iphonesimulator/OPS.build/Objects-normal/arm64 -target arm64-apple-ios18.2-simulator -Xllvm -aarch64-use-tbi -enable-objc-interop -sdk /Applications/Xcode.app/Contents/Developer/Platforms/iPhoneSimulator.platform/Developer/SDKs/iPhoneSimulator18.2.sdk -I /Users/jacksonsweet/Library/Developer/Xcode/DerivedData/OPS-czavgtmnvamasvcjgszzuulfcsxj/Build/Products/Debug-iphonesimulator -F /Users/jacksonsweet/Library/Developer/Xcode/DerivedData/OPS-czavgtmnvamasvcjgszzuulfcsxj/Build/Products/Debug-iphonesimulator -no-color-diagnostics -enable-testing -g -debug-info-format\=dwarf -dwarf-version\=5 -module-cache-path /Users/jacksonsweet/Library/Developer/Xcode/DerivedData/ModuleCache.noindex -profile-generate -profile-coverage-mapping -swift-version 5 -enforce-exclusivity\=checked -Onone -D DEBUG -serialize-debugging-options -const-gather-protocols-file /Users/jacksonsweet/Library/Developer/Xcode/DerivedData/OPS-czavgtmnvamasvcjgszzuulfcsxj/Build/Intermediates.noindex/OPS.build/Debug-iphonesimulator/OPS.build/Objects-normal/arm64/OPS_const_extract_protocols.json -enable-experimental-feature DebugDescriptionMacro -enable-experimental-feature OpaqueTypeErasure -enable-bare-slash-regex -empty-abi-descriptor -validate-clang-modules-once -clang-build-session-file /Users/jacksonsweet/Library/Developer/Xcode/DerivedData/ModuleCache.noindex/Session.modulevalidation -Xcc -working-directory -Xcc /Users/jacksonsweet/Desktop/OPS\ APP/OPS -resource-dir /Applications/Xcode.app/Contents/Developer/Toolchains/XcodeDefault.xctoolchain/usr/lib/swift -enable-anonymous-context-mangled-names -file-compilation-dir /Users/jacksonsweet/Desktop/OPS\ APP/OPS -Xcc -D_LIBCPP_HARDENING_MODE\=_LIBCPP_HARDENING_MODE_DEBUG -Xcc -ivfsstatcache -Xcc /Users/jacksonsweet/Library/Developer/Xcode/DerivedData/SDKStatCaches.noindex/iphonesimulator18.2-22C146-07b28473f605e47e75261259d3ef3b5a.sdkstatcache -Xcc -I/Users/jacksonsweet/Library/Developer/Xcode/DerivedData/OPS-czavgtmnvamasvcjgszzuulfcsxj/Build/Intermediates.noindex/OPS.build/Debug-iphonesimulator/OPS.build/swift-overrides.hmap -Xcc -iquote -Xcc /Users/jacksonsweet/Library/Developer/Xcode/DerivedData/OPS-czavgtmnvamasvcjgszzuulfcsxj/Build/Intermediates.noindex/OPS.build/Debug-iphonesimulator/OPS.build/OPS-generated-files.hmap -Xcc -I/Users/jacksonsweet/Library/Developer/Xcode/DerivedData/OPS-czavgtmnvamasvcjgszzuulfcsxj/Build/Intermediates.noindex/OPS.build/Debug-iphonesimulator/OPS.build/OPS-own-target-headers.hmap -Xcc -I/Users/jacksonsweet/Library/Developer/Xcode/DerivedData/OPS-czavgtmnvamasvcjgszzuulfcsxj/Build/Intermediates.noindex/OPS.build/Debug-iphonesimulator/OPS.build/OPS-all-target-headers.hmap -Xcc -iquote -Xcc /Users/jacksonsweet/Library/Developer/Xcode/DerivedData/OPS-czavgtmnvamasvcjgszzuulfcsxj/Build/Intermediates.noindex/OPS.build/Debug-iphonesimulator/OPS.build/OPS-project-headers.hmap -Xcc -I/Users/jacksonsweet/Library/Developer/Xcode/DerivedData/OPS-czavgtmnvamasvcjgszzuulfcsxj/Build/Products/Debug-iphonesimulator/include -Xcc -I/Users/jacksonsweet/Library/Developer/Xcode/DerivedData/OPS-czavgtmnvamasvcjgszzuulfcsxj/Build/Intermediates.noindex/OPS.build/Debug-iphonesimulator/OPS.build/DerivedSources-normal/arm64 -Xcc -I/Users/jacksonsweet/Library/Developer/Xcode/DerivedData/OPS-czavgtmnvamasvcjgszzuulfcsxj/Build/Intermediates.noindex/OPS.build/Debug-iphonesimulator/OPS.build/DerivedSources/arm64 -Xcc -I/Users/jacksonsweet/Library/Developer/Xcode/DerivedData/OPS-czavgtmnvamasvcjgszzuulfcsxj/Build/Intermediates.noindex/OPS.build/Debug-iphonesimulator/OPS.build/DerivedSources -Xcc -DDEBUG\=1 -module-name OPS -frontend-parseable-output -disable-clang-spi -target-sdk-version 18.2 -target-sdk-name iphonesimulator18.2 -external-plugin-path /Applications/Xcode.app/Contents/Developer/Platforms/iPhoneOS.platform/Developer/usr/lib/swift/host/plugins\#/Applications/Xcode.app/Contents/Developer/Platforms/iPhoneOS.platform/Developer/usr/bin/swift-plugin-server -external-plugin-path /Applications/Xcode.app/Contents/Developer/Platforms/iPhoneOS.platform/Developer/usr/local/lib/swift/host/plugins\#/Applications/Xcode.app/Contents/Developer/Platforms/iPhoneOS.platform/Developer/usr/bin/swift-plugin-server -plugin-path /Applications/Xcode.app/Contents/Developer/Toolchains/XcodeDefault.xctoolchain/usr/lib/swift/host/plugins -plugin-path /Applications/Xcode.app/Contents/Developer/Toolchains/XcodeDefault.xctoolchain/usr/local/lib/swift/host/plugins -o /Users/jacksonsweet/Library/Developer/Xcode/DerivedData/OPS-czavgtmnvamasvcjgszzuulfcsxj/Build/Intermediates.noindex/OPS.build/Debug-iphonesimulator/OPS.build/Objects-normal/arm64/InProgressManager.o -o /Users/jacksonsweet/Library/Developer/Xcode/DerivedData/OPS-czavgtmnvamasvcjgszzuulfcsxj/Build/Intermediates.noindex/OPS.build/Debug-iphonesimulator/OPS.build/Objects-normal/arm64/KeyboardDismissalModifier.o -o /Users/jacksonsweet/Library/Developer/Xcode/DerivedData/OPS-czavgtmnvamasvcjgszzuulfcsxj/Build/Intermediates.noindex/OPS.build/Debug-iphonesimulator/OPS.build/Objects-normal/arm64/LocationManager.o -o /Users/jacksonsweet/Library/Developer/Xcode/DerivedData/OPS-czavgtmnvamasvcjgszzuulfcsxj/Build/Intermediates.noindex/OPS.build/Debug-iphonesimulator/OPS.build/Objects-normal/arm64/OnboardingEnvironmentKey.o -o /Users/jacksonsweet/Library/Developer/Xcode/DerivedData/OPS-czavgtmnvamasvcjgszzuulfcsxj/Build/Intermediates.noindex/OPS.build/Debug-iphonesimulator/OPS.build/Objects-normal/arm64/SwiftDataHelper.o -o /Users/jacksonsweet/Library/Developer/Xcode/DerivedData/OPS-czavgtmnvamasvcjgszzuulfcsxj/Build/Intermediates.noindex/OPS.build/Debug-iphonesimulator/OPS.build/Objects-normal/arm64/UIComponents.o -o /Users/jacksonsweet/Library/Developer/Xcode/DerivedData/OPS-czavgtmnvamasvcjgszzuulfcsxj/Build/Intermediates.noindex/OPS.build/Debug-iphonesimulator/OPS.build/Objects-normal/arm64/CertificationsSettingsView.o -o /Users/jacksonsweet/Library/Developer/Xcode/DerivedData/OPS-czavgtmnvamasvcjgszzuulfcsxj/Build/Intermediates.noindex/OPS.build/Debug-iphonesimulator/OPS.build/Objects-normal/arm64/CalendarViewModel.o -o /Users/jacksonsweet/Library/Developer/Xcode/DerivedData/OPS-czavgtmnvamasvcjgszzuulfcsxj/Build/Intermediates.noindex/OPS.build/Debug-iphonesimulator/OPS.build/Objects-normal/arm64/ProjectsViewModel.o -o /Users/jacksonsweet/Library/Developer/Xcode/DerivedData/OPS-czavgtmnvamasvcjgszzuulfcsxj/Build/Intermediates.noindex/OPS.build/Debug-iphonesimulator/OPS.build/Objects-normal/arm64/CalendarDaySelector.o -o /Users/jacksonsweet/Library/Developer/Xcode/DerivedData/OPS-czavgtmnvamasvcjgszzuulfcsxj/Build/Intermediates.noindex/OPS.build/Debug-iphonesimulator/OPS.build/Objects-normal/arm64/CalendarHeaderView.o -o /Users/jacksonsweet/Library/Developer/Xcode/DerivedData/OPS-czavgtmnvamasvcjgszzuulfcsxj/Build/Intermediates.noindex/OPS.build/Debug-iphonesimulator/OPS.build/Objects-normal/arm64/CalendarProjectCard.o -index-unit-output-path /OPS.build/Debug-iphonesimulator/OPS.build/Objects-normal/arm64/InProgressManager.o -index-unit-output-path /OPS.build/Debug-iphonesimulator/OPS.build/Objects-normal/arm64/KeyboardDismissalModifier.o -index-unit-output-path /OPS.build/Debug-iphonesimulator/OPS.build/Objects-normal/arm64/LocationManager.o -index-unit-output-path /OPS.build/Debug-iphonesimulator/OPS.build/Objects-normal/arm64/OnboardingEnvironmentKey.o -index-unit-output-path /OPS.build/Debug-iphonesimulator/OPS.build/Objects-normal/arm64/SwiftDataHelper.o -index-unit-output-path /OPS.build/Debug-iphonesimulator/OPS.build/Objects-normal/arm64/UIComponents.o -index-unit-output-path /OPS.build/Debug-iphonesimulator/OPS.build/Objects-normal/arm64/CertificationsSettingsView.o -index-unit-output-path /OPS.build/Debug-iphonesimulator/OPS.build/Objects-normal/arm64/CalendarViewModel.o -index-unit-output-path /OPS.build/Debug-iphonesimulator/OPS.build/Objects-normal/arm64/ProjectsViewModel.o -index-unit-output-path /OPS.build/Debug-iphonesimulator/OPS.build/Objects-normal/arm64/CalendarDaySelector.o -index-unit-output-path /OPS.build/Debug-iphonesimulator/OPS.build/Objects-normal/arm64/CalendarHeaderView.o -index-unit-output-path /OPS.build/Debug-iphonesimulator/OPS.build/Objects-normal/arm64/CalendarProjectCard.o -index-store-path /Users/jacksonsweet/Library/Developer/Xcode/DerivedData/OPS-czavgtmnvamasvcjgszzuulfcsxj/Index.noindex/DataStore -index-system-modules

SwiftCompile normal arm64 /Users/jacksonsweet/Desktop/OPS\ APP/OPS/OPS/Views/Calendar\ Tab/Components/CalendarProjectCard.swift (in target 'OPS' from project 'OPS')
    cd /Users/jacksonsweet/Desktop/OPS\ APP/OPS
    /Applications/Xcode.app/Contents/Developer/Toolchains/XcodeDefault.xctoolchain/usr/bin/swift-frontend -c /Users/jacksonsweet/Desktop/OPS\ APP/OPS/OPS/DataModels/BubbleImage.swift /Users/jacksonsweet/Desktop/OPS\ APP/OPS/OPS/DataModels/BubbleTypes.swift /Users/jacksonsweet/Desktop/OPS\ APP/OPS/OPS/DataModels/Company.swift /Users/jacksonsweet/Desktop/OPS\ APP/OPS/OPS/DataModels/Project.swift /Users/jacksonsweet/Desktop/OPS\ APP/OPS/OPS/DataModels/Status.swift /Users/jacksonsweet/Desktop/OPS\ APP/OPS/OPS/DataModels/User.swift /Users/jacksonsweet/Desktop/OPS\ APP/OPS/OPS/DataModels/UserRole.swift /Users/jacksonsweet/Desktop/OPS\ APP/OPS/OPS/Extensions/UIImage+Extensions.swift /Users/jacksonsweet/Desktop/OPS\ APP/OPS/OPS/Network/API/APIError.swift /Users/jacksonsweet/Desktop/OPS\ APP/OPS/OPS/Network/API/APIService.swift /Users/jacksonsweet/Desktop/OPS\ APP/OPS/OPS/Network/API/BubbleFields.swift /Users/jacksonsweet/Desktop/OPS\ APP/OPS/OPS/Network/Auth/AuthError.swift /Users/jacksonsweet/Desktop/OPS\ APP/OPS/OPS/Network/Auth/AuthManager.swift /Users/jacksonsweet/Desktop/OPS\ APP/OPS/OPS/Network/Auth/KeychainManager.swift /Users/jacksonsweet/Desktop/OPS\ APP/OPS/OPS/Network/DTOs/CompanyDTO.swift /Users/jacksonsweet/Desktop/OPS\ APP/OPS/OPS/Network/DTOs/ProjectDTO.swift /Users/jacksonsweet/Desktop/OPS\ APP/OPS/OPS/Network/DTOs/UserDTO.swift /Users/jacksonsweet/Desktop/OPS\ APP/OPS/OPS/Network/Endpoints/CompanyEndpoints.swift /Users/jacksonsweet/Desktop/OPS\ APP/OPS/OPS/Network/Endpoints/ProjectEndpoints.swift /Users/jacksonsweet/Desktop/OPS\ APP/OPS/OPS/Network/Endpoints/UserEndpoints.swift /Users/jacksonsweet/Desktop/OPS\ APP/OPS/OPS/Network/Sync/BackgroundTaskManager.swift /Users/jacksonsweet/Desktop/OPS\ APP/OPS/OPS/Network/Sync/SyncManager.swift /Users/jacksonsweet/Desktop/OPS\ APP/OPS/OPS/Network/ConnectivityMonitor.swift /Users/jacksonsweet/Desktop/OPS\ APP/OPS/OPS/Network/ImageSyncManager.swift /Users/jacksonsweet/Desktop/OPS\ APP/OPS/OPS/Onboarding/Coordinators/OnboardingCoordinator.swift /Users/jacksonsweet/Desktop/OPS\ APP/OPS/OPS/Onboarding/Models/OnboardingModels.swift /Users/jacksonsweet/Desktop/OPS\ APP/OPS/OPS/Onboarding/Services/OnboardingService.swift /Users/jacksonsweet/Desktop/OPS\ APP/OPS/OPS/Onboarding/ViewModels/OnboardingViewModel.swift /Users/jacksonsweet/Desktop/OPS\ APP/OPS/OPS/Onboarding/Views/Components/OnboardingComponents.swift /Users/jacksonsweet/Desktop/OPS\ APP/OPS/OPS/Onboarding/Views/Screens/AccountCreatedView.swift /Users/jacksonsweet/Desktop/OPS\ APP/OPS/OPS/Onboarding/Views/Screens/CompanyCodeView.swift /Users/jacksonsweet/Desktop/OPS\ APP/OPS/OPS/Onboarding/Views/Screens/CompanyCodeViewPreview.swift /Users/jacksonsweet/Desktop/OPS\ APP/OPS/OPS/Onboarding/Views/Screens/CompletionView.swift /Users/jacksonsweet/Desktop/OPS\ APP/OPS/OPS/Onboarding/Views/Screens/CompletionViewPreview.swift /Users/jacksonsweet/Desktop/OPS\ APP/OPS/OPS/Onboarding/Views/Screens/EmailView.swift /Users/jacksonsweet/Desktop/OPS\ APP/OPS/OPS/Onboarding/Views/Screens/FieldSetupView.swift /Users/jacksonsweet/Desktop/OPS\ APP/OPS/OPS/Onboarding/Views/Screens/NotificationsView.swift /Users/jacksonsweet/Desktop/OPS\ APP/OPS/OPS/Onboarding/Views/Screens/NotificationsViewPreview.swift /Users/jacksonsweet/Desktop/OPS\ APP/OPS/OPS/Onboarding/Views/Screens/OrganizationJoinView.swift /Users/jacksonsweet/Desktop/OPS\ APP/OPS/OPS/Onboarding/Views/Screens/PasswordView.swift /Users/jacksonsweet/Desktop/OPS\ APP/OPS/OPS/Onboarding/Views/Screens/PasswordViewPreview.swift /Users/jacksonsweet/Desktop/OPS\ APP/OPS/OPS/Onboarding/Views/Screens/PermissionsView.swift /Users/jacksonsweet/Desktop/OPS\ APP/OPS/OPS/Onboarding/Views/Screens/PermissionsViewPreview.swift /Users/jacksonsweet/Desktop/OPS\ APP/OPS/OPS/Onboarding/Views/Screens/PhoneNumberView.swift /Users/jacksonsweet/Desktop/OPS\ APP/OPS/OPS/Onboarding/Views/Screens/PhoneNumberViewPreview.swift /Users/jacksonsweet/Desktop/OPS\ APP/OPS/OPS/Onboarding/Views/Screens/UserInfoView.swift /Users/jacksonsweet/Desktop/OPS\ APP/OPS/OPS/Onboarding/Views/Screens/UserInfoViewPreview.swift /Users/jacksonsweet/Desktop/OPS\ APP/OPS/OPS/Onboarding/Views/Screens/VerifyPhoneView.swift /Users/jacksonsweet/Desktop/OPS\ APP/OPS/OPS/Onboarding/Views/Screens/WelcomeCompanyView.swift /Users/jacksonsweet/Desktop/OPS\ APP/OPS/OPS/Onboarding/Views/Screens/WelcomeCompanyViewPreview.swift /Users/jacksonsweet/Desktop/OPS\ APP/OPS/OPS/Onboarding/Views/Screens/WelcomeView.swift /Users/jacksonsweet/Desktop/OPS\ APP/OPS/OPS/Onboarding/Views/Screens/WelcomeViewPreview.swift /Users/jacksonsweet/Desktop/OPS\ APP/OPS/OPS/Onboarding/Views/OnboardingContainerView.swift /Users/jacksonsweet/Desktop/OPS\ APP/OPS/OPS/Onboarding/Views/OnboardingFlowPreview.swift /Users/jacksonsweet/Desktop/OPS\ APP/OPS/OPS/Onboarding/Views/OnboardingPresenter.swift /Users/jacksonsweet/Desktop/OPS\ APP/OPS/OPS/Onboarding/Views/OnboardingPreviewHelpers.swift /Users/jacksonsweet/Desktop/OPS\ APP/OPS/OPS/Styles/OPSStyle.swift /Users/jacksonsweet/Desktop/OPS\ APP/OPS/OPS/Utilities/AppConfiguration.swift /Users/jacksonsweet/Desktop/OPS\ APP/OPS/OPS/Utilities/ArrayTransformer.swift /Users/jacksonsweet/Desktop/OPS\ APP/OPS/OPS/Utilities/DataController.swift /Users/jacksonsweet/Desktop/OPS\ APP/OPS/OPS/Utilities/Dateformatter\ +Bubble.swift /Users/jacksonsweet/Desktop/OPS\ APP/OPS/OPS/Utilities/DateHelper.swift /Users/jacksonsweet/Desktop/OPS\ APP/OPS/OPS/Utilities/FieldErrorHandler.swift /Users/jacksonsweet/Desktop/OPS\ APP/OPS/OPS/Utilities/ImageCache.swift /Users/jacksonsweet/Desktop/OPS\ APP/OPS/OPS/Utilities/ImageFileManager.swift -primary-file /Users/jacksonsweet/Desktop/OPS\ APP/OPS/OPS/Utilities/InProgressManager.swift -primary-file /Users/jacksonsweet/Desktop/OPS\ APP/OPS/OPS/Utilities/KeyboardDismissalModifier.swift -primary-file /Users/jacksonsweet/Desktop/OPS\ APP/OPS/OPS/Utilities/LocationManager.swift -primary-file /Users/jacksonsweet/Desktop/OPS\ APP/OPS/OPS/Utilities/OnboardingEnvironmentKey.swift -primary-file /Users/jacksonsweet/Desktop/OPS\ APP/OPS/OPS/Utilities/SwiftDataHelper.swift -primary-file /Users/jacksonsweet/Desktop/OPS\ APP/OPS/OPS/Utilities/UIComponents.swift -primary-file /Users/jacksonsweet/Desktop/OPS\ APP/OPS/OPS/V2/CertificationsSettingsView.swift -primary-file /Users/jacksonsweet/Desktop/OPS\ APP/OPS/OPS/ViewModels/CalendarViewModel.swift -primary-file /Users/jacksonsweet/Desktop/OPS\ APP/OPS/OPS/ViewModels/ProjectsViewModel.swift -primary-file /Users/jacksonsweet/Desktop/OPS\ APP/OPS/OPS/Views/Calendar\ Tab/Components/CalendarDaySelector.swift -primary-file /Users/jacksonsweet/Desktop/OPS\ APP/OPS/OPS/Views/Calendar\ Tab/Components/CalendarHeaderView.swift -primary-file /Users/jacksonsweet/Desktop/OPS\ APP/OPS/OPS/Views/Calendar\ Tab/Components/CalendarProjectCard.swift /Users/jacksonsweet/Desktop/OPS\ APP/OPS/OPS/Views/Calendar\ Tab/Components/CalendarToggleView.swift /Users/jacksonsweet/Desktop/OPS\ APP/OPS/OPS/Views/Calendar\ Tab/Components/DatePickerPopover.swift /Users/jacksonsweet/Desktop/OPS\ APP/OPS/OPS/Views/Calendar\ Tab/Components/DayCell.swift /Users/jacksonsweet/Desktop/OPS\ APP/OPS/OPS/Views/Calendar\ Tab/ProjectViews/DayProjectSheet.swift /Users/jacksonsweet/Desktop/OPS\ APP/OPS/OPS/Views/Calendar\ Tab/ProjectViews/ProjectListView.swift /Users/jacksonsweet/Desktop/OPS\ APP/OPS/OPS/Views/Calendar\ Tab/MonthGridView.swift /Users/jacksonsweet/Desktop/OPS\ APP/OPS/OPS/Views/Components/Common/AppHeader.swift /Users/jacksonsweet/Desktop/OPS\ APP/OPS/OPS/Views/Components/Common/ExpandableNotesView.swift /Users/jacksonsweet/Desktop/OPS\ APP/OPS/OPS/Views/Components/Common/LocationPermissionView.swift /Users/jacksonsweet/Desktop/OPS\ APP/OPS/OPS/Views/Components/Common/NavigationBanner.swift /Users/jacksonsweet/Desktop/OPS\ APP/OPS/OPS/Views/Components/Common/NavigationControlsView.swift /Users/jacksonsweet/Desktop/OPS\ APP/OPS/OPS/Views/Components/Common/TabBarBackground.swift /Users/jacksonsweet/Desktop/OPS\ APP/OPS/OPS/Views/Components/Images/ImagePicker.swift /Users/jacksonsweet/Desktop/OPS\ APP/OPS/OPS/Views/Components/Images/ImagePickerView.swift /Users/jacksonsweet/Desktop/OPS\ APP/OPS/OPS/Views/Components/Images/ProjectImagesSection.swift /Users/jacksonsweet/Desktop/OPS\ APP/OPS/OPS/Views/Components/Images/ProjectImagesSimple.swift /Users/jacksonsweet/Desktop/OPS\ APP/OPS/OPS/Views/Components/Images/ProjectImageView.swift /Users/jacksonsweet/Desktop/OPS\ APP/OPS/OPS/Views/Components/Images/ProjectPhotosGrid.swift /Users/jacksonsweet/Desktop/OPS\ APP/OPS/OPS/Views/Components/Map/MiniMapView.swift /Users/jacksonsweet/Desktop/OPS\ APP/OPS/OPS/Views/Components/Map/ProjectMapAnnotation.swift /Users/jacksonsweet/Desktop/OPS\ APP/OPS/OPS/Views/Components/Map/ProjectMapView.swift /Users/jacksonsweet/Desktop/OPS\ APP/OPS/OPS/Views/Components/Map/ProjectMarkerPopup.swift /Users/jacksonsweet/Desktop/OPS\ APP/OPS/OPS/Views/Components/Map/RouteDirectionsView.swift /Users/jacksonsweet/Desktop/OPS\ APP/OPS/OPS/Views/Components/Project/ProjectActionBar.swift /Users/jacksonsweet/Desktop/OPS\ APP/OPS/OPS/Views/Components/Project/ProjectCard.swift /Users/jacksonsweet/Desktop/OPS\ APP/OPS/OPS/Views/Components/Project/ProjectCarousel.swift /Users/jacksonsweet/Desktop/OPS\ APP/OPS/OPS/Views/Components/Project/ProjectDetailsView.swift /Users/jacksonsweet/Desktop/OPS\ APP/OPS/OPS/Views/Components/Project/ProjectHeader.swift /Users/jacksonsweet/Desktop/OPS\ APP/OPS/OPS/Views/Components/Project/ProjectSheetContainer.swift /Users/jacksonsweet/Desktop/OPS\ APP/OPS/OPS/Views/Components/User/TeamMemberListView.swift /Users/jacksonsweet/Desktop/OPS\ APP/OPS/OPS/Views/Components/User/UserProfileCard.swift /Users/jacksonsweet/Desktop/OPS\ APP/OPS/OPS/Views/Home/HomeContentView.swift /Users/jacksonsweet/Desktop/OPS\ APP/OPS/OPS/Views/Home/HomeView.swift /Users/jacksonsweet/Desktop/OPS\ APP/OPS/OPS/Views/Settings/OrganizationSettingsView.swift /Users/jacksonsweet/Desktop/OPS\ APP/OPS/OPS/Views/Settings/ProfileSettingsView.swift /Users/jacksonsweet/Desktop/OPS\ APP/OPS/OPS/Views/Settings/ProjectHistorySettingsView.swift /Users/jacksonsweet/Desktop/OPS\ APP/OPS/OPS/Views/LoginView.swift /Users/jacksonsweet/Desktop/OPS\ APP/OPS/OPS/Views/LoginViewPreview.swift /Users/jacksonsweet/Desktop/OPS\ APP/OPS/OPS/Views/MainTabView.swift /Users/jacksonsweet/Desktop/OPS\ APP/OPS/OPS/Views/NetworkStatusIndicator.swift /Users/jacksonsweet/Desktop/OPS\ APP/OPS/OPS/Views/ScheduleView.swift /Users/jacksonsweet/Desktop/OPS\ APP/OPS/OPS/Views/SettingsView.swift /Users/jacksonsweet/Desktop/OPS\ APP/OPS/OPS/Views/SplashScreen.swift /Users/jacksonsweet/Desktop/OPS\ APP/OPS/OPS/AppState.swift /Users/jacksonsweet/Desktop/OPS\ APP/OPS/OPS/ContentView.swift /Users/jacksonsweet/Desktop/OPS\ APP/OPS/OPS/Item.swift /Users/jacksonsweet/Desktop/OPS\ APP/OPS/OPS/OPSApp.swift /Users/jacksonsweet/Library/Developer/Xcode/DerivedData/OPS-czavgtmnvamasvcjgszzuulfcsxj/Build/Intermediates.noindex/OPS.build/Debug-iphonesimulator/OPS.build/DerivedSources/GeneratedAssetSymbols.swift -supplementary-output-file-map /Users/jacksonsweet/Library/Developer/Xcode/DerivedData/OPS-czavgtmnvamasvcjgszzuulfcsxj/Build/Intermediates.noindex/OPS.build/Debug-iphonesimulator/OPS.build/Objects-normal/arm64/supplementaryOutputs-6 -emit-localized-strings -emit-localized-strings-path /Users/jacksonsweet/Library/Developer/Xcode/DerivedData/OPS-czavgtmnvamasvcjgszzuulfcsxj/Build/Intermediates.noindex/OPS.build/Debug-iphonesimulator/OPS.build/Objects-normal/arm64 -target arm64-apple-ios18.2-simulator -Xllvm -aarch64-use-tbi -enable-objc-interop -sdk /Applications/Xcode.app/Contents/Developer/Platforms/iPhoneSimulator.platform/Developer/SDKs/iPhoneSimulator18.2.sdk -I /Users/jacksonsweet/Library/Developer/Xcode/DerivedData/OPS-czavgtmnvamasvcjgszzuulfcsxj/Build/Products/Debug-iphonesimulator -F /Users/jacksonsweet/Library/Developer/Xcode/DerivedData/OPS-czavgtmnvamasvcjgszzuulfcsxj/Build/Products/Debug-iphonesimulator -no-color-diagnostics -enable-testing -g -debug-info-format\=dwarf -dwarf-version\=5 -module-cache-path /Users/jacksonsweet/Library/Developer/Xcode/DerivedData/ModuleCache.noindex -profile-generate -profile-coverage-mapping -swift-version 5 -enforce-exclusivity\=checked -Onone -D DEBUG -serialize-debugging-options -const-gather-protocols-file /Users/jacksonsweet/Library/Developer/Xcode/DerivedData/OPS-czavgtmnvamasvcjgszzuulfcsxj/Build/Intermediates.noindex/OPS.build/Debug-iphonesimulator/OPS.build/Objects-normal/arm64/OPS_const_extract_protocols.json -enable-experimental-feature DebugDescriptionMacro -enable-experimental-feature OpaqueTypeErasure -enable-bare-slash-regex -empty-abi-descriptor -validate-clang-modules-once -clang-build-session-file /Users/jacksonsweet/Library/Developer/Xcode/DerivedData/ModuleCache.noindex/Session.modulevalidation -Xcc -working-directory -Xcc /Users/jacksonsweet/Desktop/OPS\ APP/OPS -resource-dir /Applications/Xcode.app/Contents/Developer/Toolchains/XcodeDefault.xctoolchain/usr/lib/swift -enable-anonymous-context-mangled-names -file-compilation-dir /Users/jacksonsweet/Desktop/OPS\ APP/OPS -Xcc -D_LIBCPP_HARDENING_MODE\=_LIBCPP_HARDENING_MODE_DEBUG -Xcc -ivfsstatcache -Xcc /Users/jacksonsweet/Library/Developer/Xcode/DerivedData/SDKStatCaches.noindex/iphonesimulator18.2-22C146-07b28473f605e47e75261259d3ef3b5a.sdkstatcache -Xcc -I/Users/jacksonsweet/Library/Developer/Xcode/DerivedData/OPS-czavgtmnvamasvcjgszzuulfcsxj/Build/Intermediates.noindex/OPS.build/Debug-iphonesimulator/OPS.build/swift-overrides.hmap -Xcc -iquote -Xcc /Users/jacksonsweet/Library/Developer/Xcode/DerivedData/OPS-czavgtmnvamasvcjgszzuulfcsxj/Build/Intermediates.noindex/OPS.build/Debug-iphonesimulator/OPS.build/OPS-generated-files.hmap -Xcc -I/Users/jacksonsweet/Library/Developer/Xcode/DerivedData/OPS-czavgtmnvamasvcjgszzuulfcsxj/Build/Intermediates.noindex/OPS.build/Debug-iphonesimulator/OPS.build/OPS-own-target-headers.hmap -Xcc -I/Users/jacksonsweet/Library/Developer/Xcode/DerivedData/OPS-czavgtmnvamasvcjgszzuulfcsxj/Build/Intermediates.noindex/OPS.build/Debug-iphonesimulator/OPS.build/OPS-all-target-headers.hmap -Xcc -iquote -Xcc /Users/jacksonsweet/Library/Developer/Xcode/DerivedData/OPS-czavgtmnvamasvcjgszzuulfcsxj/Build/Intermediates.noindex/OPS.build/Debug-iphonesimulator/OPS.build/OPS-project-headers.hmap -Xcc -I/Users/jacksonsweet/Library/Developer/Xcode/DerivedData/OPS-czavgtmnvamasvcjgszzuulfcsxj/Build/Products/Debug-iphonesimulator/include -Xcc -I/Users/jacksonsweet/Library/Developer/Xcode/DerivedData/OPS-czavgtmnvamasvcjgszzuulfcsxj/Build/Intermediates.noindex/OPS.build/Debug-iphonesimulator/OPS.build/DerivedSources-normal/arm64 -Xcc -I/Users/jacksonsweet/Library/Developer/Xcode/DerivedData/OPS-czavgtmnvamasvcjgszzuulfcsxj/Build/Intermediates.noindex/OPS.build/Debug-iphonesimulator/OPS.build/DerivedSources/arm64 -Xcc -I/Users/jacksonsweet/Library/Developer/Xcode/DerivedData/OPS-czavgtmnvamasvcjgszzuulfcsxj/Build/Intermediates.noindex/OPS.build/Debug-iphonesimulator/OPS.build/DerivedSources -Xcc -DDEBUG\=1 -module-name OPS -frontend-parseable-output -disable-clang-spi -target-sdk-version 18.2 -target-sdk-name iphonesimulator18.2 -external-plugin-path /Applications/Xcode.app/Contents/Developer/Platforms/iPhoneOS.platform/Developer/usr/lib/swift/host/plugins\#/Applications/Xcode.app/Contents/Developer/Platforms/iPhoneOS.platform/Developer/usr/bin/swift-plugin-server -external-plugin-path /Applications/Xcode.app/Contents/Developer/Platforms/iPhoneOS.platform/Developer/usr/local/lib/swift/host/plugins\#/Applications/Xcode.app/Contents/Developer/Platforms/iPhoneOS.platform/Developer/usr/bin/swift-plugin-server -plugin-path /Applications/Xcode.app/Contents/Developer/Toolchains/XcodeDefault.xctoolchain/usr/lib/swift/host/plugins -plugin-path /Applications/Xcode.app/Contents/Developer/Toolchains/XcodeDefault.xctoolchain/usr/local/lib/swift/host/plugins -o /Users/jacksonsweet/Library/Developer/Xcode/DerivedData/OPS-czavgtmnvamasvcjgszzuulfcsxj/Build/Intermediates.noindex/OPS.build/Debug-iphonesimulator/OPS.build/Objects-normal/arm64/InProgressManager.o -o /Users/jacksonsweet/Library/Developer/Xcode/DerivedData/OPS-czavgtmnvamasvcjgszzuulfcsxj/Build/Intermediates.noindex/OPS.build/Debug-iphonesimulator/OPS.build/Objects-normal/arm64/KeyboardDismissalModifier.o -o /Users/jacksonsweet/Library/Developer/Xcode/DerivedData/OPS-czavgtmnvamasvcjgszzuulfcsxj/Build/Intermediates.noindex/OPS.build/Debug-iphonesimulator/OPS.build/Objects-normal/arm64/LocationManager.o -o /Users/jacksonsweet/Library/Developer/Xcode/DerivedData/OPS-czavgtmnvamasvcjgszzuulfcsxj/Build/Intermediates.noindex/OPS.build/Debug-iphonesimulator/OPS.build/Objects-normal/arm64/OnboardingEnvironmentKey.o -o /Users/jacksonsweet/Library/Developer/Xcode/DerivedData/OPS-czavgtmnvamasvcjgszzuulfcsxj/Build/Intermediates.noindex/OPS.build/Debug-iphonesimulator/OPS.build/Objects-normal/arm64/SwiftDataHelper.o -o /Users/jacksonsweet/Library/Developer/Xcode/DerivedData/OPS-czavgtmnvamasvcjgszzuulfcsxj/Build/Intermediates.noindex/OPS.build/Debug-iphonesimulator/OPS.build/Objects-normal/arm64/UIComponents.o -o /Users/jacksonsweet/Library/Developer/Xcode/DerivedData/OPS-czavgtmnvamasvcjgszzuulfcsxj/Build/Intermediates.noindex/OPS.build/Debug-iphonesimulator/OPS.build/Objects-normal/arm64/CertificationsSettingsView.o -o /Users/jacksonsweet/Library/Developer/Xcode/DerivedData/OPS-czavgtmnvamasvcjgszzuulfcsxj/Build/Intermediates.noindex/OPS.build/Debug-iphonesimulator/OPS.build/Objects-normal/arm64/CalendarViewModel.o -o /Users/jacksonsweet/Library/Developer/Xcode/DerivedData/OPS-czavgtmnvamasvcjgszzuulfcsxj/Build/Intermediates.noindex/OPS.build/Debug-iphonesimulator/OPS.build/Objects-normal/arm64/ProjectsViewModel.o -o /Users/jacksonsweet/Library/Developer/Xcode/DerivedData/OPS-czavgtmnvamasvcjgszzuulfcsxj/Build/Intermediates.noindex/OPS.build/Debug-iphonesimulator/OPS.build/Objects-normal/arm64/CalendarDaySelector.o -o /Users/jacksonsweet/Library/Developer/Xcode/DerivedData/OPS-czavgtmnvamasvcjgszzuulfcsxj/Build/Intermediates.noindex/OPS.build/Debug-iphonesimulator/OPS.build/Objects-normal/arm64/CalendarHeaderView.o -o /Users/jacksonsweet/Library/Developer/Xcode/DerivedData/OPS-czavgtmnvamasvcjgszzuulfcsxj/Build/Intermediates.noindex/OPS.build/Debug-iphonesimulator/OPS.build/Objects-normal/arm64/CalendarProjectCard.o -index-unit-output-path /OPS.build/Debug-iphonesimulator/OPS.build/Objects-normal/arm64/InProgressManager.o -index-unit-output-path /OPS.build/Debug-iphonesimulator/OPS.build/Objects-normal/arm64/KeyboardDismissalModifier.o -index-unit-output-path /OPS.build/Debug-iphonesimulator/OPS.build/Objects-normal/arm64/LocationManager.o -index-unit-output-path /OPS.build/Debug-iphonesimulator/OPS.build/Objects-normal/arm64/OnboardingEnvironmentKey.o -index-unit-output-path /OPS.build/Debug-iphonesimulator/OPS.build/Objects-normal/arm64/SwiftDataHelper.o -index-unit-output-path /OPS.build/Debug-iphonesimulator/OPS.build/Objects-normal/arm64/UIComponents.o -index-unit-output-path /OPS.build/Debug-iphonesimulator/OPS.build/Objects-normal/arm64/CertificationsSettingsView.o -index-unit-output-path /OPS.build/Debug-iphonesimulator/OPS.build/Objects-normal/arm64/CalendarViewModel.o -index-unit-output-path /OPS.build/Debug-iphonesimulator/OPS.build/Objects-normal/arm64/ProjectsViewModel.o -index-unit-output-path /OPS.build/Debug-iphonesimulator/OPS.build/Objects-normal/arm64/CalendarDaySelector.o -index-unit-output-path /OPS.build/Debug-iphonesimulator/OPS.build/Objects-normal/arm64/CalendarHeaderView.o -index-unit-output-path /OPS.build/Debug-iphonesimulator/OPS.build/Objects-normal/arm64/CalendarProjectCard.o -index-store-path /Users/jacksonsweet/Library/Developer/Xcode/DerivedData/OPS-czavgtmnvamasvcjgszzuulfcsxj/Index.noindex/DataStore -index-system-modules

SwiftMergeGeneratedHeaders /Users/jacksonsweet/Library/Developer/Xcode/DerivedData/OPS-czavgtmnvamasvcjgszzuulfcsxj/Build/Intermediates.noindex/OPS.build/Debug-iphonesimulator/OPS.build/DerivedSources/OPS-Swift.h /Users/jacksonsweet/Library/Developer/Xcode/DerivedData/OPS-czavgtmnvamasvcjgszzuulfcsxj/Build/Intermediates.noindex/OPS.build/Debug-iphonesimulator/OPS.build/Objects-normal/arm64/OPS-Swift.h (in target 'OPS' from project 'OPS')
    cd /Users/jacksonsweet/Desktop/OPS\ APP/OPS
    builtin-swiftHeaderTool -arch arm64 /Users/jacksonsweet/Library/Developer/Xcode/DerivedData/OPS-czavgtmnvamasvcjgszzuulfcsxj/Build/Intermediates.noindex/OPS.build/Debug-iphonesimulator/OPS.build/Objects-normal/arm64/OPS-Swift.h -o /Users/jacksonsweet/Library/Developer/Xcode/DerivedData/OPS-czavgtmnvamasvcjgszzuulfcsxj/Build/Intermediates.noindex/OPS.build/Debug-iphonesimulator/OPS.build/DerivedSources/OPS-Swift.h

SwiftDriverJobDiscovery normal arm64 Compiling BubbleImage.swift, BubbleTypes.swift, Company.swift, Project.swift, Status.swift, User.swift, UserRole.swift, UIImage+Extensions.swift, APIError.swift, APIService.swift, BubbleFields.swift, AuthError.swift, AuthManager.swift (in target 'OPS' from project 'OPS')

Copy /Users/jacksonsweet/Library/Developer/Xcode/DerivedData/OPS-czavgtmnvamasvcjgszzuulfcsxj/Build/Products/Debug-iphonesimulator/OPS.swiftmodule/arm64-apple-ios-simulator.swiftmodule /Users/jacksonsweet/Library/Developer/Xcode/DerivedData/OPS-czavgtmnvamasvcjgszzuulfcsxj/Build/Intermediates.noindex/OPS.build/Debug-iphonesimulator/OPS.build/Objects-normal/arm64/OPS.swiftmodule (in target 'OPS' from project 'OPS')
    cd /Users/jacksonsweet/Desktop/OPS\ APP/OPS
    builtin-copy -exclude .DS_Store -exclude CVS -exclude .svn -exclude .git -exclude .hg -resolve-src-symlinks -rename /Users/jacksonsweet/Library/Developer/Xcode/DerivedData/OPS-czavgtmnvamasvcjgszzuulfcsxj/Build/Intermediates.noindex/OPS.build/Debug-iphonesimulator/OPS.build/Objects-normal/arm64/OPS.swiftmodule /Users/jacksonsweet/Library/Developer/Xcode/DerivedData/OPS-czavgtmnvamasvcjgszzuulfcsxj/Build/Products/Debug-iphonesimulator/OPS.swiftmodule/arm64-apple-ios-simulator.swiftmodule

Copy /Users/jacksonsweet/Library/Developer/Xcode/DerivedData/OPS-czavgtmnvamasvcjgszzuulfcsxj/Build/Products/Debug-iphonesimulator/OPS.swiftmodule/arm64-apple-ios-simulator.swiftdoc /Users/jacksonsweet/Library/Developer/Xcode/DerivedData/OPS-czavgtmnvamasvcjgszzuulfcsxj/Build/Intermediates.noindex/OPS.build/Debug-iphonesimulator/OPS.build/Objects-normal/arm64/OPS.swiftdoc (in target 'OPS' from project 'OPS')
    cd /Users/jacksonsweet/Desktop/OPS\ APP/OPS
    builtin-copy -exclude .DS_Store -exclude CVS -exclude .svn -exclude .git -exclude .hg -resolve-src-symlinks -rename /Users/jacksonsweet/Library/Developer/Xcode/DerivedData/OPS-czavgtmnvamasvcjgszzuulfcsxj/Build/Intermediates.noindex/OPS.build/Debug-iphonesimulator/OPS.build/Objects-normal/arm64/OPS.swiftdoc /Users/jacksonsweet/Library/Developer/Xcode/DerivedData/OPS-czavgtmnvamasvcjgszzuulfcsxj/Build/Products/Debug-iphonesimulator/OPS.swiftmodule/arm64-apple-ios-simulator.swiftdoc

Copy /Users/jacksonsweet/Library/Developer/Xcode/DerivedData/OPS-czavgtmnvamasvcjgszzuulfcsxj/Build/Products/Debug-iphonesimulator/OPS.swiftmodule/arm64-apple-ios-simulator.abi.json /Users/jacksonsweet/Library/Developer/Xcode/DerivedData/OPS-czavgtmnvamasvcjgszzuulfcsxj/Build/Intermediates.noindex/OPS.build/Debug-iphonesimulator/OPS.build/Objects-normal/arm64/OPS.abi.json (in target 'OPS' from project 'OPS')
    cd /Users/jacksonsweet/Desktop/OPS\ APP/OPS
    builtin-copy -exclude .DS_Store -exclude CVS -exclude .svn -exclude .git -exclude .hg -resolve-src-symlinks -rename /Users/jacksonsweet/Library/Developer/Xcode/DerivedData/OPS-czavgtmnvamasvcjgszzuulfcsxj/Build/Intermediates.noindex/OPS.build/Debug-iphonesimulator/OPS.build/Objects-normal/arm64/OPS.abi.json /Users/jacksonsweet/Library/Developer/Xcode/DerivedData/OPS-czavgtmnvamasvcjgszzuulfcsxj/Build/Products/Debug-iphonesimulator/OPS.swiftmodule/arm64-apple-ios-simulator.abi.json

Copy /Users/jacksonsweet/Library/Developer/Xcode/DerivedData/OPS-czavgtmnvamasvcjgszzuulfcsxj/Build/Products/Debug-iphonesimulator/OPS.swiftmodule/Project/arm64-apple-ios-simulator.swiftsourceinfo /Users/jacksonsweet/Library/Developer/Xcode/DerivedData/OPS-czavgtmnvamasvcjgszzuulfcsxj/Build/Intermediates.noindex/OPS.build/Debug-iphonesimulator/OPS.build/Objects-normal/arm64/OPS.swiftsourceinfo (in target 'OPS' from project 'OPS')
    cd /Users/jacksonsweet/Desktop/OPS\ APP/OPS
    builtin-copy -exclude .DS_Store -exclude CVS -exclude .svn -exclude .git -exclude .hg -resolve-src-symlinks -rename /Users/jacksonsweet/Library/Developer/Xcode/DerivedData/OPS-czavgtmnvamasvcjgszzuulfcsxj/Build/Intermediates.noindex/OPS.build/Debug-iphonesimulator/OPS.build/Objects-normal/arm64/OPS.swiftsourceinfo /Users/jacksonsweet/Library/Developer/Xcode/DerivedData/OPS-czavgtmnvamasvcjgszzuulfcsxj/Build/Products/Debug-iphonesimulator/OPS.swiftmodule/Project/arm64-apple-ios-simulator.swiftsourceinfo

ProcessInfoPlistFile /Users/jacksonsweet/Library/Developer/Xcode/DerivedData/OPS-czavgtmnvamasvcjgszzuulfcsxj/Build/Products/Debug-iphonesimulator/OPS.app/Info.plist /Users/jacksonsweet/Desktop/OPS\ APP/OPS/OPS/Info.plist (in target 'OPS' from project 'OPS')
    cd /Users/jacksonsweet/Desktop/OPS\ APP/OPS
    builtin-infoPlistUtility /Users/jacksonsweet/Desktop/OPS\ APP/OPS/OPS/Info.plist -producttype com.apple.product-type.application -genpkginfo /Users/jacksonsweet/Library/Developer/Xcode/DerivedData/OPS-czavgtmnvamasvcjgszzuulfcsxj/Build/Products/Debug-iphonesimulator/OPS.app/PkgInfo -expandbuildsettings -format binary -platform iphonesimulator -additionalcontentfile /Users/jacksonsweet/Library/Developer/Xcode/DerivedData/OPS-czavgtmnvamasvcjgszzuulfcsxj/Build/Intermediates.noindex/OPS.build/Debug-iphonesimulator/OPS.build/assetcatalog_generated_info.plist -o /Users/jacksonsweet/Library/Developer/Xcode/DerivedData/OPS-czavgtmnvamasvcjgszzuulfcsxj/Build/Products/Debug-iphonesimulator/OPS.app/Info.plist

SwiftDriverJobDiscovery normal arm64 Compiling KeychainManager.swift, CompanyDTO.swift, ProjectDTO.swift, UserDTO.swift, CompanyEndpoints.swift, ProjectEndpoints.swift, UserEndpoints.swift, BackgroundTaskManager.swift, SyncManager.swift, ConnectivityMonitor.swift, ImageSyncManager.swift, OnboardingCoordinator.swift, OnboardingModels.swift (in target 'OPS' from project 'OPS')

SwiftDriverJobDiscovery normal arm64 Compiling CalendarToggleView.swift, DatePickerPopover.swift, DayCell.swift, DayProjectSheet.swift, ProjectListView.swift, MonthGridView.swift, AppHeader.swift, ExpandableNotesView.swift, LocationPermissionView.swift, NavigationBanner.swift, NavigationControlsView.swift, TabBarBackground.swift (in target 'OPS' from project 'OPS')

SwiftDriverJobDiscovery normal arm64 Compiling LoginView.swift, LoginViewPreview.swift, MainTabView.swift, NetworkStatusIndicator.swift, ScheduleView.swift, SettingsView.swift, SplashScreen.swift, AppState.swift, ContentView.swift, Item.swift, OPSApp.swift, GeneratedAssetSymbols.swift (in target 'OPS' from project 'OPS')

SwiftDriverJobDiscovery normal arm64 Compiling InProgressManager.swift, KeyboardDismissalModifier.swift, LocationManager.swift, OnboardingEnvironmentKey.swift, SwiftDataHelper.swift, UIComponents.swift, CertificationsSettingsView.swift, CalendarViewModel.swift, ProjectsViewModel.swift, CalendarDaySelector.swift, CalendarHeaderView.swift, CalendarProjectCard.swift (in target 'OPS' from project 'OPS')

SwiftDriverJobDiscovery normal arm64 Compiling PasswordView.swift, PasswordViewPreview.swift, PermissionsView.swift, PermissionsViewPreview.swift, PhoneNumberView.swift, PhoneNumberViewPreview.swift, UserInfoView.swift, UserInfoViewPreview.swift, VerifyPhoneView.swift, WelcomeCompanyView.swift, WelcomeCompanyViewPreview.swift, WelcomeView.swift, WelcomeViewPreview.swift (in target 'OPS' from project 'OPS')

SwiftDriverJobDiscovery normal arm64 Compiling ImagePicker.swift, ImagePickerView.swift, ProjectImagesSection.swift, ProjectImagesSimple.swift, ProjectImageView.swift, ProjectPhotosGrid.swift, MiniMapView.swift, ProjectMapAnnotation.swift, ProjectMapView.swift, ProjectMarkerPopup.swift, RouteDirectionsView.swift, ProjectActionBar.swift (in target 'OPS' from project 'OPS')

SwiftDriverJobDiscovery normal arm64 Compiling ProjectCard.swift, ProjectCarousel.swift, ProjectDetailsView.swift, ProjectHeader.swift, ProjectSheetContainer.swift, TeamMemberListView.swift, UserProfileCard.swift, HomeContentView.swift, HomeView.swift, OrganizationSettingsView.swift, ProfileSettingsView.swift, ProjectHistorySettingsView.swift (in target 'OPS' from project 'OPS')

SwiftDriverJobDiscovery normal arm64 Compiling OnboardingService.swift, OnboardingViewModel.swift, OnboardingComponents.swift, AccountCreatedView.swift, CompanyCodeView.swift, CompanyCodeViewPreview.swift, CompletionView.swift, CompletionViewPreview.swift, EmailView.swift, FieldSetupView.swift, NotificationsView.swift, NotificationsViewPreview.swift, OrganizationJoinView.swift (in target 'OPS' from project 'OPS')

** BUILD FAILED **


The following build commands failed:
	SwiftCompile normal arm64 /Users/jacksonsweet/Desktop/OPS\ APP/OPS/OPS/Onboarding/Views/OnboardingContainerView.swift (in target 'OPS' from project 'OPS')
	SwiftCompile normal arm64 Compiling\ OnboardingContainerView.swift,\ OnboardingFlowPreview.swift,\ OnboardingPresenter.swift,\ OnboardingPreviewHelpers.swift,\ OPSStyle.swift,\ AppConfiguration.swift,\ ArrayTransformer.swift,\ DataController.swift,\ Dateformatter\ +Bubble.swift,\ DateHelper.swift,\ FieldErrorHandler.swift,\ ImageCache.swift,\ ImageFileManager.swift /Users/jacksonsweet/Desktop/OPS\ APP/OPS/OPS/Onboarding/Views/OnboardingContainerView.swift /Users/jacksonsweet/Desktop/OPS\ APP/OPS/OPS/Onboarding/Views/OnboardingFlowPreview.swift /Users/jacksonsweet/Desktop/OPS\ APP/OPS/OPS/Onboarding/Views/OnboardingPresenter.swift /Users/jacksonsweet/Desktop/OPS\ APP/OPS/OPS/Onboarding/Views/OnboardingPreviewHelpers.swift /Users/jacksonsweet/Desktop/OPS\ APP/OPS/OPS/Styles/OPSStyle.swift /Users/jacksonsweet/Desktop/OPS\ APP/OPS/OPS/Utilities/AppConfiguration.swift /Users/jacksonsweet/Desktop/OPS\ APP/OPS/OPS/Utilities/ArrayTransformer.swift /Users/jacksonsweet/Desktop/OPS\ APP/OPS/OPS/Utilities/DataController.swift /Users/jacksonsweet/Desktop/OPS\ APP/OPS/OPS/Utilities/Dateformatter\ +Bubble.swift /Users/jacksonsweet/Desktop/OPS\ APP/OPS/OPS/Utilities/DateHelper.swift /Users/jacksonsweet/Desktop/OPS\ APP/OPS/OPS/Utilities/FieldErrorHandler.swift /Users/jacksonsweet/Desktop/OPS\ APP/OPS/OPS/Utilities/ImageCache.swift /Users/jacksonsweet/Desktop/OPS\ APP/OPS/OPS/Utilities/ImageFileManager.swift (in target 'OPS' from project 'OPS')
	Building workspace OPS with scheme OPS
(3 failures)
