{"sub":"p7-reviewer","role":"authenticated"}

























{"sub":"p7-reviewer","role":"authenticated"}



{"sub":"p7-crew","role":"authenticated"}


{"sub":"p7-reviewer","role":"authenticated"}


{"sub":"p7-peer","role":"authenticated"}
{"sub":"p7-foreign","role":"authenticated"}


{"sub":"p7-reviewer","role":"authenticated"}














{"sub":"p7-reviewer","role":"authenticated"}
{"amount": 105, "actor_id": "77000000-0000-4000-8000-000000000010", "currency": "CAD", "company_id": "77000000-0000-4000-8000-000000000001", "expense_id": "77000000-0000-4000-8000-000000000210", "request_id": "77000000-0000-4000-8000-000000000510", "tax_amount": 5, "allocations": [{"amount": null, "percentage": 100, "project_id": "77000000-0000-4000-8000-000000000032"}], "category_id": "77000000-0000-4000-8000-000000000042", "description": "Original description", "expense_date": "2026-09-15", "submitted_by": "77000000-0000-4000-8000-000000000011", "merchant_name": "Original merchant", "payment_method": "personal_card", "correction_note": "  ", "expected_status": "submitted", "expected_updated_at": "2026-09-15T03:32:16.486777+00:00", "project_missing_note": null, "project_missing_reason": null}
false
1


{"sub":"p7-crew","role":"authenticated"}
submitted




{"sub":"p7-reviewer","role":"authenticated"}
false
{"sub":"p7-crew","role":"authenticated"}
submitted


{"sub":"p7-reviewer","role":"authenticated"}
false





{"sub":"p7-crew","role":"authenticated"}
approved




{"sub":"p7-reviewer","role":"authenticated"}



{"sub":"p7-reviewer","role":"authenticated"}





69 expense correction assertions passed
